  **** HLS Build v2025.2 6295257
INFO: [HLS 200-2005] Using work_dir /home/nat/dev/trinners/mai_proj/hls/thesis-gcn-accelerator/vitis/integrated_gcn/spmm_kernel/spmm_stage 
INFO: [HLS 200-2176] Writing Vitis IDE component file /home/nat/dev/trinners/mai_proj/hls/thesis-gcn-accelerator/vitis/integrated_gcn/spmm_kernel/spmm_stage/vitis-comp.json
INFO: [HLS 200-10] Creating and opening component '/home/nat/dev/trinners/mai_proj/hls/thesis-gcn-accelerator/vitis/integrated_gcn/spmm_kernel/spmm_stage'.
INFO: [HLS 200-1505] Using default flow_target 'vivado'
Resolution: For help on HLS 200-1505 see docs.amd.com/access/sources/dita/topic?Doc_Version=2025.2%20English&url=ug1448-hls-guidance&resourceid=200-1505.html
INFO: [HLS 200-2174] Applying component config ini file hls_config.cfg
INFO: [HLS 200-1465] Applying config ini 'syn.file=/home/nat/dev/trinners/mai_proj/hls/thesis-gcn-accelerator/src/integrated-gcn/spmm_stage.cpp' from hls_config.cfg(8)
INFO: [HLS 200-10] Adding design file '/home/nat/dev/trinners/mai_proj/hls/thesis-gcn-accelerator/src/integrated-gcn/spmm_stage.cpp' to the project
INFO: [HLS 200-1465] Applying config ini 'syn.top=spmm_stage' from hls_config.cfg(7)
INFO: [HLS 200-1465] Applying config ini 'flow_target=vivado' from hls_config.cfg(4)
INFO: [HLS 200-1505] Using flow_target 'vivado'
Resolution: For help on HLS 200-1505 see docs.amd.com/access/sources/dita/topic?Doc_Version=2025.2%20English&url=ug1448-hls-guidance&resourceid=200-1505.html
INFO: [HLS 200-1465] Applying config ini 'part=xck26-sfvc784-2LV-c' from hls_config.cfg(1)
INFO: [HLS 200-1611] Setting target device to 'xck26-sfvc784-2LV-c'
INFO: [HLS 200-1465] Applying config ini 'clock=10' from hls_config.cfg(9)
INFO: [SYN 201-201] Setting up clock 'default' with a period of 10ns.
INFO: [HLS 200-1465] Applying config ini 'package.output.format=ip_catalog' from hls_config.cfg(5)
INFO: [HLS 200-2176] Writing Vitis IDE component file /home/nat/dev/trinners/mai_proj/hls/thesis-gcn-accelerator/vitis/integrated_gcn/spmm_kernel/spmm_stage/vitis-comp.json
INFO: [HLS 200-111] Finished File checks and directory preparation: CPU user time: 1.05 seconds. CPU system time: 0.26 seconds. Elapsed time: 1.18 seconds; current allocated memory: 273.156 MB.
INFO: [HLS 200-2191] C-Synthesis will use clang-16 as the compiler
INFO: [HLS 200-10] Analyzing design file '/home/nat/dev/trinners/mai_proj/hls/thesis-gcn-accelerator/src/integrated-gcn/spmm_stage.cpp' ... 
INFO: [HLS 200-111] Finished Source Code Analysis and Preprocessing: CPU user time: 2.95 seconds. CPU system time: 0.47 seconds. Elapsed time: 3.42 seconds; current allocated memory: 275.711 MB.
INFO: [HLS 200-777] Using interface defaults for 'Vivado' flow target.
INFO: [HLS 200-1995] There were 932 instructions in the design after the 'Compile/Link' phase of compilation. See the Design Size Report for more details (/home/nat/dev/trinners/mai_proj/hls/thesis-gcn-accelerator/vitis/integrated_gcn/spmm_kernel/spmm_stage/hls/syn/report/csynth_design_size.rpt:2)
INFO: [HLS 200-1995] There were 2,952 instructions in the design after the 'Unroll/Inline (step 1)' phase of compilation. See the Design Size Report for more details (/home/nat/dev/trinners/mai_proj/hls/thesis-gcn-accelerator/vitis/integrated_gcn/spmm_kernel/spmm_stage/hls/syn/report/csynth_design_size.rpt:2)
INFO: [HLS 200-1995] There were 1,515 instructions in the design after the 'Unroll/Inline (step 2)' phase of compilation. See the Design Size Report for more details (/home/nat/dev/trinners/mai_proj/hls/thesis-gcn-accelerator/vitis/integrated_gcn/spmm_kernel/spmm_stage/hls/syn/report/csynth_design_size.rpt:2)
INFO: [HLS 200-1995] There were 1,292 instructions in the design after the 'Unroll/Inline (step 3)' phase of compilation. See the Design Size Report for more details (/home/nat/dev/trinners/mai_proj/hls/thesis-gcn-accelerator/vitis/integrated_gcn/spmm_kernel/spmm_stage/hls/syn/report/csynth_design_size.rpt:2)
INFO: [HLS 200-1995] There were 1,098 instructions in the design after the 'Unroll/Inline (step 4)' phase of compilation. See the Design Size Report for more details (/home/nat/dev/trinners/mai_proj/hls/thesis-gcn-accelerator/vitis/integrated_gcn/spmm_kernel/spmm_stage/hls/syn/report/csynth_design_size.rpt:2)
INFO: [HLS 200-1995] There were 6,838 instructions in the design after the 'Array/Struct (step 1)' phase of compilation. See the Design Size Report for more details (/home/nat/dev/trinners/mai_proj/hls/thesis-gcn-accelerator/vitis/integrated_gcn/spmm_kernel/spmm_stage/hls/syn/report/csynth_design_size.rpt:2)
INFO: [HLS 200-1995] There were 1,348 instructions in the design after the 'Array/Struct (step 2)' phase of compilation. See the Design Size Report for more details (/home/nat/dev/trinners/mai_proj/hls/thesis-gcn-accelerator/vitis/integrated_gcn/spmm_kernel/spmm_stage/hls/syn/report/csynth_design_size.rpt:2)
INFO: [HLS 200-1995] There were 1,459 instructions in the design after the 'Array/Struct (step 3)' phase of compilation. See the Design Size Report for more details (/home/nat/dev/trinners/mai_proj/hls/thesis-gcn-accelerator/vitis/integrated_gcn/spmm_kernel/spmm_stage/hls/syn/report/csynth_design_size.rpt:2)
INFO: [HLS 200-1995] There were 1,839 instructions in the design after the 'Array/Struct (step 4)' phase of compilation. See the Design Size Report for more details (/home/nat/dev/trinners/mai_proj/hls/thesis-gcn-accelerator/vitis/integrated_gcn/spmm_kernel/spmm_stage/hls/syn/report/csynth_design_size.rpt:2)
INFO: [HLS 200-1995] There were 1,844 instructions in the design after the 'Array/Struct (step 5)' phase of compilation. See the Design Size Report for more details (/home/nat/dev/trinners/mai_proj/hls/thesis-gcn-accelerator/vitis/integrated_gcn/spmm_kernel/spmm_stage/hls/syn/report/csynth_design_size.rpt:2)
INFO: [HLS 200-1995] There were 1,777 instructions in the design after the 'Performance (step 1)' phase of compilation. See the Design Size Report for more details (/home/nat/dev/trinners/mai_proj/hls/thesis-gcn-accelerator/vitis/integrated_gcn/spmm_kernel/spmm_stage/hls/syn/report/csynth_design_size.rpt:2)
INFO: [HLS 200-1995] There were 1,776 instructions in the design after the 'Performance (step 2)' phase of compilation. See the Design Size Report for more details (/home/nat/dev/trinners/mai_proj/hls/thesis-gcn-accelerator/vitis/integrated_gcn/spmm_kernel/spmm_stage/hls/syn/report/csynth_design_size.rpt:2)
INFO: [HLS 200-1995] There were 1,775 instructions in the design after the 'Performance (step 3)' phase of compilation. See the Design Size Report for more details (/home/nat/dev/trinners/mai_proj/hls/thesis-gcn-accelerator/vitis/integrated_gcn/spmm_kernel/spmm_stage/hls/syn/report/csynth_design_size.rpt:2)
INFO: [HLS 200-1995] There were 1,775 instructions in the design after the 'Performance (step 4)' phase of compilation. See the Design Size Report for more details (/home/nat/dev/trinners/mai_proj/hls/thesis-gcn-accelerator/vitis/integrated_gcn/spmm_kernel/spmm_stage/hls/syn/report/csynth_design_size.rpt:2)
INFO: [HLS 200-1995] There were 1,707 instructions in the design after the 'HW Transforms (step 1)' phase of compilation. See the Design Size Report for more details (/home/nat/dev/trinners/mai_proj/hls/thesis-gcn-accelerator/vitis/integrated_gcn/spmm_kernel/spmm_stage/hls/syn/report/csynth_design_size.rpt:2)
INFO: [HLS 200-1995] There were 1,771 instructions in the design after the 'HW Transforms (step 2)' phase of compilation. See the Design Size Report for more details (/home/nat/dev/trinners/mai_proj/hls/thesis-gcn-accelerator/vitis/integrated_gcn/spmm_kernel/spmm_stage/hls/syn/report/csynth_design_size.rpt:2)
INFO: [HLS 214-291] Loop 'VITIS_LOOP_65_1' is marked as complete unroll implied by the pipeline pragma (src/integrated-gcn/spmm_stage.cpp:65:34)
INFO: [HLS 214-188] Unrolling loop 'SPMM_INIT' (src/integrated-gcn/spmm_stage.cpp:48:9) in function 'spmm_compute' partially with a factor of 32 (src/integrated-gcn/spmm_stage.cpp:36:0)
INFO: [HLS 214-186] Unrolling loop 'VITIS_LOOP_65_1' (src/integrated-gcn/spmm_stage.cpp:65:34) in function 'spmm_compute' completely with a factor of 32 (src/integrated-gcn/spmm_stage.cpp:36:0)
INFO: [HLS 214-188] Unrolling loop 'SPMM_MAC' (src/integrated-gcn/spmm_stage.cpp:72:13) in function 'spmm_compute' partially with a factor of 32 (src/integrated-gcn/spmm_stage.cpp:36:0)
INFO: [HLS 214-178] Inlining function 'std::__array_traits<ap_fixed<16, 6, (ap_q_mode)5, (ap_o_mode)3, 0>, 32ul>::_S_ref(ap_fixed<16, 6, (ap_q_mode)5, (ap_o_mode)3, 0> const (&) [32], unsigned long)' into 'std::array<ap_fixed<16, 6, (ap_q_mode)5, (ap_o_mode)3, 0>, 32ul>::operator[](unsigned long)' (/opt/Xilinx/2025.2/Vitis/tps/lnx64/gcc-8.3.0/lib/gcc/x86_64-pc-linux-gnu/8.3.0/../../../../include/c++/8.3.0/array:186:0)
INFO: [HLS 214-178] Inlining function 'std::array<ap_fixed<16, 6, (ap_q_mode)5, (ap_o_mode)3, 0>, 32ul>::operator[](unsigned long)' into 'spmm_compute(hls::vector<ap_fixed<16, 6, (ap_q_mode)5, (ap_o_mode)3, 0>, 32ul>*, hls::stream<int, 0>&, hls::stream<int, 0>&, hls::stream<ap_fixed<16, 6, (ap_q_mode)5, (ap_o_mode)3, 0>, 0>&, hls::stream<ap_fixed<16, 6, (ap_q_mode)5, (ap_o_mode)3, 0>, 0>&)' (src/integrated-gcn/spmm_stage.cpp:36:0)
INFO: [HLS 214-178] Inlining function 'std::array<ap_fixed<16, 6, (ap_q_mode)5, (ap_o_mode)3, 0>, 32ul>::operator[](unsigned long)' into 'spmm_store(hls::vector<ap_fixed<16, 6, (ap_q_mode)5, (ap_o_mode)3, 0>, 32ul>*, hls::stream<ap_fixed<16, 6, (ap_q_mode)5, (ap_o_mode)3, 0>, 0>&)' (src/integrated-gcn/spmm_stage.cpp:90:0)
WARNING: [HLS 214-464] Skipping array undecay on variable length array 'row_length'. (src/integrated-gcn/spmm_stage.cpp:115:0)
WARNING: [HLS 214-464] Skipping array undecay on variable length array 'colind'. (src/integrated-gcn/spmm_stage.cpp:115:0)
WARNING: [HLS 214-464] Skipping array undecay on variable length array 'values'. (src/integrated-gcn/spmm_stage.cpp:115:0)
WARNING: [HLS 214-464] Skipping array undecay on variable length array 'H_temp'. (src/integrated-gcn/spmm_stage.cpp:115:0)
WARNING: [HLS 214-464] Skipping array undecay on variable length array 'H_out'. (src/integrated-gcn/spmm_stage.cpp:115:0)
INFO: [HLS 214-248] Applying array_partition to 'acc': Cyclic partitioning with factor 32 on dimension 1. (src/integrated-gcn/spmm_stage.cpp:37:13)
INFO: [HLS 214-248] Applying array_partition to 'h_buf': Cyclic partitioning with factor 32 on dimension 1. (src/integrated-gcn/spmm_stage.cpp:38:11)
INFO: [HLS 214-241] Aggregating maxi variable 'H_temp' with compact=none mode in 512-bits (src/integrated-gcn/spmm_stage.cpp:115:0)
INFO: [HLS 214-241] Aggregating maxi variable 'H_out' with compact=none mode in 512-bits (src/integrated-gcn/spmm_stage.cpp:115:0)
INFO: [HLS 214-241] Aggregating scalar variable 'out_vec' with compact=bit mode in 512-bits (src/integrated-gcn/spmm_stage.cpp:91:31)
INFO: [HLS 214-115] Multiple burst reads of length 2708 and bit width 32 in loop 'LOAD_ROWS'(src/integrated-gcn/spmm_stage.cpp:17:5) has been inferred on bundle 'gmem0'. These burst requests might be further partitioned into multiple requests during RTL generation, based on max_read_burst_length or max_write_burst_length settings. (src/integrated-gcn/spmm_stage.cpp:17:5)
INFO: [HLS 214-115] Multiple burst reads of variable length and bit width 32 in loop 'LOAD_NNZ'(src/integrated-gcn/spmm_stage.cpp:23:5) has been inferred on bundle 'gmem1'. These burst requests might be further partitioned into multiple requests during RTL generation, based on max_read_burst_length or max_write_burst_length settings. (src/integrated-gcn/spmm_stage.cpp:23:5)
INFO: [HLS 214-115] Multiple burst reads of variable length and bit width 16 in loop 'LOAD_NNZ'(src/integrated-gcn/spmm_stage.cpp:23:5) has been inferred on bundle 'gmem2'. These burst requests might be further partitioned into multiple requests during RTL generation, based on max_read_burst_length or max_write_burst_length settings. (src/integrated-gcn/spmm_stage.cpp:23:5)
INFO: [HLS 214-115] Multiple burst reads of length 2 and bit width 512 in loop 'SPMM_LOAD_H'(src/integrated-gcn/spmm_stage.cpp:62:13) has been inferred on bundle 'gmem3'. These burst requests might be further partitioned into multiple requests during RTL generation, based on max_read_burst_length or max_write_burst_length settings. (src/integrated-gcn/spmm_stage.cpp:62:13)
INFO: [HLS 200-111] Finished Compiling Optimization and Transform: CPU user time: 2.1 seconds. CPU system time: 0.41 seconds. Elapsed time: 6.84 seconds; current allocated memory: 278.035 MB.
INFO: [HLS 200-111] Finished Checking Pragmas: CPU user time: 0 seconds. CPU system time: 0 seconds. Elapsed time: 0 seconds; current allocated memory: 278.035 MB.
INFO: [HLS 200-10] Starting code transformations ...
INFO: [HLS 200-111] Finished Standard Transforms: CPU user time: 0.05 seconds. CPU system time: 0.01 seconds. Elapsed time: 0.05 seconds; current allocated memory: 279.719 MB.
INFO: [HLS 200-10] Checking synthesizability ...
INFO: [HLS 200-111] Finished Checking Synthesizability: CPU user time: 0.07 seconds. CPU system time: 0 seconds. Elapsed time: 0.07 seconds; current allocated memory: 281.527 MB.
INFO: [XFORM 203-712] Applying dataflow to function 'spmm_stage' (src/integrated-gcn/spmm_stage.cpp:108:1), detected/extracted 4 process function(s): 
	 'entry_proc'
	 'spmm_load_csr'
	 'spmm_compute'
	 'spmm_store'.
INFO: [HLS 200-111] Finished Loop, function and other optimizations: CPU user time: 0.18 seconds. CPU system time: 0.01 seconds. Elapsed time: 0.19 seconds; current allocated memory: 306.992 MB.
INFO: [HLS 200-2061] Successfully converted nested loops 'SPMM_STORE_ROW'(src/integrated-gcn/spmm_stage.cpp:94:5) and 'SPMM_STORE_FEAT'(src/integrated-gcn/spmm_stage.cpp:96:9) in function 'spmm_store' into perfectly nested loops.
INFO: [XFORM 203-541] Flattening a loop nest 'SPMM_STORE_ROW' (src/integrated-gcn/spmm_stage.cpp:94:5) in function 'spmm_store'.
WARNING: [HLS 200-1449] Process spmm_compute has both a predecessor and reads an input from its caller (see the GUI dataflow viewer). This may lead to lower throughput. Consider copying this input via a predecessor process.
INFO: [HLS 200-111] Finished Architecture Synthesis: CPU user time: 0.15 seconds. CPU system time: 0.02 seconds. Elapsed time: 0.18 seconds; current allocated memory: 394.078 MB.
INFO: [HLS 200-10] Starting hardware synthesis ...
INFO: [HLS 200-10] Synthesizing 'spmm_stage' ...
INFO: [HLS 200-10] ----------------------------------------------------------------
INFO: [HLS 200-42] -- Implementing module 'entry_proc' 
INFO: [HLS 200-10] ----------------------------------------------------------------
INFO: [SCHED 204-11] Starting scheduling ...
INFO: [SCHED 204-11] Finished scheduling.
INFO: [HLS 200-111] Finished Scheduling: CPU user time: 0.03 seconds. CPU system time: 0.02 seconds. Elapsed time: 0.06 seconds; current allocated memory: 394.078 MB.
INFO: [BIND 205-100] Starting micro-architecture generation ...
INFO: [BIND 205-101] Performing variable lifetime analysis.
INFO: [BIND 205-101] Exploring resource sharing.
INFO: [BIND 205-101] Binding ...
INFO: [BIND 205-100] Finished micro-architecture generation.
INFO: [HLS 200-111] Finished Binding: CPU user time: 0.01 seconds. CPU system time: 0 seconds. Elapsed time: 0 seconds; current allocated memory: 394.078 MB.
INFO: [HLS 200-10] ----------------------------------------------------------------
INFO: [HLS 200-42] -- Implementing module 'spmm_load_csr_Pipeline_LOAD_ROWS' 
INFO: [HLS 200-10] ----------------------------------------------------------------
INFO: [SCHED 204-11] Starting scheduling ...
INFO: [SCHED 204-61] Pipelining loop 'LOAD_ROWS'.
INFO: [HLS 200-1470] Pipelining result : Target II = 1, Final II = 1, Depth = 3, loop 'LOAD_ROWS'
INFO: [SCHED 204-11] Finished scheduling.
INFO: [HLS 200-111] Finished Scheduling: CPU user time: 0.01 seconds. CPU system time: 0 seconds. Elapsed time: 0.01 seconds; current allocated memory: 395.012 MB.
INFO: [BIND 205-100] Starting micro-architecture generation ...
INFO: [BIND 205-101] Performing variable lifetime analysis.
INFO: [BIND 205-101] Exploring resource sharing.
INFO: [BIND 205-101] Binding ...
INFO: [BIND 205-100] Finished micro-architecture generation.
INFO: [HLS 200-111] Finished Binding: CPU user time: 0 seconds. CPU system time: 0 seconds. Elapsed time: 0.01 seconds; current allocated memory: 395.012 MB.
INFO: [HLS 200-10] ----------------------------------------------------------------
INFO: [HLS 200-42] -- Implementing module 'spmm_load_csr_Pipeline_LOAD_NNZ' 
INFO: [HLS 200-10] ----------------------------------------------------------------
INFO: [SCHED 204-11] Starting scheduling ...
INFO: [SCHED 204-61] Pipelining loop 'LOAD_NNZ'.
INFO: [HLS 200-1470] Pipelining result : Target II = 1, Final II = 1, Depth = 3, loop 'LOAD_NNZ'
INFO: [SCHED 204-11] Finished scheduling.
INFO: [HLS 200-111] Finished Scheduling: CPU user time: 0.01 seconds. CPU system time: 0 seconds. Elapsed time: 0.01 seconds; current allocated memory: 395.020 MB.
INFO: [BIND 205-100] Starting micro-architecture generation ...
INFO: [BIND 205-101] Performing variable lifetime analysis.
INFO: [BIND 205-101] Exploring resource sharing.
INFO: [BIND 205-101] Binding ...
INFO: [BIND 205-100] Finished micro-architecture generation.
INFO: [HLS 200-111] Finished Binding: CPU user time: 0.01 seconds. CPU system time: 0 seconds. Elapsed time: 0.01 seconds; current allocated memory: 395.020 MB.
INFO: [HLS 200-10] ----------------------------------------------------------------
INFO: [HLS 200-42] -- Implementing module 'spmm_load_csr' 
INFO: [HLS 200-10] ----------------------------------------------------------------
INFO: [SCHED 204-11] Starting scheduling ...
INFO: [SCHED 204-11] Finished scheduling.
INFO: [HLS 200-111] Finished Scheduling: CPU user time: 0.01 seconds. CPU system time: 0 seconds. Elapsed time: 0.01 seconds; current allocated memory: 395.020 MB.
INFO: [BIND 205-100] Starting micro-architecture generation ...
INFO: [BIND 205-101] Performing variable lifetime analysis.
INFO: [BIND 205-101] Exploring resource sharing.
INFO: [BIND 205-101] Binding ...
INFO: [BIND 205-100] Finished micro-architecture generation.
INFO: [HLS 200-111] Finished Binding: CPU user time: 0 seconds. CPU system time: 0 seconds. Elapsed time: 0 seconds; current allocated memory: 395.020 MB.
INFO: [HLS 200-10] ----------------------------------------------------------------
INFO: [HLS 200-42] -- Implementing module 'spmm_compute_Pipeline_SPMM_INIT' 
INFO: [HLS 200-10] ----------------------------------------------------------------
INFO: [SCHED 204-11] Starting scheduling ...
INFO: [SCHED 204-61] Pipelining loop 'SPMM_INIT'.
INFO: [HLS 200-1470] Pipelining result : Target II = 1, Final II = 1, Depth = 1, loop 'SPMM_INIT'
INFO: [SCHED 204-11] Finished scheduling.
INFO: [HLS 200-111] Finished Scheduling: CPU user time: 0.02 seconds. CPU system time: 0 seconds. Elapsed time: 0.02 seconds; current allocated memory: 395.832 MB.
INFO: [BIND 205-100] Starting micro-architecture generation ...
INFO: [BIND 205-101] Performing variable lifetime analysis.
INFO: [BIND 205-101] Exploring resource sharing.
INFO: [BIND 205-101] Binding ...
INFO: [BIND 205-100] Finished micro-architecture generation.
INFO: [HLS 200-111] Finished Binding: CPU user time: 0.02 seconds. CPU system time: 0 seconds. Elapsed time: 0.02 seconds; current allocated memory: 395.832 MB.
INFO: [HLS 200-10] ----------------------------------------------------------------
INFO: [HLS 200-42] -- Implementing module 'spmm_compute_Pipeline_SPMM_LOAD_H' 
INFO: [HLS 200-10] ----------------------------------------------------------------
INFO: [SCHED 204-11] Starting scheduling ...
INFO: [SCHED 204-61] Pipelining loop 'SPMM_LOAD_H'.
INFO: [HLS 200-1470] Pipelining result : Target II = 1, Final II = 1, Depth = 3, loop 'SPMM_LOAD_H'
INFO: [SCHED 204-11] Finished scheduling.
INFO: [HLS 200-111] Finished Scheduling: CPU user time: 0.03 seconds. CPU system time: 0 seconds. Elapsed time: 0.03 seconds; current allocated memory: 396.977 MB.
INFO: [BIND 205-100] Starting micro-architecture generation ...
INFO: [BIND 205-101] Performing variable lifetime analysis.
INFO: [BIND 205-101] Exploring resource sharing.
INFO: [BIND 205-101] Binding ...
INFO: [BIND 205-100] Finished micro-architecture generation.
INFO: [HLS 200-111] Finished Binding: CPU user time: 0.02 seconds. CPU system time: 0 seconds. Elapsed time: 0.02 seconds; current allocated memory: 396.977 MB.
INFO: [HLS 200-10] ----------------------------------------------------------------
INFO: [HLS 200-42] -- Implementing module 'spmm_compute_Pipeline_SPMM_MAC' 
INFO: [HLS 200-10] ----------------------------------------------------------------
INFO: [SCHED 204-11] Starting scheduling ...
INFO: [SCHED 204-61] Pipelining loop 'SPMM_MAC'.
INFO: [HLS 200-1470] Pipelining result : Target II = 1, Final II = 1, Depth = 2, loop 'SPMM_MAC'
INFO: [SCHED 204-11] Finished scheduling.
INFO: [HLS 200-111] Finished Scheduling: CPU user time: 0.09 seconds. CPU system time: 0 seconds. Elapsed time: 0.1 seconds; current allocated memory: 399.816 MB.
INFO: [BIND 205-100] Starting micro-architecture generation ...
INFO: [BIND 205-101] Performing variable lifetime analysis.
INFO: [BIND 205-101] Exploring resource sharing.
INFO: [BIND 205-101] Binding ...
INFO: [BIND 205-100] Finished micro-architecture generation.
INFO: [HLS 200-111] Finished Binding: CPU user time: 0.03 seconds. CPU system time: 0 seconds. Elapsed time: 0.03 seconds; current allocated memory: 399.816 MB.
INFO: [HLS 200-10] ----------------------------------------------------------------
INFO: [HLS 200-42] -- Implementing module 'spmm_compute_Pipeline_SPMM_WRITE' 
INFO: [HLS 200-10] ----------------------------------------------------------------
INFO: [SCHED 204-11] Starting scheduling ...
INFO: [SCHED 204-61] Pipelining loop 'SPMM_WRITE'.
INFO: [HLS 200-1470] Pipelining result : Target II = 1, Final II = 1, Depth = 2, loop 'SPMM_WRITE'
INFO: [SCHED 204-11] Finished scheduling.
INFO: [HLS 200-111] Finished Scheduling: CPU user time: 0.02 seconds. CPU system time: 0.01 seconds. Elapsed time: 0.04 seconds; current allocated memory: 400.699 MB.
INFO: [BIND 205-100] Starting micro-architecture generation ...
INFO: [BIND 205-101] Performing variable lifetime analysis.
INFO: [BIND 205-101] Exploring resource sharing.
INFO: [BIND 205-101] Binding ...
INFO: [BIND 205-100] Finished micro-architecture generation.
INFO: [HLS 200-111] Finished Binding: CPU user time: 0.01 seconds. CPU system time: 0 seconds. Elapsed time: 0.01 seconds; current allocated memory: 400.699 MB.
INFO: [HLS 200-10] ----------------------------------------------------------------
INFO: [HLS 200-42] -- Implementing module 'spmm_compute' 
INFO: [HLS 200-10] ----------------------------------------------------------------
INFO: [SCHED 204-11] Starting scheduling ...
INFO: [SCHED 204-11] Finished scheduling.
INFO: [HLS 200-111] Finished Scheduling: CPU user time: 0.03 seconds. CPU system time: 0 seconds. Elapsed time: 0.02 seconds; current allocated memory: 401.898 MB.
INFO: [BIND 205-100] Starting micro-architecture generation ...
INFO: [BIND 205-101] Performing variable lifetime analysis.
INFO: [BIND 205-101] Exploring resource sharing.
INFO: [BIND 205-101] Binding ...
INFO: [BIND 205-100] Finished micro-architecture generation.
INFO: [HLS 200-111] Finished Binding: CPU user time: 0.01 seconds. CPU system time: 0 seconds. Elapsed time: 0.01 seconds; current allocated memory: 401.898 MB.
INFO: [HLS 200-10] ----------------------------------------------------------------
INFO: [HLS 200-42] -- Implementing module 'spmm_store' 
INFO: [HLS 200-10] ----------------------------------------------------------------
INFO: [SCHED 204-11] Starting scheduling ...
INFO: [SCHED 204-61] Pipelining loop 'SPMM_STORE_ROW_SPMM_STORE_FEAT'.
INFO: [HLS 200-1470] Pipelining result : Target II = 1, Final II = 1, Depth = 10, loop 'SPMM_STORE_ROW_SPMM_STORE_FEAT'
INFO: [SCHED 204-11] Finished scheduling.
INFO: [HLS 200-111] Finished Scheduling: CPU user time: 0.07 seconds. CPU system time: 0 seconds. Elapsed time: 0.08 seconds; current allocated memory: 404.637 MB.
INFO: [HLS 200-2250] Rewind delay = 1 for the pipelined loop 'SPMM_STORE_ROW_SPMM_STORE_FEAT' due to a write-after-read dependence on variable 'i (src/integrated-gcn/spmm_stage.cpp:94)'.
INFO: [BIND 205-100] Starting micro-architecture generation ...
INFO: [BIND 205-101] Performing variable lifetime analysis.
INFO: [BIND 205-101] Exploring resource sharing.
INFO: [BIND 205-101] Binding ...
INFO: [BIND 205-100] Finished micro-architecture generation.
INFO: [HLS 200-111] Finished Binding: CPU user time: 0.03 seconds. CPU system time: 0 seconds. Elapsed time: 0.03 seconds; current allocated memory: 404.637 MB.
INFO: [HLS 200-10] ----------------------------------------------------------------
INFO: [HLS 200-42] -- Implementing module 'spmm_stage' 
INFO: [HLS 200-10] ----------------------------------------------------------------
INFO: [SCHED 204-11] Starting scheduling ...
INFO: [SCHED 204-11] Finished scheduling.
WARNING: [HLS 200-1020] Increasing the depth of FIFO start_for_spmm_store_U0 (from entry_proc_U0 to spmm_store_U0) to 3 to improve performance and/or avoid deadlocks.
INFO: [HLS 200-111] Finished Scheduling: CPU user time: 0.02 seconds. CPU system time: 0 seconds. Elapsed time: 0.02 seconds; current allocated memory: 404.637 MB.
INFO: [BIND 205-100] Starting micro-architecture generation ...
INFO: [BIND 205-101] Performing variable lifetime analysis.
INFO: [BIND 205-101] Exploring resource sharing.
INFO: [BIND 205-101] Binding ...
INFO: [BIND 205-100] Finished micro-architecture generation.
INFO: [HLS 200-111] Finished Binding: CPU user time: 0 seconds. CPU system time: 0 seconds. Elapsed time: 0.01 seconds; current allocated memory: 404.637 MB.
INFO: [HLS 200-10] ----------------------------------------------------------------
INFO: [HLS 200-10] -- Generating RTL for module 'entry_proc' 
INFO: [HLS 200-10] ----------------------------------------------------------------
INFO: [RTGEN 206-100] Finished creating RTL model for 'entry_proc'.
INFO: [HLS 200-111] Finished Creating RTL model: CPU user time: 0.02 seconds. CPU system time: 0 seconds. Elapsed time: 0.01 seconds; current allocated memory: 404.637 MB.
INFO: [HLS 200-10] ----------------------------------------------------------------
INFO: [HLS 200-10] -- Generating RTL for module 'spmm_load_csr_Pipeline_LOAD_ROWS' 
INFO: [HLS 200-10] ----------------------------------------------------------------
INFO: [HLS 200-1030] Apply Unified Pipeline Control on module 'spmm_load_csr_Pipeline_LOAD_ROWS' pipeline 'LOAD_ROWS' pipeline type 'loop pipeline'
WARNING: [RTGEN 206-101] Setting dangling out port 'spmm_load_csr_Pipeline_LOAD_ROWS/m_axi_gmem0_0_ARVALID' to 0.
WARNING: [RTGEN 206-101] Setting dangling out port 'spmm_load_csr_Pipeline_LOAD_ROWS/m_axi_gmem0_0_ARADDR' to 0.
WARNING: [RTGEN 206-101] Setting dangling out port 'spmm_load_csr_Pipeline_LOAD_ROWS/m_axi_gmem0_0_ARID' to 0.
WARNING: [RTGEN 206-101] Setting dangling out port 'spmm_load_csr_Pipeline_LOAD_ROWS/m_axi_gmem0_0_ARLEN' to 0.
WARNING: [RTGEN 206-101] Setting dangling out port 'spmm_load_csr_Pipeline_LOAD_ROWS/m_axi_gmem0_0_ARSIZE' to 0.
WARNING: [RTGEN 206-101] Setting dangling out port 'spmm_load_csr_Pipeline_LOAD_ROWS/m_axi_gmem0_0_ARBURST' to 0.
WARNING: [RTGEN 206-101] Setting dangling out port 'spmm_load_csr_Pipeline_LOAD_ROWS/m_axi_gmem0_0_ARLOCK' to 0.
WARNING: [RTGEN 206-101] Setting dangling out port 'spmm_load_csr_Pipeline_LOAD_ROWS/m_axi_gmem0_0_ARCACHE' to 0.
WARNING: [RTGEN 206-101] Setting dangling out port 'spmm_load_csr_Pipeline_LOAD_ROWS/m_axi_gmem0_0_ARPROT' to 0.
WARNING: [RTGEN 206-101] Setting dangling out port 'spmm_load_csr_Pipeline_LOAD_ROWS/m_axi_gmem0_0_ARQOS' to 0.
WARNING: [RTGEN 206-101] Setting dangling out port 'spmm_load_csr_Pipeline_LOAD_ROWS/m_axi_gmem0_0_ARREGION' to 0.
WARNING: [RTGEN 206-101] Setting dangling out port 'spmm_load_csr_Pipeline_LOAD_ROWS/m_axi_gmem0_0_ARUSER' to 0.
INFO: [RTGEN 206-100] Finished creating RTL model for 'spmm_load_csr_Pipeline_LOAD_ROWS'.
INFO: [HLS 200-111] Finished Creating RTL model: CPU user time: 0.01 seconds. CPU system time: 0 seconds. Elapsed time: 0.02 seconds; current allocated memory: 404.637 MB.
INFO: [HLS 200-10] ----------------------------------------------------------------
INFO: [HLS 200-10] -- Generating RTL for module 'spmm_load_csr_Pipeline_LOAD_NNZ' 
INFO: [HLS 200-10] ----------------------------------------------------------------
INFO: [HLS 200-1030] Apply Unified Pipeline Control on module 'spmm_load_csr_Pipeline_LOAD_NNZ' pipeline 'LOAD_NNZ' pipeline type 'loop pipeline'
WARNING: [RTGEN 206-101] Setting dangling out port 'spmm_load_csr_Pipeline_LOAD_NNZ/m_axi_gmem1_0_ARVALID' to 0.
WARNING: [RTGEN 206-101] Setting dangling out port 'spmm_load_csr_Pipeline_LOAD_NNZ/m_axi_gmem1_0_ARADDR' to 0.
WARNING: [RTGEN 206-101] Setting dangling out port 'spmm_load_csr_Pipeline_LOAD_NNZ/m_axi_gmem1_0_ARID' to 0.
WARNING: [RTGEN 206-101] Setting dangling out port 'spmm_load_csr_Pipeline_LOAD_NNZ/m_axi_gmem1_0_ARLEN' to 0.
WARNING: [RTGEN 206-101] Setting dangling out port 'spmm_load_csr_Pipeline_LOAD_NNZ/m_axi_gmem1_0_ARSIZE' to 0.
WARNING: [RTGEN 206-101] Setting dangling out port 'spmm_load_csr_Pipeline_LOAD_NNZ/m_axi_gmem1_0_ARBURST' to 0.
WARNING: [RTGEN 206-101] Setting dangling out port 'spmm_load_csr_Pipeline_LOAD_NNZ/m_axi_gmem1_0_ARLOCK' to 0.
WARNING: [RTGEN 206-101] Setting dangling out port 'spmm_load_csr_Pipeline_LOAD_NNZ/m_axi_gmem1_0_ARCACHE' to 0.
WARNING: [RTGEN 206-101] Setting dangling out port 'spmm_load_csr_Pipeline_LOAD_NNZ/m_axi_gmem1_0_ARPROT' to 0.
WARNING: [RTGEN 206-101] Setting dangling out port 'spmm_load_csr_Pipeline_LOAD_NNZ/m_axi_gmem1_0_ARQOS' to 0.
WARNING: [RTGEN 206-101] Setting dangling out port 'spmm_load_csr_Pipeline_LOAD_NNZ/m_axi_gmem1_0_ARREGION' to 0.
WARNING: [RTGEN 206-101] Setting dangling out port 'spmm_load_csr_Pipeline_LOAD_NNZ/m_axi_gmem1_0_ARUSER' to 0.
WARNING: [RTGEN 206-101] Setting dangling out port 'spmm_load_csr_Pipeline_LOAD_NNZ/m_axi_gmem2_0_ARVALID' to 0.
WARNING: [RTGEN 206-101] Setting dangling out port 'spmm_load_csr_Pipeline_LOAD_NNZ/m_axi_gmem2_0_ARADDR' to 0.
WARNING: [RTGEN 206-101] Setting dangling out port 'spmm_load_csr_Pipeline_LOAD_NNZ/m_axi_gmem2_0_ARID' to 0.
WARNING: [RTGEN 206-101] Setting dangling out port 'spmm_load_csr_Pipeline_LOAD_NNZ/m_axi_gmem2_0_ARLEN' to 0.
WARNING: [RTGEN 206-101] Setting dangling out port 'spmm_load_csr_Pipeline_LOAD_NNZ/m_axi_gmem2_0_ARSIZE' to 0.
WARNING: [RTGEN 206-101] Setting dangling out port 'spmm_load_csr_Pipeline_LOAD_NNZ/m_axi_gmem2_0_ARBURST' to 0.
WARNING: [RTGEN 206-101] Setting dangling out port 'spmm_load_csr_Pipeline_LOAD_NNZ/m_axi_gmem2_0_ARLOCK' to 0.
WARNING: [RTGEN 206-101] Setting dangling out port 'spmm_load_csr_Pipeline_LOAD_NNZ/m_axi_gmem2_0_ARCACHE' to 0.
WARNING: [RTGEN 206-101] Setting dangling out port 'spmm_load_csr_Pipeline_LOAD_NNZ/m_axi_gmem2_0_ARPROT' to 0.
WARNING: [RTGEN 206-101] Setting dangling out port 'spmm_load_csr_Pipeline_LOAD_NNZ/m_axi_gmem2_0_ARQOS' to 0.
WARNING: [RTGEN 206-101] Setting dangling out port 'spmm_load_csr_Pipeline_LOAD_NNZ/m_axi_gmem2_0_ARREGION' to 0.
WARNING: [RTGEN 206-101] Setting dangling out port 'spmm_load_csr_Pipeline_LOAD_NNZ/m_axi_gmem2_0_ARUSER' to 0.
INFO: [RTGEN 206-100] Finished creating RTL model for 'spmm_load_csr_Pipeline_LOAD_NNZ'.
INFO: [HLS 200-111] Finished Creating RTL model: CPU user time: 0.02 seconds. CPU system time: 0.01 seconds. Elapsed time: 0.02 seconds; current allocated memory: 405.246 MB.
INFO: [HLS 200-10] ----------------------------------------------------------------
INFO: [HLS 200-10] -- Generating RTL for module 'spmm_load_csr' 
INFO: [HLS 200-10] ----------------------------------------------------------------
INFO: [RTGEN 206-100] Finished creating RTL model for 'spmm_load_csr'.
INFO: [HLS 200-111] Finished Creating RTL model: CPU user time: 0.02 seconds. CPU system time: 0 seconds. Elapsed time: 0.02 seconds; current allocated memory: 407.086 MB.
INFO: [HLS 200-10] ----------------------------------------------------------------
INFO: [HLS 200-10] -- Generating RTL for module 'spmm_compute_Pipeline_SPMM_INIT' 
INFO: [HLS 200-10] ----------------------------------------------------------------
INFO: [RTGEN 206-100] Finished creating RTL model for 'spmm_compute_Pipeline_SPMM_INIT'.
INFO: [HLS 200-111] Finished Creating RTL model: CPU user time: 0.03 seconds. CPU system time: 0 seconds. Elapsed time: 0.03 seconds; current allocated memory: 408.887 MB.
INFO: [HLS 200-10] ----------------------------------------------------------------
INFO: [HLS 200-10] -- Generating RTL for module 'spmm_compute_Pipeline_SPMM_LOAD_H' 
INFO: [HLS 200-10] ----------------------------------------------------------------
INFO: [HLS 200-1030] Apply Unified Pipeline Control on module 'spmm_compute_Pipeline_SPMM_LOAD_H' pipeline 'SPMM_LOAD_H' pipeline type 'loop pipeline'
WARNING: [RTGEN 206-101] Setting dangling out port 'spmm_compute_Pipeline_SPMM_LOAD_H/m_axi_gmem3_0_ARVALID' to 0.
WARNING: [RTGEN 206-101] Setting dangling out port 'spmm_compute_Pipeline_SPMM_LOAD_H/m_axi_gmem3_0_ARADDR' to 0.
WARNING: [RTGEN 206-101] Setting dangling out port 'spmm_compute_Pipeline_SPMM_LOAD_H/m_axi_gmem3_0_ARID' to 0.
WARNING: [RTGEN 206-101] Setting dangling out port 'spmm_compute_Pipeline_SPMM_LOAD_H/m_axi_gmem3_0_ARLEN' to 0.
WARNING: [RTGEN 206-101] Setting dangling out port 'spmm_compute_Pipeline_SPMM_LOAD_H/m_axi_gmem3_0_ARSIZE' to 0.
WARNING: [RTGEN 206-101] Setting dangling out port 'spmm_compute_Pipeline_SPMM_LOAD_H/m_axi_gmem3_0_ARBURST' to 0.
WARNING: [RTGEN 206-101] Setting dangling out port 'spmm_compute_Pipeline_SPMM_LOAD_H/m_axi_gmem3_0_ARLOCK' to 0.
WARNING: [RTGEN 206-101] Setting dangling out port 'spmm_compute_Pipeline_SPMM_LOAD_H/m_axi_gmem3_0_ARCACHE' to 0.
WARNING: [RTGEN 206-101] Setting dangling out port 'spmm_compute_Pipeline_SPMM_LOAD_H/m_axi_gmem3_0_ARPROT' to 0.
WARNING: [RTGEN 206-101] Setting dangling out port 'spmm_compute_Pipeline_SPMM_LOAD_H/m_axi_gmem3_0_ARQOS' to 0.
WARNING: [RTGEN 206-101] Setting dangling out port 'spmm_compute_Pipeline_SPMM_LOAD_H/m_axi_gmem3_0_ARREGION' to 0.
WARNING: [RTGEN 206-101] Setting dangling out port 'spmm_compute_Pipeline_SPMM_LOAD_H/m_axi_gmem3_0_ARUSER' to 0.
INFO: [RTGEN 206-100] Finished creating RTL model for 'spmm_compute_Pipeline_SPMM_LOAD_H'.
INFO: [HLS 200-111] Finished Creating RTL model: CPU user time: 0.03 seconds. CPU system time: 0 seconds. Elapsed time: 0.04 seconds; current allocated memory: 411.906 MB.
INFO: [HLS 200-10] ----------------------------------------------------------------
INFO: [HLS 200-10] -- Generating RTL for module 'spmm_compute_Pipeline_SPMM_MAC' 
INFO: [HLS 200-10] ----------------------------------------------------------------
INFO: [HLS 200-1030] Apply Unified Pipeline Control on module 'spmm_compute_Pipeline_SPMM_MAC' pipeline 'SPMM_MAC' pipeline type 'loop pipeline'
INFO: [RTGEN 206-100] Generating core module 'mul_26s_26s_52_1_1': 32 instance(s).
INFO: [RTGEN 206-100] Finished creating RTL model for 'spmm_compute_Pipeline_SPMM_MAC'.
INFO: [HLS 200-111] Finished Creating RTL model: CPU user time: 0.07 seconds. CPU system time: 0.01 seconds. Elapsed time: 0.06 seconds; current allocated memory: 418.418 MB.
INFO: [HLS 200-10] ----------------------------------------------------------------
INFO: [HLS 200-10] -- Generating RTL for module 'spmm_compute_Pipeline_SPMM_WRITE' 
INFO: [HLS 200-10] ----------------------------------------------------------------
INFO: [HLS 200-1030] Apply Unified Pipeline Control on module 'spmm_compute_Pipeline_SPMM_WRITE' pipeline 'SPMM_WRITE' pipeline type 'loop pipeline'
INFO: [RTGEN 206-100] Generating core module 'sparsemux_65_5_26_1_1': 1 instance(s).
INFO: [RTGEN 206-100] Finished creating RTL model for 'spmm_compute_Pipeline_SPMM_WRITE'.
INFO: [HLS 200-111] Finished Creating RTL model: CPU user time: 0.07 seconds. CPU system time: 0.01 seconds. Elapsed time: 0.09 seconds; current allocated memory: 427.562 MB.
INFO: [HLS 200-10] ----------------------------------------------------------------
INFO: [HLS 200-10] -- Generating RTL for module 'spmm_compute' 
INFO: [HLS 200-10] ----------------------------------------------------------------
INFO: [RTGEN 206-100] Finished creating RTL model for 'spmm_compute'.
INFO: [RTMG 210-278] Implementing memory 'spmm_stage_spmm_compute_acc_RAM_AUTO_1R1W' using auto RAMs.
INFO: [RTMG 210-278] Implementing memory 'spmm_stage_spmm_compute_h_buf_RAM_AUTO_1R1W' using auto RAMs.
INFO: [HLS 200-111] Finished Creating RTL model: CPU user time: 0.05 seconds. CPU system time: 0.01 seconds. Elapsed time: 0.06 seconds; current allocated memory: 433.109 MB.
INFO: [HLS 200-10] ----------------------------------------------------------------
INFO: [HLS 200-10] -- Generating RTL for module 'spmm_store' 
INFO: [HLS 200-10] ----------------------------------------------------------------
INFO: [HLS 200-1030] Apply Unified Pipeline Control on module 'spmm_store' pipeline 'SPMM_STORE_ROW_SPMM_STORE_FEAT' pipeline type 'loop pipeline'
INFO: [RTGEN 206-100] Finished creating RTL model for 'spmm_store'.
INFO: [HLS 200-111] Finished Creating RTL model: CPU user time: 0.07 seconds. CPU system time: 0 seconds. Elapsed time: 0.07 seconds; current allocated memory: 438.352 MB.
INFO: [HLS 200-10] ----------------------------------------------------------------
INFO: [HLS 200-10] -- Generating RTL for module 'spmm_stage' 
INFO: [HLS 200-10] ----------------------------------------------------------------
WARNING: [RTGEN 206-101] Design contains AXI ports. Reset is fixed to synchronous and active low.
INFO: [RTGEN 206-500] Setting interface mode on port 'spmm_stage/gmem0' to 'm_axi'.
INFO: [RTGEN 206-500] Setting interface mode on port 'spmm_stage/gmem1' to 'm_axi'.
INFO: [RTGEN 206-500] Setting interface mode on port 'spmm_stage/gmem2' to 'm_axi'.
INFO: [RTGEN 206-500] Setting interface mode on port 'spmm_stage/gmem3' to 'm_axi'.
INFO: [RTGEN 206-500] Setting interface mode on port 'spmm_stage/gmem4' to 'm_axi'.
INFO: [RTGEN 206-500] Setting interface mode on port 'spmm_stage/row_length' to 's_axilite & ap_none'.
INFO: [RTGEN 206-500] Setting interface mode on port 'spmm_stage/colind' to 's_axilite & ap_none'.
INFO: [RTGEN 206-500] Setting interface mode on port 'spmm_stage/values' to 's_axilite & ap_none'.
INFO: [RTGEN 206-500] Setting interface mode on port 'spmm_stage/H_temp' to 's_axilite & ap_none'.
INFO: [RTGEN 206-500] Setting interface mode on port 'spmm_stage/nnz_total' to 'ap_none'.
INFO: [RTGEN 206-500] Setting interface mode on port 'spmm_stage/H_out' to 's_axilite & ap_none'.
INFO: [RTGEN 206-500] Setting interface mode on function 'spmm_stage' to 'ap_ctrl_hs'.
INFO: [RTGEN 206-100] Bundling port 'row_length', 'colind', 'values', 'H_temp' and 'H_out' to AXI-Lite port control.
INFO: [RTGEN 206-100] Finished creating RTL model for 'spmm_stage'.
INFO: [RTMG 210-285] Implementing FIFO 'H_out_c_U(spmm_stage_fifo_w64_d4_S)' using Shift Registers.
INFO: [RTMG 210-285] Implementing FIFO 'row_fifo_U(spmm_stage_fifo_w32_d16_S)' using Shift Registers.
INFO: [RTMG 210-285] Implementing FIFO 'col_fifo_U(spmm_stage_fifo_w32_d256_A)' using Vivado Default RAMs.
INFO: [RTMG 210-285] Implementing FIFO 'val_fifo_U(spmm_stage_fifo_w16_d256_A)' using Vivado Default RAMs.
INFO: [RTMG 210-285] Implementing FIFO 'result_fifo_U(spmm_stage_fifo_w16_d32_S)' using Shift Registers.
INFO: [RTMG 210-285] Implementing FIFO 'start_for_spmm_store_U0_U(spmm_stage_start_for_spmm_store_U0)' using Shift Registers.
INFO: [HLS 200-111] Finished Creating RTL model: CPU user time: 0.1 seconds. CPU system time: 0.01 seconds. Elapsed time: 0.12 seconds; current allocated memory: 446.363 MB.
INFO: [HLS 200-111] Finished Generating all RTL models: CPU user time: 0.13 seconds. CPU system time: 0.02 seconds. Elapsed time: 0.13 seconds; current allocated memory: 450.438 MB.
INFO: [HLS 200-1603] Design has inferred MAXI bursts and missed bursts, see Vitis HLS GUI synthesis summary report for detailed information.
INFO: [HLS 200-2225] Wrote inferred directives to file /home/nat/dev/trinners/mai_proj/hls/thesis-gcn-accelerator/vitis/integrated_gcn/spmm_kernel/spmm_stage/hls/syn/inferred_directives.ini
INFO: [HLS 200-111] Finished Updating report files: CPU user time: 0.35 seconds. CPU system time: 0.01 seconds. Elapsed time: 0.38 seconds; current allocated memory: 463.719 MB.
INFO: [VHDL 208-304] Generating VHDL RTL for spmm_stage.
INFO: [VLOG 209-307] Generating Verilog RTL for spmm_stage.
INFO: [HLS 200-790] **** Loop Constraint Status: All loop constraints were satisfied.
INFO: [HLS 200-789] **** Estimated Fmax: 136.99 MHz
INFO: [HLS 200-112] Total CPU user time: 8.06 seconds. Total CPU system time: 1.31 seconds. Total elapsed time: 13.56 seconds; peak allocated memory: 463.719 MB.
INFO: [v++ 60-791] Total elapsed time: 0h 0m 17s
