

================================================================
== Vitis HLS Report for 'gemm_read_X'
================================================================
* Date:           Thu Apr 16 11:31:53 2026

* Version:        2025.2 (Build 6295257 on Nov 14 2025)
* Project:        integrated_gcn
* Solution:       hls (Vivado IP Flow Target)
* Product family: zynquplus
* Target device:  xck26-sfvc784-2LV-c


================================================================
== Performance Estimates
================================================================
+ Timing: 
    * Summary: 
    +--------+----------+----------+------------+
    |  Clock |  Target  | Estimated| Uncertainty|
    +--------+----------+----------+------------+
    |ap_clk  |  10.00 ns|  7.300 ns|     2.70 ns|
    +--------+----------+----------+------------+

+ Latency: 
    * Summary: 
    +---------+---------+----------+----------+--------+--------+------------------------------------------------+
    |  Latency (cycles) |  Latency (absolute) |     Interval    |                    Pipeline                    |
    |   min   |   max   |    min   |    max   |   min  |   max  |                      Type                      |
    +---------+---------+----------+----------+--------+--------+------------------------------------------------+
    |   126606|   126606|  1.266 ms|  1.266 ms|  126593|  126593|  loop auto-rewind stp (delay=0 clock cycles(s))|
    +---------+---------+----------+----------+--------+--------+------------------------------------------------+

    + Detail: 
        * Instance: 
        N/A

        * Loop: 
        +-------------------------------------------------------------------+---------+---------+----------+-----------+-----------+--------+----------+
        |                                                                   |  Latency (cycles) | Iteration|  Initiation Interval  |  Trip  |          |
        |                             Loop Name                             |   min   |   max   |  Latency |  achieved |   target  |  Count | Pipelined|
        +-------------------------------------------------------------------+---------+---------+----------+-----------+-----------+--------+----------+
        |- VITIS_LOOP_35_1_VITIS_LOOP_37_3_VITIS_LOOP_38_4_VITIS_LOOP_39_5  |   126604|   126604|        14|          1|          1|  126592|       yes|
        +-------------------------------------------------------------------+---------+---------+----------+-----------+-----------+--------+----------+



================================================================
== Utilization Estimates
================================================================
* Summary: 
+-----------------+---------+------+--------+--------+-----+
|       Name      | BRAM_18K|  DSP |   FF   |   LUT  | URAM|
+-----------------+---------+------+--------+--------+-----+
|DSP              |        -|     1|       -|       -|    -|
|Expression       |        -|     -|       0|     346|    -|
|FIFO             |        -|     -|       -|       -|    -|
|Instance         |        -|     1|       0|       5|    -|
|Memory           |        -|     -|       -|       -|    -|
|Multiplexer      |        -|     -|       0|     162|    -|
|Register         |        -|     -|     919|      96|    -|
+-----------------+---------+------+--------+--------+-----+
|Total            |        0|     2|     919|     609|    0|
+-----------------+---------+------+--------+--------+-----+
|Available        |      288|  1248|  234240|  117120|   64|
+-----------------+---------+------+--------+--------+-----+
|Utilization (%)  |        0|    ~0|      ~0|      ~0|    0|
+-----------------+---------+------+--------+--------+-----+

+ Detail: 
    * Instance: 
    +------------------------+---------------------+---------+----+---+----+-----+
    |        Instance        |        Module       | BRAM_18K| DSP| FF| LUT| URAM|
    +------------------------+---------------------+---------+----+---+----+-----+
    |mul_5ns_14ns_17_1_1_U1  |mul_5ns_14ns_17_1_1  |        0|   1|  0|   5|    0|
    +------------------------+---------------------+---------+----+---+----+-----+
    |Total                   |                     |        0|   1|  0|   5|    0|
    +------------------------+---------------------+---------+----+---+----+-----+

    * DSP: 
    +----------------------------------+-------------------------------+--------------+
    |             Instance             |             Module            |  Expression  |
    +----------------------------------+-------------------------------+--------------+
    |mac_muladd_7ns_7ns_17s_17_4_1_U2  |mac_muladd_7ns_7ns_17s_17_4_1  |  i0 + i1 * i2|
    +----------------------------------+-------------------------------+--------------+

    * Memory: 
    N/A

    * FIFO: 
    N/A

    * Expression: 
    +-----------------------------------------+----------+----+---+----+------------+------------+
    |              Variable Name              | Operation| DSP| FF| LUT| Bitwidth P0| Bitwidth P1|
    +-----------------------------------------+----------+----+---+----+------------+------------+
    |add_ln35_1_fu_432_p2                     |         +|   0|  0|  13|           6|           1|
    |add_ln35_fu_227_p2                       |         +|   0|  0|  24|          17|           1|
    |add_ln37_1_fu_380_p2                     |         +|   0|  0|  20|          13|           1|
    |add_ln37_fu_445_p2                       |         +|   0|  0|  12|           5|           1|
    |add_ln38_1_fu_366_p2                     |         +|   0|  0|  16|           9|           1|
    |add_ln38_fu_310_p2                       |         +|   0|  0|  14|           7|           1|
    |add_ln39_fu_340_p2                       |         +|   0|  0|   9|           2|           1|
    |add_ln42_1_fu_509_p2                     |         +|   0|  0|  71|          64|          64|
    |and_ln35_1_fu_272_p2                     |       and|   0|  0|   2|           1|           1|
    |and_ln35_fu_260_p2                       |       and|   0|  0|   2|           1|           1|
    |ap_block_state13_pp0_stage0_iter12_grp1  |       and|   0|  0|   2|           1|           1|
    |ap_block_state14_pp0_stage0_iter13_grp1  |       and|   0|  0|   2|           1|           1|
    |ap_block_state5_io_grp1                  |       and|   0|  0|   2|           1|           1|
    |ap_condition_313                         |       and|   0|  0|   2|           1|           1|
    |ap_condition_315                         |       and|   0|  0|   2|           1|           1|
    |ap_condition_598                         |       and|   0|  0|   2|           1|           1|
    |icmp_ln39_mid212_fu_304_p2               |       and|   0|  0|   2|           1|           1|
    |icmp_ln35_fu_221_p2                      |      icmp|   0|  0|  24|          17|          14|
    |icmp_ln37_fu_236_p2                      |      icmp|   0|  0|  20|          13|          12|
    |icmp_ln38_fu_266_p2                      |      icmp|   0|  0|  16|           9|           8|
    |icmp_ln39_fu_254_p2                      |      icmp|   0|  0|  10|           2|           3|
    |ap_block_pp0_stage0_01001_grp1           |        or|   0|  0|   2|           1|           1|
    |ap_block_pp0_stage0_11001                |        or|   0|  0|   2|           1|           1|
    |ap_block_pp0_stage0_11001_grp0           |        or|   0|  0|   2|           1|           1|
    |empty_119_fu_278_p2                      |        or|   0|  0|   2|           1|           1|
    |first_iter_0_mid27_fu_316_p2             |        or|   0|  0|   2|           1|           1|
    |first_iter_0_mid2_fu_322_p2              |        or|   0|  0|   2|           1|           1|
    |not_exitcond_flatten_mid236_fu_298_p2    |        or|   0|  0|   2|           1|           1|
    |or_ln35_fu_242_p2                        |        or|   0|  0|   2|           1|           1|
    |or_ln39_1_fu_352_p2                      |        or|   0|  0|   2|           1|           1|
    |or_ln39_fu_346_p2                        |        or|   0|  0|   2|           1|           1|
    |k_mid26_fu_284_p3                        |    select|   0|  0|   7|           1|           1|
    |select_ln35_1_fu_438_p3                  |    select|   0|  0|   6|           1|           6|
    |select_ln35_fu_425_p3                    |    select|   0|  0|   5|           1|           1|
    |select_ln37_1_fu_386_p3                  |    select|   0|  0|  12|           1|           1|
    |select_ln37_fu_451_p3                    |    select|   0|  0|   5|           1|           5|
    |select_ln38_1_fu_372_p3                  |    select|   0|  0|   9|           1|           1|
    |select_ln38_fu_328_p3                    |    select|   0|  0|   7|           1|           7|
    |select_ln39_fu_358_p3                    |    select|   0|  0|   2|           1|           1|
    |ap_enable_pp0                            |       xor|   0|  0|   2|           1|           2|
    |exitcond_flatten_not_fu_292_p2           |       xor|   0|  0|   2|           1|           2|
    |xor_ln35_fu_248_p2                       |       xor|   0|  0|   2|           1|           2|
    +-----------------------------------------+----------+----+---+----+------------+------------+
    |Total                                    |          |   0|  0| 346|         194|         156|
    +-----------------------------------------+----------+----+---+----+------------+------------+

    * Multiplexer: 
    +----------------------------------------+----+-----------+-----+-----------+
    |                  Name                  | LUT| Input Size| Bits| Total Bits|
    +----------------------------------------+----+-----------+-----+-----------+
    |X_stream_blk_n                          |   9|          2|    1|          2|
    |ap_done_int                             |   9|          2|    1|          2|
    |ap_enable_reg_pp0_iter1                 |   9|          2|    1|          2|
    |ap_sig_allocacmp_ii_1                   |   9|          2|    2|          4|
    |ap_sig_allocacmp_indvar_flatten13_load  |   9|          2|   13|         26|
    |ap_sig_allocacmp_indvar_flatten37_load  |   9|          2|   17|         34|
    |ap_sig_allocacmp_indvar_flatten_load    |   9|          2|    9|         18|
    |ap_sig_allocacmp_k_load                 |   9|          2|    7|         14|
    |gmem0_blk_n_AR                          |   9|          2|    1|          2|
    |gmem0_blk_n_R                           |   9|          2|    1|          2|
    |ib_fu_130                               |   9|          2|    6|         12|
    |ii_fu_110                               |   9|          2|    2|          4|
    |indvar_flatten13_fu_126                 |   9|          2|   13|         26|
    |indvar_flatten37_fu_134                 |   9|          2|   17|         34|
    |indvar_flatten_fu_118                   |   9|          2|    9|         18|
    |k_fu_114                                |   9|          2|    7|         14|
    |kb_fu_122                               |   9|          2|    5|         10|
    |real_start                              |   9|          2|    1|          2|
    +----------------------------------------+----+-----------+-----+-----------+
    |Total                                   | 162|         36|  113|        226|
    +----------------------------------------+----+-----------+-----+-----------+

    * Register: 
    +-----------------------------------+-----+----+-----+-----------+
    |                Name               |  FF | LUT| Bits| Const Bits|
    +-----------------------------------+-----+----+-----+-----------+
    |X_read_reg_592                     |   64|   0|   64|          0|
    |and_ln35_1_reg_607                 |    1|   0|    1|          0|
    |and_ln35_1_reg_607_pp0_iter1_reg   |    1|   0|    1|          0|
    |ap_CS_fsm                          |    1|   0|    1|          0|
    |ap_done_reg                        |    1|   0|    1|          0|
    |ap_enable_reg_pp0_iter1            |    1|   0|    1|          0|
    |ap_enable_reg_pp0_iter10           |    1|   0|    1|          0|
    |ap_enable_reg_pp0_iter11           |    1|   0|    1|          0|
    |ap_enable_reg_pp0_iter12           |    1|   0|    1|          0|
    |ap_enable_reg_pp0_iter13           |    1|   0|    1|          0|
    |ap_enable_reg_pp0_iter2            |    1|   0|    1|          0|
    |ap_enable_reg_pp0_iter3            |    1|   0|    1|          0|
    |ap_enable_reg_pp0_iter4            |    1|   0|    1|          0|
    |ap_enable_reg_pp0_iter5            |    1|   0|    1|          0|
    |ap_enable_reg_pp0_iter6            |    1|   0|    1|          0|
    |ap_enable_reg_pp0_iter7            |    1|   0|    1|          0|
    |ap_enable_reg_pp0_iter8            |    1|   0|    1|          0|
    |ap_enable_reg_pp0_iter9            |    1|   0|    1|          0|
    |ap_loop_exit_ready_pp0_iter10_reg  |    1|   0|    1|          0|
    |ap_loop_exit_ready_pp0_iter11_reg  |    1|   0|    1|          0|
    |ap_loop_exit_ready_pp0_iter12_reg  |    1|   0|    1|          0|
    |ap_loop_exit_ready_pp0_iter1_reg   |    1|   0|    1|          0|
    |ap_loop_exit_ready_pp0_iter2_reg   |    1|   0|    1|          0|
    |ap_loop_exit_ready_pp0_iter3_reg   |    1|   0|    1|          0|
    |ap_loop_exit_ready_pp0_iter4_reg   |    1|   0|    1|          0|
    |ap_loop_exit_ready_pp0_iter5_reg   |    1|   0|    1|          0|
    |ap_loop_exit_ready_pp0_iter6_reg   |    1|   0|    1|          0|
    |ap_loop_exit_ready_pp0_iter7_reg   |    1|   0|    1|          0|
    |ap_loop_exit_ready_pp0_iter8_reg   |    1|   0|    1|          0|
    |ap_loop_exit_ready_pp0_iter9_reg   |    1|   0|    1|          0|
    |first_iter_0_mid2_reg_612          |    1|   0|    1|          0|
    |gmem0_addr_read_reg_637            |  512|   0|  512|          0|
    |ib_fu_130                          |    6|   0|    6|          0|
    |icmp_ln35_reg_597                  |    1|   0|    1|          0|
    |icmp_ln37_reg_601                  |    1|   0|    1|          0|
    |icmp_ln37_reg_601_pp0_iter1_reg    |    1|   0|    1|          0|
    |ii_fu_110                          |    2|   0|    2|          0|
    |indvar_flatten13_fu_126            |   13|   0|   13|          0|
    |indvar_flatten37_fu_134            |   17|   0|   17|          0|
    |indvar_flatten_fu_118              |    9|   0|    9|          0|
    |k_fu_114                           |    7|   0|    7|          0|
    |kb_fu_122                          |    5|   0|    5|          0|
    |start_once_reg                     |    1|   0|    1|          0|
    |trunc_ln_reg_626                   |   58|   0|   58|          0|
    |X_read_reg_592                     |   64|  32|   64|          0|
    |first_iter_0_mid2_reg_612          |   64|  32|    1|          0|
    |icmp_ln35_reg_597                  |   64|  32|    1|          0|
    +-----------------------------------+-----+----+-----+-----------+
    |Total                              |  919|  96|  793|          0|
    +-----------------------------------+-----+----+-----+-----------+



================================================================
== Interface
================================================================
* Summary: 
+-------------------------+-----+-----+------------+--------------+--------------+
|        RTL Ports        | Dir | Bits|  Protocol  | Source Object|    C Type    |
+-------------------------+-----+-----+------------+--------------+--------------+
|ap_clk                   |   in|    1|  ap_ctrl_hs|   gemm_read_X|  return value|
|ap_rst                   |   in|    1|  ap_ctrl_hs|   gemm_read_X|  return value|
|ap_start                 |   in|    1|  ap_ctrl_hs|   gemm_read_X|  return value|
|start_full_n             |   in|    1|  ap_ctrl_hs|   gemm_read_X|  return value|
|ap_done                  |  out|    1|  ap_ctrl_hs|   gemm_read_X|  return value|
|ap_continue              |   in|    1|  ap_ctrl_hs|   gemm_read_X|  return value|
|ap_idle                  |  out|    1|  ap_ctrl_hs|   gemm_read_X|  return value|
|ap_ready                 |  out|    1|  ap_ctrl_hs|   gemm_read_X|  return value|
|start_out                |  out|    1|  ap_ctrl_hs|   gemm_read_X|  return value|
|start_write              |  out|    1|  ap_ctrl_hs|   gemm_read_X|  return value|
|m_axi_gmem0_0_AWVALID    |  out|    1|       m_axi|         gmem0|       pointer|
|m_axi_gmem0_0_AWREADY    |   in|    1|       m_axi|         gmem0|       pointer|
|m_axi_gmem0_0_AWADDR     |  out|   64|       m_axi|         gmem0|       pointer|
|m_axi_gmem0_0_AWID       |  out|    1|       m_axi|         gmem0|       pointer|
|m_axi_gmem0_0_AWLEN      |  out|   32|       m_axi|         gmem0|       pointer|
|m_axi_gmem0_0_AWSIZE     |  out|    3|       m_axi|         gmem0|       pointer|
|m_axi_gmem0_0_AWBURST    |  out|    2|       m_axi|         gmem0|       pointer|
|m_axi_gmem0_0_AWLOCK     |  out|    2|       m_axi|         gmem0|       pointer|
|m_axi_gmem0_0_AWCACHE    |  out|    4|       m_axi|         gmem0|       pointer|
|m_axi_gmem0_0_AWPROT     |  out|    3|       m_axi|         gmem0|       pointer|
|m_axi_gmem0_0_AWQOS      |  out|    4|       m_axi|         gmem0|       pointer|
|m_axi_gmem0_0_AWREGION   |  out|    4|       m_axi|         gmem0|       pointer|
|m_axi_gmem0_0_AWUSER     |  out|    1|       m_axi|         gmem0|       pointer|
|m_axi_gmem0_0_WVALID     |  out|    1|       m_axi|         gmem0|       pointer|
|m_axi_gmem0_0_WREADY     |   in|    1|       m_axi|         gmem0|       pointer|
|m_axi_gmem0_0_WDATA      |  out|  512|       m_axi|         gmem0|       pointer|
|m_axi_gmem0_0_WSTRB      |  out|   64|       m_axi|         gmem0|       pointer|
|m_axi_gmem0_0_WLAST      |  out|    1|       m_axi|         gmem0|       pointer|
|m_axi_gmem0_0_WID        |  out|    1|       m_axi|         gmem0|       pointer|
|m_axi_gmem0_0_WUSER      |  out|    1|       m_axi|         gmem0|       pointer|
|m_axi_gmem0_0_ARVALID    |  out|    1|       m_axi|         gmem0|       pointer|
|m_axi_gmem0_0_ARREADY    |   in|    1|       m_axi|         gmem0|       pointer|
|m_axi_gmem0_0_ARADDR     |  out|   64|       m_axi|         gmem0|       pointer|
|m_axi_gmem0_0_ARID       |  out|    1|       m_axi|         gmem0|       pointer|
|m_axi_gmem0_0_ARLEN      |  out|   32|       m_axi|         gmem0|       pointer|
|m_axi_gmem0_0_ARSIZE     |  out|    3|       m_axi|         gmem0|       pointer|
|m_axi_gmem0_0_ARBURST    |  out|    2|       m_axi|         gmem0|       pointer|
|m_axi_gmem0_0_ARLOCK     |  out|    2|       m_axi|         gmem0|       pointer|
|m_axi_gmem0_0_ARCACHE    |  out|    4|       m_axi|         gmem0|       pointer|
|m_axi_gmem0_0_ARPROT     |  out|    3|       m_axi|         gmem0|       pointer|
|m_axi_gmem0_0_ARQOS      |  out|    4|       m_axi|         gmem0|       pointer|
|m_axi_gmem0_0_ARREGION   |  out|    4|       m_axi|         gmem0|       pointer|
|m_axi_gmem0_0_ARUSER     |  out|    1|       m_axi|         gmem0|       pointer|
|m_axi_gmem0_0_RVALID     |   in|    1|       m_axi|         gmem0|       pointer|
|m_axi_gmem0_0_RREADY     |  out|    1|       m_axi|         gmem0|       pointer|
|m_axi_gmem0_0_RDATA      |   in|  512|       m_axi|         gmem0|       pointer|
|m_axi_gmem0_0_RLAST      |   in|    1|       m_axi|         gmem0|       pointer|
|m_axi_gmem0_0_RID        |   in|    1|       m_axi|         gmem0|       pointer|
|m_axi_gmem0_0_RFIFONUM   |   in|    9|       m_axi|         gmem0|       pointer|
|m_axi_gmem0_0_RUSER      |   in|    1|       m_axi|         gmem0|       pointer|
|m_axi_gmem0_0_RRESP      |   in|    2|       m_axi|         gmem0|       pointer|
|m_axi_gmem0_0_BVALID     |   in|    1|       m_axi|         gmem0|       pointer|
|m_axi_gmem0_0_BREADY     |  out|    1|       m_axi|         gmem0|       pointer|
|m_axi_gmem0_0_BRESP      |   in|    2|       m_axi|         gmem0|       pointer|
|m_axi_gmem0_0_BID        |   in|    1|       m_axi|         gmem0|       pointer|
|m_axi_gmem0_0_BUSER      |   in|    1|       m_axi|         gmem0|       pointer|
|X_stream_din             |  out|  512|     ap_fifo|      X_stream|       pointer|
|X_stream_full_n          |   in|    1|     ap_fifo|      X_stream|       pointer|
|X_stream_write           |  out|    1|     ap_fifo|      X_stream|       pointer|
|X_stream_num_data_valid  |   in|    5|     ap_fifo|      X_stream|       pointer|
|X_stream_fifo_cap        |   in|    5|     ap_fifo|      X_stream|       pointer|
|X                        |   in|   64|   ap_stable|             X|        scalar|
+-------------------------+-----+-----+------------+--------------+--------------+

