

================================================================
== Vitis HLS Report for 'spmm_load_csr'
================================================================
* Date:           Thu Apr 16 11:31:56 2026

* Version:        2025.2 (Build 6295257 on Nov 14 2025)
* Project:        integrated_gcn
* Solution:       hls (Vivado IP Flow Target)
* Product family: zynquplus
* Target device:  xck26-sfvc784-2LV-c


================================================================
== Performance Estimates
================================================================
+ Timing: 
    * Summary: 
    +--------+----------+----------+------------+
    |  Clock |  Target  | Estimated| Uncertainty|
    +--------+----------+----------+------------+
    |ap_clk  |  10.00 ns|  7.300 ns|     2.70 ns|
    +--------+----------+----------+------------+

+ Latency: 
    * Summary: 
    +---------+---------+----------+----------+-----+-----+---------+
    |  Latency (cycles) |  Latency (absolute) |  Interval | Pipeline|
    |   min   |   max   |    min   |    max   | min | max |   Type  |
    +---------+---------+----------+----------+-----+-----+---------+
    |        ?|        ?|         ?|         ?|    ?|    ?|       no|
    +---------+---------+----------+----------+-----+-----+---------+

    + Detail: 
        * Instance: 
        +---------------------------------------------+----------------------------------+---------+---------+-----------+-----------+-----+-----+-------------------+
        |                                             |                                  |  Latency (cycles) |   Latency (absolute)  |  Interval |      Pipeline     |
        |                   Instance                  |              Module              |   min   |   max   |    min    |    max    | min | max |        Type       |
        +---------------------------------------------+----------------------------------+---------+---------+-----------+-----------+-----+-----+-------------------+
        |grp_spmm_load_csr_Pipeline_LOAD_ROWS_fu_121  |spmm_load_csr_Pipeline_LOAD_ROWS  |     2711|     2711|  27.110 us|  27.110 us|    0|    0|  loop pipeline stp|
        |grp_spmm_load_csr_Pipeline_LOAD_NNZ_fu_130   |spmm_load_csr_Pipeline_LOAD_NNZ   |        ?|        ?|          ?|          ?|    0|    0|  loop pipeline stp|
        +---------------------------------------------+----------------------------------+---------+---------+-----------+-----------+-----+-----+-------------------+

        * Loop: 
        N/A



================================================================
== Utilization Estimates
================================================================
* Summary: 
+-----------------+---------+------+--------+--------+-----+
|       Name      | BRAM_18K|  DSP |   FF   |   LUT  | URAM|
+-----------------+---------+------+--------+--------+-----+
|DSP              |        -|     -|       -|       -|    -|
|Expression       |        -|     -|       0|      74|    -|
|FIFO             |        -|     -|       -|       -|    -|
|Instance         |        -|     -|     135|     253|    -|
|Memory           |        -|     -|       -|       -|    -|
|Multiplexer      |        -|     -|       0|     506|    -|
|Register         |        -|     -|     267|       -|    -|
+-----------------+---------+------+--------+--------+-----+
|Total            |        0|     0|     402|     833|    0|
+-----------------+---------+------+--------+--------+-----+
|Available        |      288|  1248|  234240|  117120|   64|
+-----------------+---------+------+--------+--------+-----+
|Utilization (%)  |        0|     0|      ~0|      ~0|    0|
+-----------------+---------+------+--------+--------+-----+

+ Detail: 
    * Instance: 
    +---------------------------------------------+----------------------------------+---------+----+----+-----+-----+
    |                   Instance                  |              Module              | BRAM_18K| DSP| FF | LUT | URAM|
    +---------------------------------------------+----------------------------------+---------+----+----+-----+-----+
    |grp_spmm_load_csr_Pipeline_LOAD_NNZ_fu_130   |spmm_load_csr_Pipeline_LOAD_NNZ   |        0|   0|  86|  157|    0|
    |grp_spmm_load_csr_Pipeline_LOAD_ROWS_fu_121  |spmm_load_csr_Pipeline_LOAD_ROWS  |        0|   0|  49|   96|    0|
    +---------------------------------------------+----------------------------------+---------+----+----+-----+-----+
    |Total                                        |                                  |        0|   0| 135|  253|    0|
    +---------------------------------------------+----------------------------------+---------+----+----+-----+-----+

    * DSP: 
    N/A

    * Memory: 
    N/A

    * FIFO: 
    N/A

    * Expression: 
    +----------------------+----------+----+---+----+------------+------------+
    |     Variable Name    | Operation| DSP| FF| LUT| Bitwidth P0| Bitwidth P1|
    +----------------------+----------+----+---+----+------------+------------+
    |icmp_ln216_fu_145_p2  |      icmp|   0|  0|  39|          32|           1|
    |ap_block_state1       |        or|   0|  0|   2|           1|           1|
    |ap_block_state2_io    |        or|   0|  0|   2|           1|           1|
    |empty_113_fu_155_p3   |    select|   0|  0|  31|           1|          31|
    +----------------------+----------+----+---+----+------------+------------+
    |Total                 |          |   0|  0|  74|          35|          34|
    +----------------------+----------+----+---+----+------------+------------+

    * Multiplexer: 
    +------------------------+----+-----------+-----+-----------+
    |          Name          | LUT| Input Size| Bits| Total Bits|
    +------------------------+----+-----------+-----+-----------+
    |ap_NS_fsm               |  65|         14|    1|         14|
    |ap_done                 |   9|          2|    1|          2|
    |gmem3_blk_n_AR          |   9|          2|    1|          2|
    |gmem4_blk_n_AR          |   9|          2|    1|          2|
    |gmem5_blk_n_AR          |   9|          2|    1|          2|
    |m_axi_gmem3_0_ARADDR    |  14|          3|   64|        192|
    |m_axi_gmem3_0_ARBURST   |   9|          2|    2|          4|
    |m_axi_gmem3_0_ARCACHE   |   9|          2|    4|          8|
    |m_axi_gmem3_0_ARID      |   9|          2|    1|          2|
    |m_axi_gmem3_0_ARLEN     |  14|          3|   32|         96|
    |m_axi_gmem3_0_ARLOCK    |   9|          2|    2|          4|
    |m_axi_gmem3_0_ARPROT    |   9|          2|    3|          6|
    |m_axi_gmem3_0_ARQOS     |   9|          2|    4|          8|
    |m_axi_gmem3_0_ARREGION  |   9|          2|    4|          8|
    |m_axi_gmem3_0_ARSIZE    |   9|          2|    3|          6|
    |m_axi_gmem3_0_ARUSER    |   9|          2|    1|          2|
    |m_axi_gmem3_0_ARVALID   |  14|          3|    1|          3|
    |m_axi_gmem3_0_RREADY    |   9|          2|    1|          2|
    |m_axi_gmem4_0_ARADDR    |  14|          3|   64|        192|
    |m_axi_gmem4_0_ARBURST   |   9|          2|    2|          4|
    |m_axi_gmem4_0_ARCACHE   |   9|          2|    4|          8|
    |m_axi_gmem4_0_ARID      |   9|          2|    1|          2|
    |m_axi_gmem4_0_ARLEN     |  14|          3|   32|         96|
    |m_axi_gmem4_0_ARLOCK    |   9|          2|    2|          4|
    |m_axi_gmem4_0_ARPROT    |   9|          2|    3|          6|
    |m_axi_gmem4_0_ARQOS     |   9|          2|    4|          8|
    |m_axi_gmem4_0_ARREGION  |   9|          2|    4|          8|
    |m_axi_gmem4_0_ARSIZE    |   9|          2|    3|          6|
    |m_axi_gmem4_0_ARUSER    |   9|          2|    1|          2|
    |m_axi_gmem4_0_ARVALID   |  14|          3|    1|          3|
    |m_axi_gmem4_0_RREADY    |   9|          2|    1|          2|
    |m_axi_gmem5_0_ARADDR    |  14|          3|   64|        192|
    |m_axi_gmem5_0_ARBURST   |   9|          2|    2|          4|
    |m_axi_gmem5_0_ARCACHE   |   9|          2|    4|          8|
    |m_axi_gmem5_0_ARID      |   9|          2|    1|          2|
    |m_axi_gmem5_0_ARLEN     |  14|          3|   32|         96|
    |m_axi_gmem5_0_ARLOCK    |   9|          2|    2|          4|
    |m_axi_gmem5_0_ARPROT    |   9|          2|    3|          6|
    |m_axi_gmem5_0_ARQOS     |   9|          2|    4|          8|
    |m_axi_gmem5_0_ARREGION  |   9|          2|    4|          8|
    |m_axi_gmem5_0_ARSIZE    |   9|          2|    3|          6|
    |m_axi_gmem5_0_ARUSER    |   9|          2|    1|          2|
    |m_axi_gmem5_0_ARVALID   |  14|          3|    1|          3|
    |m_axi_gmem5_0_RREADY    |   9|          2|    1|          2|
    |real_start              |   9|          2|    1|          2|
    +------------------------+----+-----------+-----+-----------+
    |Total                   | 506|        111|  372|       1047|
    +------------------------+----+-----------+-----+-----------+

    * Register: 
    +----------------------------------------------------------+----+----+-----+-----------+
    |                           Name                           | FF | LUT| Bits| Const Bits|
    +----------------------------------------------------------+----+----+-----+-----------+
    |ap_CS_fsm                                                 |  13|   0|   13|          0|
    |ap_done_reg                                               |   1|   0|    1|          0|
    |empty_113_reg_264                                         |  31|   0|   31|          0|
    |grp_spmm_load_csr_Pipeline_LOAD_NNZ_fu_130_ap_start_reg   |   1|   0|    1|          0|
    |grp_spmm_load_csr_Pipeline_LOAD_ROWS_fu_121_ap_start_reg  |   1|   0|    1|          0|
    |nnz_total_read_reg_259                                    |  32|   0|   32|          0|
    |start_once_reg                                            |   1|   0|    1|          0|
    |trunc_ln216_1_reg_295                                     |  63|   0|   63|          0|
    |trunc_ln2_reg_279                                         |  62|   0|   62|          0|
    |trunc_ln_reg_269                                          |  62|   0|   62|          0|
    +----------------------------------------------------------+----+----+-----+-----------+
    |Total                                                     | 267|   0|  267|          0|
    +----------------------------------------------------------+----+----+-----+-----------+



================================================================
== Interface
================================================================
* Summary: 
+-------------------------+-----+-----+------------+---------------+--------------+
|        RTL Ports        | Dir | Bits|  Protocol  | Source Object |    C Type    |
+-------------------------+-----+-----+------------+---------------+--------------+
|ap_clk                   |   in|    1|  ap_ctrl_hs|  spmm_load_csr|  return value|
|ap_rst                   |   in|    1|  ap_ctrl_hs|  spmm_load_csr|  return value|
|ap_start                 |   in|    1|  ap_ctrl_hs|  spmm_load_csr|  return value|
|start_full_n             |   in|    1|  ap_ctrl_hs|  spmm_load_csr|  return value|
|ap_done                  |  out|    1|  ap_ctrl_hs|  spmm_load_csr|  return value|
|ap_continue              |   in|    1|  ap_ctrl_hs|  spmm_load_csr|  return value|
|ap_idle                  |  out|    1|  ap_ctrl_hs|  spmm_load_csr|  return value|
|ap_ready                 |  out|    1|  ap_ctrl_hs|  spmm_load_csr|  return value|
|start_out                |  out|    1|  ap_ctrl_hs|  spmm_load_csr|  return value|
|start_write              |  out|    1|  ap_ctrl_hs|  spmm_load_csr|  return value|
|m_axi_gmem3_0_AWVALID    |  out|    1|       m_axi|          gmem3|       pointer|
|m_axi_gmem3_0_AWREADY    |   in|    1|       m_axi|          gmem3|       pointer|
|m_axi_gmem3_0_AWADDR     |  out|   64|       m_axi|          gmem3|       pointer|
|m_axi_gmem3_0_AWID       |  out|    1|       m_axi|          gmem3|       pointer|
|m_axi_gmem3_0_AWLEN      |  out|   32|       m_axi|          gmem3|       pointer|
|m_axi_gmem3_0_AWSIZE     |  out|    3|       m_axi|          gmem3|       pointer|
|m_axi_gmem3_0_AWBURST    |  out|    2|       m_axi|          gmem3|       pointer|
|m_axi_gmem3_0_AWLOCK     |  out|    2|       m_axi|          gmem3|       pointer|
|m_axi_gmem3_0_AWCACHE    |  out|    4|       m_axi|          gmem3|       pointer|
|m_axi_gmem3_0_AWPROT     |  out|    3|       m_axi|          gmem3|       pointer|
|m_axi_gmem3_0_AWQOS      |  out|    4|       m_axi|          gmem3|       pointer|
|m_axi_gmem3_0_AWREGION   |  out|    4|       m_axi|          gmem3|       pointer|
|m_axi_gmem3_0_AWUSER     |  out|    1|       m_axi|          gmem3|       pointer|
|m_axi_gmem3_0_WVALID     |  out|    1|       m_axi|          gmem3|       pointer|
|m_axi_gmem3_0_WREADY     |   in|    1|       m_axi|          gmem3|       pointer|
|m_axi_gmem3_0_WDATA      |  out|   32|       m_axi|          gmem3|       pointer|
|m_axi_gmem3_0_WSTRB      |  out|    4|       m_axi|          gmem3|       pointer|
|m_axi_gmem3_0_WLAST      |  out|    1|       m_axi|          gmem3|       pointer|
|m_axi_gmem3_0_WID        |  out|    1|       m_axi|          gmem3|       pointer|
|m_axi_gmem3_0_WUSER      |  out|    1|       m_axi|          gmem3|       pointer|
|m_axi_gmem3_0_ARVALID    |  out|    1|       m_axi|          gmem3|       pointer|
|m_axi_gmem3_0_ARREADY    |   in|    1|       m_axi|          gmem3|       pointer|
|m_axi_gmem3_0_ARADDR     |  out|   64|       m_axi|          gmem3|       pointer|
|m_axi_gmem3_0_ARID       |  out|    1|       m_axi|          gmem3|       pointer|
|m_axi_gmem3_0_ARLEN      |  out|   32|       m_axi|          gmem3|       pointer|
|m_axi_gmem3_0_ARSIZE     |  out|    3|       m_axi|          gmem3|       pointer|
|m_axi_gmem3_0_ARBURST    |  out|    2|       m_axi|          gmem3|       pointer|
|m_axi_gmem3_0_ARLOCK     |  out|    2|       m_axi|          gmem3|       pointer|
|m_axi_gmem3_0_ARCACHE    |  out|    4|       m_axi|          gmem3|       pointer|
|m_axi_gmem3_0_ARPROT     |  out|    3|       m_axi|          gmem3|       pointer|
|m_axi_gmem3_0_ARQOS      |  out|    4|       m_axi|          gmem3|       pointer|
|m_axi_gmem3_0_ARREGION   |  out|    4|       m_axi|          gmem3|       pointer|
|m_axi_gmem3_0_ARUSER     |  out|    1|       m_axi|          gmem3|       pointer|
|m_axi_gmem3_0_RVALID     |   in|    1|       m_axi|          gmem3|       pointer|
|m_axi_gmem3_0_RREADY     |  out|    1|       m_axi|          gmem3|       pointer|
|m_axi_gmem3_0_RDATA      |   in|   32|       m_axi|          gmem3|       pointer|
|m_axi_gmem3_0_RLAST      |   in|    1|       m_axi|          gmem3|       pointer|
|m_axi_gmem3_0_RID        |   in|    1|       m_axi|          gmem3|       pointer|
|m_axi_gmem3_0_RFIFONUM   |   in|    9|       m_axi|          gmem3|       pointer|
|m_axi_gmem3_0_RUSER      |   in|    1|       m_axi|          gmem3|       pointer|
|m_axi_gmem3_0_RRESP      |   in|    2|       m_axi|          gmem3|       pointer|
|m_axi_gmem3_0_BVALID     |   in|    1|       m_axi|          gmem3|       pointer|
|m_axi_gmem3_0_BREADY     |  out|    1|       m_axi|          gmem3|       pointer|
|m_axi_gmem3_0_BRESP      |   in|    2|       m_axi|          gmem3|       pointer|
|m_axi_gmem3_0_BID        |   in|    1|       m_axi|          gmem3|       pointer|
|m_axi_gmem3_0_BUSER      |   in|    1|       m_axi|          gmem3|       pointer|
|row_length               |   in|   64|   ap_stable|     row_length|        scalar|
|m_axi_gmem4_0_AWVALID    |  out|    1|       m_axi|          gmem4|       pointer|
|m_axi_gmem4_0_AWREADY    |   in|    1|       m_axi|          gmem4|       pointer|
|m_axi_gmem4_0_AWADDR     |  out|   64|       m_axi|          gmem4|       pointer|
|m_axi_gmem4_0_AWID       |  out|    1|       m_axi|          gmem4|       pointer|
|m_axi_gmem4_0_AWLEN      |  out|   32|       m_axi|          gmem4|       pointer|
|m_axi_gmem4_0_AWSIZE     |  out|    3|       m_axi|          gmem4|       pointer|
|m_axi_gmem4_0_AWBURST    |  out|    2|       m_axi|          gmem4|       pointer|
|m_axi_gmem4_0_AWLOCK     |  out|    2|       m_axi|          gmem4|       pointer|
|m_axi_gmem4_0_AWCACHE    |  out|    4|       m_axi|          gmem4|       pointer|
|m_axi_gmem4_0_AWPROT     |  out|    3|       m_axi|          gmem4|       pointer|
|m_axi_gmem4_0_AWQOS      |  out|    4|       m_axi|          gmem4|       pointer|
|m_axi_gmem4_0_AWREGION   |  out|    4|       m_axi|          gmem4|       pointer|
|m_axi_gmem4_0_AWUSER     |  out|    1|       m_axi|          gmem4|       pointer|
|m_axi_gmem4_0_WVALID     |  out|    1|       m_axi|          gmem4|       pointer|
|m_axi_gmem4_0_WREADY     |   in|    1|       m_axi|          gmem4|       pointer|
|m_axi_gmem4_0_WDATA      |  out|   32|       m_axi|          gmem4|       pointer|
|m_axi_gmem4_0_WSTRB      |  out|    4|       m_axi|          gmem4|       pointer|
|m_axi_gmem4_0_WLAST      |  out|    1|       m_axi|          gmem4|       pointer|
|m_axi_gmem4_0_WID        |  out|    1|       m_axi|          gmem4|       pointer|
|m_axi_gmem4_0_WUSER      |  out|    1|       m_axi|          gmem4|       pointer|
|m_axi_gmem4_0_ARVALID    |  out|    1|       m_axi|          gmem4|       pointer|
|m_axi_gmem4_0_ARREADY    |   in|    1|       m_axi|          gmem4|       pointer|
|m_axi_gmem4_0_ARADDR     |  out|   64|       m_axi|          gmem4|       pointer|
|m_axi_gmem4_0_ARID       |  out|    1|       m_axi|          gmem4|       pointer|
|m_axi_gmem4_0_ARLEN      |  out|   32|       m_axi|          gmem4|       pointer|
|m_axi_gmem4_0_ARSIZE     |  out|    3|       m_axi|          gmem4|       pointer|
|m_axi_gmem4_0_ARBURST    |  out|    2|       m_axi|          gmem4|       pointer|
|m_axi_gmem4_0_ARLOCK     |  out|    2|       m_axi|          gmem4|       pointer|
|m_axi_gmem4_0_ARCACHE    |  out|    4|       m_axi|          gmem4|       pointer|
|m_axi_gmem4_0_ARPROT     |  out|    3|       m_axi|          gmem4|       pointer|
|m_axi_gmem4_0_ARQOS      |  out|    4|       m_axi|          gmem4|       pointer|
|m_axi_gmem4_0_ARREGION   |  out|    4|       m_axi|          gmem4|       pointer|
|m_axi_gmem4_0_ARUSER     |  out|    1|       m_axi|          gmem4|       pointer|
|m_axi_gmem4_0_RVALID     |   in|    1|       m_axi|          gmem4|       pointer|
|m_axi_gmem4_0_RREADY     |  out|    1|       m_axi|          gmem4|       pointer|
|m_axi_gmem4_0_RDATA      |   in|   32|       m_axi|          gmem4|       pointer|
|m_axi_gmem4_0_RLAST      |   in|    1|       m_axi|          gmem4|       pointer|
|m_axi_gmem4_0_RID        |   in|    1|       m_axi|          gmem4|       pointer|
|m_axi_gmem4_0_RFIFONUM   |   in|    9|       m_axi|          gmem4|       pointer|
|m_axi_gmem4_0_RUSER      |   in|    1|       m_axi|          gmem4|       pointer|
|m_axi_gmem4_0_RRESP      |   in|    2|       m_axi|          gmem4|       pointer|
|m_axi_gmem4_0_BVALID     |   in|    1|       m_axi|          gmem4|       pointer|
|m_axi_gmem4_0_BREADY     |  out|    1|       m_axi|          gmem4|       pointer|
|m_axi_gmem4_0_BRESP      |   in|    2|       m_axi|          gmem4|       pointer|
|m_axi_gmem4_0_BID        |   in|    1|       m_axi|          gmem4|       pointer|
|m_axi_gmem4_0_BUSER      |   in|    1|       m_axi|          gmem4|       pointer|
|colind                   |   in|   64|   ap_stable|         colind|        scalar|
|m_axi_gmem5_0_AWVALID    |  out|    1|       m_axi|          gmem5|       pointer|
|m_axi_gmem5_0_AWREADY    |   in|    1|       m_axi|          gmem5|       pointer|
|m_axi_gmem5_0_AWADDR     |  out|   64|       m_axi|          gmem5|       pointer|
|m_axi_gmem5_0_AWID       |  out|    1|       m_axi|          gmem5|       pointer|
|m_axi_gmem5_0_AWLEN      |  out|   32|       m_axi|          gmem5|       pointer|
|m_axi_gmem5_0_AWSIZE     |  out|    3|       m_axi|          gmem5|       pointer|
|m_axi_gmem5_0_AWBURST    |  out|    2|       m_axi|          gmem5|       pointer|
|m_axi_gmem5_0_AWLOCK     |  out|    2|       m_axi|          gmem5|       pointer|
|m_axi_gmem5_0_AWCACHE    |  out|    4|       m_axi|          gmem5|       pointer|
|m_axi_gmem5_0_AWPROT     |  out|    3|       m_axi|          gmem5|       pointer|
|m_axi_gmem5_0_AWQOS      |  out|    4|       m_axi|          gmem5|       pointer|
|m_axi_gmem5_0_AWREGION   |  out|    4|       m_axi|          gmem5|       pointer|
|m_axi_gmem5_0_AWUSER     |  out|    1|       m_axi|          gmem5|       pointer|
|m_axi_gmem5_0_WVALID     |  out|    1|       m_axi|          gmem5|       pointer|
|m_axi_gmem5_0_WREADY     |   in|    1|       m_axi|          gmem5|       pointer|
|m_axi_gmem5_0_WDATA      |  out|   16|       m_axi|          gmem5|       pointer|
|m_axi_gmem5_0_WSTRB      |  out|    2|       m_axi|          gmem5|       pointer|
|m_axi_gmem5_0_WLAST      |  out|    1|       m_axi|          gmem5|       pointer|
|m_axi_gmem5_0_WID        |  out|    1|       m_axi|          gmem5|       pointer|
|m_axi_gmem5_0_WUSER      |  out|    1|       m_axi|          gmem5|       pointer|
|m_axi_gmem5_0_ARVALID    |  out|    1|       m_axi|          gmem5|       pointer|
|m_axi_gmem5_0_ARREADY    |   in|    1|       m_axi|          gmem5|       pointer|
|m_axi_gmem5_0_ARADDR     |  out|   64|       m_axi|          gmem5|       pointer|
|m_axi_gmem5_0_ARID       |  out|    1|       m_axi|          gmem5|       pointer|
|m_axi_gmem5_0_ARLEN      |  out|   32|       m_axi|          gmem5|       pointer|
|m_axi_gmem5_0_ARSIZE     |  out|    3|       m_axi|          gmem5|       pointer|
|m_axi_gmem5_0_ARBURST    |  out|    2|       m_axi|          gmem5|       pointer|
|m_axi_gmem5_0_ARLOCK     |  out|    2|       m_axi|          gmem5|       pointer|
|m_axi_gmem5_0_ARCACHE    |  out|    4|       m_axi|          gmem5|       pointer|
|m_axi_gmem5_0_ARPROT     |  out|    3|       m_axi|          gmem5|       pointer|
|m_axi_gmem5_0_ARQOS      |  out|    4|       m_axi|          gmem5|       pointer|
|m_axi_gmem5_0_ARREGION   |  out|    4|       m_axi|          gmem5|       pointer|
|m_axi_gmem5_0_ARUSER     |  out|    1|       m_axi|          gmem5|       pointer|
|m_axi_gmem5_0_RVALID     |   in|    1|       m_axi|          gmem5|       pointer|
|m_axi_gmem5_0_RREADY     |  out|    1|       m_axi|          gmem5|       pointer|
|m_axi_gmem5_0_RDATA      |   in|   16|       m_axi|          gmem5|       pointer|
|m_axi_gmem5_0_RLAST      |   in|    1|       m_axi|          gmem5|       pointer|
|m_axi_gmem5_0_RID        |   in|    1|       m_axi|          gmem5|       pointer|
|m_axi_gmem5_0_RFIFONUM   |   in|   10|       m_axi|          gmem5|       pointer|
|m_axi_gmem5_0_RUSER      |   in|    1|       m_axi|          gmem5|       pointer|
|m_axi_gmem5_0_RRESP      |   in|    2|       m_axi|          gmem5|       pointer|
|m_axi_gmem5_0_BVALID     |   in|    1|       m_axi|          gmem5|       pointer|
|m_axi_gmem5_0_BREADY     |  out|    1|       m_axi|          gmem5|       pointer|
|m_axi_gmem5_0_BRESP      |   in|    2|       m_axi|          gmem5|       pointer|
|m_axi_gmem5_0_BID        |   in|    1|       m_axi|          gmem5|       pointer|
|m_axi_gmem5_0_BUSER      |   in|    1|       m_axi|          gmem5|       pointer|
|values                   |   in|   64|   ap_stable|         values|        scalar|
|nnz_total                |   in|   32|   ap_stable|      nnz_total|        scalar|
|row_fifo_din             |  out|   32|     ap_fifo|       row_fifo|       pointer|
|row_fifo_full_n          |   in|    1|     ap_fifo|       row_fifo|       pointer|
|row_fifo_write           |  out|    1|     ap_fifo|       row_fifo|       pointer|
|row_fifo_num_data_valid  |   in|    5|     ap_fifo|       row_fifo|       pointer|
|row_fifo_fifo_cap        |   in|    5|     ap_fifo|       row_fifo|       pointer|
|col_fifo_din             |  out|   32|     ap_fifo|       col_fifo|       pointer|
|col_fifo_full_n          |   in|    1|     ap_fifo|       col_fifo|       pointer|
|col_fifo_write           |  out|    1|     ap_fifo|       col_fifo|       pointer|
|col_fifo_num_data_valid  |   in|    9|     ap_fifo|       col_fifo|       pointer|
|col_fifo_fifo_cap        |   in|    9|     ap_fifo|       col_fifo|       pointer|
|val_fifo_din             |  out|   16|     ap_fifo|       val_fifo|       pointer|
|val_fifo_full_n          |   in|    1|     ap_fifo|       val_fifo|       pointer|
|val_fifo_write           |  out|    1|     ap_fifo|       val_fifo|       pointer|
|val_fifo_num_data_valid  |   in|    9|     ap_fifo|       val_fifo|       pointer|
|val_fifo_fifo_cap        |   in|    9|     ap_fifo|       val_fifo|       pointer|
+-------------------------+-----+-----+------------+---------------+--------------+

