

================================================================
== Vitis HLS Report for 'spmm_compute_Pipeline_SPMM_MAC'
================================================================
* Date:           Thu Apr 16 11:31:56 2026

* Version:        2025.2 (Build 6295257 on Nov 14 2025)
* Project:        integrated_gcn
* Solution:       hls (Vivado IP Flow Target)
* Product family: zynquplus
* Target device:  xck26-sfvc784-2LV-c


================================================================
== Performance Estimates
================================================================
+ Timing: 
    * Summary: 
    +--------+----------+----------+------------+
    |  Clock |  Target  | Estimated| Uncertainty|
    +--------+----------+----------+------------+
    |ap_clk  |  10.00 ns|  5.601 ns|     2.70 ns|
    +--------+----------+----------+------------+

+ Latency: 
    * Summary: 
    +---------+---------+-----------+-----------+-----+-----+-------------------+
    |  Latency (cycles) |   Latency (absolute)  |  Interval |      Pipeline     |
    |   min   |   max   |    min    |    max    | min | max |        Type       |
    +---------+---------+-----------+-----------+-----+-----+-------------------+
    |        4|        4|  40.000 ns|  40.000 ns|    0|    0|  loop pipeline stp|
    +---------+---------+-----------+-----------+-----+-----+-------------------+

    + Detail: 
        * Instance: 
        N/A

        * Loop: 
        +------------+---------+---------+----------+-----------+-----------+------+----------+
        |            |  Latency (cycles) | Iteration|  Initiation Interval  | Trip |          |
        |  Loop Name |   min   |   max   |  Latency |  achieved |   target  | Count| Pipelined|
        +------------+---------+---------+----------+-----------+-----------+------+----------+
        |- SPMM_MAC  |        2|        2|         2|          1|          1|     2|       yes|
        +------------+---------+---------+----------+-----------+-----------+------+----------+



================================================================
== Utilization Estimates
================================================================
* Summary: 
+-----------------+---------+------+--------+--------+-----+
|       Name      | BRAM_18K|  DSP |   FF   |   LUT  | URAM|
+-----------------+---------+------+--------+--------+-----+
|DSP              |        -|     -|       -|       -|    -|
|Expression       |        -|     -|       0|    1904|    -|
|FIFO             |        -|     -|       -|       -|    -|
|Instance         |        -|    64|       0|    1440|    -|
|Memory           |        -|     -|       -|       -|    -|
|Multiplexer      |        -|     -|       0|      36|    -|
|Register         |        -|     -|      94|       -|    -|
+-----------------+---------+------+--------+--------+-----+
|Total            |        0|    64|      94|    3380|    0|
+-----------------+---------+------+--------+--------+-----+
|Available        |      288|  1248|  234240|  117120|   64|
+-----------------+---------+------+--------+--------+-----+
|Utilization (%)  |        0|     5|      ~0|       2|    0|
+-----------------+---------+------+--------+--------+-----+

+ Detail: 
    * Instance: 
    +--------------------------+--------------------+---------+----+---+----+-----+
    |         Instance         |       Module       | BRAM_18K| DSP| FF| LUT| URAM|
    +--------------------------+--------------------+---------+----+---+----+-----+
    |mul_26s_26s_52_1_1_U1565  |mul_26s_26s_52_1_1  |        0|   2|  0|  45|    0|
    |mul_26s_26s_52_1_1_U1566  |mul_26s_26s_52_1_1  |        0|   2|  0|  45|    0|
    |mul_26s_26s_52_1_1_U1567  |mul_26s_26s_52_1_1  |        0|   2|  0|  45|    0|
    |mul_26s_26s_52_1_1_U1568  |mul_26s_26s_52_1_1  |        0|   2|  0|  45|    0|
    |mul_26s_26s_52_1_1_U1569  |mul_26s_26s_52_1_1  |        0|   2|  0|  45|    0|
    |mul_26s_26s_52_1_1_U1570  |mul_26s_26s_52_1_1  |        0|   2|  0|  45|    0|
    |mul_26s_26s_52_1_1_U1571  |mul_26s_26s_52_1_1  |        0|   2|  0|  45|    0|
    |mul_26s_26s_52_1_1_U1572  |mul_26s_26s_52_1_1  |        0|   2|  0|  45|    0|
    |mul_26s_26s_52_1_1_U1573  |mul_26s_26s_52_1_1  |        0|   2|  0|  45|    0|
    |mul_26s_26s_52_1_1_U1574  |mul_26s_26s_52_1_1  |        0|   2|  0|  45|    0|
    |mul_26s_26s_52_1_1_U1575  |mul_26s_26s_52_1_1  |        0|   2|  0|  45|    0|
    |mul_26s_26s_52_1_1_U1576  |mul_26s_26s_52_1_1  |        0|   2|  0|  45|    0|
    |mul_26s_26s_52_1_1_U1577  |mul_26s_26s_52_1_1  |        0|   2|  0|  45|    0|
    |mul_26s_26s_52_1_1_U1578  |mul_26s_26s_52_1_1  |        0|   2|  0|  45|    0|
    |mul_26s_26s_52_1_1_U1579  |mul_26s_26s_52_1_1  |        0|   2|  0|  45|    0|
    |mul_26s_26s_52_1_1_U1580  |mul_26s_26s_52_1_1  |        0|   2|  0|  45|    0|
    |mul_26s_26s_52_1_1_U1581  |mul_26s_26s_52_1_1  |        0|   2|  0|  45|    0|
    |mul_26s_26s_52_1_1_U1582  |mul_26s_26s_52_1_1  |        0|   2|  0|  45|    0|
    |mul_26s_26s_52_1_1_U1583  |mul_26s_26s_52_1_1  |        0|   2|  0|  45|    0|
    |mul_26s_26s_52_1_1_U1584  |mul_26s_26s_52_1_1  |        0|   2|  0|  45|    0|
    |mul_26s_26s_52_1_1_U1585  |mul_26s_26s_52_1_1  |        0|   2|  0|  45|    0|
    |mul_26s_26s_52_1_1_U1586  |mul_26s_26s_52_1_1  |        0|   2|  0|  45|    0|
    |mul_26s_26s_52_1_1_U1587  |mul_26s_26s_52_1_1  |        0|   2|  0|  45|    0|
    |mul_26s_26s_52_1_1_U1588  |mul_26s_26s_52_1_1  |        0|   2|  0|  45|    0|
    |mul_26s_26s_52_1_1_U1589  |mul_26s_26s_52_1_1  |        0|   2|  0|  45|    0|
    |mul_26s_26s_52_1_1_U1590  |mul_26s_26s_52_1_1  |        0|   2|  0|  45|    0|
    |mul_26s_26s_52_1_1_U1591  |mul_26s_26s_52_1_1  |        0|   2|  0|  45|    0|
    |mul_26s_26s_52_1_1_U1592  |mul_26s_26s_52_1_1  |        0|   2|  0|  45|    0|
    |mul_26s_26s_52_1_1_U1593  |mul_26s_26s_52_1_1  |        0|   2|  0|  45|    0|
    |mul_26s_26s_52_1_1_U1594  |mul_26s_26s_52_1_1  |        0|   2|  0|  45|    0|
    |mul_26s_26s_52_1_1_U1595  |mul_26s_26s_52_1_1  |        0|   2|  0|  45|    0|
    |mul_26s_26s_52_1_1_U1596  |mul_26s_26s_52_1_1  |        0|   2|  0|  45|    0|
    +--------------------------+--------------------+---------+----+---+----+-----+
    |Total                     |                    |        0|  64|  0|1440|    0|
    +--------------------------+--------------------+---------+----+---+----+-----+

    * DSP: 
    N/A

    * Memory: 
    N/A

    * FIFO: 
    N/A

    * Expression: 
    +-------------------------+----------+----+---+----+------------+------------+
    |      Variable Name      | Operation| DSP| FF| LUT| Bitwidth P0| Bitwidth P1|
    +-------------------------+----------+----+---+----+------------+------------+
    |add_ln265_fu_1370_p2     |         +|   0|  0|  14|           7|           6|
    |add_ln268_10_fu_1782_p2  |         +|   0|  0|  59|          52|          52|
    |add_ln268_11_fu_1820_p2  |         +|   0|  0|  59|          52|          52|
    |add_ln268_12_fu_1858_p2  |         +|   0|  0|  59|          52|          52|
    |add_ln268_13_fu_1896_p2  |         +|   0|  0|  59|          52|          52|
    |add_ln268_14_fu_1934_p2  |         +|   0|  0|  59|          52|          52|
    |add_ln268_15_fu_1972_p2  |         +|   0|  0|  59|          52|          52|
    |add_ln268_16_fu_2010_p2  |         +|   0|  0|  59|          52|          52|
    |add_ln268_17_fu_2048_p2  |         +|   0|  0|  59|          52|          52|
    |add_ln268_18_fu_2086_p2  |         +|   0|  0|  59|          52|          52|
    |add_ln268_19_fu_2124_p2  |         +|   0|  0|  59|          52|          52|
    |add_ln268_1_fu_1440_p2   |         +|   0|  0|  59|          52|          52|
    |add_ln268_20_fu_2162_p2  |         +|   0|  0|  59|          52|          52|
    |add_ln268_21_fu_2200_p2  |         +|   0|  0|  59|          52|          52|
    |add_ln268_22_fu_2238_p2  |         +|   0|  0|  59|          52|          52|
    |add_ln268_23_fu_2276_p2  |         +|   0|  0|  59|          52|          52|
    |add_ln268_24_fu_2314_p2  |         +|   0|  0|  59|          52|          52|
    |add_ln268_25_fu_2352_p2  |         +|   0|  0|  59|          52|          52|
    |add_ln268_26_fu_2390_p2  |         +|   0|  0|  59|          52|          52|
    |add_ln268_27_fu_2428_p2  |         +|   0|  0|  59|          52|          52|
    |add_ln268_28_fu_2466_p2  |         +|   0|  0|  59|          52|          52|
    |add_ln268_29_fu_2504_p2  |         +|   0|  0|  59|          52|          52|
    |add_ln268_2_fu_1478_p2   |         +|   0|  0|  59|          52|          52|
    |add_ln268_30_fu_2542_p2  |         +|   0|  0|  59|          52|          52|
    |add_ln268_31_fu_2580_p2  |         +|   0|  0|  59|          52|          52|
    |add_ln268_3_fu_1516_p2   |         +|   0|  0|  59|          52|          52|
    |add_ln268_4_fu_1554_p2   |         +|   0|  0|  59|          52|          52|
    |add_ln268_5_fu_1592_p2   |         +|   0|  0|  59|          52|          52|
    |add_ln268_6_fu_1630_p2   |         +|   0|  0|  59|          52|          52|
    |add_ln268_7_fu_1668_p2   |         +|   0|  0|  59|          52|          52|
    |add_ln268_8_fu_1706_p2   |         +|   0|  0|  59|          52|          52|
    |add_ln268_9_fu_1744_p2   |         +|   0|  0|  59|          52|          52|
    |add_ln268_fu_1402_p2     |         +|   0|  0|  59|          52|          52|
    |ap_enable_pp0            |       xor|   0|  0|   2|           1|           2|
    +-------------------------+----------+----+---+----+------------+------------+
    |Total                    |          |   0|  0|1904|        1672|        1672|
    +-------------------------+----------+----+---+----+------------+------------+

    * Multiplexer: 
    +-------------------------+----+-----------+-----+-----------+
    |           Name          | LUT| Input Size| Bits| Total Bits|
    +-------------------------+----+-----------+-----+-----------+
    |ap_done_int              |   9|          2|    1|          2|
    |ap_enable_reg_pp0_iter1  |   9|          2|    1|          2|
    |ap_sig_allocacmp_f_3     |   9|          2|    7|         14|
    |f_fu_176                 |   9|          2|    7|         14|
    +-------------------------+----+-----------+-----+-----------+
    |Total                    |  36|          8|   16|         32|
    +-------------------------+----+-----------+-----+-----------+

    * Register: 
    +--------------------------+----+----+-----+-----------+
    |           Name           | FF | LUT| Bits| Const Bits|
    +--------------------------+----+----+-----+-----------+
    |acc_10_addr_reg_2758      |   1|   0|    1|          0|
    |acc_11_addr_reg_2769      |   1|   0|    1|          0|
    |acc_12_addr_reg_2780      |   1|   0|    1|          0|
    |acc_13_addr_reg_2791      |   1|   0|    1|          0|
    |acc_14_addr_reg_2802      |   1|   0|    1|          0|
    |acc_15_addr_reg_2813      |   1|   0|    1|          0|
    |acc_16_addr_reg_2824      |   1|   0|    1|          0|
    |acc_17_addr_reg_2835      |   1|   0|    1|          0|
    |acc_18_addr_reg_2846      |   1|   0|    1|          0|
    |acc_19_addr_reg_2857      |   1|   0|    1|          0|
    |acc_1_addr_reg_2659       |   1|   0|    1|          0|
    |acc_20_addr_reg_2868      |   1|   0|    1|          0|
    |acc_21_addr_reg_2879      |   1|   0|    1|          0|
    |acc_22_addr_reg_2890      |   1|   0|    1|          0|
    |acc_23_addr_reg_2901      |   1|   0|    1|          0|
    |acc_24_addr_reg_2912      |   1|   0|    1|          0|
    |acc_25_addr_reg_2923      |   1|   0|    1|          0|
    |acc_26_addr_reg_2934      |   1|   0|    1|          0|
    |acc_27_addr_reg_2945      |   1|   0|    1|          0|
    |acc_28_addr_reg_2956      |   1|   0|    1|          0|
    |acc_29_addr_reg_2967      |   1|   0|    1|          0|
    |acc_2_addr_reg_2670       |   1|   0|    1|          0|
    |acc_30_addr_reg_2978      |   1|   0|    1|          0|
    |acc_31_addr_reg_2989      |   1|   0|    1|          0|
    |acc_3_addr_reg_2681       |   1|   0|    1|          0|
    |acc_4_addr_reg_2692       |   1|   0|    1|          0|
    |acc_5_addr_reg_2703       |   1|   0|    1|          0|
    |acc_6_addr_reg_2714       |   1|   0|    1|          0|
    |acc_7_addr_reg_2725       |   1|   0|    1|          0|
    |acc_8_addr_reg_2736       |   1|   0|    1|          0|
    |acc_9_addr_reg_2747       |   1|   0|    1|          0|
    |acc_addr_reg_2648         |   1|   0|    1|          0|
    |ap_CS_fsm                 |   1|   0|    1|          0|
    |ap_done_reg               |   1|   0|    1|          0|
    |ap_enable_reg_pp0_iter1   |   1|   0|    1|          0|
    |f_fu_176                  |   7|   0|    7|          0|
    |sext_ln265_cast_reg_2604  |  52|   0|   52|          0|
    +--------------------------+----+----+-----+-----------+
    |Total                     |  94|   0|   94|          0|
    +--------------------------+----+----+-----+-----------+



================================================================
== Interface
================================================================
* Summary: 
+-------------------+-----+-----+------------+--------------------------------+--------------+
|     RTL Ports     | Dir | Bits|  Protocol  |          Source Object         |    C Type    |
+-------------------+-----+-----+------------+--------------------------------+--------------+
|ap_clk             |   in|    1|  ap_ctrl_hs|  spmm_compute_Pipeline_SPMM_MAC|  return value|
|ap_rst             |   in|    1|  ap_ctrl_hs|  spmm_compute_Pipeline_SPMM_MAC|  return value|
|ap_start           |   in|    1|  ap_ctrl_hs|  spmm_compute_Pipeline_SPMM_MAC|  return value|
|ap_done            |  out|    1|  ap_ctrl_hs|  spmm_compute_Pipeline_SPMM_MAC|  return value|
|ap_idle            |  out|    1|  ap_ctrl_hs|  spmm_compute_Pipeline_SPMM_MAC|  return value|
|ap_ready           |  out|    1|  ap_ctrl_hs|  spmm_compute_Pipeline_SPMM_MAC|  return value|
|acc_31_address0    |  out|    1|   ap_memory|                          acc_31|         array|
|acc_31_ce0         |  out|    1|   ap_memory|                          acc_31|         array|
|acc_31_we0         |  out|    1|   ap_memory|                          acc_31|         array|
|acc_31_d0          |  out|   32|   ap_memory|                          acc_31|         array|
|acc_31_address1    |  out|    1|   ap_memory|                          acc_31|         array|
|acc_31_ce1         |  out|    1|   ap_memory|                          acc_31|         array|
|acc_31_q1          |   in|   32|   ap_memory|                          acc_31|         array|
|acc_30_address0    |  out|    1|   ap_memory|                          acc_30|         array|
|acc_30_ce0         |  out|    1|   ap_memory|                          acc_30|         array|
|acc_30_we0         |  out|    1|   ap_memory|                          acc_30|         array|
|acc_30_d0          |  out|   32|   ap_memory|                          acc_30|         array|
|acc_30_address1    |  out|    1|   ap_memory|                          acc_30|         array|
|acc_30_ce1         |  out|    1|   ap_memory|                          acc_30|         array|
|acc_30_q1          |   in|   32|   ap_memory|                          acc_30|         array|
|acc_29_address0    |  out|    1|   ap_memory|                          acc_29|         array|
|acc_29_ce0         |  out|    1|   ap_memory|                          acc_29|         array|
|acc_29_we0         |  out|    1|   ap_memory|                          acc_29|         array|
|acc_29_d0          |  out|   32|   ap_memory|                          acc_29|         array|
|acc_29_address1    |  out|    1|   ap_memory|                          acc_29|         array|
|acc_29_ce1         |  out|    1|   ap_memory|                          acc_29|         array|
|acc_29_q1          |   in|   32|   ap_memory|                          acc_29|         array|
|acc_28_address0    |  out|    1|   ap_memory|                          acc_28|         array|
|acc_28_ce0         |  out|    1|   ap_memory|                          acc_28|         array|
|acc_28_we0         |  out|    1|   ap_memory|                          acc_28|         array|
|acc_28_d0          |  out|   32|   ap_memory|                          acc_28|         array|
|acc_28_address1    |  out|    1|   ap_memory|                          acc_28|         array|
|acc_28_ce1         |  out|    1|   ap_memory|                          acc_28|         array|
|acc_28_q1          |   in|   32|   ap_memory|                          acc_28|         array|
|acc_27_address0    |  out|    1|   ap_memory|                          acc_27|         array|
|acc_27_ce0         |  out|    1|   ap_memory|                          acc_27|         array|
|acc_27_we0         |  out|    1|   ap_memory|                          acc_27|         array|
|acc_27_d0          |  out|   32|   ap_memory|                          acc_27|         array|
|acc_27_address1    |  out|    1|   ap_memory|                          acc_27|         array|
|acc_27_ce1         |  out|    1|   ap_memory|                          acc_27|         array|
|acc_27_q1          |   in|   32|   ap_memory|                          acc_27|         array|
|acc_26_address0    |  out|    1|   ap_memory|                          acc_26|         array|
|acc_26_ce0         |  out|    1|   ap_memory|                          acc_26|         array|
|acc_26_we0         |  out|    1|   ap_memory|                          acc_26|         array|
|acc_26_d0          |  out|   32|   ap_memory|                          acc_26|         array|
|acc_26_address1    |  out|    1|   ap_memory|                          acc_26|         array|
|acc_26_ce1         |  out|    1|   ap_memory|                          acc_26|         array|
|acc_26_q1          |   in|   32|   ap_memory|                          acc_26|         array|
|acc_25_address0    |  out|    1|   ap_memory|                          acc_25|         array|
|acc_25_ce0         |  out|    1|   ap_memory|                          acc_25|         array|
|acc_25_we0         |  out|    1|   ap_memory|                          acc_25|         array|
|acc_25_d0          |  out|   32|   ap_memory|                          acc_25|         array|
|acc_25_address1    |  out|    1|   ap_memory|                          acc_25|         array|
|acc_25_ce1         |  out|    1|   ap_memory|                          acc_25|         array|
|acc_25_q1          |   in|   32|   ap_memory|                          acc_25|         array|
|acc_24_address0    |  out|    1|   ap_memory|                          acc_24|         array|
|acc_24_ce0         |  out|    1|   ap_memory|                          acc_24|         array|
|acc_24_we0         |  out|    1|   ap_memory|                          acc_24|         array|
|acc_24_d0          |  out|   32|   ap_memory|                          acc_24|         array|
|acc_24_address1    |  out|    1|   ap_memory|                          acc_24|         array|
|acc_24_ce1         |  out|    1|   ap_memory|                          acc_24|         array|
|acc_24_q1          |   in|   32|   ap_memory|                          acc_24|         array|
|acc_23_address0    |  out|    1|   ap_memory|                          acc_23|         array|
|acc_23_ce0         |  out|    1|   ap_memory|                          acc_23|         array|
|acc_23_we0         |  out|    1|   ap_memory|                          acc_23|         array|
|acc_23_d0          |  out|   32|   ap_memory|                          acc_23|         array|
|acc_23_address1    |  out|    1|   ap_memory|                          acc_23|         array|
|acc_23_ce1         |  out|    1|   ap_memory|                          acc_23|         array|
|acc_23_q1          |   in|   32|   ap_memory|                          acc_23|         array|
|acc_22_address0    |  out|    1|   ap_memory|                          acc_22|         array|
|acc_22_ce0         |  out|    1|   ap_memory|                          acc_22|         array|
|acc_22_we0         |  out|    1|   ap_memory|                          acc_22|         array|
|acc_22_d0          |  out|   32|   ap_memory|                          acc_22|         array|
|acc_22_address1    |  out|    1|   ap_memory|                          acc_22|         array|
|acc_22_ce1         |  out|    1|   ap_memory|                          acc_22|         array|
|acc_22_q1          |   in|   32|   ap_memory|                          acc_22|         array|
|acc_21_address0    |  out|    1|   ap_memory|                          acc_21|         array|
|acc_21_ce0         |  out|    1|   ap_memory|                          acc_21|         array|
|acc_21_we0         |  out|    1|   ap_memory|                          acc_21|         array|
|acc_21_d0          |  out|   32|   ap_memory|                          acc_21|         array|
|acc_21_address1    |  out|    1|   ap_memory|                          acc_21|         array|
|acc_21_ce1         |  out|    1|   ap_memory|                          acc_21|         array|
|acc_21_q1          |   in|   32|   ap_memory|                          acc_21|         array|
|acc_20_address0    |  out|    1|   ap_memory|                          acc_20|         array|
|acc_20_ce0         |  out|    1|   ap_memory|                          acc_20|         array|
|acc_20_we0         |  out|    1|   ap_memory|                          acc_20|         array|
|acc_20_d0          |  out|   32|   ap_memory|                          acc_20|         array|
|acc_20_address1    |  out|    1|   ap_memory|                          acc_20|         array|
|acc_20_ce1         |  out|    1|   ap_memory|                          acc_20|         array|
|acc_20_q1          |   in|   32|   ap_memory|                          acc_20|         array|
|acc_19_address0    |  out|    1|   ap_memory|                          acc_19|         array|
|acc_19_ce0         |  out|    1|   ap_memory|                          acc_19|         array|
|acc_19_we0         |  out|    1|   ap_memory|                          acc_19|         array|
|acc_19_d0          |  out|   32|   ap_memory|                          acc_19|         array|
|acc_19_address1    |  out|    1|   ap_memory|                          acc_19|         array|
|acc_19_ce1         |  out|    1|   ap_memory|                          acc_19|         array|
|acc_19_q1          |   in|   32|   ap_memory|                          acc_19|         array|
|acc_18_address0    |  out|    1|   ap_memory|                          acc_18|         array|
|acc_18_ce0         |  out|    1|   ap_memory|                          acc_18|         array|
|acc_18_we0         |  out|    1|   ap_memory|                          acc_18|         array|
|acc_18_d0          |  out|   32|   ap_memory|                          acc_18|         array|
|acc_18_address1    |  out|    1|   ap_memory|                          acc_18|         array|
|acc_18_ce1         |  out|    1|   ap_memory|                          acc_18|         array|
|acc_18_q1          |   in|   32|   ap_memory|                          acc_18|         array|
|acc_17_address0    |  out|    1|   ap_memory|                          acc_17|         array|
|acc_17_ce0         |  out|    1|   ap_memory|                          acc_17|         array|
|acc_17_we0         |  out|    1|   ap_memory|                          acc_17|         array|
|acc_17_d0          |  out|   32|   ap_memory|                          acc_17|         array|
|acc_17_address1    |  out|    1|   ap_memory|                          acc_17|         array|
|acc_17_ce1         |  out|    1|   ap_memory|                          acc_17|         array|
|acc_17_q1          |   in|   32|   ap_memory|                          acc_17|         array|
|acc_16_address0    |  out|    1|   ap_memory|                          acc_16|         array|
|acc_16_ce0         |  out|    1|   ap_memory|                          acc_16|         array|
|acc_16_we0         |  out|    1|   ap_memory|                          acc_16|         array|
|acc_16_d0          |  out|   32|   ap_memory|                          acc_16|         array|
|acc_16_address1    |  out|    1|   ap_memory|                          acc_16|         array|
|acc_16_ce1         |  out|    1|   ap_memory|                          acc_16|         array|
|acc_16_q1          |   in|   32|   ap_memory|                          acc_16|         array|
|acc_15_address0    |  out|    1|   ap_memory|                          acc_15|         array|
|acc_15_ce0         |  out|    1|   ap_memory|                          acc_15|         array|
|acc_15_we0         |  out|    1|   ap_memory|                          acc_15|         array|
|acc_15_d0          |  out|   32|   ap_memory|                          acc_15|         array|
|acc_15_address1    |  out|    1|   ap_memory|                          acc_15|         array|
|acc_15_ce1         |  out|    1|   ap_memory|                          acc_15|         array|
|acc_15_q1          |   in|   32|   ap_memory|                          acc_15|         array|
|acc_14_address0    |  out|    1|   ap_memory|                          acc_14|         array|
|acc_14_ce0         |  out|    1|   ap_memory|                          acc_14|         array|
|acc_14_we0         |  out|    1|   ap_memory|                          acc_14|         array|
|acc_14_d0          |  out|   32|   ap_memory|                          acc_14|         array|
|acc_14_address1    |  out|    1|   ap_memory|                          acc_14|         array|
|acc_14_ce1         |  out|    1|   ap_memory|                          acc_14|         array|
|acc_14_q1          |   in|   32|   ap_memory|                          acc_14|         array|
|acc_13_address0    |  out|    1|   ap_memory|                          acc_13|         array|
|acc_13_ce0         |  out|    1|   ap_memory|                          acc_13|         array|
|acc_13_we0         |  out|    1|   ap_memory|                          acc_13|         array|
|acc_13_d0          |  out|   32|   ap_memory|                          acc_13|         array|
|acc_13_address1    |  out|    1|   ap_memory|                          acc_13|         array|
|acc_13_ce1         |  out|    1|   ap_memory|                          acc_13|         array|
|acc_13_q1          |   in|   32|   ap_memory|                          acc_13|         array|
|acc_12_address0    |  out|    1|   ap_memory|                          acc_12|         array|
|acc_12_ce0         |  out|    1|   ap_memory|                          acc_12|         array|
|acc_12_we0         |  out|    1|   ap_memory|                          acc_12|         array|
|acc_12_d0          |  out|   32|   ap_memory|                          acc_12|         array|
|acc_12_address1    |  out|    1|   ap_memory|                          acc_12|         array|
|acc_12_ce1         |  out|    1|   ap_memory|                          acc_12|         array|
|acc_12_q1          |   in|   32|   ap_memory|                          acc_12|         array|
|acc_11_address0    |  out|    1|   ap_memory|                          acc_11|         array|
|acc_11_ce0         |  out|    1|   ap_memory|                          acc_11|         array|
|acc_11_we0         |  out|    1|   ap_memory|                          acc_11|         array|
|acc_11_d0          |  out|   32|   ap_memory|                          acc_11|         array|
|acc_11_address1    |  out|    1|   ap_memory|                          acc_11|         array|
|acc_11_ce1         |  out|    1|   ap_memory|                          acc_11|         array|
|acc_11_q1          |   in|   32|   ap_memory|                          acc_11|         array|
|acc_10_address0    |  out|    1|   ap_memory|                          acc_10|         array|
|acc_10_ce0         |  out|    1|   ap_memory|                          acc_10|         array|
|acc_10_we0         |  out|    1|   ap_memory|                          acc_10|         array|
|acc_10_d0          |  out|   32|   ap_memory|                          acc_10|         array|
|acc_10_address1    |  out|    1|   ap_memory|                          acc_10|         array|
|acc_10_ce1         |  out|    1|   ap_memory|                          acc_10|         array|
|acc_10_q1          |   in|   32|   ap_memory|                          acc_10|         array|
|acc_9_address0     |  out|    1|   ap_memory|                           acc_9|         array|
|acc_9_ce0          |  out|    1|   ap_memory|                           acc_9|         array|
|acc_9_we0          |  out|    1|   ap_memory|                           acc_9|         array|
|acc_9_d0           |  out|   32|   ap_memory|                           acc_9|         array|
|acc_9_address1     |  out|    1|   ap_memory|                           acc_9|         array|
|acc_9_ce1          |  out|    1|   ap_memory|                           acc_9|         array|
|acc_9_q1           |   in|   32|   ap_memory|                           acc_9|         array|
|acc_8_address0     |  out|    1|   ap_memory|                           acc_8|         array|
|acc_8_ce0          |  out|    1|   ap_memory|                           acc_8|         array|
|acc_8_we0          |  out|    1|   ap_memory|                           acc_8|         array|
|acc_8_d0           |  out|   32|   ap_memory|                           acc_8|         array|
|acc_8_address1     |  out|    1|   ap_memory|                           acc_8|         array|
|acc_8_ce1          |  out|    1|   ap_memory|                           acc_8|         array|
|acc_8_q1           |   in|   32|   ap_memory|                           acc_8|         array|
|acc_7_address0     |  out|    1|   ap_memory|                           acc_7|         array|
|acc_7_ce0          |  out|    1|   ap_memory|                           acc_7|         array|
|acc_7_we0          |  out|    1|   ap_memory|                           acc_7|         array|
|acc_7_d0           |  out|   32|   ap_memory|                           acc_7|         array|
|acc_7_address1     |  out|    1|   ap_memory|                           acc_7|         array|
|acc_7_ce1          |  out|    1|   ap_memory|                           acc_7|         array|
|acc_7_q1           |   in|   32|   ap_memory|                           acc_7|         array|
|acc_6_address0     |  out|    1|   ap_memory|                           acc_6|         array|
|acc_6_ce0          |  out|    1|   ap_memory|                           acc_6|         array|
|acc_6_we0          |  out|    1|   ap_memory|                           acc_6|         array|
|acc_6_d0           |  out|   32|   ap_memory|                           acc_6|         array|
|acc_6_address1     |  out|    1|   ap_memory|                           acc_6|         array|
|acc_6_ce1          |  out|    1|   ap_memory|                           acc_6|         array|
|acc_6_q1           |   in|   32|   ap_memory|                           acc_6|         array|
|acc_5_address0     |  out|    1|   ap_memory|                           acc_5|         array|
|acc_5_ce0          |  out|    1|   ap_memory|                           acc_5|         array|
|acc_5_we0          |  out|    1|   ap_memory|                           acc_5|         array|
|acc_5_d0           |  out|   32|   ap_memory|                           acc_5|         array|
|acc_5_address1     |  out|    1|   ap_memory|                           acc_5|         array|
|acc_5_ce1          |  out|    1|   ap_memory|                           acc_5|         array|
|acc_5_q1           |   in|   32|   ap_memory|                           acc_5|         array|
|acc_4_address0     |  out|    1|   ap_memory|                           acc_4|         array|
|acc_4_ce0          |  out|    1|   ap_memory|                           acc_4|         array|
|acc_4_we0          |  out|    1|   ap_memory|                           acc_4|         array|
|acc_4_d0           |  out|   32|   ap_memory|                           acc_4|         array|
|acc_4_address1     |  out|    1|   ap_memory|                           acc_4|         array|
|acc_4_ce1          |  out|    1|   ap_memory|                           acc_4|         array|
|acc_4_q1           |   in|   32|   ap_memory|                           acc_4|         array|
|acc_3_address0     |  out|    1|   ap_memory|                           acc_3|         array|
|acc_3_ce0          |  out|    1|   ap_memory|                           acc_3|         array|
|acc_3_we0          |  out|    1|   ap_memory|                           acc_3|         array|
|acc_3_d0           |  out|   32|   ap_memory|                           acc_3|         array|
|acc_3_address1     |  out|    1|   ap_memory|                           acc_3|         array|
|acc_3_ce1          |  out|    1|   ap_memory|                           acc_3|         array|
|acc_3_q1           |   in|   32|   ap_memory|                           acc_3|         array|
|acc_2_address0     |  out|    1|   ap_memory|                           acc_2|         array|
|acc_2_ce0          |  out|    1|   ap_memory|                           acc_2|         array|
|acc_2_we0          |  out|    1|   ap_memory|                           acc_2|         array|
|acc_2_d0           |  out|   32|   ap_memory|                           acc_2|         array|
|acc_2_address1     |  out|    1|   ap_memory|                           acc_2|         array|
|acc_2_ce1          |  out|    1|   ap_memory|                           acc_2|         array|
|acc_2_q1           |   in|   32|   ap_memory|                           acc_2|         array|
|acc_1_address0     |  out|    1|   ap_memory|                           acc_1|         array|
|acc_1_ce0          |  out|    1|   ap_memory|                           acc_1|         array|
|acc_1_we0          |  out|    1|   ap_memory|                           acc_1|         array|
|acc_1_d0           |  out|   32|   ap_memory|                           acc_1|         array|
|acc_1_address1     |  out|    1|   ap_memory|                           acc_1|         array|
|acc_1_ce1          |  out|    1|   ap_memory|                           acc_1|         array|
|acc_1_q1           |   in|   32|   ap_memory|                           acc_1|         array|
|acc_address0       |  out|    1|   ap_memory|                             acc|         array|
|acc_ce0            |  out|    1|   ap_memory|                             acc|         array|
|acc_we0            |  out|    1|   ap_memory|                             acc|         array|
|acc_d0             |  out|   32|   ap_memory|                             acc|         array|
|acc_address1       |  out|    1|   ap_memory|                             acc|         array|
|acc_ce1            |  out|    1|   ap_memory|                             acc|         array|
|acc_q1             |   in|   32|   ap_memory|                             acc|         array|
|h_buf_address0     |  out|    1|   ap_memory|                           h_buf|         array|
|h_buf_ce0          |  out|    1|   ap_memory|                           h_buf|         array|
|h_buf_q0           |   in|   16|   ap_memory|                           h_buf|         array|
|sext_ln265         |   in|   26|     ap_none|                      sext_ln265|        scalar|
|h_buf_1_address0   |  out|    1|   ap_memory|                         h_buf_1|         array|
|h_buf_1_ce0        |  out|    1|   ap_memory|                         h_buf_1|         array|
|h_buf_1_q0         |   in|   16|   ap_memory|                         h_buf_1|         array|
|h_buf_2_address0   |  out|    1|   ap_memory|                         h_buf_2|         array|
|h_buf_2_ce0        |  out|    1|   ap_memory|                         h_buf_2|         array|
|h_buf_2_q0         |   in|   16|   ap_memory|                         h_buf_2|         array|
|h_buf_3_address0   |  out|    1|   ap_memory|                         h_buf_3|         array|
|h_buf_3_ce0        |  out|    1|   ap_memory|                         h_buf_3|         array|
|h_buf_3_q0         |   in|   16|   ap_memory|                         h_buf_3|         array|
|h_buf_4_address0   |  out|    1|   ap_memory|                         h_buf_4|         array|
|h_buf_4_ce0        |  out|    1|   ap_memory|                         h_buf_4|         array|
|h_buf_4_q0         |   in|   16|   ap_memory|                         h_buf_4|         array|
|h_buf_5_address0   |  out|    1|   ap_memory|                         h_buf_5|         array|
|h_buf_5_ce0        |  out|    1|   ap_memory|                         h_buf_5|         array|
|h_buf_5_q0         |   in|   16|   ap_memory|                         h_buf_5|         array|
|h_buf_6_address0   |  out|    1|   ap_memory|                         h_buf_6|         array|
|h_buf_6_ce0        |  out|    1|   ap_memory|                         h_buf_6|         array|
|h_buf_6_q0         |   in|   16|   ap_memory|                         h_buf_6|         array|
|h_buf_7_address0   |  out|    1|   ap_memory|                         h_buf_7|         array|
|h_buf_7_ce0        |  out|    1|   ap_memory|                         h_buf_7|         array|
|h_buf_7_q0         |   in|   16|   ap_memory|                         h_buf_7|         array|
|h_buf_8_address0   |  out|    1|   ap_memory|                         h_buf_8|         array|
|h_buf_8_ce0        |  out|    1|   ap_memory|                         h_buf_8|         array|
|h_buf_8_q0         |   in|   16|   ap_memory|                         h_buf_8|         array|
|h_buf_9_address0   |  out|    1|   ap_memory|                         h_buf_9|         array|
|h_buf_9_ce0        |  out|    1|   ap_memory|                         h_buf_9|         array|
|h_buf_9_q0         |   in|   16|   ap_memory|                         h_buf_9|         array|
|h_buf_10_address0  |  out|    1|   ap_memory|                        h_buf_10|         array|
|h_buf_10_ce0       |  out|    1|   ap_memory|                        h_buf_10|         array|
|h_buf_10_q0        |   in|   16|   ap_memory|                        h_buf_10|         array|
|h_buf_11_address0  |  out|    1|   ap_memory|                        h_buf_11|         array|
|h_buf_11_ce0       |  out|    1|   ap_memory|                        h_buf_11|         array|
|h_buf_11_q0        |   in|   16|   ap_memory|                        h_buf_11|         array|
|h_buf_12_address0  |  out|    1|   ap_memory|                        h_buf_12|         array|
|h_buf_12_ce0       |  out|    1|   ap_memory|                        h_buf_12|         array|
|h_buf_12_q0        |   in|   16|   ap_memory|                        h_buf_12|         array|
|h_buf_13_address0  |  out|    1|   ap_memory|                        h_buf_13|         array|
|h_buf_13_ce0       |  out|    1|   ap_memory|                        h_buf_13|         array|
|h_buf_13_q0        |   in|   16|   ap_memory|                        h_buf_13|         array|
|h_buf_14_address0  |  out|    1|   ap_memory|                        h_buf_14|         array|
|h_buf_14_ce0       |  out|    1|   ap_memory|                        h_buf_14|         array|
|h_buf_14_q0        |   in|   16|   ap_memory|                        h_buf_14|         array|
|h_buf_15_address0  |  out|    1|   ap_memory|                        h_buf_15|         array|
|h_buf_15_ce0       |  out|    1|   ap_memory|                        h_buf_15|         array|
|h_buf_15_q0        |   in|   16|   ap_memory|                        h_buf_15|         array|
|h_buf_16_address0  |  out|    1|   ap_memory|                        h_buf_16|         array|
|h_buf_16_ce0       |  out|    1|   ap_memory|                        h_buf_16|         array|
|h_buf_16_q0        |   in|   16|   ap_memory|                        h_buf_16|         array|
|h_buf_17_address0  |  out|    1|   ap_memory|                        h_buf_17|         array|
|h_buf_17_ce0       |  out|    1|   ap_memory|                        h_buf_17|         array|
|h_buf_17_q0        |   in|   16|   ap_memory|                        h_buf_17|         array|
|h_buf_18_address0  |  out|    1|   ap_memory|                        h_buf_18|         array|
|h_buf_18_ce0       |  out|    1|   ap_memory|                        h_buf_18|         array|
|h_buf_18_q0        |   in|   16|   ap_memory|                        h_buf_18|         array|
|h_buf_19_address0  |  out|    1|   ap_memory|                        h_buf_19|         array|
|h_buf_19_ce0       |  out|    1|   ap_memory|                        h_buf_19|         array|
|h_buf_19_q0        |   in|   16|   ap_memory|                        h_buf_19|         array|
|h_buf_20_address0  |  out|    1|   ap_memory|                        h_buf_20|         array|
|h_buf_20_ce0       |  out|    1|   ap_memory|                        h_buf_20|         array|
|h_buf_20_q0        |   in|   16|   ap_memory|                        h_buf_20|         array|
|h_buf_21_address0  |  out|    1|   ap_memory|                        h_buf_21|         array|
|h_buf_21_ce0       |  out|    1|   ap_memory|                        h_buf_21|         array|
|h_buf_21_q0        |   in|   16|   ap_memory|                        h_buf_21|         array|
|h_buf_22_address0  |  out|    1|   ap_memory|                        h_buf_22|         array|
|h_buf_22_ce0       |  out|    1|   ap_memory|                        h_buf_22|         array|
|h_buf_22_q0        |   in|   16|   ap_memory|                        h_buf_22|         array|
|h_buf_23_address0  |  out|    1|   ap_memory|                        h_buf_23|         array|
|h_buf_23_ce0       |  out|    1|   ap_memory|                        h_buf_23|         array|
|h_buf_23_q0        |   in|   16|   ap_memory|                        h_buf_23|         array|
|h_buf_24_address0  |  out|    1|   ap_memory|                        h_buf_24|         array|
|h_buf_24_ce0       |  out|    1|   ap_memory|                        h_buf_24|         array|
|h_buf_24_q0        |   in|   16|   ap_memory|                        h_buf_24|         array|
|h_buf_25_address0  |  out|    1|   ap_memory|                        h_buf_25|         array|
|h_buf_25_ce0       |  out|    1|   ap_memory|                        h_buf_25|         array|
|h_buf_25_q0        |   in|   16|   ap_memory|                        h_buf_25|         array|
|h_buf_26_address0  |  out|    1|   ap_memory|                        h_buf_26|         array|
|h_buf_26_ce0       |  out|    1|   ap_memory|                        h_buf_26|         array|
|h_buf_26_q0        |   in|   16|   ap_memory|                        h_buf_26|         array|
|h_buf_27_address0  |  out|    1|   ap_memory|                        h_buf_27|         array|
|h_buf_27_ce0       |  out|    1|   ap_memory|                        h_buf_27|         array|
|h_buf_27_q0        |   in|   16|   ap_memory|                        h_buf_27|         array|
|h_buf_28_address0  |  out|    1|   ap_memory|                        h_buf_28|         array|
|h_buf_28_ce0       |  out|    1|   ap_memory|                        h_buf_28|         array|
|h_buf_28_q0        |   in|   16|   ap_memory|                        h_buf_28|         array|
|h_buf_29_address0  |  out|    1|   ap_memory|                        h_buf_29|         array|
|h_buf_29_ce0       |  out|    1|   ap_memory|                        h_buf_29|         array|
|h_buf_29_q0        |   in|   16|   ap_memory|                        h_buf_29|         array|
|h_buf_30_address0  |  out|    1|   ap_memory|                        h_buf_30|         array|
|h_buf_30_ce0       |  out|    1|   ap_memory|                        h_buf_30|         array|
|h_buf_30_q0        |   in|   16|   ap_memory|                        h_buf_30|         array|
|h_buf_31_address0  |  out|    1|   ap_memory|                        h_buf_31|         array|
|h_buf_31_ce0       |  out|    1|   ap_memory|                        h_buf_31|         array|
|h_buf_31_q0        |   in|   16|   ap_memory|                        h_buf_31|         array|
+-------------------+-----+-----+------------+--------------------------------+--------------+

