

================================================================
== Vitis HLS Report for 'spmm_store'
================================================================
* Date:           Thu Apr 16 11:31:56 2026

* Version:        2025.2 (Build 6295257 on Nov 14 2025)
* Project:        integrated_gcn
* Solution:       hls (Vivado IP Flow Target)
* Product family: zynquplus
* Target device:  xck26-sfvc784-2LV-c


================================================================
== Performance Estimates
================================================================
+ Timing: 
    * Summary: 
    +--------+----------+----------+------------+
    |  Clock |  Target  | Estimated| Uncertainty|
    +--------+----------+----------+------------+
    |ap_clk  |  10.00 ns|  7.300 ns|     2.70 ns|
    +--------+----------+----------+------------+

+ Latency: 
    * Summary: 
    +---------+---------+----------+----------+--------+--------+------------------------------------------------+
    |  Latency (cycles) |  Latency (absolute) |     Interval    |                    Pipeline                    |
    |   min   |   max   |    min   |    max   |   min  |   max  |                      Type                      |
    +---------+---------+----------+----------+--------+--------+------------------------------------------------+
    |   173320|   173320|  1.733 ms|  1.733 ms|  173313|  173313|  loop auto-rewind stp (delay=0 clock cycles(s))|
    +---------+---------+----------+----------+--------+--------+------------------------------------------------+

    + Detail: 
        * Instance: 
        N/A

        * Loop: 
        +----------------------------------+---------+---------+----------+-----------+-----------+--------+----------+
        |                                  |  Latency (cycles) | Iteration|  Initiation Interval  |  Trip  |          |
        |             Loop Name            |   min   |   max   |  Latency |  achieved |   target  |  Count | Pipelined|
        +----------------------------------+---------+---------+----------+-----------+-----------+--------+----------+
        |- SPMM_STORE_ROW_SPMM_STORE_FEAT  |   173318|   173318|         8|          1|          1|  173312|       yes|
        +----------------------------------+---------+---------+----------+-----------+-----------+--------+----------+



================================================================
== Utilization Estimates
================================================================
* Summary: 
+-----------------+---------+------+--------+--------+-----+
|       Name      | BRAM_18K|  DSP |   FF   |   LUT  | URAM|
+-----------------+---------+------+--------+--------+-----+
|DSP              |        -|     -|       -|       -|    -|
|Expression       |        -|     -|       0|   29894|    -|
|FIFO             |        -|     -|       -|       -|    -|
|Instance         |        -|     -|       -|       -|    -|
|Memory           |        -|     -|       -|       -|    -|
|Multiplexer      |        -|     -|       0|     108|    -|
|Register         |        -|     -|    1204|      32|    -|
+-----------------+---------+------+--------+--------+-----+
|Total            |        0|     0|    1204|   30034|    0|
+-----------------+---------+------+--------+--------+-----+
|Available        |      288|  1248|  234240|  117120|   64|
+-----------------+---------+------+--------+--------+-----+
|Utilization (%)  |        0|     0|      ~0|      25|    0|
+-----------------+---------+------+--------+--------+-----+

+ Detail: 
    * Instance: 
    N/A

    * DSP: 
    N/A

    * Memory: 
    N/A

    * FIFO: 
    N/A

    * Expression: 
    +---------------------------------------+----------+----+---+------+------------+------------+
    |             Variable Name             | Operation| DSP| FF|  LUT | Bitwidth P0| Bitwidth P1|
    +---------------------------------------+----------+----+---+------+------------+------------+
    |add_ln289_1_fu_442_p2                  |         +|   0|  0|    19|          12|           1|
    |add_ln289_fu_416_p2                    |         +|   0|  0|    25|          18|           1|
    |add_ln297_fu_500_p2                    |         +|   0|  0|    71|          64|          64|
    |f_1_fu_516_p2                          |         +|   0|  0|    14|           7|           1|
    |and_ln295_10_fu_1103_p2                |       and|   0|  0|   160|         160|         160|
    |and_ln295_11_fu_1113_p2                |       and|   0|  0|   176|         176|         176|
    |and_ln295_12_fu_1123_p2                |       and|   0|  0|   192|         192|         192|
    |and_ln295_13_fu_1133_p2                |       and|   0|  0|   208|         208|         208|
    |and_ln295_14_fu_1143_p2                |       and|   0|  0|   224|         224|         224|
    |and_ln295_15_fu_1153_p2                |       and|   0|  0|   240|         240|         240|
    |and_ln295_16_fu_1163_p2                |       and|   0|  0|   256|         256|         256|
    |and_ln295_17_fu_1173_p2                |       and|   0|  0|   272|         272|         272|
    |and_ln295_18_fu_1183_p2                |       and|   0|  0|   288|         288|         288|
    |and_ln295_19_fu_1193_p2                |       and|   0|  0|   304|         304|         304|
    |and_ln295_1_fu_1013_p2                 |       and|   0|  0|    16|          16|          16|
    |and_ln295_20_fu_1203_p2                |       and|   0|  0|   320|         320|         320|
    |and_ln295_21_fu_1213_p2                |       and|   0|  0|   336|         336|         336|
    |and_ln295_22_fu_1223_p2                |       and|   0|  0|   352|         352|         352|
    |and_ln295_23_fu_1233_p2                |       and|   0|  0|   368|         368|         368|
    |and_ln295_24_fu_1243_p2                |       and|   0|  0|   384|         384|         384|
    |and_ln295_25_fu_1253_p2                |       and|   0|  0|   399|         400|         400|
    |and_ln295_26_fu_1263_p2                |       and|   0|  0|   415|         416|         416|
    |and_ln295_27_fu_1273_p2                |       and|   0|  0|   431|         432|         432|
    |and_ln295_28_fu_1283_p2                |       and|   0|  0|   447|         448|         448|
    |and_ln295_29_fu_1293_p2                |       and|   0|  0|   463|         464|         464|
    |and_ln295_2_fu_1023_p2                 |       and|   0|  0|    32|          32|          32|
    |and_ln295_30_fu_1303_p2                |       and|   0|  0|   479|         480|         480|
    |and_ln295_31_fu_1313_p2                |       and|   0|  0|   495|         496|         496|
    |and_ln295_3_fu_1033_p2                 |       and|   0|  0|    48|          48|          48|
    |and_ln295_4_fu_1043_p2                 |       and|   0|  0|    64|          64|          64|
    |and_ln295_5_fu_1053_p2                 |       and|   0|  0|    80|          80|          80|
    |and_ln295_6_fu_1063_p2                 |       and|   0|  0|    96|          96|          96|
    |and_ln295_7_fu_1073_p2                 |       and|   0|  0|   112|         112|         112|
    |and_ln295_8_fu_1083_p2                 |       and|   0|  0|   128|         128|         128|
    |and_ln295_9_fu_1093_p2                 |       and|   0|  0|   144|         144|         144|
    |and_ln295_fu_1007_p2                   |       and|   0|  0|   512|         512|         512|
    |ap_block_state2_io_grp1                |       and|   0|  0|     2|           1|           1|
    |ap_block_state3_io_grp1                |       and|   0|  0|     2|           1|           1|
    |ap_block_state8_pp0_stage0_iter7_grp1  |       and|   0|  0|     2|           1|           1|
    |ap_condition_303                       |       and|   0|  0|     2|           1|           1|
    |icmp_ln289_fu_410_p2                   |      icmp|   0|  0|    25|          18|          18|
    |icmp_ln291_fu_428_p2                   |      icmp|   0|  0|    15|           7|           8|
    |icmp_ln296_1_fu_474_p2                 |      icmp|   0|  0|    14|           7|           6|
    |icmp_ln296_fu_468_p2                   |      icmp|   0|  0|    12|           5|           2|
    |ap_block_pp0_stage0_01001_grp1         |        or|   0|  0|     2|           1|           1|
    |ap_block_pp0_stage0_11001              |        or|   0|  0|     2|           1|           1|
    |or_ln286_10_fu_1389_p2                 |        or|   0|  0|   336|         336|         336|
    |or_ln286_11_fu_1395_p2                 |        or|   0|  0|   320|         320|         320|
    |or_ln286_12_fu_1401_p2                 |        or|   0|  0|   304|         304|         304|
    |or_ln286_13_fu_1407_p2                 |        or|   0|  0|   288|         288|         288|
    |or_ln286_14_fu_1413_p2                 |        or|   0|  0|   272|         272|         272|
    |or_ln286_15_fu_1419_p2                 |        or|   0|  0|   256|         256|         256|
    |or_ln286_16_fu_1425_p2                 |        or|   0|  0|   240|         240|         240|
    |or_ln286_17_fu_1431_p2                 |        or|   0|  0|   224|         224|         224|
    |or_ln286_18_fu_1437_p2                 |        or|   0|  0|   208|         208|         208|
    |or_ln286_19_fu_1443_p2                 |        or|   0|  0|   192|         192|         192|
    |or_ln286_1_fu_1335_p2                  |        or|   0|  0|   479|         480|         480|
    |or_ln286_20_fu_1449_p2                 |        or|   0|  0|   176|         176|         176|
    |or_ln286_21_fu_1455_p2                 |        or|   0|  0|   160|         160|         160|
    |or_ln286_22_fu_1461_p2                 |        or|   0|  0|   144|         144|         144|
    |or_ln286_23_fu_1467_p2                 |        or|   0|  0|   128|         128|         128|
    |or_ln286_24_fu_1473_p2                 |        or|   0|  0|   112|         112|         112|
    |or_ln286_25_fu_1479_p2                 |        or|   0|  0|    96|          96|          96|
    |or_ln286_26_fu_1485_p2                 |        or|   0|  0|    80|          80|          80|
    |or_ln286_27_fu_1491_p2                 |        or|   0|  0|    64|          64|          64|
    |or_ln286_28_fu_1497_p2                 |        or|   0|  0|    48|          48|          48|
    |or_ln286_29_fu_1503_p2                 |        or|   0|  0|    32|          32|          32|
    |or_ln286_2_fu_1341_p2                  |        or|   0|  0|   463|         464|         464|
    |or_ln286_3_fu_1347_p2                  |        or|   0|  0|   447|         448|         448|
    |or_ln286_4_fu_1353_p2                  |        or|   0|  0|   431|         432|         432|
    |or_ln286_5_fu_1359_p2                  |        or|   0|  0|   415|         416|         416|
    |or_ln286_6_fu_1365_p2                  |        or|   0|  0|   399|         400|         400|
    |or_ln286_7_fu_1371_p2                  |        or|   0|  0|   384|         384|         384|
    |or_ln286_8_fu_1377_p2                  |        or|   0|  0|   368|         368|         368|
    |or_ln286_9_fu_1383_p2                  |        or|   0|  0|   352|         352|         352|
    |or_ln286_fu_1329_p2                    |        or|   0|  0|   495|         496|         496|
    |or_ln296_fu_480_p2                     |        or|   0|  0|     2|           1|           1|
    |or_ln297_fu_1819_p2                    |        or|   0|  0|    16|          16|          16|
    |out_vec_1_fu_1323_p2                   |        or|   0|  0|   512|         512|         512|
    |select_ln286_fu_434_p3                 |    select|   0|  0|     7|           1|           1|
    |select_ln289_fu_448_p3                 |    select|   0|  0|    11|           1|          12|
    |shl_ln295_1_fu_561_p2                  |       shl|   0|  0|  2171|         512|         512|
    |shl_ln295_fu_551_p2                    |       shl|   0|  0|  2171|          16|         512|
    |ap_enable_pp0                          |       xor|   0|  0|     2|           1|           2|
    |xor_ln295_10_fu_787_p2                 |       xor|   0|  0|   368|         368|         354|
    |xor_ln295_11_fu_797_p2                 |       xor|   0|  0|   352|         352|         338|
    |xor_ln295_12_fu_807_p2                 |       xor|   0|  0|   336|         336|         322|
    |xor_ln295_13_fu_817_p2                 |       xor|   0|  0|   320|         320|         306|
    |xor_ln295_14_fu_827_p2                 |       xor|   0|  0|   304|         304|         290|
    |xor_ln295_15_fu_837_p2                 |       xor|   0|  0|   288|         288|         274|
    |xor_ln295_16_fu_847_p2                 |       xor|   0|  0|   272|         272|         258|
    |xor_ln295_17_fu_857_p2                 |       xor|   0|  0|   256|         256|         242|
    |xor_ln295_18_fu_867_p2                 |       xor|   0|  0|   240|         240|         226|
    |xor_ln295_19_fu_877_p2                 |       xor|   0|  0|   224|         224|         210|
    |xor_ln295_1_fu_697_p2                  |       xor|   0|  0|    16|          16|           2|
    |xor_ln295_20_fu_887_p2                 |       xor|   0|  0|   208|         208|         194|
    |xor_ln295_21_fu_897_p2                 |       xor|   0|  0|   192|         192|         178|
    |xor_ln295_22_fu_907_p2                 |       xor|   0|  0|   176|         176|         162|
    |xor_ln295_23_fu_917_p2                 |       xor|   0|  0|   160|         160|         146|
    |xor_ln295_24_fu_927_p2                 |       xor|   0|  0|   144|         144|         130|
    |xor_ln295_25_fu_937_p2                 |       xor|   0|  0|   128|         128|         114|
    |xor_ln295_26_fu_947_p2                 |       xor|   0|  0|   112|         112|          98|
    |xor_ln295_27_fu_957_p2                 |       xor|   0|  0|    96|          96|          82|
    |xor_ln295_28_fu_967_p2                 |       xor|   0|  0|    80|          80|          66|
    |xor_ln295_29_fu_977_p2                 |       xor|   0|  0|    64|          64|          50|
    |xor_ln295_2_fu_707_p2                  |       xor|   0|  0|   495|         496|         482|
    |xor_ln295_30_fu_987_p2                 |       xor|   0|  0|    48|          48|          34|
    |xor_ln295_31_fu_997_p2                 |       xor|   0|  0|    32|          32|          18|
    |xor_ln295_3_fu_717_p2                  |       xor|   0|  0|   479|         480|         466|
    |xor_ln295_4_fu_727_p2                  |       xor|   0|  0|   463|         464|         450|
    |xor_ln295_5_fu_737_p2                  |       xor|   0|  0|   447|         448|         434|
    |xor_ln295_6_fu_747_p2                  |       xor|   0|  0|   431|         432|         418|
    |xor_ln295_7_fu_757_p2                  |       xor|   0|  0|   415|         416|         402|
    |xor_ln295_8_fu_767_p2                  |       xor|   0|  0|   399|         400|         386|
    |xor_ln295_9_fu_777_p2                  |       xor|   0|  0|   384|         384|         370|
    |xor_ln295_fu_691_p2                    |       xor|   0|  0|   512|         512|           2|
    +---------------------------------------+----------+----+---+------+------------+------------+
    |Total                                  |          |   0|  0| 29894|       26020|       25547|
    +---------------------------------------+----------+----+---+------+------------+------------+

    * Multiplexer: 
    +--------------------------------------+----+-----------+-----+-----------+
    |                 Name                 | LUT| Input Size| Bits| Total Bits|
    +--------------------------------------+----+-----------+-----+-----------+
    |ap_done_int                           |   9|          2|    1|          2|
    |ap_enable_reg_pp0_iter1               |   9|          2|    1|          2|
    |ap_sig_allocacmp_f_load               |   9|          2|    7|         14|
    |ap_sig_allocacmp_i_load               |   9|          2|   12|         24|
    |ap_sig_allocacmp_indvar_flatten_load  |   9|          2|   18|         36|
    |f_fu_344                              |   9|          2|    7|         14|
    |gmem6_blk_n_AW                        |   9|          2|    1|          2|
    |gmem6_blk_n_B                         |   9|          2|    1|          2|
    |gmem6_blk_n_W                         |   9|          2|    1|          2|
    |i_fu_352                              |   9|          2|   12|         24|
    |indvar_flatten_fu_356                 |   9|          2|   18|         36|
    |result_fifo_blk_n                     |   9|          2|    1|          2|
    +--------------------------------------+----+-----------+-----+-----------+
    |Total                                 | 108|         24|   80|        160|
    +--------------------------------------+----+-----------+-----+-----------+

    * Register: 
    +----------------------------------+-----+----+-----+-----------+
    |               Name               |  FF | LUT| Bits| Const Bits|
    +----------------------------------+-----+----+-----+-----------+
    |ap_CS_fsm                         |    1|   0|    1|          0|
    |ap_done_reg                       |    1|   0|    1|          0|
    |ap_enable_reg_pp0_iter1           |    1|   0|    1|          0|
    |ap_enable_reg_pp0_iter2           |    1|   0|    1|          0|
    |ap_enable_reg_pp0_iter3           |    1|   0|    1|          0|
    |ap_enable_reg_pp0_iter4           |    1|   0|    1|          0|
    |ap_enable_reg_pp0_iter5           |    1|   0|    1|          0|
    |ap_enable_reg_pp0_iter6           |    1|   0|    1|          0|
    |ap_enable_reg_pp0_iter7           |    1|   0|    1|          0|
    |ap_loop_exit_ready_pp0_iter1_reg  |    1|   0|    1|          0|
    |ap_loop_exit_ready_pp0_iter2_reg  |    1|   0|    1|          0|
    |ap_loop_exit_ready_pp0_iter3_reg  |    1|   0|    1|          0|
    |ap_loop_exit_ready_pp0_iter4_reg  |    1|   0|    1|          0|
    |ap_loop_exit_ready_pp0_iter5_reg  |    1|   0|    1|          0|
    |ap_loop_exit_ready_pp0_iter6_reg  |    1|   0|    1|          0|
    |d_reg_1908                        |    5|   0|    5|          0|
    |f_fu_344                          |    7|   0|    7|          0|
    |i_fu_352                          |   12|   0|   12|          0|
    |indvar_flatten_fu_356             |   18|   0|   18|          0|
    |or_ln296_reg_1913                 |    1|   0|    1|          0|
    |or_ln297_reg_2077                 |   16|   0|   16|          0|
    |out_vec_fu_348                    |  512|   0|  512|          0|
    |trunc_ln1_reg_1922                |   16|   0|   16|          0|
    |trunc_ln297_10_reg_1977           |   16|   0|   16|          0|
    |trunc_ln297_11_reg_1982           |   16|   0|   16|          0|
    |trunc_ln297_12_reg_1987           |   16|   0|   16|          0|
    |trunc_ln297_13_reg_1992           |   16|   0|   16|          0|
    |trunc_ln297_14_reg_1997           |   16|   0|   16|          0|
    |trunc_ln297_15_reg_2002           |   16|   0|   16|          0|
    |trunc_ln297_16_reg_2007           |   16|   0|   16|          0|
    |trunc_ln297_17_reg_2012           |   16|   0|   16|          0|
    |trunc_ln297_18_reg_2017           |   16|   0|   16|          0|
    |trunc_ln297_19_reg_2022           |   16|   0|   16|          0|
    |trunc_ln297_1_reg_1927            |   16|   0|   16|          0|
    |trunc_ln297_20_reg_2027           |   16|   0|   16|          0|
    |trunc_ln297_21_reg_2032           |   16|   0|   16|          0|
    |trunc_ln297_22_reg_2037           |   16|   0|   16|          0|
    |trunc_ln297_23_reg_2042           |   16|   0|   16|          0|
    |trunc_ln297_24_reg_2047           |   16|   0|   16|          0|
    |trunc_ln297_25_reg_2052           |   16|   0|   16|          0|
    |trunc_ln297_26_reg_2057           |   16|   0|   16|          0|
    |trunc_ln297_27_reg_2062           |   16|   0|   16|          0|
    |trunc_ln297_28_reg_2067           |   16|   0|   16|          0|
    |trunc_ln297_29_reg_2072           |   16|   0|   16|          0|
    |trunc_ln297_2_reg_1932            |   16|   0|   16|          0|
    |trunc_ln297_30_reg_1917           |   58|   0|   58|          0|
    |trunc_ln297_3_reg_1937            |   16|   0|   16|          0|
    |trunc_ln297_4_reg_1942            |   16|   0|   16|          0|
    |trunc_ln297_5_reg_1947            |   16|   0|   16|          0|
    |trunc_ln297_6_reg_1952            |   16|   0|   16|          0|
    |trunc_ln297_7_reg_1957            |   16|   0|   16|          0|
    |trunc_ln297_8_reg_1962            |   16|   0|   16|          0|
    |trunc_ln297_9_reg_1967            |   16|   0|   16|          0|
    |trunc_ln297_s_reg_1972            |   16|   0|   16|          0|
    |or_ln296_reg_1913                 |   64|  32|    1|          0|
    +----------------------------------+-----+----+-----+-----------+
    |Total                             | 1204|  32| 1141|          0|
    +----------------------------------+-----+----+-----+-----------+



================================================================
== Interface
================================================================
* Summary: 
+----------------------------+-----+-----+------------+--------------+--------------+
|          RTL Ports         | Dir | Bits|  Protocol  | Source Object|    C Type    |
+----------------------------+-----+-----+------------+--------------+--------------+
|ap_clk                      |   in|    1|  ap_ctrl_hs|    spmm_store|  return value|
|ap_rst                      |   in|    1|  ap_ctrl_hs|    spmm_store|  return value|
|ap_start                    |   in|    1|  ap_ctrl_hs|    spmm_store|  return value|
|ap_done                     |  out|    1|  ap_ctrl_hs|    spmm_store|  return value|
|ap_continue                 |   in|    1|  ap_ctrl_hs|    spmm_store|  return value|
|ap_idle                     |  out|    1|  ap_ctrl_hs|    spmm_store|  return value|
|ap_ready                    |  out|    1|  ap_ctrl_hs|    spmm_store|  return value|
|result_fifo_dout            |   in|   16|     ap_fifo|   result_fifo|       pointer|
|result_fifo_empty_n         |   in|    1|     ap_fifo|   result_fifo|       pointer|
|result_fifo_read            |  out|    1|     ap_fifo|   result_fifo|       pointer|
|result_fifo_num_data_valid  |   in|    6|     ap_fifo|   result_fifo|       pointer|
|result_fifo_fifo_cap        |   in|    6|     ap_fifo|   result_fifo|       pointer|
|m_axi_gmem6_0_AWVALID       |  out|    1|       m_axi|         gmem6|       pointer|
|m_axi_gmem6_0_AWREADY       |   in|    1|       m_axi|         gmem6|       pointer|
|m_axi_gmem6_0_AWADDR        |  out|   64|       m_axi|         gmem6|       pointer|
|m_axi_gmem6_0_AWID          |  out|    1|       m_axi|         gmem6|       pointer|
|m_axi_gmem6_0_AWLEN         |  out|   32|       m_axi|         gmem6|       pointer|
|m_axi_gmem6_0_AWSIZE        |  out|    3|       m_axi|         gmem6|       pointer|
|m_axi_gmem6_0_AWBURST       |  out|    2|       m_axi|         gmem6|       pointer|
|m_axi_gmem6_0_AWLOCK        |  out|    2|       m_axi|         gmem6|       pointer|
|m_axi_gmem6_0_AWCACHE       |  out|    4|       m_axi|         gmem6|       pointer|
|m_axi_gmem6_0_AWPROT        |  out|    3|       m_axi|         gmem6|       pointer|
|m_axi_gmem6_0_AWQOS         |  out|    4|       m_axi|         gmem6|       pointer|
|m_axi_gmem6_0_AWREGION      |  out|    4|       m_axi|         gmem6|       pointer|
|m_axi_gmem6_0_AWUSER        |  out|    1|       m_axi|         gmem6|       pointer|
|m_axi_gmem6_0_WVALID        |  out|    1|       m_axi|         gmem6|       pointer|
|m_axi_gmem6_0_WREADY        |   in|    1|       m_axi|         gmem6|       pointer|
|m_axi_gmem6_0_WDATA         |  out|  512|       m_axi|         gmem6|       pointer|
|m_axi_gmem6_0_WSTRB         |  out|   64|       m_axi|         gmem6|       pointer|
|m_axi_gmem6_0_WLAST         |  out|    1|       m_axi|         gmem6|       pointer|
|m_axi_gmem6_0_WID           |  out|    1|       m_axi|         gmem6|       pointer|
|m_axi_gmem6_0_WUSER         |  out|    1|       m_axi|         gmem6|       pointer|
|m_axi_gmem6_0_ARVALID       |  out|    1|       m_axi|         gmem6|       pointer|
|m_axi_gmem6_0_ARREADY       |   in|    1|       m_axi|         gmem6|       pointer|
|m_axi_gmem6_0_ARADDR        |  out|   64|       m_axi|         gmem6|       pointer|
|m_axi_gmem6_0_ARID          |  out|    1|       m_axi|         gmem6|       pointer|
|m_axi_gmem6_0_ARLEN         |  out|   32|       m_axi|         gmem6|       pointer|
|m_axi_gmem6_0_ARSIZE        |  out|    3|       m_axi|         gmem6|       pointer|
|m_axi_gmem6_0_ARBURST       |  out|    2|       m_axi|         gmem6|       pointer|
|m_axi_gmem6_0_ARLOCK        |  out|    2|       m_axi|         gmem6|       pointer|
|m_axi_gmem6_0_ARCACHE       |  out|    4|       m_axi|         gmem6|       pointer|
|m_axi_gmem6_0_ARPROT        |  out|    3|       m_axi|         gmem6|       pointer|
|m_axi_gmem6_0_ARQOS         |  out|    4|       m_axi|         gmem6|       pointer|
|m_axi_gmem6_0_ARREGION      |  out|    4|       m_axi|         gmem6|       pointer|
|m_axi_gmem6_0_ARUSER        |  out|    1|       m_axi|         gmem6|       pointer|
|m_axi_gmem6_0_RVALID        |   in|    1|       m_axi|         gmem6|       pointer|
|m_axi_gmem6_0_RREADY        |  out|    1|       m_axi|         gmem6|       pointer|
|m_axi_gmem6_0_RDATA         |   in|  512|       m_axi|         gmem6|       pointer|
|m_axi_gmem6_0_RLAST         |   in|    1|       m_axi|         gmem6|       pointer|
|m_axi_gmem6_0_RID           |   in|    1|       m_axi|         gmem6|       pointer|
|m_axi_gmem6_0_RFIFONUM      |   in|    9|       m_axi|         gmem6|       pointer|
|m_axi_gmem6_0_RUSER         |   in|    1|       m_axi|         gmem6|       pointer|
|m_axi_gmem6_0_RRESP         |   in|    2|       m_axi|         gmem6|       pointer|
|m_axi_gmem6_0_BVALID        |   in|    1|       m_axi|         gmem6|       pointer|
|m_axi_gmem6_0_BREADY        |  out|    1|       m_axi|         gmem6|       pointer|
|m_axi_gmem6_0_BRESP         |   in|    2|       m_axi|         gmem6|       pointer|
|m_axi_gmem6_0_BID           |   in|    1|       m_axi|         gmem6|       pointer|
|m_axi_gmem6_0_BUSER         |   in|    1|       m_axi|         gmem6|       pointer|
|H_out                       |   in|   64|   ap_stable|         H_out|        scalar|
+----------------------------+-----+-----+------------+--------------+--------------+

