

================================================================
== Vitis HLS Report for 'spmm_compute'
================================================================
* Date:           Thu Apr 16 11:31:56 2026

* Version:        2025.2 (Build 6295257 on Nov 14 2025)
* Project:        integrated_gcn
* Solution:       hls (Vivado IP Flow Target)
* Product family: zynquplus
* Target device:  xck26-sfvc784-2LV-c


================================================================
== Performance Estimates
================================================================
+ Timing: 
    * Summary: 
    +--------+----------+----------+------------+
    |  Clock |  Target  | Estimated| Uncertainty|
    +--------+----------+----------+------------+
    |ap_clk  |  10.00 ns|  7.300 ns|     2.70 ns|
    +--------+----------+----------+------------+

+ Latency: 
    * Summary: 
    +---------+----------+----------+-----------+--------+----------+---------+
    |  Latency (cycles)  |  Latency (absolute)  |      Interval     | Pipeline|
    |   min   |    max   |    min   |    max    |   min  |    max   |   Type  |
    +---------+----------+----------+-----------+--------+----------+---------+
    |   259969|  10209161|  2.600 ms|  0.102 sec|  259969|  10209161|       no|
    +---------+----------+----------+-----------+--------+----------+---------+

    + Detail: 
        * Instance: 
        +----------------------------------------------+-----------------------------------+---------+---------+-----------+-----------+-----+-----+-------------------+
        |                                              |                                   |  Latency (cycles) |   Latency (absolute)  |  Interval |      Pipeline     |
        |                   Instance                   |               Module              |   min   |   max   |    min    |    max    | min | max |        Type       |
        +----------------------------------------------+-----------------------------------+---------+---------+-----------+-----------+-----+-----+-------------------+
        |grp_spmm_compute_Pipeline_SPMM_INIT_fu_402    |spmm_compute_Pipeline_SPMM_INIT    |        4|        4|  40.000 ns|  40.000 ns|    0|    0|  loop pipeline stp|
        |grp_spmm_compute_Pipeline_SPMM_WRITE_fu_438   |spmm_compute_Pipeline_SPMM_WRITE   |       66|       66|   0.660 us|   0.660 us|    0|    0|  loop pipeline stp|
        |grp_spmm_compute_Pipeline_SPMM_LOAD_H_fu_476  |spmm_compute_Pipeline_SPMM_LOAD_H  |        5|        5|  50.000 ns|  50.000 ns|    0|    0|  loop pipeline stp|
        |grp_spmm_compute_Pipeline_SPMM_MAC_fu_515     |spmm_compute_Pipeline_SPMM_MAC     |        4|        4|  40.000 ns|  40.000 ns|    0|    0|  loop pipeline stp|
        +----------------------------------------------+-----------------------------------+---------+---------+-----------+-----------+-----+-----+-------------------+

        * Loop: 
        +-------------+---------+----------+-----------+-----------+-----------+---------+----------+
        |             |  Latency (cycles)  | Iteration |  Initiation Interval  |   Trip  |          |
        |  Loop Name  |   min   |    max   |  Latency  |  achieved |   target  |  Count  | Pipelined|
        +-------------+---------+----------+-----------+-----------+-----------+---------+----------+
        |- SPMM_ROW   |   259968|  10209160|  96 ~ 3770|          -|          -|     2708|        no|
        | + SPMM_NNZ  |       22|      3696|         22|          -|          -|  1 ~ 168|        no|
        +-------------+---------+----------+-----------+-----------+-----------+---------+----------+



================================================================
== Utilization Estimates
================================================================
* Summary: 
+-----------------+---------+------+--------+--------+-----+
|       Name      | BRAM_18K|  DSP |   FF   |   LUT  | URAM|
+-----------------+---------+------+--------+--------+-----+
|DSP              |        -|     -|       -|       -|    -|
|Expression       |        -|     -|       0|     190|    -|
|FIFO             |        -|     -|       -|       -|    -|
|Instance         |        -|    64|     642|    3840|    -|
|Memory           |        0|     -|    2560|      64|    0|
|Multiplexer      |        -|     -|       0|    3941|    -|
|Register         |        -|     -|     295|       -|    -|
+-----------------+---------+------+--------+--------+-----+
|Total            |        0|    64|    3497|    8035|    0|
+-----------------+---------+------+--------+--------+-----+
|Available        |      288|  1248|  234240|  117120|   64|
+-----------------+---------+------+--------+--------+-----+
|Utilization (%)  |        0|     5|       1|       6|    0|
+-----------------+---------+------+--------+--------+-----+

+ Detail: 
    * Instance: 
    +----------------------------------------------+-----------------------------------+---------+----+-----+------+-----+
    |                   Instance                   |               Module              | BRAM_18K| DSP|  FF |  LUT | URAM|
    +----------------------------------------------+-----------------------------------+---------+----+-----+------+-----+
    |grp_spmm_compute_Pipeline_SPMM_INIT_fu_402    |spmm_compute_Pipeline_SPMM_INIT    |        0|   0|    9|    41|    0|
    |grp_spmm_compute_Pipeline_SPMM_LOAD_H_fu_476  |spmm_compute_Pipeline_SPMM_LOAD_H  |        0|   0|  524|    68|    0|
    |grp_spmm_compute_Pipeline_SPMM_MAC_fu_515     |spmm_compute_Pipeline_SPMM_MAC     |        0|  64|   94|  3380|    0|
    |grp_spmm_compute_Pipeline_SPMM_WRITE_fu_438   |spmm_compute_Pipeline_SPMM_WRITE   |        0|   0|   15|   351|    0|
    +----------------------------------------------+-----------------------------------+---------+----+-----+------+-----+
    |Total                                         |                                   |        0|  64|  642|  3840|    0|
    +----------------------------------------------+-----------------------------------+---------+----+-----+------+-----+

    * DSP: 
    N/A

    * Memory: 
    +------------+----------------------------------+---------+----+----+-----+------+-----+------+-------------+
    |   Memory   |              Module              | BRAM_18K| FF | LUT| URAM| Words| Bits| Banks| W*Bits*Banks|
    +------------+----------------------------------+---------+----+----+-----+------+-----+------+-------------+
    |acc_U       |spmm_compute_acc_RAM_AUTO_1R1W    |        0|  64|   1|    0|     2|   32|     1|           64|
    |acc_1_U     |spmm_compute_acc_RAM_AUTO_1R1W    |        0|  64|   1|    0|     2|   32|     1|           64|
    |acc_2_U     |spmm_compute_acc_RAM_AUTO_1R1W    |        0|  64|   1|    0|     2|   32|     1|           64|
    |acc_3_U     |spmm_compute_acc_RAM_AUTO_1R1W    |        0|  64|   1|    0|     2|   32|     1|           64|
    |acc_4_U     |spmm_compute_acc_RAM_AUTO_1R1W    |        0|  64|   1|    0|     2|   32|     1|           64|
    |acc_5_U     |spmm_compute_acc_RAM_AUTO_1R1W    |        0|  64|   1|    0|     2|   32|     1|           64|
    |acc_6_U     |spmm_compute_acc_RAM_AUTO_1R1W    |        0|  64|   1|    0|     2|   32|     1|           64|
    |acc_7_U     |spmm_compute_acc_RAM_AUTO_1R1W    |        0|  64|   1|    0|     2|   32|     1|           64|
    |acc_8_U     |spmm_compute_acc_RAM_AUTO_1R1W    |        0|  64|   1|    0|     2|   32|     1|           64|
    |acc_9_U     |spmm_compute_acc_RAM_AUTO_1R1W    |        0|  64|   1|    0|     2|   32|     1|           64|
    |acc_10_U    |spmm_compute_acc_RAM_AUTO_1R1W    |        0|  64|   1|    0|     2|   32|     1|           64|
    |acc_11_U    |spmm_compute_acc_RAM_AUTO_1R1W    |        0|  64|   1|    0|     2|   32|     1|           64|
    |acc_12_U    |spmm_compute_acc_RAM_AUTO_1R1W    |        0|  64|   1|    0|     2|   32|     1|           64|
    |acc_13_U    |spmm_compute_acc_RAM_AUTO_1R1W    |        0|  64|   1|    0|     2|   32|     1|           64|
    |acc_14_U    |spmm_compute_acc_RAM_AUTO_1R1W    |        0|  64|   1|    0|     2|   32|     1|           64|
    |acc_15_U    |spmm_compute_acc_RAM_AUTO_1R1W    |        0|  64|   1|    0|     2|   32|     1|           64|
    |acc_16_U    |spmm_compute_acc_RAM_AUTO_1R1W    |        0|  64|   1|    0|     2|   32|     1|           64|
    |acc_17_U    |spmm_compute_acc_RAM_AUTO_1R1W    |        0|  64|   1|    0|     2|   32|     1|           64|
    |acc_18_U    |spmm_compute_acc_RAM_AUTO_1R1W    |        0|  64|   1|    0|     2|   32|     1|           64|
    |acc_19_U    |spmm_compute_acc_RAM_AUTO_1R1W    |        0|  64|   1|    0|     2|   32|     1|           64|
    |acc_20_U    |spmm_compute_acc_RAM_AUTO_1R1W    |        0|  64|   1|    0|     2|   32|     1|           64|
    |acc_21_U    |spmm_compute_acc_RAM_AUTO_1R1W    |        0|  64|   1|    0|     2|   32|     1|           64|
    |acc_22_U    |spmm_compute_acc_RAM_AUTO_1R1W    |        0|  64|   1|    0|     2|   32|     1|           64|
    |acc_23_U    |spmm_compute_acc_RAM_AUTO_1R1W    |        0|  64|   1|    0|     2|   32|     1|           64|
    |acc_24_U    |spmm_compute_acc_RAM_AUTO_1R1W    |        0|  64|   1|    0|     2|   32|     1|           64|
    |acc_25_U    |spmm_compute_acc_RAM_AUTO_1R1W    |        0|  64|   1|    0|     2|   32|     1|           64|
    |acc_26_U    |spmm_compute_acc_RAM_AUTO_1R1W    |        0|  64|   1|    0|     2|   32|     1|           64|
    |acc_27_U    |spmm_compute_acc_RAM_AUTO_1R1W    |        0|  64|   1|    0|     2|   32|     1|           64|
    |acc_28_U    |spmm_compute_acc_RAM_AUTO_1R1W    |        0|  64|   1|    0|     2|   32|     1|           64|
    |acc_29_U    |spmm_compute_acc_RAM_AUTO_1R1W    |        0|  64|   1|    0|     2|   32|     1|           64|
    |acc_30_U    |spmm_compute_acc_RAM_AUTO_1R1W    |        0|  64|   1|    0|     2|   32|     1|           64|
    |acc_31_U    |spmm_compute_acc_RAM_AUTO_1R1W    |        0|  64|   1|    0|     2|   32|     1|           64|
    |h_buf_U     |spmm_compute_h_buf_RAM_AUTO_1R1W  |        0|  16|   1|    0|     2|   16|     1|           32|
    |h_buf_1_U   |spmm_compute_h_buf_RAM_AUTO_1R1W  |        0|  16|   1|    0|     2|   16|     1|           32|
    |h_buf_2_U   |spmm_compute_h_buf_RAM_AUTO_1R1W  |        0|  16|   1|    0|     2|   16|     1|           32|
    |h_buf_3_U   |spmm_compute_h_buf_RAM_AUTO_1R1W  |        0|  16|   1|    0|     2|   16|     1|           32|
    |h_buf_4_U   |spmm_compute_h_buf_RAM_AUTO_1R1W  |        0|  16|   1|    0|     2|   16|     1|           32|
    |h_buf_5_U   |spmm_compute_h_buf_RAM_AUTO_1R1W  |        0|  16|   1|    0|     2|   16|     1|           32|
    |h_buf_6_U   |spmm_compute_h_buf_RAM_AUTO_1R1W  |        0|  16|   1|    0|     2|   16|     1|           32|
    |h_buf_7_U   |spmm_compute_h_buf_RAM_AUTO_1R1W  |        0|  16|   1|    0|     2|   16|     1|           32|
    |h_buf_8_U   |spmm_compute_h_buf_RAM_AUTO_1R1W  |        0|  16|   1|    0|     2|   16|     1|           32|
    |h_buf_9_U   |spmm_compute_h_buf_RAM_AUTO_1R1W  |        0|  16|   1|    0|     2|   16|     1|           32|
    |h_buf_10_U  |spmm_compute_h_buf_RAM_AUTO_1R1W  |        0|  16|   1|    0|     2|   16|     1|           32|
    |h_buf_11_U  |spmm_compute_h_buf_RAM_AUTO_1R1W  |        0|  16|   1|    0|     2|   16|     1|           32|
    |h_buf_12_U  |spmm_compute_h_buf_RAM_AUTO_1R1W  |        0|  16|   1|    0|     2|   16|     1|           32|
    |h_buf_13_U  |spmm_compute_h_buf_RAM_AUTO_1R1W  |        0|  16|   1|    0|     2|   16|     1|           32|
    |h_buf_14_U  |spmm_compute_h_buf_RAM_AUTO_1R1W  |        0|  16|   1|    0|     2|   16|     1|           32|
    |h_buf_15_U  |spmm_compute_h_buf_RAM_AUTO_1R1W  |        0|  16|   1|    0|     2|   16|     1|           32|
    |h_buf_16_U  |spmm_compute_h_buf_RAM_AUTO_1R1W  |        0|  16|   1|    0|     2|   16|     1|           32|
    |h_buf_17_U  |spmm_compute_h_buf_RAM_AUTO_1R1W  |        0|  16|   1|    0|     2|   16|     1|           32|
    |h_buf_18_U  |spmm_compute_h_buf_RAM_AUTO_1R1W  |        0|  16|   1|    0|     2|   16|     1|           32|
    |h_buf_19_U  |spmm_compute_h_buf_RAM_AUTO_1R1W  |        0|  16|   1|    0|     2|   16|     1|           32|
    |h_buf_20_U  |spmm_compute_h_buf_RAM_AUTO_1R1W  |        0|  16|   1|    0|     2|   16|     1|           32|
    |h_buf_21_U  |spmm_compute_h_buf_RAM_AUTO_1R1W  |        0|  16|   1|    0|     2|   16|     1|           32|
    |h_buf_22_U  |spmm_compute_h_buf_RAM_AUTO_1R1W  |        0|  16|   1|    0|     2|   16|     1|           32|
    |h_buf_23_U  |spmm_compute_h_buf_RAM_AUTO_1R1W  |        0|  16|   1|    0|     2|   16|     1|           32|
    |h_buf_24_U  |spmm_compute_h_buf_RAM_AUTO_1R1W  |        0|  16|   1|    0|     2|   16|     1|           32|
    |h_buf_25_U  |spmm_compute_h_buf_RAM_AUTO_1R1W  |        0|  16|   1|    0|     2|   16|     1|           32|
    |h_buf_26_U  |spmm_compute_h_buf_RAM_AUTO_1R1W  |        0|  16|   1|    0|     2|   16|     1|           32|
    |h_buf_27_U  |spmm_compute_h_buf_RAM_AUTO_1R1W  |        0|  16|   1|    0|     2|   16|     1|           32|
    |h_buf_28_U  |spmm_compute_h_buf_RAM_AUTO_1R1W  |        0|  16|   1|    0|     2|   16|     1|           32|
    |h_buf_29_U  |spmm_compute_h_buf_RAM_AUTO_1R1W  |        0|  16|   1|    0|     2|   16|     1|           32|
    |h_buf_30_U  |spmm_compute_h_buf_RAM_AUTO_1R1W  |        0|  16|   1|    0|     2|   16|     1|           32|
    |h_buf_31_U  |spmm_compute_h_buf_RAM_AUTO_1R1W  |        0|  16|   1|    0|     2|   16|     1|           32|
    +------------+----------------------------------+---------+----+----+-----+------+-----+------+-------------+
    |Total       |                                  |        0|2560|  64|    0|   128| 1536|    64|         3072|
    +------------+----------------------------------+---------+----+----+-----+------+-----+------+-------------+

    * FIFO: 
    N/A

    * Expression: 
    +----------------------+----------+----+---+----+------------+------------+
    |     Variable Name    | Operation| DSP| FF| LUT| Bitwidth P0| Bitwidth P1|
    +----------------------+----------+----+---+----+------------+------------+
    |add_ln248_fu_629_p2   |         +|   0|  0|  38|          31|           1|
    |add_ln255_fu_651_p2   |         +|   0|  0|  71|          64|          64|
    |i_3_fu_598_p2         |         +|   0|  0|  19|          12|           1|
    |icmp_ln236_fu_592_p2  |      icmp|   0|  0|  19|          12|          12|
    |icmp_ln248_fu_624_p2  |      icmp|   0|  0|  39|          32|          32|
    |ap_block_state1       |        or|   0|  0|   2|           1|           1|
    |ap_block_state4       |        or|   0|  0|   2|           1|           1|
    +----------------------+----------+----+---+----+------------+------------+
    |Total                 |          |   0|  0| 190|         153|         112|
    +----------------------+----------+----+---+----+------------+------------+

    * Multiplexer: 
    +------------------------+----+-----------+-----+-----------+
    |          Name          | LUT| Input Size| Bits| Total Bits|
    +------------------------+----+-----------+-----+-----------+
    |acc_10_address0         |  20|          4|    1|          4|
    |acc_10_ce0              |  20|          4|    1|          4|
    |acc_10_ce1              |   9|          2|    1|          2|
    |acc_10_d0               |  14|          3|   32|         96|
    |acc_10_we0              |  14|          3|    1|          3|
    |acc_11_address0         |  20|          4|    1|          4|
    |acc_11_ce0              |  20|          4|    1|          4|
    |acc_11_ce1              |   9|          2|    1|          2|
    |acc_11_d0               |  14|          3|   32|         96|
    |acc_11_we0              |  14|          3|    1|          3|
    |acc_12_address0         |  20|          4|    1|          4|
    |acc_12_ce0              |  20|          4|    1|          4|
    |acc_12_ce1              |   9|          2|    1|          2|
    |acc_12_d0               |  14|          3|   32|         96|
    |acc_12_we0              |  14|          3|    1|          3|
    |acc_13_address0         |  20|          4|    1|          4|
    |acc_13_ce0              |  20|          4|    1|          4|
    |acc_13_ce1              |   9|          2|    1|          2|
    |acc_13_d0               |  14|          3|   32|         96|
    |acc_13_we0              |  14|          3|    1|          3|
    |acc_14_address0         |  20|          4|    1|          4|
    |acc_14_ce0              |  20|          4|    1|          4|
    |acc_14_ce1              |   9|          2|    1|          2|
    |acc_14_d0               |  14|          3|   32|         96|
    |acc_14_we0              |  14|          3|    1|          3|
    |acc_15_address0         |  20|          4|    1|          4|
    |acc_15_ce0              |  20|          4|    1|          4|
    |acc_15_ce1              |   9|          2|    1|          2|
    |acc_15_d0               |  14|          3|   32|         96|
    |acc_15_we0              |  14|          3|    1|          3|
    |acc_16_address0         |  20|          4|    1|          4|
    |acc_16_ce0              |  20|          4|    1|          4|
    |acc_16_ce1              |   9|          2|    1|          2|
    |acc_16_d0               |  14|          3|   32|         96|
    |acc_16_we0              |  14|          3|    1|          3|
    |acc_17_address0         |  20|          4|    1|          4|
    |acc_17_ce0              |  20|          4|    1|          4|
    |acc_17_ce1              |   9|          2|    1|          2|
    |acc_17_d0               |  14|          3|   32|         96|
    |acc_17_we0              |  14|          3|    1|          3|
    |acc_18_address0         |  20|          4|    1|          4|
    |acc_18_ce0              |  20|          4|    1|          4|
    |acc_18_ce1              |   9|          2|    1|          2|
    |acc_18_d0               |  14|          3|   32|         96|
    |acc_18_we0              |  14|          3|    1|          3|
    |acc_19_address0         |  20|          4|    1|          4|
    |acc_19_ce0              |  20|          4|    1|          4|
    |acc_19_ce1              |   9|          2|    1|          2|
    |acc_19_d0               |  14|          3|   32|         96|
    |acc_19_we0              |  14|          3|    1|          3|
    |acc_1_address0          |  20|          4|    1|          4|
    |acc_1_ce0               |  20|          4|    1|          4|
    |acc_1_ce1               |   9|          2|    1|          2|
    |acc_1_d0                |  14|          3|   32|         96|
    |acc_1_we0               |  14|          3|    1|          3|
    |acc_20_address0         |  20|          4|    1|          4|
    |acc_20_ce0              |  20|          4|    1|          4|
    |acc_20_ce1              |   9|          2|    1|          2|
    |acc_20_d0               |  14|          3|   32|         96|
    |acc_20_we0              |  14|          3|    1|          3|
    |acc_21_address0         |  20|          4|    1|          4|
    |acc_21_ce0              |  20|          4|    1|          4|
    |acc_21_ce1              |   9|          2|    1|          2|
    |acc_21_d0               |  14|          3|   32|         96|
    |acc_21_we0              |  14|          3|    1|          3|
    |acc_22_address0         |  20|          4|    1|          4|
    |acc_22_ce0              |  20|          4|    1|          4|
    |acc_22_ce1              |   9|          2|    1|          2|
    |acc_22_d0               |  14|          3|   32|         96|
    |acc_22_we0              |  14|          3|    1|          3|
    |acc_23_address0         |  20|          4|    1|          4|
    |acc_23_ce0              |  20|          4|    1|          4|
    |acc_23_ce1              |   9|          2|    1|          2|
    |acc_23_d0               |  14|          3|   32|         96|
    |acc_23_we0              |  14|          3|    1|          3|
    |acc_24_address0         |  20|          4|    1|          4|
    |acc_24_ce0              |  20|          4|    1|          4|
    |acc_24_ce1              |   9|          2|    1|          2|
    |acc_24_d0               |  14|          3|   32|         96|
    |acc_24_we0              |  14|          3|    1|          3|
    |acc_25_address0         |  20|          4|    1|          4|
    |acc_25_ce0              |  20|          4|    1|          4|
    |acc_25_ce1              |   9|          2|    1|          2|
    |acc_25_d0               |  14|          3|   32|         96|
    |acc_25_we0              |  14|          3|    1|          3|
    |acc_26_address0         |  20|          4|    1|          4|
    |acc_26_ce0              |  20|          4|    1|          4|
    |acc_26_ce1              |   9|          2|    1|          2|
    |acc_26_d0               |  14|          3|   32|         96|
    |acc_26_we0              |  14|          3|    1|          3|
    |acc_27_address0         |  20|          4|    1|          4|
    |acc_27_ce0              |  20|          4|    1|          4|
    |acc_27_ce1              |   9|          2|    1|          2|
    |acc_27_d0               |  14|          3|   32|         96|
    |acc_27_we0              |  14|          3|    1|          3|
    |acc_28_address0         |  20|          4|    1|          4|
    |acc_28_ce0              |  20|          4|    1|          4|
    |acc_28_ce1              |   9|          2|    1|          2|
    |acc_28_d0               |  14|          3|   32|         96|
    |acc_28_we0              |  14|          3|    1|          3|
    |acc_29_address0         |  20|          4|    1|          4|
    |acc_29_ce0              |  20|          4|    1|          4|
    |acc_29_ce1              |   9|          2|    1|          2|
    |acc_29_d0               |  14|          3|   32|         96|
    |acc_29_we0              |  14|          3|    1|          3|
    |acc_2_address0          |  20|          4|    1|          4|
    |acc_2_ce0               |  20|          4|    1|          4|
    |acc_2_ce1               |   9|          2|    1|          2|
    |acc_2_d0                |  14|          3|   32|         96|
    |acc_2_we0               |  14|          3|    1|          3|
    |acc_30_address0         |  20|          4|    1|          4|
    |acc_30_ce0              |  20|          4|    1|          4|
    |acc_30_ce1              |   9|          2|    1|          2|
    |acc_30_d0               |  14|          3|   32|         96|
    |acc_30_we0              |  14|          3|    1|          3|
    |acc_31_address0         |  20|          4|    1|          4|
    |acc_31_ce0              |  20|          4|    1|          4|
    |acc_31_ce1              |   9|          2|    1|          2|
    |acc_31_d0               |  14|          3|   32|         96|
    |acc_31_we0              |  14|          3|    1|          3|
    |acc_3_address0          |  20|          4|    1|          4|
    |acc_3_ce0               |  20|          4|    1|          4|
    |acc_3_ce1               |   9|          2|    1|          2|
    |acc_3_d0                |  14|          3|   32|         96|
    |acc_3_we0               |  14|          3|    1|          3|
    |acc_4_address0          |  20|          4|    1|          4|
    |acc_4_ce0               |  20|          4|    1|          4|
    |acc_4_ce1               |   9|          2|    1|          2|
    |acc_4_d0                |  14|          3|   32|         96|
    |acc_4_we0               |  14|          3|    1|          3|
    |acc_5_address0          |  20|          4|    1|          4|
    |acc_5_ce0               |  20|          4|    1|          4|
    |acc_5_ce1               |   9|          2|    1|          2|
    |acc_5_d0                |  14|          3|   32|         96|
    |acc_5_we0               |  14|          3|    1|          3|
    |acc_6_address0          |  20|          4|    1|          4|
    |acc_6_ce0               |  20|          4|    1|          4|
    |acc_6_ce1               |   9|          2|    1|          2|
    |acc_6_d0                |  14|          3|   32|         96|
    |acc_6_we0               |  14|          3|    1|          3|
    |acc_7_address0          |  20|          4|    1|          4|
    |acc_7_ce0               |  20|          4|    1|          4|
    |acc_7_ce1               |   9|          2|    1|          2|
    |acc_7_d0                |  14|          3|   32|         96|
    |acc_7_we0               |  14|          3|    1|          3|
    |acc_8_address0          |  20|          4|    1|          4|
    |acc_8_ce0               |  20|          4|    1|          4|
    |acc_8_ce1               |   9|          2|    1|          2|
    |acc_8_d0                |  14|          3|   32|         96|
    |acc_8_we0               |  14|          3|    1|          3|
    |acc_9_address0          |  20|          4|    1|          4|
    |acc_9_ce0               |  20|          4|    1|          4|
    |acc_9_ce1               |   9|          2|    1|          2|
    |acc_9_d0                |  14|          3|   32|         96|
    |acc_9_we0               |  14|          3|    1|          3|
    |acc_address0            |  20|          4|    1|          4|
    |acc_ce0                 |  20|          4|    1|          4|
    |acc_ce1                 |   9|          2|    1|          2|
    |acc_d0                  |  14|          3|   32|         96|
    |acc_we0                 |  14|          3|    1|          3|
    |ap_NS_fsm               |  89|         18|    1|         18|
    |ap_done                 |   9|          2|    1|          2|
    |col_fifo_blk_n          |   9|          2|    1|          2|
    |gmem2_blk_n_AR          |   9|          2|    1|          2|
    |h_buf_10_address0       |  14|          3|    1|          3|
    |h_buf_10_ce0            |  14|          3|    1|          3|
    |h_buf_10_we0            |   9|          2|    1|          2|
    |h_buf_11_address0       |  14|          3|    1|          3|
    |h_buf_11_ce0            |  14|          3|    1|          3|
    |h_buf_11_we0            |   9|          2|    1|          2|
    |h_buf_12_address0       |  14|          3|    1|          3|
    |h_buf_12_ce0            |  14|          3|    1|          3|
    |h_buf_12_we0            |   9|          2|    1|          2|
    |h_buf_13_address0       |  14|          3|    1|          3|
    |h_buf_13_ce0            |  14|          3|    1|          3|
    |h_buf_13_we0            |   9|          2|    1|          2|
    |h_buf_14_address0       |  14|          3|    1|          3|
    |h_buf_14_ce0            |  14|          3|    1|          3|
    |h_buf_14_we0            |   9|          2|    1|          2|
    |h_buf_15_address0       |  14|          3|    1|          3|
    |h_buf_15_ce0            |  14|          3|    1|          3|
    |h_buf_15_we0            |   9|          2|    1|          2|
    |h_buf_16_address0       |  14|          3|    1|          3|
    |h_buf_16_ce0            |  14|          3|    1|          3|
    |h_buf_16_we0            |   9|          2|    1|          2|
    |h_buf_17_address0       |  14|          3|    1|          3|
    |h_buf_17_ce0            |  14|          3|    1|          3|
    |h_buf_17_we0            |   9|          2|    1|          2|
    |h_buf_18_address0       |  14|          3|    1|          3|
    |h_buf_18_ce0            |  14|          3|    1|          3|
    |h_buf_18_we0            |   9|          2|    1|          2|
    |h_buf_19_address0       |  14|          3|    1|          3|
    |h_buf_19_ce0            |  14|          3|    1|          3|
    |h_buf_19_we0            |   9|          2|    1|          2|
    |h_buf_1_address0        |  14|          3|    1|          3|
    |h_buf_1_ce0             |  14|          3|    1|          3|
    |h_buf_1_we0             |   9|          2|    1|          2|
    |h_buf_20_address0       |  14|          3|    1|          3|
    |h_buf_20_ce0            |  14|          3|    1|          3|
    |h_buf_20_we0            |   9|          2|    1|          2|
    |h_buf_21_address0       |  14|          3|    1|          3|
    |h_buf_21_ce0            |  14|          3|    1|          3|
    |h_buf_21_we0            |   9|          2|    1|          2|
    |h_buf_22_address0       |  14|          3|    1|          3|
    |h_buf_22_ce0            |  14|          3|    1|          3|
    |h_buf_22_we0            |   9|          2|    1|          2|
    |h_buf_23_address0       |  14|          3|    1|          3|
    |h_buf_23_ce0            |  14|          3|    1|          3|
    |h_buf_23_we0            |   9|          2|    1|          2|
    |h_buf_24_address0       |  14|          3|    1|          3|
    |h_buf_24_ce0            |  14|          3|    1|          3|
    |h_buf_24_we0            |   9|          2|    1|          2|
    |h_buf_25_address0       |  14|          3|    1|          3|
    |h_buf_25_ce0            |  14|          3|    1|          3|
    |h_buf_25_we0            |   9|          2|    1|          2|
    |h_buf_26_address0       |  14|          3|    1|          3|
    |h_buf_26_ce0            |  14|          3|    1|          3|
    |h_buf_26_we0            |   9|          2|    1|          2|
    |h_buf_27_address0       |  14|          3|    1|          3|
    |h_buf_27_ce0            |  14|          3|    1|          3|
    |h_buf_27_we0            |   9|          2|    1|          2|
    |h_buf_28_address0       |  14|          3|    1|          3|
    |h_buf_28_ce0            |  14|          3|    1|          3|
    |h_buf_28_we0            |   9|          2|    1|          2|
    |h_buf_29_address0       |  14|          3|    1|          3|
    |h_buf_29_ce0            |  14|          3|    1|          3|
    |h_buf_29_we0            |   9|          2|    1|          2|
    |h_buf_2_address0        |  14|          3|    1|          3|
    |h_buf_2_ce0             |  14|          3|    1|          3|
    |h_buf_2_we0             |   9|          2|    1|          2|
    |h_buf_30_address0       |  14|          3|    1|          3|
    |h_buf_30_ce0            |  14|          3|    1|          3|
    |h_buf_30_we0            |   9|          2|    1|          2|
    |h_buf_31_address0       |  14|          3|    1|          3|
    |h_buf_31_ce0            |  14|          3|    1|          3|
    |h_buf_31_we0            |   9|          2|    1|          2|
    |h_buf_3_address0        |  14|          3|    1|          3|
    |h_buf_3_ce0             |  14|          3|    1|          3|
    |h_buf_3_we0             |   9|          2|    1|          2|
    |h_buf_4_address0        |  14|          3|    1|          3|
    |h_buf_4_ce0             |  14|          3|    1|          3|
    |h_buf_4_we0             |   9|          2|    1|          2|
    |h_buf_5_address0        |  14|          3|    1|          3|
    |h_buf_5_ce0             |  14|          3|    1|          3|
    |h_buf_5_we0             |   9|          2|    1|          2|
    |h_buf_6_address0        |  14|          3|    1|          3|
    |h_buf_6_ce0             |  14|          3|    1|          3|
    |h_buf_6_we0             |   9|          2|    1|          2|
    |h_buf_7_address0        |  14|          3|    1|          3|
    |h_buf_7_ce0             |  14|          3|    1|          3|
    |h_buf_7_we0             |   9|          2|    1|          2|
    |h_buf_8_address0        |  14|          3|    1|          3|
    |h_buf_8_ce0             |  14|          3|    1|          3|
    |h_buf_8_we0             |   9|          2|    1|          2|
    |h_buf_9_address0        |  14|          3|    1|          3|
    |h_buf_9_ce0             |  14|          3|    1|          3|
    |h_buf_9_we0             |   9|          2|    1|          2|
    |h_buf_address0          |  14|          3|    1|          3|
    |h_buf_ce0               |  14|          3|    1|          3|
    |h_buf_we0               |   9|          2|    1|          2|
    |i_fu_100                |   9|          2|   12|         24|
    |jj_reg_391              |   9|          2|   31|         62|
    |m_axi_gmem2_0_ARADDR    |  14|          3|   64|        192|
    |m_axi_gmem2_0_ARBURST   |   9|          2|    2|          4|
    |m_axi_gmem2_0_ARCACHE   |   9|          2|    4|          8|
    |m_axi_gmem2_0_ARID      |   9|          2|    1|          2|
    |m_axi_gmem2_0_ARLEN     |  14|          3|   32|         96|
    |m_axi_gmem2_0_ARLOCK    |   9|          2|    2|          4|
    |m_axi_gmem2_0_ARPROT    |   9|          2|    3|          6|
    |m_axi_gmem2_0_ARQOS     |   9|          2|    4|          8|
    |m_axi_gmem2_0_ARREGION  |   9|          2|    4|          8|
    |m_axi_gmem2_0_ARSIZE    |   9|          2|    3|          6|
    |m_axi_gmem2_0_ARUSER    |   9|          2|    1|          2|
    |m_axi_gmem2_0_ARVALID   |  14|          3|    1|          3|
    |m_axi_gmem2_0_RREADY    |   9|          2|    1|          2|
    |real_start              |   9|          2|    1|          2|
    |row_fifo_blk_n          |   9|          2|    1|          2|
    |val_fifo_blk_n          |   9|          2|    1|          2|
    +------------------------+----+-----------+-----+-----------+
    |Total                   |3941|        831| 1420|       4201|
    +------------------------+----+-----------+-----+-----------+

    * Register: 
    +-----------------------------------------------------------+----+----+-----+-----------+
    |                            Name                           | FF | LUT| Bits| Const Bits|
    +-----------------------------------------------------------+----+----+-----+-----------+
    |H_temp_read_reg_711                                        |  64|   0|   64|          0|
    |add_ln248_reg_732                                          |  31|   0|   31|          0|
    |ap_CS_fsm                                                  |  17|   0|   17|          0|
    |ap_done_reg                                                |   1|   0|    1|          0|
    |grp_spmm_compute_Pipeline_SPMM_INIT_fu_402_ap_start_reg    |   1|   0|    1|          0|
    |grp_spmm_compute_Pipeline_SPMM_LOAD_H_fu_476_ap_start_reg  |   1|   0|    1|          0|
    |grp_spmm_compute_Pipeline_SPMM_MAC_fu_515_ap_start_reg     |   1|   0|    1|          0|
    |grp_spmm_compute_Pipeline_SPMM_WRITE_fu_438_ap_start_reg   |   1|   0|    1|          0|
    |i_3_reg_719                                                |  12|   0|   12|          0|
    |i_fu_100                                                   |  12|   0|   12|          0|
    |jj_reg_391                                                 |  31|   0|   31|          0|
    |rl_reg_724                                                 |  32|   0|   32|          0|
    |shl_ln1_reg_753                                            |  16|   0|   26|         10|
    |start_once_reg                                             |   1|   0|    1|          0|
    |trunc_ln_reg_742                                           |  58|   0|   58|          0|
    |val_reg_737                                                |  16|   0|   16|          0|
    +-----------------------------------------------------------+----+----+-----+-----------+
    |Total                                                      | 295|   0|  305|         10|
    +-----------------------------------------------------------+----+----+-----+-----------+



================================================================
== Interface
================================================================
* Summary: 
+----------------------------+-----+-----+------------+--------------+--------------+
|          RTL Ports         | Dir | Bits|  Protocol  | Source Object|    C Type    |
+----------------------------+-----+-----+------------+--------------+--------------+
|ap_clk                      |   in|    1|  ap_ctrl_hs|  spmm_compute|  return value|
|ap_rst                      |   in|    1|  ap_ctrl_hs|  spmm_compute|  return value|
|ap_start                    |   in|    1|  ap_ctrl_hs|  spmm_compute|  return value|
|start_full_n                |   in|    1|  ap_ctrl_hs|  spmm_compute|  return value|
|ap_done                     |  out|    1|  ap_ctrl_hs|  spmm_compute|  return value|
|ap_continue                 |   in|    1|  ap_ctrl_hs|  spmm_compute|  return value|
|ap_idle                     |  out|    1|  ap_ctrl_hs|  spmm_compute|  return value|
|ap_ready                    |  out|    1|  ap_ctrl_hs|  spmm_compute|  return value|
|start_out                   |  out|    1|  ap_ctrl_hs|  spmm_compute|  return value|
|start_write                 |  out|    1|  ap_ctrl_hs|  spmm_compute|  return value|
|m_axi_gmem2_0_AWVALID       |  out|    1|       m_axi|         gmem2|       pointer|
|m_axi_gmem2_0_AWREADY       |   in|    1|       m_axi|         gmem2|       pointer|
|m_axi_gmem2_0_AWADDR        |  out|   64|       m_axi|         gmem2|       pointer|
|m_axi_gmem2_0_AWID          |  out|    1|       m_axi|         gmem2|       pointer|
|m_axi_gmem2_0_AWLEN         |  out|   32|       m_axi|         gmem2|       pointer|
|m_axi_gmem2_0_AWSIZE        |  out|    3|       m_axi|         gmem2|       pointer|
|m_axi_gmem2_0_AWBURST       |  out|    2|       m_axi|         gmem2|       pointer|
|m_axi_gmem2_0_AWLOCK        |  out|    2|       m_axi|         gmem2|       pointer|
|m_axi_gmem2_0_AWCACHE       |  out|    4|       m_axi|         gmem2|       pointer|
|m_axi_gmem2_0_AWPROT        |  out|    3|       m_axi|         gmem2|       pointer|
|m_axi_gmem2_0_AWQOS         |  out|    4|       m_axi|         gmem2|       pointer|
|m_axi_gmem2_0_AWREGION      |  out|    4|       m_axi|         gmem2|       pointer|
|m_axi_gmem2_0_AWUSER        |  out|    1|       m_axi|         gmem2|       pointer|
|m_axi_gmem2_0_WVALID        |  out|    1|       m_axi|         gmem2|       pointer|
|m_axi_gmem2_0_WREADY        |   in|    1|       m_axi|         gmem2|       pointer|
|m_axi_gmem2_0_WDATA         |  out|  512|       m_axi|         gmem2|       pointer|
|m_axi_gmem2_0_WSTRB         |  out|   64|       m_axi|         gmem2|       pointer|
|m_axi_gmem2_0_WLAST         |  out|    1|       m_axi|         gmem2|       pointer|
|m_axi_gmem2_0_WID           |  out|    1|       m_axi|         gmem2|       pointer|
|m_axi_gmem2_0_WUSER         |  out|    1|       m_axi|         gmem2|       pointer|
|m_axi_gmem2_0_ARVALID       |  out|    1|       m_axi|         gmem2|       pointer|
|m_axi_gmem2_0_ARREADY       |   in|    1|       m_axi|         gmem2|       pointer|
|m_axi_gmem2_0_ARADDR        |  out|   64|       m_axi|         gmem2|       pointer|
|m_axi_gmem2_0_ARID          |  out|    1|       m_axi|         gmem2|       pointer|
|m_axi_gmem2_0_ARLEN         |  out|   32|       m_axi|         gmem2|       pointer|
|m_axi_gmem2_0_ARSIZE        |  out|    3|       m_axi|         gmem2|       pointer|
|m_axi_gmem2_0_ARBURST       |  out|    2|       m_axi|         gmem2|       pointer|
|m_axi_gmem2_0_ARLOCK        |  out|    2|       m_axi|         gmem2|       pointer|
|m_axi_gmem2_0_ARCACHE       |  out|    4|       m_axi|         gmem2|       pointer|
|m_axi_gmem2_0_ARPROT        |  out|    3|       m_axi|         gmem2|       pointer|
|m_axi_gmem2_0_ARQOS         |  out|    4|       m_axi|         gmem2|       pointer|
|m_axi_gmem2_0_ARREGION      |  out|    4|       m_axi|         gmem2|       pointer|
|m_axi_gmem2_0_ARUSER        |  out|    1|       m_axi|         gmem2|       pointer|
|m_axi_gmem2_0_RVALID        |   in|    1|       m_axi|         gmem2|       pointer|
|m_axi_gmem2_0_RREADY        |  out|    1|       m_axi|         gmem2|       pointer|
|m_axi_gmem2_0_RDATA         |   in|  512|       m_axi|         gmem2|       pointer|
|m_axi_gmem2_0_RLAST         |   in|    1|       m_axi|         gmem2|       pointer|
|m_axi_gmem2_0_RID           |   in|    1|       m_axi|         gmem2|       pointer|
|m_axi_gmem2_0_RFIFONUM      |   in|    9|       m_axi|         gmem2|       pointer|
|m_axi_gmem2_0_RUSER         |   in|    1|       m_axi|         gmem2|       pointer|
|m_axi_gmem2_0_RRESP         |   in|    2|       m_axi|         gmem2|       pointer|
|m_axi_gmem2_0_BVALID        |   in|    1|       m_axi|         gmem2|       pointer|
|m_axi_gmem2_0_BREADY        |  out|    1|       m_axi|         gmem2|       pointer|
|m_axi_gmem2_0_BRESP         |   in|    2|       m_axi|         gmem2|       pointer|
|m_axi_gmem2_0_BID           |   in|    1|       m_axi|         gmem2|       pointer|
|m_axi_gmem2_0_BUSER         |   in|    1|       m_axi|         gmem2|       pointer|
|H_temp                      |   in|   64|   ap_stable|        H_temp|        scalar|
|row_fifo_dout               |   in|   32|     ap_fifo|      row_fifo|       pointer|
|row_fifo_empty_n            |   in|    1|     ap_fifo|      row_fifo|       pointer|
|row_fifo_read               |  out|    1|     ap_fifo|      row_fifo|       pointer|
|row_fifo_num_data_valid     |   in|    5|     ap_fifo|      row_fifo|       pointer|
|row_fifo_fifo_cap           |   in|    5|     ap_fifo|      row_fifo|       pointer|
|col_fifo_dout               |   in|   32|     ap_fifo|      col_fifo|       pointer|
|col_fifo_empty_n            |   in|    1|     ap_fifo|      col_fifo|       pointer|
|col_fifo_read               |  out|    1|     ap_fifo|      col_fifo|       pointer|
|col_fifo_num_data_valid     |   in|    9|     ap_fifo|      col_fifo|       pointer|
|col_fifo_fifo_cap           |   in|    9|     ap_fifo|      col_fifo|       pointer|
|val_fifo_dout               |   in|   16|     ap_fifo|      val_fifo|       pointer|
|val_fifo_empty_n            |   in|    1|     ap_fifo|      val_fifo|       pointer|
|val_fifo_read               |  out|    1|     ap_fifo|      val_fifo|       pointer|
|val_fifo_num_data_valid     |   in|    9|     ap_fifo|      val_fifo|       pointer|
|val_fifo_fifo_cap           |   in|    9|     ap_fifo|      val_fifo|       pointer|
|result_fifo_din             |  out|   16|     ap_fifo|   result_fifo|       pointer|
|result_fifo_full_n          |   in|    1|     ap_fifo|   result_fifo|       pointer|
|result_fifo_write           |  out|    1|     ap_fifo|   result_fifo|       pointer|
|result_fifo_num_data_valid  |   in|   32|     ap_fifo|   result_fifo|       pointer|
|result_fifo_fifo_cap        |   in|   32|     ap_fifo|   result_fifo|       pointer|
+----------------------------+-----+-----+------------+--------------+--------------+

