

================================================================
== Vitis HLS Report for 'gemm_read_W'
================================================================
* Date:           Thu Apr 16 10:08:43 2026

* Version:        2025.2 (Build 6295257 on Nov 14 2025)
* Project:        integrated_gcn_approx
* Solution:       hls (Vivado IP Flow Target)
* Product family: zynquplus
* Target device:  xck26-sfvc784-2LV-c


================================================================
== Performance Estimates
================================================================
+ Timing: 
    * Summary: 
    +--------+----------+----------+------------+
    |  Clock |  Target  | Estimated| Uncertainty|
    +--------+----------+----------+------------+
    |ap_clk  |  10.00 ns|  7.300 ns|     2.70 ns|
    +--------+----------+----------+------------+

+ Latency: 
    * Summary: 
    +---------+---------+----------+----------+-------+-------+------------------------------------------------+
    |  Latency (cycles) |  Latency (absolute) |    Interval   |                    Pipeline                    |
    |   min   |   max   |    min   |    max   |  min  |  max  |                      Type                      |
    +---------+---------+----------+----------+-------+-------+------------------------------------------------+
    |    63307|    63307|  0.633 ms|  0.633 ms|  63297|  63297|  loop auto-rewind stp (delay=0 clock cycles(s))|
    +---------+---------+----------+----------+-------+-------+------------------------------------------------+

    + Detail: 
        * Instance: 
        N/A

        * Loop: 
        +---------------------------------------------------+---------+---------+----------+-----------+-----------+-------+----------+
        |                                                   |  Latency (cycles) | Iteration|  Initiation Interval  |  Trip |          |
        |                     Loop Name                     |   min   |   max   |  Latency |  achieved |   target  | Count | Pipelined|
        +---------------------------------------------------+---------+---------+----------+-----------+-----------+-------+----------+
        |- VITIS_LOOP_53_1_VITIS_LOOP_55_3_VITIS_LOOP_56_4  |    63305|    63305|        11|          1|          1|  63296|       yes|
        +---------------------------------------------------+---------+---------+----------+-----------+-----------+-------+----------+



================================================================
== Utilization Estimates
================================================================
* Summary: 
+-----------------+---------+------+--------+--------+-----+
|       Name      | BRAM_18K|  DSP |   FF   |   LUT  | URAM|
+-----------------+---------+------+--------+--------+-----+
|DSP              |        -|     -|       -|       -|    -|
|Expression       |        -|     -|       0|     165|    -|
|FIFO             |        -|     -|       -|       -|    -|
|Instance         |        -|     -|       -|       -|    -|
|Memory           |        -|     -|       -|       -|    -|
|Multiplexer      |        -|     -|       0|     108|    -|
|Register         |        -|     -|     699|      32|    -|
+-----------------+---------+------+--------+--------+-----+
|Total            |        0|     0|     699|     305|    0|
+-----------------+---------+------+--------+--------+-----+
|Available        |      288|  1248|  234240|  117120|   64|
+-----------------+---------+------+--------+--------+-----+
|Utilization (%)  |        0|     0|      ~0|      ~0|    0|
+-----------------+---------+------+--------+--------+-----+

+ Detail: 
    * Instance: 
    N/A

    * DSP: 
    N/A

    * Memory: 
    N/A

    * FIFO: 
    N/A

    * Expression: 
    +-----------------------------------------+----------+----+---+----+------------+------------+
    |              Variable Name              | Operation| DSP| FF| LUT| Bitwidth P0| Bitwidth P1|
    +-----------------------------------------+----------+----+---+----+------------+------------+
    |add_ln53_fu_188_p2                       |         +|   0|  0|  23|          16|           1|
    |add_ln55_fu_268_p2                       |         +|   0|  0|  19|          12|           1|
    |add_ln56_fu_248_p2                       |         +|   0|  0|  14|           7|           1|
    |and_ln53_fu_218_p2                       |       and|   0|  0|   2|           1|           1|
    |and_ln55_fu_236_p2                       |       and|   0|  0|   2|           1|           1|
    |ap_block_state10_pp0_stage0_iter9_grp1   |       and|   0|  0|   2|           1|           1|
    |ap_block_state11_pp0_stage0_iter10_grp1  |       and|   0|  0|   2|           1|           1|
    |ap_block_state2_io_grp1                  |       and|   0|  0|   2|           1|           1|
    |ap_condition_234                         |       and|   0|  0|   2|           1|           1|
    |ap_condition_413                         |       and|   0|  0|   2|           1|           1|
    |ap_predicate_op60_readreq_state2         |       and|   0|  0|   2|           1|           1|
    |icmp_ln53_fu_182_p2                      |      icmp|   0|  0|  23|          16|          13|
    |icmp_ln55_fu_194_p2                      |      icmp|   0|  0|  19|          12|          11|
    |icmp_ln56_fu_212_p2                      |      icmp|   0|  0|  15|           7|           8|
    |ap_block_pp0_stage0_01001_grp1           |        or|   0|  0|   2|           1|           1|
    |ap_block_pp0_stage0_11001                |        or|   0|  0|   2|           1|           1|
    |or_ln53_fu_200_p2                        |        or|   0|  0|   2|           1|           1|
    |or_ln55_1_fu_242_p2                      |        or|   0|  0|   2|           1|           1|
    |or_ln55_fu_224_p2                        |        or|   0|  0|   2|           1|           1|
    |or_ln56_fu_254_p2                        |        or|   0|  0|   2|           1|           1|
    |select_ln55_fu_274_p3                    |    select|   0|  0|  11|           1|           1|
    |select_ln56_fu_260_p3                    |    select|   0|  0|   7|           1|           1|
    |ap_enable_pp0                            |       xor|   0|  0|   2|           1|           2|
    |xor_ln53_fu_206_p2                       |       xor|   0|  0|   2|           1|           2|
    |xor_ln55_fu_230_p2                       |       xor|   0|  0|   2|           1|           2|
    +-----------------------------------------+----------+----+---+----+------------+------------+
    |Total                                    |          |   0|  0| 165|          89|          57|
    +-----------------------------------------+----------+----+---+----+------------+------------+

    * Multiplexer: 
    +----------------------------------------+----+-----------+-----+-----------+
    |                  Name                  | LUT| Input Size| Bits| Total Bits|
    +----------------------------------------+----+-----------+-----+-----------+
    |W_stream_blk_n                          |   9|          2|    1|          2|
    |ap_done_int                             |   9|          2|    1|          2|
    |ap_enable_reg_pp0_iter1                 |   9|          2|    1|          2|
    |ap_phi_mux_first_iter_1_phi_fu_120_p4   |   9|          2|    1|          2|
    |ap_sig_allocacmp_indvar_flatten12_load  |   9|          2|   16|         32|
    |ap_sig_allocacmp_indvar_flatten_load    |   9|          2|   12|         24|
    |ap_sig_allocacmp_k_1                    |   9|          2|    7|         14|
    |gmem1_blk_n_AR                          |   9|          2|    1|          2|
    |gmem1_blk_n_R                           |   9|          2|    1|          2|
    |indvar_flatten12_fu_88                  |   9|          2|   16|         32|
    |indvar_flatten_fu_84                    |   9|          2|   12|         24|
    |k_fu_80                                 |   9|          2|    7|         14|
    +----------------------------------------+----+-----------+-----+-----------+
    |Total                                   | 108|         24|   76|        152|
    +----------------------------------------+----+-----------+-----+-----------+

    * Register: 
    +----------------------------------+-----+----+-----+-----------+
    |               Name               |  FF | LUT| Bits| Const Bits|
    +----------------------------------+-----+----+-----+-----------+
    |ap_CS_fsm                         |    1|   0|    1|          0|
    |ap_done_reg                       |    1|   0|    1|          0|
    |ap_enable_reg_pp0_iter1           |    1|   0|    1|          0|
    |ap_enable_reg_pp0_iter10          |    1|   0|    1|          0|
    |ap_enable_reg_pp0_iter2           |    1|   0|    1|          0|
    |ap_enable_reg_pp0_iter3           |    1|   0|    1|          0|
    |ap_enable_reg_pp0_iter4           |    1|   0|    1|          0|
    |ap_enable_reg_pp0_iter5           |    1|   0|    1|          0|
    |ap_enable_reg_pp0_iter6           |    1|   0|    1|          0|
    |ap_enable_reg_pp0_iter7           |    1|   0|    1|          0|
    |ap_enable_reg_pp0_iter8           |    1|   0|    1|          0|
    |ap_enable_reg_pp0_iter9           |    1|   0|    1|          0|
    |ap_loop_exit_ready_pp0_iter1_reg  |    1|   0|    1|          0|
    |ap_loop_exit_ready_pp0_iter2_reg  |    1|   0|    1|          0|
    |ap_loop_exit_ready_pp0_iter3_reg  |    1|   0|    1|          0|
    |ap_loop_exit_ready_pp0_iter4_reg  |    1|   0|    1|          0|
    |ap_loop_exit_ready_pp0_iter5_reg  |    1|   0|    1|          0|
    |ap_loop_exit_ready_pp0_iter6_reg  |    1|   0|    1|          0|
    |ap_loop_exit_ready_pp0_iter7_reg  |    1|   0|    1|          0|
    |ap_loop_exit_ready_pp0_iter8_reg  |    1|   0|    1|          0|
    |ap_loop_exit_ready_pp0_iter9_reg  |    1|   0|    1|          0|
    |gmem1_addr_read_reg_337           |  512|   0|  512|          0|
    |gmem1_addr_reg_318                |   64|   0|   64|          0|
    |icmp_ln53_reg_324                 |    1|   0|    1|          0|
    |indvar_flatten12_fu_88            |   16|   0|   16|          0|
    |indvar_flatten_fu_84              |   12|   0|   12|          0|
    |k_fu_80                           |    7|   0|    7|          0|
    |or_ln55_1_reg_332                 |    1|   0|    1|          0|
    |or_ln55_reg_328                   |    1|   0|    1|          0|
    |icmp_ln53_reg_324                 |   64|  32|    1|          0|
    +----------------------------------+-----+----+-----+-----------+
    |Total                             |  699|  32|  636|          0|
    +----------------------------------+-----+----+-----+-----------+



================================================================
== Interface
================================================================
* Summary: 
+-------------------------+-----+-----+------------+--------------+--------------+
|        RTL Ports        | Dir | Bits|  Protocol  | Source Object|    C Type    |
+-------------------------+-----+-----+------------+--------------+--------------+
|ap_clk                   |   in|    1|  ap_ctrl_hs|   gemm_read_W|  return value|
|ap_rst                   |   in|    1|  ap_ctrl_hs|   gemm_read_W|  return value|
|ap_start                 |   in|    1|  ap_ctrl_hs|   gemm_read_W|  return value|
|ap_done                  |  out|    1|  ap_ctrl_hs|   gemm_read_W|  return value|
|ap_continue              |   in|    1|  ap_ctrl_hs|   gemm_read_W|  return value|
|ap_idle                  |  out|    1|  ap_ctrl_hs|   gemm_read_W|  return value|
|ap_ready                 |  out|    1|  ap_ctrl_hs|   gemm_read_W|  return value|
|m_axi_gmem1_0_AWVALID    |  out|    1|       m_axi|         gmem1|       pointer|
|m_axi_gmem1_0_AWREADY    |   in|    1|       m_axi|         gmem1|       pointer|
|m_axi_gmem1_0_AWADDR     |  out|   64|       m_axi|         gmem1|       pointer|
|m_axi_gmem1_0_AWID       |  out|    1|       m_axi|         gmem1|       pointer|
|m_axi_gmem1_0_AWLEN      |  out|   32|       m_axi|         gmem1|       pointer|
|m_axi_gmem1_0_AWSIZE     |  out|    3|       m_axi|         gmem1|       pointer|
|m_axi_gmem1_0_AWBURST    |  out|    2|       m_axi|         gmem1|       pointer|
|m_axi_gmem1_0_AWLOCK     |  out|    2|       m_axi|         gmem1|       pointer|
|m_axi_gmem1_0_AWCACHE    |  out|    4|       m_axi|         gmem1|       pointer|
|m_axi_gmem1_0_AWPROT     |  out|    3|       m_axi|         gmem1|       pointer|
|m_axi_gmem1_0_AWQOS      |  out|    4|       m_axi|         gmem1|       pointer|
|m_axi_gmem1_0_AWREGION   |  out|    4|       m_axi|         gmem1|       pointer|
|m_axi_gmem1_0_AWUSER     |  out|    1|       m_axi|         gmem1|       pointer|
|m_axi_gmem1_0_WVALID     |  out|    1|       m_axi|         gmem1|       pointer|
|m_axi_gmem1_0_WREADY     |   in|    1|       m_axi|         gmem1|       pointer|
|m_axi_gmem1_0_WDATA      |  out|  512|       m_axi|         gmem1|       pointer|
|m_axi_gmem1_0_WSTRB      |  out|   64|       m_axi|         gmem1|       pointer|
|m_axi_gmem1_0_WLAST      |  out|    1|       m_axi|         gmem1|       pointer|
|m_axi_gmem1_0_WID        |  out|    1|       m_axi|         gmem1|       pointer|
|m_axi_gmem1_0_WUSER      |  out|    1|       m_axi|         gmem1|       pointer|
|m_axi_gmem1_0_ARVALID    |  out|    1|       m_axi|         gmem1|       pointer|
|m_axi_gmem1_0_ARREADY    |   in|    1|       m_axi|         gmem1|       pointer|
|m_axi_gmem1_0_ARADDR     |  out|   64|       m_axi|         gmem1|       pointer|
|m_axi_gmem1_0_ARID       |  out|    1|       m_axi|         gmem1|       pointer|
|m_axi_gmem1_0_ARLEN      |  out|   32|       m_axi|         gmem1|       pointer|
|m_axi_gmem1_0_ARSIZE     |  out|    3|       m_axi|         gmem1|       pointer|
|m_axi_gmem1_0_ARBURST    |  out|    2|       m_axi|         gmem1|       pointer|
|m_axi_gmem1_0_ARLOCK     |  out|    2|       m_axi|         gmem1|       pointer|
|m_axi_gmem1_0_ARCACHE    |  out|    4|       m_axi|         gmem1|       pointer|
|m_axi_gmem1_0_ARPROT     |  out|    3|       m_axi|         gmem1|       pointer|
|m_axi_gmem1_0_ARQOS      |  out|    4|       m_axi|         gmem1|       pointer|
|m_axi_gmem1_0_ARREGION   |  out|    4|       m_axi|         gmem1|       pointer|
|m_axi_gmem1_0_ARUSER     |  out|    1|       m_axi|         gmem1|       pointer|
|m_axi_gmem1_0_RVALID     |   in|    1|       m_axi|         gmem1|       pointer|
|m_axi_gmem1_0_RREADY     |  out|    1|       m_axi|         gmem1|       pointer|
|m_axi_gmem1_0_RDATA      |   in|  512|       m_axi|         gmem1|       pointer|
|m_axi_gmem1_0_RLAST      |   in|    1|       m_axi|         gmem1|       pointer|
|m_axi_gmem1_0_RID        |   in|    1|       m_axi|         gmem1|       pointer|
|m_axi_gmem1_0_RFIFONUM   |   in|    9|       m_axi|         gmem1|       pointer|
|m_axi_gmem1_0_RUSER      |   in|    1|       m_axi|         gmem1|       pointer|
|m_axi_gmem1_0_RRESP      |   in|    2|       m_axi|         gmem1|       pointer|
|m_axi_gmem1_0_BVALID     |   in|    1|       m_axi|         gmem1|       pointer|
|m_axi_gmem1_0_BREADY     |  out|    1|       m_axi|         gmem1|       pointer|
|m_axi_gmem1_0_BRESP      |   in|    2|       m_axi|         gmem1|       pointer|
|m_axi_gmem1_0_BID        |   in|    1|       m_axi|         gmem1|       pointer|
|m_axi_gmem1_0_BUSER      |   in|    1|       m_axi|         gmem1|       pointer|
|W_stream_din             |  out|  512|     ap_fifo|      W_stream|       pointer|
|W_stream_full_n          |   in|    1|     ap_fifo|      W_stream|       pointer|
|W_stream_write           |  out|    1|     ap_fifo|      W_stream|       pointer|
|W_stream_num_data_valid  |   in|    5|     ap_fifo|      W_stream|       pointer|
|W_stream_fifo_cap        |   in|    5|     ap_fifo|      W_stream|       pointer|
|W                        |   in|   64|   ap_stable|             W|        scalar|
+-------------------------+-----+-----+------------+--------------+--------------+

