

================================================================
== Vitis HLS Report for 'gemm_stage'
================================================================
* Date:           Thu Apr 16 10:08:45 2026

* Version:        2025.2 (Build 6295257 on Nov 14 2025)
* Project:        integrated_gcn_approx
* Solution:       hls (Vivado IP Flow Target)
* Product family: zynquplus
* Target device:  xck26-sfvc784-2LV-c


================================================================
== Performance Estimates
================================================================
+ Timing: 
    * Summary: 
    +--------+----------+----------+------------+
    |  Clock |  Target  | Estimated| Uncertainty|
    +--------+----------+----------+------------+
    |ap_clk  |  10.00 ns|  7.300 ns|     2.70 ns|
    +--------+----------+----------+------------+

+ Latency: 
    * Summary: 
    +---------+---------+-----------+-----------+---------+---------+----------+
    |  Latency (cycles) |   Latency (absolute)  |      Interval     | Pipeline |
    |   min   |   max   |    min    |    max    |   min   |   max   |   Type   |
    +---------+---------+-----------+-----------+---------+---------+----------+
    |  1018896|  1018896|  10.189 ms|  10.189 ms|  1018887|  1018887|  dataflow|
    +---------+---------+-----------+-----------+---------+---------+----------+

    + Detail: 
        * Instance: 
        +-----------------+--------------+---------+---------+-----------+-----------+---------+---------+------------------------------------------------+
        |                 |              |  Latency (cycles) |   Latency (absolute)  |      Interval     |                    Pipeline                    |
        |     Instance    |    Module    |   min   |   max   |    min    |    max    |   min   |   max   |                      Type                      |
        +-----------------+--------------+---------+---------+-----------+-----------+---------+---------+------------------------------------------------+
        |gemm_read_X_U0   |gemm_read_X   |    63310|    63310|   0.633 ms|   0.633 ms|    63297|    63297|  loop auto-rewind stp (delay=0 clock cycles(s))|
        |gemm_read_W_U0   |gemm_read_W   |    63307|    63307|   0.633 ms|   0.633 ms|    63297|    63297|  loop auto-rewind stp (delay=0 clock cycles(s))|
        |gemm_compute_U0  |gemm_compute  |  1018886|  1018886|  10.189 ms|  10.189 ms|  1018886|  1018886|                                              no|
        |gemm_write_U0    |gemm_write    |     2760|     2760|  27.600 us|  27.600 us|     2753|     2753|  loop auto-rewind stp (delay=0 clock cycles(s))|
        +-----------------+--------------+---------+---------+-----------+-----------+---------+---------+------------------------------------------------+

        * Loop: 
        N/A



================================================================
== Utilization Estimates
================================================================
* Summary: 
+-----------------+---------+------+--------+--------+-----+
|       Name      | BRAM_18K|  DSP |   FF   |   LUT  | URAM|
+-----------------+---------+------+--------+--------+-----+
|DSP              |        -|     -|       -|       -|    -|
|Expression       |        -|     -|       0|      12|    -|
|FIFO             |       87|     -|     453|     135|    -|
|Instance         |        0|     1|   17966|  219518|    0|
|Memory           |        -|     -|       -|       -|    -|
|Multiplexer      |        -|     -|       0|      18|    -|
|Register         |        -|     -|       3|       -|    -|
+-----------------+---------+------+--------+--------+-----+
|Total            |       87|     1|   18422|  219683|    0|
+-----------------+---------+------+--------+--------+-----+
|Available        |      288|  1248|  234240|  117120|   64|
+-----------------+---------+------+--------+--------+-----+
|Utilization (%)  |       30|    ~0|       7|     187|    0|
+-----------------+---------+------+--------+--------+-----+

+ Detail: 
    * Instance: 
    +-----------------+--------------+---------+----+-------+--------+-----+
    |     Instance    |    Module    | BRAM_18K| DSP|   FF  |   LUT  | URAM|
    +-----------------+--------------+---------+----+-------+--------+-----+
    |gemm_compute_U0  |gemm_compute  |        0|   0|  15818|  218411|    0|
    |gemm_read_W_U0   |gemm_read_W   |        0|   0|    699|     305|    0|
    |gemm_read_X_U0   |gemm_read_X   |        0|   1|    774|     446|    0|
    |gemm_write_U0    |gemm_write    |        0|   0|    675|     356|    0|
    +-----------------+--------------+---------+----+-------+--------+-----+
    |Total            |              |        0|   1|  17966|  219518|    0|
    +-----------------+--------------+---------+----+-------+--------+-----+

    * DSP: 
    N/A

    * Memory: 
    N/A

    * FIFO: 
    +-------------+---------+-----+----+-----+------+-----+---------+
    |     Name    | BRAM_18K|  FF | LUT| URAM| Depth| Bits| Size:D*B|
    +-------------+---------+-----+----+-----+------+-----+---------+
    |W_stream_U   |       29|  151|   0|    -|    16|  512|     8192|
    |XW_stream_U  |       29|  151|   0|    -|    16|  512|     8192|
    |X_stream_U   |       29|  151|   0|    -|    16|  512|     8192|
    +-------------+---------+-----+----+-----+------+-----+---------+
    |Total        |       87|  453|   0|    0|    48| 1536|    24576|
    +-------------+---------+-----+----+-----+------+-----+---------+

    * Expression: 
    +---------------------------------+----------+----+---+----+------------+------------+
    |          Variable Name          | Operation| DSP| FF| LUT| Bitwidth P0| Bitwidth P1|
    +---------------------------------+----------+----+---+----+------------+------------+
    |ap_idle                          |       and|   0|  0|   2|           1|           1|
    |ap_sync_ready                    |       and|   0|  0|   2|           1|           1|
    |gemm_read_W_U0_ap_start          |       and|   0|  0|   2|           1|           1|
    |gemm_read_X_U0_ap_start          |       and|   0|  0|   2|           1|           1|
    |ap_sync_gemm_read_W_U0_ap_ready  |        or|   0|  0|   2|           1|           1|
    |ap_sync_gemm_read_X_U0_ap_ready  |        or|   0|  0|   2|           1|           1|
    +---------------------------------+----------+----+---+----+------------+------------+
    |Total                            |          |   0|  0|  12|           6|           6|
    +---------------------------------+----------+----+---+----+------------+------------+

    * Multiplexer: 
    +-------------------------------------+----+-----------+-----+-----------+
    |                 Name                | LUT| Input Size| Bits| Total Bits|
    +-------------------------------------+----+-----------+-----+-----------+
    |ap_sync_reg_gemm_read_W_U0_ap_ready  |   9|          2|    1|          2|
    |ap_sync_reg_gemm_read_X_U0_ap_ready  |   9|          2|    1|          2|
    +-------------------------------------+----+-----------+-----+-----------+
    |Total                                |  18|          4|    2|          4|
    +-------------------------------------+----+-----------+-----+-----------+

    * Register: 
    +-------------------------------------+---+----+-----+-----------+
    |                 Name                | FF| LUT| Bits| Const Bits|
    +-------------------------------------+---+----+-----+-----------+
    |ap_sync_ready                        |  1|   0|    1|          0|
    |ap_sync_reg_gemm_read_W_U0_ap_ready  |  1|   0|    1|          0|
    |ap_sync_reg_gemm_read_X_U0_ap_ready  |  1|   0|    1|          0|
    +-------------------------------------+---+----+-----+-----------+
    |Total                                |  3|   0|    3|          0|
    +-------------------------------------+---+----+-----+-----------+



================================================================
== Interface
================================================================
* Summary: 
+------------------------+-----+-----+------------+--------------+--------------+
|        RTL Ports       | Dir | Bits|  Protocol  | Source Object|    C Type    |
+------------------------+-----+-----+------------+--------------+--------------+
|m_axi_gmem0_0_AWVALID   |  out|    1|       m_axi|         gmem0|       pointer|
|m_axi_gmem0_0_AWREADY   |   in|    1|       m_axi|         gmem0|       pointer|
|m_axi_gmem0_0_AWADDR    |  out|   64|       m_axi|         gmem0|       pointer|
|m_axi_gmem0_0_AWID      |  out|    1|       m_axi|         gmem0|       pointer|
|m_axi_gmem0_0_AWLEN     |  out|   32|       m_axi|         gmem0|       pointer|
|m_axi_gmem0_0_AWSIZE    |  out|    3|       m_axi|         gmem0|       pointer|
|m_axi_gmem0_0_AWBURST   |  out|    2|       m_axi|         gmem0|       pointer|
|m_axi_gmem0_0_AWLOCK    |  out|    2|       m_axi|         gmem0|       pointer|
|m_axi_gmem0_0_AWCACHE   |  out|    4|       m_axi|         gmem0|       pointer|
|m_axi_gmem0_0_AWPROT    |  out|    3|       m_axi|         gmem0|       pointer|
|m_axi_gmem0_0_AWQOS     |  out|    4|       m_axi|         gmem0|       pointer|
|m_axi_gmem0_0_AWREGION  |  out|    4|       m_axi|         gmem0|       pointer|
|m_axi_gmem0_0_AWUSER    |  out|    1|       m_axi|         gmem0|       pointer|
|m_axi_gmem0_0_WVALID    |  out|    1|       m_axi|         gmem0|       pointer|
|m_axi_gmem0_0_WREADY    |   in|    1|       m_axi|         gmem0|       pointer|
|m_axi_gmem0_0_WDATA     |  out|  512|       m_axi|         gmem0|       pointer|
|m_axi_gmem0_0_WSTRB     |  out|   64|       m_axi|         gmem0|       pointer|
|m_axi_gmem0_0_WLAST     |  out|    1|       m_axi|         gmem0|       pointer|
|m_axi_gmem0_0_WID       |  out|    1|       m_axi|         gmem0|       pointer|
|m_axi_gmem0_0_WUSER     |  out|    1|       m_axi|         gmem0|       pointer|
|m_axi_gmem0_0_ARVALID   |  out|    1|       m_axi|         gmem0|       pointer|
|m_axi_gmem0_0_ARREADY   |   in|    1|       m_axi|         gmem0|       pointer|
|m_axi_gmem0_0_ARADDR    |  out|   64|       m_axi|         gmem0|       pointer|
|m_axi_gmem0_0_ARID      |  out|    1|       m_axi|         gmem0|       pointer|
|m_axi_gmem0_0_ARLEN     |  out|   32|       m_axi|         gmem0|       pointer|
|m_axi_gmem0_0_ARSIZE    |  out|    3|       m_axi|         gmem0|       pointer|
|m_axi_gmem0_0_ARBURST   |  out|    2|       m_axi|         gmem0|       pointer|
|m_axi_gmem0_0_ARLOCK    |  out|    2|       m_axi|         gmem0|       pointer|
|m_axi_gmem0_0_ARCACHE   |  out|    4|       m_axi|         gmem0|       pointer|
|m_axi_gmem0_0_ARPROT    |  out|    3|       m_axi|         gmem0|       pointer|
|m_axi_gmem0_0_ARQOS     |  out|    4|       m_axi|         gmem0|       pointer|
|m_axi_gmem0_0_ARREGION  |  out|    4|       m_axi|         gmem0|       pointer|
|m_axi_gmem0_0_ARUSER    |  out|    1|       m_axi|         gmem0|       pointer|
|m_axi_gmem0_0_RVALID    |   in|    1|       m_axi|         gmem0|       pointer|
|m_axi_gmem0_0_RREADY    |  out|    1|       m_axi|         gmem0|       pointer|
|m_axi_gmem0_0_RDATA     |   in|  512|       m_axi|         gmem0|       pointer|
|m_axi_gmem0_0_RLAST     |   in|    1|       m_axi|         gmem0|       pointer|
|m_axi_gmem0_0_RID       |   in|    1|       m_axi|         gmem0|       pointer|
|m_axi_gmem0_0_RFIFONUM  |   in|    9|       m_axi|         gmem0|       pointer|
|m_axi_gmem0_0_RUSER     |   in|    1|       m_axi|         gmem0|       pointer|
|m_axi_gmem0_0_RRESP     |   in|    2|       m_axi|         gmem0|       pointer|
|m_axi_gmem0_0_BVALID    |   in|    1|       m_axi|         gmem0|       pointer|
|m_axi_gmem0_0_BREADY    |  out|    1|       m_axi|         gmem0|       pointer|
|m_axi_gmem0_0_BRESP     |   in|    2|       m_axi|         gmem0|       pointer|
|m_axi_gmem0_0_BID       |   in|    1|       m_axi|         gmem0|       pointer|
|m_axi_gmem0_0_BUSER     |   in|    1|       m_axi|         gmem0|       pointer|
|X                       |   in|   64|     ap_none|             X|        scalar|
|X_ap_vld                |   in|    1|     ap_none|             X|        scalar|
|m_axi_gmem1_0_AWVALID   |  out|    1|       m_axi|         gmem1|       pointer|
|m_axi_gmem1_0_AWREADY   |   in|    1|       m_axi|         gmem1|       pointer|
|m_axi_gmem1_0_AWADDR    |  out|   64|       m_axi|         gmem1|       pointer|
|m_axi_gmem1_0_AWID      |  out|    1|       m_axi|         gmem1|       pointer|
|m_axi_gmem1_0_AWLEN     |  out|   32|       m_axi|         gmem1|       pointer|
|m_axi_gmem1_0_AWSIZE    |  out|    3|       m_axi|         gmem1|       pointer|
|m_axi_gmem1_0_AWBURST   |  out|    2|       m_axi|         gmem1|       pointer|
|m_axi_gmem1_0_AWLOCK    |  out|    2|       m_axi|         gmem1|       pointer|
|m_axi_gmem1_0_AWCACHE   |  out|    4|       m_axi|         gmem1|       pointer|
|m_axi_gmem1_0_AWPROT    |  out|    3|       m_axi|         gmem1|       pointer|
|m_axi_gmem1_0_AWQOS     |  out|    4|       m_axi|         gmem1|       pointer|
|m_axi_gmem1_0_AWREGION  |  out|    4|       m_axi|         gmem1|       pointer|
|m_axi_gmem1_0_AWUSER    |  out|    1|       m_axi|         gmem1|       pointer|
|m_axi_gmem1_0_WVALID    |  out|    1|       m_axi|         gmem1|       pointer|
|m_axi_gmem1_0_WREADY    |   in|    1|       m_axi|         gmem1|       pointer|
|m_axi_gmem1_0_WDATA     |  out|  512|       m_axi|         gmem1|       pointer|
|m_axi_gmem1_0_WSTRB     |  out|   64|       m_axi|         gmem1|       pointer|
|m_axi_gmem1_0_WLAST     |  out|    1|       m_axi|         gmem1|       pointer|
|m_axi_gmem1_0_WID       |  out|    1|       m_axi|         gmem1|       pointer|
|m_axi_gmem1_0_WUSER     |  out|    1|       m_axi|         gmem1|       pointer|
|m_axi_gmem1_0_ARVALID   |  out|    1|       m_axi|         gmem1|       pointer|
|m_axi_gmem1_0_ARREADY   |   in|    1|       m_axi|         gmem1|       pointer|
|m_axi_gmem1_0_ARADDR    |  out|   64|       m_axi|         gmem1|       pointer|
|m_axi_gmem1_0_ARID      |  out|    1|       m_axi|         gmem1|       pointer|
|m_axi_gmem1_0_ARLEN     |  out|   32|       m_axi|         gmem1|       pointer|
|m_axi_gmem1_0_ARSIZE    |  out|    3|       m_axi|         gmem1|       pointer|
|m_axi_gmem1_0_ARBURST   |  out|    2|       m_axi|         gmem1|       pointer|
|m_axi_gmem1_0_ARLOCK    |  out|    2|       m_axi|         gmem1|       pointer|
|m_axi_gmem1_0_ARCACHE   |  out|    4|       m_axi|         gmem1|       pointer|
|m_axi_gmem1_0_ARPROT    |  out|    3|       m_axi|         gmem1|       pointer|
|m_axi_gmem1_0_ARQOS     |  out|    4|       m_axi|         gmem1|       pointer|
|m_axi_gmem1_0_ARREGION  |  out|    4|       m_axi|         gmem1|       pointer|
|m_axi_gmem1_0_ARUSER    |  out|    1|       m_axi|         gmem1|       pointer|
|m_axi_gmem1_0_RVALID    |   in|    1|       m_axi|         gmem1|       pointer|
|m_axi_gmem1_0_RREADY    |  out|    1|       m_axi|         gmem1|       pointer|
|m_axi_gmem1_0_RDATA     |   in|  512|       m_axi|         gmem1|       pointer|
|m_axi_gmem1_0_RLAST     |   in|    1|       m_axi|         gmem1|       pointer|
|m_axi_gmem1_0_RID       |   in|    1|       m_axi|         gmem1|       pointer|
|m_axi_gmem1_0_RFIFONUM  |   in|    9|       m_axi|         gmem1|       pointer|
|m_axi_gmem1_0_RUSER     |   in|    1|       m_axi|         gmem1|       pointer|
|m_axi_gmem1_0_RRESP     |   in|    2|       m_axi|         gmem1|       pointer|
|m_axi_gmem1_0_BVALID    |   in|    1|       m_axi|         gmem1|       pointer|
|m_axi_gmem1_0_BREADY    |  out|    1|       m_axi|         gmem1|       pointer|
|m_axi_gmem1_0_BRESP     |   in|    2|       m_axi|         gmem1|       pointer|
|m_axi_gmem1_0_BID       |   in|    1|       m_axi|         gmem1|       pointer|
|m_axi_gmem1_0_BUSER     |   in|    1|       m_axi|         gmem1|       pointer|
|W                       |   in|   64|     ap_none|             W|        scalar|
|W_ap_vld                |   in|    1|     ap_none|             W|        scalar|
|m_axi_gmem2_0_AWVALID   |  out|    1|       m_axi|         gmem2|       pointer|
|m_axi_gmem2_0_AWREADY   |   in|    1|       m_axi|         gmem2|       pointer|
|m_axi_gmem2_0_AWADDR    |  out|   64|       m_axi|         gmem2|       pointer|
|m_axi_gmem2_0_AWID      |  out|    1|       m_axi|         gmem2|       pointer|
|m_axi_gmem2_0_AWLEN     |  out|   32|       m_axi|         gmem2|       pointer|
|m_axi_gmem2_0_AWSIZE    |  out|    3|       m_axi|         gmem2|       pointer|
|m_axi_gmem2_0_AWBURST   |  out|    2|       m_axi|         gmem2|       pointer|
|m_axi_gmem2_0_AWLOCK    |  out|    2|       m_axi|         gmem2|       pointer|
|m_axi_gmem2_0_AWCACHE   |  out|    4|       m_axi|         gmem2|       pointer|
|m_axi_gmem2_0_AWPROT    |  out|    3|       m_axi|         gmem2|       pointer|
|m_axi_gmem2_0_AWQOS     |  out|    4|       m_axi|         gmem2|       pointer|
|m_axi_gmem2_0_AWREGION  |  out|    4|       m_axi|         gmem2|       pointer|
|m_axi_gmem2_0_AWUSER    |  out|    1|       m_axi|         gmem2|       pointer|
|m_axi_gmem2_0_WVALID    |  out|    1|       m_axi|         gmem2|       pointer|
|m_axi_gmem2_0_WREADY    |   in|    1|       m_axi|         gmem2|       pointer|
|m_axi_gmem2_0_WDATA     |  out|  512|       m_axi|         gmem2|       pointer|
|m_axi_gmem2_0_WSTRB     |  out|   64|       m_axi|         gmem2|       pointer|
|m_axi_gmem2_0_WLAST     |  out|    1|       m_axi|         gmem2|       pointer|
|m_axi_gmem2_0_WID       |  out|    1|       m_axi|         gmem2|       pointer|
|m_axi_gmem2_0_WUSER     |  out|    1|       m_axi|         gmem2|       pointer|
|m_axi_gmem2_0_ARVALID   |  out|    1|       m_axi|         gmem2|       pointer|
|m_axi_gmem2_0_ARREADY   |   in|    1|       m_axi|         gmem2|       pointer|
|m_axi_gmem2_0_ARADDR    |  out|   64|       m_axi|         gmem2|       pointer|
|m_axi_gmem2_0_ARID      |  out|    1|       m_axi|         gmem2|       pointer|
|m_axi_gmem2_0_ARLEN     |  out|   32|       m_axi|         gmem2|       pointer|
|m_axi_gmem2_0_ARSIZE    |  out|    3|       m_axi|         gmem2|       pointer|
|m_axi_gmem2_0_ARBURST   |  out|    2|       m_axi|         gmem2|       pointer|
|m_axi_gmem2_0_ARLOCK    |  out|    2|       m_axi|         gmem2|       pointer|
|m_axi_gmem2_0_ARCACHE   |  out|    4|       m_axi|         gmem2|       pointer|
|m_axi_gmem2_0_ARPROT    |  out|    3|       m_axi|         gmem2|       pointer|
|m_axi_gmem2_0_ARQOS     |  out|    4|       m_axi|         gmem2|       pointer|
|m_axi_gmem2_0_ARREGION  |  out|    4|       m_axi|         gmem2|       pointer|
|m_axi_gmem2_0_ARUSER    |  out|    1|       m_axi|         gmem2|       pointer|
|m_axi_gmem2_0_RVALID    |   in|    1|       m_axi|         gmem2|       pointer|
|m_axi_gmem2_0_RREADY    |  out|    1|       m_axi|         gmem2|       pointer|
|m_axi_gmem2_0_RDATA     |   in|  512|       m_axi|         gmem2|       pointer|
|m_axi_gmem2_0_RLAST     |   in|    1|       m_axi|         gmem2|       pointer|
|m_axi_gmem2_0_RID       |   in|    1|       m_axi|         gmem2|       pointer|
|m_axi_gmem2_0_RFIFONUM  |   in|    9|       m_axi|         gmem2|       pointer|
|m_axi_gmem2_0_RUSER     |   in|    1|       m_axi|         gmem2|       pointer|
|m_axi_gmem2_0_RRESP     |   in|    2|       m_axi|         gmem2|       pointer|
|m_axi_gmem2_0_BVALID    |   in|    1|       m_axi|         gmem2|       pointer|
|m_axi_gmem2_0_BREADY    |  out|    1|       m_axi|         gmem2|       pointer|
|m_axi_gmem2_0_BRESP     |   in|    2|       m_axi|         gmem2|       pointer|
|m_axi_gmem2_0_BID       |   in|    1|       m_axi|         gmem2|       pointer|
|m_axi_gmem2_0_BUSER     |   in|    1|       m_axi|         gmem2|       pointer|
|H_temp                  |   in|   64|     ap_none|        H_temp|        scalar|
|H_temp_ap_vld           |   in|    1|     ap_none|        H_temp|        scalar|
|ap_clk                  |   in|    1|  ap_ctrl_hs|    gemm_stage|  return value|
|ap_rst                  |   in|    1|  ap_ctrl_hs|    gemm_stage|  return value|
|ap_start                |   in|    1|  ap_ctrl_hs|    gemm_stage|  return value|
|ap_done                 |  out|    1|  ap_ctrl_hs|    gemm_stage|  return value|
|ap_ready                |  out|    1|  ap_ctrl_hs|    gemm_stage|  return value|
|ap_idle                 |  out|    1|  ap_ctrl_hs|    gemm_stage|  return value|
|ap_continue             |   in|    1|  ap_ctrl_hs|    gemm_stage|  return value|
+------------------------+-----+-----+------------+--------------+--------------+

