

================================================================
== Vitis HLS Report for 'mul8s_1KV8'
================================================================
* Date:           Thu Apr 16 10:08:43 2026

* Version:        2025.2 (Build 6295257 on Nov 14 2025)
* Project:        integrated_gcn_approx
* Solution:       hls (Vivado IP Flow Target)
* Product family: zynquplus
* Target device:  xck26-sfvc784-2LV-c


================================================================
== Performance Estimates
================================================================
+ Timing: 
    * Summary: 
    +--------+----------+----------+------------+
    |  Clock |  Target  | Estimated| Uncertainty|
    +--------+----------+----------+------------+
    |ap_clk  |  10.00 ns|  6.888 ns|     2.70 ns|
    +--------+----------+----------+------------+

+ Latency: 
    * Summary: 
    +---------+---------+-----------+-----------+-----+-----+---------+
    |  Latency (cycles) |   Latency (absolute)  |  Interval | Pipeline|
    |   min   |   max   |    min    |    max    | min | max |   Type  |
    +---------+---------+-----------+-----------+-----+-----+---------+
    |        1|        1|  10.000 ns|  10.000 ns|    1|    1|      yes|
    +---------+---------+-----------+-----------+-----+-----+---------+

    + Detail: 
        * Instance: 
        N/A

        * Loop: 
        N/A



================================================================
== Utilization Estimates
================================================================
* Summary: 
+-----------------+---------+------+--------+--------+-----+
|       Name      | BRAM_18K|  DSP |   FF   |   LUT  | URAM|
+-----------------+---------+------+--------+--------+-----+
|DSP              |        -|     -|       -|       -|    -|
|Expression       |        -|     -|       0|     718|    -|
|FIFO             |        -|     -|       -|       -|    -|
|Instance         |        -|     -|       -|       -|    -|
|Memory           |        -|     -|       -|       -|    -|
|Multiplexer      |        -|     -|       -|       -|    -|
|Register         |        -|     -|      18|       -|    -|
+-----------------+---------+------+--------+--------+-----+
|Total            |        0|     0|      18|     718|    0|
+-----------------+---------+------+--------+--------+-----+
|Available        |      288|  1248|  234240|  117120|   64|
+-----------------+---------+------+--------+--------+-----+
|Utilization (%)  |        0|     0|      ~0|      ~0|    0|
+-----------------+---------+------+--------+--------+-----+

+ Detail: 
    * Instance: 
    N/A

    * DSP: 
    N/A

    * Memory: 
    N/A

    * FIFO: 
    N/A

    * Expression: 
    +-------------------------+----------+----+---+----+------------+------------+
    |      Variable Name      | Operation| DSP| FF| LUT| Bitwidth P0| Bitwidth P1|
    +-------------------------+----------+----+---+----+------------+------------+
    |C_1_1_fu_166_p2          |       and|   0|  0|   2|           1|           1|
    |C_1_2_fu_184_p2          |       and|   0|  0|   2|           1|           1|
    |C_1_3_fu_202_p2          |       and|   0|  0|   2|           1|           1|
    |C_1_4_fu_220_p2          |       and|   0|  0|   2|           1|           1|
    |C_1_5_fu_238_p2          |       and|   0|  0|   2|           1|           1|
    |C_1_6_fu_256_p2          |       and|   0|  0|   2|           1|           1|
    |C_2_0_fu_282_p2          |       and|   0|  0|   2|           1|           1|
    |S_0_2_fu_56_p2           |       and|   0|  0|   2|           1|           1|
    |S_0_3_fu_70_p2           |       and|   0|  0|   2|           1|           1|
    |S_0_4_fu_84_p2           |       and|   0|  0|   2|           1|           1|
    |S_0_5_fu_98_p2           |       and|   0|  0|   2|           1|           1|
    |S_0_6_fu_112_p2          |       and|   0|  0|   2|           1|           1|
    |S_1_7_fu_262_p2          |       and|   0|  0|   2|           1|           1|
    |and_ln100_1_fu_910_p2    |       and|   0|  0|   2|           1|           1|
    |and_ln100_fu_904_p2      |       and|   0|  0|   2|           1|           1|
    |and_ln102_fu_928_p2      |       and|   0|  0|   2|           1|           1|
    |and_ln103_1_fu_946_p2    |       and|   0|  0|   2|           1|           1|
    |and_ln103_fu_940_p2      |       and|   0|  0|   2|           1|           1|
    |and_ln105_fu_964_p2      |       and|   0|  0|   2|           1|           1|
    |and_ln106_1_fu_982_p2    |       and|   0|  0|   2|           1|           1|
    |and_ln106_fu_976_p2      |       and|   0|  0|   2|           1|           1|
    |and_ln108_fu_1000_p2     |       and|   0|  0|   2|           1|           1|
    |and_ln109_1_fu_1018_p2   |       and|   0|  0|   2|           1|           1|
    |and_ln109_fu_1012_p2     |       and|   0|  0|   2|           1|           1|
    |and_ln110_fu_1024_p2     |       and|   0|  0|   2|           1|           1|
    |and_ln114_1_fu_1056_p2   |       and|   0|  0|   2|           1|           1|
    |and_ln114_2_fu_1062_p2   |       and|   0|  0|   2|           1|           1|
    |and_ln114_fu_1050_p2     |       and|   0|  0|   2|           1|           1|
    |and_ln116_fu_1080_p2     |       and|   0|  0|   2|           1|           1|
    |and_ln117_1_fu_1098_p2   |       and|   0|  0|   2|           1|           1|
    |and_ln117_fu_1092_p2     |       and|   0|  0|   2|           1|           1|
    |and_ln119_fu_1116_p2     |       and|   0|  0|   2|           1|           1|
    |and_ln120_1_fu_1134_p2   |       and|   0|  0|   2|           1|           1|
    |and_ln120_fu_1128_p2     |       and|   0|  0|   2|           1|           1|
    |and_ln122_fu_1152_p2     |       and|   0|  0|   2|           1|           1|
    |and_ln123_1_fu_1170_p2   |       and|   0|  0|   2|           1|           1|
    |and_ln123_fu_1164_p2     |       and|   0|  0|   2|           1|           1|
    |and_ln125_fu_1188_p2     |       and|   0|  0|   2|           1|           1|
    |and_ln126_1_fu_1206_p2   |       and|   0|  0|   2|           1|           1|
    |and_ln126_fu_1200_p2     |       and|   0|  0|   2|           1|           1|
    |and_ln128_fu_1224_p2     |       and|   0|  0|   2|           1|           1|
    |and_ln129_1_fu_1242_p2   |       and|   0|  0|   2|           1|           1|
    |and_ln129_fu_1236_p2     |       and|   0|  0|   2|           1|           1|
    |and_ln131_fu_1260_p2     |       and|   0|  0|   2|           1|           1|
    |and_ln132_1_fu_1278_p2   |       and|   0|  0|   2|           1|           1|
    |and_ln132_fu_1272_p2     |       and|   0|  0|   2|           1|           1|
    |and_ln133_fu_1284_p2     |       and|   0|  0|   2|           1|           1|
    |and_ln137_1_fu_1316_p2   |       and|   0|  0|   2|           1|           1|
    |and_ln137_2_fu_1322_p2   |       and|   0|  0|   2|           1|           1|
    |and_ln137_fu_1310_p2     |       and|   0|  0|   2|           1|           1|
    |and_ln139_fu_1340_p2     |       and|   0|  0|   2|           1|           1|
    |and_ln140_1_fu_1358_p2   |       and|   0|  0|   2|           1|           1|
    |and_ln140_fu_1352_p2     |       and|   0|  0|   2|           1|           1|
    |and_ln142_fu_1376_p2     |       and|   0|  0|   2|           1|           1|
    |and_ln143_1_fu_1394_p2   |       and|   0|  0|   2|           1|           1|
    |and_ln143_fu_1388_p2     |       and|   0|  0|   2|           1|           1|
    |and_ln145_fu_1412_p2     |       and|   0|  0|   2|           1|           1|
    |and_ln146_1_fu_1430_p2   |       and|   0|  0|   2|           1|           1|
    |and_ln146_fu_1424_p2     |       and|   0|  0|   2|           1|           1|
    |and_ln148_fu_1448_p2     |       and|   0|  0|   2|           1|           1|
    |and_ln149_1_fu_1466_p2   |       and|   0|  0|   2|           1|           1|
    |and_ln149_fu_1460_p2     |       and|   0|  0|   2|           1|           1|
    |and_ln151_fu_1484_p2     |       and|   0|  0|   2|           1|           1|
    |and_ln152_1_fu_1502_p2   |       and|   0|  0|   2|           1|           1|
    |and_ln152_fu_1496_p2     |       and|   0|  0|   2|           1|           1|
    |and_ln154_fu_1520_p2     |       and|   0|  0|   2|           1|           1|
    |and_ln155_1_fu_1538_p2   |       and|   0|  0|   2|           1|           1|
    |and_ln155_fu_1532_p2     |       and|   0|  0|   2|           1|           1|
    |and_ln156_fu_1544_p2     |       and|   0|  0|   2|           1|           1|
    |and_ln159_fu_1570_p2     |       and|   0|  0|   2|           1|           1|
    |and_ln160_1_fu_1588_p2   |       and|   0|  0|   2|           1|           1|
    |and_ln160_fu_1582_p2     |       and|   0|  0|   2|           1|           1|
    |and_ln162_fu_1606_p2     |       and|   0|  0|   2|           1|           1|
    |and_ln163_1_fu_1630_p2   |       and|   0|  0|   2|           1|           1|
    |and_ln163_fu_1624_p2     |       and|   0|  0|   2|           1|           1|
    |and_ln165_fu_1648_p2     |       and|   0|  0|   2|           1|           1|
    |and_ln166_1_fu_1672_p2   |       and|   0|  0|   2|           1|           1|
    |and_ln166_fu_1666_p2     |       and|   0|  0|   2|           1|           1|
    |and_ln168_fu_1690_p2     |       and|   0|  0|   2|           1|           1|
    |and_ln169_1_fu_1714_p2   |       and|   0|  0|   2|           1|           1|
    |and_ln169_fu_1708_p2     |       and|   0|  0|   2|           1|           1|
    |and_ln171_fu_1732_p2     |       and|   0|  0|   2|           1|           1|
    |and_ln172_1_fu_1756_p2   |       and|   0|  0|   2|           1|           1|
    |and_ln172_fu_1750_p2     |       and|   0|  0|   2|           1|           1|
    |and_ln174_fu_1774_p2     |       and|   0|  0|   2|           1|           1|
    |and_ln175_1_fu_1798_p2   |       and|   0|  0|   2|           1|           1|
    |and_ln175_fu_1792_p2     |       and|   0|  0|   2|           1|           1|
    |and_ln177_fu_1816_p2     |       and|   0|  0|   2|           1|           1|
    |and_ln178_1_fu_1840_p2   |       and|   0|  0|   2|           1|           1|
    |and_ln178_fu_1834_p2     |       and|   0|  0|   2|           1|           1|
    |and_ln179_fu_1846_p2     |       and|   0|  0|   8|           8|           8|
    |and_ln183_fu_1872_p2     |       and|   0|  0|   2|           1|           1|
    |and_ln185_1_fu_1968_p2   |       and|   0|  0|   2|           1|           1|
    |and_ln185_2_fu_1974_p2   |       and|   0|  0|   2|           1|           1|
    |and_ln185_fu_1962_p2     |       and|   0|  0|   2|           1|           1|
    |and_ln188_1_fu_2022_p2   |       and|   0|  0|   2|           1|           1|
    |and_ln188_2_fu_2028_p2   |       and|   0|  0|   2|           1|           1|
    |and_ln188_3_fu_2034_p2   |       and|   0|  0|   2|           1|           1|
    |and_ln188_fu_2016_p2     |       and|   0|  0|   2|           1|           1|
    |and_ln191_1_fu_2076_p2   |       and|   0|  0|   2|           1|           1|
    |and_ln191_fu_2070_p2     |       and|   0|  0|   2|           1|           1|
    |and_ln194_1_fu_2112_p2   |       and|   0|  0|   2|           1|           1|
    |and_ln194_fu_2106_p2     |       and|   0|  0|   2|           1|           1|
    |and_ln197_1_fu_2148_p2   |       and|   0|  0|   2|           1|           1|
    |and_ln197_fu_2142_p2     |       and|   0|  0|   2|           1|           1|
    |and_ln218_1_fu_2263_p2   |       and|   0|  0|   2|           1|           1|
    |and_ln218_fu_2258_p2     |       and|   0|  0|   2|           1|           1|
    |and_ln29_fu_126_p2       |       and|   0|  0|   2|           1|           1|
    |and_ln30_fu_154_p2       |       and|   0|  0|   2|           1|           1|
    |and_ln32_fu_172_p2       |       and|   0|  0|   2|           1|           1|
    |and_ln34_fu_190_p2       |       and|   0|  0|   2|           1|           1|
    |and_ln36_fu_208_p2       |       and|   0|  0|   2|           1|           1|
    |and_ln38_fu_226_p2       |       and|   0|  0|   2|           1|           1|
    |and_ln40_fu_244_p2       |       and|   0|  0|   2|           1|           1|
    |and_ln45_fu_276_p2       |       and|   0|  0|   2|           1|           1|
    |and_ln47_fu_294_p2       |       and|   0|  0|   2|           1|           1|
    |and_ln48_1_fu_312_p2     |       and|   0|  0|   2|           1|           1|
    |and_ln48_fu_306_p2       |       and|   0|  0|   2|           1|           1|
    |and_ln50_fu_330_p2       |       and|   0|  0|   2|           1|           1|
    |and_ln51_1_fu_348_p2     |       and|   0|  0|   2|           1|           1|
    |and_ln51_fu_342_p2       |       and|   0|  0|   2|           1|           1|
    |and_ln53_fu_366_p2       |       and|   0|  0|   2|           1|           1|
    |and_ln54_1_fu_384_p2     |       and|   0|  0|   2|           1|           1|
    |and_ln54_fu_378_p2       |       and|   0|  0|   2|           1|           1|
    |and_ln56_fu_402_p2       |       and|   0|  0|   2|           1|           1|
    |and_ln57_1_fu_420_p2     |       and|   0|  0|   2|           1|           1|
    |and_ln57_fu_414_p2       |       and|   0|  0|   2|           1|           1|
    |and_ln59_fu_438_p2       |       and|   0|  0|   2|           1|           1|
    |and_ln60_1_fu_456_p2     |       and|   0|  0|   2|           1|           1|
    |and_ln60_fu_450_p2       |       and|   0|  0|   2|           1|           1|
    |and_ln62_fu_474_p2       |       and|   0|  0|   2|           1|           1|
    |and_ln63_1_fu_492_p2     |       and|   0|  0|   2|           1|           1|
    |and_ln63_fu_486_p2       |       and|   0|  0|   2|           1|           1|
    |and_ln64_fu_498_p2       |       and|   0|  0|   2|           1|           1|
    |and_ln68_1_fu_524_p2     |       and|   0|  0|   2|           1|           1|
    |and_ln68_2_fu_530_p2     |       and|   0|  0|   2|           1|           1|
    |and_ln68_fu_518_p2       |       and|   0|  0|   2|           1|           1|
    |and_ln70_fu_548_p2       |       and|   0|  0|   2|           1|           1|
    |and_ln71_1_fu_566_p2     |       and|   0|  0|   2|           1|           1|
    |and_ln71_fu_560_p2       |       and|   0|  0|   2|           1|           1|
    |and_ln73_fu_584_p2       |       and|   0|  0|   2|           1|           1|
    |and_ln74_1_fu_602_p2     |       and|   0|  0|   2|           1|           1|
    |and_ln74_fu_596_p2       |       and|   0|  0|   2|           1|           1|
    |and_ln76_fu_620_p2       |       and|   0|  0|   2|           1|           1|
    |and_ln77_1_fu_638_p2     |       and|   0|  0|   2|           1|           1|
    |and_ln77_fu_632_p2       |       and|   0|  0|   2|           1|           1|
    |and_ln79_fu_656_p2       |       and|   0|  0|   2|           1|           1|
    |and_ln80_1_fu_674_p2     |       and|   0|  0|   2|           1|           1|
    |and_ln80_fu_668_p2       |       and|   0|  0|   2|           1|           1|
    |and_ln82_fu_692_p2       |       and|   0|  0|   2|           1|           1|
    |and_ln83_1_fu_710_p2     |       and|   0|  0|   2|           1|           1|
    |and_ln83_fu_704_p2       |       and|   0|  0|   2|           1|           1|
    |and_ln84_fu_734_p2       |       and|   0|  0|   2|           1|           1|
    |and_ln85_fu_740_p2       |       and|   0|  0|   2|           1|           1|
    |and_ln86_1_fu_758_p2     |       and|   0|  0|   2|           1|           1|
    |and_ln86_fu_752_p2       |       and|   0|  0|   2|           1|           1|
    |and_ln87_fu_764_p2       |       and|   0|  0|   2|           1|           1|
    |and_ln91_1_fu_796_p2     |       and|   0|  0|   2|           1|           1|
    |and_ln91_2_fu_802_p2     |       and|   0|  0|   2|           1|           1|
    |and_ln91_fu_790_p2       |       and|   0|  0|   2|           1|           1|
    |and_ln93_fu_820_p2       |       and|   0|  0|   2|           1|           1|
    |and_ln94_1_fu_838_p2     |       and|   0|  0|   2|           1|           1|
    |and_ln94_fu_832_p2       |       and|   0|  0|   2|           1|           1|
    |and_ln96_fu_856_p2       |       and|   0|  0|   2|           1|           1|
    |and_ln97_1_fu_874_p2     |       and|   0|  0|   2|           1|           1|
    |and_ln97_fu_868_p2       |       and|   0|  0|   2|           1|           1|
    |and_ln99_fu_892_p2       |       and|   0|  0|   2|           1|           1|
    |C_2_1_fu_318_p2          |        or|   0|  0|   2|           1|           1|
    |C_2_2_fu_354_p2          |        or|   0|  0|   2|           1|           1|
    |C_2_3_fu_390_p2          |        or|   0|  0|   2|           1|           1|
    |C_2_4_fu_426_p2          |        or|   0|  0|   2|           1|           1|
    |C_2_5_fu_462_p2          |        or|   0|  0|   2|           1|           1|
    |C_3_0_fu_536_p2          |        or|   0|  0|   2|           1|           1|
    |C_3_1_fu_572_p2          |        or|   0|  0|   2|           1|           1|
    |C_3_2_fu_608_p2          |        or|   0|  0|   2|           1|           1|
    |C_3_3_fu_644_p2          |        or|   0|  0|   2|           1|           1|
    |C_3_4_fu_680_p2          |        or|   0|  0|   2|           1|           1|
    |C_4_0_fu_808_p2          |        or|   0|  0|   2|           1|           1|
    |C_4_1_fu_844_p2          |        or|   0|  0|   2|           1|           1|
    |C_4_2_fu_880_p2          |        or|   0|  0|   2|           1|           1|
    |C_4_3_fu_916_p2          |        or|   0|  0|   2|           1|           1|
    |C_5_0_fu_1068_p2         |        or|   0|  0|   2|           1|           1|
    |C_5_1_fu_1104_p2         |        or|   0|  0|   2|           1|           1|
    |C_5_2_fu_1140_p2         |        or|   0|  0|   2|           1|           1|
    |C_6_0_fu_1328_p2         |        or|   0|  0|   2|           1|           1|
    |C_6_1_fu_1364_p2         |        or|   0|  0|   2|           1|           1|
    |C_7_0_fu_1594_p2         |        or|   0|  0|   2|           1|           1|
    |or_ln104_fu_958_p2       |        or|   0|  0|   2|           1|           1|
    |or_ln107_fu_994_p2       |        or|   0|  0|   2|           1|           1|
    |or_ln110_fu_1030_p2      |        or|   0|  0|   2|           1|           1|
    |or_ln124_fu_1182_p2      |        or|   0|  0|   2|           1|           1|
    |or_ln127_fu_1218_p2      |        or|   0|  0|   2|           1|           1|
    |or_ln130_fu_1254_p2      |        or|   0|  0|   2|           1|           1|
    |or_ln133_fu_1290_p2      |        or|   0|  0|   2|           1|           1|
    |or_ln144_fu_1406_p2      |        or|   0|  0|   2|           1|           1|
    |or_ln147_fu_1442_p2      |        or|   0|  0|   2|           1|           1|
    |or_ln150_fu_1478_p2      |        or|   0|  0|   2|           1|           1|
    |or_ln153_fu_1514_p2      |        or|   0|  0|   2|           1|           1|
    |or_ln156_fu_1550_p2      |        or|   0|  0|   2|           1|           1|
    |or_ln164_fu_1642_p2      |        or|   0|  0|   2|           1|           1|
    |or_ln167_fu_1684_p2      |        or|   0|  0|   2|           1|           1|
    |or_ln170_fu_1726_p2      |        or|   0|  0|   2|           1|           1|
    |or_ln173_fu_1768_p2      |        or|   0|  0|   2|           1|           1|
    |or_ln176_fu_1810_p2      |        or|   0|  0|   2|           1|           1|
    |or_ln179_fu_1860_p2      |        or|   0|  0|   2|           1|           1|
    |or_ln184_fu_1884_p2      |        or|   0|  0|   2|           1|           1|
    |or_ln186_1_fu_1992_p2    |        or|   0|  0|   2|           1|           1|
    |or_ln186_fu_1986_p2      |        or|   0|  0|   2|           1|           1|
    |or_ln187_fu_1998_p2      |        or|   0|  0|   2|           1|           1|
    |or_ln189_1_fu_2052_p2    |        or|   0|  0|   2|           1|           1|
    |or_ln189_fu_2046_p2      |        or|   0|  0|   2|           1|           1|
    |or_ln190_fu_2058_p2      |        or|   0|  0|   2|           1|           1|
    |or_ln192_fu_2088_p2      |        or|   0|  0|   2|           1|           1|
    |or_ln193_fu_2094_p2      |        or|   0|  0|   2|           1|           1|
    |or_ln195_fu_2124_p2      |        or|   0|  0|   2|           1|           1|
    |or_ln196_fu_2130_p2      |        or|   0|  0|   2|           1|           1|
    |or_ln198_fu_2154_p2      |        or|   0|  0|   2|           1|           1|
    |or_ln199_fu_2160_p2      |        or|   0|  0|   2|           1|           1|
    |or_ln218_1_fu_2279_p2    |        or|   0|  0|   2|           1|           1|
    |or_ln218_fu_2268_p2      |        or|   0|  0|   2|           1|           1|
    |or_ln84_fu_722_p2        |        or|   0|  0|   2|           1|           1|
    |or_ln87_fu_770_p2        |        or|   0|  0|   2|           1|           1|
    |S_0_7_fu_132_p2          |       xor|   0|  0|   2|           2|           1|
    |S_1_1_fu_160_p2          |       xor|   0|  0|   2|           1|           1|
    |S_1_2_fu_178_p2          |       xor|   0|  0|   2|           1|           1|
    |S_1_3_fu_196_p2          |       xor|   0|  0|   2|           1|           1|
    |S_1_4_fu_214_p2          |       xor|   0|  0|   2|           1|           1|
    |S_1_5_fu_232_p2          |       xor|   0|  0|   2|           1|           1|
    |S_1_6_fu_250_p2          |       xor|   0|  0|   2|           1|           1|
    |S_2_1_fu_300_p2          |       xor|   0|  0|   2|           1|           1|
    |S_2_2_fu_336_p2          |       xor|   0|  0|   2|           1|           1|
    |S_2_3_fu_372_p2          |       xor|   0|  0|   2|           1|           1|
    |S_2_4_fu_408_p2          |       xor|   0|  0|   2|           1|           1|
    |S_2_5_fu_444_p2          |       xor|   0|  0|   2|           1|           1|
    |S_2_6_fu_480_p2          |       xor|   0|  0|   2|           1|           1|
    |S_3_1_fu_554_p2          |       xor|   0|  0|   2|           1|           1|
    |S_3_2_fu_590_p2          |       xor|   0|  0|   2|           1|           1|
    |S_3_3_fu_626_p2          |       xor|   0|  0|   2|           1|           1|
    |S_3_4_fu_662_p2          |       xor|   0|  0|   2|           1|           1|
    |S_3_5_fu_698_p2          |       xor|   0|  0|   2|           1|           1|
    |S_4_1_fu_826_p2          |       xor|   0|  0|   2|           1|           1|
    |S_4_2_fu_862_p2          |       xor|   0|  0|   2|           1|           1|
    |S_4_3_fu_898_p2          |       xor|   0|  0|   2|           1|           1|
    |S_4_4_fu_934_p2          |       xor|   0|  0|   2|           1|           1|
    |S_5_1_fu_1086_p2         |       xor|   0|  0|   2|           1|           1|
    |S_5_2_fu_1122_p2         |       xor|   0|  0|   2|           1|           1|
    |S_5_3_fu_1158_p2         |       xor|   0|  0|   2|           1|           1|
    |S_6_1_fu_1346_p2         |       xor|   0|  0|   2|           1|           1|
    |S_6_2_fu_1382_p2         |       xor|   0|  0|   2|           1|           1|
    |S_7_1_fu_1618_p2         |       xor|   0|  0|   2|           1|           1|
    |S_8_0_fu_1866_p2         |       xor|   0|  0|   2|           1|           1|
    |ap_enable_pp0            |       xor|   0|  0|   2|           1|           2|
    |tmp_17_fu_324_p2         |       xor|   0|  0|   2|           1|           1|
    |tmp_18_fu_360_p2         |       xor|   0|  0|   2|           1|           1|
    |tmp_19_fu_396_p2         |       xor|   0|  0|   2|           1|           1|
    |tmp_20_fu_432_p2         |       xor|   0|  0|   2|           1|           1|
    |tmp_21_fu_468_p2         |       xor|   0|  0|   2|           1|           1|
    |tmp_22_fu_504_p2         |       xor|   0|  0|   2|           1|           1|
    |tmp_24_fu_542_p2         |       xor|   0|  0|   2|           1|           1|
    |tmp_25_fu_578_p2         |       xor|   0|  0|   2|           1|           1|
    |tmp_26_fu_614_p2         |       xor|   0|  0|   2|           1|           1|
    |tmp_27_fu_650_p2         |       xor|   0|  0|   2|           1|           1|
    |tmp_28_fu_686_p2         |       xor|   0|  0|   2|           1|           1|
    |tmp_29_fu_776_p2         |       xor|   0|  0|   2|           1|           1|
    |tmp_31_fu_814_p2         |       xor|   0|  0|   2|           1|           1|
    |tmp_32_fu_850_p2         |       xor|   0|  0|   2|           1|           1|
    |tmp_33_fu_886_p2         |       xor|   0|  0|   2|           1|           1|
    |tmp_34_fu_922_p2         |       xor|   0|  0|   2|           1|           1|
    |tmp_35_fu_1036_p2        |       xor|   0|  0|   2|           1|           1|
    |tmp_37_fu_1074_p2        |       xor|   0|  0|   2|           1|           1|
    |tmp_38_fu_1110_p2        |       xor|   0|  0|   2|           1|           1|
    |tmp_39_fu_1146_p2        |       xor|   0|  0|   2|           1|           1|
    |tmp_40_fu_1296_p2        |       xor|   0|  0|   2|           1|           1|
    |tmp_42_fu_1334_p2        |       xor|   0|  0|   2|           1|           1|
    |tmp_43_fu_1370_p2        |       xor|   0|  0|   2|           1|           1|
    |tmp_44_fu_1556_p2        |       xor|   0|  0|   2|           1|           1|
    |tmp_46_fu_1600_p2        |       xor|   0|  0|   2|           1|           1|
    |tmp_fu_288_p2            |       xor|   0|  0|   2|           1|           1|
    |xor_ln104_fu_952_p2      |       xor|   0|  0|   2|           1|           1|
    |xor_ln105_fu_970_p2      |       xor|   0|  0|   2|           1|           1|
    |xor_ln107_fu_988_p2      |       xor|   0|  0|   2|           1|           1|
    |xor_ln108_fu_1006_p2     |       xor|   0|  0|   2|           1|           1|
    |xor_ln124_fu_1176_p2     |       xor|   0|  0|   2|           1|           1|
    |xor_ln125_fu_1194_p2     |       xor|   0|  0|   2|           1|           1|
    |xor_ln127_fu_1212_p2     |       xor|   0|  0|   2|           1|           1|
    |xor_ln128_fu_1230_p2     |       xor|   0|  0|   2|           1|           1|
    |xor_ln130_fu_1248_p2     |       xor|   0|  0|   2|           1|           1|
    |xor_ln131_fu_1266_p2     |       xor|   0|  0|   2|           1|           1|
    |xor_ln144_fu_1400_p2     |       xor|   0|  0|   2|           1|           1|
    |xor_ln145_fu_1418_p2     |       xor|   0|  0|   2|           1|           1|
    |xor_ln147_fu_1436_p2     |       xor|   0|  0|   2|           1|           1|
    |xor_ln148_fu_1454_p2     |       xor|   0|  0|   2|           1|           1|
    |xor_ln150_fu_1472_p2     |       xor|   0|  0|   2|           1|           1|
    |xor_ln151_fu_1490_p2     |       xor|   0|  0|   2|           1|           1|
    |xor_ln153_fu_1508_p2     |       xor|   0|  0|   2|           1|           1|
    |xor_ln154_fu_1526_p2     |       xor|   0|  0|   2|           1|           1|
    |xor_ln159_fu_1576_p2     |       xor|   0|  0|   2|           2|           1|
    |xor_ln162_fu_1612_p2     |       xor|   0|  0|   2|           2|           1|
    |xor_ln164_fu_1636_p2     |       xor|   0|  0|   2|           1|           1|
    |xor_ln165_1_fu_1660_p2   |       xor|   0|  0|   2|           1|           1|
    |xor_ln165_fu_1654_p2     |       xor|   0|  0|   2|           2|           1|
    |xor_ln167_fu_1678_p2     |       xor|   0|  0|   2|           1|           1|
    |xor_ln168_1_fu_1702_p2   |       xor|   0|  0|   2|           1|           1|
    |xor_ln168_fu_1696_p2     |       xor|   0|  0|   2|           2|           1|
    |xor_ln170_fu_1720_p2     |       xor|   0|  0|   2|           1|           1|
    |xor_ln171_1_fu_1744_p2   |       xor|   0|  0|   2|           1|           1|
    |xor_ln171_fu_1738_p2     |       xor|   0|  0|   2|           2|           1|
    |xor_ln173_fu_1762_p2     |       xor|   0|  0|   2|           1|           1|
    |xor_ln174_1_fu_1786_p2   |       xor|   0|  0|   2|           1|           1|
    |xor_ln174_fu_1780_p2     |       xor|   0|  0|   2|           2|           1|
    |xor_ln176_fu_1804_p2     |       xor|   0|  0|   2|           1|           1|
    |xor_ln177_1_fu_1828_p2   |       xor|   0|  0|   2|           1|           1|
    |xor_ln177_fu_1822_p2     |       xor|   0|  0|   2|           2|           1|
    |xor_ln183_fu_1878_p2     |       xor|   0|  0|   2|           1|           1|
    |xor_ln184_10_fu_1944_p2  |       xor|   0|  0|   2|           1|           1|
    |xor_ln184_1_fu_1890_p2   |       xor|   0|  0|   2|           1|           1|
    |xor_ln184_2_fu_1896_p2   |       xor|   0|  0|   2|           1|           1|
    |xor_ln184_3_fu_1902_p2   |       xor|   0|  0|   2|           1|           1|
    |xor_ln184_4_fu_1908_p2   |       xor|   0|  0|   2|           1|           1|
    |xor_ln184_5_fu_1914_p2   |       xor|   0|  0|   2|           1|           1|
    |xor_ln184_6_fu_1920_p2   |       xor|   0|  0|   2|           1|           1|
    |xor_ln184_7_fu_1926_p2   |       xor|   0|  0|   2|           1|           1|
    |xor_ln184_8_fu_1932_p2   |       xor|   0|  0|   2|           1|           1|
    |xor_ln184_9_fu_1938_p2   |       xor|   0|  0|   2|           1|           1|
    |xor_ln184_fu_1950_p2     |       xor|   0|  0|   2|           1|           1|
    |xor_ln185_fu_1956_p2     |       xor|   0|  0|   2|           1|           1|
    |xor_ln186_fu_1980_p2     |       xor|   0|  0|   2|           1|           1|
    |xor_ln187_fu_2004_p2     |       xor|   0|  0|   2|           1|           1|
    |xor_ln188_fu_2010_p2     |       xor|   0|  0|   2|           1|           1|
    |xor_ln189_fu_2040_p2     |       xor|   0|  0|   2|           1|           1|
    |xor_ln191_fu_2064_p2     |       xor|   0|  0|   2|           1|           1|
    |xor_ln192_fu_2082_p2     |       xor|   0|  0|   2|           1|           1|
    |xor_ln193_fu_2100_p2     |       xor|   0|  0|   2|           1|           1|
    |xor_ln195_fu_2118_p2     |       xor|   0|  0|   2|           1|           1|
    |xor_ln196_fu_2136_p2     |       xor|   0|  0|   2|           1|           1|
    |xor_ln198_1_fu_2238_p2   |       xor|   0|  0|   2|           1|           1|
    |xor_ln198_fu_2242_p2     |       xor|   0|  0|   2|           1|           2|
    |xor_ln199_fu_2248_p2     |       xor|   0|  0|   2|           1|           1|
    |xor_ln205_fu_2166_p2     |       xor|   0|  0|   2|           1|           1|
    |xor_ln206_fu_2172_p2     |       xor|   0|  0|   2|           1|           1|
    |xor_ln207_fu_2178_p2     |       xor|   0|  0|   2|           1|           1|
    |xor_ln208_fu_2184_p2     |       xor|   0|  0|   2|           1|           1|
    |xor_ln209_fu_2190_p2     |       xor|   0|  0|   2|           1|           1|
    |xor_ln210_fu_2196_p2     |       xor|   0|  0|   2|           1|           1|
    |xor_ln212_fu_2202_p2     |       xor|   0|  0|   2|           1|           1|
    |xor_ln213_fu_2208_p2     |       xor|   0|  0|   2|           1|           1|
    |xor_ln214_1_fu_2214_p2   |       xor|   0|  0|   2|           1|           1|
    |xor_ln214_fu_2220_p2     |       xor|   0|  0|   2|           1|           1|
    |xor_ln215_fu_2226_p2     |       xor|   0|  0|   2|           1|           1|
    |xor_ln216_fu_2232_p2     |       xor|   0|  0|   2|           1|           1|
    |xor_ln217_fu_2253_p2     |       xor|   0|  0|   2|           1|           1|
    |xor_ln218_1_fu_2284_p2   |       xor|   0|  0|   2|           1|           1|
    |xor_ln218_fu_2274_p2     |       xor|   0|  0|   2|           1|           2|
    |xor_ln84_1_fu_728_p2     |       xor|   0|  0|   2|           1|           1|
    |xor_ln84_fu_716_p2       |       xor|   0|  0|   2|           1|           1|
    |xor_ln85_fu_746_p2       |       xor|   0|  0|   2|           1|           1|
    +-------------------------+----------+----+---+----+------------+------------+
    |Total                    |          |   0|  0| 718|         371|         366|
    +-------------------------+----------+----+---+----+------------+------------+

    * Multiplexer: 
    N/A

    * Register: 
    +-------------------------+---+----+-----+-----------+
    |           Name          | FF| LUT| Bits| Const Bits|
    +-------------------------+---+----+-----+-----------+
    |S_8_0_reg_2324           |  1|   0|    1|          0|
    |ap_CS_fsm                |  1|   0|    1|          0|
    |ap_enable_reg_pp0_iter1  |  1|   0|    1|          0|
    |or_ln179_reg_2318        |  1|   0|    1|          0|
    |or_ln198_reg_2329        |  1|   0|    1|          0|
    |or_ln199_reg_2335        |  1|   0|    1|          0|
    |tmp_47_reg_2312          |  1|   0|    1|          0|
    |xor_ln205_reg_2341       |  1|   0|    1|          0|
    |xor_ln206_reg_2346       |  1|   0|    1|          0|
    |xor_ln207_reg_2351       |  1|   0|    1|          0|
    |xor_ln208_reg_2356       |  1|   0|    1|          0|
    |xor_ln209_reg_2361       |  1|   0|    1|          0|
    |xor_ln210_reg_2366       |  1|   0|    1|          0|
    |xor_ln212_reg_2371       |  1|   0|    1|          0|
    |xor_ln213_reg_2376       |  1|   0|    1|          0|
    |xor_ln214_reg_2381       |  1|   0|    1|          0|
    |xor_ln215_reg_2386       |  1|   0|    1|          0|
    |xor_ln216_reg_2391       |  1|   0|    1|          0|
    +-------------------------+---+----+-----+-----------+
    |Total                    | 18|   0|   18|          0|
    +-------------------------+---+----+-----+-----------+



================================================================
== Interface
================================================================
* Summary: 
+-----------+-----+-----+------------+--------------+--------------+
| RTL Ports | Dir | Bits|  Protocol  | Source Object|    C Type    |
+-----------+-----+-----+------------+--------------+--------------+
|ap_clk     |   in|    1|  ap_ctrl_hs|    mul8s_1KV8|  return value|
|ap_rst     |   in|    1|  ap_ctrl_hs|    mul8s_1KV8|  return value|
|ap_start   |   in|    1|  ap_ctrl_hs|    mul8s_1KV8|  return value|
|ap_done    |  out|    1|  ap_ctrl_hs|    mul8s_1KV8|  return value|
|ap_idle    |  out|    1|  ap_ctrl_hs|    mul8s_1KV8|  return value|
|ap_ready   |  out|    1|  ap_ctrl_hs|    mul8s_1KV8|  return value|
|ap_ce      |   in|    1|  ap_ctrl_hs|    mul8s_1KV8|  return value|
|ap_return  |  out|   16|  ap_ctrl_hs|    mul8s_1KV8|  return value|
|A          |   in|    8|     ap_none|             A|        scalar|
|B          |   in|    8|     ap_none|             B|        scalar|
+-----------+-----+-----+------------+--------------+--------------+

