

================================================================
== Vitis HLS Report for 'spmm_compute'
================================================================
* Date:           Thu Apr 16 10:08:46 2026

* Version:        2025.2 (Build 6295257 on Nov 14 2025)
* Project:        integrated_gcn_approx
* Solution:       hls (Vivado IP Flow Target)
* Product family: zynquplus
* Target device:  xck26-sfvc784-2LV-c


================================================================
== Performance Estimates
================================================================
+ Timing: 
    * Summary: 
    +--------+----------+----------+------------+
    |  Clock |  Target  | Estimated| Uncertainty|
    +--------+----------+----------+------------+
    |ap_clk  |  10.00 ns|  7.300 ns|     2.70 ns|
    +--------+----------+----------+------------+

+ Latency: 
    * Summary: 
    +---------+---------+----------+-----------+--------+---------+---------+
    |  Latency (cycles) |  Latency (absolute)  |     Interval     | Pipeline|
    |   min   |   max   |    min   |    max    |   min  |   max   |   Type  |
    +---------+---------+----------+-----------+--------+---------+---------+
    |   251845|  8844329|  2.518 ms|  88.443 ms|  251845|  8844329|       no|
    +---------+---------+----------+-----------+--------+---------+---------+

    + Detail: 
        * Instance: 
        +----------------------------------------------+----------------------------------+---------+---------+-----------+-----------+-----+-----+-------------------+
        |                                              |                                  |  Latency (cycles) |   Latency (absolute)  |  Interval |      Pipeline     |
        |                   Instance                   |              Module              |   min   |   max   |    min    |    max    | min | max |        Type       |
        +----------------------------------------------+----------------------------------+---------+---------+-----------+-----------+-----+-----+-------------------+
        |grp_spmm_compute_Pipeline_SPMM_INIT_fu_1451   |spmm_compute_Pipeline_SPMM_INIT   |        4|        4|  40.000 ns|  40.000 ns|    0|    0|  loop pipeline stp|
        |grp_spmm_compute_Pipeline_SPMM_WRITE_fu_1487  |spmm_compute_Pipeline_SPMM_WRITE  |       66|       66|   0.660 us|   0.660 us|    0|    0|  loop pipeline stp|
        |grp_spmm_compute_Pipeline_SPMM_MAC_fu_1525    |spmm_compute_Pipeline_SPMM_MAC    |        6|        6|  60.000 ns|  60.000 ns|    0|    0|  loop pipeline stp|
        +----------------------------------------------+----------------------------------+---------+---------+-----------+-----------+-----+-----+-------------------+

        * Loop: 
        +-------------+---------+---------+-----------+-----------+-----------+---------+----------+
        |             |  Latency (cycles) | Iteration |  Initiation Interval  |   Trip  |          |
        |  Loop Name  |   min   |   max   |  Latency  |  achieved |   target  |  Count  | Pipelined|
        +-------------+---------+---------+-----------+-----------+-----------+---------+----------+
        |- SPMM_ROW   |   251844|  8844328|  93 ~ 3266|          -|          -|     2708|        no|
        | + SPMM_NNZ  |       19|     3192|         19|          -|          -|  1 ~ 168|        no|
        +-------------+---------+---------+-----------+-----------+-----------+---------+----------+



================================================================
== Utilization Estimates
================================================================
* Summary: 
+-----------------+---------+------+--------+--------+-----+
|       Name      | BRAM_18K|  DSP |   FF   |   LUT  | URAM|
+-----------------+---------+------+--------+--------+-----+
|DSP              |        -|     -|       -|       -|    -|
|Expression       |        -|     -|       0|     190|    -|
|FIFO             |        -|     -|       -|       -|    -|
|Instance         |        -|     -|    3047|   25180|    -|
|Memory           |        0|     -|    1536|      64|    0|
|Multiplexer      |        -|     -|       0|    3210|    -|
|Register         |        -|     -|     782|       -|    -|
+-----------------+---------+------+--------+--------+-----+
|Total            |        0|     0|    5365|   28644|    0|
+-----------------+---------+------+--------+--------+-----+
|Available        |      288|  1248|  234240|  117120|   64|
+-----------------+---------+------+--------+--------+-----+
|Utilization (%)  |        0|     0|       2|      24|    0|
+-----------------+---------+------+--------+--------+-----+

+ Detail: 
    * Instance: 
    +----------------------------------------------+----------------------------------+---------+----+------+-------+-----+
    |                   Instance                   |              Module              | BRAM_18K| DSP|  FF  |  LUT  | URAM|
    +----------------------------------------------+----------------------------------+---------+----+------+-------+-----+
    |grp_spmm_compute_Pipeline_SPMM_INIT_fu_1451   |spmm_compute_Pipeline_SPMM_INIT   |        0|   0|     9|     41|    0|
    |grp_spmm_compute_Pipeline_SPMM_MAC_fu_1525    |spmm_compute_Pipeline_SPMM_MAC    |        0|   0|  3023|  24820|    0|
    |grp_spmm_compute_Pipeline_SPMM_WRITE_fu_1487  |spmm_compute_Pipeline_SPMM_WRITE  |        0|   0|    15|    319|    0|
    +----------------------------------------------+----------------------------------+---------+----+------+-------+-----+
    |Total                                         |                                  |        0|   0|  3047|  25180|    0|
    +----------------------------------------------+----------------------------------+---------+----+------+-------+-----+

    * DSP: 
    N/A

    * Memory: 
    +------------+----------------------------------+---------+----+----+-----+------+-----+------+-------------+
    |   Memory   |              Module              | BRAM_18K| FF | LUT| URAM| Words| Bits| Banks| W*Bits*Banks|
    +------------+----------------------------------+---------+----+----+-----+------+-----+------+-------------+
    |acc_U       |spmm_compute_acc_RAM_AUTO_1R1W    |        0|  32|   1|    0|     2|   16|     1|           32|
    |acc_1_U     |spmm_compute_acc_RAM_AUTO_1R1W    |        0|  32|   1|    0|     2|   16|     1|           32|
    |acc_2_U     |spmm_compute_acc_RAM_AUTO_1R1W    |        0|  32|   1|    0|     2|   16|     1|           32|
    |acc_3_U     |spmm_compute_acc_RAM_AUTO_1R1W    |        0|  32|   1|    0|     2|   16|     1|           32|
    |acc_4_U     |spmm_compute_acc_RAM_AUTO_1R1W    |        0|  32|   1|    0|     2|   16|     1|           32|
    |acc_5_U     |spmm_compute_acc_RAM_AUTO_1R1W    |        0|  32|   1|    0|     2|   16|     1|           32|
    |acc_6_U     |spmm_compute_acc_RAM_AUTO_1R1W    |        0|  32|   1|    0|     2|   16|     1|           32|
    |acc_7_U     |spmm_compute_acc_RAM_AUTO_1R1W    |        0|  32|   1|    0|     2|   16|     1|           32|
    |acc_8_U     |spmm_compute_acc_RAM_AUTO_1R1W    |        0|  32|   1|    0|     2|   16|     1|           32|
    |acc_9_U     |spmm_compute_acc_RAM_AUTO_1R1W    |        0|  32|   1|    0|     2|   16|     1|           32|
    |acc_10_U    |spmm_compute_acc_RAM_AUTO_1R1W    |        0|  32|   1|    0|     2|   16|     1|           32|
    |acc_11_U    |spmm_compute_acc_RAM_AUTO_1R1W    |        0|  32|   1|    0|     2|   16|     1|           32|
    |acc_12_U    |spmm_compute_acc_RAM_AUTO_1R1W    |        0|  32|   1|    0|     2|   16|     1|           32|
    |acc_13_U    |spmm_compute_acc_RAM_AUTO_1R1W    |        0|  32|   1|    0|     2|   16|     1|           32|
    |acc_14_U    |spmm_compute_acc_RAM_AUTO_1R1W    |        0|  32|   1|    0|     2|   16|     1|           32|
    |acc_15_U    |spmm_compute_acc_RAM_AUTO_1R1W    |        0|  32|   1|    0|     2|   16|     1|           32|
    |acc_16_U    |spmm_compute_acc_RAM_AUTO_1R1W    |        0|  32|   1|    0|     2|   16|     1|           32|
    |acc_17_U    |spmm_compute_acc_RAM_AUTO_1R1W    |        0|  32|   1|    0|     2|   16|     1|           32|
    |acc_18_U    |spmm_compute_acc_RAM_AUTO_1R1W    |        0|  32|   1|    0|     2|   16|     1|           32|
    |acc_19_U    |spmm_compute_acc_RAM_AUTO_1R1W    |        0|  32|   1|    0|     2|   16|     1|           32|
    |acc_20_U    |spmm_compute_acc_RAM_AUTO_1R1W    |        0|  32|   1|    0|     2|   16|     1|           32|
    |acc_21_U    |spmm_compute_acc_RAM_AUTO_1R1W    |        0|  32|   1|    0|     2|   16|     1|           32|
    |acc_22_U    |spmm_compute_acc_RAM_AUTO_1R1W    |        0|  32|   1|    0|     2|   16|     1|           32|
    |acc_23_U    |spmm_compute_acc_RAM_AUTO_1R1W    |        0|  32|   1|    0|     2|   16|     1|           32|
    |acc_24_U    |spmm_compute_acc_RAM_AUTO_1R1W    |        0|  32|   1|    0|     2|   16|     1|           32|
    |acc_25_U    |spmm_compute_acc_RAM_AUTO_1R1W    |        0|  32|   1|    0|     2|   16|     1|           32|
    |acc_26_U    |spmm_compute_acc_RAM_AUTO_1R1W    |        0|  32|   1|    0|     2|   16|     1|           32|
    |acc_27_U    |spmm_compute_acc_RAM_AUTO_1R1W    |        0|  32|   1|    0|     2|   16|     1|           32|
    |acc_28_U    |spmm_compute_acc_RAM_AUTO_1R1W    |        0|  32|   1|    0|     2|   16|     1|           32|
    |acc_29_U    |spmm_compute_acc_RAM_AUTO_1R1W    |        0|  32|   1|    0|     2|   16|     1|           32|
    |acc_30_U    |spmm_compute_acc_RAM_AUTO_1R1W    |        0|  32|   1|    0|     2|   16|     1|           32|
    |acc_31_U    |spmm_compute_acc_RAM_AUTO_1R1W    |        0|  32|   1|    0|     2|   16|     1|           32|
    |h_buf_U     |spmm_compute_h_buf_RAM_AUTO_1R1W  |        0|  16|   1|    0|     2|    8|     1|           16|
    |h_buf_1_U   |spmm_compute_h_buf_RAM_AUTO_1R1W  |        0|  16|   1|    0|     2|    8|     1|           16|
    |h_buf_2_U   |spmm_compute_h_buf_RAM_AUTO_1R1W  |        0|  16|   1|    0|     2|    8|     1|           16|
    |h_buf_3_U   |spmm_compute_h_buf_RAM_AUTO_1R1W  |        0|  16|   1|    0|     2|    8|     1|           16|
    |h_buf_4_U   |spmm_compute_h_buf_RAM_AUTO_1R1W  |        0|  16|   1|    0|     2|    8|     1|           16|
    |h_buf_5_U   |spmm_compute_h_buf_RAM_AUTO_1R1W  |        0|  16|   1|    0|     2|    8|     1|           16|
    |h_buf_6_U   |spmm_compute_h_buf_RAM_AUTO_1R1W  |        0|  16|   1|    0|     2|    8|     1|           16|
    |h_buf_7_U   |spmm_compute_h_buf_RAM_AUTO_1R1W  |        0|  16|   1|    0|     2|    8|     1|           16|
    |h_buf_8_U   |spmm_compute_h_buf_RAM_AUTO_1R1W  |        0|  16|   1|    0|     2|    8|     1|           16|
    |h_buf_9_U   |spmm_compute_h_buf_RAM_AUTO_1R1W  |        0|  16|   1|    0|     2|    8|     1|           16|
    |h_buf_10_U  |spmm_compute_h_buf_RAM_AUTO_1R1W  |        0|  16|   1|    0|     2|    8|     1|           16|
    |h_buf_11_U  |spmm_compute_h_buf_RAM_AUTO_1R1W  |        0|  16|   1|    0|     2|    8|     1|           16|
    |h_buf_12_U  |spmm_compute_h_buf_RAM_AUTO_1R1W  |        0|  16|   1|    0|     2|    8|     1|           16|
    |h_buf_13_U  |spmm_compute_h_buf_RAM_AUTO_1R1W  |        0|  16|   1|    0|     2|    8|     1|           16|
    |h_buf_14_U  |spmm_compute_h_buf_RAM_AUTO_1R1W  |        0|  16|   1|    0|     2|    8|     1|           16|
    |h_buf_15_U  |spmm_compute_h_buf_RAM_AUTO_1R1W  |        0|  16|   1|    0|     2|    8|     1|           16|
    |h_buf_16_U  |spmm_compute_h_buf_RAM_AUTO_1R1W  |        0|  16|   1|    0|     2|    8|     1|           16|
    |h_buf_17_U  |spmm_compute_h_buf_RAM_AUTO_1R1W  |        0|  16|   1|    0|     2|    8|     1|           16|
    |h_buf_18_U  |spmm_compute_h_buf_RAM_AUTO_1R1W  |        0|  16|   1|    0|     2|    8|     1|           16|
    |h_buf_19_U  |spmm_compute_h_buf_RAM_AUTO_1R1W  |        0|  16|   1|    0|     2|    8|     1|           16|
    |h_buf_20_U  |spmm_compute_h_buf_RAM_AUTO_1R1W  |        0|  16|   1|    0|     2|    8|     1|           16|
    |h_buf_21_U  |spmm_compute_h_buf_RAM_AUTO_1R1W  |        0|  16|   1|    0|     2|    8|     1|           16|
    |h_buf_22_U  |spmm_compute_h_buf_RAM_AUTO_1R1W  |        0|  16|   1|    0|     2|    8|     1|           16|
    |h_buf_23_U  |spmm_compute_h_buf_RAM_AUTO_1R1W  |        0|  16|   1|    0|     2|    8|     1|           16|
    |h_buf_24_U  |spmm_compute_h_buf_RAM_AUTO_1R1W  |        0|  16|   1|    0|     2|    8|     1|           16|
    |h_buf_25_U  |spmm_compute_h_buf_RAM_AUTO_1R1W  |        0|  16|   1|    0|     2|    8|     1|           16|
    |h_buf_26_U  |spmm_compute_h_buf_RAM_AUTO_1R1W  |        0|  16|   1|    0|     2|    8|     1|           16|
    |h_buf_27_U  |spmm_compute_h_buf_RAM_AUTO_1R1W  |        0|  16|   1|    0|     2|    8|     1|           16|
    |h_buf_28_U  |spmm_compute_h_buf_RAM_AUTO_1R1W  |        0|  16|   1|    0|     2|    8|     1|           16|
    |h_buf_29_U  |spmm_compute_h_buf_RAM_AUTO_1R1W  |        0|  16|   1|    0|     2|    8|     1|           16|
    |h_buf_30_U  |spmm_compute_h_buf_RAM_AUTO_1R1W  |        0|  16|   1|    0|     2|    8|     1|           16|
    |h_buf_31_U  |spmm_compute_h_buf_RAM_AUTO_1R1W  |        0|  16|   1|    0|     2|    8|     1|           16|
    +------------+----------------------------------+---------+----+----+-----+------+-----+------+-------------+
    |Total       |                                  |        0|1536|  64|    0|   128|  768|    64|         1536|
    +------------+----------------------------------+---------+----+----+-----+------+-----+------+-------------+

    * FIFO: 
    N/A

    * Expression: 
    +-----------------------+----------+----+---+----+------------+------------+
    |     Variable Name     | Operation| DSP| FF| LUT| Bitwidth P0| Bitwidth P1|
    +-----------------------+----------+----+---+----+------------+------------+
    |add_ln240_fu_1639_p2   |         +|   0|  0|  38|          31|           1|
    |add_ln249_fu_1657_p2   |         +|   0|  0|  71|          64|          64|
    |i_3_fu_1608_p2         |         +|   0|  0|  19|          12|           1|
    |icmp_ln228_fu_1602_p2  |      icmp|   0|  0|  19|          12|          12|
    |icmp_ln240_fu_1634_p2  |      icmp|   0|  0|  39|          32|          32|
    |ap_block_state1        |        or|   0|  0|   2|           1|           1|
    |ap_block_state4        |        or|   0|  0|   2|           1|           1|
    +-----------------------+----------+----+---+----+------------+------------+
    |Total                  |          |   0|  0| 190|         153|         112|
    +-----------------------+----------+----+---+----+------------+------------+

    * Multiplexer: 
    +-------------------+----+-----------+-----+-----------+
    |        Name       | LUT| Input Size| Bits| Total Bits|
    +-------------------+----+-----------+-----+-----------+
    |acc_10_address0    |  20|          4|    1|          4|
    |acc_10_ce0         |  20|          4|    1|          4|
    |acc_10_ce1         |   9|          2|    1|          2|
    |acc_10_d0          |  14|          3|   16|         48|
    |acc_10_we0         |  14|          3|    1|          3|
    |acc_11_address0    |  20|          4|    1|          4|
    |acc_11_ce0         |  20|          4|    1|          4|
    |acc_11_ce1         |   9|          2|    1|          2|
    |acc_11_d0          |  14|          3|   16|         48|
    |acc_11_we0         |  14|          3|    1|          3|
    |acc_12_address0    |  20|          4|    1|          4|
    |acc_12_ce0         |  20|          4|    1|          4|
    |acc_12_ce1         |   9|          2|    1|          2|
    |acc_12_d0          |  14|          3|   16|         48|
    |acc_12_we0         |  14|          3|    1|          3|
    |acc_13_address0    |  20|          4|    1|          4|
    |acc_13_ce0         |  20|          4|    1|          4|
    |acc_13_ce1         |   9|          2|    1|          2|
    |acc_13_d0          |  14|          3|   16|         48|
    |acc_13_we0         |  14|          3|    1|          3|
    |acc_14_address0    |  20|          4|    1|          4|
    |acc_14_ce0         |  20|          4|    1|          4|
    |acc_14_ce1         |   9|          2|    1|          2|
    |acc_14_d0          |  14|          3|   16|         48|
    |acc_14_we0         |  14|          3|    1|          3|
    |acc_15_address0    |  20|          4|    1|          4|
    |acc_15_ce0         |  20|          4|    1|          4|
    |acc_15_ce1         |   9|          2|    1|          2|
    |acc_15_d0          |  14|          3|   16|         48|
    |acc_15_we0         |  14|          3|    1|          3|
    |acc_16_address0    |  20|          4|    1|          4|
    |acc_16_ce0         |  20|          4|    1|          4|
    |acc_16_ce1         |   9|          2|    1|          2|
    |acc_16_d0          |  14|          3|   16|         48|
    |acc_16_we0         |  14|          3|    1|          3|
    |acc_17_address0    |  20|          4|    1|          4|
    |acc_17_ce0         |  20|          4|    1|          4|
    |acc_17_ce1         |   9|          2|    1|          2|
    |acc_17_d0          |  14|          3|   16|         48|
    |acc_17_we0         |  14|          3|    1|          3|
    |acc_18_address0    |  20|          4|    1|          4|
    |acc_18_ce0         |  20|          4|    1|          4|
    |acc_18_ce1         |   9|          2|    1|          2|
    |acc_18_d0          |  14|          3|   16|         48|
    |acc_18_we0         |  14|          3|    1|          3|
    |acc_19_address0    |  20|          4|    1|          4|
    |acc_19_ce0         |  20|          4|    1|          4|
    |acc_19_ce1         |   9|          2|    1|          2|
    |acc_19_d0          |  14|          3|   16|         48|
    |acc_19_we0         |  14|          3|    1|          3|
    |acc_1_address0     |  20|          4|    1|          4|
    |acc_1_ce0          |  20|          4|    1|          4|
    |acc_1_ce1          |   9|          2|    1|          2|
    |acc_1_d0           |  14|          3|   16|         48|
    |acc_1_we0          |  14|          3|    1|          3|
    |acc_20_address0    |  20|          4|    1|          4|
    |acc_20_ce0         |  20|          4|    1|          4|
    |acc_20_ce1         |   9|          2|    1|          2|
    |acc_20_d0          |  14|          3|   16|         48|
    |acc_20_we0         |  14|          3|    1|          3|
    |acc_21_address0    |  20|          4|    1|          4|
    |acc_21_ce0         |  20|          4|    1|          4|
    |acc_21_ce1         |   9|          2|    1|          2|
    |acc_21_d0          |  14|          3|   16|         48|
    |acc_21_we0         |  14|          3|    1|          3|
    |acc_22_address0    |  20|          4|    1|          4|
    |acc_22_ce0         |  20|          4|    1|          4|
    |acc_22_ce1         |   9|          2|    1|          2|
    |acc_22_d0          |  14|          3|   16|         48|
    |acc_22_we0         |  14|          3|    1|          3|
    |acc_23_address0    |  20|          4|    1|          4|
    |acc_23_ce0         |  20|          4|    1|          4|
    |acc_23_ce1         |   9|          2|    1|          2|
    |acc_23_d0          |  14|          3|   16|         48|
    |acc_23_we0         |  14|          3|    1|          3|
    |acc_24_address0    |  20|          4|    1|          4|
    |acc_24_ce0         |  20|          4|    1|          4|
    |acc_24_ce1         |   9|          2|    1|          2|
    |acc_24_d0          |  14|          3|   16|         48|
    |acc_24_we0         |  14|          3|    1|          3|
    |acc_25_address0    |  20|          4|    1|          4|
    |acc_25_ce0         |  20|          4|    1|          4|
    |acc_25_ce1         |   9|          2|    1|          2|
    |acc_25_d0          |  14|          3|   16|         48|
    |acc_25_we0         |  14|          3|    1|          3|
    |acc_26_address0    |  20|          4|    1|          4|
    |acc_26_ce0         |  20|          4|    1|          4|
    |acc_26_ce1         |   9|          2|    1|          2|
    |acc_26_d0          |  14|          3|   16|         48|
    |acc_26_we0         |  14|          3|    1|          3|
    |acc_27_address0    |  20|          4|    1|          4|
    |acc_27_ce0         |  20|          4|    1|          4|
    |acc_27_ce1         |   9|          2|    1|          2|
    |acc_27_d0          |  14|          3|   16|         48|
    |acc_27_we0         |  14|          3|    1|          3|
    |acc_28_address0    |  20|          4|    1|          4|
    |acc_28_ce0         |  20|          4|    1|          4|
    |acc_28_ce1         |   9|          2|    1|          2|
    |acc_28_d0          |  14|          3|   16|         48|
    |acc_28_we0         |  14|          3|    1|          3|
    |acc_29_address0    |  20|          4|    1|          4|
    |acc_29_ce0         |  20|          4|    1|          4|
    |acc_29_ce1         |   9|          2|    1|          2|
    |acc_29_d0          |  14|          3|   16|         48|
    |acc_29_we0         |  14|          3|    1|          3|
    |acc_2_address0     |  20|          4|    1|          4|
    |acc_2_ce0          |  20|          4|    1|          4|
    |acc_2_ce1          |   9|          2|    1|          2|
    |acc_2_d0           |  14|          3|   16|         48|
    |acc_2_we0          |  14|          3|    1|          3|
    |acc_30_address0    |  20|          4|    1|          4|
    |acc_30_ce0         |  20|          4|    1|          4|
    |acc_30_ce1         |   9|          2|    1|          2|
    |acc_30_d0          |  14|          3|   16|         48|
    |acc_30_we0         |  14|          3|    1|          3|
    |acc_31_address0    |  20|          4|    1|          4|
    |acc_31_ce0         |  20|          4|    1|          4|
    |acc_31_ce1         |   9|          2|    1|          2|
    |acc_31_d0          |  14|          3|   16|         48|
    |acc_31_we0         |  14|          3|    1|          3|
    |acc_3_address0     |  20|          4|    1|          4|
    |acc_3_ce0          |  20|          4|    1|          4|
    |acc_3_ce1          |   9|          2|    1|          2|
    |acc_3_d0           |  14|          3|   16|         48|
    |acc_3_we0          |  14|          3|    1|          3|
    |acc_4_address0     |  20|          4|    1|          4|
    |acc_4_ce0          |  20|          4|    1|          4|
    |acc_4_ce1          |   9|          2|    1|          2|
    |acc_4_d0           |  14|          3|   16|         48|
    |acc_4_we0          |  14|          3|    1|          3|
    |acc_5_address0     |  20|          4|    1|          4|
    |acc_5_ce0          |  20|          4|    1|          4|
    |acc_5_ce1          |   9|          2|    1|          2|
    |acc_5_d0           |  14|          3|   16|         48|
    |acc_5_we0          |  14|          3|    1|          3|
    |acc_6_address0     |  20|          4|    1|          4|
    |acc_6_ce0          |  20|          4|    1|          4|
    |acc_6_ce1          |   9|          2|    1|          2|
    |acc_6_d0           |  14|          3|   16|         48|
    |acc_6_we0          |  14|          3|    1|          3|
    |acc_7_address0     |  20|          4|    1|          4|
    |acc_7_ce0          |  20|          4|    1|          4|
    |acc_7_ce1          |   9|          2|    1|          2|
    |acc_7_d0           |  14|          3|   16|         48|
    |acc_7_we0          |  14|          3|    1|          3|
    |acc_8_address0     |  20|          4|    1|          4|
    |acc_8_ce0          |  20|          4|    1|          4|
    |acc_8_ce1          |   9|          2|    1|          2|
    |acc_8_d0           |  14|          3|   16|         48|
    |acc_8_we0          |  14|          3|    1|          3|
    |acc_9_address0     |  20|          4|    1|          4|
    |acc_9_ce0          |  20|          4|    1|          4|
    |acc_9_ce1          |   9|          2|    1|          2|
    |acc_9_d0           |  14|          3|   16|         48|
    |acc_9_we0          |  14|          3|    1|          3|
    |acc_address0       |  20|          4|    1|          4|
    |acc_ce0            |  20|          4|    1|          4|
    |acc_ce1            |   9|          2|    1|          2|
    |acc_d0             |  14|          3|   16|         48|
    |acc_we0            |  14|          3|    1|          3|
    |ap_NS_fsm          |  89|         18|    1|         18|
    |ap_done            |   9|          2|    1|          2|
    |col_fifo_blk_n     |   9|          2|    1|          2|
    |gmem2_blk_n_AR     |   9|          2|    1|          2|
    |gmem2_blk_n_R      |   9|          2|    1|          2|
    |h_buf_10_address0  |   9|          2|    1|          2|
    |h_buf_10_ce0       |   9|          2|    1|          2|
    |h_buf_11_address0  |   9|          2|    1|          2|
    |h_buf_11_ce0       |   9|          2|    1|          2|
    |h_buf_12_address0  |   9|          2|    1|          2|
    |h_buf_12_ce0       |   9|          2|    1|          2|
    |h_buf_13_address0  |   9|          2|    1|          2|
    |h_buf_13_ce0       |   9|          2|    1|          2|
    |h_buf_14_address0  |   9|          2|    1|          2|
    |h_buf_14_ce0       |   9|          2|    1|          2|
    |h_buf_15_address0  |   9|          2|    1|          2|
    |h_buf_15_ce0       |   9|          2|    1|          2|
    |h_buf_16_address0  |   9|          2|    1|          2|
    |h_buf_16_ce0       |   9|          2|    1|          2|
    |h_buf_17_address0  |   9|          2|    1|          2|
    |h_buf_17_ce0       |   9|          2|    1|          2|
    |h_buf_18_address0  |   9|          2|    1|          2|
    |h_buf_18_ce0       |   9|          2|    1|          2|
    |h_buf_19_address0  |   9|          2|    1|          2|
    |h_buf_19_ce0       |   9|          2|    1|          2|
    |h_buf_1_address0   |   9|          2|    1|          2|
    |h_buf_1_ce0        |   9|          2|    1|          2|
    |h_buf_20_address0  |   9|          2|    1|          2|
    |h_buf_20_ce0       |   9|          2|    1|          2|
    |h_buf_21_address0  |   9|          2|    1|          2|
    |h_buf_21_ce0       |   9|          2|    1|          2|
    |h_buf_22_address0  |   9|          2|    1|          2|
    |h_buf_22_ce0       |   9|          2|    1|          2|
    |h_buf_23_address0  |   9|          2|    1|          2|
    |h_buf_23_ce0       |   9|          2|    1|          2|
    |h_buf_24_address0  |   9|          2|    1|          2|
    |h_buf_24_ce0       |   9|          2|    1|          2|
    |h_buf_25_address0  |   9|          2|    1|          2|
    |h_buf_25_ce0       |   9|          2|    1|          2|
    |h_buf_26_address0  |   9|          2|    1|          2|
    |h_buf_26_ce0       |   9|          2|    1|          2|
    |h_buf_27_address0  |   9|          2|    1|          2|
    |h_buf_27_ce0       |   9|          2|    1|          2|
    |h_buf_28_address0  |   9|          2|    1|          2|
    |h_buf_28_ce0       |   9|          2|    1|          2|
    |h_buf_29_address0  |   9|          2|    1|          2|
    |h_buf_29_ce0       |   9|          2|    1|          2|
    |h_buf_2_address0   |   9|          2|    1|          2|
    |h_buf_2_ce0        |   9|          2|    1|          2|
    |h_buf_30_address0  |   9|          2|    1|          2|
    |h_buf_30_ce0       |   9|          2|    1|          2|
    |h_buf_31_address0  |   9|          2|    1|          2|
    |h_buf_31_ce0       |   9|          2|    1|          2|
    |h_buf_3_address0   |   9|          2|    1|          2|
    |h_buf_3_ce0        |   9|          2|    1|          2|
    |h_buf_4_address0   |   9|          2|    1|          2|
    |h_buf_4_ce0        |   9|          2|    1|          2|
    |h_buf_5_address0   |   9|          2|    1|          2|
    |h_buf_5_ce0        |   9|          2|    1|          2|
    |h_buf_6_address0   |   9|          2|    1|          2|
    |h_buf_6_ce0        |   9|          2|    1|          2|
    |h_buf_7_address0   |   9|          2|    1|          2|
    |h_buf_7_ce0        |   9|          2|    1|          2|
    |h_buf_8_address0   |   9|          2|    1|          2|
    |h_buf_8_ce0        |   9|          2|    1|          2|
    |h_buf_9_address0   |   9|          2|    1|          2|
    |h_buf_9_ce0        |   9|          2|    1|          2|
    |h_buf_address0     |   9|          2|    1|          2|
    |h_buf_ce0          |   9|          2|    1|          2|
    |i_fu_344           |   9|          2|   12|         24|
    |jj_reg_1440        |   9|          2|   31|         62|
    |real_start         |   9|          2|    1|          2|
    |row_fifo_blk_n     |   9|          2|    1|          2|
    |val_fifo_blk_n     |   9|          2|    1|          2|
    +-------------------+----+-----------+-----+-----------+
    |Total              |3210|        676|  755|       2198|
    +-------------------+----+-----------+-----+-----------+

    * Register: 
    +-----------------------------------------------------------+----+----+-----+-----------+
    |                            Name                           | FF | LUT| Bits| Const Bits|
    +-----------------------------------------------------------+----+----+-----+-----------+
    |H_temp_read_reg_2343                                       |  64|   0|   64|          0|
    |add_ln240_reg_2684                                         |  31|   0|   31|          0|
    |ap_CS_fsm                                                  |  17|   0|   17|          0|
    |ap_done_reg                                                |   1|   0|    1|          0|
    |bits_a_reg_2689                                            |   8|   0|    8|          0|
    |grp_spmm_compute_Pipeline_SPMM_INIT_fu_1451_ap_start_reg   |   1|   0|    1|          0|
    |grp_spmm_compute_Pipeline_SPMM_MAC_fu_1525_ap_start_reg    |   1|   0|    1|          0|
    |grp_spmm_compute_Pipeline_SPMM_WRITE_fu_1487_ap_start_reg  |   1|   0|    1|          0|
    |i_3_reg_2671                                               |  12|   0|   12|          0|
    |i_fu_344                                                   |  12|   0|   12|          0|
    |jj_reg_1440                                                |  31|   0|   31|          0|
    |rl_reg_2676                                                |  32|   0|   32|          0|
    |start_once_reg                                             |   1|   0|    1|          0|
    |trunc_ln249_10_reg_2755                                    |   8|   0|    8|          0|
    |trunc_ln249_11_reg_2760                                    |   8|   0|    8|          0|
    |trunc_ln249_12_reg_2765                                    |   8|   0|    8|          0|
    |trunc_ln249_13_reg_2770                                    |   8|   0|    8|          0|
    |trunc_ln249_14_reg_2775                                    |   8|   0|    8|          0|
    |trunc_ln249_15_reg_2780                                    |   8|   0|    8|          0|
    |trunc_ln249_16_reg_2785                                    |   8|   0|    8|          0|
    |trunc_ln249_17_reg_2790                                    |   8|   0|    8|          0|
    |trunc_ln249_18_reg_2795                                    |   8|   0|    8|          0|
    |trunc_ln249_19_reg_2800                                    |   8|   0|    8|          0|
    |trunc_ln249_1_reg_2710                                     |   8|   0|    8|          0|
    |trunc_ln249_20_reg_2805                                    |   8|   0|    8|          0|
    |trunc_ln249_21_reg_2810                                    |   8|   0|    8|          0|
    |trunc_ln249_22_reg_2815                                    |   8|   0|    8|          0|
    |trunc_ln249_23_reg_2820                                    |   8|   0|    8|          0|
    |trunc_ln249_24_reg_2825                                    |   8|   0|    8|          0|
    |trunc_ln249_25_reg_2830                                    |   8|   0|    8|          0|
    |trunc_ln249_26_reg_2835                                    |   8|   0|    8|          0|
    |trunc_ln249_27_reg_2840                                    |   8|   0|    8|          0|
    |trunc_ln249_28_reg_2845                                    |   8|   0|    8|          0|
    |trunc_ln249_29_reg_2850                                    |   8|   0|    8|          0|
    |trunc_ln249_2_reg_2715                                     |   8|   0|    8|          0|
    |trunc_ln249_30_reg_2855                                    |   8|   0|    8|          0|
    |trunc_ln249_31_reg_2860                                    |   8|   0|    8|          0|
    |trunc_ln249_32_reg_2865                                    |   8|   0|    8|          0|
    |trunc_ln249_33_reg_2870                                    |   8|   0|    8|          0|
    |trunc_ln249_34_reg_2875                                    |   8|   0|    8|          0|
    |trunc_ln249_35_reg_2880                                    |   8|   0|    8|          0|
    |trunc_ln249_36_reg_2885                                    |   8|   0|    8|          0|
    |trunc_ln249_37_reg_2890                                    |   8|   0|    8|          0|
    |trunc_ln249_38_reg_2895                                    |   8|   0|    8|          0|
    |trunc_ln249_39_reg_2900                                    |   8|   0|    8|          0|
    |trunc_ln249_3_reg_2720                                     |   8|   0|    8|          0|
    |trunc_ln249_40_reg_2905                                    |   8|   0|    8|          0|
    |trunc_ln249_41_reg_2910                                    |   8|   0|    8|          0|
    |trunc_ln249_42_reg_2915                                    |   8|   0|    8|          0|
    |trunc_ln249_43_reg_2920                                    |   8|   0|    8|          0|
    |trunc_ln249_44_reg_2925                                    |   8|   0|    8|          0|
    |trunc_ln249_45_reg_2930                                    |   8|   0|    8|          0|
    |trunc_ln249_46_reg_2935                                    |   8|   0|    8|          0|
    |trunc_ln249_47_reg_2940                                    |   8|   0|    8|          0|
    |trunc_ln249_48_reg_2945                                    |   8|   0|    8|          0|
    |trunc_ln249_49_reg_2950                                    |   8|   0|    8|          0|
    |trunc_ln249_4_reg_2725                                     |   8|   0|    8|          0|
    |trunc_ln249_50_reg_2955                                    |   8|   0|    8|          0|
    |trunc_ln249_51_reg_2960                                    |   8|   0|    8|          0|
    |trunc_ln249_52_reg_2965                                    |   8|   0|    8|          0|
    |trunc_ln249_53_reg_2970                                    |   8|   0|    8|          0|
    |trunc_ln249_54_reg_2975                                    |   8|   0|    8|          0|
    |trunc_ln249_55_reg_2980                                    |   8|   0|    8|          0|
    |trunc_ln249_56_reg_2985                                    |   8|   0|    8|          0|
    |trunc_ln249_57_reg_2990                                    |   8|   0|    8|          0|
    |trunc_ln249_58_reg_2995                                    |   8|   0|    8|          0|
    |trunc_ln249_59_reg_3000                                    |   8|   0|    8|          0|
    |trunc_ln249_5_reg_2730                                     |   8|   0|    8|          0|
    |trunc_ln249_60_reg_3005                                    |   8|   0|    8|          0|
    |trunc_ln249_61_reg_3010                                    |   8|   0|    8|          0|
    |trunc_ln249_62_reg_3015                                    |   8|   0|    8|          0|
    |trunc_ln249_63_reg_3020                                    |   8|   0|    8|          0|
    |trunc_ln249_6_reg_2735                                     |   8|   0|    8|          0|
    |trunc_ln249_7_reg_2740                                     |   8|   0|    8|          0|
    |trunc_ln249_8_reg_2745                                     |   8|   0|    8|          0|
    |trunc_ln249_9_reg_2750                                     |   8|   0|    8|          0|
    |trunc_ln249_reg_2705                                       |   8|   0|    8|          0|
    |trunc_ln249_s_reg_2694                                     |  58|   0|   58|          0|
    +-----------------------------------------------------------+----+----+-----+-----------+
    |Total                                                      | 782|   0|  782|          0|
    +-----------------------------------------------------------+----+----+-----+-----------+



================================================================
== Interface
================================================================
* Summary: 
+----------------------------+-----+-----+------------+--------------+--------------+
|          RTL Ports         | Dir | Bits|  Protocol  | Source Object|    C Type    |
+----------------------------+-----+-----+------------+--------------+--------------+
|ap_clk                      |   in|    1|  ap_ctrl_hs|  spmm_compute|  return value|
|ap_rst                      |   in|    1|  ap_ctrl_hs|  spmm_compute|  return value|
|ap_start                    |   in|    1|  ap_ctrl_hs|  spmm_compute|  return value|
|start_full_n                |   in|    1|  ap_ctrl_hs|  spmm_compute|  return value|
|ap_done                     |  out|    1|  ap_ctrl_hs|  spmm_compute|  return value|
|ap_continue                 |   in|    1|  ap_ctrl_hs|  spmm_compute|  return value|
|ap_idle                     |  out|    1|  ap_ctrl_hs|  spmm_compute|  return value|
|ap_ready                    |  out|    1|  ap_ctrl_hs|  spmm_compute|  return value|
|start_out                   |  out|    1|  ap_ctrl_hs|  spmm_compute|  return value|
|start_write                 |  out|    1|  ap_ctrl_hs|  spmm_compute|  return value|
|m_axi_gmem2_0_AWVALID       |  out|    1|       m_axi|         gmem2|       pointer|
|m_axi_gmem2_0_AWREADY       |   in|    1|       m_axi|         gmem2|       pointer|
|m_axi_gmem2_0_AWADDR        |  out|   64|       m_axi|         gmem2|       pointer|
|m_axi_gmem2_0_AWID          |  out|    1|       m_axi|         gmem2|       pointer|
|m_axi_gmem2_0_AWLEN         |  out|   32|       m_axi|         gmem2|       pointer|
|m_axi_gmem2_0_AWSIZE        |  out|    3|       m_axi|         gmem2|       pointer|
|m_axi_gmem2_0_AWBURST       |  out|    2|       m_axi|         gmem2|       pointer|
|m_axi_gmem2_0_AWLOCK        |  out|    2|       m_axi|         gmem2|       pointer|
|m_axi_gmem2_0_AWCACHE       |  out|    4|       m_axi|         gmem2|       pointer|
|m_axi_gmem2_0_AWPROT        |  out|    3|       m_axi|         gmem2|       pointer|
|m_axi_gmem2_0_AWQOS         |  out|    4|       m_axi|         gmem2|       pointer|
|m_axi_gmem2_0_AWREGION      |  out|    4|       m_axi|         gmem2|       pointer|
|m_axi_gmem2_0_AWUSER        |  out|    1|       m_axi|         gmem2|       pointer|
|m_axi_gmem2_0_WVALID        |  out|    1|       m_axi|         gmem2|       pointer|
|m_axi_gmem2_0_WREADY        |   in|    1|       m_axi|         gmem2|       pointer|
|m_axi_gmem2_0_WDATA         |  out|  512|       m_axi|         gmem2|       pointer|
|m_axi_gmem2_0_WSTRB         |  out|   64|       m_axi|         gmem2|       pointer|
|m_axi_gmem2_0_WLAST         |  out|    1|       m_axi|         gmem2|       pointer|
|m_axi_gmem2_0_WID           |  out|    1|       m_axi|         gmem2|       pointer|
|m_axi_gmem2_0_WUSER         |  out|    1|       m_axi|         gmem2|       pointer|
|m_axi_gmem2_0_ARVALID       |  out|    1|       m_axi|         gmem2|       pointer|
|m_axi_gmem2_0_ARREADY       |   in|    1|       m_axi|         gmem2|       pointer|
|m_axi_gmem2_0_ARADDR        |  out|   64|       m_axi|         gmem2|       pointer|
|m_axi_gmem2_0_ARID          |  out|    1|       m_axi|         gmem2|       pointer|
|m_axi_gmem2_0_ARLEN         |  out|   32|       m_axi|         gmem2|       pointer|
|m_axi_gmem2_0_ARSIZE        |  out|    3|       m_axi|         gmem2|       pointer|
|m_axi_gmem2_0_ARBURST       |  out|    2|       m_axi|         gmem2|       pointer|
|m_axi_gmem2_0_ARLOCK        |  out|    2|       m_axi|         gmem2|       pointer|
|m_axi_gmem2_0_ARCACHE       |  out|    4|       m_axi|         gmem2|       pointer|
|m_axi_gmem2_0_ARPROT        |  out|    3|       m_axi|         gmem2|       pointer|
|m_axi_gmem2_0_ARQOS         |  out|    4|       m_axi|         gmem2|       pointer|
|m_axi_gmem2_0_ARREGION      |  out|    4|       m_axi|         gmem2|       pointer|
|m_axi_gmem2_0_ARUSER        |  out|    1|       m_axi|         gmem2|       pointer|
|m_axi_gmem2_0_RVALID        |   in|    1|       m_axi|         gmem2|       pointer|
|m_axi_gmem2_0_RREADY        |  out|    1|       m_axi|         gmem2|       pointer|
|m_axi_gmem2_0_RDATA         |   in|  512|       m_axi|         gmem2|       pointer|
|m_axi_gmem2_0_RLAST         |   in|    1|       m_axi|         gmem2|       pointer|
|m_axi_gmem2_0_RID           |   in|    1|       m_axi|         gmem2|       pointer|
|m_axi_gmem2_0_RFIFONUM      |   in|    9|       m_axi|         gmem2|       pointer|
|m_axi_gmem2_0_RUSER         |   in|    1|       m_axi|         gmem2|       pointer|
|m_axi_gmem2_0_RRESP         |   in|    2|       m_axi|         gmem2|       pointer|
|m_axi_gmem2_0_BVALID        |   in|    1|       m_axi|         gmem2|       pointer|
|m_axi_gmem2_0_BREADY        |  out|    1|       m_axi|         gmem2|       pointer|
|m_axi_gmem2_0_BRESP         |   in|    2|       m_axi|         gmem2|       pointer|
|m_axi_gmem2_0_BID           |   in|    1|       m_axi|         gmem2|       pointer|
|m_axi_gmem2_0_BUSER         |   in|    1|       m_axi|         gmem2|       pointer|
|H_temp                      |   in|   64|   ap_stable|        H_temp|        scalar|
|row_fifo_dout               |   in|   32|     ap_fifo|      row_fifo|       pointer|
|row_fifo_empty_n            |   in|    1|     ap_fifo|      row_fifo|       pointer|
|row_fifo_read               |  out|    1|     ap_fifo|      row_fifo|       pointer|
|row_fifo_num_data_valid     |   in|    5|     ap_fifo|      row_fifo|       pointer|
|row_fifo_fifo_cap           |   in|    5|     ap_fifo|      row_fifo|       pointer|
|col_fifo_dout               |   in|   32|     ap_fifo|      col_fifo|       pointer|
|col_fifo_empty_n            |   in|    1|     ap_fifo|      col_fifo|       pointer|
|col_fifo_read               |  out|    1|     ap_fifo|      col_fifo|       pointer|
|col_fifo_num_data_valid     |   in|    9|     ap_fifo|      col_fifo|       pointer|
|col_fifo_fifo_cap           |   in|    9|     ap_fifo|      col_fifo|       pointer|
|val_fifo_dout               |   in|    8|     ap_fifo|      val_fifo|       pointer|
|val_fifo_empty_n            |   in|    1|     ap_fifo|      val_fifo|       pointer|
|val_fifo_read               |  out|    1|     ap_fifo|      val_fifo|       pointer|
|val_fifo_num_data_valid     |   in|    9|     ap_fifo|      val_fifo|       pointer|
|val_fifo_fifo_cap           |   in|    9|     ap_fifo|      val_fifo|       pointer|
|result_fifo_din             |  out|    8|     ap_fifo|   result_fifo|       pointer|
|result_fifo_full_n          |   in|    1|     ap_fifo|   result_fifo|       pointer|
|result_fifo_write           |  out|    1|     ap_fifo|   result_fifo|       pointer|
|result_fifo_num_data_valid  |   in|   32|     ap_fifo|   result_fifo|       pointer|
|result_fifo_fifo_cap        |   in|   32|     ap_fifo|   result_fifo|       pointer|
+----------------------------+-----+-----+------------+--------------+--------------+

