

================================================================
== Vitis HLS Report for 'spmm_store'
================================================================
* Date:           Thu Apr 16 10:08:46 2026

* Version:        2025.2 (Build 6295257 on Nov 14 2025)
* Project:        integrated_gcn_approx
* Solution:       hls (Vivado IP Flow Target)
* Product family: zynquplus
* Target device:  xck26-sfvc784-2LV-c


================================================================
== Performance Estimates
================================================================
+ Timing: 
    * Summary: 
    +--------+----------+----------+------------+
    |  Clock |  Target  | Estimated| Uncertainty|
    +--------+----------+----------+------------+
    |ap_clk  |  10.00 ns|  7.300 ns|     2.70 ns|
    +--------+----------+----------+------------+

+ Latency: 
    * Summary: 
    +---------+---------+----------+----------+--------+--------+------------------------------------------------+
    |  Latency (cycles) |  Latency (absolute) |     Interval    |                    Pipeline                    |
    |   min   |   max   |    min   |    max   |   min  |   max  |                      Type                      |
    +---------+---------+----------+----------+--------+--------+------------------------------------------------+
    |   173320|   173320|  1.733 ms|  1.733 ms|  173313|  173313|  loop auto-rewind stp (delay=0 clock cycles(s))|
    +---------+---------+----------+----------+--------+--------+------------------------------------------------+

    + Detail: 
        * Instance: 
        N/A

        * Loop: 
        +----------------------------------+---------+---------+----------+-----------+-----------+--------+----------+
        |                                  |  Latency (cycles) | Iteration|  Initiation Interval  |  Trip  |          |
        |             Loop Name            |   min   |   max   |  Latency |  achieved |   target  |  Count | Pipelined|
        +----------------------------------+---------+---------+----------+-----------+-----------+--------+----------+
        |- SPMM_STORE_ROW_SPMM_STORE_FEAT  |   173318|   173318|         8|          1|          1|  173312|       yes|
        +----------------------------------+---------+---------+----------+-----------+-----------+--------+----------+



================================================================
== Utilization Estimates
================================================================
* Summary: 
+-----------------+---------+------+--------+--------+-----+
|       Name      | BRAM_18K|  DSP |   FF   |   LUT  | URAM|
+-----------------+---------+------+--------+--------+-----+
|DSP              |        -|     -|       -|       -|    -|
|Expression       |        -|     -|       0|    6095|    -|
|FIFO             |        -|     -|       -|       -|    -|
|Instance         |        -|     -|       -|       -|    -|
|Memory           |        -|     -|       -|       -|    -|
|Multiplexer      |        -|     -|       0|     108|    -|
|Register         |        -|     -|     707|      32|    -|
+-----------------+---------+------+--------+--------+-----+
|Total            |        0|     0|     707|    6235|    0|
+-----------------+---------+------+--------+--------+-----+
|Available        |      288|  1248|  234240|  117120|   64|
+-----------------+---------+------+--------+--------+-----+
|Utilization (%)  |        0|     0|      ~0|       5|    0|
+-----------------+---------+------+--------+--------+-----+

+ Detail: 
    * Instance: 
    N/A

    * DSP: 
    N/A

    * Memory: 
    N/A

    * FIFO: 
    N/A

    * Expression: 
    +---------------------------------------+----------+----+---+------+------------+------------+
    |             Variable Name             | Operation| DSP| FF|  LUT | Bitwidth P0| Bitwidth P1|
    +---------------------------------------+----------+----+---+------+------------+------------+
    |add_ln279_1_fu_204_p2                  |         +|   0|  0|    19|          12|           1|
    |add_ln279_fu_178_p2                    |         +|   0|  0|    25|          18|           1|
    |add_ln281_fu_256_p2                    |         +|   0|  0|    14|           7|           1|
    |add_ln287_fu_230_p2                    |         +|   0|  0|    71|          64|          64|
    |and_ln285_fu_322_p2                    |       and|   0|  0|   512|         512|         512|
    |ap_block_state2_io_grp1                |       and|   0|  0|     2|           1|           1|
    |ap_block_state3_io_grp1                |       and|   0|  0|     2|           1|           1|
    |ap_block_state8_pp0_stage0_iter7_grp1  |       and|   0|  0|     2|           1|           1|
    |ap_condition_256                       |       and|   0|  0|     2|           1|           1|
    |icmp_ln279_fu_172_p2                   |      icmp|   0|  0|    25|          18|          18|
    |icmp_ln281_fu_190_p2                   |      icmp|   0|  0|    15|           7|           8|
    |icmp_ln286_fu_250_p2                   |      icmp|   0|  0|    14|           7|           6|
    |ap_block_pp0_stage0_01001_grp1         |        or|   0|  0|     2|           1|           1|
    |ap_block_pp0_stage0_11001              |        or|   0|  0|     2|           1|           1|
    |ap_block_pp0_stage0_11001_grp0         |        or|   0|  0|     2|           1|           1|
    |out_vec_1_fu_328_p2                    |        or|   0|  0|   512|         512|         512|
    |select_ln276_fu_196_p3                 |    select|   0|  0|     7|           1|           1|
    |select_ln279_fu_210_p3                 |    select|   0|  0|    11|           1|          12|
    |shl_ln285_1_fu_310_p2                  |       shl|   0|  0|  2171|         512|         512|
    |shl_ln285_fu_301_p2                    |       shl|   0|  0|  2171|           8|         512|
    |ap_enable_pp0                          |       xor|   0|  0|     2|           1|           2|
    |xor_ln285_fu_316_p2                    |       xor|   0|  0|   512|         512|           2|
    +---------------------------------------+----------+----+---+------+------------+------------+
    |Total                                  |          |   0|  0|  6095|        2199|        2171|
    +---------------------------------------+----------+----+---+------+------------+------------+

    * Multiplexer: 
    +--------------------------------------+----+-----------+-----+-----------+
    |                 Name                 | LUT| Input Size| Bits| Total Bits|
    +--------------------------------------+----+-----------+-----+-----------+
    |ap_done_int                           |   9|          2|    1|          2|
    |ap_enable_reg_pp0_iter1               |   9|          2|    1|          2|
    |ap_sig_allocacmp_d_load               |   9|          2|    7|         14|
    |ap_sig_allocacmp_i_load               |   9|          2|   12|         24|
    |ap_sig_allocacmp_indvar_flatten_load  |   9|          2|   18|         36|
    |d_fu_106                              |   9|          2|    7|         14|
    |gmem6_blk_n_AW                        |   9|          2|    1|          2|
    |gmem6_blk_n_B                         |   9|          2|    1|          2|
    |gmem6_blk_n_W                         |   9|          2|    1|          2|
    |i_fu_114                              |   9|          2|   12|         24|
    |indvar_flatten_fu_118                 |   9|          2|   18|         36|
    |result_fifo_blk_n                     |   9|          2|    1|          2|
    +--------------------------------------+----+-----------+-----+-----------+
    |Total                                 | 108|         24|   80|        160|
    +--------------------------------------+----+-----------+-----+-----------+

    * Register: 
    +-----------------------------------+-----+----+-----+-----------+
    |                Name               |  FF | LUT| Bits| Const Bits|
    +-----------------------------------+-----+----+-----+-----------+
    |ap_CS_fsm                          |    1|   0|    1|          0|
    |ap_done_reg                        |    1|   0|    1|          0|
    |ap_enable_reg_pp0_iter1            |    1|   0|    1|          0|
    |ap_enable_reg_pp0_iter2            |    1|   0|    1|          0|
    |ap_enable_reg_pp0_iter3            |    1|   0|    1|          0|
    |ap_enable_reg_pp0_iter4            |    1|   0|    1|          0|
    |ap_enable_reg_pp0_iter5            |    1|   0|    1|          0|
    |ap_enable_reg_pp0_iter6            |    1|   0|    1|          0|
    |ap_enable_reg_pp0_iter7            |    1|   0|    1|          0|
    |ap_loop_exit_ready_pp0_iter1_reg   |    1|   0|    1|          0|
    |ap_loop_exit_ready_pp0_iter2_reg   |    1|   0|    1|          0|
    |ap_loop_exit_ready_pp0_iter3_reg   |    1|   0|    1|          0|
    |ap_loop_exit_ready_pp0_iter4_reg   |    1|   0|    1|          0|
    |ap_loop_exit_ready_pp0_iter5_reg   |    1|   0|    1|          0|
    |ap_loop_exit_ready_pp0_iter6_reg   |    1|   0|    1|          0|
    |d_fu_106                           |    7|   0|    7|          0|
    |i_fu_114                           |   12|   0|   12|          0|
    |icmp_ln286_reg_392                 |    1|   0|    1|          0|
    |indvar_flatten_fu_118              |   18|   0|   18|          0|
    |out_vec_fu_110                     |  512|   0|  512|          0|
    |result_fifo_read_reg_402           |    8|   0|    8|          0|
    |trunc_ln285_reg_387                |    6|   0|    6|          0|
    |trunc_ln285_reg_387_pp0_iter1_reg  |    6|   0|    6|          0|
    |trunc_ln287_s_reg_382              |   58|   0|   58|          0|
    |icmp_ln286_reg_392                 |   64|  32|    1|          0|
    +-----------------------------------+-----+----+-----+-----------+
    |Total                              |  707|  32|  644|          0|
    +-----------------------------------+-----+----+-----+-----------+



================================================================
== Interface
================================================================
* Summary: 
+----------------------------+-----+-----+------------+--------------+--------------+
|          RTL Ports         | Dir | Bits|  Protocol  | Source Object|    C Type    |
+----------------------------+-----+-----+------------+--------------+--------------+
|ap_clk                      |   in|    1|  ap_ctrl_hs|    spmm_store|  return value|
|ap_rst                      |   in|    1|  ap_ctrl_hs|    spmm_store|  return value|
|ap_start                    |   in|    1|  ap_ctrl_hs|    spmm_store|  return value|
|ap_done                     |  out|    1|  ap_ctrl_hs|    spmm_store|  return value|
|ap_continue                 |   in|    1|  ap_ctrl_hs|    spmm_store|  return value|
|ap_idle                     |  out|    1|  ap_ctrl_hs|    spmm_store|  return value|
|ap_ready                    |  out|    1|  ap_ctrl_hs|    spmm_store|  return value|
|result_fifo_dout            |   in|    8|     ap_fifo|   result_fifo|       pointer|
|result_fifo_empty_n         |   in|    1|     ap_fifo|   result_fifo|       pointer|
|result_fifo_read            |  out|    1|     ap_fifo|   result_fifo|       pointer|
|result_fifo_num_data_valid  |   in|    6|     ap_fifo|   result_fifo|       pointer|
|result_fifo_fifo_cap        |   in|    6|     ap_fifo|   result_fifo|       pointer|
|m_axi_gmem6_0_AWVALID       |  out|    1|       m_axi|         gmem6|       pointer|
|m_axi_gmem6_0_AWREADY       |   in|    1|       m_axi|         gmem6|       pointer|
|m_axi_gmem6_0_AWADDR        |  out|   64|       m_axi|         gmem6|       pointer|
|m_axi_gmem6_0_AWID          |  out|    1|       m_axi|         gmem6|       pointer|
|m_axi_gmem6_0_AWLEN         |  out|   32|       m_axi|         gmem6|       pointer|
|m_axi_gmem6_0_AWSIZE        |  out|    3|       m_axi|         gmem6|       pointer|
|m_axi_gmem6_0_AWBURST       |  out|    2|       m_axi|         gmem6|       pointer|
|m_axi_gmem6_0_AWLOCK        |  out|    2|       m_axi|         gmem6|       pointer|
|m_axi_gmem6_0_AWCACHE       |  out|    4|       m_axi|         gmem6|       pointer|
|m_axi_gmem6_0_AWPROT        |  out|    3|       m_axi|         gmem6|       pointer|
|m_axi_gmem6_0_AWQOS         |  out|    4|       m_axi|         gmem6|       pointer|
|m_axi_gmem6_0_AWREGION      |  out|    4|       m_axi|         gmem6|       pointer|
|m_axi_gmem6_0_AWUSER        |  out|    1|       m_axi|         gmem6|       pointer|
|m_axi_gmem6_0_WVALID        |  out|    1|       m_axi|         gmem6|       pointer|
|m_axi_gmem6_0_WREADY        |   in|    1|       m_axi|         gmem6|       pointer|
|m_axi_gmem6_0_WDATA         |  out|  512|       m_axi|         gmem6|       pointer|
|m_axi_gmem6_0_WSTRB         |  out|   64|       m_axi|         gmem6|       pointer|
|m_axi_gmem6_0_WLAST         |  out|    1|       m_axi|         gmem6|       pointer|
|m_axi_gmem6_0_WID           |  out|    1|       m_axi|         gmem6|       pointer|
|m_axi_gmem6_0_WUSER         |  out|    1|       m_axi|         gmem6|       pointer|
|m_axi_gmem6_0_ARVALID       |  out|    1|       m_axi|         gmem6|       pointer|
|m_axi_gmem6_0_ARREADY       |   in|    1|       m_axi|         gmem6|       pointer|
|m_axi_gmem6_0_ARADDR        |  out|   64|       m_axi|         gmem6|       pointer|
|m_axi_gmem6_0_ARID          |  out|    1|       m_axi|         gmem6|       pointer|
|m_axi_gmem6_0_ARLEN         |  out|   32|       m_axi|         gmem6|       pointer|
|m_axi_gmem6_0_ARSIZE        |  out|    3|       m_axi|         gmem6|       pointer|
|m_axi_gmem6_0_ARBURST       |  out|    2|       m_axi|         gmem6|       pointer|
|m_axi_gmem6_0_ARLOCK        |  out|    2|       m_axi|         gmem6|       pointer|
|m_axi_gmem6_0_ARCACHE       |  out|    4|       m_axi|         gmem6|       pointer|
|m_axi_gmem6_0_ARPROT        |  out|    3|       m_axi|         gmem6|       pointer|
|m_axi_gmem6_0_ARQOS         |  out|    4|       m_axi|         gmem6|       pointer|
|m_axi_gmem6_0_ARREGION      |  out|    4|       m_axi|         gmem6|       pointer|
|m_axi_gmem6_0_ARUSER        |  out|    1|       m_axi|         gmem6|       pointer|
|m_axi_gmem6_0_RVALID        |   in|    1|       m_axi|         gmem6|       pointer|
|m_axi_gmem6_0_RREADY        |  out|    1|       m_axi|         gmem6|       pointer|
|m_axi_gmem6_0_RDATA         |   in|  512|       m_axi|         gmem6|       pointer|
|m_axi_gmem6_0_RLAST         |   in|    1|       m_axi|         gmem6|       pointer|
|m_axi_gmem6_0_RID           |   in|    1|       m_axi|         gmem6|       pointer|
|m_axi_gmem6_0_RFIFONUM      |   in|    9|       m_axi|         gmem6|       pointer|
|m_axi_gmem6_0_RUSER         |   in|    1|       m_axi|         gmem6|       pointer|
|m_axi_gmem6_0_RRESP         |   in|    2|       m_axi|         gmem6|       pointer|
|m_axi_gmem6_0_BVALID        |   in|    1|       m_axi|         gmem6|       pointer|
|m_axi_gmem6_0_BREADY        |  out|    1|       m_axi|         gmem6|       pointer|
|m_axi_gmem6_0_BRESP         |   in|    2|       m_axi|         gmem6|       pointer|
|m_axi_gmem6_0_BID           |   in|    1|       m_axi|         gmem6|       pointer|
|m_axi_gmem6_0_BUSER         |   in|    1|       m_axi|         gmem6|       pointer|
|H_out                       |   in|   64|   ap_stable|         H_out|        scalar|
+----------------------------+-----+-----+------------+--------------+--------------+

