

================================================================
== Vitis HLS Report for 'spmm_compute_Pipeline_SPMM_MAC'
================================================================
* Date:           Thu Apr 16 10:08:46 2026

* Version:        2025.2 (Build 6295257 on Nov 14 2025)
* Project:        integrated_gcn_approx
* Solution:       hls (Vivado IP Flow Target)
* Product family: zynquplus
* Target device:  xck26-sfvc784-2LV-c


================================================================
== Performance Estimates
================================================================
+ Timing: 
    * Summary: 
    +--------+----------+----------+------------+
    |  Clock |  Target  | Estimated| Uncertainty|
    +--------+----------+----------+------------+
    |ap_clk  |  10.00 ns|  6.888 ns|     2.70 ns|
    +--------+----------+----------+------------+

+ Latency: 
    * Summary: 
    +---------+---------+-----------+-----------+-----+-----+-------------------+
    |  Latency (cycles) |   Latency (absolute)  |  Interval |      Pipeline     |
    |   min   |   max   |    min    |    max    | min | max |        Type       |
    +---------+---------+-----------+-----------+-----+-----+-------------------+
    |        6|        6|  60.000 ns|  60.000 ns|    0|    0|  loop pipeline stp|
    +---------+---------+-----------+-----------+-----+-----+-------------------+

    + Detail: 
        * Instance: 
        +------------------------+------------+---------+---------+-----------+-----------+-----+-----+---------+
        |                        |            |  Latency (cycles) |   Latency (absolute)  |  Interval | Pipeline|
        |        Instance        |   Module   |   min   |   max   |    min    |    max    | min | max |   Type  |
        +------------------------+------------+---------+---------+-----------+-----------+-----+-----+---------+
        |grp_mul8s_1KV8_fu_1102  |mul8s_1KV8  |        1|        1|  10.000 ns|  10.000 ns|    1|    1|      yes|
        |grp_mul8s_1KV8_fu_1108  |mul8s_1KV8  |        1|        1|  10.000 ns|  10.000 ns|    1|    1|      yes|
        |grp_mul8s_1KV8_fu_1114  |mul8s_1KV8  |        1|        1|  10.000 ns|  10.000 ns|    1|    1|      yes|
        |grp_mul8s_1KV8_fu_1120  |mul8s_1KV8  |        1|        1|  10.000 ns|  10.000 ns|    1|    1|      yes|
        |grp_mul8s_1KV8_fu_1126  |mul8s_1KV8  |        1|        1|  10.000 ns|  10.000 ns|    1|    1|      yes|
        |grp_mul8s_1KV8_fu_1132  |mul8s_1KV8  |        1|        1|  10.000 ns|  10.000 ns|    1|    1|      yes|
        |grp_mul8s_1KV8_fu_1138  |mul8s_1KV8  |        1|        1|  10.000 ns|  10.000 ns|    1|    1|      yes|
        |grp_mul8s_1KV8_fu_1144  |mul8s_1KV8  |        1|        1|  10.000 ns|  10.000 ns|    1|    1|      yes|
        |grp_mul8s_1KV8_fu_1150  |mul8s_1KV8  |        1|        1|  10.000 ns|  10.000 ns|    1|    1|      yes|
        |grp_mul8s_1KV8_fu_1156  |mul8s_1KV8  |        1|        1|  10.000 ns|  10.000 ns|    1|    1|      yes|
        |grp_mul8s_1KV8_fu_1162  |mul8s_1KV8  |        1|        1|  10.000 ns|  10.000 ns|    1|    1|      yes|
        |grp_mul8s_1KV8_fu_1168  |mul8s_1KV8  |        1|        1|  10.000 ns|  10.000 ns|    1|    1|      yes|
        |grp_mul8s_1KV8_fu_1174  |mul8s_1KV8  |        1|        1|  10.000 ns|  10.000 ns|    1|    1|      yes|
        |grp_mul8s_1KV8_fu_1180  |mul8s_1KV8  |        1|        1|  10.000 ns|  10.000 ns|    1|    1|      yes|
        |grp_mul8s_1KV8_fu_1186  |mul8s_1KV8  |        1|        1|  10.000 ns|  10.000 ns|    1|    1|      yes|
        |grp_mul8s_1KV8_fu_1192  |mul8s_1KV8  |        1|        1|  10.000 ns|  10.000 ns|    1|    1|      yes|
        |grp_mul8s_1KV8_fu_1198  |mul8s_1KV8  |        1|        1|  10.000 ns|  10.000 ns|    1|    1|      yes|
        |grp_mul8s_1KV8_fu_1204  |mul8s_1KV8  |        1|        1|  10.000 ns|  10.000 ns|    1|    1|      yes|
        |grp_mul8s_1KV8_fu_1210  |mul8s_1KV8  |        1|        1|  10.000 ns|  10.000 ns|    1|    1|      yes|
        |grp_mul8s_1KV8_fu_1216  |mul8s_1KV8  |        1|        1|  10.000 ns|  10.000 ns|    1|    1|      yes|
        |grp_mul8s_1KV8_fu_1222  |mul8s_1KV8  |        1|        1|  10.000 ns|  10.000 ns|    1|    1|      yes|
        |grp_mul8s_1KV8_fu_1228  |mul8s_1KV8  |        1|        1|  10.000 ns|  10.000 ns|    1|    1|      yes|
        |grp_mul8s_1KV8_fu_1234  |mul8s_1KV8  |        1|        1|  10.000 ns|  10.000 ns|    1|    1|      yes|
        |grp_mul8s_1KV8_fu_1240  |mul8s_1KV8  |        1|        1|  10.000 ns|  10.000 ns|    1|    1|      yes|
        |grp_mul8s_1KV8_fu_1246  |mul8s_1KV8  |        1|        1|  10.000 ns|  10.000 ns|    1|    1|      yes|
        |grp_mul8s_1KV8_fu_1252  |mul8s_1KV8  |        1|        1|  10.000 ns|  10.000 ns|    1|    1|      yes|
        |grp_mul8s_1KV8_fu_1258  |mul8s_1KV8  |        1|        1|  10.000 ns|  10.000 ns|    1|    1|      yes|
        |grp_mul8s_1KV8_fu_1264  |mul8s_1KV8  |        1|        1|  10.000 ns|  10.000 ns|    1|    1|      yes|
        |grp_mul8s_1KV8_fu_1270  |mul8s_1KV8  |        1|        1|  10.000 ns|  10.000 ns|    1|    1|      yes|
        |grp_mul8s_1KV8_fu_1276  |mul8s_1KV8  |        1|        1|  10.000 ns|  10.000 ns|    1|    1|      yes|
        |grp_mul8s_1KV8_fu_1282  |mul8s_1KV8  |        1|        1|  10.000 ns|  10.000 ns|    1|    1|      yes|
        |grp_mul8s_1KV8_fu_1288  |mul8s_1KV8  |        1|        1|  10.000 ns|  10.000 ns|    1|    1|      yes|
        +------------------------+------------+---------+---------+-----------+-----------+-----+-----+---------+

        * Loop: 
        +------------+---------+---------+----------+-----------+-----------+------+----------+
        |            |  Latency (cycles) | Iteration|  Initiation Interval  | Trip |          |
        |  Loop Name |   min   |   max   |  Latency |  achieved |   target  | Count| Pipelined|
        +------------+---------+---------+----------+-----------+-----------+------+----------+
        |- SPMM_MAC  |        4|        4|         4|          1|          1|     2|       yes|
        +------------+---------+---------+----------+-----------+-----------+------+----------+



================================================================
== Utilization Estimates
================================================================
* Summary: 
+-----------------+---------+------+--------+--------+-----+
|       Name      | BRAM_18K|  DSP |   FF   |   LUT  | URAM|
+-----------------+---------+------+--------+--------+-----+
|DSP              |        -|     -|       -|       -|    -|
|Expression       |        -|     -|       0|     752|    -|
|FIFO             |        -|     -|       -|       -|    -|
|Instance         |        -|     -|     576|   22976|    -|
|Memory           |        -|     -|       -|       -|    -|
|Multiplexer      |        -|     -|       0|      36|    -|
|Register         |        -|     -|    2447|    1056|    -|
+-----------------+---------+------+--------+--------+-----+
|Total            |        0|     0|    3023|   24820|    0|
+-----------------+---------+------+--------+--------+-----+
|Available        |      288|  1248|  234240|  117120|   64|
+-----------------+---------+------+--------+--------+-----+
|Utilization (%)  |        0|     0|       1|      21|    0|
+-----------------+---------+------+--------+--------+-----+

+ Detail: 
    * Instance: 
    +------------------------+------------+---------+----+----+-----+-----+
    |        Instance        |   Module   | BRAM_18K| DSP| FF | LUT | URAM|
    +------------------------+------------+---------+----+----+-----+-----+
    |grp_mul8s_1KV8_fu_1102  |mul8s_1KV8  |        0|   0|  18|  718|    0|
    |grp_mul8s_1KV8_fu_1108  |mul8s_1KV8  |        0|   0|  18|  718|    0|
    |grp_mul8s_1KV8_fu_1114  |mul8s_1KV8  |        0|   0|  18|  718|    0|
    |grp_mul8s_1KV8_fu_1120  |mul8s_1KV8  |        0|   0|  18|  718|    0|
    |grp_mul8s_1KV8_fu_1126  |mul8s_1KV8  |        0|   0|  18|  718|    0|
    |grp_mul8s_1KV8_fu_1132  |mul8s_1KV8  |        0|   0|  18|  718|    0|
    |grp_mul8s_1KV8_fu_1138  |mul8s_1KV8  |        0|   0|  18|  718|    0|
    |grp_mul8s_1KV8_fu_1144  |mul8s_1KV8  |        0|   0|  18|  718|    0|
    |grp_mul8s_1KV8_fu_1150  |mul8s_1KV8  |        0|   0|  18|  718|    0|
    |grp_mul8s_1KV8_fu_1156  |mul8s_1KV8  |        0|   0|  18|  718|    0|
    |grp_mul8s_1KV8_fu_1162  |mul8s_1KV8  |        0|   0|  18|  718|    0|
    |grp_mul8s_1KV8_fu_1168  |mul8s_1KV8  |        0|   0|  18|  718|    0|
    |grp_mul8s_1KV8_fu_1174  |mul8s_1KV8  |        0|   0|  18|  718|    0|
    |grp_mul8s_1KV8_fu_1180  |mul8s_1KV8  |        0|   0|  18|  718|    0|
    |grp_mul8s_1KV8_fu_1186  |mul8s_1KV8  |        0|   0|  18|  718|    0|
    |grp_mul8s_1KV8_fu_1192  |mul8s_1KV8  |        0|   0|  18|  718|    0|
    |grp_mul8s_1KV8_fu_1198  |mul8s_1KV8  |        0|   0|  18|  718|    0|
    |grp_mul8s_1KV8_fu_1204  |mul8s_1KV8  |        0|   0|  18|  718|    0|
    |grp_mul8s_1KV8_fu_1210  |mul8s_1KV8  |        0|   0|  18|  718|    0|
    |grp_mul8s_1KV8_fu_1216  |mul8s_1KV8  |        0|   0|  18|  718|    0|
    |grp_mul8s_1KV8_fu_1222  |mul8s_1KV8  |        0|   0|  18|  718|    0|
    |grp_mul8s_1KV8_fu_1228  |mul8s_1KV8  |        0|   0|  18|  718|    0|
    |grp_mul8s_1KV8_fu_1234  |mul8s_1KV8  |        0|   0|  18|  718|    0|
    |grp_mul8s_1KV8_fu_1240  |mul8s_1KV8  |        0|   0|  18|  718|    0|
    |grp_mul8s_1KV8_fu_1246  |mul8s_1KV8  |        0|   0|  18|  718|    0|
    |grp_mul8s_1KV8_fu_1252  |mul8s_1KV8  |        0|   0|  18|  718|    0|
    |grp_mul8s_1KV8_fu_1258  |mul8s_1KV8  |        0|   0|  18|  718|    0|
    |grp_mul8s_1KV8_fu_1264  |mul8s_1KV8  |        0|   0|  18|  718|    0|
    |grp_mul8s_1KV8_fu_1270  |mul8s_1KV8  |        0|   0|  18|  718|    0|
    |grp_mul8s_1KV8_fu_1276  |mul8s_1KV8  |        0|   0|  18|  718|    0|
    |grp_mul8s_1KV8_fu_1282  |mul8s_1KV8  |        0|   0|  18|  718|    0|
    |grp_mul8s_1KV8_fu_1288  |mul8s_1KV8  |        0|   0|  18|  718|    0|
    +------------------------+------------+---------+----+----+-----+-----+
    |Total                   |            |        0|   0| 576|22976|    0|
    +------------------------+------------+---------+----+----+-----+-----+

    * DSP: 
    N/A

    * Memory: 
    N/A

    * FIFO: 
    N/A

    * Expression: 
    +-------------------------+----------+----+---+----+------------+------------+
    |      Variable Name      | Operation| DSP| FF| LUT| Bitwidth P0| Bitwidth P1|
    +-------------------------+----------+----+---+----+------------+------------+
    |add_ln257_fu_1386_p2     |         +|   0|  0|  14|           7|           6|
    |add_ln260_10_fu_1467_p2  |         +|   0|  0|  23|          16|          16|
    |add_ln260_11_fu_1474_p2  |         +|   0|  0|  23|          16|          16|
    |add_ln260_12_fu_1481_p2  |         +|   0|  0|  23|          16|          16|
    |add_ln260_13_fu_1488_p2  |         +|   0|  0|  23|          16|          16|
    |add_ln260_14_fu_1495_p2  |         +|   0|  0|  23|          16|          16|
    |add_ln260_15_fu_1502_p2  |         +|   0|  0|  23|          16|          16|
    |add_ln260_16_fu_1509_p2  |         +|   0|  0|  23|          16|          16|
    |add_ln260_17_fu_1516_p2  |         +|   0|  0|  23|          16|          16|
    |add_ln260_18_fu_1523_p2  |         +|   0|  0|  23|          16|          16|
    |add_ln260_19_fu_1530_p2  |         +|   0|  0|  23|          16|          16|
    |add_ln260_1_fu_1404_p2   |         +|   0|  0|  23|          16|          16|
    |add_ln260_20_fu_1537_p2  |         +|   0|  0|  23|          16|          16|
    |add_ln260_21_fu_1544_p2  |         +|   0|  0|  23|          16|          16|
    |add_ln260_22_fu_1551_p2  |         +|   0|  0|  23|          16|          16|
    |add_ln260_23_fu_1558_p2  |         +|   0|  0|  23|          16|          16|
    |add_ln260_24_fu_1565_p2  |         +|   0|  0|  23|          16|          16|
    |add_ln260_25_fu_1572_p2  |         +|   0|  0|  23|          16|          16|
    |add_ln260_26_fu_1579_p2  |         +|   0|  0|  23|          16|          16|
    |add_ln260_27_fu_1586_p2  |         +|   0|  0|  23|          16|          16|
    |add_ln260_28_fu_1593_p2  |         +|   0|  0|  23|          16|          16|
    |add_ln260_29_fu_1600_p2  |         +|   0|  0|  23|          16|          16|
    |add_ln260_2_fu_1411_p2   |         +|   0|  0|  23|          16|          16|
    |add_ln260_30_fu_1607_p2  |         +|   0|  0|  23|          16|          16|
    |add_ln260_31_fu_1614_p2  |         +|   0|  0|  23|          16|          16|
    |add_ln260_3_fu_1418_p2   |         +|   0|  0|  23|          16|          16|
    |add_ln260_4_fu_1425_p2   |         +|   0|  0|  23|          16|          16|
    |add_ln260_5_fu_1432_p2   |         +|   0|  0|  23|          16|          16|
    |add_ln260_6_fu_1439_p2   |         +|   0|  0|  23|          16|          16|
    |add_ln260_7_fu_1446_p2   |         +|   0|  0|  23|          16|          16|
    |add_ln260_8_fu_1453_p2   |         +|   0|  0|  23|          16|          16|
    |add_ln260_9_fu_1460_p2   |         +|   0|  0|  23|          16|          16|
    |add_ln260_fu_1397_p2     |         +|   0|  0|  23|          16|          16|
    |ap_enable_pp0            |       xor|   0|  0|   2|           1|           2|
    +-------------------------+----------+----+---+----+------------+------------+
    |Total                    |          |   0|  0| 752|         520|         520|
    +-------------------------+----------+----+---+----+------------+------------+

    * Multiplexer: 
    +-------------------------+----+-----------+-----+-----------+
    |           Name          | LUT| Input Size| Bits| Total Bits|
    +-------------------------+----+-----------+-----+-----------+
    |ap_done_int              |   9|          2|    1|          2|
    |ap_enable_reg_pp0_iter1  |   9|          2|    1|          2|
    |ap_sig_allocacmp_f       |   9|          2|    7|         14|
    |f_1_fu_164               |   9|          2|    7|         14|
    +-------------------------+----+-----------+-----+-----------+
    |Total                    |  36|          8|   16|         32|
    +-------------------------+----+-----------+-----+-----------+

    * Register: 
    +-------------------------------------+----+----+-----+-----------+
    |                 Name                | FF | LUT| Bits| Const Bits|
    +-------------------------------------+----+----+-----+-----------+
    |acc_10_addr_reg_1783                 |   1|   0|    1|          0|
    |acc_11_addr_reg_1794                 |   1|   0|    1|          0|
    |acc_12_addr_reg_1805                 |   1|   0|    1|          0|
    |acc_13_addr_reg_1816                 |   1|   0|    1|          0|
    |acc_14_addr_reg_1827                 |   1|   0|    1|          0|
    |acc_15_addr_reg_1838                 |   1|   0|    1|          0|
    |acc_16_addr_reg_1849                 |   1|   0|    1|          0|
    |acc_17_addr_reg_1860                 |   1|   0|    1|          0|
    |acc_18_addr_reg_1871                 |   1|   0|    1|          0|
    |acc_19_addr_reg_1882                 |   1|   0|    1|          0|
    |acc_1_addr_reg_1684                  |   1|   0|    1|          0|
    |acc_20_addr_reg_1893                 |   1|   0|    1|          0|
    |acc_21_addr_reg_1904                 |   1|   0|    1|          0|
    |acc_22_addr_reg_1915                 |   1|   0|    1|          0|
    |acc_23_addr_reg_1926                 |   1|   0|    1|          0|
    |acc_24_addr_reg_1937                 |   1|   0|    1|          0|
    |acc_25_addr_reg_1948                 |   1|   0|    1|          0|
    |acc_26_addr_reg_1959                 |   1|   0|    1|          0|
    |acc_27_addr_reg_1970                 |   1|   0|    1|          0|
    |acc_28_addr_reg_1981                 |   1|   0|    1|          0|
    |acc_29_addr_reg_1992                 |   1|   0|    1|          0|
    |acc_2_addr_reg_1695                  |   1|   0|    1|          0|
    |acc_30_addr_reg_2003                 |   1|   0|    1|          0|
    |acc_31_addr_reg_2014                 |   1|   0|    1|          0|
    |acc_3_addr_reg_1706                  |   1|   0|    1|          0|
    |acc_4_addr_reg_1717                  |   1|   0|    1|          0|
    |acc_5_addr_reg_1728                  |   1|   0|    1|          0|
    |acc_6_addr_reg_1739                  |   1|   0|    1|          0|
    |acc_7_addr_reg_1750                  |   1|   0|    1|          0|
    |acc_8_addr_reg_1761                  |   1|   0|    1|          0|
    |acc_9_addr_reg_1772                  |   1|   0|    1|          0|
    |acc_addr_reg_1673                    |   1|   0|    1|          0|
    |ap_CS_fsm                            |   1|   0|    1|          0|
    |ap_done_reg                          |   1|   0|    1|          0|
    |ap_enable_reg_pp0_iter1              |   1|   0|    1|          0|
    |ap_enable_reg_pp0_iter2              |   1|   0|    1|          0|
    |ap_enable_reg_pp0_iter3              |   1|   0|    1|          0|
    |ap_loop_exit_ready_pp0_iter1_reg     |   1|   0|    1|          0|
    |ap_loop_exit_ready_pp0_iter2_reg     |   1|   0|    1|          0|
    |b_10_reg_2070                        |   8|   0|    8|          0|
    |b_11_reg_2075                        |   8|   0|    8|          0|
    |b_12_reg_2080                        |   8|   0|    8|          0|
    |b_13_reg_2085                        |   8|   0|    8|          0|
    |b_14_reg_2090                        |   8|   0|    8|          0|
    |b_15_reg_2095                        |   8|   0|    8|          0|
    |b_16_reg_2100                        |   8|   0|    8|          0|
    |b_17_reg_2105                        |   8|   0|    8|          0|
    |b_18_reg_2110                        |   8|   0|    8|          0|
    |b_19_reg_2115                        |   8|   0|    8|          0|
    |b_1_reg_2025                         |   8|   0|    8|          0|
    |b_20_reg_2120                        |   8|   0|    8|          0|
    |b_21_reg_2125                        |   8|   0|    8|          0|
    |b_22_reg_2130                        |   8|   0|    8|          0|
    |b_23_reg_2135                        |   8|   0|    8|          0|
    |b_24_reg_2140                        |   8|   0|    8|          0|
    |b_25_reg_2145                        |   8|   0|    8|          0|
    |b_26_reg_2150                        |   8|   0|    8|          0|
    |b_27_reg_2155                        |   8|   0|    8|          0|
    |b_28_reg_2160                        |   8|   0|    8|          0|
    |b_29_reg_2165                        |   8|   0|    8|          0|
    |b_2_reg_2030                         |   8|   0|    8|          0|
    |b_30_reg_2170                        |   8|   0|    8|          0|
    |b_31_reg_2175                        |   8|   0|    8|          0|
    |b_3_reg_2035                         |   8|   0|    8|          0|
    |b_4_reg_2040                         |   8|   0|    8|          0|
    |b_5_reg_2045                         |   8|   0|    8|          0|
    |b_6_reg_2050                         |   8|   0|    8|          0|
    |b_7_reg_2055                         |   8|   0|    8|          0|
    |b_8_reg_2060                         |   8|   0|    8|          0|
    |b_9_reg_2065                         |   8|   0|    8|          0|
    |b_reg_2020                           |   8|   0|    8|          0|
    |f_1_fu_164                           |   7|   0|    7|          0|
    |grp_mul8s_1KV8_fu_1102_ap_start_reg  |   1|   0|    1|          0|
    |grp_mul8s_1KV8_fu_1108_ap_start_reg  |   1|   0|    1|          0|
    |grp_mul8s_1KV8_fu_1114_ap_start_reg  |   1|   0|    1|          0|
    |grp_mul8s_1KV8_fu_1120_ap_start_reg  |   1|   0|    1|          0|
    |grp_mul8s_1KV8_fu_1126_ap_start_reg  |   1|   0|    1|          0|
    |grp_mul8s_1KV8_fu_1132_ap_start_reg  |   1|   0|    1|          0|
    |grp_mul8s_1KV8_fu_1138_ap_start_reg  |   1|   0|    1|          0|
    |grp_mul8s_1KV8_fu_1144_ap_start_reg  |   1|   0|    1|          0|
    |grp_mul8s_1KV8_fu_1150_ap_start_reg  |   1|   0|    1|          0|
    |grp_mul8s_1KV8_fu_1156_ap_start_reg  |   1|   0|    1|          0|
    |grp_mul8s_1KV8_fu_1162_ap_start_reg  |   1|   0|    1|          0|
    |grp_mul8s_1KV8_fu_1168_ap_start_reg  |   1|   0|    1|          0|
    |grp_mul8s_1KV8_fu_1174_ap_start_reg  |   1|   0|    1|          0|
    |grp_mul8s_1KV8_fu_1180_ap_start_reg  |   1|   0|    1|          0|
    |grp_mul8s_1KV8_fu_1186_ap_start_reg  |   1|   0|    1|          0|
    |grp_mul8s_1KV8_fu_1192_ap_start_reg  |   1|   0|    1|          0|
    |grp_mul8s_1KV8_fu_1198_ap_start_reg  |   1|   0|    1|          0|
    |grp_mul8s_1KV8_fu_1204_ap_start_reg  |   1|   0|    1|          0|
    |grp_mul8s_1KV8_fu_1210_ap_start_reg  |   1|   0|    1|          0|
    |grp_mul8s_1KV8_fu_1216_ap_start_reg  |   1|   0|    1|          0|
    |grp_mul8s_1KV8_fu_1222_ap_start_reg  |   1|   0|    1|          0|
    |grp_mul8s_1KV8_fu_1228_ap_start_reg  |   1|   0|    1|          0|
    |grp_mul8s_1KV8_fu_1234_ap_start_reg  |   1|   0|    1|          0|
    |grp_mul8s_1KV8_fu_1240_ap_start_reg  |   1|   0|    1|          0|
    |grp_mul8s_1KV8_fu_1246_ap_start_reg  |   1|   0|    1|          0|
    |grp_mul8s_1KV8_fu_1252_ap_start_reg  |   1|   0|    1|          0|
    |grp_mul8s_1KV8_fu_1258_ap_start_reg  |   1|   0|    1|          0|
    |grp_mul8s_1KV8_fu_1264_ap_start_reg  |   1|   0|    1|          0|
    |grp_mul8s_1KV8_fu_1270_ap_start_reg  |   1|   0|    1|          0|
    |grp_mul8s_1KV8_fu_1276_ap_start_reg  |   1|   0|    1|          0|
    |grp_mul8s_1KV8_fu_1282_ap_start_reg  |   1|   0|    1|          0|
    |grp_mul8s_1KV8_fu_1288_ap_start_reg  |   1|   0|    1|          0|
    |tmp_reg_1664                         |   1|   0|    1|          0|
    |acc_10_addr_reg_1783                 |  64|  32|    1|          0|
    |acc_11_addr_reg_1794                 |  64|  32|    1|          0|
    |acc_12_addr_reg_1805                 |  64|  32|    1|          0|
    |acc_13_addr_reg_1816                 |  64|  32|    1|          0|
    |acc_14_addr_reg_1827                 |  64|  32|    1|          0|
    |acc_15_addr_reg_1838                 |  64|  32|    1|          0|
    |acc_16_addr_reg_1849                 |  64|  32|    1|          0|
    |acc_17_addr_reg_1860                 |  64|  32|    1|          0|
    |acc_18_addr_reg_1871                 |  64|  32|    1|          0|
    |acc_19_addr_reg_1882                 |  64|  32|    1|          0|
    |acc_1_addr_reg_1684                  |  64|  32|    1|          0|
    |acc_20_addr_reg_1893                 |  64|  32|    1|          0|
    |acc_21_addr_reg_1904                 |  64|  32|    1|          0|
    |acc_22_addr_reg_1915                 |  64|  32|    1|          0|
    |acc_23_addr_reg_1926                 |  64|  32|    1|          0|
    |acc_24_addr_reg_1937                 |  64|  32|    1|          0|
    |acc_25_addr_reg_1948                 |  64|  32|    1|          0|
    |acc_26_addr_reg_1959                 |  64|  32|    1|          0|
    |acc_27_addr_reg_1970                 |  64|  32|    1|          0|
    |acc_28_addr_reg_1981                 |  64|  32|    1|          0|
    |acc_29_addr_reg_1992                 |  64|  32|    1|          0|
    |acc_2_addr_reg_1695                  |  64|  32|    1|          0|
    |acc_30_addr_reg_2003                 |  64|  32|    1|          0|
    |acc_31_addr_reg_2014                 |  64|  32|    1|          0|
    |acc_3_addr_reg_1706                  |  64|  32|    1|          0|
    |acc_4_addr_reg_1717                  |  64|  32|    1|          0|
    |acc_5_addr_reg_1728                  |  64|  32|    1|          0|
    |acc_6_addr_reg_1739                  |  64|  32|    1|          0|
    |acc_7_addr_reg_1750                  |  64|  32|    1|          0|
    |acc_8_addr_reg_1761                  |  64|  32|    1|          0|
    |acc_9_addr_reg_1772                  |  64|  32|    1|          0|
    |acc_addr_reg_1673                    |  64|  32|    1|          0|
    |tmp_reg_1664                         |  64|  32|    1|          0|
    +-------------------------------------+----+----+-----+-----------+
    |Total                                |2447|1056|  368|          0|
    +-------------------------------------+----+----+-----+-----------+



================================================================
== Interface
================================================================
* Summary: 
+-------------------+-----+-----+------------+--------------------------------+--------------+
|     RTL Ports     | Dir | Bits|  Protocol  |          Source Object         |    C Type    |
+-------------------+-----+-----+------------+--------------------------------+--------------+
|ap_clk             |   in|    1|  ap_ctrl_hs|  spmm_compute_Pipeline_SPMM_MAC|  return value|
|ap_rst             |   in|    1|  ap_ctrl_hs|  spmm_compute_Pipeline_SPMM_MAC|  return value|
|ap_start           |   in|    1|  ap_ctrl_hs|  spmm_compute_Pipeline_SPMM_MAC|  return value|
|ap_done            |  out|    1|  ap_ctrl_hs|  spmm_compute_Pipeline_SPMM_MAC|  return value|
|ap_idle            |  out|    1|  ap_ctrl_hs|  spmm_compute_Pipeline_SPMM_MAC|  return value|
|ap_ready           |  out|    1|  ap_ctrl_hs|  spmm_compute_Pipeline_SPMM_MAC|  return value|
|acc_31_address0    |  out|    1|   ap_memory|                          acc_31|         array|
|acc_31_ce0         |  out|    1|   ap_memory|                          acc_31|         array|
|acc_31_we0         |  out|    1|   ap_memory|                          acc_31|         array|
|acc_31_d0          |  out|   16|   ap_memory|                          acc_31|         array|
|acc_31_address1    |  out|    1|   ap_memory|                          acc_31|         array|
|acc_31_ce1         |  out|    1|   ap_memory|                          acc_31|         array|
|acc_31_q1          |   in|   16|   ap_memory|                          acc_31|         array|
|acc_30_address0    |  out|    1|   ap_memory|                          acc_30|         array|
|acc_30_ce0         |  out|    1|   ap_memory|                          acc_30|         array|
|acc_30_we0         |  out|    1|   ap_memory|                          acc_30|         array|
|acc_30_d0          |  out|   16|   ap_memory|                          acc_30|         array|
|acc_30_address1    |  out|    1|   ap_memory|                          acc_30|         array|
|acc_30_ce1         |  out|    1|   ap_memory|                          acc_30|         array|
|acc_30_q1          |   in|   16|   ap_memory|                          acc_30|         array|
|acc_29_address0    |  out|    1|   ap_memory|                          acc_29|         array|
|acc_29_ce0         |  out|    1|   ap_memory|                          acc_29|         array|
|acc_29_we0         |  out|    1|   ap_memory|                          acc_29|         array|
|acc_29_d0          |  out|   16|   ap_memory|                          acc_29|         array|
|acc_29_address1    |  out|    1|   ap_memory|                          acc_29|         array|
|acc_29_ce1         |  out|    1|   ap_memory|                          acc_29|         array|
|acc_29_q1          |   in|   16|   ap_memory|                          acc_29|         array|
|acc_28_address0    |  out|    1|   ap_memory|                          acc_28|         array|
|acc_28_ce0         |  out|    1|   ap_memory|                          acc_28|         array|
|acc_28_we0         |  out|    1|   ap_memory|                          acc_28|         array|
|acc_28_d0          |  out|   16|   ap_memory|                          acc_28|         array|
|acc_28_address1    |  out|    1|   ap_memory|                          acc_28|         array|
|acc_28_ce1         |  out|    1|   ap_memory|                          acc_28|         array|
|acc_28_q1          |   in|   16|   ap_memory|                          acc_28|         array|
|acc_27_address0    |  out|    1|   ap_memory|                          acc_27|         array|
|acc_27_ce0         |  out|    1|   ap_memory|                          acc_27|         array|
|acc_27_we0         |  out|    1|   ap_memory|                          acc_27|         array|
|acc_27_d0          |  out|   16|   ap_memory|                          acc_27|         array|
|acc_27_address1    |  out|    1|   ap_memory|                          acc_27|         array|
|acc_27_ce1         |  out|    1|   ap_memory|                          acc_27|         array|
|acc_27_q1          |   in|   16|   ap_memory|                          acc_27|         array|
|acc_26_address0    |  out|    1|   ap_memory|                          acc_26|         array|
|acc_26_ce0         |  out|    1|   ap_memory|                          acc_26|         array|
|acc_26_we0         |  out|    1|   ap_memory|                          acc_26|         array|
|acc_26_d0          |  out|   16|   ap_memory|                          acc_26|         array|
|acc_26_address1    |  out|    1|   ap_memory|                          acc_26|         array|
|acc_26_ce1         |  out|    1|   ap_memory|                          acc_26|         array|
|acc_26_q1          |   in|   16|   ap_memory|                          acc_26|         array|
|acc_25_address0    |  out|    1|   ap_memory|                          acc_25|         array|
|acc_25_ce0         |  out|    1|   ap_memory|                          acc_25|         array|
|acc_25_we0         |  out|    1|   ap_memory|                          acc_25|         array|
|acc_25_d0          |  out|   16|   ap_memory|                          acc_25|         array|
|acc_25_address1    |  out|    1|   ap_memory|                          acc_25|         array|
|acc_25_ce1         |  out|    1|   ap_memory|                          acc_25|         array|
|acc_25_q1          |   in|   16|   ap_memory|                          acc_25|         array|
|acc_24_address0    |  out|    1|   ap_memory|                          acc_24|         array|
|acc_24_ce0         |  out|    1|   ap_memory|                          acc_24|         array|
|acc_24_we0         |  out|    1|   ap_memory|                          acc_24|         array|
|acc_24_d0          |  out|   16|   ap_memory|                          acc_24|         array|
|acc_24_address1    |  out|    1|   ap_memory|                          acc_24|         array|
|acc_24_ce1         |  out|    1|   ap_memory|                          acc_24|         array|
|acc_24_q1          |   in|   16|   ap_memory|                          acc_24|         array|
|acc_23_address0    |  out|    1|   ap_memory|                          acc_23|         array|
|acc_23_ce0         |  out|    1|   ap_memory|                          acc_23|         array|
|acc_23_we0         |  out|    1|   ap_memory|                          acc_23|         array|
|acc_23_d0          |  out|   16|   ap_memory|                          acc_23|         array|
|acc_23_address1    |  out|    1|   ap_memory|                          acc_23|         array|
|acc_23_ce1         |  out|    1|   ap_memory|                          acc_23|         array|
|acc_23_q1          |   in|   16|   ap_memory|                          acc_23|         array|
|acc_22_address0    |  out|    1|   ap_memory|                          acc_22|         array|
|acc_22_ce0         |  out|    1|   ap_memory|                          acc_22|         array|
|acc_22_we0         |  out|    1|   ap_memory|                          acc_22|         array|
|acc_22_d0          |  out|   16|   ap_memory|                          acc_22|         array|
|acc_22_address1    |  out|    1|   ap_memory|                          acc_22|         array|
|acc_22_ce1         |  out|    1|   ap_memory|                          acc_22|         array|
|acc_22_q1          |   in|   16|   ap_memory|                          acc_22|         array|
|acc_21_address0    |  out|    1|   ap_memory|                          acc_21|         array|
|acc_21_ce0         |  out|    1|   ap_memory|                          acc_21|         array|
|acc_21_we0         |  out|    1|   ap_memory|                          acc_21|         array|
|acc_21_d0          |  out|   16|   ap_memory|                          acc_21|         array|
|acc_21_address1    |  out|    1|   ap_memory|                          acc_21|         array|
|acc_21_ce1         |  out|    1|   ap_memory|                          acc_21|         array|
|acc_21_q1          |   in|   16|   ap_memory|                          acc_21|         array|
|acc_20_address0    |  out|    1|   ap_memory|                          acc_20|         array|
|acc_20_ce0         |  out|    1|   ap_memory|                          acc_20|         array|
|acc_20_we0         |  out|    1|   ap_memory|                          acc_20|         array|
|acc_20_d0          |  out|   16|   ap_memory|                          acc_20|         array|
|acc_20_address1    |  out|    1|   ap_memory|                          acc_20|         array|
|acc_20_ce1         |  out|    1|   ap_memory|                          acc_20|         array|
|acc_20_q1          |   in|   16|   ap_memory|                          acc_20|         array|
|acc_19_address0    |  out|    1|   ap_memory|                          acc_19|         array|
|acc_19_ce0         |  out|    1|   ap_memory|                          acc_19|         array|
|acc_19_we0         |  out|    1|   ap_memory|                          acc_19|         array|
|acc_19_d0          |  out|   16|   ap_memory|                          acc_19|         array|
|acc_19_address1    |  out|    1|   ap_memory|                          acc_19|         array|
|acc_19_ce1         |  out|    1|   ap_memory|                          acc_19|         array|
|acc_19_q1          |   in|   16|   ap_memory|                          acc_19|         array|
|acc_18_address0    |  out|    1|   ap_memory|                          acc_18|         array|
|acc_18_ce0         |  out|    1|   ap_memory|                          acc_18|         array|
|acc_18_we0         |  out|    1|   ap_memory|                          acc_18|         array|
|acc_18_d0          |  out|   16|   ap_memory|                          acc_18|         array|
|acc_18_address1    |  out|    1|   ap_memory|                          acc_18|         array|
|acc_18_ce1         |  out|    1|   ap_memory|                          acc_18|         array|
|acc_18_q1          |   in|   16|   ap_memory|                          acc_18|         array|
|acc_17_address0    |  out|    1|   ap_memory|                          acc_17|         array|
|acc_17_ce0         |  out|    1|   ap_memory|                          acc_17|         array|
|acc_17_we0         |  out|    1|   ap_memory|                          acc_17|         array|
|acc_17_d0          |  out|   16|   ap_memory|                          acc_17|         array|
|acc_17_address1    |  out|    1|   ap_memory|                          acc_17|         array|
|acc_17_ce1         |  out|    1|   ap_memory|                          acc_17|         array|
|acc_17_q1          |   in|   16|   ap_memory|                          acc_17|         array|
|acc_16_address0    |  out|    1|   ap_memory|                          acc_16|         array|
|acc_16_ce0         |  out|    1|   ap_memory|                          acc_16|         array|
|acc_16_we0         |  out|    1|   ap_memory|                          acc_16|         array|
|acc_16_d0          |  out|   16|   ap_memory|                          acc_16|         array|
|acc_16_address1    |  out|    1|   ap_memory|                          acc_16|         array|
|acc_16_ce1         |  out|    1|   ap_memory|                          acc_16|         array|
|acc_16_q1          |   in|   16|   ap_memory|                          acc_16|         array|
|acc_15_address0    |  out|    1|   ap_memory|                          acc_15|         array|
|acc_15_ce0         |  out|    1|   ap_memory|                          acc_15|         array|
|acc_15_we0         |  out|    1|   ap_memory|                          acc_15|         array|
|acc_15_d0          |  out|   16|   ap_memory|                          acc_15|         array|
|acc_15_address1    |  out|    1|   ap_memory|                          acc_15|         array|
|acc_15_ce1         |  out|    1|   ap_memory|                          acc_15|         array|
|acc_15_q1          |   in|   16|   ap_memory|                          acc_15|         array|
|acc_14_address0    |  out|    1|   ap_memory|                          acc_14|         array|
|acc_14_ce0         |  out|    1|   ap_memory|                          acc_14|         array|
|acc_14_we0         |  out|    1|   ap_memory|                          acc_14|         array|
|acc_14_d0          |  out|   16|   ap_memory|                          acc_14|         array|
|acc_14_address1    |  out|    1|   ap_memory|                          acc_14|         array|
|acc_14_ce1         |  out|    1|   ap_memory|                          acc_14|         array|
|acc_14_q1          |   in|   16|   ap_memory|                          acc_14|         array|
|acc_13_address0    |  out|    1|   ap_memory|                          acc_13|         array|
|acc_13_ce0         |  out|    1|   ap_memory|                          acc_13|         array|
|acc_13_we0         |  out|    1|   ap_memory|                          acc_13|         array|
|acc_13_d0          |  out|   16|   ap_memory|                          acc_13|         array|
|acc_13_address1    |  out|    1|   ap_memory|                          acc_13|         array|
|acc_13_ce1         |  out|    1|   ap_memory|                          acc_13|         array|
|acc_13_q1          |   in|   16|   ap_memory|                          acc_13|         array|
|acc_12_address0    |  out|    1|   ap_memory|                          acc_12|         array|
|acc_12_ce0         |  out|    1|   ap_memory|                          acc_12|         array|
|acc_12_we0         |  out|    1|   ap_memory|                          acc_12|         array|
|acc_12_d0          |  out|   16|   ap_memory|                          acc_12|         array|
|acc_12_address1    |  out|    1|   ap_memory|                          acc_12|         array|
|acc_12_ce1         |  out|    1|   ap_memory|                          acc_12|         array|
|acc_12_q1          |   in|   16|   ap_memory|                          acc_12|         array|
|acc_11_address0    |  out|    1|   ap_memory|                          acc_11|         array|
|acc_11_ce0         |  out|    1|   ap_memory|                          acc_11|         array|
|acc_11_we0         |  out|    1|   ap_memory|                          acc_11|         array|
|acc_11_d0          |  out|   16|   ap_memory|                          acc_11|         array|
|acc_11_address1    |  out|    1|   ap_memory|                          acc_11|         array|
|acc_11_ce1         |  out|    1|   ap_memory|                          acc_11|         array|
|acc_11_q1          |   in|   16|   ap_memory|                          acc_11|         array|
|acc_10_address0    |  out|    1|   ap_memory|                          acc_10|         array|
|acc_10_ce0         |  out|    1|   ap_memory|                          acc_10|         array|
|acc_10_we0         |  out|    1|   ap_memory|                          acc_10|         array|
|acc_10_d0          |  out|   16|   ap_memory|                          acc_10|         array|
|acc_10_address1    |  out|    1|   ap_memory|                          acc_10|         array|
|acc_10_ce1         |  out|    1|   ap_memory|                          acc_10|         array|
|acc_10_q1          |   in|   16|   ap_memory|                          acc_10|         array|
|acc_9_address0     |  out|    1|   ap_memory|                           acc_9|         array|
|acc_9_ce0          |  out|    1|   ap_memory|                           acc_9|         array|
|acc_9_we0          |  out|    1|   ap_memory|                           acc_9|         array|
|acc_9_d0           |  out|   16|   ap_memory|                           acc_9|         array|
|acc_9_address1     |  out|    1|   ap_memory|                           acc_9|         array|
|acc_9_ce1          |  out|    1|   ap_memory|                           acc_9|         array|
|acc_9_q1           |   in|   16|   ap_memory|                           acc_9|         array|
|acc_8_address0     |  out|    1|   ap_memory|                           acc_8|         array|
|acc_8_ce0          |  out|    1|   ap_memory|                           acc_8|         array|
|acc_8_we0          |  out|    1|   ap_memory|                           acc_8|         array|
|acc_8_d0           |  out|   16|   ap_memory|                           acc_8|         array|
|acc_8_address1     |  out|    1|   ap_memory|                           acc_8|         array|
|acc_8_ce1          |  out|    1|   ap_memory|                           acc_8|         array|
|acc_8_q1           |   in|   16|   ap_memory|                           acc_8|         array|
|acc_7_address0     |  out|    1|   ap_memory|                           acc_7|         array|
|acc_7_ce0          |  out|    1|   ap_memory|                           acc_7|         array|
|acc_7_we0          |  out|    1|   ap_memory|                           acc_7|         array|
|acc_7_d0           |  out|   16|   ap_memory|                           acc_7|         array|
|acc_7_address1     |  out|    1|   ap_memory|                           acc_7|         array|
|acc_7_ce1          |  out|    1|   ap_memory|                           acc_7|         array|
|acc_7_q1           |   in|   16|   ap_memory|                           acc_7|         array|
|acc_6_address0     |  out|    1|   ap_memory|                           acc_6|         array|
|acc_6_ce0          |  out|    1|   ap_memory|                           acc_6|         array|
|acc_6_we0          |  out|    1|   ap_memory|                           acc_6|         array|
|acc_6_d0           |  out|   16|   ap_memory|                           acc_6|         array|
|acc_6_address1     |  out|    1|   ap_memory|                           acc_6|         array|
|acc_6_ce1          |  out|    1|   ap_memory|                           acc_6|         array|
|acc_6_q1           |   in|   16|   ap_memory|                           acc_6|         array|
|acc_5_address0     |  out|    1|   ap_memory|                           acc_5|         array|
|acc_5_ce0          |  out|    1|   ap_memory|                           acc_5|         array|
|acc_5_we0          |  out|    1|   ap_memory|                           acc_5|         array|
|acc_5_d0           |  out|   16|   ap_memory|                           acc_5|         array|
|acc_5_address1     |  out|    1|   ap_memory|                           acc_5|         array|
|acc_5_ce1          |  out|    1|   ap_memory|                           acc_5|         array|
|acc_5_q1           |   in|   16|   ap_memory|                           acc_5|         array|
|acc_4_address0     |  out|    1|   ap_memory|                           acc_4|         array|
|acc_4_ce0          |  out|    1|   ap_memory|                           acc_4|         array|
|acc_4_we0          |  out|    1|   ap_memory|                           acc_4|         array|
|acc_4_d0           |  out|   16|   ap_memory|                           acc_4|         array|
|acc_4_address1     |  out|    1|   ap_memory|                           acc_4|         array|
|acc_4_ce1          |  out|    1|   ap_memory|                           acc_4|         array|
|acc_4_q1           |   in|   16|   ap_memory|                           acc_4|         array|
|acc_3_address0     |  out|    1|   ap_memory|                           acc_3|         array|
|acc_3_ce0          |  out|    1|   ap_memory|                           acc_3|         array|
|acc_3_we0          |  out|    1|   ap_memory|                           acc_3|         array|
|acc_3_d0           |  out|   16|   ap_memory|                           acc_3|         array|
|acc_3_address1     |  out|    1|   ap_memory|                           acc_3|         array|
|acc_3_ce1          |  out|    1|   ap_memory|                           acc_3|         array|
|acc_3_q1           |   in|   16|   ap_memory|                           acc_3|         array|
|acc_2_address0     |  out|    1|   ap_memory|                           acc_2|         array|
|acc_2_ce0          |  out|    1|   ap_memory|                           acc_2|         array|
|acc_2_we0          |  out|    1|   ap_memory|                           acc_2|         array|
|acc_2_d0           |  out|   16|   ap_memory|                           acc_2|         array|
|acc_2_address1     |  out|    1|   ap_memory|                           acc_2|         array|
|acc_2_ce1          |  out|    1|   ap_memory|                           acc_2|         array|
|acc_2_q1           |   in|   16|   ap_memory|                           acc_2|         array|
|acc_1_address0     |  out|    1|   ap_memory|                           acc_1|         array|
|acc_1_ce0          |  out|    1|   ap_memory|                           acc_1|         array|
|acc_1_we0          |  out|    1|   ap_memory|                           acc_1|         array|
|acc_1_d0           |  out|   16|   ap_memory|                           acc_1|         array|
|acc_1_address1     |  out|    1|   ap_memory|                           acc_1|         array|
|acc_1_ce1          |  out|    1|   ap_memory|                           acc_1|         array|
|acc_1_q1           |   in|   16|   ap_memory|                           acc_1|         array|
|acc_address0       |  out|    1|   ap_memory|                             acc|         array|
|acc_ce0            |  out|    1|   ap_memory|                             acc|         array|
|acc_we0            |  out|    1|   ap_memory|                             acc|         array|
|acc_d0             |  out|   16|   ap_memory|                             acc|         array|
|acc_address1       |  out|    1|   ap_memory|                             acc|         array|
|acc_ce1            |  out|    1|   ap_memory|                             acc|         array|
|acc_q1             |   in|   16|   ap_memory|                             acc|         array|
|h_buf_address0     |  out|    1|   ap_memory|                           h_buf|         array|
|h_buf_ce0          |  out|    1|   ap_memory|                           h_buf|         array|
|h_buf_q0           |   in|    8|   ap_memory|                           h_buf|         array|
|a                  |   in|    8|     ap_none|                               a|        scalar|
|h_buf_1_address0   |  out|    1|   ap_memory|                         h_buf_1|         array|
|h_buf_1_ce0        |  out|    1|   ap_memory|                         h_buf_1|         array|
|h_buf_1_q0         |   in|    8|   ap_memory|                         h_buf_1|         array|
|h_buf_2_address0   |  out|    1|   ap_memory|                         h_buf_2|         array|
|h_buf_2_ce0        |  out|    1|   ap_memory|                         h_buf_2|         array|
|h_buf_2_q0         |   in|    8|   ap_memory|                         h_buf_2|         array|
|h_buf_3_address0   |  out|    1|   ap_memory|                         h_buf_3|         array|
|h_buf_3_ce0        |  out|    1|   ap_memory|                         h_buf_3|         array|
|h_buf_3_q0         |   in|    8|   ap_memory|                         h_buf_3|         array|
|h_buf_4_address0   |  out|    1|   ap_memory|                         h_buf_4|         array|
|h_buf_4_ce0        |  out|    1|   ap_memory|                         h_buf_4|         array|
|h_buf_4_q0         |   in|    8|   ap_memory|                         h_buf_4|         array|
|h_buf_5_address0   |  out|    1|   ap_memory|                         h_buf_5|         array|
|h_buf_5_ce0        |  out|    1|   ap_memory|                         h_buf_5|         array|
|h_buf_5_q0         |   in|    8|   ap_memory|                         h_buf_5|         array|
|h_buf_6_address0   |  out|    1|   ap_memory|                         h_buf_6|         array|
|h_buf_6_ce0        |  out|    1|   ap_memory|                         h_buf_6|         array|
|h_buf_6_q0         |   in|    8|   ap_memory|                         h_buf_6|         array|
|h_buf_7_address0   |  out|    1|   ap_memory|                         h_buf_7|         array|
|h_buf_7_ce0        |  out|    1|   ap_memory|                         h_buf_7|         array|
|h_buf_7_q0         |   in|    8|   ap_memory|                         h_buf_7|         array|
|h_buf_8_address0   |  out|    1|   ap_memory|                         h_buf_8|         array|
|h_buf_8_ce0        |  out|    1|   ap_memory|                         h_buf_8|         array|
|h_buf_8_q0         |   in|    8|   ap_memory|                         h_buf_8|         array|
|h_buf_9_address0   |  out|    1|   ap_memory|                         h_buf_9|         array|
|h_buf_9_ce0        |  out|    1|   ap_memory|                         h_buf_9|         array|
|h_buf_9_q0         |   in|    8|   ap_memory|                         h_buf_9|         array|
|h_buf_10_address0  |  out|    1|   ap_memory|                        h_buf_10|         array|
|h_buf_10_ce0       |  out|    1|   ap_memory|                        h_buf_10|         array|
|h_buf_10_q0        |   in|    8|   ap_memory|                        h_buf_10|         array|
|h_buf_11_address0  |  out|    1|   ap_memory|                        h_buf_11|         array|
|h_buf_11_ce0       |  out|    1|   ap_memory|                        h_buf_11|         array|
|h_buf_11_q0        |   in|    8|   ap_memory|                        h_buf_11|         array|
|h_buf_12_address0  |  out|    1|   ap_memory|                        h_buf_12|         array|
|h_buf_12_ce0       |  out|    1|   ap_memory|                        h_buf_12|         array|
|h_buf_12_q0        |   in|    8|   ap_memory|                        h_buf_12|         array|
|h_buf_13_address0  |  out|    1|   ap_memory|                        h_buf_13|         array|
|h_buf_13_ce0       |  out|    1|   ap_memory|                        h_buf_13|         array|
|h_buf_13_q0        |   in|    8|   ap_memory|                        h_buf_13|         array|
|h_buf_14_address0  |  out|    1|   ap_memory|                        h_buf_14|         array|
|h_buf_14_ce0       |  out|    1|   ap_memory|                        h_buf_14|         array|
|h_buf_14_q0        |   in|    8|   ap_memory|                        h_buf_14|         array|
|h_buf_15_address0  |  out|    1|   ap_memory|                        h_buf_15|         array|
|h_buf_15_ce0       |  out|    1|   ap_memory|                        h_buf_15|         array|
|h_buf_15_q0        |   in|    8|   ap_memory|                        h_buf_15|         array|
|h_buf_16_address0  |  out|    1|   ap_memory|                        h_buf_16|         array|
|h_buf_16_ce0       |  out|    1|   ap_memory|                        h_buf_16|         array|
|h_buf_16_q0        |   in|    8|   ap_memory|                        h_buf_16|         array|
|h_buf_17_address0  |  out|    1|   ap_memory|                        h_buf_17|         array|
|h_buf_17_ce0       |  out|    1|   ap_memory|                        h_buf_17|         array|
|h_buf_17_q0        |   in|    8|   ap_memory|                        h_buf_17|         array|
|h_buf_18_address0  |  out|    1|   ap_memory|                        h_buf_18|         array|
|h_buf_18_ce0       |  out|    1|   ap_memory|                        h_buf_18|         array|
|h_buf_18_q0        |   in|    8|   ap_memory|                        h_buf_18|         array|
|h_buf_19_address0  |  out|    1|   ap_memory|                        h_buf_19|         array|
|h_buf_19_ce0       |  out|    1|   ap_memory|                        h_buf_19|         array|
|h_buf_19_q0        |   in|    8|   ap_memory|                        h_buf_19|         array|
|h_buf_20_address0  |  out|    1|   ap_memory|                        h_buf_20|         array|
|h_buf_20_ce0       |  out|    1|   ap_memory|                        h_buf_20|         array|
|h_buf_20_q0        |   in|    8|   ap_memory|                        h_buf_20|         array|
|h_buf_21_address0  |  out|    1|   ap_memory|                        h_buf_21|         array|
|h_buf_21_ce0       |  out|    1|   ap_memory|                        h_buf_21|         array|
|h_buf_21_q0        |   in|    8|   ap_memory|                        h_buf_21|         array|
|h_buf_22_address0  |  out|    1|   ap_memory|                        h_buf_22|         array|
|h_buf_22_ce0       |  out|    1|   ap_memory|                        h_buf_22|         array|
|h_buf_22_q0        |   in|    8|   ap_memory|                        h_buf_22|         array|
|h_buf_23_address0  |  out|    1|   ap_memory|                        h_buf_23|         array|
|h_buf_23_ce0       |  out|    1|   ap_memory|                        h_buf_23|         array|
|h_buf_23_q0        |   in|    8|   ap_memory|                        h_buf_23|         array|
|h_buf_24_address0  |  out|    1|   ap_memory|                        h_buf_24|         array|
|h_buf_24_ce0       |  out|    1|   ap_memory|                        h_buf_24|         array|
|h_buf_24_q0        |   in|    8|   ap_memory|                        h_buf_24|         array|
|h_buf_25_address0  |  out|    1|   ap_memory|                        h_buf_25|         array|
|h_buf_25_ce0       |  out|    1|   ap_memory|                        h_buf_25|         array|
|h_buf_25_q0        |   in|    8|   ap_memory|                        h_buf_25|         array|
|h_buf_26_address0  |  out|    1|   ap_memory|                        h_buf_26|         array|
|h_buf_26_ce0       |  out|    1|   ap_memory|                        h_buf_26|         array|
|h_buf_26_q0        |   in|    8|   ap_memory|                        h_buf_26|         array|
|h_buf_27_address0  |  out|    1|   ap_memory|                        h_buf_27|         array|
|h_buf_27_ce0       |  out|    1|   ap_memory|                        h_buf_27|         array|
|h_buf_27_q0        |   in|    8|   ap_memory|                        h_buf_27|         array|
|h_buf_28_address0  |  out|    1|   ap_memory|                        h_buf_28|         array|
|h_buf_28_ce0       |  out|    1|   ap_memory|                        h_buf_28|         array|
|h_buf_28_q0        |   in|    8|   ap_memory|                        h_buf_28|         array|
|h_buf_29_address0  |  out|    1|   ap_memory|                        h_buf_29|         array|
|h_buf_29_ce0       |  out|    1|   ap_memory|                        h_buf_29|         array|
|h_buf_29_q0        |   in|    8|   ap_memory|                        h_buf_29|         array|
|h_buf_30_address0  |  out|    1|   ap_memory|                        h_buf_30|         array|
|h_buf_30_ce0       |  out|    1|   ap_memory|                        h_buf_30|         array|
|h_buf_30_q0        |   in|    8|   ap_memory|                        h_buf_30|         array|
|h_buf_31_address0  |  out|    1|   ap_memory|                        h_buf_31|         array|
|h_buf_31_ce0       |  out|    1|   ap_memory|                        h_buf_31|         array|
|h_buf_31_q0        |   in|    8|   ap_memory|                        h_buf_31|         array|
+-------------------+-----+-----+------------+--------------------------------+--------------+

