

================================================================
== Vitis HLS Report for 'spmm_load_csr_Pipeline_LOAD_ROWS'
================================================================
* Date:           Thu Apr 16 10:08:45 2026

* Version:        2025.2 (Build 6295257 on Nov 14 2025)
* Project:        integrated_gcn_approx
* Solution:       hls (Vivado IP Flow Target)
* Product family: zynquplus
* Target device:  xck26-sfvc784-2LV-c


================================================================
== Performance Estimates
================================================================
+ Timing: 
    * Summary: 
    +--------+----------+----------+------------+
    |  Clock |  Target  | Estimated| Uncertainty|
    +--------+----------+----------+------------+
    |ap_clk  |  10.00 ns|  7.300 ns|     2.70 ns|
    +--------+----------+----------+------------+

+ Latency: 
    * Summary: 
    +---------+---------+-----------+-----------+-----+-----+-------------------+
    |  Latency (cycles) |   Latency (absolute)  |  Interval |      Pipeline     |
    |   min   |   max   |    min    |    max    | min | max |        Type       |
    +---------+---------+-----------+-----------+-----+-----+-------------------+
    |     2711|     2711|  27.110 us|  27.110 us|    0|    0|  loop pipeline stp|
    +---------+---------+-----------+-----------+-----+-----+-------------------+

    + Detail: 
        * Instance: 
        N/A

        * Loop: 
        +-------------+---------+---------+----------+-----------+-----------+------+----------+
        |             |  Latency (cycles) | Iteration|  Initiation Interval  | Trip |          |
        |  Loop Name  |   min   |   max   |  Latency |  achieved |   target  | Count| Pipelined|
        +-------------+---------+---------+----------+-----------+-----------+------+----------+
        |- LOAD_ROWS  |     2709|     2709|         3|          1|          1|  2708|       yes|
        +-------------+---------+---------+----------+-----------+-----------+------+----------+



================================================================
== Utilization Estimates
================================================================
* Summary: 
+-----------------+---------+------+--------+--------+-----+
|       Name      | BRAM_18K|  DSP |   FF   |   LUT  | URAM|
+-----------------+---------+------+--------+--------+-----+
|DSP              |        -|     -|       -|       -|    -|
|Expression       |        -|     -|       0|      42|    -|
|FIFO             |        -|     -|       -|       -|    -|
|Instance         |        -|     -|       -|       -|    -|
|Memory           |        -|     -|       -|       -|    -|
|Multiplexer      |        -|     -|       0|      54|    -|
|Register         |        -|     -|      49|       -|    -|
+-----------------+---------+------+--------+--------+-----+
|Total            |        0|     0|      49|      96|    0|
+-----------------+---------+------+--------+--------+-----+
|Available        |      288|  1248|  234240|  117120|   64|
+-----------------+---------+------+--------+--------+-----+
|Utilization (%)  |        0|     0|      ~0|      ~0|    0|
+-----------------+---------+------+--------+--------+-----+

+ Detail: 
    * Instance: 
    N/A

    * DSP: 
    N/A

    * Memory: 
    N/A

    * FIFO: 
    N/A

    * Expression: 
    +--------------------------------+----------+----+---+----+------------+------------+
    |          Variable Name         | Operation| DSP| FF| LUT| Bitwidth P0| Bitwidth P1|
    +--------------------------------+----------+----+---+----+------------+------------+
    |add_ln202_fu_96_p2              |         +|   0|  0|  19|          12|           1|
    |icmp_ln202_fu_90_p2             |      icmp|   0|  0|  19|          12|          12|
    |ap_block_pp0_stage0_01001_grp1  |        or|   0|  0|   2|           1|           1|
    |ap_enable_pp0                   |       xor|   0|  0|   2|           1|           2|
    +--------------------------------+----------+----+---+----+------------+------------+
    |Total                           |          |   0|  0|  42|          26|          16|
    +--------------------------------+----------+----+---+----+------------+------------+

    * Multiplexer: 
    +-------------------------+----+-----------+-----+-----------+
    |           Name          | LUT| Input Size| Bits| Total Bits|
    +-------------------------+----+-----------+-----+-----------+
    |ap_done_int              |   9|          2|    1|          2|
    |ap_enable_reg_pp0_iter1  |   9|          2|    1|          2|
    |ap_sig_allocacmp_i_1     |   9|          2|   12|         24|
    |gmem3_blk_n_R            |   9|          2|    1|          2|
    |i_fu_56                  |   9|          2|   12|         24|
    |row_fifo_blk_n           |   9|          2|    1|          2|
    +-------------------------+----+-----------+-----+-----------+
    |Total                    |  54|         12|   28|         56|
    +-------------------------+----+-----------+-----+-----------+

    * Register: 
    +----------------------------------+----+----+-----+-----------+
    |               Name               | FF | LUT| Bits| Const Bits|
    +----------------------------------+----+----+-----+-----------+
    |ap_CS_fsm                         |   1|   0|    1|          0|
    |ap_done_reg                       |   1|   0|    1|          0|
    |ap_enable_reg_pp0_iter1           |   1|   0|    1|          0|
    |ap_enable_reg_pp0_iter2           |   1|   0|    1|          0|
    |ap_loop_exit_ready_pp0_iter1_reg  |   1|   0|    1|          0|
    |gmem3_addr_read_reg_129           |  32|   0|   32|          0|
    |i_fu_56                           |  12|   0|   12|          0|
    +----------------------------------+----+----+-----+-----------+
    |Total                             |  49|   0|   49|          0|
    +----------------------------------+----+----+-----+-----------+



================================================================
== Interface
================================================================
* Summary: 
+-------------------------+-----+-----+------------+----------------------------------+--------------+
|        RTL Ports        | Dir | Bits|  Protocol  |           Source Object          |    C Type    |
+-------------------------+-----+-----+------------+----------------------------------+--------------+
|ap_clk                   |   in|    1|  ap_ctrl_hs|  spmm_load_csr_Pipeline_LOAD_ROWS|  return value|
|ap_rst                   |   in|    1|  ap_ctrl_hs|  spmm_load_csr_Pipeline_LOAD_ROWS|  return value|
|ap_start                 |   in|    1|  ap_ctrl_hs|  spmm_load_csr_Pipeline_LOAD_ROWS|  return value|
|ap_done                  |  out|    1|  ap_ctrl_hs|  spmm_load_csr_Pipeline_LOAD_ROWS|  return value|
|ap_idle                  |  out|    1|  ap_ctrl_hs|  spmm_load_csr_Pipeline_LOAD_ROWS|  return value|
|ap_ready                 |  out|    1|  ap_ctrl_hs|  spmm_load_csr_Pipeline_LOAD_ROWS|  return value|
|m_axi_gmem3_0_AWVALID    |  out|    1|       m_axi|                             gmem3|       pointer|
|m_axi_gmem3_0_AWREADY    |   in|    1|       m_axi|                             gmem3|       pointer|
|m_axi_gmem3_0_AWADDR     |  out|   64|       m_axi|                             gmem3|       pointer|
|m_axi_gmem3_0_AWID       |  out|    1|       m_axi|                             gmem3|       pointer|
|m_axi_gmem3_0_AWLEN      |  out|   32|       m_axi|                             gmem3|       pointer|
|m_axi_gmem3_0_AWSIZE     |  out|    3|       m_axi|                             gmem3|       pointer|
|m_axi_gmem3_0_AWBURST    |  out|    2|       m_axi|                             gmem3|       pointer|
|m_axi_gmem3_0_AWLOCK     |  out|    2|       m_axi|                             gmem3|       pointer|
|m_axi_gmem3_0_AWCACHE    |  out|    4|       m_axi|                             gmem3|       pointer|
|m_axi_gmem3_0_AWPROT     |  out|    3|       m_axi|                             gmem3|       pointer|
|m_axi_gmem3_0_AWQOS      |  out|    4|       m_axi|                             gmem3|       pointer|
|m_axi_gmem3_0_AWREGION   |  out|    4|       m_axi|                             gmem3|       pointer|
|m_axi_gmem3_0_AWUSER     |  out|    1|       m_axi|                             gmem3|       pointer|
|m_axi_gmem3_0_WVALID     |  out|    1|       m_axi|                             gmem3|       pointer|
|m_axi_gmem3_0_WREADY     |   in|    1|       m_axi|                             gmem3|       pointer|
|m_axi_gmem3_0_WDATA      |  out|   32|       m_axi|                             gmem3|       pointer|
|m_axi_gmem3_0_WSTRB      |  out|    4|       m_axi|                             gmem3|       pointer|
|m_axi_gmem3_0_WLAST      |  out|    1|       m_axi|                             gmem3|       pointer|
|m_axi_gmem3_0_WID        |  out|    1|       m_axi|                             gmem3|       pointer|
|m_axi_gmem3_0_WUSER      |  out|    1|       m_axi|                             gmem3|       pointer|
|m_axi_gmem3_0_ARVALID    |  out|    1|       m_axi|                             gmem3|       pointer|
|m_axi_gmem3_0_ARREADY    |   in|    1|       m_axi|                             gmem3|       pointer|
|m_axi_gmem3_0_ARADDR     |  out|   64|       m_axi|                             gmem3|       pointer|
|m_axi_gmem3_0_ARID       |  out|    1|       m_axi|                             gmem3|       pointer|
|m_axi_gmem3_0_ARLEN      |  out|   32|       m_axi|                             gmem3|       pointer|
|m_axi_gmem3_0_ARSIZE     |  out|    3|       m_axi|                             gmem3|       pointer|
|m_axi_gmem3_0_ARBURST    |  out|    2|       m_axi|                             gmem3|       pointer|
|m_axi_gmem3_0_ARLOCK     |  out|    2|       m_axi|                             gmem3|       pointer|
|m_axi_gmem3_0_ARCACHE    |  out|    4|       m_axi|                             gmem3|       pointer|
|m_axi_gmem3_0_ARPROT     |  out|    3|       m_axi|                             gmem3|       pointer|
|m_axi_gmem3_0_ARQOS      |  out|    4|       m_axi|                             gmem3|       pointer|
|m_axi_gmem3_0_ARREGION   |  out|    4|       m_axi|                             gmem3|       pointer|
|m_axi_gmem3_0_ARUSER     |  out|    1|       m_axi|                             gmem3|       pointer|
|m_axi_gmem3_0_RVALID     |   in|    1|       m_axi|                             gmem3|       pointer|
|m_axi_gmem3_0_RREADY     |  out|    1|       m_axi|                             gmem3|       pointer|
|m_axi_gmem3_0_RDATA      |   in|   32|       m_axi|                             gmem3|       pointer|
|m_axi_gmem3_0_RLAST      |   in|    1|       m_axi|                             gmem3|       pointer|
|m_axi_gmem3_0_RID        |   in|    1|       m_axi|                             gmem3|       pointer|
|m_axi_gmem3_0_RFIFONUM   |   in|    9|       m_axi|                             gmem3|       pointer|
|m_axi_gmem3_0_RUSER      |   in|    1|       m_axi|                             gmem3|       pointer|
|m_axi_gmem3_0_RRESP      |   in|    2|       m_axi|                             gmem3|       pointer|
|m_axi_gmem3_0_BVALID     |   in|    1|       m_axi|                             gmem3|       pointer|
|m_axi_gmem3_0_BREADY     |  out|    1|       m_axi|                             gmem3|       pointer|
|m_axi_gmem3_0_BRESP      |   in|    2|       m_axi|                             gmem3|       pointer|
|m_axi_gmem3_0_BID        |   in|    1|       m_axi|                             gmem3|       pointer|
|m_axi_gmem3_0_BUSER      |   in|    1|       m_axi|                             gmem3|       pointer|
|row_fifo_din             |  out|   32|     ap_fifo|                          row_fifo|       pointer|
|row_fifo_full_n          |   in|    1|     ap_fifo|                          row_fifo|       pointer|
|row_fifo_write           |  out|    1|     ap_fifo|                          row_fifo|       pointer|
|row_fifo_num_data_valid  |   in|    5|     ap_fifo|                          row_fifo|       pointer|
|row_fifo_fifo_cap        |   in|    5|     ap_fifo|                          row_fifo|       pointer|
|sext_ln202               |   in|   62|   ap_stable|                        sext_ln202|        scalar|
+-------------------------+-----+-----+------------+----------------------------------+--------------+

