Copyright 1986-2022 Xilinx, Inc. All Rights Reserved. Copyright 2022-2025 Advanced Micro Devices, Inc. All Rights Reserved.
---------------------------------------------------------------------------------------------------------------------------------------------
| Tool Version : Vivado v.2025.2 (lin64) Build 6299465 Fri Nov 14 12:34:56 MST 2025
| Date         : Thu Apr 16 11:44:07 2026
| Host         : nat-Yoga-Pro-9-16IAH10 running 64-bit Ubuntu 24.04.3 LTS
| Command      : report_utilization -file bd_0_wrapper_utilization_placed.rpt -pb bd_0_wrapper_utilization_placed.pb
| Design       : bd_0_wrapper
| Device       : xck26-sfvc784-2LV-c
| Speed File   : -2LV
| Design State : Fully Placed
---------------------------------------------------------------------------------------------------------------------------------------------

Utilization Design Information

Table of Contents
-----------------
1. CLB Logic
1.1 Summary of Registers by Type
2. CLB Logic Distribution
3. BLOCKRAM
4. ARITHMETIC
5. I/O
6. CLOCK
7. ADVANCED
8. CONFIGURATION
9. Primitives
10. Black Boxes
11. Instantiated Netlists

1. CLB Logic
------------

+----------------------------+-------+-------+------------+-----------+-------+
|          Site Type         |  Used | Fixed | Prohibited | Available | Util% |
+----------------------------+-------+-------+------------+-----------+-------+
| CLB LUTs                   | 29886 |     0 |          0 |    117120 | 25.52 |
|   LUT as Logic             | 17782 |     0 |          0 |    117120 | 15.18 |
|   LUT as Memory            | 12104 |     0 |          0 |     57600 | 21.01 |
|     LUT as Distributed RAM | 10496 |     0 |            |           |       |
|     LUT as Shift Register  |  1608 |     0 |            |           |       |
| CLB Registers              | 35295 |     0 |          0 |    234240 | 15.07 |
|   Register as Flip Flop    | 35295 |     0 |          0 |    234240 | 15.07 |
|   Register as Latch        |     0 |     0 |          0 |    234240 |  0.00 |
| CARRY8                     |   445 |     0 |          0 |     14640 |  3.04 |
| F7 Muxes                   |   223 |     0 |          0 |     58560 |  0.38 |
| F8 Muxes                   |    65 |     0 |          0 |     29280 |  0.22 |
| F9 Muxes                   |     0 |     0 |          0 |     14640 |  0.00 |
| Unique Control Sets        |   545 |       |          0 |     29280 |  1.86 |
+----------------------------+-------+-------+------------+-----------+-------+
* Warning! LUT value is adjusted to account for LUT combining.
** Note: Available Control Sets calculated as Slices * 2, Review the Control Sets Report for more information regarding control sets.


1.1 Summary of Registers by Type
--------------------------------

+-------+--------------+-------------+--------------+
| Total | Clock Enable | Synchronous | Asynchronous |
+-------+--------------+-------------+--------------+
| 0     |            _ |           - |            - |
| 0     |            _ |           - |          Set |
| 0     |            _ |           - |        Reset |
| 0     |            _ |         Set |            - |
| 0     |            _ |       Reset |            - |
| 0     |          Yes |           - |            - |
| 0     |          Yes |           - |          Set |
| 0     |          Yes |           - |        Reset |
| 76    |          Yes |         Set |            - |
| 35219 |          Yes |       Reset |            - |
+-------+--------------+-------------+--------------+


2. CLB Logic Distribution
-------------------------

+--------------------------------------------+-------+-------+------------+-----------+-------+
|                  Site Type                 |  Used | Fixed | Prohibited | Available | Util% |
+--------------------------------------------+-------+-------+------------+-----------+-------+
| CLB                                        |  6693 |     0 |          0 |     14640 | 45.72 |
|   CLBL                                     |  3275 |     0 |            |           |       |
|   CLBM                                     |  3418 |     0 |            |           |       |
| LUT as Logic                               | 17782 |     0 |          0 |    117120 | 15.18 |
|   using O5 output only                     |   104 |       |            |           |       |
|   using O6 output only                     | 10046 |       |            |           |       |
|   using O5 and O6                          |  7632 |       |            |           |       |
| LUT as Memory                              | 12104 |     0 |          0 |     57600 | 21.01 |
|   LUT as Distributed RAM                   | 10496 |     0 |            |           |       |
|     using O5 output only                   |     0 |       |            |           |       |
|     using O6 output only                   |   192 |       |            |           |       |
|     using O5 and O6                        | 10304 |       |            |           |       |
|   LUT as Shift Register                    |  1608 |     0 |            |           |       |
|     using O5 output only                   |     0 |       |            |           |       |
|     using O6 output only                   |  1262 |       |            |           |       |
|     using O5 and O6                        |   346 |       |            |           |       |
| CLB Registers                              | 35295 |     0 |          0 |    234240 | 15.07 |
|   Register driven from within the CLB      | 11513 |       |            |           |       |
|   Register driven from outside the CLB     | 23782 |       |            |           |       |
|     LUT in front of the register is unused | 16781 |       |            |           |       |
|     LUT in front of the register is used   |  7001 |       |            |           |       |
+--------------------------------------------+-------+-------+------------+-----------+-------+


3. BLOCKRAM
-----------

+-------------------+------+-------+------------+-----------+-------+
|     Site Type     | Used | Fixed | Prohibited | Available | Util% |
+-------------------+------+-------+------------+-----------+-------+
| Block RAM Tile    | 24.5 |     0 |          0 |       144 | 17.01 |
|   RAMB36/FIFO*    |   21 |     0 |          0 |       144 | 14.58 |
|     RAMB36E2 only |   21 |       |            |           |       |
|   RAMB18          |    7 |     0 |          0 |       288 |  2.43 |
|     RAMB18E2 only |    7 |       |            |           |       |
| URAM              |    0 |     0 |          0 |        64 |  0.00 |
+-------------------+------+-------+------------+-----------+-------+
* Note: Each Block RAM Tile only has one FIFO logic available and therefore can accommodate only one FIFO36E2 or one FIFO18E2. However, if a FIFO18E2 occupies a Block RAM Tile, that tile can still accommodate a RAMB18E2


4. ARITHMETIC
-------------

+----------------+------+-------+------------+-----------+-------+
|    Site Type   | Used | Fixed | Prohibited | Available | Util% |
+----------------+------+-------+------------+-----------+-------+
| DSPs           |  322 |     0 |          0 |      1248 | 25.80 |
|   DSP48E2 only |  322 |       |            |           |       |
+----------------+------+-------+------------+-----------+-------+


5. I/O
------

+------------------+------+-------+------------+-----------+-------+
|     Site Type    | Used | Fixed | Prohibited | Available | Util% |
+------------------+------+-------+------------+-----------+-------+
| Bonded IOB       |    0 |     0 |          0 |       189 |  0.00 |
|   HPIOB_M        |    0 |     0 |          0 |        58 |  0.00 |
|   HPIOB_S        |    0 |     0 |          0 |        58 |  0.00 |
|   HDIOB_M        |    0 |     0 |          0 |        35 |  0.00 |
|   HDIOB_S        |    0 |     0 |          0 |        35 |  0.00 |
|   HPIOB_SNGL     |    0 |     0 |          0 |         3 |  0.00 |
| HPIOBDIFFINBUF   |    0 |     0 |          0 |        82 |  0.00 |
| HPIOBDIFFOUTBUF  |    0 |     0 |          0 |        82 |  0.00 |
| HDIOBDIFFINBUF   |    0 |     0 |          0 |        35 |  0.00 |
| BITSLICE_CONTROL |    0 |     0 |          0 |        32 |  0.00 |
| BITSLICE_RX_TX   |    0 |     0 |          0 |      1248 |  0.00 |
| BITSLICE_TX      |    0 |     0 |          0 |        32 |  0.00 |
| RIU_OR           |    0 |     0 |          0 |        16 |  0.00 |
+------------------+------+-------+------------+-----------+-------+


6. CLOCK
--------

+------------+------+-------+------------+-----------+-------+
|  Site Type | Used | Fixed | Prohibited | Available | Util% |
+------------+------+-------+------------+-----------+-------+
| BUFGCE     |    3 |     0 |          0 |       112 |  2.68 |
| BUFGCE_DIV |    0 |     0 |          0 |        16 |  0.00 |
| BUFG_GT    |    0 |     0 |          0 |        96 |  0.00 |
| BUFG_PS    |    0 |     0 |          0 |        96 |  0.00 |
| BUFGCTRL*  |    0 |     0 |          0 |        32 |  0.00 |
| PLL        |    0 |     0 |          0 |         8 |  0.00 |
| MMCM       |    0 |     0 |          0 |         4 |  0.00 |
+------------+------+-------+------------+-----------+-------+
* Note: Each used BUFGCTRL counts as two GLOBAL CLOCK BUFFERs. This table does not include global clocking resources, only buffer cell usage. See the Clock Utilization Report (report_clock_utilization) for detailed accounting of global clocking resource availability.


7. ADVANCED
-----------

+-----------------+------+-------+------------+-----------+-------+
|    Site Type    | Used | Fixed | Prohibited | Available | Util% |
+-----------------+------+-------+------------+-----------+-------+
| GTHE4_CHANNEL   |    0 |     0 |          0 |         4 |  0.00 |
| GTHE4_COMMON    |    0 |     0 |          0 |         1 |  0.00 |
| OBUFDS_GTE4     |    0 |     0 |          0 |         2 |  0.00 |
| OBUFDS_GTE4_ADV |    0 |     0 |          0 |         2 |  0.00 |
| PCIE40E4        |    0 |     0 |          0 |         2 |  0.00 |
| PS8             |    0 |     0 |          0 |         1 |  0.00 |
| SYSMONE4        |    0 |     0 |          0 |         1 |  0.00 |
| VCU             |    0 |     0 |          0 |         1 |  0.00 |
+-----------------+------+-------+------------+-----------+-------+


8. CONFIGURATION
----------------

+-------------+------+-------+------------+-----------+-------+
|  Site Type  | Used | Fixed | Prohibited | Available | Util% |
+-------------+------+-------+------------+-----------+-------+
| BSCANE2     |    0 |     0 |          0 |         4 |  0.00 |
| DNA_PORTE2  |    0 |     0 |          0 |         1 |  0.00 |
| EFUSE_USR   |    0 |     0 |          0 |         1 |  0.00 |
| FRAME_ECCE4 |    0 |     0 |          0 |         1 |  0.00 |
| ICAPE3      |    0 |     0 |          0 |         2 |  0.00 |
| MASTER_JTAG |    0 |     0 |          0 |         1 |  0.00 |
| STARTUPE3   |    0 |     0 |          0 |         1 |  0.00 |
+-------------+------+-------+------------+-----------+-------+


9. Primitives
-------------

+----------+-------+---------------------+
| Ref Name |  Used | Functional Category |
+----------+-------+---------------------+
| FDRE     | 35219 |            Register |
| RAMD32   | 19986 |                 CLB |
| LUT2     | 11128 |                 CLB |
| LUT4     |  6033 |                 CLB |
| LUT6     |  3985 |                 CLB |
| LUT3     |  3099 |                 CLB |
| SRLC32E  |  1168 |                 CLB |
| LUT5     |   893 |                 CLB |
| SRL16E   |   786 |                 CLB |
| RAMS32   |   734 |                 CLB |
| CARRY8   |   445 |                 CLB |
| DSP48E2  |   322 |          Arithmetic |
| LUT1     |   276 |                 CLB |
| MUXF7    |   223 |                 CLB |
| RAMD64E  |    80 |                 CLB |
| FDSE     |    76 |            Register |
| MUXF8    |    65 |                 CLB |
| RAMB36E2 |    21 |            BLOCKRAM |
| RAMB18E2 |     7 |            BLOCKRAM |
| BUFGCE   |     3 |               Clock |
+----------+-------+---------------------+


10. Black Boxes
---------------

+----------+------+
| Ref Name | Used |
+----------+------+


11. Instantiated Netlists
-------------------------

+-----------------+------+
|     Ref Name    | Used |
+-----------------+------+
| bd_0_hls_inst_0 |    1 |
+-----------------+------+


