

================================================================
== Vitis HLS Report for 'spmm_compute_Pipeline_SPMM_INIT'
================================================================
* Date:           Wed Apr 15 14:24:43 2026

* Version:        2025.2 (Build 6295257 on Nov 14 2025)
* Project:        spmm_stage
* Solution:       hls (Vivado IP Flow Target)
* Product family: zynquplus
* Target device:  xck26-sfvc784-2LV-c


================================================================
== Performance Estimates
================================================================
+ Timing: 
    * Summary: 
    +--------+----------+----------+------------+
    |  Clock |  Target  | Estimated| Uncertainty|
    +--------+----------+----------+------------+
    |ap_clk  |  10.00 ns|  1.627 ns|     2.70 ns|
    +--------+----------+----------+------------+

+ Latency: 
    * Summary: 
    +---------+---------+-----------+-----------+-----+-----+-------------------+
    |  Latency (cycles) |   Latency (absolute)  |  Interval |      Pipeline     |
    |   min   |   max   |    min    |    max    | min | max |        Type       |
    +---------+---------+-----------+-----------+-----+-----+-------------------+
    |        4|        4|  40.000 ns|  40.000 ns|    0|    0|  loop pipeline stp|
    +---------+---------+-----------+-----------+-----+-----+-------------------+

    + Detail: 
        * Instance: 
        N/A

        * Loop: 
        +-------------+---------+---------+----------+-----------+-----------+------+----------+
        |             |  Latency (cycles) | Iteration|  Initiation Interval  | Trip |          |
        |  Loop Name  |   min   |   max   |  Latency |  achieved |   target  | Count| Pipelined|
        +-------------+---------+---------+----------+-----------+-----------+------+----------+
        |- SPMM_INIT  |        2|        2|         1|          1|          1|     2|       yes|
        +-------------+---------+---------+----------+-----------+-----------+------+----------+

============================================================
+ Verbose Summary: Synthesis Manager
============================================================
InlineROM: 1
ExposeGlobal: 0
============================================================
+ Verbose Summary: CDFG Model
============================================================
IsTopModel: 0
ResetActiveHigh: 1
IsCombinational: 0
IsDatapathOnly: 0
HasWiredReturn: 1
HasMFsm: 2
HasVarLatency: 1
IsPipeline: 0
IsRtlPipelined: 0
IsInstanceOverlapped: 0
IsDontTouch: 0
HasImplIP: 0
IsGatedGlobalClock: 0

+ Individual pipeline summary: 
  * Pipeline-0: initiation interval (II) = 1, depth = 1


============================================================
+ Verbose Summary: Schedule
============================================================
* Number of FSM states : 1
* Pipeline : 1
  Pipeline-0 : II = 1, D = 1, States = { 1 }
* Dataflow Pipeline: 0

* FSM state transitions: 
1 --> 

* FSM state operations: 

State 1 <SV = 0> <Delay = 1.62>
ST_1 : Operation 4 [1/1] (0.00ns)   --->   "%f = alloca i32 1" [src/integrated-gcn/spmm_stage.cpp:48]   --->   Operation 4 'alloca' 'f' <Predicate = true> <Delay = 0.00>
ST_1 : Operation 5 [1/1] (0.42ns)   --->   "%store_ln48 = store i7 0, i7 %f" [src/integrated-gcn/spmm_stage.cpp:48]   --->   Operation 5 'store' 'store_ln48' <Predicate = true> <Delay = 0.42>
ST_1 : Operation 6 [1/1] (0.00ns)   --->   "%br_ln0 = br void %for.body4"   --->   Operation 6 'br' 'br_ln0' <Predicate = true> <Delay = 0.00>
ST_1 : Operation 7 [1/1] (0.00ns)   --->   "%f_4 = load i7 %f" [src/integrated-gcn/spmm_stage.cpp:48]   --->   Operation 7 'load' 'f_4' <Predicate = true> <Delay = 0.00>
ST_1 : Operation 8 [1/1] (0.00ns)   --->   "%tmp = bitselect i1 @_ssdm_op_BitSelect.i1.i7.i32, i7 %f_4, i32 6" [src/integrated-gcn/spmm_stage.cpp:48]   --->   Operation 8 'bitselect' 'tmp' <Predicate = true> <Delay = 0.00>
ST_1 : Operation 9 [1/1] (0.00ns)   --->   "%br_ln48 = br i1 %tmp, void %for.body4.split, void %SPMM_LOAD_H.preheader.exitStub" [src/integrated-gcn/spmm_stage.cpp:48]   --->   Operation 9 'br' 'br_ln48' <Predicate = true> <Delay = 0.00>
ST_1 : Operation 10 [1/1] (0.00ns)   --->   "%specpipeline_ln49 = specpipeline void @_ssdm_op_SpecPipeline, i32 1, i32 0, i32 0, i32 0, i32 4294967295, void @empty_7" [src/integrated-gcn/spmm_stage.cpp:49]   --->   Operation 10 'specpipeline' 'specpipeline_ln49' <Predicate = (!tmp)> <Delay = 0.00>
ST_1 : Operation 11 [1/1] (0.00ns)   --->   "%speclooptripcount_ln48 = speclooptripcount void @_ssdm_op_SpecLoopTripCount, i64 2, i64 2, i64 2" [src/integrated-gcn/spmm_stage.cpp:48]   --->   Operation 11 'speclooptripcount' 'speclooptripcount_ln48' <Predicate = (!tmp)> <Delay = 0.00>
ST_1 : Operation 12 [1/1] (0.00ns)   --->   "%specloopname_ln48 = specloopname void @_ssdm_op_SpecLoopName, void @empty_10" [src/integrated-gcn/spmm_stage.cpp:48]   --->   Operation 12 'specloopname' 'specloopname_ln48' <Predicate = (!tmp)> <Delay = 0.00>
ST_1 : Operation 13 [1/1] (0.00ns)   --->   "%tmp_2 = bitselect i1 @_ssdm_op_BitSelect.i1.i7.i32, i7 %f_4, i32 5" [src/integrated-gcn/spmm_stage.cpp:48]   --->   Operation 13 'bitselect' 'tmp_2' <Predicate = (!tmp)> <Delay = 0.00>
ST_1 : Operation 14 [1/1] (0.00ns)   --->   "%zext_ln48 = zext i1 %tmp_2" [src/integrated-gcn/spmm_stage.cpp:48]   --->   Operation 14 'zext' 'zext_ln48' <Predicate = (!tmp)> <Delay = 0.00>
ST_1 : Operation 15 [1/1] (0.00ns)   --->   "%acc_addr = getelementptr i32 %acc, i64 0, i64 %zext_ln48" [src/integrated-gcn/spmm_stage.cpp:51]   --->   Operation 15 'getelementptr' 'acc_addr' <Predicate = (!tmp)> <Delay = 0.00>
ST_1 : Operation 16 [1/1] (0.00ns)   --->   "%acc_1_addr = getelementptr i32 %acc_1, i64 0, i64 %zext_ln48" [src/integrated-gcn/spmm_stage.cpp:51]   --->   Operation 16 'getelementptr' 'acc_1_addr' <Predicate = (!tmp)> <Delay = 0.00>
ST_1 : Operation 17 [1/1] (0.00ns)   --->   "%acc_2_addr = getelementptr i32 %acc_2, i64 0, i64 %zext_ln48" [src/integrated-gcn/spmm_stage.cpp:51]   --->   Operation 17 'getelementptr' 'acc_2_addr' <Predicate = (!tmp)> <Delay = 0.00>
ST_1 : Operation 18 [1/1] (0.00ns)   --->   "%acc_3_addr = getelementptr i32 %acc_3, i64 0, i64 %zext_ln48" [src/integrated-gcn/spmm_stage.cpp:51]   --->   Operation 18 'getelementptr' 'acc_3_addr' <Predicate = (!tmp)> <Delay = 0.00>
ST_1 : Operation 19 [1/1] (0.00ns)   --->   "%acc_4_addr = getelementptr i32 %acc_4, i64 0, i64 %zext_ln48" [src/integrated-gcn/spmm_stage.cpp:51]   --->   Operation 19 'getelementptr' 'acc_4_addr' <Predicate = (!tmp)> <Delay = 0.00>
ST_1 : Operation 20 [1/1] (0.00ns)   --->   "%acc_5_addr = getelementptr i32 %acc_5, i64 0, i64 %zext_ln48" [src/integrated-gcn/spmm_stage.cpp:51]   --->   Operation 20 'getelementptr' 'acc_5_addr' <Predicate = (!tmp)> <Delay = 0.00>
ST_1 : Operation 21 [1/1] (0.00ns)   --->   "%acc_6_addr = getelementptr i32 %acc_6, i64 0, i64 %zext_ln48" [src/integrated-gcn/spmm_stage.cpp:51]   --->   Operation 21 'getelementptr' 'acc_6_addr' <Predicate = (!tmp)> <Delay = 0.00>
ST_1 : Operation 22 [1/1] (0.00ns)   --->   "%acc_7_addr = getelementptr i32 %acc_7, i64 0, i64 %zext_ln48" [src/integrated-gcn/spmm_stage.cpp:51]   --->   Operation 22 'getelementptr' 'acc_7_addr' <Predicate = (!tmp)> <Delay = 0.00>
ST_1 : Operation 23 [1/1] (0.00ns)   --->   "%acc_8_addr = getelementptr i32 %acc_8, i64 0, i64 %zext_ln48" [src/integrated-gcn/spmm_stage.cpp:51]   --->   Operation 23 'getelementptr' 'acc_8_addr' <Predicate = (!tmp)> <Delay = 0.00>
ST_1 : Operation 24 [1/1] (0.00ns)   --->   "%acc_9_addr = getelementptr i32 %acc_9, i64 0, i64 %zext_ln48" [src/integrated-gcn/spmm_stage.cpp:51]   --->   Operation 24 'getelementptr' 'acc_9_addr' <Predicate = (!tmp)> <Delay = 0.00>
ST_1 : Operation 25 [1/1] (0.00ns)   --->   "%acc_10_addr = getelementptr i32 %acc_10, i64 0, i64 %zext_ln48" [src/integrated-gcn/spmm_stage.cpp:51]   --->   Operation 25 'getelementptr' 'acc_10_addr' <Predicate = (!tmp)> <Delay = 0.00>
ST_1 : Operation 26 [1/1] (0.00ns)   --->   "%acc_11_addr = getelementptr i32 %acc_11, i64 0, i64 %zext_ln48" [src/integrated-gcn/spmm_stage.cpp:51]   --->   Operation 26 'getelementptr' 'acc_11_addr' <Predicate = (!tmp)> <Delay = 0.00>
ST_1 : Operation 27 [1/1] (0.00ns)   --->   "%acc_12_addr = getelementptr i32 %acc_12, i64 0, i64 %zext_ln48" [src/integrated-gcn/spmm_stage.cpp:51]   --->   Operation 27 'getelementptr' 'acc_12_addr' <Predicate = (!tmp)> <Delay = 0.00>
ST_1 : Operation 28 [1/1] (0.00ns)   --->   "%acc_13_addr = getelementptr i32 %acc_13, i64 0, i64 %zext_ln48" [src/integrated-gcn/spmm_stage.cpp:51]   --->   Operation 28 'getelementptr' 'acc_13_addr' <Predicate = (!tmp)> <Delay = 0.00>
ST_1 : Operation 29 [1/1] (0.00ns)   --->   "%acc_14_addr = getelementptr i32 %acc_14, i64 0, i64 %zext_ln48" [src/integrated-gcn/spmm_stage.cpp:51]   --->   Operation 29 'getelementptr' 'acc_14_addr' <Predicate = (!tmp)> <Delay = 0.00>
ST_1 : Operation 30 [1/1] (0.00ns)   --->   "%acc_15_addr = getelementptr i32 %acc_15, i64 0, i64 %zext_ln48" [src/integrated-gcn/spmm_stage.cpp:51]   --->   Operation 30 'getelementptr' 'acc_15_addr' <Predicate = (!tmp)> <Delay = 0.00>
ST_1 : Operation 31 [1/1] (0.00ns)   --->   "%acc_16_addr = getelementptr i32 %acc_16, i64 0, i64 %zext_ln48" [src/integrated-gcn/spmm_stage.cpp:51]   --->   Operation 31 'getelementptr' 'acc_16_addr' <Predicate = (!tmp)> <Delay = 0.00>
ST_1 : Operation 32 [1/1] (0.00ns)   --->   "%acc_17_addr = getelementptr i32 %acc_17, i64 0, i64 %zext_ln48" [src/integrated-gcn/spmm_stage.cpp:51]   --->   Operation 32 'getelementptr' 'acc_17_addr' <Predicate = (!tmp)> <Delay = 0.00>
ST_1 : Operation 33 [1/1] (0.00ns)   --->   "%acc_18_addr = getelementptr i32 %acc_18, i64 0, i64 %zext_ln48" [src/integrated-gcn/spmm_stage.cpp:51]   --->   Operation 33 'getelementptr' 'acc_18_addr' <Predicate = (!tmp)> <Delay = 0.00>
ST_1 : Operation 34 [1/1] (0.00ns)   --->   "%acc_19_addr = getelementptr i32 %acc_19, i64 0, i64 %zext_ln48" [src/integrated-gcn/spmm_stage.cpp:51]   --->   Operation 34 'getelementptr' 'acc_19_addr' <Predicate = (!tmp)> <Delay = 0.00>
ST_1 : Operation 35 [1/1] (0.00ns)   --->   "%acc_20_addr = getelementptr i32 %acc_20, i64 0, i64 %zext_ln48" [src/integrated-gcn/spmm_stage.cpp:51]   --->   Operation 35 'getelementptr' 'acc_20_addr' <Predicate = (!tmp)> <Delay = 0.00>
ST_1 : Operation 36 [1/1] (0.00ns)   --->   "%acc_21_addr = getelementptr i32 %acc_21, i64 0, i64 %zext_ln48" [src/integrated-gcn/spmm_stage.cpp:51]   --->   Operation 36 'getelementptr' 'acc_21_addr' <Predicate = (!tmp)> <Delay = 0.00>
ST_1 : Operation 37 [1/1] (0.00ns)   --->   "%acc_22_addr = getelementptr i32 %acc_22, i64 0, i64 %zext_ln48" [src/integrated-gcn/spmm_stage.cpp:51]   --->   Operation 37 'getelementptr' 'acc_22_addr' <Predicate = (!tmp)> <Delay = 0.00>
ST_1 : Operation 38 [1/1] (0.00ns)   --->   "%acc_23_addr = getelementptr i32 %acc_23, i64 0, i64 %zext_ln48" [src/integrated-gcn/spmm_stage.cpp:51]   --->   Operation 38 'getelementptr' 'acc_23_addr' <Predicate = (!tmp)> <Delay = 0.00>
ST_1 : Operation 39 [1/1] (0.00ns)   --->   "%acc_24_addr = getelementptr i32 %acc_24, i64 0, i64 %zext_ln48" [src/integrated-gcn/spmm_stage.cpp:51]   --->   Operation 39 'getelementptr' 'acc_24_addr' <Predicate = (!tmp)> <Delay = 0.00>
ST_1 : Operation 40 [1/1] (0.00ns)   --->   "%acc_25_addr = getelementptr i32 %acc_25, i64 0, i64 %zext_ln48" [src/integrated-gcn/spmm_stage.cpp:51]   --->   Operation 40 'getelementptr' 'acc_25_addr' <Predicate = (!tmp)> <Delay = 0.00>
ST_1 : Operation 41 [1/1] (0.00ns)   --->   "%acc_26_addr = getelementptr i32 %acc_26, i64 0, i64 %zext_ln48" [src/integrated-gcn/spmm_stage.cpp:51]   --->   Operation 41 'getelementptr' 'acc_26_addr' <Predicate = (!tmp)> <Delay = 0.00>
ST_1 : Operation 42 [1/1] (0.00ns)   --->   "%acc_27_addr = getelementptr i32 %acc_27, i64 0, i64 %zext_ln48" [src/integrated-gcn/spmm_stage.cpp:51]   --->   Operation 42 'getelementptr' 'acc_27_addr' <Predicate = (!tmp)> <Delay = 0.00>
ST_1 : Operation 43 [1/1] (0.00ns)   --->   "%acc_28_addr = getelementptr i32 %acc_28, i64 0, i64 %zext_ln48" [src/integrated-gcn/spmm_stage.cpp:51]   --->   Operation 43 'getelementptr' 'acc_28_addr' <Predicate = (!tmp)> <Delay = 0.00>
ST_1 : Operation 44 [1/1] (0.00ns)   --->   "%acc_29_addr = getelementptr i32 %acc_29, i64 0, i64 %zext_ln48" [src/integrated-gcn/spmm_stage.cpp:51]   --->   Operation 44 'getelementptr' 'acc_29_addr' <Predicate = (!tmp)> <Delay = 0.00>
ST_1 : Operation 45 [1/1] (0.00ns)   --->   "%acc_30_addr = getelementptr i32 %acc_30, i64 0, i64 %zext_ln48" [src/integrated-gcn/spmm_stage.cpp:51]   --->   Operation 45 'getelementptr' 'acc_30_addr' <Predicate = (!tmp)> <Delay = 0.00>
ST_1 : Operation 46 [1/1] (0.00ns)   --->   "%acc_31_addr = getelementptr i32 %acc_31, i64 0, i64 %zext_ln48" [src/integrated-gcn/spmm_stage.cpp:51]   --->   Operation 46 'getelementptr' 'acc_31_addr' <Predicate = (!tmp)> <Delay = 0.00>
ST_1 : Operation 47 [1/1] ( I:0.67ns O:0.67ns )   --->   "%store_ln51 = store i32 0, i1 %acc_addr" [src/integrated-gcn/spmm_stage.cpp:51]   --->   Operation 47 'store' 'store_ln51' <Predicate = (!tmp)> <Delay = 0.67> <CoreInst = "RAM">   --->   Core 82 'RAM' <Latency = 1> <II = 1> <Delay = 0.67> <Storage> <Opcode : 'load' 'store'> <Ports = 2> <Width = 32> <Depth = 2> <RAM>
ST_1 : Operation 48 [1/1] ( I:0.67ns O:0.67ns )   --->   "%store_ln51 = store i32 0, i1 %acc_1_addr" [src/integrated-gcn/spmm_stage.cpp:51]   --->   Operation 48 'store' 'store_ln51' <Predicate = (!tmp)> <Delay = 0.67> <CoreInst = "RAM">   --->   Core 82 'RAM' <Latency = 1> <II = 1> <Delay = 0.67> <Storage> <Opcode : 'load' 'store'> <Ports = 2> <Width = 32> <Depth = 2> <RAM>
ST_1 : Operation 49 [1/1] ( I:0.67ns O:0.67ns )   --->   "%store_ln51 = store i32 0, i1 %acc_2_addr" [src/integrated-gcn/spmm_stage.cpp:51]   --->   Operation 49 'store' 'store_ln51' <Predicate = (!tmp)> <Delay = 0.67> <CoreInst = "RAM">   --->   Core 82 'RAM' <Latency = 1> <II = 1> <Delay = 0.67> <Storage> <Opcode : 'load' 'store'> <Ports = 2> <Width = 32> <Depth = 2> <RAM>
ST_1 : Operation 50 [1/1] ( I:0.67ns O:0.67ns )   --->   "%store_ln51 = store i32 0, i1 %acc_3_addr" [src/integrated-gcn/spmm_stage.cpp:51]   --->   Operation 50 'store' 'store_ln51' <Predicate = (!tmp)> <Delay = 0.67> <CoreInst = "RAM">   --->   Core 82 'RAM' <Latency = 1> <II = 1> <Delay = 0.67> <Storage> <Opcode : 'load' 'store'> <Ports = 2> <Width = 32> <Depth = 2> <RAM>
ST_1 : Operation 51 [1/1] ( I:0.67ns O:0.67ns )   --->   "%store_ln51 = store i32 0, i1 %acc_4_addr" [src/integrated-gcn/spmm_stage.cpp:51]   --->   Operation 51 'store' 'store_ln51' <Predicate = (!tmp)> <Delay = 0.67> <CoreInst = "RAM">   --->   Core 82 'RAM' <Latency = 1> <II = 1> <Delay = 0.67> <Storage> <Opcode : 'load' 'store'> <Ports = 2> <Width = 32> <Depth = 2> <RAM>
ST_1 : Operation 52 [1/1] ( I:0.67ns O:0.67ns )   --->   "%store_ln51 = store i32 0, i1 %acc_5_addr" [src/integrated-gcn/spmm_stage.cpp:51]   --->   Operation 52 'store' 'store_ln51' <Predicate = (!tmp)> <Delay = 0.67> <CoreInst = "RAM">   --->   Core 82 'RAM' <Latency = 1> <II = 1> <Delay = 0.67> <Storage> <Opcode : 'load' 'store'> <Ports = 2> <Width = 32> <Depth = 2> <RAM>
ST_1 : Operation 53 [1/1] ( I:0.67ns O:0.67ns )   --->   "%store_ln51 = store i32 0, i1 %acc_6_addr" [src/integrated-gcn/spmm_stage.cpp:51]   --->   Operation 53 'store' 'store_ln51' <Predicate = (!tmp)> <Delay = 0.67> <CoreInst = "RAM">   --->   Core 82 'RAM' <Latency = 1> <II = 1> <Delay = 0.67> <Storage> <Opcode : 'load' 'store'> <Ports = 2> <Width = 32> <Depth = 2> <RAM>
ST_1 : Operation 54 [1/1] ( I:0.67ns O:0.67ns )   --->   "%store_ln51 = store i32 0, i1 %acc_7_addr" [src/integrated-gcn/spmm_stage.cpp:51]   --->   Operation 54 'store' 'store_ln51' <Predicate = (!tmp)> <Delay = 0.67> <CoreInst = "RAM">   --->   Core 82 'RAM' <Latency = 1> <II = 1> <Delay = 0.67> <Storage> <Opcode : 'load' 'store'> <Ports = 2> <Width = 32> <Depth = 2> <RAM>
ST_1 : Operation 55 [1/1] ( I:0.67ns O:0.67ns )   --->   "%store_ln51 = store i32 0, i1 %acc_8_addr" [src/integrated-gcn/spmm_stage.cpp:51]   --->   Operation 55 'store' 'store_ln51' <Predicate = (!tmp)> <Delay = 0.67> <CoreInst = "RAM">   --->   Core 82 'RAM' <Latency = 1> <II = 1> <Delay = 0.67> <Storage> <Opcode : 'load' 'store'> <Ports = 2> <Width = 32> <Depth = 2> <RAM>
ST_1 : Operation 56 [1/1] ( I:0.67ns O:0.67ns )   --->   "%store_ln51 = store i32 0, i1 %acc_9_addr" [src/integrated-gcn/spmm_stage.cpp:51]   --->   Operation 56 'store' 'store_ln51' <Predicate = (!tmp)> <Delay = 0.67> <CoreInst = "RAM">   --->   Core 82 'RAM' <Latency = 1> <II = 1> <Delay = 0.67> <Storage> <Opcode : 'load' 'store'> <Ports = 2> <Width = 32> <Depth = 2> <RAM>
ST_1 : Operation 57 [1/1] ( I:0.67ns O:0.67ns )   --->   "%store_ln51 = store i32 0, i1 %acc_10_addr" [src/integrated-gcn/spmm_stage.cpp:51]   --->   Operation 57 'store' 'store_ln51' <Predicate = (!tmp)> <Delay = 0.67> <CoreInst = "RAM">   --->   Core 82 'RAM' <Latency = 1> <II = 1> <Delay = 0.67> <Storage> <Opcode : 'load' 'store'> <Ports = 2> <Width = 32> <Depth = 2> <RAM>
ST_1 : Operation 58 [1/1] ( I:0.67ns O:0.67ns )   --->   "%store_ln51 = store i32 0, i1 %acc_11_addr" [src/integrated-gcn/spmm_stage.cpp:51]   --->   Operation 58 'store' 'store_ln51' <Predicate = (!tmp)> <Delay = 0.67> <CoreInst = "RAM">   --->   Core 82 'RAM' <Latency = 1> <II = 1> <Delay = 0.67> <Storage> <Opcode : 'load' 'store'> <Ports = 2> <Width = 32> <Depth = 2> <RAM>
ST_1 : Operation 59 [1/1] ( I:0.67ns O:0.67ns )   --->   "%store_ln51 = store i32 0, i1 %acc_12_addr" [src/integrated-gcn/spmm_stage.cpp:51]   --->   Operation 59 'store' 'store_ln51' <Predicate = (!tmp)> <Delay = 0.67> <CoreInst = "RAM">   --->   Core 82 'RAM' <Latency = 1> <II = 1> <Delay = 0.67> <Storage> <Opcode : 'load' 'store'> <Ports = 2> <Width = 32> <Depth = 2> <RAM>
ST_1 : Operation 60 [1/1] ( I:0.67ns O:0.67ns )   --->   "%store_ln51 = store i32 0, i1 %acc_13_addr" [src/integrated-gcn/spmm_stage.cpp:51]   --->   Operation 60 'store' 'store_ln51' <Predicate = (!tmp)> <Delay = 0.67> <CoreInst = "RAM">   --->   Core 82 'RAM' <Latency = 1> <II = 1> <Delay = 0.67> <Storage> <Opcode : 'load' 'store'> <Ports = 2> <Width = 32> <Depth = 2> <RAM>
ST_1 : Operation 61 [1/1] ( I:0.67ns O:0.67ns )   --->   "%store_ln51 = store i32 0, i1 %acc_14_addr" [src/integrated-gcn/spmm_stage.cpp:51]   --->   Operation 61 'store' 'store_ln51' <Predicate = (!tmp)> <Delay = 0.67> <CoreInst = "RAM">   --->   Core 82 'RAM' <Latency = 1> <II = 1> <Delay = 0.67> <Storage> <Opcode : 'load' 'store'> <Ports = 2> <Width = 32> <Depth = 2> <RAM>
ST_1 : Operation 62 [1/1] ( I:0.67ns O:0.67ns )   --->   "%store_ln51 = store i32 0, i1 %acc_15_addr" [src/integrated-gcn/spmm_stage.cpp:51]   --->   Operation 62 'store' 'store_ln51' <Predicate = (!tmp)> <Delay = 0.67> <CoreInst = "RAM">   --->   Core 82 'RAM' <Latency = 1> <II = 1> <Delay = 0.67> <Storage> <Opcode : 'load' 'store'> <Ports = 2> <Width = 32> <Depth = 2> <RAM>
ST_1 : Operation 63 [1/1] ( I:0.67ns O:0.67ns )   --->   "%store_ln51 = store i32 0, i1 %acc_16_addr" [src/integrated-gcn/spmm_stage.cpp:51]   --->   Operation 63 'store' 'store_ln51' <Predicate = (!tmp)> <Delay = 0.67> <CoreInst = "RAM">   --->   Core 82 'RAM' <Latency = 1> <II = 1> <Delay = 0.67> <Storage> <Opcode : 'load' 'store'> <Ports = 2> <Width = 32> <Depth = 2> <RAM>
ST_1 : Operation 64 [1/1] ( I:0.67ns O:0.67ns )   --->   "%store_ln51 = store i32 0, i1 %acc_17_addr" [src/integrated-gcn/spmm_stage.cpp:51]   --->   Operation 64 'store' 'store_ln51' <Predicate = (!tmp)> <Delay = 0.67> <CoreInst = "RAM">   --->   Core 82 'RAM' <Latency = 1> <II = 1> <Delay = 0.67> <Storage> <Opcode : 'load' 'store'> <Ports = 2> <Width = 32> <Depth = 2> <RAM>
ST_1 : Operation 65 [1/1] ( I:0.67ns O:0.67ns )   --->   "%store_ln51 = store i32 0, i1 %acc_18_addr" [src/integrated-gcn/spmm_stage.cpp:51]   --->   Operation 65 'store' 'store_ln51' <Predicate = (!tmp)> <Delay = 0.67> <CoreInst = "RAM">   --->   Core 82 'RAM' <Latency = 1> <II = 1> <Delay = 0.67> <Storage> <Opcode : 'load' 'store'> <Ports = 2> <Width = 32> <Depth = 2> <RAM>
ST_1 : Operation 66 [1/1] ( I:0.67ns O:0.67ns )   --->   "%store_ln51 = store i32 0, i1 %acc_19_addr" [src/integrated-gcn/spmm_stage.cpp:51]   --->   Operation 66 'store' 'store_ln51' <Predicate = (!tmp)> <Delay = 0.67> <CoreInst = "RAM">   --->   Core 82 'RAM' <Latency = 1> <II = 1> <Delay = 0.67> <Storage> <Opcode : 'load' 'store'> <Ports = 2> <Width = 32> <Depth = 2> <RAM>
ST_1 : Operation 67 [1/1] ( I:0.67ns O:0.67ns )   --->   "%store_ln51 = store i32 0, i1 %acc_20_addr" [src/integrated-gcn/spmm_stage.cpp:51]   --->   Operation 67 'store' 'store_ln51' <Predicate = (!tmp)> <Delay = 0.67> <CoreInst = "RAM">   --->   Core 82 'RAM' <Latency = 1> <II = 1> <Delay = 0.67> <Storage> <Opcode : 'load' 'store'> <Ports = 2> <Width = 32> <Depth = 2> <RAM>
ST_1 : Operation 68 [1/1] ( I:0.67ns O:0.67ns )   --->   "%store_ln51 = store i32 0, i1 %acc_21_addr" [src/integrated-gcn/spmm_stage.cpp:51]   --->   Operation 68 'store' 'store_ln51' <Predicate = (!tmp)> <Delay = 0.67> <CoreInst = "RAM">   --->   Core 82 'RAM' <Latency = 1> <II = 1> <Delay = 0.67> <Storage> <Opcode : 'load' 'store'> <Ports = 2> <Width = 32> <Depth = 2> <RAM>
ST_1 : Operation 69 [1/1] ( I:0.67ns O:0.67ns )   --->   "%store_ln51 = store i32 0, i1 %acc_22_addr" [src/integrated-gcn/spmm_stage.cpp:51]   --->   Operation 69 'store' 'store_ln51' <Predicate = (!tmp)> <Delay = 0.67> <CoreInst = "RAM">   --->   Core 82 'RAM' <Latency = 1> <II = 1> <Delay = 0.67> <Storage> <Opcode : 'load' 'store'> <Ports = 2> <Width = 32> <Depth = 2> <RAM>
ST_1 : Operation 70 [1/1] ( I:0.67ns O:0.67ns )   --->   "%store_ln51 = store i32 0, i1 %acc_23_addr" [src/integrated-gcn/spmm_stage.cpp:51]   --->   Operation 70 'store' 'store_ln51' <Predicate = (!tmp)> <Delay = 0.67> <CoreInst = "RAM">   --->   Core 82 'RAM' <Latency = 1> <II = 1> <Delay = 0.67> <Storage> <Opcode : 'load' 'store'> <Ports = 2> <Width = 32> <Depth = 2> <RAM>
ST_1 : Operation 71 [1/1] ( I:0.67ns O:0.67ns )   --->   "%store_ln51 = store i32 0, i1 %acc_24_addr" [src/integrated-gcn/spmm_stage.cpp:51]   --->   Operation 71 'store' 'store_ln51' <Predicate = (!tmp)> <Delay = 0.67> <CoreInst = "RAM">   --->   Core 82 'RAM' <Latency = 1> <II = 1> <Delay = 0.67> <Storage> <Opcode : 'load' 'store'> <Ports = 2> <Width = 32> <Depth = 2> <RAM>
ST_1 : Operation 72 [1/1] ( I:0.67ns O:0.67ns )   --->   "%store_ln51 = store i32 0, i1 %acc_25_addr" [src/integrated-gcn/spmm_stage.cpp:51]   --->   Operation 72 'store' 'store_ln51' <Predicate = (!tmp)> <Delay = 0.67> <CoreInst = "RAM">   --->   Core 82 'RAM' <Latency = 1> <II = 1> <Delay = 0.67> <Storage> <Opcode : 'load' 'store'> <Ports = 2> <Width = 32> <Depth = 2> <RAM>
ST_1 : Operation 73 [1/1] ( I:0.67ns O:0.67ns )   --->   "%store_ln51 = store i32 0, i1 %acc_26_addr" [src/integrated-gcn/spmm_stage.cpp:51]   --->   Operation 73 'store' 'store_ln51' <Predicate = (!tmp)> <Delay = 0.67> <CoreInst = "RAM">   --->   Core 82 'RAM' <Latency = 1> <II = 1> <Delay = 0.67> <Storage> <Opcode : 'load' 'store'> <Ports = 2> <Width = 32> <Depth = 2> <RAM>
ST_1 : Operation 74 [1/1] ( I:0.67ns O:0.67ns )   --->   "%store_ln51 = store i32 0, i1 %acc_27_addr" [src/integrated-gcn/spmm_stage.cpp:51]   --->   Operation 74 'store' 'store_ln51' <Predicate = (!tmp)> <Delay = 0.67> <CoreInst = "RAM">   --->   Core 82 'RAM' <Latency = 1> <II = 1> <Delay = 0.67> <Storage> <Opcode : 'load' 'store'> <Ports = 2> <Width = 32> <Depth = 2> <RAM>
ST_1 : Operation 75 [1/1] ( I:0.67ns O:0.67ns )   --->   "%store_ln51 = store i32 0, i1 %acc_28_addr" [src/integrated-gcn/spmm_stage.cpp:51]   --->   Operation 75 'store' 'store_ln51' <Predicate = (!tmp)> <Delay = 0.67> <CoreInst = "RAM">   --->   Core 82 'RAM' <Latency = 1> <II = 1> <Delay = 0.67> <Storage> <Opcode : 'load' 'store'> <Ports = 2> <Width = 32> <Depth = 2> <RAM>
ST_1 : Operation 76 [1/1] ( I:0.67ns O:0.67ns )   --->   "%store_ln51 = store i32 0, i1 %acc_29_addr" [src/integrated-gcn/spmm_stage.cpp:51]   --->   Operation 76 'store' 'store_ln51' <Predicate = (!tmp)> <Delay = 0.67> <CoreInst = "RAM">   --->   Core 82 'RAM' <Latency = 1> <II = 1> <Delay = 0.67> <Storage> <Opcode : 'load' 'store'> <Ports = 2> <Width = 32> <Depth = 2> <RAM>
ST_1 : Operation 77 [1/1] ( I:0.67ns O:0.67ns )   --->   "%store_ln51 = store i32 0, i1 %acc_30_addr" [src/integrated-gcn/spmm_stage.cpp:51]   --->   Operation 77 'store' 'store_ln51' <Predicate = (!tmp)> <Delay = 0.67> <CoreInst = "RAM">   --->   Core 82 'RAM' <Latency = 1> <II = 1> <Delay = 0.67> <Storage> <Opcode : 'load' 'store'> <Ports = 2> <Width = 32> <Depth = 2> <RAM>
ST_1 : Operation 78 [1/1] ( I:0.67ns O:0.67ns )   --->   "%store_ln51 = store i32 0, i1 %acc_31_addr" [src/integrated-gcn/spmm_stage.cpp:51]   --->   Operation 78 'store' 'store_ln51' <Predicate = (!tmp)> <Delay = 0.67> <CoreInst = "RAM">   --->   Core 82 'RAM' <Latency = 1> <II = 1> <Delay = 0.67> <Storage> <Opcode : 'load' 'store'> <Ports = 2> <Width = 32> <Depth = 2> <RAM>
ST_1 : Operation 79 [1/1] (0.77ns)   --->   "%add_ln48 = add i7 %f_4, i7 32" [src/integrated-gcn/spmm_stage.cpp:48]   --->   Operation 79 'add' 'add_ln48' <Predicate = (!tmp)> <Delay = 0.77> <CoreInst = "Adder">   --->   Core 1 'Adder' <Latency = 0> <II = 1> <Delay = 0.77> <FuncUnit> <Opcode : 'add' 'sub'> <InPorts = 2> <OutPorts = 1>
ST_1 : Operation 80 [1/1] (0.42ns)   --->   "%store_ln48 = store i7 %add_ln48, i7 %f" [src/integrated-gcn/spmm_stage.cpp:48]   --->   Operation 80 'store' 'store_ln48' <Predicate = (!tmp)> <Delay = 0.42>
ST_1 : Operation 81 [1/1] (0.00ns)   --->   "%br_ln48 = br void %for.body4" [src/integrated-gcn/spmm_stage.cpp:48]   --->   Operation 81 'br' 'br_ln48' <Predicate = (!tmp)> <Delay = 0.00>
ST_1 : Operation 82 [1/1] (0.42ns)   --->   "%ret_ln0 = ret"   --->   Operation 82 'ret' 'ret_ln0' <Predicate = (tmp)> <Delay = 0.42>


============================================================
+ Verbose Summary: Binding
============================================================
STG Binding: 
---------------- STG Properties BEGIN ----------------
- Is combinational: 0
- Is one-state seq: 0
- Is datapath-only: 0
- Is pipelined: 0
- Is top level: 0
Port [ Return ] is wired: 1; IO mode=ap_ctrl_hs:ce=0
Port [ acc_31]:  wired=1; compound=1; hidden=0; nouse=0; global=0; static=0; extern=0; dir=1; type=1; pingpong=0; private_global=0; MemPort=[03]; IO mode=ap_memory:ce=0
Port [ acc_30]:  wired=1; compound=1; hidden=0; nouse=0; global=0; static=0; extern=0; dir=1; type=1; pingpong=0; private_global=0; MemPort=[03]; IO mode=ap_memory:ce=0
Port [ acc_29]:  wired=1; compound=1; hidden=0; nouse=0; global=0; static=0; extern=0; dir=1; type=1; pingpong=0; private_global=0; MemPort=[03]; IO mode=ap_memory:ce=0
Port [ acc_28]:  wired=1; compound=1; hidden=0; nouse=0; global=0; static=0; extern=0; dir=1; type=1; pingpong=0; private_global=0; MemPort=[03]; IO mode=ap_memory:ce=0
Port [ acc_27]:  wired=1; compound=1; hidden=0; nouse=0; global=0; static=0; extern=0; dir=1; type=1; pingpong=0; private_global=0; MemPort=[03]; IO mode=ap_memory:ce=0
Port [ acc_26]:  wired=1; compound=1; hidden=0; nouse=0; global=0; static=0; extern=0; dir=1; type=1; pingpong=0; private_global=0; MemPort=[03]; IO mode=ap_memory:ce=0
Port [ acc_25]:  wired=1; compound=1; hidden=0; nouse=0; global=0; static=0; extern=0; dir=1; type=1; pingpong=0; private_global=0; MemPort=[03]; IO mode=ap_memory:ce=0
Port [ acc_24]:  wired=1; compound=1; hidden=0; nouse=0; global=0; static=0; extern=0; dir=1; type=1; pingpong=0; private_global=0; MemPort=[03]; IO mode=ap_memory:ce=0
Port [ acc_23]:  wired=1; compound=1; hidden=0; nouse=0; global=0; static=0; extern=0; dir=1; type=1; pingpong=0; private_global=0; MemPort=[03]; IO mode=ap_memory:ce=0
Port [ acc_22]:  wired=1; compound=1; hidden=0; nouse=0; global=0; static=0; extern=0; dir=1; type=1; pingpong=0; private_global=0; MemPort=[03]; IO mode=ap_memory:ce=0
Port [ acc_21]:  wired=1; compound=1; hidden=0; nouse=0; global=0; static=0; extern=0; dir=1; type=1; pingpong=0; private_global=0; MemPort=[03]; IO mode=ap_memory:ce=0
Port [ acc_20]:  wired=1; compound=1; hidden=0; nouse=0; global=0; static=0; extern=0; dir=1; type=1; pingpong=0; private_global=0; MemPort=[03]; IO mode=ap_memory:ce=0
Port [ acc_19]:  wired=1; compound=1; hidden=0; nouse=0; global=0; static=0; extern=0; dir=1; type=1; pingpong=0; private_global=0; MemPort=[03]; IO mode=ap_memory:ce=0
Port [ acc_18]:  wired=1; compound=1; hidden=0; nouse=0; global=0; static=0; extern=0; dir=1; type=1; pingpong=0; private_global=0; MemPort=[03]; IO mode=ap_memory:ce=0
Port [ acc_17]:  wired=1; compound=1; hidden=0; nouse=0; global=0; static=0; extern=0; dir=1; type=1; pingpong=0; private_global=0; MemPort=[03]; IO mode=ap_memory:ce=0
Port [ acc_16]:  wired=1; compound=1; hidden=0; nouse=0; global=0; static=0; extern=0; dir=1; type=1; pingpong=0; private_global=0; MemPort=[03]; IO mode=ap_memory:ce=0
Port [ acc_15]:  wired=1; compound=1; hidden=0; nouse=0; global=0; static=0; extern=0; dir=1; type=1; pingpong=0; private_global=0; MemPort=[03]; IO mode=ap_memory:ce=0
Port [ acc_14]:  wired=1; compound=1; hidden=0; nouse=0; global=0; static=0; extern=0; dir=1; type=1; pingpong=0; private_global=0; MemPort=[03]; IO mode=ap_memory:ce=0
Port [ acc_13]:  wired=1; compound=1; hidden=0; nouse=0; global=0; static=0; extern=0; dir=1; type=1; pingpong=0; private_global=0; MemPort=[03]; IO mode=ap_memory:ce=0
Port [ acc_12]:  wired=1; compound=1; hidden=0; nouse=0; global=0; static=0; extern=0; dir=1; type=1; pingpong=0; private_global=0; MemPort=[03]; IO mode=ap_memory:ce=0
Port [ acc_11]:  wired=1; compound=1; hidden=0; nouse=0; global=0; static=0; extern=0; dir=1; type=1; pingpong=0; private_global=0; MemPort=[03]; IO mode=ap_memory:ce=0
Port [ acc_10]:  wired=1; compound=1; hidden=0; nouse=0; global=0; static=0; extern=0; dir=1; type=1; pingpong=0; private_global=0; MemPort=[03]; IO mode=ap_memory:ce=0
Port [ acc_9]:  wired=1; compound=1; hidden=0; nouse=0; global=0; static=0; extern=0; dir=1; type=1; pingpong=0; private_global=0; MemPort=[03]; IO mode=ap_memory:ce=0
Port [ acc_8]:  wired=1; compound=1; hidden=0; nouse=0; global=0; static=0; extern=0; dir=1; type=1; pingpong=0; private_global=0; MemPort=[03]; IO mode=ap_memory:ce=0
Port [ acc_7]:  wired=1; compound=1; hidden=0; nouse=0; global=0; static=0; extern=0; dir=1; type=1; pingpong=0; private_global=0; MemPort=[03]; IO mode=ap_memory:ce=0
Port [ acc_6]:  wired=1; compound=1; hidden=0; nouse=0; global=0; static=0; extern=0; dir=1; type=1; pingpong=0; private_global=0; MemPort=[03]; IO mode=ap_memory:ce=0
Port [ acc_5]:  wired=1; compound=1; hidden=0; nouse=0; global=0; static=0; extern=0; dir=1; type=1; pingpong=0; private_global=0; MemPort=[03]; IO mode=ap_memory:ce=0
Port [ acc_4]:  wired=1; compound=1; hidden=0; nouse=0; global=0; static=0; extern=0; dir=1; type=1; pingpong=0; private_global=0; MemPort=[03]; IO mode=ap_memory:ce=0
Port [ acc_3]:  wired=1; compound=1; hidden=0; nouse=0; global=0; static=0; extern=0; dir=1; type=1; pingpong=0; private_global=0; MemPort=[03]; IO mode=ap_memory:ce=0
Port [ acc_2]:  wired=1; compound=1; hidden=0; nouse=0; global=0; static=0; extern=0; dir=1; type=1; pingpong=0; private_global=0; MemPort=[03]; IO mode=ap_memory:ce=0
Port [ acc_1]:  wired=1; compound=1; hidden=0; nouse=0; global=0; static=0; extern=0; dir=1; type=1; pingpong=0; private_global=0; MemPort=[03]; IO mode=ap_memory:ce=0
Port [ acc]:  wired=1; compound=1; hidden=0; nouse=0; global=0; static=0; extern=0; dir=1; type=1; pingpong=0; private_global=0; MemPort=[03]; IO mode=ap_memory:ce=0
---------------- STG Properties END ------------------

---------------- Datapath Model BEGIN ----------------

<LifeTime>
<method=bitvector/>
f                      (alloca           ) [ 01]
store_ln48             (store            ) [ 00]
br_ln0                 (br               ) [ 00]
f_4                    (load             ) [ 00]
tmp                    (bitselect        ) [ 01]
br_ln48                (br               ) [ 00]
specpipeline_ln49      (specpipeline     ) [ 00]
speclooptripcount_ln48 (speclooptripcount) [ 00]
specloopname_ln48      (specloopname     ) [ 00]
tmp_2                  (bitselect        ) [ 00]
zext_ln48              (zext             ) [ 00]
acc_addr               (getelementptr    ) [ 00]
acc_1_addr             (getelementptr    ) [ 00]
acc_2_addr             (getelementptr    ) [ 00]
acc_3_addr             (getelementptr    ) [ 00]
acc_4_addr             (getelementptr    ) [ 00]
acc_5_addr             (getelementptr    ) [ 00]
acc_6_addr             (getelementptr    ) [ 00]
acc_7_addr             (getelementptr    ) [ 00]
acc_8_addr             (getelementptr    ) [ 00]
acc_9_addr             (getelementptr    ) [ 00]
acc_10_addr            (getelementptr    ) [ 00]
acc_11_addr            (getelementptr    ) [ 00]
acc_12_addr            (getelementptr    ) [ 00]
acc_13_addr            (getelementptr    ) [ 00]
acc_14_addr            (getelementptr    ) [ 00]
acc_15_addr            (getelementptr    ) [ 00]
acc_16_addr            (getelementptr    ) [ 00]
acc_17_addr            (getelementptr    ) [ 00]
acc_18_addr            (getelementptr    ) [ 00]
acc_19_addr            (getelementptr    ) [ 00]
acc_20_addr            (getelementptr    ) [ 00]
acc_21_addr            (getelementptr    ) [ 00]
acc_22_addr            (getelementptr    ) [ 00]
acc_23_addr            (getelementptr    ) [ 00]
acc_24_addr            (getelementptr    ) [ 00]
acc_25_addr            (getelementptr    ) [ 00]
acc_26_addr            (getelementptr    ) [ 00]
acc_27_addr            (getelementptr    ) [ 00]
acc_28_addr            (getelementptr    ) [ 00]
acc_29_addr            (getelementptr    ) [ 00]
acc_30_addr            (getelementptr    ) [ 00]
acc_31_addr            (getelementptr    ) [ 00]
store_ln51             (store            ) [ 00]
store_ln51             (store            ) [ 00]
store_ln51             (store            ) [ 00]
store_ln51             (store            ) [ 00]
store_ln51             (store            ) [ 00]
store_ln51             (store            ) [ 00]
store_ln51             (store            ) [ 00]
store_ln51             (store            ) [ 00]
store_ln51             (store            ) [ 00]
store_ln51             (store            ) [ 00]
store_ln51             (store            ) [ 00]
store_ln51             (store            ) [ 00]
store_ln51             (store            ) [ 00]
store_ln51             (store            ) [ 00]
store_ln51             (store            ) [ 00]
store_ln51             (store            ) [ 00]
store_ln51             (store            ) [ 00]
store_ln51             (store            ) [ 00]
store_ln51             (store            ) [ 00]
store_ln51             (store            ) [ 00]
store_ln51             (store            ) [ 00]
store_ln51             (store            ) [ 00]
store_ln51             (store            ) [ 00]
store_ln51             (store            ) [ 00]
store_ln51             (store            ) [ 00]
store_ln51             (store            ) [ 00]
store_ln51             (store            ) [ 00]
store_ln51             (store            ) [ 00]
store_ln51             (store            ) [ 00]
store_ln51             (store            ) [ 00]
store_ln51             (store            ) [ 00]
store_ln51             (store            ) [ 00]
add_ln48               (add              ) [ 00]
store_ln48             (store            ) [ 00]
br_ln48                (br               ) [ 00]
ret_ln0                (ret              ) [ 00]
</LifeTime>

<model>

<comp_list>
<comp id="0" class="1000" name="acc_31">
<pin_list>
<pin id="1" dir="1" index="0" bw="1" slack="0"/>
</pin_list>
<bind>
<StgValue><ssdm name="acc_31"/><MemPortTyVec>0 3 </MemPortTyVec>
</StgValue>
</bind>
</comp>

<comp id="2" class="1000" name="acc_30">
<pin_list>
<pin id="3" dir="1" index="0" bw="1" slack="0"/>
</pin_list>
<bind>
<StgValue><ssdm name="acc_30"/><MemPortTyVec>0 3 </MemPortTyVec>
</StgValue>
</bind>
</comp>

<comp id="4" class="1000" name="acc_29">
<pin_list>
<pin id="5" dir="1" index="0" bw="1" slack="0"/>
</pin_list>
<bind>
<StgValue><ssdm name="acc_29"/><MemPortTyVec>0 3 </MemPortTyVec>
</StgValue>
</bind>
</comp>

<comp id="6" class="1000" name="acc_28">
<pin_list>
<pin id="7" dir="1" index="0" bw="1" slack="0"/>
</pin_list>
<bind>
<StgValue><ssdm name="acc_28"/><MemPortTyVec>0 3 </MemPortTyVec>
</StgValue>
</bind>
</comp>

<comp id="8" class="1000" name="acc_27">
<pin_list>
<pin id="9" dir="1" index="0" bw="1" slack="0"/>
</pin_list>
<bind>
<StgValue><ssdm name="acc_27"/><MemPortTyVec>0 3 </MemPortTyVec>
</StgValue>
</bind>
</comp>

<comp id="10" class="1000" name="acc_26">
<pin_list>
<pin id="11" dir="1" index="0" bw="1" slack="0"/>
</pin_list>
<bind>
<StgValue><ssdm name="acc_26"/><MemPortTyVec>0 3 </MemPortTyVec>
</StgValue>
</bind>
</comp>

<comp id="12" class="1000" name="acc_25">
<pin_list>
<pin id="13" dir="1" index="0" bw="1" slack="0"/>
</pin_list>
<bind>
<StgValue><ssdm name="acc_25"/><MemPortTyVec>0 3 </MemPortTyVec>
</StgValue>
</bind>
</comp>

<comp id="14" class="1000" name="acc_24">
<pin_list>
<pin id="15" dir="1" index="0" bw="1" slack="0"/>
</pin_list>
<bind>
<StgValue><ssdm name="acc_24"/><MemPortTyVec>0 3 </MemPortTyVec>
</StgValue>
</bind>
</comp>

<comp id="16" class="1000" name="acc_23">
<pin_list>
<pin id="17" dir="1" index="0" bw="1" slack="0"/>
</pin_list>
<bind>
<StgValue><ssdm name="acc_23"/><MemPortTyVec>0 3 </MemPortTyVec>
</StgValue>
</bind>
</comp>

<comp id="18" class="1000" name="acc_22">
<pin_list>
<pin id="19" dir="1" index="0" bw="1" slack="0"/>
</pin_list>
<bind>
<StgValue><ssdm name="acc_22"/><MemPortTyVec>0 3 </MemPortTyVec>
</StgValue>
</bind>
</comp>

<comp id="20" class="1000" name="acc_21">
<pin_list>
<pin id="21" dir="1" index="0" bw="1" slack="0"/>
</pin_list>
<bind>
<StgValue><ssdm name="acc_21"/><MemPortTyVec>0 3 </MemPortTyVec>
</StgValue>
</bind>
</comp>

<comp id="22" class="1000" name="acc_20">
<pin_list>
<pin id="23" dir="1" index="0" bw="1" slack="0"/>
</pin_list>
<bind>
<StgValue><ssdm name="acc_20"/><MemPortTyVec>0 3 </MemPortTyVec>
</StgValue>
</bind>
</comp>

<comp id="24" class="1000" name="acc_19">
<pin_list>
<pin id="25" dir="1" index="0" bw="1" slack="0"/>
</pin_list>
<bind>
<StgValue><ssdm name="acc_19"/><MemPortTyVec>0 3 </MemPortTyVec>
</StgValue>
</bind>
</comp>

<comp id="26" class="1000" name="acc_18">
<pin_list>
<pin id="27" dir="1" index="0" bw="1" slack="0"/>
</pin_list>
<bind>
<StgValue><ssdm name="acc_18"/><MemPortTyVec>0 3 </MemPortTyVec>
</StgValue>
</bind>
</comp>

<comp id="28" class="1000" name="acc_17">
<pin_list>
<pin id="29" dir="1" index="0" bw="1" slack="0"/>
</pin_list>
<bind>
<StgValue><ssdm name="acc_17"/><MemPortTyVec>0 3 </MemPortTyVec>
</StgValue>
</bind>
</comp>

<comp id="30" class="1000" name="acc_16">
<pin_list>
<pin id="31" dir="1" index="0" bw="1" slack="0"/>
</pin_list>
<bind>
<StgValue><ssdm name="acc_16"/><MemPortTyVec>0 3 </MemPortTyVec>
</StgValue>
</bind>
</comp>

<comp id="32" class="1000" name="acc_15">
<pin_list>
<pin id="33" dir="1" index="0" bw="1" slack="0"/>
</pin_list>
<bind>
<StgValue><ssdm name="acc_15"/><MemPortTyVec>0 3 </MemPortTyVec>
</StgValue>
</bind>
</comp>

<comp id="34" class="1000" name="acc_14">
<pin_list>
<pin id="35" dir="1" index="0" bw="1" slack="0"/>
</pin_list>
<bind>
<StgValue><ssdm name="acc_14"/><MemPortTyVec>0 3 </MemPortTyVec>
</StgValue>
</bind>
</comp>

<comp id="36" class="1000" name="acc_13">
<pin_list>
<pin id="37" dir="1" index="0" bw="1" slack="0"/>
</pin_list>
<bind>
<StgValue><ssdm name="acc_13"/><MemPortTyVec>0 3 </MemPortTyVec>
</StgValue>
</bind>
</comp>

<comp id="38" class="1000" name="acc_12">
<pin_list>
<pin id="39" dir="1" index="0" bw="1" slack="0"/>
</pin_list>
<bind>
<StgValue><ssdm name="acc_12"/><MemPortTyVec>0 3 </MemPortTyVec>
</StgValue>
</bind>
</comp>

<comp id="40" class="1000" name="acc_11">
<pin_list>
<pin id="41" dir="1" index="0" bw="1" slack="0"/>
</pin_list>
<bind>
<StgValue><ssdm name="acc_11"/><MemPortTyVec>0 3 </MemPortTyVec>
</StgValue>
</bind>
</comp>

<comp id="42" class="1000" name="acc_10">
<pin_list>
<pin id="43" dir="1" index="0" bw="1" slack="0"/>
</pin_list>
<bind>
<StgValue><ssdm name="acc_10"/><MemPortTyVec>0 3 </MemPortTyVec>
</StgValue>
</bind>
</comp>

<comp id="44" class="1000" name="acc_9">
<pin_list>
<pin id="45" dir="1" index="0" bw="1" slack="0"/>
</pin_list>
<bind>
<StgValue><ssdm name="acc_9"/><MemPortTyVec>0 3 </MemPortTyVec>
</StgValue>
</bind>
</comp>

<comp id="46" class="1000" name="acc_8">
<pin_list>
<pin id="47" dir="1" index="0" bw="1" slack="0"/>
</pin_list>
<bind>
<StgValue><ssdm name="acc_8"/><MemPortTyVec>0 3 </MemPortTyVec>
</StgValue>
</bind>
</comp>

<comp id="48" class="1000" name="acc_7">
<pin_list>
<pin id="49" dir="1" index="0" bw="1" slack="0"/>
</pin_list>
<bind>
<StgValue><ssdm name="acc_7"/><MemPortTyVec>0 3 </MemPortTyVec>
</StgValue>
</bind>
</comp>

<comp id="50" class="1000" name="acc_6">
<pin_list>
<pin id="51" dir="1" index="0" bw="1" slack="0"/>
</pin_list>
<bind>
<StgValue><ssdm name="acc_6"/><MemPortTyVec>0 3 </MemPortTyVec>
</StgValue>
</bind>
</comp>

<comp id="52" class="1000" name="acc_5">
<pin_list>
<pin id="53" dir="1" index="0" bw="1" slack="0"/>
</pin_list>
<bind>
<StgValue><ssdm name="acc_5"/><MemPortTyVec>0 3 </MemPortTyVec>
</StgValue>
</bind>
</comp>

<comp id="54" class="1000" name="acc_4">
<pin_list>
<pin id="55" dir="1" index="0" bw="1" slack="0"/>
</pin_list>
<bind>
<StgValue><ssdm name="acc_4"/><MemPortTyVec>0 3 </MemPortTyVec>
</StgValue>
</bind>
</comp>

<comp id="56" class="1000" name="acc_3">
<pin_list>
<pin id="57" dir="1" index="0" bw="1" slack="0"/>
</pin_list>
<bind>
<StgValue><ssdm name="acc_3"/><MemPortTyVec>0 3 </MemPortTyVec>
</StgValue>
</bind>
</comp>

<comp id="58" class="1000" name="acc_2">
<pin_list>
<pin id="59" dir="1" index="0" bw="1" slack="0"/>
</pin_list>
<bind>
<StgValue><ssdm name="acc_2"/><MemPortTyVec>0 3 </MemPortTyVec>
</StgValue>
</bind>
</comp>

<comp id="60" class="1000" name="acc_1">
<pin_list>
<pin id="61" dir="1" index="0" bw="1" slack="0"/>
</pin_list>
<bind>
<StgValue><ssdm name="acc_1"/><MemPortTyVec>0 3 </MemPortTyVec>
</StgValue>
</bind>
</comp>

<comp id="62" class="1000" name="acc">
<pin_list>
<pin id="63" dir="1" index="0" bw="1" slack="0"/>
</pin_list>
<bind>
<StgValue><ssdm name="acc"/><MemPortTyVec>0 3 </MemPortTyVec>
</StgValue>
</bind>
</comp>

<comp id="64" class="1001" name="const_64">
<pin_list>
<pin id="65" dir="1" index="0" bw="1" slack="0"/>
</pin_list>
<bind>
<StgValue><ssdm name=""/></StgValue>
</bind>
</comp>

<comp id="66" class="1001" name="const_66">
<pin_list>
<pin id="67" dir="1" index="0" bw="1" slack="0"/>
</pin_list>
<bind>
<StgValue><ssdm name=""/></StgValue>
</bind>
</comp>

<comp id="68" class="1001" name="const_68">
<pin_list>
<pin id="69" dir="1" index="0" bw="1" slack="0"/>
</pin_list>
<bind>
<StgValue><ssdm name="_ssdm_op_BitSelect.i1.i7.i32"/></StgValue>
</bind>
</comp>

<comp id="70" class="1001" name="const_70">
<pin_list>
<pin id="71" dir="1" index="0" bw="1" slack="0"/>
</pin_list>
<bind>
<StgValue><ssdm name=""/></StgValue>
</bind>
</comp>

<comp id="72" class="1001" name="const_72">
<pin_list>
<pin id="73" dir="1" index="0" bw="1" slack="2147483647"/>
</pin_list>
<bind>
<StgValue><ssdm name="_ssdm_op_SpecPipeline"/></StgValue>
</bind>
</comp>

<comp id="74" class="1001" name="const_74">
<pin_list>
<pin id="75" dir="1" index="0" bw="1" slack="0"/>
</pin_list>
<bind>
<StgValue><ssdm name=""/></StgValue>
</bind>
</comp>

<comp id="76" class="1001" name="const_76">
<pin_list>
<pin id="77" dir="1" index="0" bw="1" slack="2147483647"/>
</pin_list>
<bind>
<StgValue><ssdm name=""/></StgValue>
</bind>
</comp>

<comp id="78" class="1001" name="const_78">
<pin_list>
<pin id="79" dir="1" index="0" bw="1" slack="2147483647"/>
</pin_list>
<bind>
<StgValue><ssdm name="empty_7"/></StgValue>
</bind>
</comp>

<comp id="80" class="1001" name="const_80">
<pin_list>
<pin id="81" dir="1" index="0" bw="1" slack="2147483647"/>
</pin_list>
<bind>
<StgValue><ssdm name="_ssdm_op_SpecLoopTripCount"/></StgValue>
</bind>
</comp>

<comp id="82" class="1001" name="const_82">
<pin_list>
<pin id="83" dir="1" index="0" bw="1" slack="2147483647"/>
</pin_list>
<bind>
<StgValue><ssdm name=""/></StgValue>
</bind>
</comp>

<comp id="84" class="1001" name="const_84">
<pin_list>
<pin id="85" dir="1" index="0" bw="1" slack="2147483647"/>
</pin_list>
<bind>
<StgValue><ssdm name="_ssdm_op_SpecLoopName"/></StgValue>
</bind>
</comp>

<comp id="86" class="1001" name="const_86">
<pin_list>
<pin id="87" dir="1" index="0" bw="1" slack="2147483647"/>
</pin_list>
<bind>
<StgValue><ssdm name="empty_10"/></StgValue>
</bind>
</comp>

<comp id="88" class="1001" name="const_88">
<pin_list>
<pin id="89" dir="1" index="0" bw="1" slack="0"/>
</pin_list>
<bind>
<StgValue><ssdm name=""/></StgValue>
</bind>
</comp>

<comp id="90" class="1001" name="const_90">
<pin_list>
<pin id="91" dir="1" index="0" bw="1" slack="0"/>
</pin_list>
<bind>
<StgValue><ssdm name=""/></StgValue>
</bind>
</comp>

<comp id="92" class="1001" name="const_92">
<pin_list>
<pin id="93" dir="1" index="0" bw="1" slack="0"/>
</pin_list>
<bind>
<StgValue><ssdm name=""/></StgValue>
</bind>
</comp>

<comp id="94" class="1004" name="f_fu_94">
<pin_list>
<pin id="95" dir="0" index="0" bw="1" slack="0"/>
<pin id="96" dir="1" index="1" bw="7" slack="0"/>
</pin_list>
<bind>
<opcode="alloca(26) " fcode="alloca"/>
<opset="f/1 "/>
</bind>
</comp>

<comp id="98" class="1004" name="acc_addr_gep_fu_98">
<pin_list>
<pin id="99" dir="0" index="0" bw="32" slack="0"/>
<pin id="100" dir="0" index="1" bw="1" slack="0"/>
<pin id="101" dir="0" index="2" bw="1" slack="0"/>
<pin id="102" dir="1" index="3" bw="1" slack="0"/>
</pin_list>
<bind>
<opcode="getelementptr(29) " fcode="getelementptr"/>
<opset="acc_addr/1 "/>
</bind>
</comp>

<comp id="105" class="1004" name="acc_1_addr_gep_fu_105">
<pin_list>
<pin id="106" dir="0" index="0" bw="32" slack="0"/>
<pin id="107" dir="0" index="1" bw="1" slack="0"/>
<pin id="108" dir="0" index="2" bw="1" slack="0"/>
<pin id="109" dir="1" index="3" bw="1" slack="0"/>
</pin_list>
<bind>
<opcode="getelementptr(29) " fcode="getelementptr"/>
<opset="acc_1_addr/1 "/>
</bind>
</comp>

<comp id="112" class="1004" name="acc_2_addr_gep_fu_112">
<pin_list>
<pin id="113" dir="0" index="0" bw="32" slack="0"/>
<pin id="114" dir="0" index="1" bw="1" slack="0"/>
<pin id="115" dir="0" index="2" bw="1" slack="0"/>
<pin id="116" dir="1" index="3" bw="1" slack="0"/>
</pin_list>
<bind>
<opcode="getelementptr(29) " fcode="getelementptr"/>
<opset="acc_2_addr/1 "/>
</bind>
</comp>

<comp id="119" class="1004" name="acc_3_addr_gep_fu_119">
<pin_list>
<pin id="120" dir="0" index="0" bw="32" slack="0"/>
<pin id="121" dir="0" index="1" bw="1" slack="0"/>
<pin id="122" dir="0" index="2" bw="1" slack="0"/>
<pin id="123" dir="1" index="3" bw="1" slack="0"/>
</pin_list>
<bind>
<opcode="getelementptr(29) " fcode="getelementptr"/>
<opset="acc_3_addr/1 "/>
</bind>
</comp>

<comp id="126" class="1004" name="acc_4_addr_gep_fu_126">
<pin_list>
<pin id="127" dir="0" index="0" bw="32" slack="0"/>
<pin id="128" dir="0" index="1" bw="1" slack="0"/>
<pin id="129" dir="0" index="2" bw="1" slack="0"/>
<pin id="130" dir="1" index="3" bw="1" slack="0"/>
</pin_list>
<bind>
<opcode="getelementptr(29) " fcode="getelementptr"/>
<opset="acc_4_addr/1 "/>
</bind>
</comp>

<comp id="133" class="1004" name="acc_5_addr_gep_fu_133">
<pin_list>
<pin id="134" dir="0" index="0" bw="32" slack="0"/>
<pin id="135" dir="0" index="1" bw="1" slack="0"/>
<pin id="136" dir="0" index="2" bw="1" slack="0"/>
<pin id="137" dir="1" index="3" bw="1" slack="0"/>
</pin_list>
<bind>
<opcode="getelementptr(29) " fcode="getelementptr"/>
<opset="acc_5_addr/1 "/>
</bind>
</comp>

<comp id="140" class="1004" name="acc_6_addr_gep_fu_140">
<pin_list>
<pin id="141" dir="0" index="0" bw="32" slack="0"/>
<pin id="142" dir="0" index="1" bw="1" slack="0"/>
<pin id="143" dir="0" index="2" bw="1" slack="0"/>
<pin id="144" dir="1" index="3" bw="1" slack="0"/>
</pin_list>
<bind>
<opcode="getelementptr(29) " fcode="getelementptr"/>
<opset="acc_6_addr/1 "/>
</bind>
</comp>

<comp id="147" class="1004" name="acc_7_addr_gep_fu_147">
<pin_list>
<pin id="148" dir="0" index="0" bw="32" slack="0"/>
<pin id="149" dir="0" index="1" bw="1" slack="0"/>
<pin id="150" dir="0" index="2" bw="1" slack="0"/>
<pin id="151" dir="1" index="3" bw="1" slack="0"/>
</pin_list>
<bind>
<opcode="getelementptr(29) " fcode="getelementptr"/>
<opset="acc_7_addr/1 "/>
</bind>
</comp>

<comp id="154" class="1004" name="acc_8_addr_gep_fu_154">
<pin_list>
<pin id="155" dir="0" index="0" bw="32" slack="0"/>
<pin id="156" dir="0" index="1" bw="1" slack="0"/>
<pin id="157" dir="0" index="2" bw="1" slack="0"/>
<pin id="158" dir="1" index="3" bw="1" slack="0"/>
</pin_list>
<bind>
<opcode="getelementptr(29) " fcode="getelementptr"/>
<opset="acc_8_addr/1 "/>
</bind>
</comp>

<comp id="161" class="1004" name="acc_9_addr_gep_fu_161">
<pin_list>
<pin id="162" dir="0" index="0" bw="32" slack="0"/>
<pin id="163" dir="0" index="1" bw="1" slack="0"/>
<pin id="164" dir="0" index="2" bw="1" slack="0"/>
<pin id="165" dir="1" index="3" bw="1" slack="0"/>
</pin_list>
<bind>
<opcode="getelementptr(29) " fcode="getelementptr"/>
<opset="acc_9_addr/1 "/>
</bind>
</comp>

<comp id="168" class="1004" name="acc_10_addr_gep_fu_168">
<pin_list>
<pin id="169" dir="0" index="0" bw="32" slack="0"/>
<pin id="170" dir="0" index="1" bw="1" slack="0"/>
<pin id="171" dir="0" index="2" bw="1" slack="0"/>
<pin id="172" dir="1" index="3" bw="1" slack="0"/>
</pin_list>
<bind>
<opcode="getelementptr(29) " fcode="getelementptr"/>
<opset="acc_10_addr/1 "/>
</bind>
</comp>

<comp id="175" class="1004" name="acc_11_addr_gep_fu_175">
<pin_list>
<pin id="176" dir="0" index="0" bw="32" slack="0"/>
<pin id="177" dir="0" index="1" bw="1" slack="0"/>
<pin id="178" dir="0" index="2" bw="1" slack="0"/>
<pin id="179" dir="1" index="3" bw="1" slack="0"/>
</pin_list>
<bind>
<opcode="getelementptr(29) " fcode="getelementptr"/>
<opset="acc_11_addr/1 "/>
</bind>
</comp>

<comp id="182" class="1004" name="acc_12_addr_gep_fu_182">
<pin_list>
<pin id="183" dir="0" index="0" bw="32" slack="0"/>
<pin id="184" dir="0" index="1" bw="1" slack="0"/>
<pin id="185" dir="0" index="2" bw="1" slack="0"/>
<pin id="186" dir="1" index="3" bw="1" slack="0"/>
</pin_list>
<bind>
<opcode="getelementptr(29) " fcode="getelementptr"/>
<opset="acc_12_addr/1 "/>
</bind>
</comp>

<comp id="189" class="1004" name="acc_13_addr_gep_fu_189">
<pin_list>
<pin id="190" dir="0" index="0" bw="32" slack="0"/>
<pin id="191" dir="0" index="1" bw="1" slack="0"/>
<pin id="192" dir="0" index="2" bw="1" slack="0"/>
<pin id="193" dir="1" index="3" bw="1" slack="0"/>
</pin_list>
<bind>
<opcode="getelementptr(29) " fcode="getelementptr"/>
<opset="acc_13_addr/1 "/>
</bind>
</comp>

<comp id="196" class="1004" name="acc_14_addr_gep_fu_196">
<pin_list>
<pin id="197" dir="0" index="0" bw="32" slack="0"/>
<pin id="198" dir="0" index="1" bw="1" slack="0"/>
<pin id="199" dir="0" index="2" bw="1" slack="0"/>
<pin id="200" dir="1" index="3" bw="1" slack="0"/>
</pin_list>
<bind>
<opcode="getelementptr(29) " fcode="getelementptr"/>
<opset="acc_14_addr/1 "/>
</bind>
</comp>

<comp id="203" class="1004" name="acc_15_addr_gep_fu_203">
<pin_list>
<pin id="204" dir="0" index="0" bw="32" slack="0"/>
<pin id="205" dir="0" index="1" bw="1" slack="0"/>
<pin id="206" dir="0" index="2" bw="1" slack="0"/>
<pin id="207" dir="1" index="3" bw="1" slack="0"/>
</pin_list>
<bind>
<opcode="getelementptr(29) " fcode="getelementptr"/>
<opset="acc_15_addr/1 "/>
</bind>
</comp>

<comp id="210" class="1004" name="acc_16_addr_gep_fu_210">
<pin_list>
<pin id="211" dir="0" index="0" bw="32" slack="0"/>
<pin id="212" dir="0" index="1" bw="1" slack="0"/>
<pin id="213" dir="0" index="2" bw="1" slack="0"/>
<pin id="214" dir="1" index="3" bw="1" slack="0"/>
</pin_list>
<bind>
<opcode="getelementptr(29) " fcode="getelementptr"/>
<opset="acc_16_addr/1 "/>
</bind>
</comp>

<comp id="217" class="1004" name="acc_17_addr_gep_fu_217">
<pin_list>
<pin id="218" dir="0" index="0" bw="32" slack="0"/>
<pin id="219" dir="0" index="1" bw="1" slack="0"/>
<pin id="220" dir="0" index="2" bw="1" slack="0"/>
<pin id="221" dir="1" index="3" bw="1" slack="0"/>
</pin_list>
<bind>
<opcode="getelementptr(29) " fcode="getelementptr"/>
<opset="acc_17_addr/1 "/>
</bind>
</comp>

<comp id="224" class="1004" name="acc_18_addr_gep_fu_224">
<pin_list>
<pin id="225" dir="0" index="0" bw="32" slack="0"/>
<pin id="226" dir="0" index="1" bw="1" slack="0"/>
<pin id="227" dir="0" index="2" bw="1" slack="0"/>
<pin id="228" dir="1" index="3" bw="1" slack="0"/>
</pin_list>
<bind>
<opcode="getelementptr(29) " fcode="getelementptr"/>
<opset="acc_18_addr/1 "/>
</bind>
</comp>

<comp id="231" class="1004" name="acc_19_addr_gep_fu_231">
<pin_list>
<pin id="232" dir="0" index="0" bw="32" slack="0"/>
<pin id="233" dir="0" index="1" bw="1" slack="0"/>
<pin id="234" dir="0" index="2" bw="1" slack="0"/>
<pin id="235" dir="1" index="3" bw="1" slack="0"/>
</pin_list>
<bind>
<opcode="getelementptr(29) " fcode="getelementptr"/>
<opset="acc_19_addr/1 "/>
</bind>
</comp>

<comp id="238" class="1004" name="acc_20_addr_gep_fu_238">
<pin_list>
<pin id="239" dir="0" index="0" bw="32" slack="0"/>
<pin id="240" dir="0" index="1" bw="1" slack="0"/>
<pin id="241" dir="0" index="2" bw="1" slack="0"/>
<pin id="242" dir="1" index="3" bw="1" slack="0"/>
</pin_list>
<bind>
<opcode="getelementptr(29) " fcode="getelementptr"/>
<opset="acc_20_addr/1 "/>
</bind>
</comp>

<comp id="245" class="1004" name="acc_21_addr_gep_fu_245">
<pin_list>
<pin id="246" dir="0" index="0" bw="32" slack="0"/>
<pin id="247" dir="0" index="1" bw="1" slack="0"/>
<pin id="248" dir="0" index="2" bw="1" slack="0"/>
<pin id="249" dir="1" index="3" bw="1" slack="0"/>
</pin_list>
<bind>
<opcode="getelementptr(29) " fcode="getelementptr"/>
<opset="acc_21_addr/1 "/>
</bind>
</comp>

<comp id="252" class="1004" name="acc_22_addr_gep_fu_252">
<pin_list>
<pin id="253" dir="0" index="0" bw="32" slack="0"/>
<pin id="254" dir="0" index="1" bw="1" slack="0"/>
<pin id="255" dir="0" index="2" bw="1" slack="0"/>
<pin id="256" dir="1" index="3" bw="1" slack="0"/>
</pin_list>
<bind>
<opcode="getelementptr(29) " fcode="getelementptr"/>
<opset="acc_22_addr/1 "/>
</bind>
</comp>

<comp id="259" class="1004" name="acc_23_addr_gep_fu_259">
<pin_list>
<pin id="260" dir="0" index="0" bw="32" slack="0"/>
<pin id="261" dir="0" index="1" bw="1" slack="0"/>
<pin id="262" dir="0" index="2" bw="1" slack="0"/>
<pin id="263" dir="1" index="3" bw="1" slack="0"/>
</pin_list>
<bind>
<opcode="getelementptr(29) " fcode="getelementptr"/>
<opset="acc_23_addr/1 "/>
</bind>
</comp>

<comp id="266" class="1004" name="acc_24_addr_gep_fu_266">
<pin_list>
<pin id="267" dir="0" index="0" bw="32" slack="0"/>
<pin id="268" dir="0" index="1" bw="1" slack="0"/>
<pin id="269" dir="0" index="2" bw="1" slack="0"/>
<pin id="270" dir="1" index="3" bw="1" slack="0"/>
</pin_list>
<bind>
<opcode="getelementptr(29) " fcode="getelementptr"/>
<opset="acc_24_addr/1 "/>
</bind>
</comp>

<comp id="273" class="1004" name="acc_25_addr_gep_fu_273">
<pin_list>
<pin id="274" dir="0" index="0" bw="32" slack="0"/>
<pin id="275" dir="0" index="1" bw="1" slack="0"/>
<pin id="276" dir="0" index="2" bw="1" slack="0"/>
<pin id="277" dir="1" index="3" bw="1" slack="0"/>
</pin_list>
<bind>
<opcode="getelementptr(29) " fcode="getelementptr"/>
<opset="acc_25_addr/1 "/>
</bind>
</comp>

<comp id="280" class="1004" name="acc_26_addr_gep_fu_280">
<pin_list>
<pin id="281" dir="0" index="0" bw="32" slack="0"/>
<pin id="282" dir="0" index="1" bw="1" slack="0"/>
<pin id="283" dir="0" index="2" bw="1" slack="0"/>
<pin id="284" dir="1" index="3" bw="1" slack="0"/>
</pin_list>
<bind>
<opcode="getelementptr(29) " fcode="getelementptr"/>
<opset="acc_26_addr/1 "/>
</bind>
</comp>

<comp id="287" class="1004" name="acc_27_addr_gep_fu_287">
<pin_list>
<pin id="288" dir="0" index="0" bw="32" slack="0"/>
<pin id="289" dir="0" index="1" bw="1" slack="0"/>
<pin id="290" dir="0" index="2" bw="1" slack="0"/>
<pin id="291" dir="1" index="3" bw="1" slack="0"/>
</pin_list>
<bind>
<opcode="getelementptr(29) " fcode="getelementptr"/>
<opset="acc_27_addr/1 "/>
</bind>
</comp>

<comp id="294" class="1004" name="acc_28_addr_gep_fu_294">
<pin_list>
<pin id="295" dir="0" index="0" bw="32" slack="0"/>
<pin id="296" dir="0" index="1" bw="1" slack="0"/>
<pin id="297" dir="0" index="2" bw="1" slack="0"/>
<pin id="298" dir="1" index="3" bw="1" slack="0"/>
</pin_list>
<bind>
<opcode="getelementptr(29) " fcode="getelementptr"/>
<opset="acc_28_addr/1 "/>
</bind>
</comp>

<comp id="301" class="1004" name="acc_29_addr_gep_fu_301">
<pin_list>
<pin id="302" dir="0" index="0" bw="32" slack="0"/>
<pin id="303" dir="0" index="1" bw="1" slack="0"/>
<pin id="304" dir="0" index="2" bw="1" slack="0"/>
<pin id="305" dir="1" index="3" bw="1" slack="0"/>
</pin_list>
<bind>
<opcode="getelementptr(29) " fcode="getelementptr"/>
<opset="acc_29_addr/1 "/>
</bind>
</comp>

<comp id="308" class="1004" name="acc_30_addr_gep_fu_308">
<pin_list>
<pin id="309" dir="0" index="0" bw="32" slack="0"/>
<pin id="310" dir="0" index="1" bw="1" slack="0"/>
<pin id="311" dir="0" index="2" bw="1" slack="0"/>
<pin id="312" dir="1" index="3" bw="1" slack="0"/>
</pin_list>
<bind>
<opcode="getelementptr(29) " fcode="getelementptr"/>
<opset="acc_30_addr/1 "/>
</bind>
</comp>

<comp id="315" class="1004" name="acc_31_addr_gep_fu_315">
<pin_list>
<pin id="316" dir="0" index="0" bw="32" slack="0"/>
<pin id="317" dir="0" index="1" bw="1" slack="0"/>
<pin id="318" dir="0" index="2" bw="1" slack="0"/>
<pin id="319" dir="1" index="3" bw="1" slack="0"/>
</pin_list>
<bind>
<opcode="getelementptr(29) " fcode="getelementptr"/>
<opset="acc_31_addr/1 "/>
</bind>
</comp>

<comp id="322" class="1004" name="store_ln51_access_fu_322">
<pin_list>
<pin id="323" dir="0" index="0" bw="1" slack="0"/>
<pin id="324" dir="0" index="1" bw="32" slack="0"/>
<pin id="325" dir="0" index="2" bw="0" slack="2147483647"/>
<pin id="326" dir="1" index="3" bw="32" slack="2147483647"/>
</pin_list>
<bind>
<opcode="store(28) " fcode="store"/>
<opset="store_ln51/1 "/>
</bind>
</comp>

<comp id="329" class="1004" name="store_ln51_access_fu_329">
<pin_list>
<pin id="330" dir="0" index="0" bw="1" slack="0"/>
<pin id="331" dir="0" index="1" bw="32" slack="0"/>
<pin id="332" dir="0" index="2" bw="0" slack="2147483647"/>
<pin id="333" dir="1" index="3" bw="32" slack="2147483647"/>
</pin_list>
<bind>
<opcode="store(28) " fcode="store"/>
<opset="store_ln51/1 "/>
</bind>
</comp>

<comp id="336" class="1004" name="store_ln51_access_fu_336">
<pin_list>
<pin id="337" dir="0" index="0" bw="1" slack="0"/>
<pin id="338" dir="0" index="1" bw="32" slack="0"/>
<pin id="339" dir="0" index="2" bw="0" slack="2147483647"/>
<pin id="340" dir="1" index="3" bw="32" slack="2147483647"/>
</pin_list>
<bind>
<opcode="store(28) " fcode="store"/>
<opset="store_ln51/1 "/>
</bind>
</comp>

<comp id="343" class="1004" name="store_ln51_access_fu_343">
<pin_list>
<pin id="344" dir="0" index="0" bw="1" slack="0"/>
<pin id="345" dir="0" index="1" bw="32" slack="0"/>
<pin id="346" dir="0" index="2" bw="0" slack="2147483647"/>
<pin id="347" dir="1" index="3" bw="32" slack="2147483647"/>
</pin_list>
<bind>
<opcode="store(28) " fcode="store"/>
<opset="store_ln51/1 "/>
</bind>
</comp>

<comp id="350" class="1004" name="store_ln51_access_fu_350">
<pin_list>
<pin id="351" dir="0" index="0" bw="1" slack="0"/>
<pin id="352" dir="0" index="1" bw="32" slack="0"/>
<pin id="353" dir="0" index="2" bw="0" slack="2147483647"/>
<pin id="354" dir="1" index="3" bw="32" slack="2147483647"/>
</pin_list>
<bind>
<opcode="store(28) " fcode="store"/>
<opset="store_ln51/1 "/>
</bind>
</comp>

<comp id="357" class="1004" name="store_ln51_access_fu_357">
<pin_list>
<pin id="358" dir="0" index="0" bw="1" slack="0"/>
<pin id="359" dir="0" index="1" bw="32" slack="0"/>
<pin id="360" dir="0" index="2" bw="0" slack="2147483647"/>
<pin id="361" dir="1" index="3" bw="32" slack="2147483647"/>
</pin_list>
<bind>
<opcode="store(28) " fcode="store"/>
<opset="store_ln51/1 "/>
</bind>
</comp>

<comp id="364" class="1004" name="store_ln51_access_fu_364">
<pin_list>
<pin id="365" dir="0" index="0" bw="1" slack="0"/>
<pin id="366" dir="0" index="1" bw="32" slack="0"/>
<pin id="367" dir="0" index="2" bw="0" slack="2147483647"/>
<pin id="368" dir="1" index="3" bw="32" slack="2147483647"/>
</pin_list>
<bind>
<opcode="store(28) " fcode="store"/>
<opset="store_ln51/1 "/>
</bind>
</comp>

<comp id="371" class="1004" name="store_ln51_access_fu_371">
<pin_list>
<pin id="372" dir="0" index="0" bw="1" slack="0"/>
<pin id="373" dir="0" index="1" bw="32" slack="0"/>
<pin id="374" dir="0" index="2" bw="0" slack="2147483647"/>
<pin id="375" dir="1" index="3" bw="32" slack="2147483647"/>
</pin_list>
<bind>
<opcode="store(28) " fcode="store"/>
<opset="store_ln51/1 "/>
</bind>
</comp>

<comp id="378" class="1004" name="store_ln51_access_fu_378">
<pin_list>
<pin id="379" dir="0" index="0" bw="1" slack="0"/>
<pin id="380" dir="0" index="1" bw="32" slack="0"/>
<pin id="381" dir="0" index="2" bw="0" slack="2147483647"/>
<pin id="382" dir="1" index="3" bw="32" slack="2147483647"/>
</pin_list>
<bind>
<opcode="store(28) " fcode="store"/>
<opset="store_ln51/1 "/>
</bind>
</comp>

<comp id="385" class="1004" name="store_ln51_access_fu_385">
<pin_list>
<pin id="386" dir="0" index="0" bw="1" slack="0"/>
<pin id="387" dir="0" index="1" bw="32" slack="0"/>
<pin id="388" dir="0" index="2" bw="0" slack="2147483647"/>
<pin id="389" dir="1" index="3" bw="32" slack="2147483647"/>
</pin_list>
<bind>
<opcode="store(28) " fcode="store"/>
<opset="store_ln51/1 "/>
</bind>
</comp>

<comp id="392" class="1004" name="store_ln51_access_fu_392">
<pin_list>
<pin id="393" dir="0" index="0" bw="1" slack="0"/>
<pin id="394" dir="0" index="1" bw="32" slack="0"/>
<pin id="395" dir="0" index="2" bw="0" slack="2147483647"/>
<pin id="396" dir="1" index="3" bw="32" slack="2147483647"/>
</pin_list>
<bind>
<opcode="store(28) " fcode="store"/>
<opset="store_ln51/1 "/>
</bind>
</comp>

<comp id="399" class="1004" name="store_ln51_access_fu_399">
<pin_list>
<pin id="400" dir="0" index="0" bw="1" slack="0"/>
<pin id="401" dir="0" index="1" bw="32" slack="0"/>
<pin id="402" dir="0" index="2" bw="0" slack="2147483647"/>
<pin id="403" dir="1" index="3" bw="32" slack="2147483647"/>
</pin_list>
<bind>
<opcode="store(28) " fcode="store"/>
<opset="store_ln51/1 "/>
</bind>
</comp>

<comp id="406" class="1004" name="store_ln51_access_fu_406">
<pin_list>
<pin id="407" dir="0" index="0" bw="1" slack="0"/>
<pin id="408" dir="0" index="1" bw="32" slack="0"/>
<pin id="409" dir="0" index="2" bw="0" slack="2147483647"/>
<pin id="410" dir="1" index="3" bw="32" slack="2147483647"/>
</pin_list>
<bind>
<opcode="store(28) " fcode="store"/>
<opset="store_ln51/1 "/>
</bind>
</comp>

<comp id="413" class="1004" name="store_ln51_access_fu_413">
<pin_list>
<pin id="414" dir="0" index="0" bw="1" slack="0"/>
<pin id="415" dir="0" index="1" bw="32" slack="0"/>
<pin id="416" dir="0" index="2" bw="0" slack="2147483647"/>
<pin id="417" dir="1" index="3" bw="32" slack="2147483647"/>
</pin_list>
<bind>
<opcode="store(28) " fcode="store"/>
<opset="store_ln51/1 "/>
</bind>
</comp>

<comp id="420" class="1004" name="store_ln51_access_fu_420">
<pin_list>
<pin id="421" dir="0" index="0" bw="1" slack="0"/>
<pin id="422" dir="0" index="1" bw="32" slack="0"/>
<pin id="423" dir="0" index="2" bw="0" slack="2147483647"/>
<pin id="424" dir="1" index="3" bw="32" slack="2147483647"/>
</pin_list>
<bind>
<opcode="store(28) " fcode="store"/>
<opset="store_ln51/1 "/>
</bind>
</comp>

<comp id="427" class="1004" name="store_ln51_access_fu_427">
<pin_list>
<pin id="428" dir="0" index="0" bw="1" slack="0"/>
<pin id="429" dir="0" index="1" bw="32" slack="0"/>
<pin id="430" dir="0" index="2" bw="0" slack="2147483647"/>
<pin id="431" dir="1" index="3" bw="32" slack="2147483647"/>
</pin_list>
<bind>
<opcode="store(28) " fcode="store"/>
<opset="store_ln51/1 "/>
</bind>
</comp>

<comp id="434" class="1004" name="store_ln51_access_fu_434">
<pin_list>
<pin id="435" dir="0" index="0" bw="1" slack="0"/>
<pin id="436" dir="0" index="1" bw="32" slack="0"/>
<pin id="437" dir="0" index="2" bw="0" slack="2147483647"/>
<pin id="438" dir="1" index="3" bw="32" slack="2147483647"/>
</pin_list>
<bind>
<opcode="store(28) " fcode="store"/>
<opset="store_ln51/1 "/>
</bind>
</comp>

<comp id="441" class="1004" name="store_ln51_access_fu_441">
<pin_list>
<pin id="442" dir="0" index="0" bw="1" slack="0"/>
<pin id="443" dir="0" index="1" bw="32" slack="0"/>
<pin id="444" dir="0" index="2" bw="0" slack="2147483647"/>
<pin id="445" dir="1" index="3" bw="32" slack="2147483647"/>
</pin_list>
<bind>
<opcode="store(28) " fcode="store"/>
<opset="store_ln51/1 "/>
</bind>
</comp>

<comp id="448" class="1004" name="store_ln51_access_fu_448">
<pin_list>
<pin id="449" dir="0" index="0" bw="1" slack="0"/>
<pin id="450" dir="0" index="1" bw="32" slack="0"/>
<pin id="451" dir="0" index="2" bw="0" slack="2147483647"/>
<pin id="452" dir="1" index="3" bw="32" slack="2147483647"/>
</pin_list>
<bind>
<opcode="store(28) " fcode="store"/>
<opset="store_ln51/1 "/>
</bind>
</comp>

<comp id="455" class="1004" name="store_ln51_access_fu_455">
<pin_list>
<pin id="456" dir="0" index="0" bw="1" slack="0"/>
<pin id="457" dir="0" index="1" bw="32" slack="0"/>
<pin id="458" dir="0" index="2" bw="0" slack="2147483647"/>
<pin id="459" dir="1" index="3" bw="32" slack="2147483647"/>
</pin_list>
<bind>
<opcode="store(28) " fcode="store"/>
<opset="store_ln51/1 "/>
</bind>
</comp>

<comp id="462" class="1004" name="store_ln51_access_fu_462">
<pin_list>
<pin id="463" dir="0" index="0" bw="1" slack="0"/>
<pin id="464" dir="0" index="1" bw="32" slack="0"/>
<pin id="465" dir="0" index="2" bw="0" slack="2147483647"/>
<pin id="466" dir="1" index="3" bw="32" slack="2147483647"/>
</pin_list>
<bind>
<opcode="store(28) " fcode="store"/>
<opset="store_ln51/1 "/>
</bind>
</comp>

<comp id="469" class="1004" name="store_ln51_access_fu_469">
<pin_list>
<pin id="470" dir="0" index="0" bw="1" slack="0"/>
<pin id="471" dir="0" index="1" bw="32" slack="0"/>
<pin id="472" dir="0" index="2" bw="0" slack="2147483647"/>
<pin id="473" dir="1" index="3" bw="32" slack="2147483647"/>
</pin_list>
<bind>
<opcode="store(28) " fcode="store"/>
<opset="store_ln51/1 "/>
</bind>
</comp>

<comp id="476" class="1004" name="store_ln51_access_fu_476">
<pin_list>
<pin id="477" dir="0" index="0" bw="1" slack="0"/>
<pin id="478" dir="0" index="1" bw="32" slack="0"/>
<pin id="479" dir="0" index="2" bw="0" slack="2147483647"/>
<pin id="480" dir="1" index="3" bw="32" slack="2147483647"/>
</pin_list>
<bind>
<opcode="store(28) " fcode="store"/>
<opset="store_ln51/1 "/>
</bind>
</comp>

<comp id="483" class="1004" name="store_ln51_access_fu_483">
<pin_list>
<pin id="484" dir="0" index="0" bw="1" slack="0"/>
<pin id="485" dir="0" index="1" bw="32" slack="0"/>
<pin id="486" dir="0" index="2" bw="0" slack="2147483647"/>
<pin id="487" dir="1" index="3" bw="32" slack="2147483647"/>
</pin_list>
<bind>
<opcode="store(28) " fcode="store"/>
<opset="store_ln51/1 "/>
</bind>
</comp>

<comp id="490" class="1004" name="store_ln51_access_fu_490">
<pin_list>
<pin id="491" dir="0" index="0" bw="1" slack="0"/>
<pin id="492" dir="0" index="1" bw="32" slack="0"/>
<pin id="493" dir="0" index="2" bw="0" slack="2147483647"/>
<pin id="494" dir="1" index="3" bw="32" slack="2147483647"/>
</pin_list>
<bind>
<opcode="store(28) " fcode="store"/>
<opset="store_ln51/1 "/>
</bind>
</comp>

<comp id="497" class="1004" name="store_ln51_access_fu_497">
<pin_list>
<pin id="498" dir="0" index="0" bw="1" slack="0"/>
<pin id="499" dir="0" index="1" bw="32" slack="0"/>
<pin id="500" dir="0" index="2" bw="0" slack="2147483647"/>
<pin id="501" dir="1" index="3" bw="32" slack="2147483647"/>
</pin_list>
<bind>
<opcode="store(28) " fcode="store"/>
<opset="store_ln51/1 "/>
</bind>
</comp>

<comp id="504" class="1004" name="store_ln51_access_fu_504">
<pin_list>
<pin id="505" dir="0" index="0" bw="1" slack="0"/>
<pin id="506" dir="0" index="1" bw="32" slack="0"/>
<pin id="507" dir="0" index="2" bw="0" slack="2147483647"/>
<pin id="508" dir="1" index="3" bw="32" slack="2147483647"/>
</pin_list>
<bind>
<opcode="store(28) " fcode="store"/>
<opset="store_ln51/1 "/>
</bind>
</comp>

<comp id="511" class="1004" name="store_ln51_access_fu_511">
<pin_list>
<pin id="512" dir="0" index="0" bw="1" slack="0"/>
<pin id="513" dir="0" index="1" bw="32" slack="0"/>
<pin id="514" dir="0" index="2" bw="0" slack="2147483647"/>
<pin id="515" dir="1" index="3" bw="32" slack="2147483647"/>
</pin_list>
<bind>
<opcode="store(28) " fcode="store"/>
<opset="store_ln51/1 "/>
</bind>
</comp>

<comp id="518" class="1004" name="store_ln51_access_fu_518">
<pin_list>
<pin id="519" dir="0" index="0" bw="1" slack="0"/>
<pin id="520" dir="0" index="1" bw="32" slack="0"/>
<pin id="521" dir="0" index="2" bw="0" slack="2147483647"/>
<pin id="522" dir="1" index="3" bw="32" slack="2147483647"/>
</pin_list>
<bind>
<opcode="store(28) " fcode="store"/>
<opset="store_ln51/1 "/>
</bind>
</comp>

<comp id="525" class="1004" name="store_ln51_access_fu_525">
<pin_list>
<pin id="526" dir="0" index="0" bw="1" slack="0"/>
<pin id="527" dir="0" index="1" bw="32" slack="0"/>
<pin id="528" dir="0" index="2" bw="0" slack="2147483647"/>
<pin id="529" dir="1" index="3" bw="32" slack="2147483647"/>
</pin_list>
<bind>
<opcode="store(28) " fcode="store"/>
<opset="store_ln51/1 "/>
</bind>
</comp>

<comp id="532" class="1004" name="store_ln51_access_fu_532">
<pin_list>
<pin id="533" dir="0" index="0" bw="1" slack="0"/>
<pin id="534" dir="0" index="1" bw="32" slack="0"/>
<pin id="535" dir="0" index="2" bw="0" slack="2147483647"/>
<pin id="536" dir="1" index="3" bw="32" slack="2147483647"/>
</pin_list>
<bind>
<opcode="store(28) " fcode="store"/>
<opset="store_ln51/1 "/>
</bind>
</comp>

<comp id="539" class="1004" name="store_ln51_access_fu_539">
<pin_list>
<pin id="540" dir="0" index="0" bw="1" slack="0"/>
<pin id="541" dir="0" index="1" bw="32" slack="0"/>
<pin id="542" dir="0" index="2" bw="0" slack="2147483647"/>
<pin id="543" dir="1" index="3" bw="32" slack="2147483647"/>
</pin_list>
<bind>
<opcode="store(28) " fcode="store"/>
<opset="store_ln51/1 "/>
</bind>
</comp>

<comp id="546" class="1004" name="store_ln48_store_fu_546">
<pin_list>
<pin id="547" dir="0" index="0" bw="1" slack="0"/>
<pin id="548" dir="0" index="1" bw="7" slack="0"/>
<pin id="549" dir="1" index="2" bw="0" slack="2147483647"/>
</pin_list>
<bind>
<opcode="store(28) " fcode="store"/>
<opset="store_ln48/1 "/>
</bind>
</comp>

<comp id="551" class="1004" name="f_4_load_fu_551">
<pin_list>
<pin id="552" dir="0" index="0" bw="7" slack="0"/>
<pin id="553" dir="1" index="1" bw="7" slack="0"/>
</pin_list>
<bind>
<opcode="load(27) " fcode="load"/>
<opset="f_4/1 "/>
</bind>
</comp>

<comp id="554" class="1004" name="tmp_fu_554">
<pin_list>
<pin id="555" dir="0" index="0" bw="1" slack="0"/>
<pin id="556" dir="0" index="1" bw="7" slack="0"/>
<pin id="557" dir="0" index="2" bw="4" slack="0"/>
<pin id="558" dir="1" index="3" bw="1" slack="2147483647"/>
</pin_list>
<bind>
<opcode="bitselect(1000) " fcode="bitselect"/>
<opset="tmp/1 "/>
</bind>
</comp>

<comp id="562" class="1004" name="tmp_2_fu_562">
<pin_list>
<pin id="563" dir="0" index="0" bw="1" slack="0"/>
<pin id="564" dir="0" index="1" bw="7" slack="0"/>
<pin id="565" dir="0" index="2" bw="4" slack="0"/>
<pin id="566" dir="1" index="3" bw="1" slack="0"/>
</pin_list>
<bind>
<opcode="bitselect(1000) " fcode="bitselect"/>
<opset="tmp_2/1 "/>
</bind>
</comp>

<comp id="570" class="1004" name="zext_ln48_fu_570">
<pin_list>
<pin id="571" dir="0" index="0" bw="1" slack="0"/>
<pin id="572" dir="1" index="1" bw="64" slack="0"/>
</pin_list>
<bind>
<opcode="zext(34) " fcode="zext"/>
<opset="zext_ln48/1 "/>
</bind>
</comp>

<comp id="606" class="1004" name="add_ln48_fu_606">
<pin_list>
<pin id="607" dir="0" index="0" bw="7" slack="0"/>
<pin id="608" dir="0" index="1" bw="7" slack="0"/>
<pin id="609" dir="1" index="2" bw="7" slack="0"/>
</pin_list>
<bind>
<opcode="add(8) " fcode="add"/>
<opset="add_ln48/1 "/>
</bind>
</comp>

<comp id="612" class="1004" name="store_ln48_store_fu_612">
<pin_list>
<pin id="613" dir="0" index="0" bw="7" slack="0"/>
<pin id="614" dir="0" index="1" bw="7" slack="0"/>
<pin id="615" dir="1" index="2" bw="0" slack="2147483647"/>
</pin_list>
<bind>
<opcode="store(28) " fcode="store"/>
<opset="store_ln48/1 "/>
</bind>
</comp>

<comp id="617" class="1005" name="f_reg_617">
<pin_list>
<pin id="618" dir="0" index="0" bw="7" slack="0"/>
<pin id="619" dir="1" index="1" bw="7" slack="0"/>
</pin_list>
<bind>
<opset="f "/>
</bind>
</comp>

</comp_list>

<net_list>
<net id="97"><net_src comp="64" pin="0"/><net_sink comp="94" pin=0"/></net>

<net id="103"><net_src comp="62" pin="0"/><net_sink comp="98" pin=0"/></net>

<net id="104"><net_src comp="90" pin="0"/><net_sink comp="98" pin=1"/></net>

<net id="110"><net_src comp="60" pin="0"/><net_sink comp="105" pin=0"/></net>

<net id="111"><net_src comp="90" pin="0"/><net_sink comp="105" pin=1"/></net>

<net id="117"><net_src comp="58" pin="0"/><net_sink comp="112" pin=0"/></net>

<net id="118"><net_src comp="90" pin="0"/><net_sink comp="112" pin=1"/></net>

<net id="124"><net_src comp="56" pin="0"/><net_sink comp="119" pin=0"/></net>

<net id="125"><net_src comp="90" pin="0"/><net_sink comp="119" pin=1"/></net>

<net id="131"><net_src comp="54" pin="0"/><net_sink comp="126" pin=0"/></net>

<net id="132"><net_src comp="90" pin="0"/><net_sink comp="126" pin=1"/></net>

<net id="138"><net_src comp="52" pin="0"/><net_sink comp="133" pin=0"/></net>

<net id="139"><net_src comp="90" pin="0"/><net_sink comp="133" pin=1"/></net>

<net id="145"><net_src comp="50" pin="0"/><net_sink comp="140" pin=0"/></net>

<net id="146"><net_src comp="90" pin="0"/><net_sink comp="140" pin=1"/></net>

<net id="152"><net_src comp="48" pin="0"/><net_sink comp="147" pin=0"/></net>

<net id="153"><net_src comp="90" pin="0"/><net_sink comp="147" pin=1"/></net>

<net id="159"><net_src comp="46" pin="0"/><net_sink comp="154" pin=0"/></net>

<net id="160"><net_src comp="90" pin="0"/><net_sink comp="154" pin=1"/></net>

<net id="166"><net_src comp="44" pin="0"/><net_sink comp="161" pin=0"/></net>

<net id="167"><net_src comp="90" pin="0"/><net_sink comp="161" pin=1"/></net>

<net id="173"><net_src comp="42" pin="0"/><net_sink comp="168" pin=0"/></net>

<net id="174"><net_src comp="90" pin="0"/><net_sink comp="168" pin=1"/></net>

<net id="180"><net_src comp="40" pin="0"/><net_sink comp="175" pin=0"/></net>

<net id="181"><net_src comp="90" pin="0"/><net_sink comp="175" pin=1"/></net>

<net id="187"><net_src comp="38" pin="0"/><net_sink comp="182" pin=0"/></net>

<net id="188"><net_src comp="90" pin="0"/><net_sink comp="182" pin=1"/></net>

<net id="194"><net_src comp="36" pin="0"/><net_sink comp="189" pin=0"/></net>

<net id="195"><net_src comp="90" pin="0"/><net_sink comp="189" pin=1"/></net>

<net id="201"><net_src comp="34" pin="0"/><net_sink comp="196" pin=0"/></net>

<net id="202"><net_src comp="90" pin="0"/><net_sink comp="196" pin=1"/></net>

<net id="208"><net_src comp="32" pin="0"/><net_sink comp="203" pin=0"/></net>

<net id="209"><net_src comp="90" pin="0"/><net_sink comp="203" pin=1"/></net>

<net id="215"><net_src comp="30" pin="0"/><net_sink comp="210" pin=0"/></net>

<net id="216"><net_src comp="90" pin="0"/><net_sink comp="210" pin=1"/></net>

<net id="222"><net_src comp="28" pin="0"/><net_sink comp="217" pin=0"/></net>

<net id="223"><net_src comp="90" pin="0"/><net_sink comp="217" pin=1"/></net>

<net id="229"><net_src comp="26" pin="0"/><net_sink comp="224" pin=0"/></net>

<net id="230"><net_src comp="90" pin="0"/><net_sink comp="224" pin=1"/></net>

<net id="236"><net_src comp="24" pin="0"/><net_sink comp="231" pin=0"/></net>

<net id="237"><net_src comp="90" pin="0"/><net_sink comp="231" pin=1"/></net>

<net id="243"><net_src comp="22" pin="0"/><net_sink comp="238" pin=0"/></net>

<net id="244"><net_src comp="90" pin="0"/><net_sink comp="238" pin=1"/></net>

<net id="250"><net_src comp="20" pin="0"/><net_sink comp="245" pin=0"/></net>

<net id="251"><net_src comp="90" pin="0"/><net_sink comp="245" pin=1"/></net>

<net id="257"><net_src comp="18" pin="0"/><net_sink comp="252" pin=0"/></net>

<net id="258"><net_src comp="90" pin="0"/><net_sink comp="252" pin=1"/></net>

<net id="264"><net_src comp="16" pin="0"/><net_sink comp="259" pin=0"/></net>

<net id="265"><net_src comp="90" pin="0"/><net_sink comp="259" pin=1"/></net>

<net id="271"><net_src comp="14" pin="0"/><net_sink comp="266" pin=0"/></net>

<net id="272"><net_src comp="90" pin="0"/><net_sink comp="266" pin=1"/></net>

<net id="278"><net_src comp="12" pin="0"/><net_sink comp="273" pin=0"/></net>

<net id="279"><net_src comp="90" pin="0"/><net_sink comp="273" pin=1"/></net>

<net id="285"><net_src comp="10" pin="0"/><net_sink comp="280" pin=0"/></net>

<net id="286"><net_src comp="90" pin="0"/><net_sink comp="280" pin=1"/></net>

<net id="292"><net_src comp="8" pin="0"/><net_sink comp="287" pin=0"/></net>

<net id="293"><net_src comp="90" pin="0"/><net_sink comp="287" pin=1"/></net>

<net id="299"><net_src comp="6" pin="0"/><net_sink comp="294" pin=0"/></net>

<net id="300"><net_src comp="90" pin="0"/><net_sink comp="294" pin=1"/></net>

<net id="306"><net_src comp="4" pin="0"/><net_sink comp="301" pin=0"/></net>

<net id="307"><net_src comp="90" pin="0"/><net_sink comp="301" pin=1"/></net>

<net id="313"><net_src comp="2" pin="0"/><net_sink comp="308" pin=0"/></net>

<net id="314"><net_src comp="90" pin="0"/><net_sink comp="308" pin=1"/></net>

<net id="320"><net_src comp="0" pin="0"/><net_sink comp="315" pin=0"/></net>

<net id="321"><net_src comp="90" pin="0"/><net_sink comp="315" pin=1"/></net>

<net id="327"><net_src comp="74" pin="0"/><net_sink comp="322" pin=1"/></net>

<net id="328"><net_src comp="98" pin="3"/><net_sink comp="322" pin=0"/></net>

<net id="334"><net_src comp="74" pin="0"/><net_sink comp="329" pin=1"/></net>

<net id="335"><net_src comp="105" pin="3"/><net_sink comp="329" pin=0"/></net>

<net id="341"><net_src comp="74" pin="0"/><net_sink comp="336" pin=1"/></net>

<net id="342"><net_src comp="112" pin="3"/><net_sink comp="336" pin=0"/></net>

<net id="348"><net_src comp="74" pin="0"/><net_sink comp="343" pin=1"/></net>

<net id="349"><net_src comp="119" pin="3"/><net_sink comp="343" pin=0"/></net>

<net id="355"><net_src comp="74" pin="0"/><net_sink comp="350" pin=1"/></net>

<net id="356"><net_src comp="126" pin="3"/><net_sink comp="350" pin=0"/></net>

<net id="362"><net_src comp="74" pin="0"/><net_sink comp="357" pin=1"/></net>

<net id="363"><net_src comp="133" pin="3"/><net_sink comp="357" pin=0"/></net>

<net id="369"><net_src comp="74" pin="0"/><net_sink comp="364" pin=1"/></net>

<net id="370"><net_src comp="140" pin="3"/><net_sink comp="364" pin=0"/></net>

<net id="376"><net_src comp="74" pin="0"/><net_sink comp="371" pin=1"/></net>

<net id="377"><net_src comp="147" pin="3"/><net_sink comp="371" pin=0"/></net>

<net id="383"><net_src comp="74" pin="0"/><net_sink comp="378" pin=1"/></net>

<net id="384"><net_src comp="154" pin="3"/><net_sink comp="378" pin=0"/></net>

<net id="390"><net_src comp="74" pin="0"/><net_sink comp="385" pin=1"/></net>

<net id="391"><net_src comp="161" pin="3"/><net_sink comp="385" pin=0"/></net>

<net id="397"><net_src comp="74" pin="0"/><net_sink comp="392" pin=1"/></net>

<net id="398"><net_src comp="168" pin="3"/><net_sink comp="392" pin=0"/></net>

<net id="404"><net_src comp="74" pin="0"/><net_sink comp="399" pin=1"/></net>

<net id="405"><net_src comp="175" pin="3"/><net_sink comp="399" pin=0"/></net>

<net id="411"><net_src comp="74" pin="0"/><net_sink comp="406" pin=1"/></net>

<net id="412"><net_src comp="182" pin="3"/><net_sink comp="406" pin=0"/></net>

<net id="418"><net_src comp="74" pin="0"/><net_sink comp="413" pin=1"/></net>

<net id="419"><net_src comp="189" pin="3"/><net_sink comp="413" pin=0"/></net>

<net id="425"><net_src comp="74" pin="0"/><net_sink comp="420" pin=1"/></net>

<net id="426"><net_src comp="196" pin="3"/><net_sink comp="420" pin=0"/></net>

<net id="432"><net_src comp="74" pin="0"/><net_sink comp="427" pin=1"/></net>

<net id="433"><net_src comp="203" pin="3"/><net_sink comp="427" pin=0"/></net>

<net id="439"><net_src comp="74" pin="0"/><net_sink comp="434" pin=1"/></net>

<net id="440"><net_src comp="210" pin="3"/><net_sink comp="434" pin=0"/></net>

<net id="446"><net_src comp="74" pin="0"/><net_sink comp="441" pin=1"/></net>

<net id="447"><net_src comp="217" pin="3"/><net_sink comp="441" pin=0"/></net>

<net id="453"><net_src comp="74" pin="0"/><net_sink comp="448" pin=1"/></net>

<net id="454"><net_src comp="224" pin="3"/><net_sink comp="448" pin=0"/></net>

<net id="460"><net_src comp="74" pin="0"/><net_sink comp="455" pin=1"/></net>

<net id="461"><net_src comp="231" pin="3"/><net_sink comp="455" pin=0"/></net>

<net id="467"><net_src comp="74" pin="0"/><net_sink comp="462" pin=1"/></net>

<net id="468"><net_src comp="238" pin="3"/><net_sink comp="462" pin=0"/></net>

<net id="474"><net_src comp="74" pin="0"/><net_sink comp="469" pin=1"/></net>

<net id="475"><net_src comp="245" pin="3"/><net_sink comp="469" pin=0"/></net>

<net id="481"><net_src comp="74" pin="0"/><net_sink comp="476" pin=1"/></net>

<net id="482"><net_src comp="252" pin="3"/><net_sink comp="476" pin=0"/></net>

<net id="488"><net_src comp="74" pin="0"/><net_sink comp="483" pin=1"/></net>

<net id="489"><net_src comp="259" pin="3"/><net_sink comp="483" pin=0"/></net>

<net id="495"><net_src comp="74" pin="0"/><net_sink comp="490" pin=1"/></net>

<net id="496"><net_src comp="266" pin="3"/><net_sink comp="490" pin=0"/></net>

<net id="502"><net_src comp="74" pin="0"/><net_sink comp="497" pin=1"/></net>

<net id="503"><net_src comp="273" pin="3"/><net_sink comp="497" pin=0"/></net>

<net id="509"><net_src comp="74" pin="0"/><net_sink comp="504" pin=1"/></net>

<net id="510"><net_src comp="280" pin="3"/><net_sink comp="504" pin=0"/></net>

<net id="516"><net_src comp="74" pin="0"/><net_sink comp="511" pin=1"/></net>

<net id="517"><net_src comp="287" pin="3"/><net_sink comp="511" pin=0"/></net>

<net id="523"><net_src comp="74" pin="0"/><net_sink comp="518" pin=1"/></net>

<net id="524"><net_src comp="294" pin="3"/><net_sink comp="518" pin=0"/></net>

<net id="530"><net_src comp="74" pin="0"/><net_sink comp="525" pin=1"/></net>

<net id="531"><net_src comp="301" pin="3"/><net_sink comp="525" pin=0"/></net>

<net id="537"><net_src comp="74" pin="0"/><net_sink comp="532" pin=1"/></net>

<net id="538"><net_src comp="308" pin="3"/><net_sink comp="532" pin=0"/></net>

<net id="544"><net_src comp="74" pin="0"/><net_sink comp="539" pin=1"/></net>

<net id="545"><net_src comp="315" pin="3"/><net_sink comp="539" pin=0"/></net>

<net id="550"><net_src comp="66" pin="0"/><net_sink comp="546" pin=0"/></net>

<net id="559"><net_src comp="68" pin="0"/><net_sink comp="554" pin=0"/></net>

<net id="560"><net_src comp="551" pin="1"/><net_sink comp="554" pin=1"/></net>

<net id="561"><net_src comp="70" pin="0"/><net_sink comp="554" pin=2"/></net>

<net id="567"><net_src comp="68" pin="0"/><net_sink comp="562" pin=0"/></net>

<net id="568"><net_src comp="551" pin="1"/><net_sink comp="562" pin=1"/></net>

<net id="569"><net_src comp="88" pin="0"/><net_sink comp="562" pin=2"/></net>

<net id="573"><net_src comp="562" pin="3"/><net_sink comp="570" pin=0"/></net>

<net id="574"><net_src comp="570" pin="1"/><net_sink comp="98" pin=2"/></net>

<net id="575"><net_src comp="570" pin="1"/><net_sink comp="105" pin=2"/></net>

<net id="576"><net_src comp="570" pin="1"/><net_sink comp="112" pin=2"/></net>

<net id="577"><net_src comp="570" pin="1"/><net_sink comp="119" pin=2"/></net>

<net id="578"><net_src comp="570" pin="1"/><net_sink comp="126" pin=2"/></net>

<net id="579"><net_src comp="570" pin="1"/><net_sink comp="133" pin=2"/></net>

<net id="580"><net_src comp="570" pin="1"/><net_sink comp="140" pin=2"/></net>

<net id="581"><net_src comp="570" pin="1"/><net_sink comp="147" pin=2"/></net>

<net id="582"><net_src comp="570" pin="1"/><net_sink comp="154" pin=2"/></net>

<net id="583"><net_src comp="570" pin="1"/><net_sink comp="161" pin=2"/></net>

<net id="584"><net_src comp="570" pin="1"/><net_sink comp="168" pin=2"/></net>

<net id="585"><net_src comp="570" pin="1"/><net_sink comp="175" pin=2"/></net>

<net id="586"><net_src comp="570" pin="1"/><net_sink comp="182" pin=2"/></net>

<net id="587"><net_src comp="570" pin="1"/><net_sink comp="189" pin=2"/></net>

<net id="588"><net_src comp="570" pin="1"/><net_sink comp="196" pin=2"/></net>

<net id="589"><net_src comp="570" pin="1"/><net_sink comp="203" pin=2"/></net>

<net id="590"><net_src comp="570" pin="1"/><net_sink comp="210" pin=2"/></net>

<net id="591"><net_src comp="570" pin="1"/><net_sink comp="217" pin=2"/></net>

<net id="592"><net_src comp="570" pin="1"/><net_sink comp="224" pin=2"/></net>

<net id="593"><net_src comp="570" pin="1"/><net_sink comp="231" pin=2"/></net>

<net id="594"><net_src comp="570" pin="1"/><net_sink comp="238" pin=2"/></net>

<net id="595"><net_src comp="570" pin="1"/><net_sink comp="245" pin=2"/></net>

<net id="596"><net_src comp="570" pin="1"/><net_sink comp="252" pin=2"/></net>

<net id="597"><net_src comp="570" pin="1"/><net_sink comp="259" pin=2"/></net>

<net id="598"><net_src comp="570" pin="1"/><net_sink comp="266" pin=2"/></net>

<net id="599"><net_src comp="570" pin="1"/><net_sink comp="273" pin=2"/></net>

<net id="600"><net_src comp="570" pin="1"/><net_sink comp="280" pin=2"/></net>

<net id="601"><net_src comp="570" pin="1"/><net_sink comp="287" pin=2"/></net>

<net id="602"><net_src comp="570" pin="1"/><net_sink comp="294" pin=2"/></net>

<net id="603"><net_src comp="570" pin="1"/><net_sink comp="301" pin=2"/></net>

<net id="604"><net_src comp="570" pin="1"/><net_sink comp="308" pin=2"/></net>

<net id="605"><net_src comp="570" pin="1"/><net_sink comp="315" pin=2"/></net>

<net id="610"><net_src comp="551" pin="1"/><net_sink comp="606" pin=0"/></net>

<net id="611"><net_src comp="92" pin="0"/><net_sink comp="606" pin=1"/></net>

<net id="616"><net_src comp="606" pin="2"/><net_sink comp="612" pin=0"/></net>

<net id="620"><net_src comp="94" pin="1"/><net_sink comp="617" pin=0"/></net>

<net id="621"><net_src comp="617" pin="1"/><net_sink comp="546" pin=1"/></net>

<net id="622"><net_src comp="617" pin="1"/><net_sink comp="551" pin=0"/></net>

<net id="623"><net_src comp="617" pin="1"/><net_sink comp="612" pin=1"/></net>

</net_list>

</model> 
---------------- Datapath Model END ------------------

* FSMD analyzer results:
  - Output states:
	Port: acc_31 | {1 }
	Port: acc_30 | {1 }
	Port: acc_29 | {1 }
	Port: acc_28 | {1 }
	Port: acc_27 | {1 }
	Port: acc_26 | {1 }
	Port: acc_25 | {1 }
	Port: acc_24 | {1 }
	Port: acc_23 | {1 }
	Port: acc_22 | {1 }
	Port: acc_21 | {1 }
	Port: acc_20 | {1 }
	Port: acc_19 | {1 }
	Port: acc_18 | {1 }
	Port: acc_17 | {1 }
	Port: acc_16 | {1 }
	Port: acc_15 | {1 }
	Port: acc_14 | {1 }
	Port: acc_13 | {1 }
	Port: acc_12 | {1 }
	Port: acc_11 | {1 }
	Port: acc_10 | {1 }
	Port: acc_9 | {1 }
	Port: acc_8 | {1 }
	Port: acc_7 | {1 }
	Port: acc_6 | {1 }
	Port: acc_5 | {1 }
	Port: acc_4 | {1 }
	Port: acc_3 | {1 }
	Port: acc_2 | {1 }
	Port: acc_1 | {1 }
	Port: acc | {1 }
 - Input state : 
  - Chain level:
	State 1
		store_ln48 : 1
		f_4 : 1
		tmp : 2
		br_ln48 : 3
		tmp_2 : 2
		zext_ln48 : 3
		acc_addr : 4
		acc_1_addr : 4
		acc_2_addr : 4
		acc_3_addr : 4
		acc_4_addr : 4
		acc_5_addr : 4
		acc_6_addr : 4
		acc_7_addr : 4
		acc_8_addr : 4
		acc_9_addr : 4
		acc_10_addr : 4
		acc_11_addr : 4
		acc_12_addr : 4
		acc_13_addr : 4
		acc_14_addr : 4
		acc_15_addr : 4
		acc_16_addr : 4
		acc_17_addr : 4
		acc_18_addr : 4
		acc_19_addr : 4
		acc_20_addr : 4
		acc_21_addr : 4
		acc_22_addr : 4
		acc_23_addr : 4
		acc_24_addr : 4
		acc_25_addr : 4
		acc_26_addr : 4
		acc_27_addr : 4
		acc_28_addr : 4
		acc_29_addr : 4
		acc_30_addr : 4
		acc_31_addr : 4
		store_ln51 : 5
		store_ln51 : 5
		store_ln51 : 5
		store_ln51 : 5
		store_ln51 : 5
		store_ln51 : 5
		store_ln51 : 5
		store_ln51 : 5
		store_ln51 : 5
		store_ln51 : 5
		store_ln51 : 5
		store_ln51 : 5
		store_ln51 : 5
		store_ln51 : 5
		store_ln51 : 5
		store_ln51 : 5
		store_ln51 : 5
		store_ln51 : 5
		store_ln51 : 5
		store_ln51 : 5
		store_ln51 : 5
		store_ln51 : 5
		store_ln51 : 5
		store_ln51 : 5
		store_ln51 : 5
		store_ln51 : 5
		store_ln51 : 5
		store_ln51 : 5
		store_ln51 : 5
		store_ln51 : 5
		store_ln51 : 5
		store_ln51 : 5
		add_ln48 : 2
		store_ln48 : 3


============================================================
+ Verbose Summary: Datapath Resource usage 
============================================================

* Functional unit list:
|----------|------------------|---------|---------|
| Operation|  Functional Unit |    FF   |   LUT   |
|----------|------------------|---------|---------|
|    add   |  add_ln48_fu_606 |    0    |    14   |
|----------|------------------|---------|---------|
| bitselect|    tmp_fu_554    |    0    |    0    |
|          |   tmp_2_fu_562   |    0    |    0    |
|----------|------------------|---------|---------|
|   zext   | zext_ln48_fu_570 |    0    |    0    |
|----------|------------------|---------|---------|
|   Total  |                  |    0    |    14   |
|----------|------------------|---------|---------|

Memories:
N/A

* Register list:
+---------+--------+
|         |   FF   |
+---------+--------+
|f_reg_617|    7   |
+---------+--------+
|  Total  |    7   |
+---------+--------+

* Multiplexer (MUX) list: 
|--------|------|------|------|--------|
|  Comp  |  Pin | Size |  BW  | S x BW |
|--------|------|------|------|--------|
|  Total |      |      |      |    0   |
|--------|------|------|------|--------|



* Summary:
+-----------+--------+--------+
|           |   FF   |   LUT  |
+-----------+--------+--------+
|  Function |    0   |   14   |
|   Memory  |    -   |    -   |
|Multiplexer|    -   |    -   |
|  Register |    7   |    -   |
+-----------+--------+--------+
|   Total   |    7   |   14   |
+-----------+--------+--------+
