/home/nat/dev/trinners/mai_proj/hls/thesis-gcn-accelerator/vitis/integrated_gcn/spmm_kernel/spmm_stage/hls/.autopilot/db/spmm_stage.pp.0.cpp:2276:5: remark: Added loop label VITIS_LOOP_676_1:   [xilinx-label-all-loops]
    for (unsigned i = low; i != high+1; ++i) {
    ^
    VITIS_LOOP_676_1: 
/home/nat/dev/trinners/mai_proj/hls/thesis-gcn-accelerator/vitis/integrated_gcn/spmm_kernel/spmm_stage/hls/.autopilot/db/spmm_stage.pp.0.cpp:2276:5: note: FIX-IT applied suggested code changes
/home/nat/dev/trinners/mai_proj/hls/thesis-gcn-accelerator/vitis/integrated_gcn/spmm_kernel/spmm_stage/hls/.autopilot/db/spmm_stage.pp.0.cpp:2290:5: remark: Added loop label VITIS_LOOP_690_1:   [xilinx-label-all-loops]
    for (unsigned i = low; i != high+1; ++i) {
    ^
    VITIS_LOOP_690_1: 
/home/nat/dev/trinners/mai_proj/hls/thesis-gcn-accelerator/vitis/integrated_gcn/spmm_kernel/spmm_stage/hls/.autopilot/db/spmm_stage.pp.0.cpp:2290:5: note: FIX-IT applied suggested code changes
/home/nat/dev/trinners/mai_proj/hls/thesis-gcn-accelerator/vitis/integrated_gcn/spmm_kernel/spmm_stage/hls/.autopilot/db/spmm_stage.pp.0.cpp:2304:5: remark: Added loop label VITIS_LOOP_704_1:   [xilinx-label-all-loops]
    for (unsigned i = low; i != high+1; ++i) {
    ^
    VITIS_LOOP_704_1: 
/home/nat/dev/trinners/mai_proj/hls/thesis-gcn-accelerator/vitis/integrated_gcn/spmm_kernel/spmm_stage/hls/.autopilot/db/spmm_stage.pp.0.cpp:2304:5: note: FIX-IT applied suggested code changes
/home/nat/dev/trinners/mai_proj/hls/thesis-gcn-accelerator/vitis/integrated_gcn/spmm_kernel/spmm_stage/hls/.autopilot/db/spmm_stage.pp.0.cpp:5843:7: remark: Added loop label VITIS_LOOP_1251_1:   [xilinx-label-all-loops]
      for (i = 0; i < __N - 1; ++i) {
      ^
      VITIS_LOOP_1251_1: 
/home/nat/dev/trinners/mai_proj/hls/thesis-gcn-accelerator/vitis/integrated_gcn/spmm_kernel/spmm_stage/hls/.autopilot/db/spmm_stage.pp.0.cpp:5843:7: note: FIX-IT applied suggested code changes
/home/nat/dev/trinners/mai_proj/hls/thesis-gcn-accelerator/vitis/integrated_gcn/spmm_kernel/spmm_stage/hls/.autopilot/db/spmm_stage.pp.0.cpp:55340:5: remark: Added loop label VITIS_LOOP_176_1:   [xilinx-label-all-loops]
    for (size_t i = 0; i < _N; ++i) {
    ^
    VITIS_LOOP_176_1: 
/home/nat/dev/trinners/mai_proj/hls/thesis-gcn-accelerator/vitis/integrated_gcn/spmm_kernel/spmm_stage/hls/.autopilot/db/spmm_stage.pp.0.cpp:55340:5: note: FIX-IT applied suggested code changes
/home/nat/dev/trinners/mai_proj/hls/thesis-gcn-accelerator/vitis/integrated_gcn/spmm_kernel/spmm_stage/hls/.autopilot/db/spmm_stage.pp.0.cpp:55356:5: remark: Added loop label VITIS_LOOP_192_1:   [xilinx-label-all-loops]
    for (size_t i = 0; i < _N; ++i) {
    ^
    VITIS_LOOP_192_1: 
/home/nat/dev/trinners/mai_proj/hls/thesis-gcn-accelerator/vitis/integrated_gcn/spmm_kernel/spmm_stage/hls/.autopilot/db/spmm_stage.pp.0.cpp:55356:5: note: FIX-IT applied suggested code changes
/home/nat/dev/trinners/mai_proj/hls/thesis-gcn-accelerator/vitis/integrated_gcn/spmm_kernel/spmm_stage/hls/.autopilot/db/spmm_stage.pp.0.cpp:55370:5: remark: Added loop label VITIS_LOOP_206_1:   [xilinx-label-all-loops]
    for (size_t i = 0; i < _N; ++i) {
    ^
    VITIS_LOOP_206_1: 
/home/nat/dev/trinners/mai_proj/hls/thesis-gcn-accelerator/vitis/integrated_gcn/spmm_kernel/spmm_stage/hls/.autopilot/db/spmm_stage.pp.0.cpp:55370:5: note: FIX-IT applied suggested code changes
/home/nat/dev/trinners/mai_proj/hls/thesis-gcn-accelerator/vitis/integrated_gcn/spmm_kernel/spmm_stage/hls/.autopilot/db/spmm_stage.pp.0.cpp:55386:100: remark: Added loop label VITIS_LOOP_232_1:   [xilinx-label-all-loops]
  inline __attribute__((always_inline)) __attribute__((nodebug)) vector &operator ++() { pragma(); for (size_t i = 0; i < _N; ++i) {
                                                                                                   ^
                                                                                                   VITIS_LOOP_232_1: 
/home/nat/dev/trinners/mai_proj/hls/thesis-gcn-accelerator/vitis/integrated_gcn/spmm_kernel/spmm_stage/hls/.autopilot/db/spmm_stage.pp.0.cpp:55386:100: note: FIX-IT applied suggested code changes
/home/nat/dev/trinners/mai_proj/hls/thesis-gcn-accelerator/vitis/integrated_gcn/spmm_kernel/spmm_stage/hls/.autopilot/db/spmm_stage.pp.0.cpp:55391:100: remark: Added loop label VITIS_LOOP_233_1:   [xilinx-label-all-loops]
  inline __attribute__((always_inline)) __attribute__((nodebug)) vector &operator --() { pragma(); for (size_t i = 0; i < _N; ++i) {
                                                                                                   ^
                                                                                                   VITIS_LOOP_233_1: 
/home/nat/dev/trinners/mai_proj/hls/thesis-gcn-accelerator/vitis/integrated_gcn/spmm_kernel/spmm_stage/hls/.autopilot/db/spmm_stage.pp.0.cpp:55391:100: note: FIX-IT applied suggested code changes
/home/nat/dev/trinners/mai_proj/hls/thesis-gcn-accelerator/vitis/integrated_gcn/spmm_kernel/spmm_stage/hls/.autopilot/db/spmm_stage.pp.0.cpp:55400:131: remark: Added loop label VITIS_LOOP_261_1:   [xilinx-label-all-loops]
  inline __attribute__((always_inline)) __attribute__((nodebug)) vector &operator +=(const vector &rhs) { pragma(); rhs.pragma(); for (size_t i = 0; i < _N; ++i) {
                                                                                                                                  ^
                                                                                                                                  VITIS_LOOP_261_1: 
/home/nat/dev/trinners/mai_proj/hls/thesis-gcn-accelerator/vitis/integrated_gcn/spmm_kernel/spmm_stage/hls/.autopilot/db/spmm_stage.pp.0.cpp:55400:131: note: FIX-IT applied suggested code changes
/home/nat/dev/trinners/mai_proj/hls/thesis-gcn-accelerator/vitis/integrated_gcn/spmm_kernel/spmm_stage/hls/.autopilot/db/spmm_stage.pp.0.cpp:55405:131: remark: Added loop label VITIS_LOOP_262_1:   [xilinx-label-all-loops]
  inline __attribute__((always_inline)) __attribute__((nodebug)) vector &operator -=(const vector &rhs) { pragma(); rhs.pragma(); for (size_t i = 0; i < _N; ++i) {
                                                                                                                                  ^
                                                                                                                                  VITIS_LOOP_262_1: 
/home/nat/dev/trinners/mai_proj/hls/thesis-gcn-accelerator/vitis/integrated_gcn/spmm_kernel/spmm_stage/hls/.autopilot/db/spmm_stage.pp.0.cpp:55405:131: note: FIX-IT applied suggested code changes
/home/nat/dev/trinners/mai_proj/hls/thesis-gcn-accelerator/vitis/integrated_gcn/spmm_kernel/spmm_stage/hls/.autopilot/db/spmm_stage.pp.0.cpp:55410:131: remark: Added loop label VITIS_LOOP_263_1:   [xilinx-label-all-loops]
  inline __attribute__((always_inline)) __attribute__((nodebug)) vector &operator *=(const vector &rhs) { pragma(); rhs.pragma(); for (size_t i = 0; i < _N; ++i) {
                                                                                                                                  ^
                                                                                                                                  VITIS_LOOP_263_1: 
/home/nat/dev/trinners/mai_proj/hls/thesis-gcn-accelerator/vitis/integrated_gcn/spmm_kernel/spmm_stage/hls/.autopilot/db/spmm_stage.pp.0.cpp:55410:131: note: FIX-IT applied suggested code changes
/home/nat/dev/trinners/mai_proj/hls/thesis-gcn-accelerator/vitis/integrated_gcn/spmm_kernel/spmm_stage/hls/.autopilot/db/spmm_stage.pp.0.cpp:55415:131: remark: Added loop label VITIS_LOOP_264_1:   [xilinx-label-all-loops]
  inline __attribute__((always_inline)) __attribute__((nodebug)) vector &operator /=(const vector &rhs) { pragma(); rhs.pragma(); for (size_t i = 0; i < _N; ++i) {
                                                                                                                                  ^
                                                                                                                                  VITIS_LOOP_264_1: 
/home/nat/dev/trinners/mai_proj/hls/thesis-gcn-accelerator/vitis/integrated_gcn/spmm_kernel/spmm_stage/hls/.autopilot/db/spmm_stage.pp.0.cpp:55415:131: note: FIX-IT applied suggested code changes
/home/nat/dev/trinners/mai_proj/hls/thesis-gcn-accelerator/vitis/integrated_gcn/spmm_kernel/spmm_stage/hls/.autopilot/db/spmm_stage.pp.0.cpp:55420:131: remark: Added loop label VITIS_LOOP_265_1:   [xilinx-label-all-loops]
  inline __attribute__((always_inline)) __attribute__((nodebug)) vector &operator %=(const vector &rhs) { pragma(); rhs.pragma(); for (size_t i = 0; i < _N; ++i) {
                                                                                                                                  ^
                                                                                                                                  VITIS_LOOP_265_1: 
/home/nat/dev/trinners/mai_proj/hls/thesis-gcn-accelerator/vitis/integrated_gcn/spmm_kernel/spmm_stage/hls/.autopilot/db/spmm_stage.pp.0.cpp:55420:131: note: FIX-IT applied suggested code changes
/home/nat/dev/trinners/mai_proj/hls/thesis-gcn-accelerator/vitis/integrated_gcn/spmm_kernel/spmm_stage/hls/.autopilot/db/spmm_stage.pp.0.cpp:55425:131: remark: Added loop label VITIS_LOOP_266_1:   [xilinx-label-all-loops]
  inline __attribute__((always_inline)) __attribute__((nodebug)) vector &operator &=(const vector &rhs) { pragma(); rhs.pragma(); for (size_t i = 0; i < _N; ++i) {
                                                                                                                                  ^
                                                                                                                                  VITIS_LOOP_266_1: 
/home/nat/dev/trinners/mai_proj/hls/thesis-gcn-accelerator/vitis/integrated_gcn/spmm_kernel/spmm_stage/hls/.autopilot/db/spmm_stage.pp.0.cpp:55425:131: note: FIX-IT applied suggested code changes
/home/nat/dev/trinners/mai_proj/hls/thesis-gcn-accelerator/vitis/integrated_gcn/spmm_kernel/spmm_stage/hls/.autopilot/db/spmm_stage.pp.0.cpp:55430:131: remark: Added loop label VITIS_LOOP_267_1:   [xilinx-label-all-loops]
  inline __attribute__((always_inline)) __attribute__((nodebug)) vector &operator |=(const vector &rhs) { pragma(); rhs.pragma(); for (size_t i = 0; i < _N; ++i) {
                                                                                                                                  ^
                                                                                                                                  VITIS_LOOP_267_1: 
/home/nat/dev/trinners/mai_proj/hls/thesis-gcn-accelerator/vitis/integrated_gcn/spmm_kernel/spmm_stage/hls/.autopilot/db/spmm_stage.pp.0.cpp:55430:131: note: FIX-IT applied suggested code changes
/home/nat/dev/trinners/mai_proj/hls/thesis-gcn-accelerator/vitis/integrated_gcn/spmm_kernel/spmm_stage/hls/.autopilot/db/spmm_stage.pp.0.cpp:55435:131: remark: Added loop label VITIS_LOOP_268_1:   [xilinx-label-all-loops]
  inline __attribute__((always_inline)) __attribute__((nodebug)) vector &operator ^=(const vector &rhs) { pragma(); rhs.pragma(); for (size_t i = 0; i < _N; ++i) {
                                                                                                                                  ^
                                                                                                                                  VITIS_LOOP_268_1: 
/home/nat/dev/trinners/mai_proj/hls/thesis-gcn-accelerator/vitis/integrated_gcn/spmm_kernel/spmm_stage/hls/.autopilot/db/spmm_stage.pp.0.cpp:55435:131: note: FIX-IT applied suggested code changes
/home/nat/dev/trinners/mai_proj/hls/thesis-gcn-accelerator/vitis/integrated_gcn/spmm_kernel/spmm_stage/hls/.autopilot/db/spmm_stage.pp.0.cpp:55440:132: remark: Added loop label VITIS_LOOP_269_1:   [xilinx-label-all-loops]
  inline __attribute__((always_inline)) __attribute__((nodebug)) vector &operator <<=(const vector &rhs) { pragma(); rhs.pragma(); for (size_t i = 0; i < _N; ++i) {
                                                                                                                                   ^
                                                                                                                                   VITIS_LOOP_269_1: 
/home/nat/dev/trinners/mai_proj/hls/thesis-gcn-accelerator/vitis/integrated_gcn/spmm_kernel/spmm_stage/hls/.autopilot/db/spmm_stage.pp.0.cpp:55440:132: note: FIX-IT applied suggested code changes
/home/nat/dev/trinners/mai_proj/hls/thesis-gcn-accelerator/vitis/integrated_gcn/spmm_kernel/spmm_stage/hls/.autopilot/db/spmm_stage.pp.0.cpp:55445:132: remark: Added loop label VITIS_LOOP_270_1:   [xilinx-label-all-loops]
  inline __attribute__((always_inline)) __attribute__((nodebug)) vector &operator >>=(const vector &rhs) { pragma(); rhs.pragma(); for (size_t i = 0; i < _N; ++i) {
                                                                                                                                   ^
                                                                                                                                   VITIS_LOOP_270_1: 
/home/nat/dev/trinners/mai_proj/hls/thesis-gcn-accelerator/vitis/integrated_gcn/spmm_kernel/spmm_stage/hls/.autopilot/db/spmm_stage.pp.0.cpp:55445:132: note: FIX-IT applied suggested code changes
/home/nat/dev/trinners/mai_proj/hls/thesis-gcn-accelerator/vitis/integrated_gcn/spmm_kernel/spmm_stage/hls/.autopilot/db/spmm_stage.pp.0.cpp:55451:118: remark: Added loop label VITIS_LOOP_285_1:   [xilinx-label-all-loops]
  inline __attribute__((always_inline)) __attribute__((nodebug)) _T reduce_add() const { pragma(); _T res = data[0]; for (size_t i = 1; i < _N; ++i) {
                                                                                                                     ^
                                                                                                                     VITIS_LOOP_285_1: 
/home/nat/dev/trinners/mai_proj/hls/thesis-gcn-accelerator/vitis/integrated_gcn/spmm_kernel/spmm_stage/hls/.autopilot/db/spmm_stage.pp.0.cpp:55451:118: note: FIX-IT applied suggested code changes
/home/nat/dev/trinners/mai_proj/hls/thesis-gcn-accelerator/vitis/integrated_gcn/spmm_kernel/spmm_stage/hls/.autopilot/db/spmm_stage.pp.0.cpp:55456:119: remark: Added loop label VITIS_LOOP_286_1:   [xilinx-label-all-loops]
  inline __attribute__((always_inline)) __attribute__((nodebug)) _T reduce_mult() const { pragma(); _T res = data[0]; for (size_t i = 1; i < _N; ++i) {
                                                                                                                      ^
                                                                                                                      VITIS_LOOP_286_1: 
/home/nat/dev/trinners/mai_proj/hls/thesis-gcn-accelerator/vitis/integrated_gcn/spmm_kernel/spmm_stage/hls/.autopilot/db/spmm_stage.pp.0.cpp:55456:119: note: FIX-IT applied suggested code changes
/home/nat/dev/trinners/mai_proj/hls/thesis-gcn-accelerator/vitis/integrated_gcn/spmm_kernel/spmm_stage/hls/.autopilot/db/spmm_stage.pp.0.cpp:55461:118: remark: Added loop label VITIS_LOOP_287_1:   [xilinx-label-all-loops]
  inline __attribute__((always_inline)) __attribute__((nodebug)) _T reduce_and() const { pragma(); _T res = data[0]; for (size_t i = 1; i < _N; ++i) {
                                                                                                                     ^
                                                                                                                     VITIS_LOOP_287_1: 
/home/nat/dev/trinners/mai_proj/hls/thesis-gcn-accelerator/vitis/integrated_gcn/spmm_kernel/spmm_stage/hls/.autopilot/db/spmm_stage.pp.0.cpp:55461:118: note: FIX-IT applied suggested code changes
/home/nat/dev/trinners/mai_proj/hls/thesis-gcn-accelerator/vitis/integrated_gcn/spmm_kernel/spmm_stage/hls/.autopilot/db/spmm_stage.pp.0.cpp:55466:117: remark: Added loop label VITIS_LOOP_288_1:   [xilinx-label-all-loops]
  inline __attribute__((always_inline)) __attribute__((nodebug)) _T reduce_or() const { pragma(); _T res = data[0]; for (size_t i = 1; i < _N; ++i) {
                                                                                                                    ^
                                                                                                                    VITIS_LOOP_288_1: 
/home/nat/dev/trinners/mai_proj/hls/thesis-gcn-accelerator/vitis/integrated_gcn/spmm_kernel/spmm_stage/hls/.autopilot/db/spmm_stage.pp.0.cpp:55466:117: note: FIX-IT applied suggested code changes
/home/nat/dev/trinners/mai_proj/hls/thesis-gcn-accelerator/vitis/integrated_gcn/spmm_kernel/spmm_stage/hls/.autopilot/db/spmm_stage.pp.0.cpp:55471:118: remark: Added loop label VITIS_LOOP_289_1:   [xilinx-label-all-loops]
  inline __attribute__((always_inline)) __attribute__((nodebug)) _T reduce_xor() const { pragma(); _T res = data[0]; for (size_t i = 1; i < _N; ++i) {
                                                                                                                     ^
                                                                                                                     VITIS_LOOP_289_1: 
/home/nat/dev/trinners/mai_proj/hls/thesis-gcn-accelerator/vitis/integrated_gcn/spmm_kernel/spmm_stage/hls/.autopilot/db/spmm_stage.pp.0.cpp:55471:118: note: FIX-IT applied suggested code changes
/home/nat/dev/trinners/mai_proj/hls/thesis-gcn-accelerator/vitis/integrated_gcn/spmm_kernel/spmm_stage/hls/.autopilot/db/spmm_stage.pp.0.cpp:55477:157: remark: Added loop label VITIS_LOOP_320_1:   [xilinx-label-all-loops]
  inline __attribute__((always_inline)) __attribute__((nodebug)) friend bool operator <(const vector &lhs, const vector &rhs) { lhs.pragma(); rhs.pragma(); for (size_t i = 0; i < _N; ++i) {
                                                                                                                                                            ^
                                                                                                                                                            VITIS_LOOP_320_1: 
/home/nat/dev/trinners/mai_proj/hls/thesis-gcn-accelerator/vitis/integrated_gcn/spmm_kernel/spmm_stage/hls/.autopilot/db/spmm_stage.pp.0.cpp:55477:157: note: FIX-IT applied suggested code changes
/home/nat/dev/trinners/mai_proj/hls/thesis-gcn-accelerator/vitis/integrated_gcn/spmm_kernel/spmm_stage/hls/.autopilot/db/spmm_stage.pp.0.cpp:55482:158: remark: Added loop label VITIS_LOOP_321_1:   [xilinx-label-all-loops]
  inline __attribute__((always_inline)) __attribute__((nodebug)) friend bool operator <=(const vector &lhs, const vector &rhs) { lhs.pragma(); rhs.pragma(); for (size_t i = 0; i < _N; ++i) {
                                                                                                                                                             ^
                                                                                                                                                             VITIS_LOOP_321_1: 
/home/nat/dev/trinners/mai_proj/hls/thesis-gcn-accelerator/vitis/integrated_gcn/spmm_kernel/spmm_stage/hls/.autopilot/db/spmm_stage.pp.0.cpp:55482:158: note: FIX-IT applied suggested code changes
/home/nat/dev/trinners/mai_proj/hls/thesis-gcn-accelerator/vitis/integrated_gcn/spmm_kernel/spmm_stage/hls/.autopilot/db/spmm_stage.pp.0.cpp:55487:158: remark: Added loop label VITIS_LOOP_322_1:   [xilinx-label-all-loops]
  inline __attribute__((always_inline)) __attribute__((nodebug)) friend bool operator ==(const vector &lhs, const vector &rhs) { lhs.pragma(); rhs.pragma(); for (size_t i = 0; i < _N; ++i) {
                                                                                                                                                             ^
                                                                                                                                                             VITIS_LOOP_322_1: 
/home/nat/dev/trinners/mai_proj/hls/thesis-gcn-accelerator/vitis/integrated_gcn/spmm_kernel/spmm_stage/hls/.autopilot/db/spmm_stage.pp.0.cpp:55487:158: note: FIX-IT applied suggested code changes
/home/nat/dev/trinners/mai_proj/hls/thesis-gcn-accelerator/vitis/integrated_gcn/spmm_kernel/spmm_stage/hls/.autopilot/db/spmm_stage.pp.0.cpp:55492:158: remark: Added loop label VITIS_LOOP_323_1:   [xilinx-label-all-loops]
  inline __attribute__((always_inline)) __attribute__((nodebug)) friend bool operator !=(const vector &lhs, const vector &rhs) { lhs.pragma(); rhs.pragma(); for (size_t i = 0; i < _N; ++i) {
                                                                                                                                                             ^
                                                                                                                                                             VITIS_LOOP_323_1: 
/home/nat/dev/trinners/mai_proj/hls/thesis-gcn-accelerator/vitis/integrated_gcn/spmm_kernel/spmm_stage/hls/.autopilot/db/spmm_stage.pp.0.cpp:55492:158: note: FIX-IT applied suggested code changes
/home/nat/dev/trinners/mai_proj/hls/thesis-gcn-accelerator/vitis/integrated_gcn/spmm_kernel/spmm_stage/hls/.autopilot/db/spmm_stage.pp.0.cpp:55497:158: remark: Added loop label VITIS_LOOP_324_1:   [xilinx-label-all-loops]
  inline __attribute__((always_inline)) __attribute__((nodebug)) friend bool operator >=(const vector &lhs, const vector &rhs) { lhs.pragma(); rhs.pragma(); for (size_t i = 0; i < _N; ++i) {
                                                                                                                                                             ^
                                                                                                                                                             VITIS_LOOP_324_1: 
/home/nat/dev/trinners/mai_proj/hls/thesis-gcn-accelerator/vitis/integrated_gcn/spmm_kernel/spmm_stage/hls/.autopilot/db/spmm_stage.pp.0.cpp:55497:158: note: FIX-IT applied suggested code changes
/home/nat/dev/trinners/mai_proj/hls/thesis-gcn-accelerator/vitis/integrated_gcn/spmm_kernel/spmm_stage/hls/.autopilot/db/spmm_stage.pp.0.cpp:55502:157: remark: Added loop label VITIS_LOOP_325_1:   [xilinx-label-all-loops]
  inline __attribute__((always_inline)) __attribute__((nodebug)) friend bool operator >(const vector &lhs, const vector &rhs) { lhs.pragma(); rhs.pragma(); for (size_t i = 0; i < _N; ++i) {
                                                                                                                                                            ^
                                                                                                                                                            VITIS_LOOP_325_1: 
/home/nat/dev/trinners/mai_proj/hls/thesis-gcn-accelerator/vitis/integrated_gcn/spmm_kernel/spmm_stage/hls/.autopilot/db/spmm_stage.pp.0.cpp:55502:157: note: FIX-IT applied suggested code changes
/home/nat/dev/trinners/mai_proj/hls/thesis-gcn-accelerator/vitis/integrated_gcn/spmm_kernel/spmm_stage/hls/.autopilot/db/spmm_stage.pp.0.cpp:55611:17: remark: Added loop label VITIS_LOOP_65_1:   [xilinx-label-all-loops]
                for (int d = 0; d < DSIZE; d++) {
                ^
                VITIS_LOOP_65_1: 
/home/nat/dev/trinners/mai_proj/hls/thesis-gcn-accelerator/vitis/integrated_gcn/spmm_kernel/spmm_stage/hls/.autopilot/db/spmm_stage.pp.0.cpp:55611:17: note: FIX-IT applied suggested code changes
/home/nat/dev/trinners/mai_proj/hls/thesis-gcn-accelerator/vitis/integrated_gcn/spmm_kernel/spmm_stage/hls/.autopilot/db/spmm_stage.pp.0.cpp:55658:32: warning:  hls::vector type top function variable H_temp requires aggregation [xilinx-aggregate-on-hls-vector]
    hls::vector<DTYPE, DSIZE>* H_temp,
                               ^
/home/nat/dev/trinners/mai_proj/hls/thesis-gcn-accelerator/vitis/integrated_gcn/spmm_kernel/spmm_stage/hls/.autopilot/db/spmm_stage.pp.0.cpp:55661:3: note: FIX-IT applied suggested code changes
){
  ^
/home/nat/dev/trinners/mai_proj/hls/thesis-gcn-accelerator/vitis/integrated_gcn/spmm_kernel/spmm_stage/hls/.autopilot/db/spmm_stage.pp.0.cpp:55658:32: warning:  hls::vector type top function variable H_temp requires align attribute [xilinx-aggregate-on-hls-vector]
    hls::vector<DTYPE, DSIZE>* H_temp,
                               ^
                                      __attribute__((align_value(alignof(hls::vector<DTYPE, DSIZE>)))) 
/home/nat/dev/trinners/mai_proj/hls/thesis-gcn-accelerator/vitis/integrated_gcn/spmm_kernel/spmm_stage/hls/.autopilot/db/spmm_stage.pp.0.cpp:55658:38: note: FIX-IT applied suggested code changes
    hls::vector<DTYPE, DSIZE>* H_temp,
                                     ^
/home/nat/dev/trinners/mai_proj/hls/thesis-gcn-accelerator/vitis/integrated_gcn/spmm_kernel/spmm_stage/hls/.autopilot/db/spmm_stage.pp.0.cpp:55660:32: warning:  hls::vector type top function variable H_out requires aggregation [xilinx-aggregate-on-hls-vector]
    hls::vector<DTYPE, DSIZE>* H_out
                               ^
/home/nat/dev/trinners/mai_proj/hls/thesis-gcn-accelerator/vitis/integrated_gcn/spmm_kernel/spmm_stage/hls/.autopilot/db/spmm_stage.pp.0.cpp:55661:3: note: FIX-IT applied suggested code changes
){
  ^
/home/nat/dev/trinners/mai_proj/hls/thesis-gcn-accelerator/vitis/integrated_gcn/spmm_kernel/spmm_stage/hls/.autopilot/db/spmm_stage.pp.0.cpp:55660:32: warning:  hls::vector type top function variable H_out requires align attribute [xilinx-aggregate-on-hls-vector]
    hls::vector<DTYPE, DSIZE>* H_out
                               ^
                                     __attribute__((align_value(alignof(hls::vector<DTYPE, DSIZE>)))) 
/home/nat/dev/trinners/mai_proj/hls/thesis-gcn-accelerator/vitis/integrated_gcn/spmm_kernel/spmm_stage/hls/.autopilot/db/spmm_stage.pp.0.cpp:55660:37: note: FIX-IT applied suggested code changes
    hls::vector<DTYPE, DSIZE>* H_out
                                    ^
