

================================================================
== Vitis HLS Report for 'spmm_load_csr_Pipeline_LOAD_ROWS'
================================================================
* Date:           Wed Apr 15 14:24:43 2026

* Version:        2025.2 (Build 6295257 on Nov 14 2025)
* Project:        spmm_stage
* Solution:       hls (Vivado IP Flow Target)
* Product family: zynquplus
* Target device:  xck26-sfvc784-2LV-c


================================================================
== Performance Estimates
================================================================
+ Timing: 
    * Summary: 
    +--------+----------+----------+------------+
    |  Clock |  Target  | Estimated| Uncertainty|
    +--------+----------+----------+------------+
    |ap_clk  |  10.00 ns|  7.300 ns|     2.70 ns|
    +--------+----------+----------+------------+

+ Latency: 
    * Summary: 
    +---------+---------+-----------+-----------+-----+-----+-------------------+
    |  Latency (cycles) |   Latency (absolute)  |  Interval |      Pipeline     |
    |   min   |   max   |    min    |    max    | min | max |        Type       |
    +---------+---------+-----------+-----------+-----+-----+-------------------+
    |     2711|     2711|  27.110 us|  27.110 us|    0|    0|  loop pipeline stp|
    +---------+---------+-----------+-----------+-----+-----+-------------------+

    + Detail: 
        * Instance: 
        N/A

        * Loop: 
        +-------------+---------+---------+----------+-----------+-----------+------+----------+
        |             |  Latency (cycles) | Iteration|  Initiation Interval  | Trip |          |
        |  Loop Name  |   min   |   max   |  Latency |  achieved |   target  | Count| Pipelined|
        +-------------+---------+---------+----------+-----------+-----------+------+----------+
        |- LOAD_ROWS  |     2709|     2709|         3|          1|          1|  2708|       yes|
        +-------------+---------+---------+----------+-----------+-----------+------+----------+

============================================================
+ Verbose Summary: Synthesis Manager
============================================================
InlineROM: 1
ExposeGlobal: 0
============================================================
+ Verbose Summary: CDFG Model
============================================================
IsTopModel: 0
ResetActiveHigh: 1
IsCombinational: 0
IsDatapathOnly: 0
HasWiredReturn: 1
HasMFsm: 2
HasVarLatency: 1
IsPipeline: 0
IsRtlPipelined: 0
IsInstanceOverlapped: 0
IsDontTouch: 0
HasImplIP: 0
IsGatedGlobalClock: 0

+ Individual pipeline summary: 
  * Pipeline-0: initiation interval (II) = 1, depth = 3


============================================================
+ Verbose Summary: Schedule
============================================================
* Number of FSM states : 3
* Pipeline : 1
  Pipeline-0 : II = 1, D = 3, States = { 1 2 3 }
* Dataflow Pipeline: 0

* FSM state transitions: 
1 --> 2 
2 --> 3 
3 --> 

* FSM state operations: 

State 1 <SV = 0> <Delay = 1.66>
ST_1 : Operation 6 [1/1] (0.00ns)   --->   "%i = alloca i32 1" [src/integrated-gcn/spmm_stage.cpp:17]   --->   Operation 6 'alloca' 'i' <Predicate = true> <Delay = 0.00>
ST_1 : Operation 7 [1/1] (0.00ns)   --->   "%sext_ln17_read = read i62 @_ssdm_op_Read.ap_auto.i62, i62 %sext_ln17"   --->   Operation 7 'read' 'sext_ln17_read' <Predicate = true> <Delay = 0.00>
ST_1 : Operation 8 [1/1] (0.00ns)   --->   "%sext_ln17_cast = sext i62 %sext_ln17_read"   --->   Operation 8 'sext' 'sext_ln17_cast' <Predicate = true> <Delay = 0.00>
ST_1 : Operation 9 [1/1] (0.00ns)   --->   "%specinterface_ln0 = specinterface void @_ssdm_op_SpecInterface, i32 %gmem0, void @empty, i32 0, i32 0, void @empty_7, i32 0, i32 0, void @empty_25, void @empty_19, void @empty_7, i32 16, i32 16, i32 16, i32 16, void @empty_7, void @empty_7, i32 4294967295, i32 0, i32 0, i32 4"   --->   Operation 9 'specinterface' 'specinterface_ln0' <Predicate = true> <Delay = 0.00>
ST_1 : Operation 10 [1/1] (0.00ns)   --->   "%specinterface_ln0 = specinterface void @_ssdm_op_SpecInterface, i32 %row_fifo, void @empty_18, i32 0, i32 0, void @empty_7, i32 0, i32 0, void @empty_7, void @empty_7, void @empty_7, i32 0, i32 0, i32 0, i32 0, void @empty_7, void @empty_7, i32 4294967295, i32 0, i32 0, i32 0"   --->   Operation 10 'specinterface' 'specinterface_ln0' <Predicate = true> <Delay = 0.00>
ST_1 : Operation 11 [1/1] (0.42ns)   --->   "%store_ln17 = store i12 0, i12 %i" [src/integrated-gcn/spmm_stage.cpp:17]   --->   Operation 11 'store' 'store_ln17' <Predicate = true> <Delay = 0.42>
ST_1 : Operation 12 [1/1] (0.00ns)   --->   "%br_ln0 = br void %for.inc"   --->   Operation 12 'br' 'br_ln0' <Predicate = true> <Delay = 0.00>
ST_1 : Operation 13 [1/1] (0.00ns)   --->   "%i_6 = load i12 %i" [src/integrated-gcn/spmm_stage.cpp:17]   --->   Operation 13 'load' 'i_6' <Predicate = true> <Delay = 0.00>
ST_1 : Operation 14 [1/1] (0.80ns)   --->   "%icmp_ln17 = icmp_eq  i12 %i_6, i12 2708" [src/integrated-gcn/spmm_stage.cpp:17]   --->   Operation 14 'icmp' 'icmp_ln17' <Predicate = true> <Delay = 0.80> <CoreInst = "Cmp">   --->   Core 9 'Cmp' <Latency = 0> <II = 1> <Delay = 0.80> <FuncUnit> <Opcode : 'seteq' 'setne' 'setle' 'setge' 'setlt' 'setgt'> <InPorts = 2> <OutPorts = 1>
ST_1 : Operation 15 [1/1] (0.80ns)   --->   "%add_ln17 = add i12 %i_6, i12 1" [src/integrated-gcn/spmm_stage.cpp:17]   --->   Operation 15 'add' 'add_ln17' <Predicate = true> <Delay = 0.80> <CoreInst = "Adder">   --->   Core 1 'Adder' <Latency = 0> <II = 1> <Delay = 0.80> <FuncUnit> <Opcode : 'add' 'sub'> <InPorts = 2> <OutPorts = 1>
ST_1 : Operation 16 [1/1] (0.00ns)   --->   "%br_ln17 = br i1 %icmp_ln17, void %for.inc.split, void %LOAD_NNZ.exitStub" [src/integrated-gcn/spmm_stage.cpp:17]   --->   Operation 16 'br' 'br_ln17' <Predicate = true> <Delay = 0.00>
ST_1 : Operation 17 [1/1] (0.42ns)   --->   "%store_ln17 = store i12 %add_ln17, i12 %i" [src/integrated-gcn/spmm_stage.cpp:17]   --->   Operation 17 'store' 'store_ln17' <Predicate = (!icmp_ln17)> <Delay = 0.42>

State 2 <SV = 1> <Delay = 7.30>
ST_2 : Operation 18 [1/1] (0.00ns)   --->   "%gmem0_addr = getelementptr i32 %gmem0, i64 %sext_ln17_cast" [src/integrated-gcn/spmm_stage.cpp:17]   --->   Operation 18 'getelementptr' 'gmem0_addr' <Predicate = true> <Delay = 0.00>
ST_2 : Operation 19 [1/1] ( I:7.30ns O:7.30ns )   --->   "%gmem0_addr_read = read i32 @_ssdm_op_Read.m_axi.i32.p1i32, i32 %gmem0_addr" [src/integrated-gcn/spmm_stage.cpp:19]   --->   Operation 19 'read' 'gmem0_addr_read' <Predicate = true> <Delay = 7.30> <CoreInst = "m_axi">   --->   Core 119 'm_axi' <Latency = 3> <II = 1> <Delay = 1.00> <Adapter> <Opcode : 'readrequnaligned' 'writerequnaligned' 'read' 'write' 'readreq' 'writereq' 'writeresp'>
ST_2 : Operation 25 [1/1] (0.42ns)   --->   "%ret_ln0 = ret"   --->   Operation 25 'ret' 'ret_ln0' <Predicate = (icmp_ln17)> <Delay = 0.42>

State 3 <SV = 2> <Delay = 2.04>
ST_3 : Operation 20 [1/1] (0.00ns)   --->   "%specpipeline_ln18 = specpipeline void @_ssdm_op_SpecPipeline, i32 1, i32 0, i32 0, i32 0, i32 4294967295, void @empty_7" [src/integrated-gcn/spmm_stage.cpp:18]   --->   Operation 20 'specpipeline' 'specpipeline_ln18' <Predicate = true> <Delay = 0.00>
ST_3 : Operation 21 [1/1] (0.00ns)   --->   "%speclooptripcount_ln17 = speclooptripcount void @_ssdm_op_SpecLoopTripCount, i64 2708, i64 2708, i64 2708" [src/integrated-gcn/spmm_stage.cpp:17]   --->   Operation 21 'speclooptripcount' 'speclooptripcount_ln17' <Predicate = true> <Delay = 0.00>
ST_3 : Operation 22 [1/1] (0.00ns)   --->   "%specloopname_ln17 = specloopname void @_ssdm_op_SpecLoopName, void @empty_9" [src/integrated-gcn/spmm_stage.cpp:17]   --->   Operation 22 'specloopname' 'specloopname_ln17' <Predicate = true> <Delay = 0.00>
ST_3 : Operation 23 [1/1] ( I:2.04ns O:2.04ns )   --->   "%write_ln19 = write void @_ssdm_op_Write.ap_fifo.volatile.i32P0A, i32 %row_fifo, i32 %gmem0_addr_read" [src/integrated-gcn/spmm_stage.cpp:19]   --->   Operation 23 'write' 'write_ln19' <Predicate = true> <Delay = 2.04> <CoreInst = "FIFO_SRL">   --->   Core 80 'FIFO_SRL' <Latency = 0> <II = 1> <Delay = 2.04> <Storage> <Opcode : 'read' 'write' 'nbread' 'nbwrite'> <Ports = 0> <Width = 32> <Depth = 16> <FIFO>
ST_3 : Operation 24 [1/1] (0.00ns)   --->   "%br_ln17 = br void %for.inc" [src/integrated-gcn/spmm_stage.cpp:17]   --->   Operation 24 'br' 'br_ln17' <Predicate = true> <Delay = 0.00>


============================================================
+ Verbose Summary: Timing violations
============================================================
Target clock period: 10.000ns, clock uncertainty: 2.700ns.

 <State 1>: 1.663ns
The critical path consists of the following:
	'store' operation ('store_ln17', src/integrated-gcn/spmm_stage.cpp:17) of constant 0 12 bit on local variable 'i', src/integrated-gcn/spmm_stage.cpp:17 [9]  (0.427 ns)
	'load' operation 12 bit ('i', src/integrated-gcn/spmm_stage.cpp:17) on local variable 'i', src/integrated-gcn/spmm_stage.cpp:17 [12]  (0.000 ns)
	'icmp' operation 1 bit ('icmp_ln17', src/integrated-gcn/spmm_stage.cpp:17) [13]  (0.809 ns)
	'store' operation ('store_ln17', src/integrated-gcn/spmm_stage.cpp:17) of variable 'add_ln17', src/integrated-gcn/spmm_stage.cpp:17 12 bit on local variable 'i', src/integrated-gcn/spmm_stage.cpp:17 [23]  (0.427 ns)

 <State 2>: 7.300ns
The critical path consists of the following:
	'getelementptr' operation 32 bit ('gmem0_addr', src/integrated-gcn/spmm_stage.cpp:17) [17]  (0.000 ns)
	bus read operation ('gmem0_addr_read', src/integrated-gcn/spmm_stage.cpp:19) on port 'gmem0' (src/integrated-gcn/spmm_stage.cpp:19) [21]  (7.300 ns)

 <State 3>: 2.044ns
The critical path consists of the following:
	fifo write operation ('write_ln19', src/integrated-gcn/spmm_stage.cpp:19) on port 'row_fifo' (src/integrated-gcn/spmm_stage.cpp:19) [22]  (2.044 ns)


============================================================
+ Verbose Summary: Binding
============================================================
N/A
* FSMD analyzer results:
  - Output states:
 - Input state : 
  - Chain level:
	State 1
	State 2
	State 3


============================================================
+ Verbose Summary: Datapath Resource usage 
============================================================
N/A
