

================================================================
== Vitis HLS Report for 'spmm_load_csr'
================================================================
* Date:           Wed Apr 15 14:24:43 2026

* Version:        2025.2 (Build 6295257 on Nov 14 2025)
* Project:        spmm_stage
* Solution:       hls (Vivado IP Flow Target)
* Product family: zynquplus
* Target device:  xck26-sfvc784-2LV-c


================================================================
== Performance Estimates
================================================================
+ Timing: 
    * Summary: 
    +--------+----------+----------+------------+
    |  Clock |  Target  | Estimated| Uncertainty|
    +--------+----------+----------+------------+
    |ap_clk  |  10.00 ns|  7.300 ns|     2.70 ns|
    +--------+----------+----------+------------+

+ Latency: 
    * Summary: 
    +---------+---------+----------+----------+-----+-----+---------+
    |  Latency (cycles) |  Latency (absolute) |  Interval | Pipeline|
    |   min   |   max   |    min   |    max   | min | max |   Type  |
    +---------+---------+----------+----------+-----+-----+---------+
    |        ?|        ?|         ?|         ?|    ?|    ?|       no|
    +---------+---------+----------+----------+-----+-----+---------+

    + Detail: 
        * Instance: 
        +---------------------------------------------+----------------------------------+---------+---------+-----------+-----------+-----+-----+-------------------+
        |                                             |                                  |  Latency (cycles) |   Latency (absolute)  |  Interval |      Pipeline     |
        |                   Instance                  |              Module              |   min   |   max   |    min    |    max    | min | max |        Type       |
        +---------------------------------------------+----------------------------------+---------+---------+-----------+-----------+-----+-----+-------------------+
        |grp_spmm_load_csr_Pipeline_LOAD_ROWS_fu_115  |spmm_load_csr_Pipeline_LOAD_ROWS  |     2711|     2711|  27.110 us|  27.110 us|    0|    0|  loop pipeline stp|
        |grp_spmm_load_csr_Pipeline_LOAD_NNZ_fu_124   |spmm_load_csr_Pipeline_LOAD_NNZ   |        ?|        ?|          ?|          ?|    0|    0|  loop pipeline stp|
        +---------------------------------------------+----------------------------------+---------+---------+-----------+-----------+-----+-----+-------------------+

        * Loop: 
        N/A



================================================================
== Utilization Estimates
================================================================
* Summary: 
+-----------------+---------+------+--------+--------+-----+
|       Name      | BRAM_18K|  DSP |   FF   |   LUT  | URAM|
+-----------------+---------+------+--------+--------+-----+
|DSP              |        -|     -|       -|       -|    -|
|Expression       |        -|     -|       0|      74|    -|
|FIFO             |        -|     -|       -|       -|    -|
|Instance         |        -|     -|     135|     253|    -|
|Memory           |        -|     -|       -|       -|    -|
|Multiplexer      |        -|     -|       0|     497|    -|
|Register         |        -|     -|     266|       -|    -|
+-----------------+---------+------+--------+--------+-----+
|Total            |        0|     0|     401|     824|    0|
+-----------------+---------+------+--------+--------+-----+
|Available        |      288|  1248|  234240|  117120|   64|
+-----------------+---------+------+--------+--------+-----+
|Utilization (%)  |        0|     0|      ~0|      ~0|    0|
+-----------------+---------+------+--------+--------+-----+

+ Detail: 
    * Instance: 
    +---------------------------------------------+----------------------------------+---------+----+----+-----+-----+
    |                   Instance                  |              Module              | BRAM_18K| DSP| FF | LUT | URAM|
    +---------------------------------------------+----------------------------------+---------+----+----+-----+-----+
    |grp_spmm_load_csr_Pipeline_LOAD_NNZ_fu_124   |spmm_load_csr_Pipeline_LOAD_NNZ   |        0|   0|  86|  157|    0|
    |grp_spmm_load_csr_Pipeline_LOAD_ROWS_fu_115  |spmm_load_csr_Pipeline_LOAD_ROWS  |        0|   0|  49|   96|    0|
    +---------------------------------------------+----------------------------------+---------+----+----+-----+-----+
    |Total                                        |                                  |        0|   0| 135|  253|    0|
    +---------------------------------------------+----------------------------------+---------+----+----+-----+-----+

    * DSP: 
    N/A

    * Memory: 
    N/A

    * FIFO: 
    N/A

    * Expression: 
    +---------------------+----------+----+---+----+------------+------------+
    |    Variable Name    | Operation| DSP| FF| LUT| Bitwidth P0| Bitwidth P1|
    +---------------------+----------+----+---+----+------------+------------+
    |icmp_ln23_fu_139_p2  |      icmp|   0|  0|  39|          32|           1|
    |ap_block_state1      |        or|   0|  0|   2|           1|           1|
    |ap_block_state2_io   |        or|   0|  0|   2|           1|           1|
    |empty_102_fu_149_p3  |    select|   0|  0|  31|           1|          31|
    +---------------------+----------+----+---+----+------------+------------+
    |Total                |          |   0|  0|  74|          35|          34|
    +---------------------+----------+----+---+----+------------+------------+

    * Multiplexer: 
    +------------------------+----+-----------+-----+-----------+
    |          Name          | LUT| Input Size| Bits| Total Bits|
    +------------------------+----+-----------+-----+-----------+
    |ap_NS_fsm               |  65|         14|    1|         14|
    |ap_done                 |   9|          2|    1|          2|
    |gmem0_blk_n_AR          |   9|          2|    1|          2|
    |gmem1_blk_n_AR          |   9|          2|    1|          2|
    |gmem2_blk_n_AR          |   9|          2|    1|          2|
    |m_axi_gmem0_0_ARADDR    |  14|          3|   64|        192|
    |m_axi_gmem0_0_ARBURST   |   9|          2|    2|          4|
    |m_axi_gmem0_0_ARCACHE   |   9|          2|    4|          8|
    |m_axi_gmem0_0_ARID      |   9|          2|    1|          2|
    |m_axi_gmem0_0_ARLEN     |  14|          3|   32|         96|
    |m_axi_gmem0_0_ARLOCK    |   9|          2|    2|          4|
    |m_axi_gmem0_0_ARPROT    |   9|          2|    3|          6|
    |m_axi_gmem0_0_ARQOS     |   9|          2|    4|          8|
    |m_axi_gmem0_0_ARREGION  |   9|          2|    4|          8|
    |m_axi_gmem0_0_ARSIZE    |   9|          2|    3|          6|
    |m_axi_gmem0_0_ARUSER    |   9|          2|    1|          2|
    |m_axi_gmem0_0_ARVALID   |  14|          3|    1|          3|
    |m_axi_gmem0_0_RREADY    |   9|          2|    1|          2|
    |m_axi_gmem1_0_ARADDR    |  14|          3|   64|        192|
    |m_axi_gmem1_0_ARBURST   |   9|          2|    2|          4|
    |m_axi_gmem1_0_ARCACHE   |   9|          2|    4|          8|
    |m_axi_gmem1_0_ARID      |   9|          2|    1|          2|
    |m_axi_gmem1_0_ARLEN     |  14|          3|   32|         96|
    |m_axi_gmem1_0_ARLOCK    |   9|          2|    2|          4|
    |m_axi_gmem1_0_ARPROT    |   9|          2|    3|          6|
    |m_axi_gmem1_0_ARQOS     |   9|          2|    4|          8|
    |m_axi_gmem1_0_ARREGION  |   9|          2|    4|          8|
    |m_axi_gmem1_0_ARSIZE    |   9|          2|    3|          6|
    |m_axi_gmem1_0_ARUSER    |   9|          2|    1|          2|
    |m_axi_gmem1_0_ARVALID   |  14|          3|    1|          3|
    |m_axi_gmem1_0_RREADY    |   9|          2|    1|          2|
    |m_axi_gmem2_0_ARADDR    |  14|          3|   64|        192|
    |m_axi_gmem2_0_ARBURST   |   9|          2|    2|          4|
    |m_axi_gmem2_0_ARCACHE   |   9|          2|    4|          8|
    |m_axi_gmem2_0_ARID      |   9|          2|    1|          2|
    |m_axi_gmem2_0_ARLEN     |  14|          3|   32|         96|
    |m_axi_gmem2_0_ARLOCK    |   9|          2|    2|          4|
    |m_axi_gmem2_0_ARPROT    |   9|          2|    3|          6|
    |m_axi_gmem2_0_ARQOS     |   9|          2|    4|          8|
    |m_axi_gmem2_0_ARREGION  |   9|          2|    4|          8|
    |m_axi_gmem2_0_ARSIZE    |   9|          2|    3|          6|
    |m_axi_gmem2_0_ARUSER    |   9|          2|    1|          2|
    |m_axi_gmem2_0_ARVALID   |  14|          3|    1|          3|
    |m_axi_gmem2_0_RREADY    |   9|          2|    1|          2|
    +------------------------+----+-----------+-----+-----------+
    |Total                   | 497|        109|  371|       1045|
    +------------------------+----+-----------+-----+-----------+

    * Register: 
    +----------------------------------------------------------+----+----+-----+-----------+
    |                           Name                           | FF | LUT| Bits| Const Bits|
    +----------------------------------------------------------+----+----+-----+-----------+
    |ap_CS_fsm                                                 |  13|   0|   13|          0|
    |ap_done_reg                                               |   1|   0|    1|          0|
    |empty_102_reg_258                                         |  31|   0|   31|          0|
    |grp_spmm_load_csr_Pipeline_LOAD_NNZ_fu_124_ap_start_reg   |   1|   0|    1|          0|
    |grp_spmm_load_csr_Pipeline_LOAD_ROWS_fu_115_ap_start_reg  |   1|   0|    1|          0|
    |nnz_total_read_reg_253                                    |  32|   0|   32|          0|
    |trunc_ln23_1_reg_289                                      |  63|   0|   63|          0|
    |trunc_ln2_reg_273                                         |  62|   0|   62|          0|
    |trunc_ln_reg_263                                          |  62|   0|   62|          0|
    +----------------------------------------------------------+----+----+-----+-----------+
    |Total                                                     | 266|   0|  266|          0|
    +----------------------------------------------------------+----+----+-----+-----------+



================================================================
== Interface
================================================================
* Summary: 
+-------------------------+-----+-----+------------+---------------+--------------+
|        RTL Ports        | Dir | Bits|  Protocol  | Source Object |    C Type    |
+-------------------------+-----+-----+------------+---------------+--------------+
|ap_clk                   |   in|    1|  ap_ctrl_hs|  spmm_load_csr|  return value|
|ap_rst                   |   in|    1|  ap_ctrl_hs|  spmm_load_csr|  return value|
|ap_start                 |   in|    1|  ap_ctrl_hs|  spmm_load_csr|  return value|
|ap_done                  |  out|    1|  ap_ctrl_hs|  spmm_load_csr|  return value|
|ap_continue              |   in|    1|  ap_ctrl_hs|  spmm_load_csr|  return value|
|ap_idle                  |  out|    1|  ap_ctrl_hs|  spmm_load_csr|  return value|
|ap_ready                 |  out|    1|  ap_ctrl_hs|  spmm_load_csr|  return value|
|m_axi_gmem0_0_AWVALID    |  out|    1|       m_axi|          gmem0|       pointer|
|m_axi_gmem0_0_AWREADY    |   in|    1|       m_axi|          gmem0|       pointer|
|m_axi_gmem0_0_AWADDR     |  out|   64|       m_axi|          gmem0|       pointer|
|m_axi_gmem0_0_AWID       |  out|    1|       m_axi|          gmem0|       pointer|
|m_axi_gmem0_0_AWLEN      |  out|   32|       m_axi|          gmem0|       pointer|
|m_axi_gmem0_0_AWSIZE     |  out|    3|       m_axi|          gmem0|       pointer|
|m_axi_gmem0_0_AWBURST    |  out|    2|       m_axi|          gmem0|       pointer|
|m_axi_gmem0_0_AWLOCK     |  out|    2|       m_axi|          gmem0|       pointer|
|m_axi_gmem0_0_AWCACHE    |  out|    4|       m_axi|          gmem0|       pointer|
|m_axi_gmem0_0_AWPROT     |  out|    3|       m_axi|          gmem0|       pointer|
|m_axi_gmem0_0_AWQOS      |  out|    4|       m_axi|          gmem0|       pointer|
|m_axi_gmem0_0_AWREGION   |  out|    4|       m_axi|          gmem0|       pointer|
|m_axi_gmem0_0_AWUSER     |  out|    1|       m_axi|          gmem0|       pointer|
|m_axi_gmem0_0_WVALID     |  out|    1|       m_axi|          gmem0|       pointer|
|m_axi_gmem0_0_WREADY     |   in|    1|       m_axi|          gmem0|       pointer|
|m_axi_gmem0_0_WDATA      |  out|   32|       m_axi|          gmem0|       pointer|
|m_axi_gmem0_0_WSTRB      |  out|    4|       m_axi|          gmem0|       pointer|
|m_axi_gmem0_0_WLAST      |  out|    1|       m_axi|          gmem0|       pointer|
|m_axi_gmem0_0_WID        |  out|    1|       m_axi|          gmem0|       pointer|
|m_axi_gmem0_0_WUSER      |  out|    1|       m_axi|          gmem0|       pointer|
|m_axi_gmem0_0_ARVALID    |  out|    1|       m_axi|          gmem0|       pointer|
|m_axi_gmem0_0_ARREADY    |   in|    1|       m_axi|          gmem0|       pointer|
|m_axi_gmem0_0_ARADDR     |  out|   64|       m_axi|          gmem0|       pointer|
|m_axi_gmem0_0_ARID       |  out|    1|       m_axi|          gmem0|       pointer|
|m_axi_gmem0_0_ARLEN      |  out|   32|       m_axi|          gmem0|       pointer|
|m_axi_gmem0_0_ARSIZE     |  out|    3|       m_axi|          gmem0|       pointer|
|m_axi_gmem0_0_ARBURST    |  out|    2|       m_axi|          gmem0|       pointer|
|m_axi_gmem0_0_ARLOCK     |  out|    2|       m_axi|          gmem0|       pointer|
|m_axi_gmem0_0_ARCACHE    |  out|    4|       m_axi|          gmem0|       pointer|
|m_axi_gmem0_0_ARPROT     |  out|    3|       m_axi|          gmem0|       pointer|
|m_axi_gmem0_0_ARQOS      |  out|    4|       m_axi|          gmem0|       pointer|
|m_axi_gmem0_0_ARREGION   |  out|    4|       m_axi|          gmem0|       pointer|
|m_axi_gmem0_0_ARUSER     |  out|    1|       m_axi|          gmem0|       pointer|
|m_axi_gmem0_0_RVALID     |   in|    1|       m_axi|          gmem0|       pointer|
|m_axi_gmem0_0_RREADY     |  out|    1|       m_axi|          gmem0|       pointer|
|m_axi_gmem0_0_RDATA      |   in|   32|       m_axi|          gmem0|       pointer|
|m_axi_gmem0_0_RLAST      |   in|    1|       m_axi|          gmem0|       pointer|
|m_axi_gmem0_0_RID        |   in|    1|       m_axi|          gmem0|       pointer|
|m_axi_gmem0_0_RFIFONUM   |   in|    9|       m_axi|          gmem0|       pointer|
|m_axi_gmem0_0_RUSER      |   in|    1|       m_axi|          gmem0|       pointer|
|m_axi_gmem0_0_RRESP      |   in|    2|       m_axi|          gmem0|       pointer|
|m_axi_gmem0_0_BVALID     |   in|    1|       m_axi|          gmem0|       pointer|
|m_axi_gmem0_0_BREADY     |  out|    1|       m_axi|          gmem0|       pointer|
|m_axi_gmem0_0_BRESP      |   in|    2|       m_axi|          gmem0|       pointer|
|m_axi_gmem0_0_BID        |   in|    1|       m_axi|          gmem0|       pointer|
|m_axi_gmem0_0_BUSER      |   in|    1|       m_axi|          gmem0|       pointer|
|row_length               |   in|   64|     ap_none|     row_length|        scalar|
|m_axi_gmem1_0_AWVALID    |  out|    1|       m_axi|          gmem1|       pointer|
|m_axi_gmem1_0_AWREADY    |   in|    1|       m_axi|          gmem1|       pointer|
|m_axi_gmem1_0_AWADDR     |  out|   64|       m_axi|          gmem1|       pointer|
|m_axi_gmem1_0_AWID       |  out|    1|       m_axi|          gmem1|       pointer|
|m_axi_gmem1_0_AWLEN      |  out|   32|       m_axi|          gmem1|       pointer|
|m_axi_gmem1_0_AWSIZE     |  out|    3|       m_axi|          gmem1|       pointer|
|m_axi_gmem1_0_AWBURST    |  out|    2|       m_axi|          gmem1|       pointer|
|m_axi_gmem1_0_AWLOCK     |  out|    2|       m_axi|          gmem1|       pointer|
|m_axi_gmem1_0_AWCACHE    |  out|    4|       m_axi|          gmem1|       pointer|
|m_axi_gmem1_0_AWPROT     |  out|    3|       m_axi|          gmem1|       pointer|
|m_axi_gmem1_0_AWQOS      |  out|    4|       m_axi|          gmem1|       pointer|
|m_axi_gmem1_0_AWREGION   |  out|    4|       m_axi|          gmem1|       pointer|
|m_axi_gmem1_0_AWUSER     |  out|    1|       m_axi|          gmem1|       pointer|
|m_axi_gmem1_0_WVALID     |  out|    1|       m_axi|          gmem1|       pointer|
|m_axi_gmem1_0_WREADY     |   in|    1|       m_axi|          gmem1|       pointer|
|m_axi_gmem1_0_WDATA      |  out|   32|       m_axi|          gmem1|       pointer|
|m_axi_gmem1_0_WSTRB      |  out|    4|       m_axi|          gmem1|       pointer|
|m_axi_gmem1_0_WLAST      |  out|    1|       m_axi|          gmem1|       pointer|
|m_axi_gmem1_0_WID        |  out|    1|       m_axi|          gmem1|       pointer|
|m_axi_gmem1_0_WUSER      |  out|    1|       m_axi|          gmem1|       pointer|
|m_axi_gmem1_0_ARVALID    |  out|    1|       m_axi|          gmem1|       pointer|
|m_axi_gmem1_0_ARREADY    |   in|    1|       m_axi|          gmem1|       pointer|
|m_axi_gmem1_0_ARADDR     |  out|   64|       m_axi|          gmem1|       pointer|
|m_axi_gmem1_0_ARID       |  out|    1|       m_axi|          gmem1|       pointer|
|m_axi_gmem1_0_ARLEN      |  out|   32|       m_axi|          gmem1|       pointer|
|m_axi_gmem1_0_ARSIZE     |  out|    3|       m_axi|          gmem1|       pointer|
|m_axi_gmem1_0_ARBURST    |  out|    2|       m_axi|          gmem1|       pointer|
|m_axi_gmem1_0_ARLOCK     |  out|    2|       m_axi|          gmem1|       pointer|
|m_axi_gmem1_0_ARCACHE    |  out|    4|       m_axi|          gmem1|       pointer|
|m_axi_gmem1_0_ARPROT     |  out|    3|       m_axi|          gmem1|       pointer|
|m_axi_gmem1_0_ARQOS      |  out|    4|       m_axi|          gmem1|       pointer|
|m_axi_gmem1_0_ARREGION   |  out|    4|       m_axi|          gmem1|       pointer|
|m_axi_gmem1_0_ARUSER     |  out|    1|       m_axi|          gmem1|       pointer|
|m_axi_gmem1_0_RVALID     |   in|    1|       m_axi|          gmem1|       pointer|
|m_axi_gmem1_0_RREADY     |  out|    1|       m_axi|          gmem1|       pointer|
|m_axi_gmem1_0_RDATA      |   in|   32|       m_axi|          gmem1|       pointer|
|m_axi_gmem1_0_RLAST      |   in|    1|       m_axi|          gmem1|       pointer|
|m_axi_gmem1_0_RID        |   in|    1|       m_axi|          gmem1|       pointer|
|m_axi_gmem1_0_RFIFONUM   |   in|    9|       m_axi|          gmem1|       pointer|
|m_axi_gmem1_0_RUSER      |   in|    1|       m_axi|          gmem1|       pointer|
|m_axi_gmem1_0_RRESP      |   in|    2|       m_axi|          gmem1|       pointer|
|m_axi_gmem1_0_BVALID     |   in|    1|       m_axi|          gmem1|       pointer|
|m_axi_gmem1_0_BREADY     |  out|    1|       m_axi|          gmem1|       pointer|
|m_axi_gmem1_0_BRESP      |   in|    2|       m_axi|          gmem1|       pointer|
|m_axi_gmem1_0_BID        |   in|    1|       m_axi|          gmem1|       pointer|
|m_axi_gmem1_0_BUSER      |   in|    1|       m_axi|          gmem1|       pointer|
|colind                   |   in|   64|     ap_none|         colind|        scalar|
|m_axi_gmem2_0_AWVALID    |  out|    1|       m_axi|          gmem2|       pointer|
|m_axi_gmem2_0_AWREADY    |   in|    1|       m_axi|          gmem2|       pointer|
|m_axi_gmem2_0_AWADDR     |  out|   64|       m_axi|          gmem2|       pointer|
|m_axi_gmem2_0_AWID       |  out|    1|       m_axi|          gmem2|       pointer|
|m_axi_gmem2_0_AWLEN      |  out|   32|       m_axi|          gmem2|       pointer|
|m_axi_gmem2_0_AWSIZE     |  out|    3|       m_axi|          gmem2|       pointer|
|m_axi_gmem2_0_AWBURST    |  out|    2|       m_axi|          gmem2|       pointer|
|m_axi_gmem2_0_AWLOCK     |  out|    2|       m_axi|          gmem2|       pointer|
|m_axi_gmem2_0_AWCACHE    |  out|    4|       m_axi|          gmem2|       pointer|
|m_axi_gmem2_0_AWPROT     |  out|    3|       m_axi|          gmem2|       pointer|
|m_axi_gmem2_0_AWQOS      |  out|    4|       m_axi|          gmem2|       pointer|
|m_axi_gmem2_0_AWREGION   |  out|    4|       m_axi|          gmem2|       pointer|
|m_axi_gmem2_0_AWUSER     |  out|    1|       m_axi|          gmem2|       pointer|
|m_axi_gmem2_0_WVALID     |  out|    1|       m_axi|          gmem2|       pointer|
|m_axi_gmem2_0_WREADY     |   in|    1|       m_axi|          gmem2|       pointer|
|m_axi_gmem2_0_WDATA      |  out|   16|       m_axi|          gmem2|       pointer|
|m_axi_gmem2_0_WSTRB      |  out|    2|       m_axi|          gmem2|       pointer|
|m_axi_gmem2_0_WLAST      |  out|    1|       m_axi|          gmem2|       pointer|
|m_axi_gmem2_0_WID        |  out|    1|       m_axi|          gmem2|       pointer|
|m_axi_gmem2_0_WUSER      |  out|    1|       m_axi|          gmem2|       pointer|
|m_axi_gmem2_0_ARVALID    |  out|    1|       m_axi|          gmem2|       pointer|
|m_axi_gmem2_0_ARREADY    |   in|    1|       m_axi|          gmem2|       pointer|
|m_axi_gmem2_0_ARADDR     |  out|   64|       m_axi|          gmem2|       pointer|
|m_axi_gmem2_0_ARID       |  out|    1|       m_axi|          gmem2|       pointer|
|m_axi_gmem2_0_ARLEN      |  out|   32|       m_axi|          gmem2|       pointer|
|m_axi_gmem2_0_ARSIZE     |  out|    3|       m_axi|          gmem2|       pointer|
|m_axi_gmem2_0_ARBURST    |  out|    2|       m_axi|          gmem2|       pointer|
|m_axi_gmem2_0_ARLOCK     |  out|    2|       m_axi|          gmem2|       pointer|
|m_axi_gmem2_0_ARCACHE    |  out|    4|       m_axi|          gmem2|       pointer|
|m_axi_gmem2_0_ARPROT     |  out|    3|       m_axi|          gmem2|       pointer|
|m_axi_gmem2_0_ARQOS      |  out|    4|       m_axi|          gmem2|       pointer|
|m_axi_gmem2_0_ARREGION   |  out|    4|       m_axi|          gmem2|       pointer|
|m_axi_gmem2_0_ARUSER     |  out|    1|       m_axi|          gmem2|       pointer|
|m_axi_gmem2_0_RVALID     |   in|    1|       m_axi|          gmem2|       pointer|
|m_axi_gmem2_0_RREADY     |  out|    1|       m_axi|          gmem2|       pointer|
|m_axi_gmem2_0_RDATA      |   in|   16|       m_axi|          gmem2|       pointer|
|m_axi_gmem2_0_RLAST      |   in|    1|       m_axi|          gmem2|       pointer|
|m_axi_gmem2_0_RID        |   in|    1|       m_axi|          gmem2|       pointer|
|m_axi_gmem2_0_RFIFONUM   |   in|   10|       m_axi|          gmem2|       pointer|
|m_axi_gmem2_0_RUSER      |   in|    1|       m_axi|          gmem2|       pointer|
|m_axi_gmem2_0_RRESP      |   in|    2|       m_axi|          gmem2|       pointer|
|m_axi_gmem2_0_BVALID     |   in|    1|       m_axi|          gmem2|       pointer|
|m_axi_gmem2_0_BREADY     |  out|    1|       m_axi|          gmem2|       pointer|
|m_axi_gmem2_0_BRESP      |   in|    2|       m_axi|          gmem2|       pointer|
|m_axi_gmem2_0_BID        |   in|    1|       m_axi|          gmem2|       pointer|
|m_axi_gmem2_0_BUSER      |   in|    1|       m_axi|          gmem2|       pointer|
|values                   |   in|   64|     ap_none|         values|        scalar|
|nnz_total                |   in|   32|     ap_none|      nnz_total|        scalar|
|row_fifo_din             |  out|   32|     ap_fifo|       row_fifo|       pointer|
|row_fifo_full_n          |   in|    1|     ap_fifo|       row_fifo|       pointer|
|row_fifo_write           |  out|    1|     ap_fifo|       row_fifo|       pointer|
|row_fifo_num_data_valid  |   in|    5|     ap_fifo|       row_fifo|       pointer|
|row_fifo_fifo_cap        |   in|    5|     ap_fifo|       row_fifo|       pointer|
|col_fifo_din             |  out|   32|     ap_fifo|       col_fifo|       pointer|
|col_fifo_full_n          |   in|    1|     ap_fifo|       col_fifo|       pointer|
|col_fifo_write           |  out|    1|     ap_fifo|       col_fifo|       pointer|
|col_fifo_num_data_valid  |   in|    9|     ap_fifo|       col_fifo|       pointer|
|col_fifo_fifo_cap        |   in|    9|     ap_fifo|       col_fifo|       pointer|
|val_fifo_din             |  out|   16|     ap_fifo|       val_fifo|       pointer|
|val_fifo_full_n          |   in|    1|     ap_fifo|       val_fifo|       pointer|
|val_fifo_write           |  out|    1|     ap_fifo|       val_fifo|       pointer|
|val_fifo_num_data_valid  |   in|    9|     ap_fifo|       val_fifo|       pointer|
|val_fifo_fifo_cap        |   in|    9|     ap_fifo|       val_fifo|       pointer|
+-------------------------+-----+-----+------------+---------------+--------------+

============================================================
+ Verbose Summary: Synthesis Manager
============================================================
InlineROM: 1
ExposeGlobal: 0
============================================================
+ Verbose Summary: CDFG Model
============================================================
IsTopModel: 0
ResetActiveHigh: 1
IsCombinational: 2
IsDatapathOnly: 0
HasWiredReturn: 1
HasMFsm: 0
HasVarLatency: 1
IsPipeline: 0
IsRtlPipelined: 0
IsInstanceOverlapped: 0
IsDontTouch: 0
HasImplIP: 0
IsGatedGlobalClock: 0


============================================================
+ Verbose Summary: Schedule
============================================================
* Number of FSM states : 13
* Pipeline : 0
* Dataflow Pipeline: 0

* FSM state transitions: 
1 --> 2 
2 --> 3 
3 --> 4 
4 --> 5 
5 --> 6 
6 --> 7 
7 --> 8 
8 --> 9 
9 --> 10 
10 --> 11 
11 --> 12 
12 --> 13 
13 --> 

* FSM state operations: 

State 1 <SV = 0> <Delay = 1.43>
ST_1 : Operation 14 [1/1] (0.00ns)   --->   "%nnz_total_read = read i32 @_ssdm_op_Read.ap_auto.i32, i32 %nnz_total" [src/integrated-gcn/spmm_stage.cpp:8]   --->   Operation 14 'read' 'nnz_total_read' <Predicate = true> <Delay = 0.00>
ST_1 : Operation 15 [1/1] (1.01ns)   --->   "%icmp_ln23 = icmp_sgt  i32 %nnz_total_read, i32 0" [src/integrated-gcn/spmm_stage.cpp:23]   --->   Operation 15 'icmp' 'icmp_ln23' <Predicate = true> <Delay = 1.01> <CoreInst = "Cmp">   --->   Core 9 'Cmp' <Latency = 0> <II = 1> <Delay = 1.01> <FuncUnit> <Opcode : 'seteq' 'setne' 'setle' 'setge' 'setlt' 'setgt'> <InPorts = 2> <OutPorts = 1>
ST_1 : Operation 16 [1/1] (0.00ns)   --->   "%trunc_ln23 = trunc i32 %nnz_total_read" [src/integrated-gcn/spmm_stage.cpp:23]   --->   Operation 16 'trunc' 'trunc_ln23' <Predicate = true> <Delay = 0.00>
ST_1 : Operation 17 [1/1] (0.41ns)   --->   "%empty_102 = select i1 %icmp_ln23, i31 %trunc_ln23, i31 0" [src/integrated-gcn/spmm_stage.cpp:23]   --->   Operation 17 'select' 'empty_102' <Predicate = true> <Delay = 0.41> <CoreInst = "Sel">   --->   Core 73 'Sel' <Latency = 0> <II = 1> <Delay = 0.41> <FuncUnit> <Opcode : 'select'> <InPorts = 3> <OutPorts = 1>

State 2 <SV = 1> <Delay = 7.30>
ST_2 : Operation 18 [1/1] (0.00ns)   --->   "%values_read = read i64 @_ssdm_op_Read.ap_auto.i64, i64 %values" [src/integrated-gcn/spmm_stage.cpp:8]   --->   Operation 18 'read' 'values_read' <Predicate = true> <Delay = 0.00>
ST_2 : Operation 19 [1/1] (0.00ns)   --->   "%colind_read = read i64 @_ssdm_op_Read.ap_auto.i64, i64 %colind" [src/integrated-gcn/spmm_stage.cpp:8]   --->   Operation 19 'read' 'colind_read' <Predicate = true> <Delay = 0.00>
ST_2 : Operation 20 [1/1] (0.00ns)   --->   "%row_length_read = read i64 @_ssdm_op_Read.ap_auto.i64, i64 %row_length" [src/integrated-gcn/spmm_stage.cpp:8]   --->   Operation 20 'read' 'row_length_read' <Predicate = true> <Delay = 0.00>
ST_2 : Operation 21 [1/1] (0.00ns)   --->   "%trunc_ln = partselect i62 @_ssdm_op_PartSelect.i62.i64.i32.i32, i64 %row_length_read, i32 2, i32 63" [src/integrated-gcn/spmm_stage.cpp:17]   --->   Operation 21 'partselect' 'trunc_ln' <Predicate = true> <Delay = 0.00>
ST_2 : Operation 22 [1/1] (0.00ns)   --->   "%sext_ln17 = sext i62 %trunc_ln" [src/integrated-gcn/spmm_stage.cpp:17]   --->   Operation 22 'sext' 'sext_ln17' <Predicate = true> <Delay = 0.00>
ST_2 : Operation 23 [1/1] (0.00ns)   --->   "%gmem0_addr = getelementptr i32 %gmem0, i64 %sext_ln17" [src/integrated-gcn/spmm_stage.cpp:17]   --->   Operation 23 'getelementptr' 'gmem0_addr' <Predicate = true> <Delay = 0.00>
ST_2 : Operation 24 [8/8] (7.30ns)   --->   "%empty = readreq i1 @_ssdm_op_ReadReq.m_axi.p1i32, i64 %gmem0_addr, i64 2708" [src/integrated-gcn/spmm_stage.cpp:17]   --->   Operation 24 'readreq' 'empty' <Predicate = true> <Delay = 7.30> <CoreInst = "m_axi">   --->   Core 119 'm_axi' <Latency = 6> <II = 1> <Delay = 1.00> <Adapter> <Opcode : 'readrequnaligned' 'writerequnaligned' 'read' 'write' 'readreq' 'writereq' 'writeresp'>
ST_2 : Operation 25 [1/1] (0.00ns)   --->   "%trunc_ln2 = partselect i62 @_ssdm_op_PartSelect.i62.i64.i32.i32, i64 %colind_read, i32 2, i32 63" [src/integrated-gcn/spmm_stage.cpp:23]   --->   Operation 25 'partselect' 'trunc_ln2' <Predicate = true> <Delay = 0.00>
ST_2 : Operation 26 [1/1] (0.00ns)   --->   "%sext_ln23 = sext i62 %trunc_ln2" [src/integrated-gcn/spmm_stage.cpp:23]   --->   Operation 26 'sext' 'sext_ln23' <Predicate = true> <Delay = 0.00>
ST_2 : Operation 27 [1/1] (0.00ns)   --->   "%gmem1_addr = getelementptr i32 %gmem1, i64 %sext_ln23" [src/integrated-gcn/spmm_stage.cpp:23]   --->   Operation 27 'getelementptr' 'gmem1_addr' <Predicate = true> <Delay = 0.00>
ST_2 : Operation 28 [1/1] (0.00ns)   --->   "%zext_ln23 = zext i31 %empty_102" [src/integrated-gcn/spmm_stage.cpp:23]   --->   Operation 28 'zext' 'zext_ln23' <Predicate = true> <Delay = 0.00>
ST_2 : Operation 29 [8/8] (7.30ns)   --->   "%empty_103 = readreq i1 @_ssdm_op_ReadReq.m_axi.p1i32, i64 %gmem1_addr, i64 %zext_ln23" [src/integrated-gcn/spmm_stage.cpp:23]   --->   Operation 29 'readreq' 'empty_103' <Predicate = true> <Delay = 7.30> <CoreInst = "m_axi">   --->   Core 119 'm_axi' <Latency = 6> <II = 1> <Delay = 1.00> <Adapter> <Opcode : 'readrequnaligned' 'writerequnaligned' 'read' 'write' 'readreq' 'writereq' 'writeresp'>
ST_2 : Operation 30 [1/1] (0.00ns)   --->   "%trunc_ln23_1 = partselect i63 @_ssdm_op_PartSelect.i63.i64.i32.i32, i64 %values_read, i32 1, i32 63" [src/integrated-gcn/spmm_stage.cpp:23]   --->   Operation 30 'partselect' 'trunc_ln23_1' <Predicate = true> <Delay = 0.00>
ST_2 : Operation 31 [1/1] (0.00ns)   --->   "%sext_ln23_1 = sext i63 %trunc_ln23_1" [src/integrated-gcn/spmm_stage.cpp:23]   --->   Operation 31 'sext' 'sext_ln23_1' <Predicate = true> <Delay = 0.00>
ST_2 : Operation 32 [1/1] (0.00ns)   --->   "%gmem2_addr = getelementptr i16 %gmem2, i64 %sext_ln23_1" [src/integrated-gcn/spmm_stage.cpp:23]   --->   Operation 32 'getelementptr' 'gmem2_addr' <Predicate = true> <Delay = 0.00>
ST_2 : Operation 33 [8/8] (7.30ns)   --->   "%empty_104 = readreq i1 @_ssdm_op_ReadReq.m_axi.p1i16, i64 %gmem2_addr, i64 %zext_ln23" [src/integrated-gcn/spmm_stage.cpp:23]   --->   Operation 33 'readreq' 'empty_104' <Predicate = true> <Delay = 7.30> <CoreInst = "m_axi">   --->   Core 119 'm_axi' <Latency = 6> <II = 1> <Delay = 1.00> <Adapter> <Opcode : 'readrequnaligned' 'writerequnaligned' 'read' 'write' 'readreq' 'writereq' 'writeresp'>

State 3 <SV = 2> <Delay = 0.00>
ST_3 : Operation 34 [7/8] (7.30ns)   --->   "%empty = readreq i1 @_ssdm_op_ReadReq.m_axi.p1i32, i64 %gmem0_addr, i64 2708" [src/integrated-gcn/spmm_stage.cpp:17]   --->   Operation 34 'readreq' 'empty' <Predicate = true> <Delay = 7.30> <CoreInst = "m_axi">   --->   Core 119 'm_axi' <Latency = 6> <II = 1> <Delay = 1.00> <Adapter> <Opcode : 'readrequnaligned' 'writerequnaligned' 'read' 'write' 'readreq' 'writereq' 'writeresp'>
ST_3 : Operation 35 [7/8] (7.30ns)   --->   "%empty_103 = readreq i1 @_ssdm_op_ReadReq.m_axi.p1i32, i64 %gmem1_addr, i64 %zext_ln23" [src/integrated-gcn/spmm_stage.cpp:23]   --->   Operation 35 'readreq' 'empty_103' <Predicate = true> <Delay = 7.30> <CoreInst = "m_axi">   --->   Core 119 'm_axi' <Latency = 6> <II = 1> <Delay = 1.00> <Adapter> <Opcode : 'readrequnaligned' 'writerequnaligned' 'read' 'write' 'readreq' 'writereq' 'writeresp'>
ST_3 : Operation 36 [7/8] (7.30ns)   --->   "%empty_104 = readreq i1 @_ssdm_op_ReadReq.m_axi.p1i16, i64 %gmem2_addr, i64 %zext_ln23" [src/integrated-gcn/spmm_stage.cpp:23]   --->   Operation 36 'readreq' 'empty_104' <Predicate = true> <Delay = 7.30> <CoreInst = "m_axi">   --->   Core 119 'm_axi' <Latency = 6> <II = 1> <Delay = 1.00> <Adapter> <Opcode : 'readrequnaligned' 'writerequnaligned' 'read' 'write' 'readreq' 'writereq' 'writeresp'>

State 4 <SV = 3> <Delay = 0.00>
ST_4 : Operation 37 [6/8] (7.30ns)   --->   "%empty = readreq i1 @_ssdm_op_ReadReq.m_axi.p1i32, i64 %gmem0_addr, i64 2708" [src/integrated-gcn/spmm_stage.cpp:17]   --->   Operation 37 'readreq' 'empty' <Predicate = true> <Delay = 7.30> <CoreInst = "m_axi">   --->   Core 119 'm_axi' <Latency = 6> <II = 1> <Delay = 1.00> <Adapter> <Opcode : 'readrequnaligned' 'writerequnaligned' 'read' 'write' 'readreq' 'writereq' 'writeresp'>
ST_4 : Operation 38 [6/8] (7.30ns)   --->   "%empty_103 = readreq i1 @_ssdm_op_ReadReq.m_axi.p1i32, i64 %gmem1_addr, i64 %zext_ln23" [src/integrated-gcn/spmm_stage.cpp:23]   --->   Operation 38 'readreq' 'empty_103' <Predicate = true> <Delay = 7.30> <CoreInst = "m_axi">   --->   Core 119 'm_axi' <Latency = 6> <II = 1> <Delay = 1.00> <Adapter> <Opcode : 'readrequnaligned' 'writerequnaligned' 'read' 'write' 'readreq' 'writereq' 'writeresp'>
ST_4 : Operation 39 [6/8] (7.30ns)   --->   "%empty_104 = readreq i1 @_ssdm_op_ReadReq.m_axi.p1i16, i64 %gmem2_addr, i64 %zext_ln23" [src/integrated-gcn/spmm_stage.cpp:23]   --->   Operation 39 'readreq' 'empty_104' <Predicate = true> <Delay = 7.30> <CoreInst = "m_axi">   --->   Core 119 'm_axi' <Latency = 6> <II = 1> <Delay = 1.00> <Adapter> <Opcode : 'readrequnaligned' 'writerequnaligned' 'read' 'write' 'readreq' 'writereq' 'writeresp'>

State 5 <SV = 4> <Delay = 0.00>
ST_5 : Operation 40 [5/8] (7.30ns)   --->   "%empty = readreq i1 @_ssdm_op_ReadReq.m_axi.p1i32, i64 %gmem0_addr, i64 2708" [src/integrated-gcn/spmm_stage.cpp:17]   --->   Operation 40 'readreq' 'empty' <Predicate = true> <Delay = 7.30> <CoreInst = "m_axi">   --->   Core 119 'm_axi' <Latency = 6> <II = 1> <Delay = 1.00> <Adapter> <Opcode : 'readrequnaligned' 'writerequnaligned' 'read' 'write' 'readreq' 'writereq' 'writeresp'>
ST_5 : Operation 41 [5/8] (7.30ns)   --->   "%empty_103 = readreq i1 @_ssdm_op_ReadReq.m_axi.p1i32, i64 %gmem1_addr, i64 %zext_ln23" [src/integrated-gcn/spmm_stage.cpp:23]   --->   Operation 41 'readreq' 'empty_103' <Predicate = true> <Delay = 7.30> <CoreInst = "m_axi">   --->   Core 119 'm_axi' <Latency = 6> <II = 1> <Delay = 1.00> <Adapter> <Opcode : 'readrequnaligned' 'writerequnaligned' 'read' 'write' 'readreq' 'writereq' 'writeresp'>
ST_5 : Operation 42 [5/8] (7.30ns)   --->   "%empty_104 = readreq i1 @_ssdm_op_ReadReq.m_axi.p1i16, i64 %gmem2_addr, i64 %zext_ln23" [src/integrated-gcn/spmm_stage.cpp:23]   --->   Operation 42 'readreq' 'empty_104' <Predicate = true> <Delay = 7.30> <CoreInst = "m_axi">   --->   Core 119 'm_axi' <Latency = 6> <II = 1> <Delay = 1.00> <Adapter> <Opcode : 'readrequnaligned' 'writerequnaligned' 'read' 'write' 'readreq' 'writereq' 'writeresp'>

State 6 <SV = 5> <Delay = 0.00>
ST_6 : Operation 43 [4/8] (7.30ns)   --->   "%empty = readreq i1 @_ssdm_op_ReadReq.m_axi.p1i32, i64 %gmem0_addr, i64 2708" [src/integrated-gcn/spmm_stage.cpp:17]   --->   Operation 43 'readreq' 'empty' <Predicate = true> <Delay = 7.30> <CoreInst = "m_axi">   --->   Core 119 'm_axi' <Latency = 6> <II = 1> <Delay = 1.00> <Adapter> <Opcode : 'readrequnaligned' 'writerequnaligned' 'read' 'write' 'readreq' 'writereq' 'writeresp'>
ST_6 : Operation 44 [4/8] (7.30ns)   --->   "%empty_103 = readreq i1 @_ssdm_op_ReadReq.m_axi.p1i32, i64 %gmem1_addr, i64 %zext_ln23" [src/integrated-gcn/spmm_stage.cpp:23]   --->   Operation 44 'readreq' 'empty_103' <Predicate = true> <Delay = 7.30> <CoreInst = "m_axi">   --->   Core 119 'm_axi' <Latency = 6> <II = 1> <Delay = 1.00> <Adapter> <Opcode : 'readrequnaligned' 'writerequnaligned' 'read' 'write' 'readreq' 'writereq' 'writeresp'>
ST_6 : Operation 45 [4/8] (7.30ns)   --->   "%empty_104 = readreq i1 @_ssdm_op_ReadReq.m_axi.p1i16, i64 %gmem2_addr, i64 %zext_ln23" [src/integrated-gcn/spmm_stage.cpp:23]   --->   Operation 45 'readreq' 'empty_104' <Predicate = true> <Delay = 7.30> <CoreInst = "m_axi">   --->   Core 119 'm_axi' <Latency = 6> <II = 1> <Delay = 1.00> <Adapter> <Opcode : 'readrequnaligned' 'writerequnaligned' 'read' 'write' 'readreq' 'writereq' 'writeresp'>

State 7 <SV = 6> <Delay = 0.00>
ST_7 : Operation 46 [3/8] (7.30ns)   --->   "%empty = readreq i1 @_ssdm_op_ReadReq.m_axi.p1i32, i64 %gmem0_addr, i64 2708" [src/integrated-gcn/spmm_stage.cpp:17]   --->   Operation 46 'readreq' 'empty' <Predicate = true> <Delay = 7.30> <CoreInst = "m_axi">   --->   Core 119 'm_axi' <Latency = 6> <II = 1> <Delay = 1.00> <Adapter> <Opcode : 'readrequnaligned' 'writerequnaligned' 'read' 'write' 'readreq' 'writereq' 'writeresp'>
ST_7 : Operation 47 [3/8] (7.30ns)   --->   "%empty_103 = readreq i1 @_ssdm_op_ReadReq.m_axi.p1i32, i64 %gmem1_addr, i64 %zext_ln23" [src/integrated-gcn/spmm_stage.cpp:23]   --->   Operation 47 'readreq' 'empty_103' <Predicate = true> <Delay = 7.30> <CoreInst = "m_axi">   --->   Core 119 'm_axi' <Latency = 6> <II = 1> <Delay = 1.00> <Adapter> <Opcode : 'readrequnaligned' 'writerequnaligned' 'read' 'write' 'readreq' 'writereq' 'writeresp'>
ST_7 : Operation 48 [3/8] (7.30ns)   --->   "%empty_104 = readreq i1 @_ssdm_op_ReadReq.m_axi.p1i16, i64 %gmem2_addr, i64 %zext_ln23" [src/integrated-gcn/spmm_stage.cpp:23]   --->   Operation 48 'readreq' 'empty_104' <Predicate = true> <Delay = 7.30> <CoreInst = "m_axi">   --->   Core 119 'm_axi' <Latency = 6> <II = 1> <Delay = 1.00> <Adapter> <Opcode : 'readrequnaligned' 'writerequnaligned' 'read' 'write' 'readreq' 'writereq' 'writeresp'>

State 8 <SV = 7> <Delay = 0.00>
ST_8 : Operation 49 [2/8] (7.30ns)   --->   "%empty = readreq i1 @_ssdm_op_ReadReq.m_axi.p1i32, i64 %gmem0_addr, i64 2708" [src/integrated-gcn/spmm_stage.cpp:17]   --->   Operation 49 'readreq' 'empty' <Predicate = true> <Delay = 7.30> <CoreInst = "m_axi">   --->   Core 119 'm_axi' <Latency = 6> <II = 1> <Delay = 1.00> <Adapter> <Opcode : 'readrequnaligned' 'writerequnaligned' 'read' 'write' 'readreq' 'writereq' 'writeresp'>
ST_8 : Operation 50 [2/8] (7.30ns)   --->   "%empty_103 = readreq i1 @_ssdm_op_ReadReq.m_axi.p1i32, i64 %gmem1_addr, i64 %zext_ln23" [src/integrated-gcn/spmm_stage.cpp:23]   --->   Operation 50 'readreq' 'empty_103' <Predicate = true> <Delay = 7.30> <CoreInst = "m_axi">   --->   Core 119 'm_axi' <Latency = 6> <II = 1> <Delay = 1.00> <Adapter> <Opcode : 'readrequnaligned' 'writerequnaligned' 'read' 'write' 'readreq' 'writereq' 'writeresp'>
ST_8 : Operation 51 [2/8] (7.30ns)   --->   "%empty_104 = readreq i1 @_ssdm_op_ReadReq.m_axi.p1i16, i64 %gmem2_addr, i64 %zext_ln23" [src/integrated-gcn/spmm_stage.cpp:23]   --->   Operation 51 'readreq' 'empty_104' <Predicate = true> <Delay = 7.30> <CoreInst = "m_axi">   --->   Core 119 'm_axi' <Latency = 6> <II = 1> <Delay = 1.00> <Adapter> <Opcode : 'readrequnaligned' 'writerequnaligned' 'read' 'write' 'readreq' 'writereq' 'writeresp'>

State 9 <SV = 8> <Delay = 7.30>
ST_9 : Operation 52 [1/8] ( I:7.30ns O:7.30ns )   --->   "%empty = readreq i1 @_ssdm_op_ReadReq.m_axi.p1i32, i64 %gmem0_addr, i64 2708" [src/integrated-gcn/spmm_stage.cpp:17]   --->   Operation 52 'readreq' 'empty' <Predicate = true> <Delay = 7.30> <CoreInst = "m_axi">   --->   Core 119 'm_axi' <Latency = 6> <II = 1> <Delay = 1.00> <Adapter> <Opcode : 'readrequnaligned' 'writerequnaligned' 'read' 'write' 'readreq' 'writereq' 'writeresp'>
ST_9 : Operation 53 [1/8] ( I:7.30ns O:7.30ns )   --->   "%empty_103 = readreq i1 @_ssdm_op_ReadReq.m_axi.p1i32, i64 %gmem1_addr, i64 %zext_ln23" [src/integrated-gcn/spmm_stage.cpp:23]   --->   Operation 53 'readreq' 'empty_103' <Predicate = true> <Delay = 7.30> <CoreInst = "m_axi">   --->   Core 119 'm_axi' <Latency = 6> <II = 1> <Delay = 1.00> <Adapter> <Opcode : 'readrequnaligned' 'writerequnaligned' 'read' 'write' 'readreq' 'writereq' 'writeresp'>
ST_9 : Operation 54 [1/8] ( I:7.30ns O:7.30ns )   --->   "%empty_104 = readreq i1 @_ssdm_op_ReadReq.m_axi.p1i16, i64 %gmem2_addr, i64 %zext_ln23" [src/integrated-gcn/spmm_stage.cpp:23]   --->   Operation 54 'readreq' 'empty_104' <Predicate = true> <Delay = 7.30> <CoreInst = "m_axi">   --->   Core 119 'm_axi' <Latency = 6> <II = 1> <Delay = 1.00> <Adapter> <Opcode : 'readrequnaligned' 'writerequnaligned' 'read' 'write' 'readreq' 'writereq' 'writeresp'>

State 10 <SV = 9> <Delay = 0.00>
ST_10 : Operation 55 [2/2] (0.00ns)   --->   "%call_ln17 = call void @spmm_load_csr_Pipeline_LOAD_ROWS, i32 %gmem0, i62 %trunc_ln, i32 %row_fifo" [src/integrated-gcn/spmm_stage.cpp:17]   --->   Operation 55 'call' 'call_ln17' <Predicate = true> <Delay = 0.00> <CoreType = "Generic">   --->   Generic Core

State 11 <SV = 10> <Delay = 0.00>
ST_11 : Operation 56 [1/2] (0.00ns)   --->   "%call_ln17 = call void @spmm_load_csr_Pipeline_LOAD_ROWS, i32 %gmem0, i62 %trunc_ln, i32 %row_fifo" [src/integrated-gcn/spmm_stage.cpp:17]   --->   Operation 56 'call' 'call_ln17' <Predicate = true> <Delay = 0.00> <CoreType = "Generic">   --->   Generic Core

State 12 <SV = 11> <Delay = 1.44>
ST_12 : Operation 57 [1/1] (0.00ns)   --->   "%fence_ln23 = fence void @_ssdm_op_Fence, i32 %row_fifo, i32 4294967295, i32 %col_fifo, i16 %val_fifo, i32 0" [src/integrated-gcn/spmm_stage.cpp:23]   --->   Operation 57 'fence' 'fence_ln23' <Predicate = true> <Delay = 0.00>
ST_12 : Operation 58 [1/1] (0.00ns)   --->   "%fence_ln23 = fence void @_ssdm_op_Fence, i32 %row_fifo, i32 4294967295, i32 %col_fifo, i16 %val_fifo, i32 0" [src/integrated-gcn/spmm_stage.cpp:23]   --->   Operation 58 'fence' 'fence_ln23' <Predicate = true> <Delay = 0.00>
ST_12 : Operation 59 [2/2] (1.44ns)   --->   "%call_ln8 = call void @spmm_load_csr_Pipeline_LOAD_NNZ, i32 %nnz_total_read, i32 %gmem1, i62 %trunc_ln2, i16 %gmem2, i63 %trunc_ln23_1, i32 %col_fifo, i16 %val_fifo" [src/integrated-gcn/spmm_stage.cpp:8]   --->   Operation 59 'call' 'call_ln8' <Predicate = true> <Delay = 1.44> <CoreType = "Generic">   --->   Generic Core

State 13 <SV = 12> <Delay = 0.00>
ST_13 : Operation 60 [1/1] (0.00ns)   --->   "%specinterface_ln0 = specinterface void @_ssdm_op_SpecInterface, i16 %val_fifo, void @empty_18, i32 0, i32 0, void @empty_7, i32 0, i32 0, void @empty_7, void @empty_7, void @empty_7, i32 0, i32 0, i32 0, i32 0, void @empty_7, void @empty_7, i32 4294967295, i32 0, i32 0, i32 0"   --->   Operation 60 'specinterface' 'specinterface_ln0' <Predicate = true> <Delay = 0.00>
ST_13 : Operation 61 [1/1] (0.00ns)   --->   "%specinterface_ln0 = specinterface void @_ssdm_op_SpecInterface, i32 %col_fifo, void @empty_18, i32 0, i32 0, void @empty_7, i32 0, i32 0, void @empty_7, void @empty_7, void @empty_7, i32 0, i32 0, i32 0, i32 0, void @empty_7, void @empty_7, i32 4294967295, i32 0, i32 0, i32 0"   --->   Operation 61 'specinterface' 'specinterface_ln0' <Predicate = true> <Delay = 0.00>
ST_13 : Operation 62 [1/1] (0.00ns)   --->   "%specinterface_ln0 = specinterface void @_ssdm_op_SpecInterface, i32 %row_fifo, void @empty_18, i32 0, i32 0, void @empty_7, i32 0, i32 0, void @empty_7, void @empty_7, void @empty_7, i32 0, i32 0, i32 0, i32 0, void @empty_7, void @empty_7, i32 4294967295, i32 0, i32 0, i32 0"   --->   Operation 62 'specinterface' 'specinterface_ln0' <Predicate = true> <Delay = 0.00>
ST_13 : Operation 63 [1/1] (0.00ns)   --->   "%specinterface_ln0 = specinterface void @_ssdm_op_SpecInterface, i16 %gmem2, void @empty, i32 0, i32 0, void @empty_7, i32 0, i32 0, void @empty_2, void @empty_19, void @empty_7, i32 16, i32 16, i32 16, i32 16, void @empty_7, void @empty_7, i32 4294967295, i32 0, i32 0, i32 2"   --->   Operation 63 'specinterface' 'specinterface_ln0' <Predicate = true> <Delay = 0.00>
ST_13 : Operation 64 [1/1] (0.00ns)   --->   "%specinterface_ln0 = specinterface void @_ssdm_op_SpecInterface, i32 %gmem1, void @empty, i32 0, i32 0, void @empty_7, i32 0, i32 0, void @empty_24, void @empty_19, void @empty_7, i32 16, i32 16, i32 16, i32 16, void @empty_7, void @empty_7, i32 4294967295, i32 0, i32 0, i32 4"   --->   Operation 64 'specinterface' 'specinterface_ln0' <Predicate = true> <Delay = 0.00>
ST_13 : Operation 65 [1/1] (0.00ns)   --->   "%specinterface_ln0 = specinterface void @_ssdm_op_SpecInterface, i32 %gmem0, void @empty, i32 0, i32 0, void @empty_7, i32 0, i32 0, void @empty_25, void @empty_19, void @empty_7, i32 16, i32 16, i32 16, i32 16, void @empty_7, void @empty_7, i32 4294967295, i32 0, i32 0, i32 4"   --->   Operation 65 'specinterface' 'specinterface_ln0' <Predicate = true> <Delay = 0.00>
ST_13 : Operation 66 [1/2] (0.00ns)   --->   "%call_ln8 = call void @spmm_load_csr_Pipeline_LOAD_NNZ, i32 %nnz_total_read, i32 %gmem1, i62 %trunc_ln2, i16 %gmem2, i63 %trunc_ln23_1, i32 %col_fifo, i16 %val_fifo" [src/integrated-gcn/spmm_stage.cpp:8]   --->   Operation 66 'call' 'call_ln8' <Predicate = true> <Delay = 0.00> <CoreType = "Generic">   --->   Generic Core
ST_13 : Operation 67 [1/1] (0.00ns)   --->   "%ret_ln28 = ret" [src/integrated-gcn/spmm_stage.cpp:28]   --->   Operation 67 'ret' 'ret_ln28' <Predicate = true> <Delay = 0.00>


============================================================
+ Verbose Summary: Binding
============================================================
STG Binding: 
---------------- STG Properties BEGIN ----------------
- Is combinational: 0
- Is one-state seq: 0
- Is datapath-only: 0
- Is pipelined: 0
- Is top level: 0
Port [ Return ] is wired: 1; IO mode=ap_ctrl_hs:ce=0
Port [ gmem0]:  wired=1; compound=1; hidden=0; nouse=0; global=0; static=0; extern=0; dir=0; type=4; pingpong=0; private_global=0; IO mode=m_axi:ce=0
Port [ row_length]:  wired=1; compound=0; hidden=0; nouse=0; global=0; static=0; extern=0; dir=0; type=0; pingpong=0; private_global=0; IO mode=ap_none:ce=0
Port [ gmem1]:  wired=1; compound=1; hidden=0; nouse=0; global=0; static=0; extern=0; dir=0; type=4; pingpong=0; private_global=0; IO mode=m_axi:ce=0
Port [ colind]:  wired=1; compound=0; hidden=0; nouse=0; global=0; static=0; extern=0; dir=0; type=0; pingpong=0; private_global=0; IO mode=ap_none:ce=0
Port [ gmem2]:  wired=1; compound=1; hidden=0; nouse=0; global=0; static=0; extern=0; dir=0; type=4; pingpong=0; private_global=0; IO mode=m_axi:ce=0
Port [ values]:  wired=1; compound=0; hidden=0; nouse=0; global=0; static=0; extern=0; dir=0; type=0; pingpong=0; private_global=0; IO mode=ap_none:ce=0
Port [ nnz_total]:  wired=1; compound=0; hidden=0; nouse=0; global=0; static=0; extern=0; dir=0; type=0; pingpong=0; private_global=0; IO mode=ap_none:ce=0
Port [ row_fifo]:  wired=1; compound=1; hidden=0; nouse=0; global=0; static=0; extern=0; dir=1; type=3; pingpong=0; private_global=0; IO mode=ap_fifo:ce=0
Port [ col_fifo]:  wired=1; compound=1; hidden=0; nouse=0; global=0; static=0; extern=0; dir=1; type=3; pingpong=0; private_global=0; IO mode=ap_fifo:ce=0
Port [ val_fifo]:  wired=1; compound=1; hidden=0; nouse=0; global=0; static=0; extern=0; dir=1; type=3; pingpong=0; private_global=0; IO mode=ap_fifo:ce=0
---------------- STG Properties END ------------------

---------------- Datapath Model BEGIN ----------------

<LifeTime>
<method=bitvector/>
nnz_total_read    (read         ) [ 00111111111111]
icmp_ln23         (icmp         ) [ 00000000000000]
trunc_ln23        (trunc        ) [ 00000000000000]
empty_102         (select       ) [ 00100000000000]
values_read       (read         ) [ 00000000000000]
colind_read       (read         ) [ 00000000000000]
row_length_read   (read         ) [ 00000000000000]
trunc_ln          (partselect   ) [ 00011111111100]
sext_ln17         (sext         ) [ 00000000000000]
gmem0_addr        (getelementptr) [ 00011111110000]
trunc_ln2         (partselect   ) [ 00011111111111]
sext_ln23         (sext         ) [ 00000000000000]
gmem1_addr        (getelementptr) [ 00011111110000]
zext_ln23         (zext         ) [ 00011111110000]
trunc_ln23_1      (partselect   ) [ 00011111111111]
sext_ln23_1       (sext         ) [ 00000000000000]
gmem2_addr        (getelementptr) [ 00011111110000]
empty             (readreq      ) [ 00000000000000]
empty_103         (readreq      ) [ 00000000000000]
empty_104         (readreq      ) [ 00000000000000]
call_ln17         (call         ) [ 00000000000000]
fence_ln23        (fence        ) [ 00000000000000]
fence_ln23        (fence        ) [ 00000000000000]
specinterface_ln0 (specinterface) [ 00000000000000]
specinterface_ln0 (specinterface) [ 00000000000000]
specinterface_ln0 (specinterface) [ 00000000000000]
specinterface_ln0 (specinterface) [ 00000000000000]
specinterface_ln0 (specinterface) [ 00000000000000]
specinterface_ln0 (specinterface) [ 00000000000000]
call_ln8          (call         ) [ 00000000000000]
ret_ln28          (ret          ) [ 00000000000000]
</LifeTime>

<model>

<comp_list>
<comp id="0" class="1000" name="gmem0">
<pin_list>
<pin id="1" dir="1" index="0" bw="1" slack="0"/>
</pin_list>
<bind>
<StgValue><ssdm name="gmem0"/><MemPortTyVec>0 </MemPortTyVec>
</StgValue>
</bind>
</comp>

<comp id="2" class="1000" name="row_length">
<pin_list>
<pin id="3" dir="1" index="0" bw="1" slack="0"/>
</pin_list>
<bind>
<StgValue><ssdm name="row_length"/></StgValue>
</bind>
</comp>

<comp id="4" class="1000" name="gmem1">
<pin_list>
<pin id="5" dir="1" index="0" bw="1" slack="0"/>
</pin_list>
<bind>
<StgValue><ssdm name="gmem1"/><MemPortTyVec>0 </MemPortTyVec>
</StgValue>
</bind>
</comp>

<comp id="6" class="1000" name="colind">
<pin_list>
<pin id="7" dir="1" index="0" bw="1" slack="0"/>
</pin_list>
<bind>
<StgValue><ssdm name="colind"/></StgValue>
</bind>
</comp>

<comp id="8" class="1000" name="gmem2">
<pin_list>
<pin id="9" dir="1" index="0" bw="1" slack="0"/>
</pin_list>
<bind>
<StgValue><ssdm name="gmem2"/><MemPortTyVec>0 </MemPortTyVec>
</StgValue>
</bind>
</comp>

<comp id="10" class="1000" name="values">
<pin_list>
<pin id="11" dir="1" index="0" bw="1" slack="0"/>
</pin_list>
<bind>
<StgValue><ssdm name="values"/></StgValue>
</bind>
</comp>

<comp id="12" class="1000" name="nnz_total">
<pin_list>
<pin id="13" dir="1" index="0" bw="1" slack="0"/>
</pin_list>
<bind>
<StgValue><ssdm name="nnz_total"/></StgValue>
</bind>
</comp>

<comp id="14" class="1000" name="row_fifo">
<pin_list>
<pin id="15" dir="1" index="0" bw="1" slack="0"/>
</pin_list>
<bind>
<StgValue><ssdm name="row_fifo"/></StgValue>
</bind>
</comp>

<comp id="16" class="1000" name="col_fifo">
<pin_list>
<pin id="17" dir="1" index="0" bw="1" slack="0"/>
</pin_list>
<bind>
<StgValue><ssdm name="col_fifo"/></StgValue>
</bind>
</comp>

<comp id="18" class="1000" name="val_fifo">
<pin_list>
<pin id="19" dir="1" index="0" bw="1" slack="0"/>
</pin_list>
<bind>
<StgValue><ssdm name="val_fifo"/></StgValue>
</bind>
</comp>

<comp id="20" class="1001" name="const_20">
<pin_list>
<pin id="21" dir="1" index="0" bw="1" slack="0"/>
</pin_list>
<bind>
<StgValue><ssdm name="_ssdm_op_Read.ap_auto.i32"/></StgValue>
</bind>
</comp>

<comp id="22" class="1001" name="const_22">
<pin_list>
<pin id="23" dir="1" index="0" bw="1" slack="0"/>
</pin_list>
<bind>
<StgValue><ssdm name=""/></StgValue>
</bind>
</comp>

<comp id="24" class="1001" name="const_24">
<pin_list>
<pin id="25" dir="1" index="0" bw="1" slack="0"/>
</pin_list>
<bind>
<StgValue><ssdm name=""/></StgValue>
</bind>
</comp>

<comp id="26" class="1001" name="const_26">
<pin_list>
<pin id="27" dir="1" index="0" bw="1" slack="0"/>
</pin_list>
<bind>
<StgValue><ssdm name="_ssdm_op_Read.ap_auto.i64"/></StgValue>
</bind>
</comp>

<comp id="28" class="1001" name="const_28">
<pin_list>
<pin id="29" dir="1" index="0" bw="1" slack="0"/>
</pin_list>
<bind>
<StgValue><ssdm name="_ssdm_op_PartSelect.i62.i64.i32.i32"/></StgValue>
</bind>
</comp>

<comp id="30" class="1001" name="const_30">
<pin_list>
<pin id="31" dir="1" index="0" bw="1" slack="0"/>
</pin_list>
<bind>
<StgValue><ssdm name=""/></StgValue>
</bind>
</comp>

<comp id="32" class="1001" name="const_32">
<pin_list>
<pin id="33" dir="1" index="0" bw="1" slack="0"/>
</pin_list>
<bind>
<StgValue><ssdm name=""/></StgValue>
</bind>
</comp>

<comp id="34" class="1001" name="const_34">
<pin_list>
<pin id="35" dir="1" index="0" bw="1" slack="0"/>
</pin_list>
<bind>
<StgValue><ssdm name="_ssdm_op_ReadReq.m_axi.p1i32"/></StgValue>
</bind>
</comp>

<comp id="36" class="1001" name="const_36">
<pin_list>
<pin id="37" dir="1" index="0" bw="1" slack="0"/>
</pin_list>
<bind>
<StgValue><ssdm name=""/></StgValue>
</bind>
</comp>

<comp id="38" class="1001" name="const_38">
<pin_list>
<pin id="39" dir="1" index="0" bw="1" slack="0"/>
</pin_list>
<bind>
<StgValue><ssdm name="_ssdm_op_PartSelect.i63.i64.i32.i32"/></StgValue>
</bind>
</comp>

<comp id="40" class="1001" name="const_40">
<pin_list>
<pin id="41" dir="1" index="0" bw="1" slack="0"/>
</pin_list>
<bind>
<StgValue><ssdm name=""/></StgValue>
</bind>
</comp>

<comp id="42" class="1001" name="const_42">
<pin_list>
<pin id="43" dir="1" index="0" bw="1" slack="0"/>
</pin_list>
<bind>
<StgValue><ssdm name="_ssdm_op_ReadReq.m_axi.p1i16"/></StgValue>
</bind>
</comp>

<comp id="44" class="1001" name="const_44">
<pin_list>
<pin id="45" dir="1" index="0" bw="1" slack="0"/>
</pin_list>
<bind>
<StgValue><ssdm name="spmm_load_csr_Pipeline_LOAD_ROWS"/></StgValue>
</bind>
</comp>

<comp id="46" class="1001" name="const_46">
<pin_list>
<pin id="47" dir="1" index="0" bw="1" slack="0"/>
</pin_list>
<bind>
<StgValue><ssdm name="_ssdm_op_Fence"/></StgValue>
</bind>
</comp>

<comp id="48" class="1001" name="const_48">
<pin_list>
<pin id="49" dir="1" index="0" bw="1" slack="0"/>
</pin_list>
<bind>
<StgValue><ssdm name=""/></StgValue>
</bind>
</comp>

<comp id="50" class="1001" name="const_50">
<pin_list>
<pin id="51" dir="1" index="0" bw="1" slack="0"/>
</pin_list>
<bind>
<StgValue><ssdm name="spmm_load_csr_Pipeline_LOAD_NNZ"/></StgValue>
</bind>
</comp>

<comp id="52" class="1001" name="const_52">
<pin_list>
<pin id="53" dir="1" index="0" bw="1" slack="2147483647"/>
</pin_list>
<bind>
<StgValue><ssdm name="_ssdm_op_SpecInterface"/></StgValue>
</bind>
</comp>

<comp id="54" class="1001" name="const_54">
<pin_list>
<pin id="55" dir="1" index="0" bw="1" slack="2147483647"/>
</pin_list>
<bind>
<StgValue><ssdm name="empty_18"/></StgValue>
</bind>
</comp>

<comp id="56" class="1001" name="const_56">
<pin_list>
<pin id="57" dir="1" index="0" bw="1" slack="2147483647"/>
</pin_list>
<bind>
<StgValue><ssdm name="empty_7"/></StgValue>
</bind>
</comp>

<comp id="58" class="1001" name="const_58">
<pin_list>
<pin id="59" dir="1" index="0" bw="1" slack="2147483647"/>
</pin_list>
<bind>
<StgValue><ssdm name="empty"/></StgValue>
</bind>
</comp>

<comp id="60" class="1001" name="const_60">
<pin_list>
<pin id="61" dir="1" index="0" bw="1" slack="2147483647"/>
</pin_list>
<bind>
<StgValue><ssdm name="empty_2"/></StgValue>
</bind>
</comp>

<comp id="62" class="1001" name="const_62">
<pin_list>
<pin id="63" dir="1" index="0" bw="1" slack="2147483647"/>
</pin_list>
<bind>
<StgValue><ssdm name="empty_19"/></StgValue>
</bind>
</comp>

<comp id="64" class="1001" name="const_64">
<pin_list>
<pin id="65" dir="1" index="0" bw="1" slack="2147483647"/>
</pin_list>
<bind>
<StgValue><ssdm name=""/></StgValue>
</bind>
</comp>

<comp id="66" class="1001" name="const_66">
<pin_list>
<pin id="67" dir="1" index="0" bw="1" slack="2147483647"/>
</pin_list>
<bind>
<StgValue><ssdm name="empty_24"/></StgValue>
</bind>
</comp>

<comp id="68" class="1001" name="const_68">
<pin_list>
<pin id="69" dir="1" index="0" bw="1" slack="2147483647"/>
</pin_list>
<bind>
<StgValue><ssdm name=""/></StgValue>
</bind>
</comp>

<comp id="70" class="1001" name="const_70">
<pin_list>
<pin id="71" dir="1" index="0" bw="1" slack="2147483647"/>
</pin_list>
<bind>
<StgValue><ssdm name="empty_25"/></StgValue>
</bind>
</comp>

<comp id="72" class="1004" name="nnz_total_read_read_fu_72">
<pin_list>
<pin id="73" dir="0" index="0" bw="32" slack="0"/>
<pin id="74" dir="0" index="1" bw="32" slack="0"/>
<pin id="75" dir="1" index="2" bw="32" slack="0"/>
</pin_list>
<bind>
<opcode="read(1150) " fcode="read"/>
<opset="nnz_total_read/1 "/>
</bind>
</comp>

<comp id="78" class="1004" name="values_read_read_fu_78">
<pin_list>
<pin id="79" dir="0" index="0" bw="64" slack="0"/>
<pin id="80" dir="0" index="1" bw="64" slack="0"/>
<pin id="81" dir="1" index="2" bw="64" slack="0"/>
</pin_list>
<bind>
<opcode="read(1150) " fcode="read"/>
<opset="values_read/2 "/>
</bind>
</comp>

<comp id="84" class="1004" name="colind_read_read_fu_84">
<pin_list>
<pin id="85" dir="0" index="0" bw="64" slack="0"/>
<pin id="86" dir="0" index="1" bw="64" slack="0"/>
<pin id="87" dir="1" index="2" bw="64" slack="0"/>
</pin_list>
<bind>
<opcode="read(1150) " fcode="read"/>
<opset="colind_read/2 "/>
</bind>
</comp>

<comp id="90" class="1004" name="row_length_read_read_fu_90">
<pin_list>
<pin id="91" dir="0" index="0" bw="64" slack="0"/>
<pin id="92" dir="0" index="1" bw="64" slack="0"/>
<pin id="93" dir="1" index="2" bw="64" slack="0"/>
</pin_list>
<bind>
<opcode="read(1150) " fcode="read"/>
<opset="row_length_read/2 "/>
</bind>
</comp>

<comp id="96" class="1004" name="grp_readreq_fu_96">
<pin_list>
<pin id="97" dir="0" index="0" bw="1" slack="0"/>
<pin id="98" dir="0" index="1" bw="32" slack="0"/>
<pin id="99" dir="0" index="2" bw="13" slack="0"/>
<pin id="100" dir="1" index="3" bw="1" slack="2147483647"/>
</pin_list>
<bind>
<opcode="readreq(1154) " fcode="readreq"/>
<opset="empty/2 "/>
</bind>
</comp>

<comp id="103" class="1004" name="grp_readreq_fu_103">
<pin_list>
<pin id="104" dir="0" index="0" bw="1" slack="0"/>
<pin id="105" dir="0" index="1" bw="32" slack="0"/>
<pin id="106" dir="0" index="2" bw="31" slack="0"/>
<pin id="107" dir="1" index="3" bw="1" slack="2147483647"/>
</pin_list>
<bind>
<opcode="readreq(1154) " fcode="readreq"/>
<opset="empty_103/2 "/>
</bind>
</comp>

<comp id="109" class="1004" name="grp_readreq_fu_109">
<pin_list>
<pin id="110" dir="0" index="0" bw="1" slack="0"/>
<pin id="111" dir="0" index="1" bw="16" slack="0"/>
<pin id="112" dir="0" index="2" bw="31" slack="0"/>
<pin id="113" dir="1" index="3" bw="1" slack="2147483647"/>
</pin_list>
<bind>
<opcode="readreq(1154) " fcode="readreq"/>
<opset="empty_104/2 "/>
</bind>
</comp>

<comp id="115" class="1004" name="grp_spmm_load_csr_Pipeline_LOAD_ROWS_fu_115">
<pin_list>
<pin id="116" dir="0" index="0" bw="0" slack="0"/>
<pin id="117" dir="0" index="1" bw="32" slack="0"/>
<pin id="118" dir="0" index="2" bw="62" slack="8"/>
<pin id="119" dir="0" index="3" bw="32" slack="0"/>
<pin id="120" dir="1" index="4" bw="0" slack="2147483647"/>
</pin_list>
<bind>
<opcode="call(48) " fcode="call"/>
<opset="call_ln17/10 "/>
</bind>
</comp>

<comp id="124" class="1004" name="grp_spmm_load_csr_Pipeline_LOAD_NNZ_fu_124">
<pin_list>
<pin id="125" dir="0" index="0" bw="0" slack="0"/>
<pin id="126" dir="0" index="1" bw="32" slack="11"/>
<pin id="127" dir="0" index="2" bw="32" slack="0"/>
<pin id="128" dir="0" index="3" bw="62" slack="10"/>
<pin id="129" dir="0" index="4" bw="16" slack="0"/>
<pin id="130" dir="0" index="5" bw="63" slack="10"/>
<pin id="131" dir="0" index="6" bw="32" slack="0"/>
<pin id="132" dir="0" index="7" bw="16" slack="0"/>
<pin id="133" dir="1" index="8" bw="0" slack="2147483647"/>
</pin_list>
<bind>
<opcode="call(48) " fcode="call"/>
<opset="call_ln8/12 "/>
</bind>
</comp>

<comp id="139" class="1004" name="icmp_ln23_fu_139">
<pin_list>
<pin id="140" dir="0" index="0" bw="32" slack="0"/>
<pin id="141" dir="0" index="1" bw="32" slack="0"/>
<pin id="142" dir="1" index="2" bw="1" slack="0"/>
</pin_list>
<bind>
<opcode="icmp(45) " fcode="icmp"/>
<opset="icmp_ln23/1 "/>
</bind>
</comp>

<comp id="145" class="1004" name="trunc_ln23_fu_145">
<pin_list>
<pin id="146" dir="0" index="0" bw="32" slack="0"/>
<pin id="147" dir="1" index="1" bw="31" slack="0"/>
</pin_list>
<bind>
<opcode="trunc(33) " fcode="trunc"/>
<opset="trunc_ln23/1 "/>
</bind>
</comp>

<comp id="149" class="1004" name="empty_102_fu_149">
<pin_list>
<pin id="150" dir="0" index="0" bw="1" slack="0"/>
<pin id="151" dir="0" index="1" bw="31" slack="0"/>
<pin id="152" dir="0" index="2" bw="31" slack="0"/>
<pin id="153" dir="1" index="3" bw="31" slack="1"/>
</pin_list>
<bind>
<opcode="select(49) " fcode="select"/>
<opset="empty_102/1 "/>
</bind>
</comp>

<comp id="157" class="1004" name="trunc_ln_fu_157">
<pin_list>
<pin id="158" dir="0" index="0" bw="62" slack="0"/>
<pin id="159" dir="0" index="1" bw="64" slack="0"/>
<pin id="160" dir="0" index="2" bw="3" slack="0"/>
<pin id="161" dir="0" index="3" bw="7" slack="0"/>
<pin id="162" dir="1" index="4" bw="62" slack="0"/>
</pin_list>
<bind>
<opcode="partselect(1002) " fcode="partselect"/>
<opset="trunc_ln/2 "/>
</bind>
</comp>

<comp id="167" class="1004" name="sext_ln17_fu_167">
<pin_list>
<pin id="168" dir="0" index="0" bw="62" slack="0"/>
<pin id="169" dir="1" index="1" bw="64" slack="0"/>
</pin_list>
<bind>
<opcode="sext(35) " fcode="sext"/>
<opset="sext_ln17/2 "/>
</bind>
</comp>

<comp id="171" class="1004" name="gmem0_addr_fu_171">
<pin_list>
<pin id="172" dir="0" index="0" bw="64" slack="0"/>
<pin id="173" dir="0" index="1" bw="64" slack="0"/>
<pin id="174" dir="1" index="2" bw="64" slack="0"/>
</pin_list>
<bind>
<opcode="getelementptr(29) " fcode="getelementptr"/>
<opset="gmem0_addr/2 "/>
</bind>
</comp>

<comp id="178" class="1004" name="trunc_ln2_fu_178">
<pin_list>
<pin id="179" dir="0" index="0" bw="62" slack="0"/>
<pin id="180" dir="0" index="1" bw="64" slack="0"/>
<pin id="181" dir="0" index="2" bw="3" slack="0"/>
<pin id="182" dir="0" index="3" bw="7" slack="0"/>
<pin id="183" dir="1" index="4" bw="62" slack="0"/>
</pin_list>
<bind>
<opcode="partselect(1002) " fcode="partselect"/>
<opset="trunc_ln2/2 "/>
</bind>
</comp>

<comp id="188" class="1004" name="sext_ln23_fu_188">
<pin_list>
<pin id="189" dir="0" index="0" bw="62" slack="0"/>
<pin id="190" dir="1" index="1" bw="64" slack="0"/>
</pin_list>
<bind>
<opcode="sext(35) " fcode="sext"/>
<opset="sext_ln23/2 "/>
</bind>
</comp>

<comp id="192" class="1004" name="gmem1_addr_fu_192">
<pin_list>
<pin id="193" dir="0" index="0" bw="64" slack="0"/>
<pin id="194" dir="0" index="1" bw="64" slack="0"/>
<pin id="195" dir="1" index="2" bw="64" slack="0"/>
</pin_list>
<bind>
<opcode="getelementptr(29) " fcode="getelementptr"/>
<opset="gmem1_addr/2 "/>
</bind>
</comp>

<comp id="199" class="1004" name="zext_ln23_fu_199">
<pin_list>
<pin id="200" dir="0" index="0" bw="31" slack="1"/>
<pin id="201" dir="1" index="1" bw="64" slack="0"/>
</pin_list>
<bind>
<opcode="zext(34) " fcode="zext"/>
<opset="zext_ln23/2 "/>
</bind>
</comp>

<comp id="204" class="1004" name="trunc_ln23_1_fu_204">
<pin_list>
<pin id="205" dir="0" index="0" bw="63" slack="0"/>
<pin id="206" dir="0" index="1" bw="64" slack="0"/>
<pin id="207" dir="0" index="2" bw="1" slack="0"/>
<pin id="208" dir="0" index="3" bw="7" slack="0"/>
<pin id="209" dir="1" index="4" bw="63" slack="0"/>
</pin_list>
<bind>
<opcode="partselect(1002) " fcode="partselect"/>
<opset="trunc_ln23_1/2 "/>
</bind>
</comp>

<comp id="214" class="1004" name="sext_ln23_1_fu_214">
<pin_list>
<pin id="215" dir="0" index="0" bw="63" slack="0"/>
<pin id="216" dir="1" index="1" bw="64" slack="0"/>
</pin_list>
<bind>
<opcode="sext(35) " fcode="sext"/>
<opset="sext_ln23_1/2 "/>
</bind>
</comp>

<comp id="218" class="1004" name="gmem2_addr_fu_218">
<pin_list>
<pin id="219" dir="0" index="0" bw="64" slack="0"/>
<pin id="220" dir="0" index="1" bw="64" slack="0"/>
<pin id="221" dir="1" index="2" bw="64" slack="0"/>
</pin_list>
<bind>
<opcode="getelementptr(29) " fcode="getelementptr"/>
<opset="gmem2_addr/2 "/>
</bind>
</comp>

<comp id="225" class="1004" name="fence_ln23_fu_225">
<pin_list>
<pin id="226" dir="0" index="0" bw="0" slack="0"/>
<pin id="227" dir="0" index="1" bw="32" slack="0"/>
<pin id="228" dir="0" index="2" bw="1" slack="0"/>
<pin id="229" dir="0" index="3" bw="32" slack="0"/>
<pin id="230" dir="0" index="4" bw="16" slack="0"/>
<pin id="231" dir="0" index="5" bw="1" slack="0"/>
<pin id="232" dir="1" index="6" bw="0" slack="2147483647"/>
</pin_list>
<bind>
<opcode="fence(30) " fcode="fence"/>
<opset="fence_ln23/12 "/>
</bind>
</comp>

<comp id="239" class="1004" name="fence_ln23_fu_239">
<pin_list>
<pin id="240" dir="0" index="0" bw="0" slack="0"/>
<pin id="241" dir="0" index="1" bw="32" slack="0"/>
<pin id="242" dir="0" index="2" bw="1" slack="0"/>
<pin id="243" dir="0" index="3" bw="32" slack="0"/>
<pin id="244" dir="0" index="4" bw="16" slack="0"/>
<pin id="245" dir="0" index="5" bw="1" slack="0"/>
<pin id="246" dir="1" index="6" bw="0" slack="2147483647"/>
</pin_list>
<bind>
<opcode="fence(30) " fcode="fence"/>
<opset="fence_ln23/12 "/>
</bind>
</comp>

<comp id="253" class="1005" name="nnz_total_read_reg_253">
<pin_list>
<pin id="254" dir="0" index="0" bw="32" slack="11"/>
<pin id="255" dir="1" index="1" bw="32" slack="11"/>
</pin_list>
<bind>
<opset="nnz_total_read "/>
</bind>
</comp>

<comp id="258" class="1005" name="empty_102_reg_258">
<pin_list>
<pin id="259" dir="0" index="0" bw="31" slack="1"/>
<pin id="260" dir="1" index="1" bw="31" slack="1"/>
</pin_list>
<bind>
<opset="empty_102 "/>
</bind>
</comp>

<comp id="263" class="1005" name="trunc_ln_reg_263">
<pin_list>
<pin id="264" dir="0" index="0" bw="62" slack="8"/>
<pin id="265" dir="1" index="1" bw="62" slack="8"/>
</pin_list>
<bind>
<opset="trunc_ln "/>
</bind>
</comp>

<comp id="268" class="1005" name="gmem0_addr_reg_268">
<pin_list>
<pin id="269" dir="0" index="0" bw="32" slack="1"/>
<pin id="270" dir="1" index="1" bw="32" slack="1"/>
</pin_list>
<bind>
<opset="gmem0_addr "/>
</bind>
</comp>

<comp id="273" class="1005" name="trunc_ln2_reg_273">
<pin_list>
<pin id="274" dir="0" index="0" bw="62" slack="10"/>
<pin id="275" dir="1" index="1" bw="62" slack="10"/>
</pin_list>
<bind>
<opset="trunc_ln2 "/>
</bind>
</comp>

<comp id="278" class="1005" name="gmem1_addr_reg_278">
<pin_list>
<pin id="279" dir="0" index="0" bw="32" slack="1"/>
<pin id="280" dir="1" index="1" bw="32" slack="1"/>
</pin_list>
<bind>
<opset="gmem1_addr "/>
</bind>
</comp>

<comp id="283" class="1005" name="zext_ln23_reg_283">
<pin_list>
<pin id="284" dir="0" index="0" bw="64" slack="1"/>
<pin id="285" dir="1" index="1" bw="64" slack="1"/>
</pin_list>
<bind>
<opset="zext_ln23 "/>
</bind>
</comp>

<comp id="289" class="1005" name="trunc_ln23_1_reg_289">
<pin_list>
<pin id="290" dir="0" index="0" bw="63" slack="10"/>
<pin id="291" dir="1" index="1" bw="63" slack="10"/>
</pin_list>
<bind>
<opset="trunc_ln23_1 "/>
</bind>
</comp>

<comp id="294" class="1005" name="gmem2_addr_reg_294">
<pin_list>
<pin id="295" dir="0" index="0" bw="16" slack="1"/>
<pin id="296" dir="1" index="1" bw="16" slack="1"/>
</pin_list>
<bind>
<opset="gmem2_addr "/>
</bind>
</comp>

</comp_list>

<net_list>
<net id="76"><net_src comp="20" pin="0"/><net_sink comp="72" pin=0"/></net>

<net id="77"><net_src comp="12" pin="0"/><net_sink comp="72" pin=1"/></net>

<net id="82"><net_src comp="26" pin="0"/><net_sink comp="78" pin=0"/></net>

<net id="83"><net_src comp="10" pin="0"/><net_sink comp="78" pin=1"/></net>

<net id="88"><net_src comp="26" pin="0"/><net_sink comp="84" pin=0"/></net>

<net id="89"><net_src comp="6" pin="0"/><net_sink comp="84" pin=1"/></net>

<net id="94"><net_src comp="26" pin="0"/><net_sink comp="90" pin=0"/></net>

<net id="95"><net_src comp="2" pin="0"/><net_sink comp="90" pin=1"/></net>

<net id="101"><net_src comp="34" pin="0"/><net_sink comp="96" pin=0"/></net>

<net id="102"><net_src comp="36" pin="0"/><net_sink comp="96" pin=2"/></net>

<net id="108"><net_src comp="34" pin="0"/><net_sink comp="103" pin=0"/></net>

<net id="114"><net_src comp="42" pin="0"/><net_sink comp="109" pin=0"/></net>

<net id="121"><net_src comp="44" pin="0"/><net_sink comp="115" pin=0"/></net>

<net id="122"><net_src comp="0" pin="0"/><net_sink comp="115" pin=1"/></net>

<net id="123"><net_src comp="14" pin="0"/><net_sink comp="115" pin=3"/></net>

<net id="134"><net_src comp="50" pin="0"/><net_sink comp="124" pin=0"/></net>

<net id="135"><net_src comp="4" pin="0"/><net_sink comp="124" pin=2"/></net>

<net id="136"><net_src comp="8" pin="0"/><net_sink comp="124" pin=4"/></net>

<net id="137"><net_src comp="16" pin="0"/><net_sink comp="124" pin=6"/></net>

<net id="138"><net_src comp="18" pin="0"/><net_sink comp="124" pin=7"/></net>

<net id="143"><net_src comp="72" pin="2"/><net_sink comp="139" pin=0"/></net>

<net id="144"><net_src comp="22" pin="0"/><net_sink comp="139" pin=1"/></net>

<net id="148"><net_src comp="72" pin="2"/><net_sink comp="145" pin=0"/></net>

<net id="154"><net_src comp="139" pin="2"/><net_sink comp="149" pin=0"/></net>

<net id="155"><net_src comp="145" pin="1"/><net_sink comp="149" pin=1"/></net>

<net id="156"><net_src comp="24" pin="0"/><net_sink comp="149" pin=2"/></net>

<net id="163"><net_src comp="28" pin="0"/><net_sink comp="157" pin=0"/></net>

<net id="164"><net_src comp="90" pin="2"/><net_sink comp="157" pin=1"/></net>

<net id="165"><net_src comp="30" pin="0"/><net_sink comp="157" pin=2"/></net>

<net id="166"><net_src comp="32" pin="0"/><net_sink comp="157" pin=3"/></net>

<net id="170"><net_src comp="157" pin="4"/><net_sink comp="167" pin=0"/></net>

<net id="175"><net_src comp="0" pin="0"/><net_sink comp="171" pin=0"/></net>

<net id="176"><net_src comp="167" pin="1"/><net_sink comp="171" pin=1"/></net>

<net id="177"><net_src comp="171" pin="2"/><net_sink comp="96" pin=1"/></net>

<net id="184"><net_src comp="28" pin="0"/><net_sink comp="178" pin=0"/></net>

<net id="185"><net_src comp="84" pin="2"/><net_sink comp="178" pin=1"/></net>

<net id="186"><net_src comp="30" pin="0"/><net_sink comp="178" pin=2"/></net>

<net id="187"><net_src comp="32" pin="0"/><net_sink comp="178" pin=3"/></net>

<net id="191"><net_src comp="178" pin="4"/><net_sink comp="188" pin=0"/></net>

<net id="196"><net_src comp="4" pin="0"/><net_sink comp="192" pin=0"/></net>

<net id="197"><net_src comp="188" pin="1"/><net_sink comp="192" pin=1"/></net>

<net id="198"><net_src comp="192" pin="2"/><net_sink comp="103" pin=1"/></net>

<net id="202"><net_src comp="199" pin="1"/><net_sink comp="103" pin=2"/></net>

<net id="203"><net_src comp="199" pin="1"/><net_sink comp="109" pin=2"/></net>

<net id="210"><net_src comp="38" pin="0"/><net_sink comp="204" pin=0"/></net>

<net id="211"><net_src comp="78" pin="2"/><net_sink comp="204" pin=1"/></net>

<net id="212"><net_src comp="40" pin="0"/><net_sink comp="204" pin=2"/></net>

<net id="213"><net_src comp="32" pin="0"/><net_sink comp="204" pin=3"/></net>

<net id="217"><net_src comp="204" pin="4"/><net_sink comp="214" pin=0"/></net>

<net id="222"><net_src comp="8" pin="0"/><net_sink comp="218" pin=0"/></net>

<net id="223"><net_src comp="214" pin="1"/><net_sink comp="218" pin=1"/></net>

<net id="224"><net_src comp="218" pin="2"/><net_sink comp="109" pin=1"/></net>

<net id="233"><net_src comp="46" pin="0"/><net_sink comp="225" pin=0"/></net>

<net id="234"><net_src comp="14" pin="0"/><net_sink comp="225" pin=1"/></net>

<net id="235"><net_src comp="48" pin="0"/><net_sink comp="225" pin=2"/></net>

<net id="236"><net_src comp="16" pin="0"/><net_sink comp="225" pin=3"/></net>

<net id="237"><net_src comp="18" pin="0"/><net_sink comp="225" pin=4"/></net>

<net id="238"><net_src comp="22" pin="0"/><net_sink comp="225" pin=5"/></net>

<net id="247"><net_src comp="46" pin="0"/><net_sink comp="239" pin=0"/></net>

<net id="248"><net_src comp="14" pin="0"/><net_sink comp="239" pin=1"/></net>

<net id="249"><net_src comp="48" pin="0"/><net_sink comp="239" pin=2"/></net>

<net id="250"><net_src comp="16" pin="0"/><net_sink comp="239" pin=3"/></net>

<net id="251"><net_src comp="18" pin="0"/><net_sink comp="239" pin=4"/></net>

<net id="252"><net_src comp="22" pin="0"/><net_sink comp="239" pin=5"/></net>

<net id="256"><net_src comp="72" pin="2"/><net_sink comp="253" pin=0"/></net>

<net id="257"><net_src comp="253" pin="1"/><net_sink comp="124" pin=1"/></net>

<net id="261"><net_src comp="149" pin="3"/><net_sink comp="258" pin=0"/></net>

<net id="262"><net_src comp="258" pin="1"/><net_sink comp="199" pin=0"/></net>

<net id="266"><net_src comp="157" pin="4"/><net_sink comp="263" pin=0"/></net>

<net id="267"><net_src comp="263" pin="1"/><net_sink comp="115" pin=2"/></net>

<net id="271"><net_src comp="171" pin="2"/><net_sink comp="268" pin=0"/></net>

<net id="272"><net_src comp="268" pin="1"/><net_sink comp="96" pin=1"/></net>

<net id="276"><net_src comp="178" pin="4"/><net_sink comp="273" pin=0"/></net>

<net id="277"><net_src comp="273" pin="1"/><net_sink comp="124" pin=3"/></net>

<net id="281"><net_src comp="192" pin="2"/><net_sink comp="278" pin=0"/></net>

<net id="282"><net_src comp="278" pin="1"/><net_sink comp="103" pin=1"/></net>

<net id="286"><net_src comp="199" pin="1"/><net_sink comp="283" pin=0"/></net>

<net id="287"><net_src comp="283" pin="1"/><net_sink comp="103" pin=2"/></net>

<net id="288"><net_src comp="283" pin="1"/><net_sink comp="109" pin=2"/></net>

<net id="292"><net_src comp="204" pin="4"/><net_sink comp="289" pin=0"/></net>

<net id="293"><net_src comp="289" pin="1"/><net_sink comp="124" pin=5"/></net>

<net id="297"><net_src comp="218" pin="2"/><net_sink comp="294" pin=0"/></net>

<net id="298"><net_src comp="294" pin="1"/><net_sink comp="109" pin=1"/></net>

</net_list>

</model> 
---------------- Datapath Model END ------------------

* FSMD analyzer results:
  - Output states:
	Port: gmem0 | {}
	Port: gmem1 | {}
	Port: gmem2 | {}
	Port: row_fifo | {10 11 }
	Port: col_fifo | {12 13 }
	Port: val_fifo | {12 13 }
 - Input state : 
	Port: spmm_load_csr : gmem0 | {2 3 4 5 6 7 8 9 10 11 }
	Port: spmm_load_csr : row_length | {2 }
	Port: spmm_load_csr : gmem1 | {2 3 4 5 6 7 8 9 12 13 }
	Port: spmm_load_csr : colind | {2 }
	Port: spmm_load_csr : gmem2 | {2 3 4 5 6 7 8 9 12 13 }
	Port: spmm_load_csr : values | {2 }
	Port: spmm_load_csr : nnz_total | {1 }
  - Chain level:
	State 1
		empty_102 : 1
	State 2
		sext_ln17 : 1
		gmem0_addr : 2
		empty : 3
		sext_ln23 : 1
		gmem1_addr : 2
		empty_103 : 3
		sext_ln23_1 : 1
		gmem2_addr : 2
		empty_104 : 3
	State 3
	State 4
	State 5
	State 6
	State 7
	State 8
	State 9
	State 10
	State 11
	State 12
	State 13


============================================================
+ Verbose Summary: Datapath Resource usage 
============================================================

* Functional unit list:
|----------|---------------------------------------------|---------|---------|
| Operation|               Functional Unit               |    FF   |   LUT   |
|----------|---------------------------------------------|---------|---------|
|   call   | grp_spmm_load_csr_Pipeline_LOAD_ROWS_fu_115 |   109   |    38   |
|          |  grp_spmm_load_csr_Pipeline_LOAD_NNZ_fu_124 |   208   |    77   |
|----------|---------------------------------------------|---------|---------|
|   icmp   |               icmp_ln23_fu_139              |    0    |    39   |
|----------|---------------------------------------------|---------|---------|
|  select  |               empty_102_fu_149              |    0    |    31   |
|----------|---------------------------------------------|---------|---------|
|          |          nnz_total_read_read_fu_72          |    0    |    0    |
|   read   |            values_read_read_fu_78           |    0    |    0    |
|          |            colind_read_read_fu_84           |    0    |    0    |
|          |          row_length_read_read_fu_90         |    0    |    0    |
|----------|---------------------------------------------|---------|---------|
|          |              grp_readreq_fu_96              |    0    |    0    |
|  readreq |              grp_readreq_fu_103             |    0    |    0    |
|          |              grp_readreq_fu_109             |    0    |    0    |
|----------|---------------------------------------------|---------|---------|
|   trunc  |              trunc_ln23_fu_145              |    0    |    0    |
|----------|---------------------------------------------|---------|---------|
|          |               trunc_ln_fu_157               |    0    |    0    |
|partselect|               trunc_ln2_fu_178              |    0    |    0    |
|          |             trunc_ln23_1_fu_204             |    0    |    0    |
|----------|---------------------------------------------|---------|---------|
|          |               sext_ln17_fu_167              |    0    |    0    |
|   sext   |               sext_ln23_fu_188              |    0    |    0    |
|          |              sext_ln23_1_fu_214             |    0    |    0    |
|----------|---------------------------------------------|---------|---------|
|   zext   |               zext_ln23_fu_199              |    0    |    0    |
|----------|---------------------------------------------|---------|---------|
|   fence  |              fence_ln23_fu_225              |    0    |    0    |
|          |              fence_ln23_fu_239              |    0    |    0    |
|----------|---------------------------------------------|---------|---------|
|   Total  |                                             |   317   |   185   |
|----------|---------------------------------------------|---------|---------|

Memories:
N/A

* Register list:
+----------------------+--------+
|                      |   FF   |
+----------------------+--------+
|   empty_102_reg_258  |   31   |
|  gmem0_addr_reg_268  |   32   |
|  gmem1_addr_reg_278  |   32   |
|  gmem2_addr_reg_294  |   16   |
|nnz_total_read_reg_253|   32   |
| trunc_ln23_1_reg_289 |   63   |
|   trunc_ln2_reg_273  |   62   |
|   trunc_ln_reg_263   |   62   |
|   zext_ln23_reg_283  |   64   |
+----------------------+--------+
|         Total        |   394  |
+----------------------+--------+

* Multiplexer (MUX) list: 
|--------------------|------|------|------|--------||---------||---------||---------|
|        Comp        |  Pin | Size |  BW  | S x BW ||  Delay  ||    FF   ||   LUT   |
|--------------------|------|------|------|--------||---------||---------||---------|
|  grp_readreq_fu_96 |  p1  |   2  |  32  |   64   ||    0    ||    9    |
| grp_readreq_fu_103 |  p1  |   2  |  32  |   64   ||    0    ||    9    |
| grp_readreq_fu_103 |  p2  |   2  |  31  |   62   ||    0    ||    9    |
| grp_readreq_fu_109 |  p1  |   2  |  16  |   32   ||    0    ||    9    |
| grp_readreq_fu_109 |  p2  |   2  |  31  |   62   ||    0    ||    9    |
|--------------------|------|------|------|--------||---------||---------||---------|
|        Total       |      |      |      |   284  ||  2.135  ||    0    ||    45   |
|--------------------|------|------|------|--------||---------||---------||---------|



* Summary:
+-----------+--------+--------+--------+
|           |  Delay |   FF   |   LUT  |
+-----------+--------+--------+--------+
|  Function |    -   |   317  |   185  |
|   Memory  |    -   |    -   |    -   |
|Multiplexer|    2   |    0   |   45   |
|  Register |    -   |   394  |    -   |
+-----------+--------+--------+--------+
|   Total   |    2   |   711  |   230  |
+-----------+--------+--------+--------+
