

================================================================
== Vitis HLS Report for 'spmm_stage'
================================================================
* Date:           Wed Apr 15 14:24:43 2026

* Version:        2025.2 (Build 6295257 on Nov 14 2025)
* Project:        spmm_stage
* Solution:       hls (Vivado IP Flow Target)
* Product family: zynquplus
* Target device:  xck26-sfvc784-2LV-c


================================================================
== Performance Estimates
================================================================
+ Timing: 
    * Summary: 
    +--------+----------+----------+------------+
    |  Clock |  Target  | Estimated| Uncertainty|
    +--------+----------+----------+------------+
    |ap_clk  |  10.00 ns|  7.300 ns|     2.70 ns|
    +--------+----------+----------+------------+

+ Latency: 
    * Summary: 
    +---------+---------+----------+----------+-----+-----+----------+
    |  Latency (cycles) |  Latency (absolute) |  Interval | Pipeline |
    |   min   |   max   |    min   |    max   | min | max |   Type   |
    +---------+---------+----------+----------+-----+-----+----------+
    |        ?|        ?|         ?|         ?|    ?|    ?|  dataflow|
    +---------+---------+----------+----------+-----+-----+----------+

    + Detail: 
        * Instance: 
        N/A

        * Loop: 
        N/A

============================================================
+ Verbose Summary: Synthesis Manager
============================================================
InlineROM: 1
ExposeGlobal: 0
============================================================
+ Verbose Summary: CDFG Model
============================================================
IsTopModel: 1
ResetActiveHigh: 1
IsCombinational: 2
IsDatapathOnly: 0
HasWiredReturn: 1
HasMFsm: 0
HasVarLatency: 1
IsPipeline: 0
IsRtlPipelined: 0
IsInstanceOverlapped: 0
IsDontTouch: 0
HasImplIP: 0
IsGatedGlobalClock: 0


============================================================
+ Verbose Summary: Schedule
============================================================
* Number of FSM states : 7
* Pipeline : 0
* Dataflow Pipeline: 1
  DF-Pipeline-0: Size = 7, States = { 1 2 3 4 5 6 7 }

* FSM state transitions: 
1 --> 2 
2 --> 3 
3 --> 4 
4 --> 5 
5 --> 6 
6 --> 7 
7 --> 

* FSM state operations: 

State 1 <SV = 0> <Delay = 2.83>
ST_1 : Operation 8 [1/1] (1.00ns)   --->   "%H_out_read = read i64 @_ssdm_op_Read.s_axilite.i64, i64 %H_out" [src/integrated-gcn/spmm_stage.cpp:122]   --->   Operation 8 'read' 'H_out_read' <Predicate = true> <Delay = 1.00> <CoreInst = "s_axilite">   --->   Core 120 's_axilite' <Latency = 0> <II = 1> <Delay = 1.00> <Adapter> <Opcode : 'read' 'write'>
ST_1 : Operation 9 [1/1] (1.00ns)   --->   "%H_temp_read = read i64 @_ssdm_op_Read.s_axilite.i64, i64 %H_temp" [src/integrated-gcn/spmm_stage.cpp:122]   --->   Operation 9 'read' 'H_temp_read' <Predicate = true> <Delay = 1.00> <CoreInst = "s_axilite">   --->   Core 120 's_axilite' <Latency = 0> <II = 1> <Delay = 1.00> <Adapter> <Opcode : 'read' 'write'>
ST_1 : Operation 10 [1/1] (1.00ns)   --->   "%values_read = read i64 @_ssdm_op_Read.s_axilite.i64, i64 %values" [src/integrated-gcn/spmm_stage.cpp:122]   --->   Operation 10 'read' 'values_read' <Predicate = true> <Delay = 1.00> <CoreInst = "s_axilite">   --->   Core 120 's_axilite' <Latency = 0> <II = 1> <Delay = 1.00> <Adapter> <Opcode : 'read' 'write'>
ST_1 : Operation 11 [1/1] (1.00ns)   --->   "%colind_read = read i64 @_ssdm_op_Read.s_axilite.i64, i64 %colind" [src/integrated-gcn/spmm_stage.cpp:122]   --->   Operation 11 'read' 'colind_read' <Predicate = true> <Delay = 1.00> <CoreInst = "s_axilite">   --->   Core 120 's_axilite' <Latency = 0> <II = 1> <Delay = 1.00> <Adapter> <Opcode : 'read' 'write'>
ST_1 : Operation 12 [1/1] (1.00ns)   --->   "%row_length_read = read i64 @_ssdm_op_Read.s_axilite.i64, i64 %row_length" [src/integrated-gcn/spmm_stage.cpp:122]   --->   Operation 12 'read' 'row_length_read' <Predicate = true> <Delay = 1.00> <CoreInst = "s_axilite">   --->   Core 120 's_axilite' <Latency = 0> <II = 1> <Delay = 1.00> <Adapter> <Opcode : 'read' 'write'>
ST_1 : Operation 13 [1/1] (0.00ns)   --->   "%H_out_c = alloca i64 1" [src/integrated-gcn/spmm_stage.cpp:122]   --->   Operation 13 'alloca' 'H_out_c' <Predicate = true> <Delay = 0.00> <CoreInst = "FIFO_SRL">   --->   Core 80 'FIFO_SRL' <Latency = 0> <II = 1> <Delay = 1.83> <Storage> <Opcode : 'read' 'write' 'nbread' 'nbwrite'> <Ports = 0> <Width = 64> <Depth = 4> <FIFO>
ST_1 : Operation 14 [1/1] (0.00ns)   --->   "%row_fifo = alloca i64 1" [src/integrated-gcn/spmm_stage.cpp:124]   --->   Operation 14 'alloca' 'row_fifo' <Predicate = true> <Delay = 0.00> <CoreInst = "FIFO_SRL">   --->   Core 80 'FIFO_SRL' <Latency = 0> <II = 1> <Delay = 2.04> <Storage> <Opcode : 'read' 'write' 'nbread' 'nbwrite'> <Ports = 0> <Width = 32> <Depth = 16> <FIFO>
ST_1 : Operation 15 [1/1] (0.00ns)   --->   "%col_fifo = alloca i64 1" [src/integrated-gcn/spmm_stage.cpp:125]   --->   Operation 15 'alloca' 'col_fifo' <Predicate = true> <Delay = 0.00> <CoreInst = "FIFO">   --->   Core 77 'FIFO' <Latency = 0> <II = 1> <Delay = 1.65> <Storage> <Opcode : 'read' 'write' 'nbread' 'nbwrite'> <Ports = 0> <Width = 32> <Depth = 256> <FIFO>
ST_1 : Operation 16 [1/1] (0.00ns)   --->   "%val_fifo = alloca i64 1" [src/integrated-gcn/spmm_stage.cpp:126]   --->   Operation 16 'alloca' 'val_fifo' <Predicate = true> <Delay = 0.00> <CoreInst = "FIFO">   --->   Core 77 'FIFO' <Latency = 0> <II = 1> <Delay = 1.65> <Storage> <Opcode : 'read' 'write' 'nbread' 'nbwrite'> <Ports = 0> <Width = 16> <Depth = 256> <FIFO>
ST_1 : Operation 17 [1/1] (0.00ns)   --->   "%result_fifo = alloca i64 1" [src/integrated-gcn/spmm_stage.cpp:127]   --->   Operation 17 'alloca' 'result_fifo' <Predicate = true> <Delay = 0.00> <CoreInst = "FIFO_SRL">   --->   Core 80 'FIFO_SRL' <Latency = 0> <II = 1> <Delay = 1.63> <Storage> <Opcode : 'read' 'write' 'nbread' 'nbwrite'> <Ports = 0> <Width = 16> <Depth = 32> <FIFO>
ST_1 : Operation 18 [1/1] (1.83ns)   --->   "%call_ln122 = call void @entry_proc, i64 %H_out_read, i64 %H_out_c" [src/integrated-gcn/spmm_stage.cpp:122]   --->   Operation 18 'call' 'call_ln122' <Predicate = true> <Delay = 1.83> <CoreType = "Generic">   --->   Generic Core

State 2 <SV = 1> <Delay = 7.30>
ST_2 : Operation 19 [1/1] (0.00ns)   --->   "%nnz_total_read = read i32 @_ssdm_op_Read.ap_auto.i32, i32 %nnz_total" [src/integrated-gcn/spmm_stage.cpp:122]   --->   Operation 19 'read' 'nnz_total_read' <Predicate = true> <Delay = 0.00>
ST_2 : Operation 20 [2/2] (7.30ns)   --->   "%call_ln134 = call void @spmm_load_csr, i32 %gmem0, i64 %row_length_read, i32 %gmem1, i64 %colind_read, i16 %gmem2, i64 %values_read, i32 %nnz_total_read, i32 %row_fifo, i32 %col_fifo, i16 %val_fifo" [src/integrated-gcn/spmm_stage.cpp:134]   --->   Operation 20 'call' 'call_ln134' <Predicate = true> <Delay = 7.30> <CoreType = "Generic">   --->   Generic Core

State 3 <SV = 2> <Delay = 0.00>
ST_3 : Operation 21 [1/2] (0.00ns)   --->   "%call_ln134 = call void @spmm_load_csr, i32 %gmem0, i64 %row_length_read, i32 %gmem1, i64 %colind_read, i16 %gmem2, i64 %values_read, i32 %nnz_total_read, i32 %row_fifo, i32 %col_fifo, i16 %val_fifo" [src/integrated-gcn/spmm_stage.cpp:134]   --->   Operation 21 'call' 'call_ln134' <Predicate = true> <Delay = 0.00> <CoreType = "Generic">   --->   Generic Core

State 4 <SV = 3> <Delay = 0.00>
ST_4 : Operation 22 [2/2] (0.00ns)   --->   "%call_ln137 = call void @spmm_compute, i512 %gmem3, i64 %H_temp_read, i32 %row_fifo, i32 %col_fifo, i16 %val_fifo, i16 %result_fifo" [src/integrated-gcn/spmm_stage.cpp:137]   --->   Operation 22 'call' 'call_ln137' <Predicate = true> <Delay = 0.00> <CoreType = "Generic">   --->   Generic Core

State 5 <SV = 4> <Delay = 0.80>
ST_5 : Operation 23 [1/2] (0.80ns)   --->   "%call_ln137 = call void @spmm_compute, i512 %gmem3, i64 %H_temp_read, i32 %row_fifo, i32 %col_fifo, i16 %val_fifo, i16 %result_fifo" [src/integrated-gcn/spmm_stage.cpp:137]   --->   Operation 23 'call' 'call_ln137' <Predicate = true> <Delay = 0.80> <CoreType = "Generic">   --->   Generic Core

State 6 <SV = 5> <Delay = 0.00>
ST_6 : Operation 24 [2/2] (0.00ns)   --->   "%call_ln139 = call void @spmm_store, i512 %gmem4, i64 %H_out_c, i16 %result_fifo" [src/integrated-gcn/spmm_stage.cpp:139]   --->   Operation 24 'call' 'call_ln139' <Predicate = true> <Delay = 0.00> <CoreType = "Generic">   --->   Generic Core

State 7 <SV = 6> <Delay = 0.00>
ST_7 : Operation 25 [1/1] (0.00ns)   --->   "%empty = specchannel i32 @_ssdm_op_SpecChannel, void @H_out_c_str, i32 1, void @p_str, void @p_str, i32 4, i32 0, i64 %H_out_c, i64 %H_out_c" [src/integrated-gcn/spmm_stage.cpp:122]   --->   Operation 25 'specchannel' 'empty' <Predicate = true> <Delay = 0.00>
ST_7 : Operation 26 [1/1] (0.00ns)   --->   "%specinterface_ln122 = specinterface void @_ssdm_op_SpecInterface, i64 %H_out_c, void @ap_fifo_str, i32 0, i32 0, void @p_str, i32 0, i32 0, void @p_str, void @p_str, void @p_str, i32 2, i32 2, i32 16, i32 16, void @p_str, void @p_str, i32 4294967295, i32 0, i32 0, i32 0" [src/integrated-gcn/spmm_stage.cpp:122]   --->   Operation 26 'specinterface' 'specinterface_ln122' <Predicate = true> <Delay = 0.00>
ST_7 : Operation 27 [1/1] (0.00ns)   --->   "%specdataflowpipeline_ln122 = specdataflowpipeline void @_ssdm_op_SpecDataflowPipeline, i32 4294967295, i32 0, void @empty_7" [src/integrated-gcn/spmm_stage.cpp:122]   --->   Operation 27 'specdataflowpipeline' 'specdataflowpipeline_ln122' <Predicate = true> <Delay = 0.00>
ST_7 : Operation 28 [1/1] (0.00ns)   --->   "%spectopmodule_ln108 = spectopmodule void @_ssdm_op_SpecTopModule, void @empty_12" [src/integrated-gcn/spmm_stage.cpp:108]   --->   Operation 28 'spectopmodule' 'spectopmodule_ln108' <Predicate = true> <Delay = 0.00>
ST_7 : Operation 29 [1/1] (0.00ns)   --->   "%specinterface_ln0 = specinterface void @_ssdm_op_SpecInterface, i32 %gmem0, void @empty, i32 0, i32 0, void @empty_7, i32 0, i32 0, void @empty_25, void @empty_19, void @empty_7, i32 16, i32 16, i32 16, i32 16, void @empty_7, void @empty_7, i32 4294967295, i32 0, i32 0, i32 4"   --->   Operation 29 'specinterface' 'specinterface_ln0' <Predicate = true> <Delay = 0.00>
ST_7 : Operation 30 [1/1] (0.00ns)   --->   "%specbitsmap_ln0 = specbitsmap void @_ssdm_op_SpecBitsMap, i32 %gmem0"   --->   Operation 30 'specbitsmap' 'specbitsmap_ln0' <Predicate = true> <Delay = 0.00>
ST_7 : Operation 31 [1/1] (0.00ns)   --->   "%specinterface_ln0 = specinterface void @_ssdm_op_SpecInterface, i32 %gmem1, void @empty, i32 0, i32 0, void @empty_7, i32 0, i32 0, void @empty_24, void @empty_19, void @empty_7, i32 16, i32 16, i32 16, i32 16, void @empty_7, void @empty_7, i32 4294967295, i32 0, i32 0, i32 4"   --->   Operation 31 'specinterface' 'specinterface_ln0' <Predicate = true> <Delay = 0.00>
ST_7 : Operation 32 [1/1] (0.00ns)   --->   "%specbitsmap_ln0 = specbitsmap void @_ssdm_op_SpecBitsMap, i32 %gmem1"   --->   Operation 32 'specbitsmap' 'specbitsmap_ln0' <Predicate = true> <Delay = 0.00>
ST_7 : Operation 33 [1/1] (0.00ns)   --->   "%specinterface_ln0 = specinterface void @_ssdm_op_SpecInterface, i16 %gmem2, void @empty, i32 0, i32 0, void @empty_7, i32 0, i32 0, void @empty_2, void @empty_19, void @empty_7, i32 16, i32 16, i32 16, i32 16, void @empty_7, void @empty_7, i32 4294967295, i32 0, i32 0, i32 2"   --->   Operation 33 'specinterface' 'specinterface_ln0' <Predicate = true> <Delay = 0.00>
ST_7 : Operation 34 [1/1] (0.00ns)   --->   "%specbitsmap_ln0 = specbitsmap void @_ssdm_op_SpecBitsMap, i16 %gmem2"   --->   Operation 34 'specbitsmap' 'specbitsmap_ln0' <Predicate = true> <Delay = 0.00>
ST_7 : Operation 35 [1/1] (0.00ns)   --->   "%specinterface_ln0 = specinterface void @_ssdm_op_SpecInterface, i512 %gmem3, void @empty, i32 0, i32 0, void @empty_7, i32 0, i32 0, void @empty_3, void @empty_19, void @empty_7, i32 16, i32 16, i32 16, i32 16, void @empty_7, void @empty_7, i32 4294967295, i32 0, i32 0, i32 64"   --->   Operation 35 'specinterface' 'specinterface_ln0' <Predicate = true> <Delay = 0.00>
ST_7 : Operation 36 [1/1] (0.00ns)   --->   "%specbitsmap_ln0 = specbitsmap void @_ssdm_op_SpecBitsMap, i512 %gmem3"   --->   Operation 36 'specbitsmap' 'specbitsmap_ln0' <Predicate = true> <Delay = 0.00>
ST_7 : Operation 37 [1/1] (0.00ns)   --->   "%specinterface_ln0 = specinterface void @_ssdm_op_SpecInterface, i512 %gmem4, void @empty, i32 0, i32 0, void @empty_7, i32 0, i32 0, void @empty_21, void @empty_19, void @empty_7, i32 16, i32 16, i32 16, i32 16, void @empty_7, void @empty_7, i32 4294967295, i32 0, i32 0, i32 64"   --->   Operation 37 'specinterface' 'specinterface_ln0' <Predicate = true> <Delay = 0.00>
ST_7 : Operation 38 [1/1] (0.00ns)   --->   "%specbitsmap_ln0 = specbitsmap void @_ssdm_op_SpecBitsMap, i512 %gmem4"   --->   Operation 38 'specbitsmap' 'specbitsmap_ln0' <Predicate = true> <Delay = 0.00>
ST_7 : Operation 39 [1/1] (0.00ns)   --->   "%specinterface_ln0 = specinterface void @_ssdm_op_SpecInterface, i64 %row_length, void @empty_4, i32 0, i32 0, void @empty_7, i32 0, i32 0, void @empty_5, void @empty_6, void @empty_7, i32 0, i32 0, i32 0, i32 0, void @empty_7, void @empty_22, i32 4294967295, i32 0, i32 0, i32 0"   --->   Operation 39 'specinterface' 'specinterface_ln0' <Predicate = true> <Delay = 0.00>
ST_7 : Operation 40 [1/1] (0.00ns)   --->   "%specinterface_ln0 = specinterface void @_ssdm_op_SpecInterface, i64 %row_length, void @empty_1, i32 0, i32 0, void @empty_7, i32 0, i32 0, void @empty_7, void @empty_7, void @empty_7, i32 0, i32 0, i32 0, i32 0, void @empty_7, void @empty_22, i32 4294967295, i32 0, i32 0, i32 0"   --->   Operation 40 'specinterface' 'specinterface_ln0' <Predicate = true> <Delay = 0.00>
ST_7 : Operation 41 [1/1] (0.00ns)   --->   "%specinterface_ln0 = specinterface void @_ssdm_op_SpecInterface, i64 %colind, void @empty_4, i32 0, i32 0, void @empty_7, i32 0, i32 0, void @empty_5, void @empty_17, void @empty_7, i32 0, i32 0, i32 0, i32 0, void @empty_7, void @empty_22, i32 4294967295, i32 0, i32 0, i32 0"   --->   Operation 41 'specinterface' 'specinterface_ln0' <Predicate = true> <Delay = 0.00>
ST_7 : Operation 42 [1/1] (0.00ns)   --->   "%specinterface_ln0 = specinterface void @_ssdm_op_SpecInterface, i64 %colind, void @empty_1, i32 0, i32 0, void @empty_7, i32 0, i32 0, void @empty_7, void @empty_7, void @empty_7, i32 0, i32 0, i32 0, i32 0, void @empty_7, void @empty_22, i32 4294967295, i32 0, i32 0, i32 0"   --->   Operation 42 'specinterface' 'specinterface_ln0' <Predicate = true> <Delay = 0.00>
ST_7 : Operation 43 [1/1] (0.00ns)   --->   "%specinterface_ln0 = specinterface void @_ssdm_op_SpecInterface, i64 %values, void @empty_4, i32 0, i32 0, void @empty_7, i32 0, i32 0, void @empty_5, void @empty_0, void @empty_7, i32 0, i32 0, i32 0, i32 0, void @empty_7, void @empty_22, i32 4294967295, i32 0, i32 0, i32 0"   --->   Operation 43 'specinterface' 'specinterface_ln0' <Predicate = true> <Delay = 0.00>
ST_7 : Operation 44 [1/1] (0.00ns)   --->   "%specinterface_ln0 = specinterface void @_ssdm_op_SpecInterface, i64 %values, void @empty_1, i32 0, i32 0, void @empty_7, i32 0, i32 0, void @empty_7, void @empty_7, void @empty_7, i32 0, i32 0, i32 0, i32 0, void @empty_7, void @empty_22, i32 4294967295, i32 0, i32 0, i32 0"   --->   Operation 44 'specinterface' 'specinterface_ln0' <Predicate = true> <Delay = 0.00>
ST_7 : Operation 45 [1/1] (0.00ns)   --->   "%specinterface_ln0 = specinterface void @_ssdm_op_SpecInterface, i64 %H_temp, void @empty_4, i32 0, i32 0, void @empty_7, i32 0, i32 0, void @empty_5, void @empty_16, void @empty_7, i32 0, i32 0, i32 0, i32 0, void @empty_7, void @empty_22, i32 4294967295, i32 0, i32 0, i32 0"   --->   Operation 45 'specinterface' 'specinterface_ln0' <Predicate = true> <Delay = 0.00>
ST_7 : Operation 46 [1/1] (0.00ns)   --->   "%specinterface_ln0 = specinterface void @_ssdm_op_SpecInterface, i64 %H_temp, void @empty_1, i32 0, i32 0, void @empty_7, i32 0, i32 0, void @empty_7, void @empty_7, void @empty_7, i32 0, i32 0, i32 0, i32 0, void @empty_7, void @empty_22, i32 4294967295, i32 0, i32 0, i32 0"   --->   Operation 46 'specinterface' 'specinterface_ln0' <Predicate = true> <Delay = 0.00>
ST_7 : Operation 47 [1/1] (0.00ns)   --->   "%specbitsmap_ln0 = specbitsmap void @_ssdm_op_SpecBitsMap, i32 %nnz_total"   --->   Operation 47 'specbitsmap' 'specbitsmap_ln0' <Predicate = true> <Delay = 0.00>
ST_7 : Operation 48 [1/1] (0.00ns)   --->   "%specinterface_ln0 = specinterface void @_ssdm_op_SpecInterface, i32 %nnz_total, void @empty_1, i32 0, i32 0, void @empty_7, i32 0, i32 0, void @empty_7, void @empty_7, void @empty_7, i32 0, i32 0, i32 0, i32 0, void @empty_7, void @empty_7, i32 4294967295, i32 0, i32 0, i32 0"   --->   Operation 48 'specinterface' 'specinterface_ln0' <Predicate = true> <Delay = 0.00>
ST_7 : Operation 49 [1/1] (0.00ns)   --->   "%specinterface_ln0 = specinterface void @_ssdm_op_SpecInterface, i64 %H_out, void @empty_4, i32 0, i32 0, void @empty_7, i32 0, i32 0, void @empty_5, void @empty_8, void @empty_7, i32 0, i32 0, i32 0, i32 0, void @empty_7, void @empty_22, i32 4294967295, i32 0, i32 0, i32 0"   --->   Operation 49 'specinterface' 'specinterface_ln0' <Predicate = true> <Delay = 0.00>
ST_7 : Operation 50 [1/1] (0.00ns)   --->   "%specinterface_ln0 = specinterface void @_ssdm_op_SpecInterface, i64 %H_out, void @empty_1, i32 0, i32 0, void @empty_7, i32 0, i32 0, void @empty_7, void @empty_7, void @empty_7, i32 0, i32 0, i32 0, i32 0, void @empty_7, void @empty_22, i32 4294967295, i32 0, i32 0, i32 0"   --->   Operation 50 'specinterface' 'specinterface_ln0' <Predicate = true> <Delay = 0.00>
ST_7 : Operation 51 [1/1] (0.00ns)   --->   "%empty_98 = specchannel i32 @_ssdm_op_SpecChannel, void @row_fifo_str, i32 1, void @p_str, void @p_str, i32 16, i32 16, i32 %row_fifo, i32 %row_fifo"   --->   Operation 51 'specchannel' 'empty_98' <Predicate = true> <Delay = 0.00>
ST_7 : Operation 52 [1/1] (0.00ns)   --->   "%specinterface_ln0 = specinterface void @_ssdm_op_SpecInterface, i32 %row_fifo, void @empty_18, i32 0, i32 0, void @empty_7, i32 0, i32 0, void @empty_7, void @empty_7, void @empty_7, i32 0, i32 0, i32 0, i32 0, void @empty_7, void @empty_7, i32 4294967295, i32 0, i32 0, i32 0"   --->   Operation 52 'specinterface' 'specinterface_ln0' <Predicate = true> <Delay = 0.00>
ST_7 : Operation 53 [1/1] (0.00ns)   --->   "%empty_99 = specchannel i32 @_ssdm_op_SpecChannel, void @col_fifo_str, i32 1, void @p_str, void @p_str, i32 256, i32 256, i32 %col_fifo, i32 %col_fifo"   --->   Operation 53 'specchannel' 'empty_99' <Predicate = true> <Delay = 0.00>
ST_7 : Operation 54 [1/1] (0.00ns)   --->   "%specinterface_ln0 = specinterface void @_ssdm_op_SpecInterface, i32 %col_fifo, void @empty_18, i32 0, i32 0, void @empty_7, i32 0, i32 0, void @empty_7, void @empty_7, void @empty_7, i32 0, i32 0, i32 0, i32 0, void @empty_7, void @empty_7, i32 4294967295, i32 0, i32 0, i32 0"   --->   Operation 54 'specinterface' 'specinterface_ln0' <Predicate = true> <Delay = 0.00>
ST_7 : Operation 55 [1/1] (0.00ns)   --->   "%empty_100 = specchannel i32 @_ssdm_op_SpecChannel, void @val_fifo_str, i32 1, void @p_str, void @p_str, i32 256, i32 256, i16 %val_fifo, i16 %val_fifo"   --->   Operation 55 'specchannel' 'empty_100' <Predicate = true> <Delay = 0.00>
ST_7 : Operation 56 [1/1] (0.00ns)   --->   "%specinterface_ln0 = specinterface void @_ssdm_op_SpecInterface, i16 %val_fifo, void @empty_18, i32 0, i32 0, void @empty_7, i32 0, i32 0, void @empty_7, void @empty_7, void @empty_7, i32 0, i32 0, i32 0, i32 0, void @empty_7, void @empty_7, i32 4294967295, i32 0, i32 0, i32 0"   --->   Operation 56 'specinterface' 'specinterface_ln0' <Predicate = true> <Delay = 0.00>
ST_7 : Operation 57 [1/1] (0.00ns)   --->   "%empty_101 = specchannel i32 @_ssdm_op_SpecChannel, void @result_fifo_str, i32 1, void @p_str, void @p_str, i32 32, i32 32, i16 %result_fifo, i16 %result_fifo"   --->   Operation 57 'specchannel' 'empty_101' <Predicate = true> <Delay = 0.00>
ST_7 : Operation 58 [1/1] (0.00ns)   --->   "%specinterface_ln0 = specinterface void @_ssdm_op_SpecInterface, i16 %result_fifo, void @empty_18, i32 0, i32 0, void @empty_7, i32 0, i32 0, void @empty_7, void @empty_7, void @empty_7, i32 0, i32 0, i32 0, i32 0, void @empty_7, void @empty_7, i32 4294967295, i32 0, i32 0, i32 0"   --->   Operation 58 'specinterface' 'specinterface_ln0' <Predicate = true> <Delay = 0.00>
ST_7 : Operation 59 [1/2] (0.00ns)   --->   "%call_ln139 = call void @spmm_store, i512 %gmem4, i64 %H_out_c, i16 %result_fifo" [src/integrated-gcn/spmm_stage.cpp:139]   --->   Operation 59 'call' 'call_ln139' <Predicate = true> <Delay = 0.00> <CoreType = "Generic">   --->   Generic Core
ST_7 : Operation 60 [1/1] (0.00ns)   --->   "%ret_ln140 = ret" [src/integrated-gcn/spmm_stage.cpp:140]   --->   Operation 60 'ret' 'ret_ln140' <Predicate = true> <Delay = 0.00>


============================================================
+ Verbose Summary: Timing violations
============================================================
Target clock period: 10.000ns, clock uncertainty: 2.700ns.

 <State 1>: 2.838ns
The critical path consists of the following:
	s_axi read operation ('H_out_read', src/integrated-gcn/spmm_stage.cpp:122) on port 'H_out' (src/integrated-gcn/spmm_stage.cpp:122) [12]  (1.000 ns)
	'call' operation ('call_ln122', src/integrated-gcn/spmm_stage.cpp:122) to 'entry_proc' [57]  (1.838 ns)

 <State 2>: 7.300ns
The critical path consists of the following:
	wire read operation ('nnz_total_read', src/integrated-gcn/spmm_stage.cpp:122) on port 'nnz_total' (src/integrated-gcn/spmm_stage.cpp:122) [13]  (0.000 ns)
	'call' operation ('call_ln134', src/integrated-gcn/spmm_stage.cpp:134) to 'spmm_load_csr' [58]  (7.300 ns)

 <State 3>: 0.000ns
The critical path consists of the following:

 <State 4>: 0.000ns
The critical path consists of the following:

 <State 5>: 0.809ns
The critical path consists of the following:
	'call' operation ('call_ln137', src/integrated-gcn/spmm_stage.cpp:137) to 'spmm_compute' [59]  (0.809 ns)

 <State 6>: 0.000ns
The critical path consists of the following:

 <State 7>: 0.000ns
The critical path consists of the following:


============================================================
+ Verbose Summary: Binding
============================================================
N/A
* FSMD analyzer results:
  - Output states:
 - Input state : 
  - Chain level:
	State 1
	State 2
	State 3
	State 4
	State 5
	State 6
	State 7


============================================================
+ Verbose Summary: Datapath Resource usage 
============================================================
N/A
