

================================================================
== Vitis HLS Report for 'gemm_read_X'
================================================================
* Date:           Thu Apr 16 10:08:39 2026

* Version:        2025.2 (Build 6295257 on Nov 14 2025)
* Project:        integrated_gcn_approx
* Solution:       hls (Vivado IP Flow Target)
* Product family: zynquplus
* Target device:  xck26-sfvc784-2LV-c


================================================================
== Performance Estimates
================================================================
+ Timing: 
    * Summary: 
    +--------+----------+----------+------------+
    |  Clock |  Target  | Estimated| Uncertainty|
    +--------+----------+----------+------------+
    |ap_clk  |  10.00 ns|  7.300 ns|     2.70 ns|
    +--------+----------+----------+------------+

+ Latency: 
    * Summary: 
    +---------+---------+----------+----------+-------+-------+------------------------------------------------+
    |  Latency (cycles) |  Latency (absolute) |    Interval   |                    Pipeline                    |
    |   min   |   max   |    min   |    max   |  min  |  max  |                      Type                      |
    +---------+---------+----------+----------+-------+-------+------------------------------------------------+
    |    63310|    63310|  0.633 ms|  0.633 ms|  63297|  63297|  loop auto-rewind stp (delay=0 clock cycles(s))|
    +---------+---------+----------+----------+-------+-------+------------------------------------------------+

    + Detail: 
        * Instance: 
        N/A

        * Loop: 
        +---------------------------------------------------+---------+---------+----------+-----------+-----------+-------+----------+
        |                                                   |  Latency (cycles) | Iteration|  Initiation Interval  |  Trip |          |
        |                     Loop Name                     |   min   |   max   |  Latency |  achieved |   target  | Count | Pipelined|
        +---------------------------------------------------+---------+---------+----------+-----------+-----------+-------+----------+
        |- VITIS_LOOP_33_1_VITIS_LOOP_35_3_VITIS_LOOP_36_4  |    63308|    63308|        14|          1|          1|  63296|       yes|
        +---------------------------------------------------+---------+---------+----------+-----------+-----------+-------+----------+

============================================================
+ Verbose Summary: Synthesis Manager
============================================================
InlineROM: 1
ExposeGlobal: 0
============================================================
+ Verbose Summary: CDFG Model
============================================================
IsTopModel: 0
ResetActiveHigh: 1
IsCombinational: 2
IsDatapathOnly: 0
HasWiredReturn: 1
HasMFsm: 2
HasVarLatency: 1
IsPipeline: 0
IsRtlPipelined: 0
IsInstanceOverlapped: 0
IsDontTouch: 0
HasImplIP: 0
IsGatedGlobalClock: 0

+ Individual pipeline summary: 
  * Pipeline-0: initiation interval (II) = 1, depth = 14


============================================================
+ Verbose Summary: Schedule
============================================================
* Number of FSM states : 14
* Pipeline : 1
  Pipeline-0 : II = 1, D = 14, States = { 1 2 3 4 5 6 7 8 9 10 11 12 13 14 }
* Dataflow Pipeline: 0

* FSM state transitions: 
1 --> 2 
2 --> 3 
3 --> 4 
4 --> 5 
5 --> 6 
6 --> 7 
7 --> 8 
8 --> 9 
9 --> 10 
10 --> 11 
11 --> 12 
12 --> 13 
13 --> 14 
14 --> 

* FSM state operations: 

State 1 <SV = 0> <Delay = 4.64>
ST_1 : Operation 17 [1/1] (0.00ns)   --->   "%k = alloca i32 1" [src/integrated-gcn/integrated_gcn_approx.cpp:36]   --->   Operation 17 'alloca' 'k' <Predicate = true> <Delay = 0.00>
ST_1 : Operation 18 [1/1] (0.00ns)   --->   "%kb = alloca i32 1" [src/integrated-gcn/integrated_gcn_approx.cpp:35]   --->   Operation 18 'alloca' 'kb' <Predicate = true> <Delay = 0.00>
ST_1 : Operation 19 [1/1] (0.00ns)   --->   "%indvar_flatten = alloca i32 1"   --->   Operation 19 'alloca' 'indvar_flatten' <Predicate = true> <Delay = 0.00>
ST_1 : Operation 20 [1/1] (0.00ns)   --->   "%ib = alloca i32 1" [src/integrated-gcn/integrated_gcn_approx.cpp:33]   --->   Operation 20 'alloca' 'ib' <Predicate = true> <Delay = 0.00>
ST_1 : Operation 21 [1/1] (0.00ns)   --->   "%indvar_flatten12 = alloca i32 1"   --->   Operation 21 'alloca' 'indvar_flatten12' <Predicate = true> <Delay = 0.00>
ST_1 : Operation 22 [1/1] (0.00ns)   --->   "%specstablecontent_ln0 = specstablecontent void @_ssdm_op_SpecStableContent, i64 %X, i1 1, void @p_str"   --->   Operation 22 'specstablecontent' 'specstablecontent_ln0' <Predicate = true> <Delay = 0.00>
ST_1 : Operation 23 [1/1] (0.00ns)   --->   "%specstablecontent_ln0 = specstablecontent void @_ssdm_op_SpecStableContent, i512 %gmem0, i1 1, void @p_str"   --->   Operation 23 'specstablecontent' 'specstablecontent_ln0' <Predicate = true> <Delay = 0.00>
ST_1 : Operation 24 [1/1] (0.00ns)   --->   "%specinterface_ln0 = specinterface void @_ssdm_op_SpecInterface, i512 %X_stream, void @empty_6, i32 0, i32 0, void @empty_20, i32 0, i32 0, void @empty_20, void @empty_20, void @empty_20, i32 0, i32 0, i32 0, i32 0, void @empty_20, void @empty_20, i32 4294967295, i32 0, i32 0, i32 0"   --->   Operation 24 'specinterface' 'specinterface_ln0' <Predicate = true> <Delay = 0.00>
ST_1 : Operation 25 [1/1] (0.00ns)   --->   "%specinterface_ln0 = specinterface void @_ssdm_op_SpecInterface, i512 %gmem0, void @empty_29, i32 0, i32 0, void @empty_20, i32 0, i32 0, void @empty_28, void @empty_9, void @empty_20, i32 16, i32 16, i32 16, i32 16, void @empty_20, void @empty_20, i32 4294967295, i32 0, i32 0, i32 64"   --->   Operation 25 'specinterface' 'specinterface_ln0' <Predicate = true> <Delay = 0.00>
ST_1 : Operation 26 [1/1] (0.00ns)   --->   "%X_read = read i64 @_ssdm_op_Read.ap_auto.i64, i64 %X" [src/integrated-gcn/integrated_gcn_approx.cpp:30]   --->   Operation 26 'read' 'X_read' <Predicate = true> <Delay = 0.00>
ST_1 : Operation 27 [1/1] (0.42ns)   --->   "%store_ln0 = store i16 0, i16 %indvar_flatten12"   --->   Operation 27 'store' 'store_ln0' <Predicate = true> <Delay = 0.42>
ST_1 : Operation 28 [1/1] (0.42ns)   --->   "%store_ln33 = store i6 0, i6 %ib" [src/integrated-gcn/integrated_gcn_approx.cpp:33]   --->   Operation 28 'store' 'store_ln33' <Predicate = true> <Delay = 0.42>
ST_1 : Operation 29 [1/1] (0.42ns)   --->   "%store_ln0 = store i12 0, i12 %indvar_flatten"   --->   Operation 29 'store' 'store_ln0' <Predicate = true> <Delay = 0.42>
ST_1 : Operation 30 [1/1] (0.42ns)   --->   "%store_ln35 = store i5 0, i5 %kb" [src/integrated-gcn/integrated_gcn_approx.cpp:35]   --->   Operation 30 'store' 'store_ln35' <Predicate = true> <Delay = 0.42>
ST_1 : Operation 31 [1/1] (0.42ns)   --->   "%store_ln36 = store i7 0, i7 %k" [src/integrated-gcn/integrated_gcn_approx.cpp:36]   --->   Operation 31 'store' 'store_ln36' <Predicate = true> <Delay = 0.42>
ST_1 : Operation 32 [1/1] (0.00ns)   --->   "%br_ln33 = br void %VITIS_LOOP_37_5" [src/integrated-gcn/integrated_gcn_approx.cpp:33]   --->   Operation 32 'br' 'br_ln33' <Predicate = true> <Delay = 0.00>
ST_1 : Operation 33 [1/1] (0.00ns)   --->   "%indvar_flatten12_load = load i16 %indvar_flatten12" [src/integrated-gcn/integrated_gcn_approx.cpp:33]   --->   Operation 33 'load' 'indvar_flatten12_load' <Predicate = true> <Delay = 0.00>
ST_1 : Operation 34 [1/1] (0.85ns)   --->   "%icmp_ln33 = icmp_eq  i16 %indvar_flatten12_load, i16 63296" [src/integrated-gcn/integrated_gcn_approx.cpp:33]   --->   Operation 34 'icmp' 'icmp_ln33' <Predicate = true> <Delay = 0.85> <CoreInst = "Cmp">   --->   Core 9 'Cmp' <Latency = 0> <II = 1> <Delay = 0.85> <FuncUnit> <Opcode : 'seteq' 'setne' 'setle' 'setge' 'setlt' 'setgt'> <InPorts = 2> <OutPorts = 1>
ST_1 : Operation 35 [1/1] (0.85ns)   --->   "%add_ln33 = add i16 %indvar_flatten12_load, i16 1" [src/integrated-gcn/integrated_gcn_approx.cpp:33]   --->   Operation 35 'add' 'add_ln33' <Predicate = true> <Delay = 0.85> <CoreInst = "Adder">   --->   Core 1 'Adder' <Latency = 0> <II = 1> <Delay = 0.85> <FuncUnit> <Opcode : 'add' 'sub'> <InPorts = 2> <OutPorts = 1>
ST_1 : Operation 36 [1/1] (0.00ns)   --->   "%br_ln33 = br i1 %icmp_ln33, void %for.inc30, void %for.end32" [src/integrated-gcn/integrated_gcn_approx.cpp:33]   --->   Operation 36 'br' 'br_ln33' <Predicate = true> <Delay = 0.00>
ST_1 : Operation 37 [1/1] (0.00ns)   --->   "%k_load = load i7 %k" [src/integrated-gcn/integrated_gcn_approx.cpp:36]   --->   Operation 37 'load' 'k_load' <Predicate = (!icmp_ln33)> <Delay = 0.00>
ST_1 : Operation 38 [1/1] (0.00ns)   --->   "%kb_load = load i5 %kb" [src/integrated-gcn/integrated_gcn_approx.cpp:33]   --->   Operation 38 'load' 'kb_load' <Predicate = (!icmp_ln33)> <Delay = 0.00>
ST_1 : Operation 39 [1/1] (0.00ns)   --->   "%indvar_flatten_load = load i12 %indvar_flatten" [src/integrated-gcn/integrated_gcn_approx.cpp:35]   --->   Operation 39 'load' 'indvar_flatten_load' <Predicate = (!icmp_ln33)> <Delay = 0.00>
ST_1 : Operation 40 [1/1] (0.80ns)   --->   "%icmp_ln35 = icmp_eq  i12 %indvar_flatten_load, i12 1472" [src/integrated-gcn/integrated_gcn_approx.cpp:35]   --->   Operation 40 'icmp' 'icmp_ln35' <Predicate = (!icmp_ln33)> <Delay = 0.80> <CoreInst = "Cmp">   --->   Core 9 'Cmp' <Latency = 0> <II = 1> <Delay = 0.80> <FuncUnit> <Opcode : 'seteq' 'setne' 'setle' 'setge' 'setlt' 'setgt'> <InPorts = 2> <OutPorts = 1>
ST_1 : Operation 41 [1/1] (0.41ns)   --->   "%select_ln33 = select i1 %icmp_ln35, i5 0, i5 %kb_load" [src/integrated-gcn/integrated_gcn_approx.cpp:33]   --->   Operation 41 'select' 'select_ln33' <Predicate = (!icmp_ln33)> <Delay = 0.41> <CoreInst = "Sel">   --->   Core 73 'Sel' <Latency = 0> <II = 1> <Delay = 0.41> <FuncUnit> <Opcode : 'select'> <InPorts = 3> <OutPorts = 1>
ST_1 : Operation 42 [1/1] (0.00ns) (grouped into LUT with out node and_ln33)   --->   "%xor_ln33 = xor i1 %icmp_ln35, i1 1" [src/integrated-gcn/integrated_gcn_approx.cpp:33]   --->   Operation 42 'xor' 'xor_ln33' <Predicate = (!icmp_ln33)> <Delay = 0.00> <CoreInst = "LogicGate">   --->   Core 74 'LogicGate' <Latency = 0> <II = 1> <Delay = 0.28> <FuncUnit> <Opcode : 'and' 'or' 'xor'> <InPorts = 2> <OutPorts = 1>
ST_1 : Operation 43 [1/1] (0.77ns)   --->   "%icmp_ln36 = icmp_eq  i7 %k_load, i7 64" [src/integrated-gcn/integrated_gcn_approx.cpp:36]   --->   Operation 43 'icmp' 'icmp_ln36' <Predicate = (!icmp_ln33)> <Delay = 0.77> <CoreInst = "Cmp">   --->   Core 9 'Cmp' <Latency = 0> <II = 1> <Delay = 0.77> <FuncUnit> <Opcode : 'seteq' 'setne' 'setle' 'setge' 'setlt' 'setgt'> <InPorts = 2> <OutPorts = 1>
ST_1 : Operation 44 [1/1] (0.28ns) (out node of the LUT)   --->   "%and_ln33 = and i1 %icmp_ln36, i1 %xor_ln33" [src/integrated-gcn/integrated_gcn_approx.cpp:33]   --->   Operation 44 'and' 'and_ln33' <Predicate = (!icmp_ln33)> <Delay = 0.28> <CoreInst = "LogicGate">   --->   Core 74 'LogicGate' <Latency = 0> <II = 1> <Delay = 0.28> <FuncUnit> <Opcode : 'and' 'or' 'xor'> <InPorts = 2> <OutPorts = 1>
ST_1 : Operation 45 [1/1] (0.78ns)   --->   "%add_ln35 = add i5 %select_ln33, i5 1" [src/integrated-gcn/integrated_gcn_approx.cpp:35]   --->   Operation 45 'add' 'add_ln35' <Predicate = (!icmp_ln33)> <Delay = 0.78> <CoreInst = "Adder">   --->   Core 1 'Adder' <Latency = 0> <II = 1> <Delay = 0.78> <FuncUnit> <Opcode : 'add' 'sub'> <InPorts = 2> <OutPorts = 1>
ST_1 : Operation 46 [1/1] (0.00ns) (grouped into LUT with out node k_mid2)   --->   "%empty = or i1 %and_ln33, i1 %icmp_ln35" [src/integrated-gcn/integrated_gcn_approx.cpp:33]   --->   Operation 46 'or' 'empty' <Predicate = (!icmp_ln33)> <Delay = 0.00> <CoreInst = "LogicGate">   --->   Core 74 'LogicGate' <Latency = 0> <II = 1> <Delay = 0.28> <FuncUnit> <Opcode : 'and' 'or' 'xor'> <InPorts = 2> <OutPorts = 1>
ST_1 : Operation 47 [1/1] (0.36ns) (out node of the LUT)   --->   "%k_mid2 = select i1 %empty, i7 0, i7 %k_load" [src/integrated-gcn/integrated_gcn_approx.cpp:33]   --->   Operation 47 'select' 'k_mid2' <Predicate = (!icmp_ln33)> <Delay = 0.36> <CoreInst = "Sel">   --->   Core 73 'Sel' <Latency = 0> <II = 1> <Delay = 0.36> <FuncUnit> <Opcode : 'select'> <InPorts = 3> <OutPorts = 1>
ST_1 : Operation 48 [1/1] (0.41ns)   --->   "%select_ln35 = select i1 %and_ln33, i5 %add_ln35, i5 %select_ln33" [src/integrated-gcn/integrated_gcn_approx.cpp:35]   --->   Operation 48 'select' 'select_ln35' <Predicate = (!icmp_ln33)> <Delay = 0.41> <CoreInst = "Sel">   --->   Core 73 'Sel' <Latency = 0> <II = 1> <Delay = 0.41> <FuncUnit> <Opcode : 'select'> <InPorts = 3> <OutPorts = 1>
ST_1 : Operation 49 [1/1] (0.00ns)   --->   "%shl_ln = bitconcatenate i11 @_ssdm_op_BitConcatenate.i11.i5.i6, i5 %select_ln35, i6 0" [src/integrated-gcn/integrated_gcn_approx.cpp:40]   --->   Operation 49 'bitconcatenate' 'shl_ln' <Predicate = (!icmp_ln33)> <Delay = 0.00>
ST_1 : Operation 50 [1/1] (0.00ns)   --->   "%zext_ln36 = zext i7 %k_mid2" [src/integrated-gcn/integrated_gcn_approx.cpp:36]   --->   Operation 50 'zext' 'zext_ln36' <Predicate = (!icmp_ln33)> <Delay = 0.00>
ST_1 : Operation 51 [1/1] (0.79ns)   --->   "%add_ln40 = add i11 %shl_ln, i11 %zext_ln36" [src/integrated-gcn/integrated_gcn_approx.cpp:40]   --->   Operation 51 'add' 'add_ln40' <Predicate = (!icmp_ln33)> <Delay = 0.79> <CoreInst = "Adder">   --->   Core 1 'Adder' <Latency = 0> <II = 1> <Delay = 0.79> <FuncUnit> <Opcode : 'add' 'sub'> <InPorts = 2> <OutPorts = 1>
ST_1 : Operation 52 [1/1] (0.00ns)   --->   "%zext_ln40 = zext i11 %add_ln40" [src/integrated-gcn/integrated_gcn_approx.cpp:40]   --->   Operation 52 'zext' 'zext_ln40' <Predicate = (!icmp_ln33)> <Delay = 0.00>
ST_1 : Operation 53 [3/3] (0.99ns) (grouped into DSP with root node add_ln40_1)   --->   "%mul_ln40 = mul i16 %zext_ln40, i16 43" [src/integrated-gcn/integrated_gcn_approx.cpp:40]   --->   Operation 53 'mul' 'mul_ln40' <Predicate = (!icmp_ln33)> <Delay = 0.99> <CoreInst = "DSP48">   --->   Core 124 'DSP48' <Latency = 3> <II = 1> <Delay = 0.53> <IPBlock> <Opcode : 'add' 'sub' 'mul' 'select'> <InPorts = 0> <OutPorts = 1> <Sync> <CReg>
ST_1 : Operation 54 [1/1] (0.77ns)   --->   "%add_ln36 = add i7 %k_mid2, i7 1" [src/integrated-gcn/integrated_gcn_approx.cpp:36]   --->   Operation 54 'add' 'add_ln36' <Predicate = (!icmp_ln33)> <Delay = 0.77> <CoreInst = "Adder">   --->   Core 1 'Adder' <Latency = 0> <II = 1> <Delay = 0.77> <FuncUnit> <Opcode : 'add' 'sub'> <InPorts = 2> <OutPorts = 1>
ST_1 : Operation 55 [1/1] (0.80ns)   --->   "%add_ln35_1 = add i12 %indvar_flatten_load, i12 1" [src/integrated-gcn/integrated_gcn_approx.cpp:35]   --->   Operation 55 'add' 'add_ln35_1' <Predicate = (!icmp_ln33)> <Delay = 0.80> <CoreInst = "Adder">   --->   Core 1 'Adder' <Latency = 0> <II = 1> <Delay = 0.80> <FuncUnit> <Opcode : 'add' 'sub'> <InPorts = 2> <OutPorts = 1>
ST_1 : Operation 56 [1/1] (0.37ns)   --->   "%select_ln35_1 = select i1 %icmp_ln35, i12 1, i12 %add_ln35_1" [src/integrated-gcn/integrated_gcn_approx.cpp:35]   --->   Operation 56 'select' 'select_ln35_1' <Predicate = (!icmp_ln33)> <Delay = 0.37> <CoreInst = "Sel">   --->   Core 73 'Sel' <Latency = 0> <II = 1> <Delay = 0.37> <FuncUnit> <Opcode : 'select'> <InPorts = 3> <OutPorts = 1>
ST_1 : Operation 57 [1/1] (0.42ns)   --->   "%store_ln33 = store i16 %add_ln33, i16 %indvar_flatten12" [src/integrated-gcn/integrated_gcn_approx.cpp:33]   --->   Operation 57 'store' 'store_ln33' <Predicate = (!icmp_ln33)> <Delay = 0.42>
ST_1 : Operation 58 [1/1] (0.42ns)   --->   "%store_ln35 = store i12 %select_ln35_1, i12 %indvar_flatten" [src/integrated-gcn/integrated_gcn_approx.cpp:35]   --->   Operation 58 'store' 'store_ln35' <Predicate = (!icmp_ln33)> <Delay = 0.42>
ST_1 : Operation 59 [1/1] (0.42ns)   --->   "%store_ln35 = store i5 %select_ln35, i5 %kb" [src/integrated-gcn/integrated_gcn_approx.cpp:35]   --->   Operation 59 'store' 'store_ln35' <Predicate = (!icmp_ln33)> <Delay = 0.42>
ST_1 : Operation 60 [1/1] (0.42ns)   --->   "%store_ln36 = store i7 %add_ln36, i7 %k" [src/integrated-gcn/integrated_gcn_approx.cpp:36]   --->   Operation 60 'store' 'store_ln36' <Predicate = (!icmp_ln33)> <Delay = 0.42>

State 2 <SV = 1> <Delay = 0.99>
ST_2 : Operation 61 [2/3] (0.99ns) (grouped into DSP with root node add_ln40_1)   --->   "%mul_ln40 = mul i16 %zext_ln40, i16 43" [src/integrated-gcn/integrated_gcn_approx.cpp:40]   --->   Operation 61 'mul' 'mul_ln40' <Predicate = true> <Delay = 0.99> <CoreInst = "DSP48">   --->   Core 124 'DSP48' <Latency = 3> <II = 1> <Delay = 0.53> <IPBlock> <Opcode : 'add' 'sub' 'mul' 'select'> <InPorts = 0> <OutPorts = 1> <Sync> <CReg>

State 3 <SV = 2> <Delay = 1.81>
ST_3 : Operation 62 [1/1] (0.00ns)   --->   "%ib_load = load i6 %ib" [src/integrated-gcn/integrated_gcn_approx.cpp:33]   --->   Operation 62 'load' 'ib_load' <Predicate = true> <Delay = 0.00>
ST_3 : Operation 63 [1/1] (0.78ns)   --->   "%add_ln33_1 = add i6 %ib_load, i6 1" [src/integrated-gcn/integrated_gcn_approx.cpp:33]   --->   Operation 63 'add' 'add_ln33_1' <Predicate = (icmp_ln35)> <Delay = 0.78> <CoreInst = "Adder">   --->   Core 1 'Adder' <Latency = 0> <II = 1> <Delay = 0.78> <FuncUnit> <Opcode : 'add' 'sub'> <InPorts = 2> <OutPorts = 1>
ST_3 : Operation 64 [1/1] (0.38ns)   --->   "%select_ln33_1 = select i1 %icmp_ln35, i6 %add_ln33_1, i6 %ib_load" [src/integrated-gcn/integrated_gcn_approx.cpp:33]   --->   Operation 64 'select' 'select_ln33_1' <Predicate = true> <Delay = 0.38> <CoreInst = "Sel">   --->   Core 73 'Sel' <Latency = 0> <II = 1> <Delay = 0.38> <FuncUnit> <Opcode : 'select'> <InPorts = 3> <OutPorts = 1>
ST_3 : Operation 65 [1/1] (0.00ns)   --->   "%zext_ln33 = zext i6 %select_ln33_1" [src/integrated-gcn/integrated_gcn_approx.cpp:33]   --->   Operation 65 'zext' 'zext_ln33' <Predicate = true> <Delay = 0.00>
ST_3 : Operation 66 [1/3] (0.00ns) (grouped into DSP with root node add_ln40_1)   --->   "%mul_ln40 = mul i16 %zext_ln40, i16 43" [src/integrated-gcn/integrated_gcn_approx.cpp:40]   --->   Operation 66 'mul' 'mul_ln40' <Predicate = true> <Delay = 0.00> <CoreInst = "DSP48">   --->   Core 124 'DSP48' <Latency = 3> <II = 1> <Delay = 0.53> <IPBlock> <Opcode : 'add' 'sub' 'mul' 'select'> <InPorts = 0> <OutPorts = 1> <Sync> <CReg>
ST_3 : Operation 67 [2/2] (0.64ns) (root node of the DSP)   --->   "%add_ln40_1 = add i16 %mul_ln40, i16 %zext_ln33" [src/integrated-gcn/integrated_gcn_approx.cpp:40]   --->   Operation 67 'add' 'add_ln40_1' <Predicate = true> <Delay = 0.64> <CoreInst = "DSP48">   --->   Core 124 'DSP48' <Latency = 3> <II = 1> <Delay = 0.53> <IPBlock> <Opcode : 'add' 'sub' 'mul' 'select'> <InPorts = 0> <OutPorts = 1> <Sync> <CReg>
ST_3 : Operation 68 [1/1] (0.42ns)   --->   "%store_ln33 = store i6 %select_ln33_1, i6 %ib" [src/integrated-gcn/integrated_gcn_approx.cpp:33]   --->   Operation 68 'store' 'store_ln33' <Predicate = true> <Delay = 0.42>

State 4 <SV = 3> <Delay = 1.73>
ST_4 : Operation 69 [1/2] (0.64ns) (root node of the DSP)   --->   "%add_ln40_1 = add i16 %mul_ln40, i16 %zext_ln33" [src/integrated-gcn/integrated_gcn_approx.cpp:40]   --->   Operation 69 'add' 'add_ln40_1' <Predicate = true> <Delay = 0.64> <CoreInst = "DSP48">   --->   Core 124 'DSP48' <Latency = 3> <II = 1> <Delay = 0.53> <IPBlock> <Opcode : 'add' 'sub' 'mul' 'select'> <InPorts = 0> <OutPorts = 1> <Sync> <CReg>
ST_4 : Operation 70 [1/1] (0.00ns)   --->   "%shl_ln40_1 = bitconcatenate i22 @_ssdm_op_BitConcatenate.i22.i16.i6, i16 %add_ln40_1, i6 0" [src/integrated-gcn/integrated_gcn_approx.cpp:40]   --->   Operation 70 'bitconcatenate' 'shl_ln40_1' <Predicate = true> <Delay = 0.00>
ST_4 : Operation 71 [1/1] (0.00ns)   --->   "%zext_ln40_1 = zext i22 %shl_ln40_1" [src/integrated-gcn/integrated_gcn_approx.cpp:40]   --->   Operation 71 'zext' 'zext_ln40_1' <Predicate = true> <Delay = 0.00>
ST_4 : Operation 72 [1/1] (1.08ns)   --->   "%add_ln40_2 = add i64 %zext_ln40_1, i64 %X_read" [src/integrated-gcn/integrated_gcn_approx.cpp:40]   --->   Operation 72 'add' 'add_ln40_2' <Predicate = true> <Delay = 1.08> <CoreInst = "Adder">   --->   Core 1 'Adder' <Latency = 0> <II = 1> <Delay = 1.08> <FuncUnit> <Opcode : 'add' 'sub'> <InPorts = 2> <OutPorts = 1>
ST_4 : Operation 73 [1/1] (0.00ns)   --->   "%trunc_ln39_s = partselect i58 @_ssdm_op_PartSelect.i58.i64.i32.i32, i64 %add_ln40_2, i32 6, i32 63" [src/integrated-gcn/integrated_gcn_approx.cpp:39]   --->   Operation 73 'partselect' 'trunc_ln39_s' <Predicate = true> <Delay = 0.00>

State 5 <SV = 4> <Delay = 7.30>
ST_5 : Operation 74 [1/1] (0.00ns)   --->   "%sext_ln39 = sext i58 %trunc_ln39_s" [src/integrated-gcn/integrated_gcn_approx.cpp:39]   --->   Operation 74 'sext' 'sext_ln39' <Predicate = true> <Delay = 0.00>
ST_5 : Operation 75 [1/1] (0.00ns)   --->   "%gmem0_addr = getelementptr i512 %gmem0, i64 %sext_ln39" [src/integrated-gcn/integrated_gcn_approx.cpp:39]   --->   Operation 75 'getelementptr' 'gmem0_addr' <Predicate = true> <Delay = 0.00>
ST_5 : Operation 76 [8/8] (7.30ns)   --->   "%gmem0_load_req = readreq i1 @_ssdm_op_ReadReq.m_axi.i512P1A, i512 %gmem0_addr, i64 1" [src/integrated-gcn/integrated_gcn_approx.cpp:39]   --->   Operation 76 'readreq' 'gmem0_load_req' <Predicate = true> <Delay = 7.30> <CoreInst = "m_axi">   --->   Core 119 'm_axi' <Latency = 6> <II = 1> <Delay = 1.00> <Adapter> <Opcode : 'readrequnaligned' 'writerequnaligned' 'read' 'write' 'readreq' 'writereq' 'writeresp'>

State 6 <SV = 5> <Delay = 0.00>
ST_6 : Operation 77 [7/8] (7.30ns)   --->   "%gmem0_load_req = readreq i1 @_ssdm_op_ReadReq.m_axi.i512P1A, i512 %gmem0_addr, i64 1" [src/integrated-gcn/integrated_gcn_approx.cpp:39]   --->   Operation 77 'readreq' 'gmem0_load_req' <Predicate = true> <Delay = 7.30> <CoreInst = "m_axi">   --->   Core 119 'm_axi' <Latency = 6> <II = 1> <Delay = 1.00> <Adapter> <Opcode : 'readrequnaligned' 'writerequnaligned' 'read' 'write' 'readreq' 'writereq' 'writeresp'>

State 7 <SV = 6> <Delay = 0.00>
ST_7 : Operation 78 [6/8] (7.30ns)   --->   "%gmem0_load_req = readreq i1 @_ssdm_op_ReadReq.m_axi.i512P1A, i512 %gmem0_addr, i64 1" [src/integrated-gcn/integrated_gcn_approx.cpp:39]   --->   Operation 78 'readreq' 'gmem0_load_req' <Predicate = true> <Delay = 7.30> <CoreInst = "m_axi">   --->   Core 119 'm_axi' <Latency = 6> <II = 1> <Delay = 1.00> <Adapter> <Opcode : 'readrequnaligned' 'writerequnaligned' 'read' 'write' 'readreq' 'writereq' 'writeresp'>

State 8 <SV = 7> <Delay = 0.00>
ST_8 : Operation 79 [5/8] (7.30ns)   --->   "%gmem0_load_req = readreq i1 @_ssdm_op_ReadReq.m_axi.i512P1A, i512 %gmem0_addr, i64 1" [src/integrated-gcn/integrated_gcn_approx.cpp:39]   --->   Operation 79 'readreq' 'gmem0_load_req' <Predicate = true> <Delay = 7.30> <CoreInst = "m_axi">   --->   Core 119 'm_axi' <Latency = 6> <II = 1> <Delay = 1.00> <Adapter> <Opcode : 'readrequnaligned' 'writerequnaligned' 'read' 'write' 'readreq' 'writereq' 'writeresp'>

State 9 <SV = 8> <Delay = 0.00>
ST_9 : Operation 80 [4/8] (7.30ns)   --->   "%gmem0_load_req = readreq i1 @_ssdm_op_ReadReq.m_axi.i512P1A, i512 %gmem0_addr, i64 1" [src/integrated-gcn/integrated_gcn_approx.cpp:39]   --->   Operation 80 'readreq' 'gmem0_load_req' <Predicate = true> <Delay = 7.30> <CoreInst = "m_axi">   --->   Core 119 'm_axi' <Latency = 6> <II = 1> <Delay = 1.00> <Adapter> <Opcode : 'readrequnaligned' 'writerequnaligned' 'read' 'write' 'readreq' 'writereq' 'writeresp'>

State 10 <SV = 9> <Delay = 0.00>
ST_10 : Operation 81 [3/8] (7.30ns)   --->   "%gmem0_load_req = readreq i1 @_ssdm_op_ReadReq.m_axi.i512P1A, i512 %gmem0_addr, i64 1" [src/integrated-gcn/integrated_gcn_approx.cpp:39]   --->   Operation 81 'readreq' 'gmem0_load_req' <Predicate = true> <Delay = 7.30> <CoreInst = "m_axi">   --->   Core 119 'm_axi' <Latency = 6> <II = 1> <Delay = 1.00> <Adapter> <Opcode : 'readrequnaligned' 'writerequnaligned' 'read' 'write' 'readreq' 'writereq' 'writeresp'>

State 11 <SV = 10> <Delay = 0.00>
ST_11 : Operation 82 [2/8] (7.30ns)   --->   "%gmem0_load_req = readreq i1 @_ssdm_op_ReadReq.m_axi.i512P1A, i512 %gmem0_addr, i64 1" [src/integrated-gcn/integrated_gcn_approx.cpp:39]   --->   Operation 82 'readreq' 'gmem0_load_req' <Predicate = true> <Delay = 7.30> <CoreInst = "m_axi">   --->   Core 119 'm_axi' <Latency = 6> <II = 1> <Delay = 1.00> <Adapter> <Opcode : 'readrequnaligned' 'writerequnaligned' 'read' 'write' 'readreq' 'writereq' 'writeresp'>

State 12 <SV = 11> <Delay = 7.30>
ST_12 : Operation 83 [1/8] ( I:7.30ns O:7.30ns )   --->   "%gmem0_load_req = readreq i1 @_ssdm_op_ReadReq.m_axi.i512P1A, i512 %gmem0_addr, i64 1" [src/integrated-gcn/integrated_gcn_approx.cpp:39]   --->   Operation 83 'readreq' 'gmem0_load_req' <Predicate = true> <Delay = 7.30> <CoreInst = "m_axi">   --->   Core 119 'm_axi' <Latency = 6> <II = 1> <Delay = 1.00> <Adapter> <Opcode : 'readrequnaligned' 'writerequnaligned' 'read' 'write' 'readreq' 'writereq' 'writeresp'>

State 13 <SV = 12> <Delay = 7.30>
ST_13 : Operation 84 [1/1] ( I:7.30ns O:7.30ns )   --->   "%gmem0_addr_read = read i512 @_ssdm_op_Read.m_axi.i512P1A, i512 %gmem0_addr" [src/integrated-gcn/integrated_gcn_approx.cpp:39]   --->   Operation 84 'read' 'gmem0_addr_read' <Predicate = true> <Delay = 7.30> <CoreInst = "m_axi">   --->   Core 119 'm_axi' <Latency = 3> <II = 1> <Delay = 1.00> <Adapter> <Opcode : 'readrequnaligned' 'writerequnaligned' 'read' 'write' 'readreq' 'writereq' 'writeresp'>
ST_13 : Operation 90 [1/1] (0.42ns)   --->   "%ret_ln46 = ret" [src/integrated-gcn/integrated_gcn_approx.cpp:46]   --->   Operation 90 'ret' 'ret_ln46' <Predicate = (icmp_ln33)> <Delay = 0.42>

State 14 <SV = 13> <Delay = 1.62>
ST_14 : Operation 85 [1/1] (0.00ns)   --->   "%specloopname_ln0 = specloopname void @_ssdm_op_SpecLoopName, void @VITIS_LOOP_33_1_VITIS_LOOP_35_3_VITIS_LOOP_36_4_str"   --->   Operation 85 'specloopname' 'specloopname_ln0' <Predicate = true> <Delay = 0.00>
ST_14 : Operation 86 [1/1] (0.00ns)   --->   "%speclooptripcount_ln0 = speclooptripcount void @_ssdm_op_SpecLoopTripCount, i64 63296, i64 63296, i64 63296"   --->   Operation 86 'speclooptripcount' 'speclooptripcount_ln0' <Predicate = true> <Delay = 0.00>
ST_14 : Operation 87 [1/1] (0.00ns)   --->   "%specpipeline_ln36 = specpipeline void @_ssdm_op_SpecPipeline, i32 4294967295, i32 0, i32 0, i32 0, i32 4294967295, void @empty_20" [src/integrated-gcn/integrated_gcn_approx.cpp:36]   --->   Operation 87 'specpipeline' 'specpipeline_ln36' <Predicate = true> <Delay = 0.00>
ST_14 : Operation 88 [1/1] ( I:1.62ns O:1.62ns )   --->   "%write_ln39 = write void @_ssdm_op_Write.ap_fifo.volatile.i512P0A, i512 %X_stream, i512 %gmem0_addr_read" [src/integrated-gcn/integrated_gcn_approx.cpp:39]   --->   Operation 88 'write' 'write_ln39' <Predicate = true> <Delay = 1.62> <CoreInst = "FIFO">   --->   Core 77 'FIFO' <Latency = 0> <II = 1> <Delay = 1.62> <Storage> <Opcode : 'read' 'write' 'nbread' 'nbwrite'> <Ports = 0> <Width = 512> <Depth = 16> <FIFO>
ST_14 : Operation 89 [1/1] (0.00ns)   --->   "%br_ln36 = br void %VITIS_LOOP_37_5" [src/integrated-gcn/integrated_gcn_approx.cpp:36]   --->   Operation 89 'br' 'br_ln36' <Predicate = true> <Delay = 0.00>


============================================================
+ Verbose Summary: Binding
============================================================
STG Binding: 
---------------- STG Properties BEGIN ----------------
- Is combinational: 0
- Is one-state seq: 0
- Is datapath-only: 0
- Is pipelined: 0
- Is top level: 0
Port [ Return ] is wired: 1; IO mode=ap_ctrl_hs:ce=0
Port [ gmem0]:  wired=1; compound=1; hidden=0; nouse=0; global=0; static=0; extern=0; dir=0; type=4; pingpong=0; private_global=0; IO mode=m_axi:ce=0
Port [ X]:  wired=1; compound=0; hidden=0; nouse=0; global=0; static=0; extern=0; dir=0; type=0; pingpong=0; private_global=0; IO mode=ap_stable:ce=0
Port [ X_stream]:  wired=1; compound=1; hidden=0; nouse=0; global=0; static=0; extern=0; dir=1; type=3; pingpong=0; private_global=0; IO mode=ap_fifo:ce=0
---------------- STG Properties END ------------------

---------------- Datapath Model BEGIN ----------------

<LifeTime>
<method=bitvector/>
k                     (alloca           ) [ 010000000000000]
kb                    (alloca           ) [ 010000000000000]
indvar_flatten        (alloca           ) [ 010000000000000]
ib                    (alloca           ) [ 011100000000000]
indvar_flatten12      (alloca           ) [ 010000000000000]
specstablecontent_ln0 (specstablecontent) [ 000000000000000]
specstablecontent_ln0 (specstablecontent) [ 000000000000000]
specinterface_ln0     (specinterface    ) [ 000000000000000]
specinterface_ln0     (specinterface    ) [ 000000000000000]
X_read                (read             ) [ 011110000000000]
store_ln0             (store            ) [ 000000000000000]
store_ln33            (store            ) [ 000000000000000]
store_ln0             (store            ) [ 000000000000000]
store_ln35            (store            ) [ 000000000000000]
store_ln36            (store            ) [ 000000000000000]
br_ln33               (br               ) [ 000000000000000]
indvar_flatten12_load (load             ) [ 000000000000000]
icmp_ln33             (icmp             ) [ 011111111111110]
add_ln33              (add              ) [ 000000000000000]
br_ln33               (br               ) [ 000000000000000]
k_load                (load             ) [ 000000000000000]
kb_load               (load             ) [ 000000000000000]
indvar_flatten_load   (load             ) [ 000000000000000]
icmp_ln35             (icmp             ) [ 011100000000000]
select_ln33           (select           ) [ 000000000000000]
xor_ln33              (xor              ) [ 000000000000000]
icmp_ln36             (icmp             ) [ 000000000000000]
and_ln33              (and              ) [ 000000000000000]
add_ln35              (add              ) [ 000000000000000]
empty                 (or               ) [ 000000000000000]
k_mid2                (select           ) [ 000000000000000]
select_ln35           (select           ) [ 000000000000000]
shl_ln                (bitconcatenate   ) [ 000000000000000]
zext_ln36             (zext             ) [ 000000000000000]
add_ln40              (add              ) [ 000000000000000]
zext_ln40             (zext             ) [ 011100000000000]
add_ln36              (add              ) [ 000000000000000]
add_ln35_1            (add              ) [ 000000000000000]
select_ln35_1         (select           ) [ 000000000000000]
store_ln33            (store            ) [ 000000000000000]
store_ln35            (store            ) [ 000000000000000]
store_ln35            (store            ) [ 000000000000000]
store_ln36            (store            ) [ 000000000000000]
ib_load               (load             ) [ 000000000000000]
add_ln33_1            (add              ) [ 000000000000000]
select_ln33_1         (select           ) [ 000000000000000]
zext_ln33             (zext             ) [ 010010000000000]
mul_ln40              (mul              ) [ 010010000000000]
store_ln33            (store            ) [ 000000000000000]
add_ln40_1            (add              ) [ 000000000000000]
shl_ln40_1            (bitconcatenate   ) [ 000000000000000]
zext_ln40_1           (zext             ) [ 000000000000000]
add_ln40_2            (add              ) [ 000000000000000]
trunc_ln39_s          (partselect       ) [ 010001000000000]
sext_ln39             (sext             ) [ 000000000000000]
gmem0_addr            (getelementptr    ) [ 010000111111110]
gmem0_load_req        (readreq          ) [ 000000000000000]
gmem0_addr_read       (read             ) [ 010000000000001]
specloopname_ln0      (specloopname     ) [ 000000000000000]
speclooptripcount_ln0 (speclooptripcount) [ 000000000000000]
specpipeline_ln36     (specpipeline     ) [ 000000000000000]
write_ln39            (write            ) [ 000000000000000]
br_ln36               (br               ) [ 000000000000000]
ret_ln46              (ret              ) [ 000000000000000]
</LifeTime>

<model>

<comp_list>
<comp id="0" class="1000" name="gmem0">
<pin_list>
<pin id="1" dir="1" index="0" bw="1" slack="0"/>
</pin_list>
<bind>
<StgValue><ssdm name="gmem0"/><MemPortTyVec>0 </MemPortTyVec>
</StgValue>
</bind>
</comp>

<comp id="2" class="1000" name="X">
<pin_list>
<pin id="3" dir="1" index="0" bw="1" slack="0"/>
</pin_list>
<bind>
<StgValue><ssdm name="X"/></StgValue>
</bind>
</comp>

<comp id="4" class="1000" name="X_stream">
<pin_list>
<pin id="5" dir="1" index="0" bw="1" slack="0"/>
</pin_list>
<bind>
<StgValue><ssdm name="X_stream"/></StgValue>
</bind>
</comp>

<comp id="6" class="1001" name="const_6">
<pin_list>
<pin id="7" dir="1" index="0" bw="1" slack="0"/>
</pin_list>
<bind>
<StgValue><ssdm name=""/></StgValue>
</bind>
</comp>

<comp id="8" class="1001" name="const_8">
<pin_list>
<pin id="9" dir="1" index="0" bw="1" slack="2147483647"/>
</pin_list>
<bind>
<StgValue><ssdm name="_ssdm_op_SpecStableContent"/></StgValue>
</bind>
</comp>

<comp id="10" class="1001" name="const_10">
<pin_list>
<pin id="11" dir="1" index="0" bw="1" slack="0"/>
</pin_list>
<bind>
<StgValue><ssdm name=""/></StgValue>
</bind>
</comp>

<comp id="12" class="1001" name="const_12">
<pin_list>
<pin id="13" dir="1" index="0" bw="1" slack="2147483647"/>
</pin_list>
<bind>
<StgValue><ssdm name="p_str"/></StgValue>
</bind>
</comp>

<comp id="14" class="1001" name="const_14">
<pin_list>
<pin id="15" dir="1" index="0" bw="1" slack="2147483647"/>
</pin_list>
<bind>
<StgValue><ssdm name="_ssdm_op_SpecInterface"/></StgValue>
</bind>
</comp>

<comp id="16" class="1001" name="const_16">
<pin_list>
<pin id="17" dir="1" index="0" bw="1" slack="2147483647"/>
</pin_list>
<bind>
<StgValue><ssdm name="empty_6"/></StgValue>
</bind>
</comp>

<comp id="18" class="1001" name="const_18">
<pin_list>
<pin id="19" dir="1" index="0" bw="1" slack="2147483647"/>
</pin_list>
<bind>
<StgValue><ssdm name=""/></StgValue>
</bind>
</comp>

<comp id="20" class="1001" name="const_20">
<pin_list>
<pin id="21" dir="1" index="0" bw="1" slack="2147483647"/>
</pin_list>
<bind>
<StgValue><ssdm name="empty_20"/></StgValue>
</bind>
</comp>

<comp id="22" class="1001" name="const_22">
<pin_list>
<pin id="23" dir="1" index="0" bw="1" slack="2147483647"/>
</pin_list>
<bind>
<StgValue><ssdm name=""/></StgValue>
</bind>
</comp>

<comp id="24" class="1001" name="const_24">
<pin_list>
<pin id="25" dir="1" index="0" bw="1" slack="2147483647"/>
</pin_list>
<bind>
<StgValue><ssdm name="empty_29"/></StgValue>
</bind>
</comp>

<comp id="26" class="1001" name="const_26">
<pin_list>
<pin id="27" dir="1" index="0" bw="1" slack="2147483647"/>
</pin_list>
<bind>
<StgValue><ssdm name="empty_28"/></StgValue>
</bind>
</comp>

<comp id="28" class="1001" name="const_28">
<pin_list>
<pin id="29" dir="1" index="0" bw="1" slack="2147483647"/>
</pin_list>
<bind>
<StgValue><ssdm name="empty_9"/></StgValue>
</bind>
</comp>

<comp id="30" class="1001" name="const_30">
<pin_list>
<pin id="31" dir="1" index="0" bw="1" slack="2147483647"/>
</pin_list>
<bind>
<StgValue><ssdm name=""/></StgValue>
</bind>
</comp>

<comp id="32" class="1001" name="const_32">
<pin_list>
<pin id="33" dir="1" index="0" bw="1" slack="2147483647"/>
</pin_list>
<bind>
<StgValue><ssdm name=""/></StgValue>
</bind>
</comp>

<comp id="34" class="1001" name="const_34">
<pin_list>
<pin id="35" dir="1" index="0" bw="1" slack="0"/>
</pin_list>
<bind>
<StgValue><ssdm name="_ssdm_op_Read.ap_auto.i64"/></StgValue>
</bind>
</comp>

<comp id="36" class="1001" name="const_36">
<pin_list>
<pin id="37" dir="1" index="0" bw="1" slack="0"/>
</pin_list>
<bind>
<StgValue><ssdm name=""/></StgValue>
</bind>
</comp>

<comp id="38" class="1001" name="const_38">
<pin_list>
<pin id="39" dir="1" index="0" bw="1" slack="0"/>
</pin_list>
<bind>
<StgValue><ssdm name=""/></StgValue>
</bind>
</comp>

<comp id="40" class="1001" name="const_40">
<pin_list>
<pin id="41" dir="1" index="0" bw="1" slack="0"/>
</pin_list>
<bind>
<StgValue><ssdm name=""/></StgValue>
</bind>
</comp>

<comp id="42" class="1001" name="const_42">
<pin_list>
<pin id="43" dir="1" index="0" bw="1" slack="0"/>
</pin_list>
<bind>
<StgValue><ssdm name=""/></StgValue>
</bind>
</comp>

<comp id="44" class="1001" name="const_44">
<pin_list>
<pin id="45" dir="1" index="0" bw="1" slack="0"/>
</pin_list>
<bind>
<StgValue><ssdm name=""/></StgValue>
</bind>
</comp>

<comp id="46" class="1001" name="const_46">
<pin_list>
<pin id="47" dir="1" index="0" bw="1" slack="0"/>
</pin_list>
<bind>
<StgValue><ssdm name=""/></StgValue>
</bind>
</comp>

<comp id="48" class="1001" name="const_48">
<pin_list>
<pin id="49" dir="1" index="0" bw="1" slack="0"/>
</pin_list>
<bind>
<StgValue><ssdm name=""/></StgValue>
</bind>
</comp>

<comp id="50" class="1001" name="const_50">
<pin_list>
<pin id="51" dir="1" index="0" bw="1" slack="0"/>
</pin_list>
<bind>
<StgValue><ssdm name=""/></StgValue>
</bind>
</comp>

<comp id="52" class="1001" name="const_52">
<pin_list>
<pin id="53" dir="1" index="0" bw="1" slack="0"/>
</pin_list>
<bind>
<StgValue><ssdm name=""/></StgValue>
</bind>
</comp>

<comp id="54" class="1001" name="const_54">
<pin_list>
<pin id="55" dir="1" index="0" bw="1" slack="0"/>
</pin_list>
<bind>
<StgValue><ssdm name=""/></StgValue>
</bind>
</comp>

<comp id="56" class="1001" name="const_56">
<pin_list>
<pin id="57" dir="1" index="0" bw="1" slack="0"/>
</pin_list>
<bind>
<StgValue><ssdm name="_ssdm_op_BitConcatenate.i11.i5.i6"/></StgValue>
</bind>
</comp>

<comp id="58" class="1001" name="const_58">
<pin_list>
<pin id="59" dir="1" index="0" bw="1" slack="0"/>
</pin_list>
<bind>
<StgValue><ssdm name=""/></StgValue>
</bind>
</comp>

<comp id="60" class="1001" name="const_60">
<pin_list>
<pin id="61" dir="1" index="0" bw="1" slack="0"/>
</pin_list>
<bind>
<StgValue><ssdm name=""/></StgValue>
</bind>
</comp>

<comp id="62" class="1001" name="const_62">
<pin_list>
<pin id="63" dir="1" index="0" bw="1" slack="0"/>
</pin_list>
<bind>
<StgValue><ssdm name=""/></StgValue>
</bind>
</comp>

<comp id="64" class="1001" name="const_64">
<pin_list>
<pin id="65" dir="1" index="0" bw="1" slack="0"/>
</pin_list>
<bind>
<StgValue><ssdm name=""/></StgValue>
</bind>
</comp>

<comp id="66" class="1001" name="const_66">
<pin_list>
<pin id="67" dir="1" index="0" bw="1" slack="0"/>
</pin_list>
<bind>
<StgValue><ssdm name="_ssdm_op_BitConcatenate.i22.i16.i6"/></StgValue>
</bind>
</comp>

<comp id="68" class="1001" name="const_68">
<pin_list>
<pin id="69" dir="1" index="0" bw="1" slack="0"/>
</pin_list>
<bind>
<StgValue><ssdm name="_ssdm_op_PartSelect.i58.i64.i32.i32"/></StgValue>
</bind>
</comp>

<comp id="70" class="1001" name="const_70">
<pin_list>
<pin id="71" dir="1" index="0" bw="1" slack="0"/>
</pin_list>
<bind>
<StgValue><ssdm name=""/></StgValue>
</bind>
</comp>

<comp id="72" class="1001" name="const_72">
<pin_list>
<pin id="73" dir="1" index="0" bw="1" slack="0"/>
</pin_list>
<bind>
<StgValue><ssdm name=""/></StgValue>
</bind>
</comp>

<comp id="74" class="1001" name="const_74">
<pin_list>
<pin id="75" dir="1" index="0" bw="1" slack="0"/>
</pin_list>
<bind>
<StgValue><ssdm name="_ssdm_op_ReadReq.m_axi.i512P1A"/></StgValue>
</bind>
</comp>

<comp id="76" class="1001" name="const_76">
<pin_list>
<pin id="77" dir="1" index="0" bw="1" slack="0"/>
</pin_list>
<bind>
<StgValue><ssdm name=""/></StgValue>
</bind>
</comp>

<comp id="78" class="1001" name="const_78">
<pin_list>
<pin id="79" dir="1" index="0" bw="1" slack="0"/>
</pin_list>
<bind>
<StgValue><ssdm name="_ssdm_op_Read.m_axi.i512P1A"/></StgValue>
</bind>
</comp>

<comp id="80" class="1001" name="const_80">
<pin_list>
<pin id="81" dir="1" index="0" bw="1" slack="2147483647"/>
</pin_list>
<bind>
<StgValue><ssdm name="_ssdm_op_SpecLoopName"/></StgValue>
</bind>
</comp>

<comp id="82" class="1001" name="const_82">
<pin_list>
<pin id="83" dir="1" index="0" bw="1" slack="2147483647"/>
</pin_list>
<bind>
<StgValue><ssdm name="VITIS_LOOP_33_1_VITIS_LOOP_35_3_VITIS_LOOP_36_4_str"/></StgValue>
</bind>
</comp>

<comp id="84" class="1001" name="const_84">
<pin_list>
<pin id="85" dir="1" index="0" bw="1" slack="2147483647"/>
</pin_list>
<bind>
<StgValue><ssdm name="_ssdm_op_SpecLoopTripCount"/></StgValue>
</bind>
</comp>

<comp id="86" class="1001" name="const_86">
<pin_list>
<pin id="87" dir="1" index="0" bw="1" slack="2147483647"/>
</pin_list>
<bind>
<StgValue><ssdm name=""/></StgValue>
</bind>
</comp>

<comp id="88" class="1001" name="const_88">
<pin_list>
<pin id="89" dir="1" index="0" bw="1" slack="2147483647"/>
</pin_list>
<bind>
<StgValue><ssdm name="_ssdm_op_SpecPipeline"/></StgValue>
</bind>
</comp>

<comp id="90" class="1001" name="const_90">
<pin_list>
<pin id="91" dir="1" index="0" bw="1" slack="0"/>
</pin_list>
<bind>
<StgValue><ssdm name="_ssdm_op_Write.ap_fifo.volatile.i512P0A"/></StgValue>
</bind>
</comp>

<comp id="92" class="1004" name="k_fu_92">
<pin_list>
<pin id="93" dir="0" index="0" bw="1" slack="0"/>
<pin id="94" dir="1" index="1" bw="7" slack="0"/>
</pin_list>
<bind>
<opcode="alloca(26) " fcode="alloca"/>
<opset="k/1 "/>
</bind>
</comp>

<comp id="96" class="1004" name="kb_fu_96">
<pin_list>
<pin id="97" dir="0" index="0" bw="1" slack="0"/>
<pin id="98" dir="1" index="1" bw="5" slack="0"/>
</pin_list>
<bind>
<opcode="alloca(26) " fcode="alloca"/>
<opset="kb/1 "/>
</bind>
</comp>

<comp id="100" class="1004" name="indvar_flatten_fu_100">
<pin_list>
<pin id="101" dir="0" index="0" bw="1" slack="0"/>
<pin id="102" dir="1" index="1" bw="12" slack="0"/>
</pin_list>
<bind>
<opcode="alloca(26) " fcode="alloca"/>
<opset="indvar_flatten/1 "/>
</bind>
</comp>

<comp id="104" class="1004" name="ib_fu_104">
<pin_list>
<pin id="105" dir="0" index="0" bw="1" slack="0"/>
<pin id="106" dir="1" index="1" bw="6" slack="0"/>
</pin_list>
<bind>
<opcode="alloca(26) " fcode="alloca"/>
<opset="ib/1 "/>
</bind>
</comp>

<comp id="108" class="1004" name="indvar_flatten12_fu_108">
<pin_list>
<pin id="109" dir="0" index="0" bw="1" slack="0"/>
<pin id="110" dir="1" index="1" bw="16" slack="0"/>
</pin_list>
<bind>
<opcode="alloca(26) " fcode="alloca"/>
<opset="indvar_flatten12/1 "/>
</bind>
</comp>

<comp id="112" class="1004" name="X_read_read_fu_112">
<pin_list>
<pin id="113" dir="0" index="0" bw="64" slack="0"/>
<pin id="114" dir="0" index="1" bw="64" slack="0"/>
<pin id="115" dir="1" index="2" bw="64" slack="3"/>
</pin_list>
<bind>
<opcode="read(1150) " fcode="read"/>
<opset="X_read/1 "/>
</bind>
</comp>

<comp id="118" class="1004" name="write_ln39_write_fu_118">
<pin_list>
<pin id="119" dir="0" index="0" bw="0" slack="0"/>
<pin id="120" dir="0" index="1" bw="512" slack="0"/>
<pin id="121" dir="0" index="2" bw="512" slack="1"/>
<pin id="122" dir="1" index="3" bw="0" slack="2147483647"/>
</pin_list>
<bind>
<opcode="write(1151) " fcode="write"/>
<opset="write_ln39/14 "/>
</bind>
</comp>

<comp id="125" class="1004" name="grp_readreq_fu_125">
<pin_list>
<pin id="126" dir="0" index="0" bw="1" slack="0"/>
<pin id="127" dir="0" index="1" bw="512" slack="0"/>
<pin id="128" dir="0" index="2" bw="1" slack="0"/>
<pin id="129" dir="1" index="3" bw="1" slack="2147483647"/>
</pin_list>
<bind>
<opcode="readreq(1154) " fcode="readreq"/>
<opset="gmem0_load_req/5 "/>
</bind>
</comp>

<comp id="132" class="1004" name="gmem0_addr_read_read_fu_132">
<pin_list>
<pin id="133" dir="0" index="0" bw="512" slack="0"/>
<pin id="134" dir="0" index="1" bw="512" slack="8"/>
<pin id="135" dir="1" index="2" bw="512" slack="1"/>
</pin_list>
<bind>
<opcode="read(1150) " fcode="read"/>
<opset="gmem0_addr_read/13 "/>
</bind>
</comp>

<comp id="137" class="1004" name="store_ln0_store_fu_137">
<pin_list>
<pin id="138" dir="0" index="0" bw="1" slack="0"/>
<pin id="139" dir="0" index="1" bw="16" slack="0"/>
<pin id="140" dir="1" index="2" bw="0" slack="2147483647"/>
</pin_list>
<bind>
<opcode="store(28) " fcode="store"/>
<opset="store_ln0/1 "/>
</bind>
</comp>

<comp id="142" class="1004" name="store_ln33_store_fu_142">
<pin_list>
<pin id="143" dir="0" index="0" bw="1" slack="0"/>
<pin id="144" dir="0" index="1" bw="6" slack="0"/>
<pin id="145" dir="1" index="2" bw="0" slack="2147483647"/>
</pin_list>
<bind>
<opcode="store(28) " fcode="store"/>
<opset="store_ln33/1 "/>
</bind>
</comp>

<comp id="147" class="1004" name="store_ln0_store_fu_147">
<pin_list>
<pin id="148" dir="0" index="0" bw="1" slack="0"/>
<pin id="149" dir="0" index="1" bw="12" slack="0"/>
<pin id="150" dir="1" index="2" bw="0" slack="2147483647"/>
</pin_list>
<bind>
<opcode="store(28) " fcode="store"/>
<opset="store_ln0/1 "/>
</bind>
</comp>

<comp id="152" class="1004" name="store_ln35_store_fu_152">
<pin_list>
<pin id="153" dir="0" index="0" bw="1" slack="0"/>
<pin id="154" dir="0" index="1" bw="5" slack="0"/>
<pin id="155" dir="1" index="2" bw="0" slack="2147483647"/>
</pin_list>
<bind>
<opcode="store(28) " fcode="store"/>
<opset="store_ln35/1 "/>
</bind>
</comp>

<comp id="157" class="1004" name="store_ln36_store_fu_157">
<pin_list>
<pin id="158" dir="0" index="0" bw="1" slack="0"/>
<pin id="159" dir="0" index="1" bw="7" slack="0"/>
<pin id="160" dir="1" index="2" bw="0" slack="2147483647"/>
</pin_list>
<bind>
<opcode="store(28) " fcode="store"/>
<opset="store_ln36/1 "/>
</bind>
</comp>

<comp id="162" class="1004" name="indvar_flatten12_load_load_fu_162">
<pin_list>
<pin id="163" dir="0" index="0" bw="16" slack="0"/>
<pin id="164" dir="1" index="1" bw="16" slack="0"/>
</pin_list>
<bind>
<opcode="load(27) " fcode="load"/>
<opset="indvar_flatten12_load/1 "/>
</bind>
</comp>

<comp id="165" class="1004" name="icmp_ln33_fu_165">
<pin_list>
<pin id="166" dir="0" index="0" bw="16" slack="0"/>
<pin id="167" dir="0" index="1" bw="13" slack="0"/>
<pin id="168" dir="1" index="2" bw="1" slack="12"/>
</pin_list>
<bind>
<opcode="icmp(45) " fcode="icmp"/>
<opset="icmp_ln33/1 "/>
</bind>
</comp>

<comp id="171" class="1004" name="add_ln33_fu_171">
<pin_list>
<pin id="172" dir="0" index="0" bw="16" slack="0"/>
<pin id="173" dir="0" index="1" bw="1" slack="0"/>
<pin id="174" dir="1" index="2" bw="16" slack="0"/>
</pin_list>
<bind>
<opcode="add(8) " fcode="add"/>
<opset="add_ln33/1 "/>
</bind>
</comp>

<comp id="177" class="1004" name="k_load_load_fu_177">
<pin_list>
<pin id="178" dir="0" index="0" bw="7" slack="0"/>
<pin id="179" dir="1" index="1" bw="7" slack="0"/>
</pin_list>
<bind>
<opcode="load(27) " fcode="load"/>
<opset="k_load/1 "/>
</bind>
</comp>

<comp id="180" class="1004" name="kb_load_load_fu_180">
<pin_list>
<pin id="181" dir="0" index="0" bw="5" slack="0"/>
<pin id="182" dir="1" index="1" bw="5" slack="0"/>
</pin_list>
<bind>
<opcode="load(27) " fcode="load"/>
<opset="kb_load/1 "/>
</bind>
</comp>

<comp id="183" class="1004" name="indvar_flatten_load_load_fu_183">
<pin_list>
<pin id="184" dir="0" index="0" bw="12" slack="0"/>
<pin id="185" dir="1" index="1" bw="12" slack="0"/>
</pin_list>
<bind>
<opcode="load(27) " fcode="load"/>
<opset="indvar_flatten_load/1 "/>
</bind>
</comp>

<comp id="186" class="1004" name="icmp_ln35_fu_186">
<pin_list>
<pin id="187" dir="0" index="0" bw="12" slack="0"/>
<pin id="188" dir="0" index="1" bw="12" slack="0"/>
<pin id="189" dir="1" index="2" bw="1" slack="0"/>
</pin_list>
<bind>
<opcode="icmp(45) " fcode="icmp"/>
<opset="icmp_ln35/1 "/>
</bind>
</comp>

<comp id="192" class="1004" name="select_ln33_fu_192">
<pin_list>
<pin id="193" dir="0" index="0" bw="1" slack="0"/>
<pin id="194" dir="0" index="1" bw="1" slack="0"/>
<pin id="195" dir="0" index="2" bw="5" slack="0"/>
<pin id="196" dir="1" index="3" bw="5" slack="0"/>
</pin_list>
<bind>
<opcode="select(49) " fcode="select"/>
<opset="select_ln33/1 "/>
</bind>
</comp>

<comp id="200" class="1004" name="xor_ln33_fu_200">
<pin_list>
<pin id="201" dir="0" index="0" bw="1" slack="0"/>
<pin id="202" dir="0" index="1" bw="1" slack="0"/>
<pin id="203" dir="1" index="2" bw="1" slack="0"/>
</pin_list>
<bind>
<opcode="xor(25) " fcode="xor"/>
<opset="xor_ln33/1 "/>
</bind>
</comp>

<comp id="206" class="1004" name="icmp_ln36_fu_206">
<pin_list>
<pin id="207" dir="0" index="0" bw="7" slack="0"/>
<pin id="208" dir="0" index="1" bw="7" slack="0"/>
<pin id="209" dir="1" index="2" bw="1" slack="0"/>
</pin_list>
<bind>
<opcode="icmp(45) " fcode="icmp"/>
<opset="icmp_ln36/1 "/>
</bind>
</comp>

<comp id="212" class="1004" name="and_ln33_fu_212">
<pin_list>
<pin id="213" dir="0" index="0" bw="1" slack="0"/>
<pin id="214" dir="0" index="1" bw="1" slack="0"/>
<pin id="215" dir="1" index="2" bw="1" slack="0"/>
</pin_list>
<bind>
<opcode="and(23) " fcode="and"/>
<opset="and_ln33/1 "/>
</bind>
</comp>

<comp id="218" class="1004" name="add_ln35_fu_218">
<pin_list>
<pin id="219" dir="0" index="0" bw="5" slack="0"/>
<pin id="220" dir="0" index="1" bw="1" slack="0"/>
<pin id="221" dir="1" index="2" bw="5" slack="0"/>
</pin_list>
<bind>
<opcode="add(8) " fcode="add"/>
<opset="add_ln35/1 "/>
</bind>
</comp>

<comp id="224" class="1004" name="empty_fu_224">
<pin_list>
<pin id="225" dir="0" index="0" bw="1" slack="0"/>
<pin id="226" dir="0" index="1" bw="1" slack="0"/>
<pin id="227" dir="1" index="2" bw="1" slack="0"/>
</pin_list>
<bind>
<opcode="or(24) " fcode="or"/>
<opset="empty/1 "/>
</bind>
</comp>

<comp id="230" class="1004" name="k_mid2_fu_230">
<pin_list>
<pin id="231" dir="0" index="0" bw="1" slack="0"/>
<pin id="232" dir="0" index="1" bw="1" slack="0"/>
<pin id="233" dir="0" index="2" bw="7" slack="0"/>
<pin id="234" dir="1" index="3" bw="7" slack="0"/>
</pin_list>
<bind>
<opcode="select(49) " fcode="select"/>
<opset="k_mid2/1 "/>
</bind>
</comp>

<comp id="238" class="1004" name="select_ln35_fu_238">
<pin_list>
<pin id="239" dir="0" index="0" bw="1" slack="0"/>
<pin id="240" dir="0" index="1" bw="5" slack="0"/>
<pin id="241" dir="0" index="2" bw="5" slack="0"/>
<pin id="242" dir="1" index="3" bw="5" slack="0"/>
</pin_list>
<bind>
<opcode="select(49) " fcode="select"/>
<opset="select_ln35/1 "/>
</bind>
</comp>

<comp id="246" class="1004" name="shl_ln_fu_246">
<pin_list>
<pin id="247" dir="0" index="0" bw="11" slack="0"/>
<pin id="248" dir="0" index="1" bw="5" slack="0"/>
<pin id="249" dir="0" index="2" bw="1" slack="0"/>
<pin id="250" dir="1" index="3" bw="11" slack="0"/>
</pin_list>
<bind>
<opcode="bitconcatenate(1004) " fcode="bitconcatenate"/>
<opset="shl_ln/1 "/>
</bind>
</comp>

<comp id="254" class="1004" name="zext_ln36_fu_254">
<pin_list>
<pin id="255" dir="0" index="0" bw="7" slack="0"/>
<pin id="256" dir="1" index="1" bw="11" slack="0"/>
</pin_list>
<bind>
<opcode="zext(34) " fcode="zext"/>
<opset="zext_ln36/1 "/>
</bind>
</comp>

<comp id="258" class="1004" name="add_ln40_fu_258">
<pin_list>
<pin id="259" dir="0" index="0" bw="11" slack="0"/>
<pin id="260" dir="0" index="1" bw="7" slack="0"/>
<pin id="261" dir="1" index="2" bw="11" slack="0"/>
</pin_list>
<bind>
<opcode="add(8) " fcode="add"/>
<opset="add_ln40/1 "/>
</bind>
</comp>

<comp id="264" class="1004" name="zext_ln40_fu_264">
<pin_list>
<pin id="265" dir="0" index="0" bw="11" slack="0"/>
<pin id="266" dir="1" index="1" bw="16" slack="0"/>
</pin_list>
<bind>
<opcode="zext(34) " fcode="zext"/>
<opset="zext_ln40/1 "/>
</bind>
</comp>

<comp id="268" class="1004" name="add_ln36_fu_268">
<pin_list>
<pin id="269" dir="0" index="0" bw="7" slack="0"/>
<pin id="270" dir="0" index="1" bw="1" slack="0"/>
<pin id="271" dir="1" index="2" bw="7" slack="0"/>
</pin_list>
<bind>
<opcode="add(8) " fcode="add"/>
<opset="add_ln36/1 "/>
</bind>
</comp>

<comp id="274" class="1004" name="add_ln35_1_fu_274">
<pin_list>
<pin id="275" dir="0" index="0" bw="12" slack="0"/>
<pin id="276" dir="0" index="1" bw="1" slack="0"/>
<pin id="277" dir="1" index="2" bw="12" slack="0"/>
</pin_list>
<bind>
<opcode="add(8) " fcode="add"/>
<opset="add_ln35_1/1 "/>
</bind>
</comp>

<comp id="280" class="1004" name="select_ln35_1_fu_280">
<pin_list>
<pin id="281" dir="0" index="0" bw="1" slack="0"/>
<pin id="282" dir="0" index="1" bw="1" slack="0"/>
<pin id="283" dir="0" index="2" bw="12" slack="0"/>
<pin id="284" dir="1" index="3" bw="12" slack="0"/>
</pin_list>
<bind>
<opcode="select(49) " fcode="select"/>
<opset="select_ln35_1/1 "/>
</bind>
</comp>

<comp id="288" class="1004" name="store_ln33_store_fu_288">
<pin_list>
<pin id="289" dir="0" index="0" bw="16" slack="0"/>
<pin id="290" dir="0" index="1" bw="16" slack="0"/>
<pin id="291" dir="1" index="2" bw="0" slack="2147483647"/>
</pin_list>
<bind>
<opcode="store(28) " fcode="store"/>
<opset="store_ln33/1 "/>
</bind>
</comp>

<comp id="293" class="1004" name="store_ln35_store_fu_293">
<pin_list>
<pin id="294" dir="0" index="0" bw="12" slack="0"/>
<pin id="295" dir="0" index="1" bw="12" slack="0"/>
<pin id="296" dir="1" index="2" bw="0" slack="2147483647"/>
</pin_list>
<bind>
<opcode="store(28) " fcode="store"/>
<opset="store_ln35/1 "/>
</bind>
</comp>

<comp id="298" class="1004" name="store_ln35_store_fu_298">
<pin_list>
<pin id="299" dir="0" index="0" bw="5" slack="0"/>
<pin id="300" dir="0" index="1" bw="5" slack="0"/>
<pin id="301" dir="1" index="2" bw="0" slack="2147483647"/>
</pin_list>
<bind>
<opcode="store(28) " fcode="store"/>
<opset="store_ln35/1 "/>
</bind>
</comp>

<comp id="303" class="1004" name="store_ln36_store_fu_303">
<pin_list>
<pin id="304" dir="0" index="0" bw="7" slack="0"/>
<pin id="305" dir="0" index="1" bw="7" slack="0"/>
<pin id="306" dir="1" index="2" bw="0" slack="2147483647"/>
</pin_list>
<bind>
<opcode="store(28) " fcode="store"/>
<opset="store_ln36/1 "/>
</bind>
</comp>

<comp id="308" class="1004" name="ib_load_load_fu_308">
<pin_list>
<pin id="309" dir="0" index="0" bw="6" slack="2"/>
<pin id="310" dir="1" index="1" bw="6" slack="0"/>
</pin_list>
<bind>
<opcode="load(27) " fcode="load"/>
<opset="ib_load/3 "/>
</bind>
</comp>

<comp id="311" class="1004" name="add_ln33_1_fu_311">
<pin_list>
<pin id="312" dir="0" index="0" bw="6" slack="0"/>
<pin id="313" dir="0" index="1" bw="1" slack="0"/>
<pin id="314" dir="1" index="2" bw="6" slack="0"/>
</pin_list>
<bind>
<opcode="add(8) " fcode="add"/>
<opset="add_ln33_1/3 "/>
</bind>
</comp>

<comp id="317" class="1004" name="select_ln33_1_fu_317">
<pin_list>
<pin id="318" dir="0" index="0" bw="1" slack="2"/>
<pin id="319" dir="0" index="1" bw="6" slack="0"/>
<pin id="320" dir="0" index="2" bw="6" slack="0"/>
<pin id="321" dir="1" index="3" bw="6" slack="0"/>
</pin_list>
<bind>
<opcode="select(49) " fcode="select"/>
<opset="select_ln33_1/3 "/>
</bind>
</comp>

<comp id="324" class="1004" name="zext_ln33_fu_324">
<pin_list>
<pin id="325" dir="0" index="0" bw="6" slack="0"/>
<pin id="326" dir="1" index="1" bw="16" slack="0"/>
</pin_list>
<bind>
<opcode="zext(34) " fcode="zext"/>
<opset="zext_ln33/3 "/>
</bind>
</comp>

<comp id="328" class="1004" name="store_ln33_store_fu_328">
<pin_list>
<pin id="329" dir="0" index="0" bw="6" slack="0"/>
<pin id="330" dir="0" index="1" bw="6" slack="2"/>
<pin id="331" dir="1" index="2" bw="0" slack="2147483647"/>
</pin_list>
<bind>
<opcode="store(28) " fcode="store"/>
<opset="store_ln33/3 "/>
</bind>
</comp>

<comp id="333" class="1004" name="shl_ln40_1_fu_333">
<pin_list>
<pin id="334" dir="0" index="0" bw="22" slack="0"/>
<pin id="335" dir="0" index="1" bw="16" slack="0"/>
<pin id="336" dir="0" index="2" bw="1" slack="0"/>
<pin id="337" dir="1" index="3" bw="22" slack="0"/>
</pin_list>
<bind>
<opcode="bitconcatenate(1004) " fcode="bitconcatenate"/>
<opset="shl_ln40_1/4 "/>
</bind>
</comp>

<comp id="340" class="1004" name="zext_ln40_1_fu_340">
<pin_list>
<pin id="341" dir="0" index="0" bw="22" slack="0"/>
<pin id="342" dir="1" index="1" bw="64" slack="0"/>
</pin_list>
<bind>
<opcode="zext(34) " fcode="zext"/>
<opset="zext_ln40_1/4 "/>
</bind>
</comp>

<comp id="344" class="1004" name="add_ln40_2_fu_344">
<pin_list>
<pin id="345" dir="0" index="0" bw="22" slack="0"/>
<pin id="346" dir="0" index="1" bw="64" slack="3"/>
<pin id="347" dir="1" index="2" bw="64" slack="0"/>
</pin_list>
<bind>
<opcode="add(8) " fcode="add"/>
<opset="add_ln40_2/4 "/>
</bind>
</comp>

<comp id="349" class="1004" name="trunc_ln39_s_fu_349">
<pin_list>
<pin id="350" dir="0" index="0" bw="58" slack="0"/>
<pin id="351" dir="0" index="1" bw="64" slack="0"/>
<pin id="352" dir="0" index="2" bw="4" slack="0"/>
<pin id="353" dir="0" index="3" bw="7" slack="0"/>
<pin id="354" dir="1" index="4" bw="58" slack="1"/>
</pin_list>
<bind>
<opcode="partselect(1002) " fcode="partselect"/>
<opset="trunc_ln39_s/4 "/>
</bind>
</comp>

<comp id="359" class="1004" name="sext_ln39_fu_359">
<pin_list>
<pin id="360" dir="0" index="0" bw="58" slack="1"/>
<pin id="361" dir="1" index="1" bw="64" slack="0"/>
</pin_list>
<bind>
<opcode="sext(35) " fcode="sext"/>
<opset="sext_ln39/5 "/>
</bind>
</comp>

<comp id="362" class="1004" name="gmem0_addr_fu_362">
<pin_list>
<pin id="363" dir="0" index="0" bw="512" slack="0"/>
<pin id="364" dir="0" index="1" bw="58" slack="0"/>
<pin id="365" dir="1" index="2" bw="512" slack="0"/>
</pin_list>
<bind>
<opcode="getelementptr(29) " fcode="getelementptr"/>
<opset="gmem0_addr/5 "/>
</bind>
</comp>

<comp id="369" class="1007" name="grp_fu_369">
<pin_list>
<pin id="370" dir="0" index="0" bw="11" slack="0"/>
<pin id="371" dir="0" index="1" bw="6" slack="0"/>
<pin id="372" dir="0" index="2" bw="6" slack="0"/>
<pin id="373" dir="1" index="3" bw="16" slack="0"/>
</pin_list>
<bind>
<opcode="muladd(1172) " fcode="muladd"/>
<opset="mul_ln40/1 add_ln40_1/3 "/>
</bind>
</comp>

<comp id="378" class="1005" name="k_reg_378">
<pin_list>
<pin id="379" dir="0" index="0" bw="7" slack="0"/>
<pin id="380" dir="1" index="1" bw="7" slack="0"/>
</pin_list>
<bind>
<opset="k "/>
</bind>
</comp>

<comp id="385" class="1005" name="kb_reg_385">
<pin_list>
<pin id="386" dir="0" index="0" bw="5" slack="0"/>
<pin id="387" dir="1" index="1" bw="5" slack="0"/>
</pin_list>
<bind>
<opset="kb "/>
</bind>
</comp>

<comp id="392" class="1005" name="indvar_flatten_reg_392">
<pin_list>
<pin id="393" dir="0" index="0" bw="12" slack="0"/>
<pin id="394" dir="1" index="1" bw="12" slack="0"/>
</pin_list>
<bind>
<opset="indvar_flatten "/>
</bind>
</comp>

<comp id="399" class="1005" name="ib_reg_399">
<pin_list>
<pin id="400" dir="0" index="0" bw="6" slack="0"/>
<pin id="401" dir="1" index="1" bw="6" slack="0"/>
</pin_list>
<bind>
<opset="ib "/>
</bind>
</comp>

<comp id="406" class="1005" name="indvar_flatten12_reg_406">
<pin_list>
<pin id="407" dir="0" index="0" bw="16" slack="0"/>
<pin id="408" dir="1" index="1" bw="16" slack="0"/>
</pin_list>
<bind>
<opset="indvar_flatten12 "/>
</bind>
</comp>

<comp id="413" class="1005" name="X_read_reg_413">
<pin_list>
<pin id="414" dir="0" index="0" bw="64" slack="3"/>
<pin id="415" dir="1" index="1" bw="64" slack="3"/>
</pin_list>
<bind>
<opset="X_read "/>
</bind>
</comp>

<comp id="418" class="1005" name="icmp_ln33_reg_418">
<pin_list>
<pin id="419" dir="0" index="0" bw="1" slack="12"/>
<pin id="420" dir="1" index="1" bw="1" slack="2147483647"/>
</pin_list>
<bind>
<opset="icmp_ln33 "/>
</bind>
</comp>

<comp id="422" class="1005" name="icmp_ln35_reg_422">
<pin_list>
<pin id="423" dir="0" index="0" bw="1" slack="2"/>
<pin id="424" dir="1" index="1" bw="1" slack="2"/>
</pin_list>
<bind>
<opset="icmp_ln35 "/>
</bind>
</comp>

<comp id="427" class="1005" name="zext_ln40_reg_427">
<pin_list>
<pin id="428" dir="0" index="0" bw="16" slack="1"/>
<pin id="429" dir="1" index="1" bw="16" slack="1"/>
</pin_list>
<bind>
<opset="zext_ln40 "/>
</bind>
</comp>

<comp id="432" class="1005" name="zext_ln33_reg_432">
<pin_list>
<pin id="433" dir="0" index="0" bw="16" slack="1"/>
<pin id="434" dir="1" index="1" bw="16" slack="1"/>
</pin_list>
<bind>
<opset="zext_ln33 "/>
</bind>
</comp>

<comp id="437" class="1005" name="trunc_ln39_s_reg_437">
<pin_list>
<pin id="438" dir="0" index="0" bw="58" slack="1"/>
<pin id="439" dir="1" index="1" bw="58" slack="1"/>
</pin_list>
<bind>
<opset="trunc_ln39_s "/>
</bind>
</comp>

<comp id="442" class="1005" name="gmem0_addr_reg_442">
<pin_list>
<pin id="443" dir="0" index="0" bw="512" slack="1"/>
<pin id="444" dir="1" index="1" bw="512" slack="1"/>
</pin_list>
<bind>
<opset="gmem0_addr "/>
</bind>
</comp>

<comp id="448" class="1005" name="gmem0_addr_read_reg_448">
<pin_list>
<pin id="449" dir="0" index="0" bw="512" slack="1"/>
<pin id="450" dir="1" index="1" bw="512" slack="1"/>
</pin_list>
<bind>
<opset="gmem0_addr_read "/>
</bind>
</comp>

</comp_list>

<net_list>
<net id="95"><net_src comp="6" pin="0"/><net_sink comp="92" pin=0"/></net>

<net id="99"><net_src comp="6" pin="0"/><net_sink comp="96" pin=0"/></net>

<net id="103"><net_src comp="6" pin="0"/><net_sink comp="100" pin=0"/></net>

<net id="107"><net_src comp="6" pin="0"/><net_sink comp="104" pin=0"/></net>

<net id="111"><net_src comp="6" pin="0"/><net_sink comp="108" pin=0"/></net>

<net id="116"><net_src comp="34" pin="0"/><net_sink comp="112" pin=0"/></net>

<net id="117"><net_src comp="2" pin="0"/><net_sink comp="112" pin=1"/></net>

<net id="123"><net_src comp="90" pin="0"/><net_sink comp="118" pin=0"/></net>

<net id="124"><net_src comp="4" pin="0"/><net_sink comp="118" pin=1"/></net>

<net id="130"><net_src comp="74" pin="0"/><net_sink comp="125" pin=0"/></net>

<net id="131"><net_src comp="76" pin="0"/><net_sink comp="125" pin=2"/></net>

<net id="136"><net_src comp="78" pin="0"/><net_sink comp="132" pin=0"/></net>

<net id="141"><net_src comp="36" pin="0"/><net_sink comp="137" pin=0"/></net>

<net id="146"><net_src comp="38" pin="0"/><net_sink comp="142" pin=0"/></net>

<net id="151"><net_src comp="40" pin="0"/><net_sink comp="147" pin=0"/></net>

<net id="156"><net_src comp="42" pin="0"/><net_sink comp="152" pin=0"/></net>

<net id="161"><net_src comp="44" pin="0"/><net_sink comp="157" pin=0"/></net>

<net id="169"><net_src comp="162" pin="1"/><net_sink comp="165" pin=0"/></net>

<net id="170"><net_src comp="46" pin="0"/><net_sink comp="165" pin=1"/></net>

<net id="175"><net_src comp="162" pin="1"/><net_sink comp="171" pin=0"/></net>

<net id="176"><net_src comp="48" pin="0"/><net_sink comp="171" pin=1"/></net>

<net id="190"><net_src comp="183" pin="1"/><net_sink comp="186" pin=0"/></net>

<net id="191"><net_src comp="50" pin="0"/><net_sink comp="186" pin=1"/></net>

<net id="197"><net_src comp="186" pin="2"/><net_sink comp="192" pin=0"/></net>

<net id="198"><net_src comp="42" pin="0"/><net_sink comp="192" pin=1"/></net>

<net id="199"><net_src comp="180" pin="1"/><net_sink comp="192" pin=2"/></net>

<net id="204"><net_src comp="186" pin="2"/><net_sink comp="200" pin=0"/></net>

<net id="205"><net_src comp="10" pin="0"/><net_sink comp="200" pin=1"/></net>

<net id="210"><net_src comp="177" pin="1"/><net_sink comp="206" pin=0"/></net>

<net id="211"><net_src comp="52" pin="0"/><net_sink comp="206" pin=1"/></net>

<net id="216"><net_src comp="206" pin="2"/><net_sink comp="212" pin=0"/></net>

<net id="217"><net_src comp="200" pin="2"/><net_sink comp="212" pin=1"/></net>

<net id="222"><net_src comp="192" pin="3"/><net_sink comp="218" pin=0"/></net>

<net id="223"><net_src comp="54" pin="0"/><net_sink comp="218" pin=1"/></net>

<net id="228"><net_src comp="212" pin="2"/><net_sink comp="224" pin=0"/></net>

<net id="229"><net_src comp="186" pin="2"/><net_sink comp="224" pin=1"/></net>

<net id="235"><net_src comp="224" pin="2"/><net_sink comp="230" pin=0"/></net>

<net id="236"><net_src comp="44" pin="0"/><net_sink comp="230" pin=1"/></net>

<net id="237"><net_src comp="177" pin="1"/><net_sink comp="230" pin=2"/></net>

<net id="243"><net_src comp="212" pin="2"/><net_sink comp="238" pin=0"/></net>

<net id="244"><net_src comp="218" pin="2"/><net_sink comp="238" pin=1"/></net>

<net id="245"><net_src comp="192" pin="3"/><net_sink comp="238" pin=2"/></net>

<net id="251"><net_src comp="56" pin="0"/><net_sink comp="246" pin=0"/></net>

<net id="252"><net_src comp="238" pin="3"/><net_sink comp="246" pin=1"/></net>

<net id="253"><net_src comp="38" pin="0"/><net_sink comp="246" pin=2"/></net>

<net id="257"><net_src comp="230" pin="3"/><net_sink comp="254" pin=0"/></net>

<net id="262"><net_src comp="246" pin="3"/><net_sink comp="258" pin=0"/></net>

<net id="263"><net_src comp="254" pin="1"/><net_sink comp="258" pin=1"/></net>

<net id="267"><net_src comp="258" pin="2"/><net_sink comp="264" pin=0"/></net>

<net id="272"><net_src comp="230" pin="3"/><net_sink comp="268" pin=0"/></net>

<net id="273"><net_src comp="60" pin="0"/><net_sink comp="268" pin=1"/></net>

<net id="278"><net_src comp="183" pin="1"/><net_sink comp="274" pin=0"/></net>

<net id="279"><net_src comp="62" pin="0"/><net_sink comp="274" pin=1"/></net>

<net id="285"><net_src comp="186" pin="2"/><net_sink comp="280" pin=0"/></net>

<net id="286"><net_src comp="62" pin="0"/><net_sink comp="280" pin=1"/></net>

<net id="287"><net_src comp="274" pin="2"/><net_sink comp="280" pin=2"/></net>

<net id="292"><net_src comp="171" pin="2"/><net_sink comp="288" pin=0"/></net>

<net id="297"><net_src comp="280" pin="3"/><net_sink comp="293" pin=0"/></net>

<net id="302"><net_src comp="238" pin="3"/><net_sink comp="298" pin=0"/></net>

<net id="307"><net_src comp="268" pin="2"/><net_sink comp="303" pin=0"/></net>

<net id="315"><net_src comp="308" pin="1"/><net_sink comp="311" pin=0"/></net>

<net id="316"><net_src comp="64" pin="0"/><net_sink comp="311" pin=1"/></net>

<net id="322"><net_src comp="311" pin="2"/><net_sink comp="317" pin=1"/></net>

<net id="323"><net_src comp="308" pin="1"/><net_sink comp="317" pin=2"/></net>

<net id="327"><net_src comp="317" pin="3"/><net_sink comp="324" pin=0"/></net>

<net id="332"><net_src comp="317" pin="3"/><net_sink comp="328" pin=0"/></net>

<net id="338"><net_src comp="66" pin="0"/><net_sink comp="333" pin=0"/></net>

<net id="339"><net_src comp="38" pin="0"/><net_sink comp="333" pin=2"/></net>

<net id="343"><net_src comp="333" pin="3"/><net_sink comp="340" pin=0"/></net>

<net id="348"><net_src comp="340" pin="1"/><net_sink comp="344" pin=0"/></net>

<net id="355"><net_src comp="68" pin="0"/><net_sink comp="349" pin=0"/></net>

<net id="356"><net_src comp="344" pin="2"/><net_sink comp="349" pin=1"/></net>

<net id="357"><net_src comp="70" pin="0"/><net_sink comp="349" pin=2"/></net>

<net id="358"><net_src comp="72" pin="0"/><net_sink comp="349" pin=3"/></net>

<net id="366"><net_src comp="0" pin="0"/><net_sink comp="362" pin=0"/></net>

<net id="367"><net_src comp="359" pin="1"/><net_sink comp="362" pin=1"/></net>

<net id="368"><net_src comp="362" pin="2"/><net_sink comp="125" pin=1"/></net>

<net id="374"><net_src comp="264" pin="1"/><net_sink comp="369" pin=0"/></net>

<net id="375"><net_src comp="58" pin="0"/><net_sink comp="369" pin=1"/></net>

<net id="376"><net_src comp="324" pin="1"/><net_sink comp="369" pin=2"/></net>

<net id="377"><net_src comp="369" pin="3"/><net_sink comp="333" pin=1"/></net>

<net id="381"><net_src comp="92" pin="1"/><net_sink comp="378" pin=0"/></net>

<net id="382"><net_src comp="378" pin="1"/><net_sink comp="157" pin=1"/></net>

<net id="383"><net_src comp="378" pin="1"/><net_sink comp="177" pin=0"/></net>

<net id="384"><net_src comp="378" pin="1"/><net_sink comp="303" pin=1"/></net>

<net id="388"><net_src comp="96" pin="1"/><net_sink comp="385" pin=0"/></net>

<net id="389"><net_src comp="385" pin="1"/><net_sink comp="152" pin=1"/></net>

<net id="390"><net_src comp="385" pin="1"/><net_sink comp="180" pin=0"/></net>

<net id="391"><net_src comp="385" pin="1"/><net_sink comp="298" pin=1"/></net>

<net id="395"><net_src comp="100" pin="1"/><net_sink comp="392" pin=0"/></net>

<net id="396"><net_src comp="392" pin="1"/><net_sink comp="147" pin=1"/></net>

<net id="397"><net_src comp="392" pin="1"/><net_sink comp="183" pin=0"/></net>

<net id="398"><net_src comp="392" pin="1"/><net_sink comp="293" pin=1"/></net>

<net id="402"><net_src comp="104" pin="1"/><net_sink comp="399" pin=0"/></net>

<net id="403"><net_src comp="399" pin="1"/><net_sink comp="142" pin=1"/></net>

<net id="404"><net_src comp="399" pin="1"/><net_sink comp="308" pin=0"/></net>

<net id="405"><net_src comp="399" pin="1"/><net_sink comp="328" pin=1"/></net>

<net id="409"><net_src comp="108" pin="1"/><net_sink comp="406" pin=0"/></net>

<net id="410"><net_src comp="406" pin="1"/><net_sink comp="137" pin=1"/></net>

<net id="411"><net_src comp="406" pin="1"/><net_sink comp="162" pin=0"/></net>

<net id="412"><net_src comp="406" pin="1"/><net_sink comp="288" pin=1"/></net>

<net id="416"><net_src comp="112" pin="2"/><net_sink comp="413" pin=0"/></net>

<net id="417"><net_src comp="413" pin="1"/><net_sink comp="344" pin=1"/></net>

<net id="421"><net_src comp="165" pin="2"/><net_sink comp="418" pin=0"/></net>

<net id="425"><net_src comp="186" pin="2"/><net_sink comp="422" pin=0"/></net>

<net id="426"><net_src comp="422" pin="1"/><net_sink comp="317" pin=0"/></net>

<net id="430"><net_src comp="264" pin="1"/><net_sink comp="427" pin=0"/></net>

<net id="431"><net_src comp="427" pin="1"/><net_sink comp="369" pin=0"/></net>

<net id="435"><net_src comp="324" pin="1"/><net_sink comp="432" pin=0"/></net>

<net id="436"><net_src comp="432" pin="1"/><net_sink comp="369" pin=1"/></net>

<net id="440"><net_src comp="349" pin="4"/><net_sink comp="437" pin=0"/></net>

<net id="441"><net_src comp="437" pin="1"/><net_sink comp="359" pin=0"/></net>

<net id="445"><net_src comp="362" pin="2"/><net_sink comp="442" pin=0"/></net>

<net id="446"><net_src comp="442" pin="1"/><net_sink comp="125" pin=1"/></net>

<net id="447"><net_src comp="442" pin="1"/><net_sink comp="132" pin=1"/></net>

<net id="451"><net_src comp="132" pin="2"/><net_sink comp="448" pin=0"/></net>

<net id="452"><net_src comp="448" pin="1"/><net_sink comp="118" pin=2"/></net>

</net_list>

</model> 
---------------- Datapath Model END ------------------

* FSMD analyzer results:
  - Output states:
	Port: X_stream | {14 }
 - Input state : 
	Port: gemm_read_X : gmem0 | {5 6 7 8 9 10 11 12 13 }
	Port: gemm_read_X : X | {1 }
  - Chain level:
	State 1
		store_ln0 : 1
		store_ln33 : 1
		store_ln0 : 1
		store_ln35 : 1
		store_ln36 : 1
		indvar_flatten12_load : 1
		icmp_ln33 : 2
		add_ln33 : 2
		br_ln33 : 3
		k_load : 1
		kb_load : 1
		indvar_flatten_load : 1
		icmp_ln35 : 2
		select_ln33 : 3
		xor_ln33 : 3
		icmp_ln36 : 2
		and_ln33 : 3
		add_ln35 : 4
		empty : 3
		k_mid2 : 3
		select_ln35 : 3
		shl_ln : 4
		zext_ln36 : 4
		add_ln40 : 5
		zext_ln40 : 6
		mul_ln40 : 7
		add_ln36 : 4
		add_ln35_1 : 2
		select_ln35_1 : 3
		store_ln33 : 3
		store_ln35 : 4
		store_ln35 : 4
		store_ln36 : 5
	State 2
	State 3
		add_ln33_1 : 1
		select_ln33_1 : 2
		zext_ln33 : 3
		add_ln40_1 : 4
		store_ln33 : 3
	State 4
		shl_ln40_1 : 1
		zext_ln40_1 : 2
		add_ln40_2 : 3
		trunc_ln39_s : 4
	State 5
		gmem0_addr : 1
		gmem0_load_req : 2
	State 6
	State 7
	State 8
	State 9
	State 10
	State 11
	State 12
	State 13
	State 14


============================================================
+ Verbose Summary: Datapath Resource usage 
============================================================

* Functional unit list:
|----------|-----------------------------|---------|---------|---------|
| Operation|       Functional Unit       |   DSP   |    FF   |   LUT   |
|----------|-----------------------------|---------|---------|---------|
|          |       add_ln33_fu_171       |    0    |    0    |    23   |
|          |       add_ln35_fu_218       |    0    |    0    |    12   |
|          |       add_ln40_fu_258       |    0    |    0    |    18   |
|    add   |       add_ln36_fu_268       |    0    |    0    |    14   |
|          |      add_ln35_1_fu_274      |    0    |    0    |    19   |
|          |      add_ln33_1_fu_311      |    0    |    0    |    13   |
|          |      add_ln40_2_fu_344      |    0    |    0    |    71   |
|----------|-----------------------------|---------|---------|---------|
|          |       icmp_ln33_fu_165      |    0    |    0    |    23   |
|   icmp   |       icmp_ln35_fu_186      |    0    |    0    |    19   |
|          |       icmp_ln36_fu_206      |    0    |    0    |    14   |
|----------|-----------------------------|---------|---------|---------|
|          |      select_ln33_fu_192     |    0    |    0    |    5    |
|          |        k_mid2_fu_230        |    0    |    0    |    7    |
|  select  |      select_ln35_fu_238     |    0    |    0    |    5    |
|          |     select_ln35_1_fu_280    |    0    |    0    |    11   |
|          |     select_ln33_1_fu_317    |    0    |    0    |    6    |
|----------|-----------------------------|---------|---------|---------|
|    xor   |       xor_ln33_fu_200       |    0    |    0    |    2    |
|----------|-----------------------------|---------|---------|---------|
|    and   |       and_ln33_fu_212       |    0    |    0    |    2    |
|----------|-----------------------------|---------|---------|---------|
|    or    |         empty_fu_224        |    0    |    0    |    2    |
|----------|-----------------------------|---------|---------|---------|
|  muladd  |          grp_fu_369         |    1    |    0    |    0    |
|----------|-----------------------------|---------|---------|---------|
|   read   |      X_read_read_fu_112     |    0    |    0    |    0    |
|          | gmem0_addr_read_read_fu_132 |    0    |    0    |    0    |
|----------|-----------------------------|---------|---------|---------|
|   write  |   write_ln39_write_fu_118   |    0    |    0    |    0    |
|----------|-----------------------------|---------|---------|---------|
|  readreq |      grp_readreq_fu_125     |    0    |    0    |    0    |
|----------|-----------------------------|---------|---------|---------|
|bitconcatenate|        shl_ln_fu_246        |    0    |    0    |    0    |
|          |      shl_ln40_1_fu_333      |    0    |    0    |    0    |
|----------|-----------------------------|---------|---------|---------|
|          |       zext_ln36_fu_254      |    0    |    0    |    0    |
|   zext   |       zext_ln40_fu_264      |    0    |    0    |    0    |
|          |       zext_ln33_fu_324      |    0    |    0    |    0    |
|          |      zext_ln40_1_fu_340     |    0    |    0    |    0    |
|----------|-----------------------------|---------|---------|---------|
|partselect|     trunc_ln39_s_fu_349     |    0    |    0    |    0    |
|----------|-----------------------------|---------|---------|---------|
|   sext   |       sext_ln39_fu_359      |    0    |    0    |    0    |
|----------|-----------------------------|---------|---------|---------|
|   Total  |                             |    1    |    0    |   266   |
|----------|-----------------------------|---------|---------|---------|

Memories:
N/A

* Register list:
+------------------------+--------+
|                        |   FF   |
+------------------------+--------+
|     X_read_reg_413     |   64   |
| gmem0_addr_read_reg_448|   512  |
|   gmem0_addr_reg_442   |   512  |
|       ib_reg_399       |    6   |
|    icmp_ln33_reg_418   |    1   |
|    icmp_ln35_reg_422   |    1   |
|indvar_flatten12_reg_406|   16   |
| indvar_flatten_reg_392 |   12   |
|        k_reg_378       |    7   |
|       kb_reg_385       |    5   |
|  trunc_ln39_s_reg_437  |   58   |
|    zext_ln33_reg_432   |   16   |
|    zext_ln40_reg_427   |   16   |
+------------------------+--------+
|          Total         |  1226  |
+------------------------+--------+

* Multiplexer (MUX) list: 
|--------------------|------|------|------|--------||---------||---------||---------|
|        Comp        |  Pin | Size |  BW  | S x BW ||  Delay  ||    FF   ||   LUT   |
|--------------------|------|------|------|--------||---------||---------||---------|
| grp_readreq_fu_125 |  p1  |   2  |  512 |  1024  ||    0    ||    9    |
|     grp_fu_369     |  p0  |   2  |  11  |   22   ||    0    ||    9    |
|     grp_fu_369     |  p1  |   2  |   6  |   12   ||    0    ||    9    |
|--------------------|------|------|------|--------||---------||---------||---------|
|        Total       |      |      |      |  1058  ||  1.281  ||    0    ||    27   |
|--------------------|------|------|------|--------||---------||---------||---------|



* Summary:
+-----------+--------+--------+--------+--------+
|           |   DSP  |  Delay |   FF   |   LUT  |
+-----------+--------+--------+--------+--------+
|  Function |    1   |    -   |    0   |   266  |
|   Memory  |    -   |    -   |    -   |    -   |
|Multiplexer|    -   |    1   |    0   |   27   |
|  Register |    -   |    -   |  1226  |    -   |
+-----------+--------+--------+--------+--------+
|   Total   |    1   |    1   |  1226  |   293  |
+-----------+--------+--------+--------+--------+
