

================================================================
== Vitis HLS Report for 'gemm_read_W'
================================================================
* Date:           Thu Apr 16 10:08:39 2026

* Version:        2025.2 (Build 6295257 on Nov 14 2025)
* Project:        integrated_gcn_approx
* Solution:       hls (Vivado IP Flow Target)
* Product family: zynquplus
* Target device:  xck26-sfvc784-2LV-c


================================================================
== Performance Estimates
================================================================
+ Timing: 
    * Summary: 
    +--------+----------+----------+------------+
    |  Clock |  Target  | Estimated| Uncertainty|
    +--------+----------+----------+------------+
    |ap_clk  |  10.00 ns|  7.300 ns|     2.70 ns|
    +--------+----------+----------+------------+

+ Latency: 
    * Summary: 
    +---------+---------+----------+----------+-------+-------+------------------------------------------------+
    |  Latency (cycles) |  Latency (absolute) |    Interval   |                    Pipeline                    |
    |   min   |   max   |    min   |    max   |  min  |  max  |                      Type                      |
    +---------+---------+----------+----------+-------+-------+------------------------------------------------+
    |    63307|    63307|  0.633 ms|  0.633 ms|  63297|  63297|  loop auto-rewind stp (delay=0 clock cycles(s))|
    +---------+---------+----------+----------+-------+-------+------------------------------------------------+

    + Detail: 
        * Instance: 
        N/A

        * Loop: 
        +---------------------------------------------------+---------+---------+----------+-----------+-----------+-------+----------+
        |                                                   |  Latency (cycles) | Iteration|  Initiation Interval  |  Trip |          |
        |                     Loop Name                     |   min   |   max   |  Latency |  achieved |   target  | Count | Pipelined|
        +---------------------------------------------------+---------+---------+----------+-----------+-----------+-------+----------+
        |- VITIS_LOOP_53_1_VITIS_LOOP_55_3_VITIS_LOOP_56_4  |    63305|    63305|        11|          1|          1|  63296|       yes|
        +---------------------------------------------------+---------+---------+----------+-----------+-----------+-------+----------+

============================================================
+ Verbose Summary: Synthesis Manager
============================================================
InlineROM: 1
ExposeGlobal: 0
============================================================
+ Verbose Summary: CDFG Model
============================================================
IsTopModel: 0
ResetActiveHigh: 1
IsCombinational: 2
IsDatapathOnly: 0
HasWiredReturn: 1
HasMFsm: 2
HasVarLatency: 1
IsPipeline: 0
IsRtlPipelined: 0
IsInstanceOverlapped: 0
IsDontTouch: 0
HasImplIP: 0
IsGatedGlobalClock: 0

+ Individual pipeline summary: 
  * Pipeline-0: initiation interval (II) = 1, depth = 11


============================================================
+ Verbose Summary: Schedule
============================================================
* Number of FSM states : 11
* Pipeline : 1
  Pipeline-0 : II = 1, D = 11, States = { 1 2 3 4 5 6 7 8 9 10 11 }
* Dataflow Pipeline: 0

* FSM state transitions: 
1 --> 2 
2 --> 3 
3 --> 4 
4 --> 5 
5 --> 6 
6 --> 7 
7 --> 8 
8 --> 9 
9 --> 10 
10 --> 11 
11 --> 

* FSM state operations: 

State 1 <SV = 0> <Delay = 2.31>
ST_1 : Operation 14 [1/1] (0.00ns)   --->   "%k = alloca i32 1" [src/integrated-gcn/integrated_gcn_approx.cpp:56]   --->   Operation 14 'alloca' 'k' <Predicate = true> <Delay = 0.00>
ST_1 : Operation 15 [1/1] (0.00ns)   --->   "%indvar_flatten = alloca i32 1"   --->   Operation 15 'alloca' 'indvar_flatten' <Predicate = true> <Delay = 0.00>
ST_1 : Operation 16 [1/1] (0.00ns)   --->   "%indvar_flatten12 = alloca i32 1"   --->   Operation 16 'alloca' 'indvar_flatten12' <Predicate = true> <Delay = 0.00>
ST_1 : Operation 17 [1/1] (0.00ns)   --->   "%specstablecontent_ln0 = specstablecontent void @_ssdm_op_SpecStableContent, i64 %W, i1 1, void @p_str"   --->   Operation 17 'specstablecontent' 'specstablecontent_ln0' <Predicate = true> <Delay = 0.00>
ST_1 : Operation 18 [1/1] (0.00ns)   --->   "%specstablecontent_ln0 = specstablecontent void @_ssdm_op_SpecStableContent, i512 %gmem1, i1 1, void @p_str"   --->   Operation 18 'specstablecontent' 'specstablecontent_ln0' <Predicate = true> <Delay = 0.00>
ST_1 : Operation 19 [1/1] (0.00ns)   --->   "%specinterface_ln0 = specinterface void @_ssdm_op_SpecInterface, i512 %W_stream, void @empty_6, i32 0, i32 0, void @empty_20, i32 0, i32 0, void @empty_20, void @empty_20, void @empty_20, i32 0, i32 0, i32 0, i32 0, void @empty_20, void @empty_20, i32 4294967295, i32 0, i32 0, i32 0"   --->   Operation 19 'specinterface' 'specinterface_ln0' <Predicate = true> <Delay = 0.00>
ST_1 : Operation 20 [1/1] (0.00ns)   --->   "%specinterface_ln0 = specinterface void @_ssdm_op_SpecInterface, i512 %gmem1, void @empty_29, i32 0, i32 0, void @empty_20, i32 0, i32 0, void @empty, void @empty_9, void @empty_20, i32 16, i32 16, i32 16, i32 16, void @empty_20, void @empty_20, i32 4294967295, i32 0, i32 0, i32 64"   --->   Operation 20 'specinterface' 'specinterface_ln0' <Predicate = true> <Delay = 0.00>
ST_1 : Operation 21 [1/1] (0.00ns)   --->   "%W_read = read i64 @_ssdm_op_Read.ap_auto.i64, i64 %W" [src/integrated-gcn/integrated_gcn_approx.cpp:50]   --->   Operation 21 'read' 'W_read' <Predicate = true> <Delay = 0.00>
ST_1 : Operation 22 [1/1] (0.00ns)   --->   "%trunc_ln = partselect i58 @_ssdm_op_PartSelect.i58.i64.i32.i32, i64 %W_read, i32 6, i32 63" [src/integrated-gcn/integrated_gcn_approx.cpp:55]   --->   Operation 22 'partselect' 'trunc_ln' <Predicate = true> <Delay = 0.00>
ST_1 : Operation 23 [1/1] (0.00ns)   --->   "%sext_ln55 = sext i58 %trunc_ln" [src/integrated-gcn/integrated_gcn_approx.cpp:55]   --->   Operation 23 'sext' 'sext_ln55' <Predicate = true> <Delay = 0.00>
ST_1 : Operation 24 [1/1] (0.00ns)   --->   "%gmem1_addr = getelementptr i512 %gmem1, i64 %sext_ln55" [src/integrated-gcn/integrated_gcn_approx.cpp:55]   --->   Operation 24 'getelementptr' 'gmem1_addr' <Predicate = true> <Delay = 0.00>
ST_1 : Operation 25 [1/1] (0.42ns)   --->   "%store_ln0 = store i16 0, i16 %indvar_flatten12"   --->   Operation 25 'store' 'store_ln0' <Predicate = true> <Delay = 0.42>
ST_1 : Operation 26 [1/1] (0.42ns)   --->   "%store_ln0 = store i12 0, i12 %indvar_flatten"   --->   Operation 26 'store' 'store_ln0' <Predicate = true> <Delay = 0.42>
ST_1 : Operation 27 [1/1] (0.42ns)   --->   "%store_ln56 = store i7 0, i7 %k" [src/integrated-gcn/integrated_gcn_approx.cpp:56]   --->   Operation 27 'store' 'store_ln56' <Predicate = true> <Delay = 0.42>
ST_1 : Operation 28 [1/1] (0.42ns)   --->   "%br_ln53 = br void %VITIS_LOOP_57_5" [src/integrated-gcn/integrated_gcn_approx.cpp:53]   --->   Operation 28 'br' 'br_ln53' <Predicate = true> <Delay = 0.42>
ST_1 : Operation 29 [1/1] (0.00ns)   --->   "%first_iter_1 = phi i1 1, void %entry, i1 %or_ln55_1, void %VITIS_LOOP_57_5.split" [src/integrated-gcn/integrated_gcn_approx.cpp:55]   --->   Operation 29 'phi' 'first_iter_1' <Predicate = true> <Delay = 0.00>
ST_1 : Operation 30 [1/1] (0.00ns)   --->   "%first_iter_0 = phi i1 1, void %entry, i1 0, void %VITIS_LOOP_57_5.split"   --->   Operation 30 'phi' 'first_iter_0' <Predicate = true> <Delay = 0.00>
ST_1 : Operation 31 [1/1] (0.00ns)   --->   "%k_1 = load i7 %k" [src/integrated-gcn/integrated_gcn_approx.cpp:56]   --->   Operation 31 'load' 'k_1' <Predicate = true> <Delay = 0.00>
ST_1 : Operation 32 [1/1] (0.00ns)   --->   "%indvar_flatten_load = load i12 %indvar_flatten" [src/integrated-gcn/integrated_gcn_approx.cpp:55]   --->   Operation 32 'load' 'indvar_flatten_load' <Predicate = true> <Delay = 0.00>
ST_1 : Operation 33 [1/1] (0.00ns)   --->   "%indvar_flatten12_load = load i16 %indvar_flatten12" [src/integrated-gcn/integrated_gcn_approx.cpp:53]   --->   Operation 33 'load' 'indvar_flatten12_load' <Predicate = true> <Delay = 0.00>
ST_1 : Operation 34 [1/1] (0.85ns)   --->   "%icmp_ln53 = icmp_eq  i16 %indvar_flatten12_load, i16 63296" [src/integrated-gcn/integrated_gcn_approx.cpp:53]   --->   Operation 34 'icmp' 'icmp_ln53' <Predicate = true> <Delay = 0.85> <CoreInst = "Cmp">   --->   Core 9 'Cmp' <Latency = 0> <II = 1> <Delay = 0.85> <FuncUnit> <Opcode : 'seteq' 'setne' 'setle' 'setge' 'setlt' 'setgt'> <InPorts = 2> <OutPorts = 1>
ST_1 : Operation 35 [1/1] (0.85ns)   --->   "%add_ln53 = add i16 %indvar_flatten12_load, i16 1" [src/integrated-gcn/integrated_gcn_approx.cpp:53]   --->   Operation 35 'add' 'add_ln53' <Predicate = true> <Delay = 0.85> <CoreInst = "Adder">   --->   Core 1 'Adder' <Latency = 0> <II = 1> <Delay = 0.85> <FuncUnit> <Opcode : 'add' 'sub'> <InPorts = 2> <OutPorts = 1>
ST_1 : Operation 36 [1/1] (0.00ns)   --->   "%br_ln53 = br i1 %icmp_ln53, void %for.inc30, void %for.end32" [src/integrated-gcn/integrated_gcn_approx.cpp:53]   --->   Operation 36 'br' 'br_ln53' <Predicate = true> <Delay = 0.00>
ST_1 : Operation 37 [1/1] (0.00ns)   --->   "%specloopname_ln0 = specloopname void @_ssdm_op_SpecLoopName, void @VITIS_LOOP_53_1_VITIS_LOOP_55_3_VITIS_LOOP_56_4_str"   --->   Operation 37 'specloopname' 'specloopname_ln0' <Predicate = (!icmp_ln53)> <Delay = 0.00>
ST_1 : Operation 38 [1/1] (0.00ns)   --->   "%speclooptripcount_ln0 = speclooptripcount void @_ssdm_op_SpecLoopTripCount, i64 63296, i64 63296, i64 63296"   --->   Operation 38 'speclooptripcount' 'speclooptripcount_ln0' <Predicate = (!icmp_ln53)> <Delay = 0.00>
ST_1 : Operation 39 [1/1] (0.80ns)   --->   "%icmp_ln55 = icmp_eq  i12 %indvar_flatten_load, i12 1472" [src/integrated-gcn/integrated_gcn_approx.cpp:55]   --->   Operation 39 'icmp' 'icmp_ln55' <Predicate = (!icmp_ln53)> <Delay = 0.80> <CoreInst = "Cmp">   --->   Core 9 'Cmp' <Latency = 0> <II = 1> <Delay = 0.80> <FuncUnit> <Opcode : 'seteq' 'setne' 'setle' 'setge' 'setlt' 'setgt'> <InPorts = 2> <OutPorts = 1>
ST_1 : Operation 40 [1/1] (0.00ns) (grouped into LUT with out node or_ln55)   --->   "%or_ln53 = or i1 %icmp_ln55, i1 %first_iter_0" [src/integrated-gcn/integrated_gcn_approx.cpp:53]   --->   Operation 40 'or' 'or_ln53' <Predicate = (!icmp_ln53)> <Delay = 0.00> <CoreInst = "LogicGate">   --->   Core 74 'LogicGate' <Latency = 0> <II = 1> <Delay = 0.28> <FuncUnit> <Opcode : 'and' 'or' 'xor'> <InPorts = 2> <OutPorts = 1>
ST_1 : Operation 41 [1/1] (0.00ns) (grouped into LUT with out node and_ln53)   --->   "%xor_ln53 = xor i1 %icmp_ln55, i1 1" [src/integrated-gcn/integrated_gcn_approx.cpp:53]   --->   Operation 41 'xor' 'xor_ln53' <Predicate = (!icmp_ln53)> <Delay = 0.00> <CoreInst = "LogicGate">   --->   Core 74 'LogicGate' <Latency = 0> <II = 1> <Delay = 0.28> <FuncUnit> <Opcode : 'and' 'or' 'xor'> <InPorts = 2> <OutPorts = 1>
ST_1 : Operation 42 [1/1] (0.77ns)   --->   "%icmp_ln56 = icmp_eq  i7 %k_1, i7 64" [src/integrated-gcn/integrated_gcn_approx.cpp:56]   --->   Operation 42 'icmp' 'icmp_ln56' <Predicate = (!icmp_ln53)> <Delay = 0.77> <CoreInst = "Cmp">   --->   Core 9 'Cmp' <Latency = 0> <II = 1> <Delay = 0.77> <FuncUnit> <Opcode : 'seteq' 'setne' 'setle' 'setge' 'setlt' 'setgt'> <InPorts = 2> <OutPorts = 1>
ST_1 : Operation 43 [1/1] (0.28ns) (out node of the LUT)   --->   "%and_ln53 = and i1 %icmp_ln56, i1 %xor_ln53" [src/integrated-gcn/integrated_gcn_approx.cpp:53]   --->   Operation 43 'and' 'and_ln53' <Predicate = (!icmp_ln53)> <Delay = 0.28> <CoreInst = "LogicGate">   --->   Core 74 'LogicGate' <Latency = 0> <II = 1> <Delay = 0.28> <FuncUnit> <Opcode : 'and' 'or' 'xor'> <InPorts = 2> <OutPorts = 1>
ST_1 : Operation 44 [1/1] (0.28ns) (out node of the LUT)   --->   "%or_ln55 = or i1 %and_ln53, i1 %or_ln53" [src/integrated-gcn/integrated_gcn_approx.cpp:55]   --->   Operation 44 'or' 'or_ln55' <Predicate = (!icmp_ln53)> <Delay = 0.28> <CoreInst = "LogicGate">   --->   Core 74 'LogicGate' <Latency = 0> <II = 1> <Delay = 0.28> <FuncUnit> <Opcode : 'and' 'or' 'xor'> <InPorts = 2> <OutPorts = 1>
ST_1 : Operation 45 [1/1] (0.00ns) (grouped into LUT with out node or_ln55_1)   --->   "%xor_ln55 = xor i1 %icmp_ln56, i1 1" [src/integrated-gcn/integrated_gcn_approx.cpp:55]   --->   Operation 45 'xor' 'xor_ln55' <Predicate = (!icmp_ln53)> <Delay = 0.00> <CoreInst = "LogicGate">   --->   Core 74 'LogicGate' <Latency = 0> <II = 1> <Delay = 0.28> <FuncUnit> <Opcode : 'and' 'or' 'xor'> <InPorts = 2> <OutPorts = 1>
ST_1 : Operation 46 [1/1] (0.00ns) (grouped into LUT with out node or_ln55_1)   --->   "%and_ln55 = and i1 %first_iter_1, i1 %xor_ln55" [src/integrated-gcn/integrated_gcn_approx.cpp:55]   --->   Operation 46 'and' 'and_ln55' <Predicate = (!icmp_ln53)> <Delay = 0.00> <CoreInst = "LogicGate">   --->   Core 74 'LogicGate' <Latency = 0> <II = 1> <Delay = 0.28> <FuncUnit> <Opcode : 'and' 'or' 'xor'> <InPorts = 2> <OutPorts = 1>
ST_1 : Operation 47 [1/1] (0.28ns) (out node of the LUT)   --->   "%or_ln55_1 = or i1 %icmp_ln55, i1 %and_ln55" [src/integrated-gcn/integrated_gcn_approx.cpp:55]   --->   Operation 47 'or' 'or_ln55_1' <Predicate = (!icmp_ln53)> <Delay = 0.28> <CoreInst = "LogicGate">   --->   Core 74 'LogicGate' <Latency = 0> <II = 1> <Delay = 0.28> <FuncUnit> <Opcode : 'and' 'or' 'xor'> <InPorts = 2> <OutPorts = 1>
ST_1 : Operation 48 [1/1] (0.00ns)   --->   "%br_ln56 = br i1 %or_ln55, void %VITIS_LOOP_57_5.split, void %new.body.VITIS_LOOP_56_4" [src/integrated-gcn/integrated_gcn_approx.cpp:56]   --->   Operation 48 'br' 'br_ln56' <Predicate = (!icmp_ln53)> <Delay = 0.00>
ST_1 : Operation 49 [1/1] (0.00ns)   --->   "%br_ln55 = br i1 %or_ln55_1, void %for.first.iter.VITIS_LOOP_57_5, void %for.first.iter.VITIS_LOOP_56_4" [src/integrated-gcn/integrated_gcn_approx.cpp:55]   --->   Operation 49 'br' 'br_ln55' <Predicate = (!icmp_ln53 & or_ln55)> <Delay = 0.00>
ST_1 : Operation 50 [1/1] (0.00ns)   --->   "%br_ln56 = br void %VITIS_LOOP_57_5.split" [src/integrated-gcn/integrated_gcn_approx.cpp:56]   --->   Operation 50 'br' 'br_ln56' <Predicate = (!icmp_ln53 & or_ln55)> <Delay = 0.00>
ST_1 : Operation 51 [1/1] (0.77ns)   --->   "%add_ln56 = add i7 %k_1, i7 1" [src/integrated-gcn/integrated_gcn_approx.cpp:56]   --->   Operation 51 'add' 'add_ln56' <Predicate = (!icmp_ln53)> <Delay = 0.77> <CoreInst = "Adder">   --->   Core 1 'Adder' <Latency = 0> <II = 1> <Delay = 0.77> <FuncUnit> <Opcode : 'add' 'sub'> <InPorts = 2> <OutPorts = 1>
ST_1 : Operation 52 [1/1] (0.00ns) (grouped into LUT with out node select_ln56)   --->   "%or_ln56 = or i1 %and_ln53, i1 %icmp_ln55" [src/integrated-gcn/integrated_gcn_approx.cpp:56]   --->   Operation 52 'or' 'or_ln56' <Predicate = (!icmp_ln53)> <Delay = 0.00> <CoreInst = "LogicGate">   --->   Core 74 'LogicGate' <Latency = 0> <II = 1> <Delay = 0.28> <FuncUnit> <Opcode : 'and' 'or' 'xor'> <InPorts = 2> <OutPorts = 1>
ST_1 : Operation 53 [1/1] (0.36ns) (out node of the LUT)   --->   "%select_ln56 = select i1 %or_ln56, i7 1, i7 %add_ln56" [src/integrated-gcn/integrated_gcn_approx.cpp:56]   --->   Operation 53 'select' 'select_ln56' <Predicate = (!icmp_ln53)> <Delay = 0.36> <CoreInst = "Sel">   --->   Core 73 'Sel' <Latency = 0> <II = 1> <Delay = 0.36> <FuncUnit> <Opcode : 'select'> <InPorts = 3> <OutPorts = 1>
ST_1 : Operation 54 [1/1] (0.80ns)   --->   "%add_ln55 = add i12 %indvar_flatten_load, i12 1" [src/integrated-gcn/integrated_gcn_approx.cpp:55]   --->   Operation 54 'add' 'add_ln55' <Predicate = (!icmp_ln53)> <Delay = 0.80> <CoreInst = "Adder">   --->   Core 1 'Adder' <Latency = 0> <II = 1> <Delay = 0.80> <FuncUnit> <Opcode : 'add' 'sub'> <InPorts = 2> <OutPorts = 1>
ST_1 : Operation 55 [1/1] (0.37ns)   --->   "%select_ln55 = select i1 %icmp_ln55, i12 1, i12 %add_ln55" [src/integrated-gcn/integrated_gcn_approx.cpp:55]   --->   Operation 55 'select' 'select_ln55' <Predicate = (!icmp_ln53)> <Delay = 0.37> <CoreInst = "Sel">   --->   Core 73 'Sel' <Latency = 0> <II = 1> <Delay = 0.37> <FuncUnit> <Opcode : 'select'> <InPorts = 3> <OutPorts = 1>
ST_1 : Operation 56 [1/1] (0.42ns)   --->   "%store_ln53 = store i16 %add_ln53, i16 %indvar_flatten12" [src/integrated-gcn/integrated_gcn_approx.cpp:53]   --->   Operation 56 'store' 'store_ln53' <Predicate = (!icmp_ln53)> <Delay = 0.42>
ST_1 : Operation 57 [1/1] (0.42ns)   --->   "%store_ln55 = store i12 %select_ln55, i12 %indvar_flatten" [src/integrated-gcn/integrated_gcn_approx.cpp:55]   --->   Operation 57 'store' 'store_ln55' <Predicate = (!icmp_ln53)> <Delay = 0.42>
ST_1 : Operation 58 [1/1] (0.42ns)   --->   "%store_ln56 = store i7 %select_ln56, i7 %k" [src/integrated-gcn/integrated_gcn_approx.cpp:56]   --->   Operation 58 'store' 'store_ln56' <Predicate = (!icmp_ln53)> <Delay = 0.42>
ST_1 : Operation 59 [1/1] (0.00ns)   --->   "%br_ln56 = br void %VITIS_LOOP_57_5" [src/integrated-gcn/integrated_gcn_approx.cpp:56]   --->   Operation 59 'br' 'br_ln56' <Predicate = (!icmp_ln53)> <Delay = 0.00>

State 2 <SV = 1> <Delay = 0.00>
ST_2 : Operation 60 [8/8] (7.30ns)   --->   "%empty = readreq i1 @_ssdm_op_ReadReq.m_axi.p1i512, i512 %gmem1_addr, i64 1472" [src/integrated-gcn/integrated_gcn_approx.cpp:55]   --->   Operation 60 'readreq' 'empty' <Predicate = (or_ln55 & or_ln55_1)> <Delay = 7.30> <CoreInst = "m_axi">   --->   Core 119 'm_axi' <Latency = 6> <II = 1> <Delay = 1.00> <Adapter> <Opcode : 'readrequnaligned' 'writerequnaligned' 'read' 'write' 'readreq' 'writereq' 'writeresp'>

State 3 <SV = 2> <Delay = 0.00>
ST_3 : Operation 61 [7/8] (7.30ns)   --->   "%empty = readreq i1 @_ssdm_op_ReadReq.m_axi.p1i512, i512 %gmem1_addr, i64 1472" [src/integrated-gcn/integrated_gcn_approx.cpp:55]   --->   Operation 61 'readreq' 'empty' <Predicate = (or_ln55 & or_ln55_1)> <Delay = 7.30> <CoreInst = "m_axi">   --->   Core 119 'm_axi' <Latency = 6> <II = 1> <Delay = 1.00> <Adapter> <Opcode : 'readrequnaligned' 'writerequnaligned' 'read' 'write' 'readreq' 'writereq' 'writeresp'>

State 4 <SV = 3> <Delay = 0.00>
ST_4 : Operation 62 [6/8] (7.30ns)   --->   "%empty = readreq i1 @_ssdm_op_ReadReq.m_axi.p1i512, i512 %gmem1_addr, i64 1472" [src/integrated-gcn/integrated_gcn_approx.cpp:55]   --->   Operation 62 'readreq' 'empty' <Predicate = (or_ln55 & or_ln55_1)> <Delay = 7.30> <CoreInst = "m_axi">   --->   Core 119 'm_axi' <Latency = 6> <II = 1> <Delay = 1.00> <Adapter> <Opcode : 'readrequnaligned' 'writerequnaligned' 'read' 'write' 'readreq' 'writereq' 'writeresp'>

State 5 <SV = 4> <Delay = 0.00>
ST_5 : Operation 63 [5/8] (7.30ns)   --->   "%empty = readreq i1 @_ssdm_op_ReadReq.m_axi.p1i512, i512 %gmem1_addr, i64 1472" [src/integrated-gcn/integrated_gcn_approx.cpp:55]   --->   Operation 63 'readreq' 'empty' <Predicate = (or_ln55 & or_ln55_1)> <Delay = 7.30> <CoreInst = "m_axi">   --->   Core 119 'm_axi' <Latency = 6> <II = 1> <Delay = 1.00> <Adapter> <Opcode : 'readrequnaligned' 'writerequnaligned' 'read' 'write' 'readreq' 'writereq' 'writeresp'>

State 6 <SV = 5> <Delay = 0.00>
ST_6 : Operation 64 [4/8] (7.30ns)   --->   "%empty = readreq i1 @_ssdm_op_ReadReq.m_axi.p1i512, i512 %gmem1_addr, i64 1472" [src/integrated-gcn/integrated_gcn_approx.cpp:55]   --->   Operation 64 'readreq' 'empty' <Predicate = (or_ln55 & or_ln55_1)> <Delay = 7.30> <CoreInst = "m_axi">   --->   Core 119 'm_axi' <Latency = 6> <II = 1> <Delay = 1.00> <Adapter> <Opcode : 'readrequnaligned' 'writerequnaligned' 'read' 'write' 'readreq' 'writereq' 'writeresp'>

State 7 <SV = 6> <Delay = 0.00>
ST_7 : Operation 65 [3/8] (7.30ns)   --->   "%empty = readreq i1 @_ssdm_op_ReadReq.m_axi.p1i512, i512 %gmem1_addr, i64 1472" [src/integrated-gcn/integrated_gcn_approx.cpp:55]   --->   Operation 65 'readreq' 'empty' <Predicate = (or_ln55 & or_ln55_1)> <Delay = 7.30> <CoreInst = "m_axi">   --->   Core 119 'm_axi' <Latency = 6> <II = 1> <Delay = 1.00> <Adapter> <Opcode : 'readrequnaligned' 'writerequnaligned' 'read' 'write' 'readreq' 'writereq' 'writeresp'>

State 8 <SV = 7> <Delay = 0.00>
ST_8 : Operation 66 [2/8] (7.30ns)   --->   "%empty = readreq i1 @_ssdm_op_ReadReq.m_axi.p1i512, i512 %gmem1_addr, i64 1472" [src/integrated-gcn/integrated_gcn_approx.cpp:55]   --->   Operation 66 'readreq' 'empty' <Predicate = (or_ln55 & or_ln55_1)> <Delay = 7.30> <CoreInst = "m_axi">   --->   Core 119 'm_axi' <Latency = 6> <II = 1> <Delay = 1.00> <Adapter> <Opcode : 'readrequnaligned' 'writerequnaligned' 'read' 'write' 'readreq' 'writereq' 'writeresp'>

State 9 <SV = 8> <Delay = 7.30>
ST_9 : Operation 67 [1/8] ( I:7.30ns O:7.30ns )   --->   "%empty = readreq i1 @_ssdm_op_ReadReq.m_axi.p1i512, i512 %gmem1_addr, i64 1472" [src/integrated-gcn/integrated_gcn_approx.cpp:55]   --->   Operation 67 'readreq' 'empty' <Predicate = (or_ln55 & or_ln55_1)> <Delay = 7.30> <CoreInst = "m_axi">   --->   Core 119 'm_axi' <Latency = 6> <II = 1> <Delay = 1.00> <Adapter> <Opcode : 'readrequnaligned' 'writerequnaligned' 'read' 'write' 'readreq' 'writereq' 'writeresp'>
ST_9 : Operation 68 [1/1] (0.00ns)   --->   "%br_ln55 = br void %for.first.iter.VITIS_LOOP_57_5" [src/integrated-gcn/integrated_gcn_approx.cpp:55]   --->   Operation 68 'br' 'br_ln55' <Predicate = (or_ln55 & or_ln55_1)> <Delay = 0.00>

State 10 <SV = 9> <Delay = 7.30>
ST_10 : Operation 69 [1/1] ( I:7.30ns O:7.30ns )   --->   "%gmem1_addr_read = read i512 @_ssdm_op_Read.m_axi.i512.p1i512, i512 %gmem1_addr" [src/integrated-gcn/integrated_gcn_approx.cpp:59]   --->   Operation 69 'read' 'gmem1_addr_read' <Predicate = (!icmp_ln53)> <Delay = 7.30> <CoreInst = "m_axi">   --->   Core 119 'm_axi' <Latency = 3> <II = 1> <Delay = 1.00> <Adapter> <Opcode : 'readrequnaligned' 'writerequnaligned' 'read' 'write' 'readreq' 'writereq' 'writeresp'>
ST_10 : Operation 72 [1/1] (0.42ns)   --->   "%ret_ln66 = ret" [src/integrated-gcn/integrated_gcn_approx.cpp:66]   --->   Operation 72 'ret' 'ret_ln66' <Predicate = (icmp_ln53)> <Delay = 0.42>

State 11 <SV = 10> <Delay = 1.62>
ST_11 : Operation 70 [1/1] (0.00ns)   --->   "%specpipeline_ln56 = specpipeline void @_ssdm_op_SpecPipeline, i32 4294967295, i32 0, i32 0, i32 0, i32 4294967295, void @empty_20" [src/integrated-gcn/integrated_gcn_approx.cpp:56]   --->   Operation 70 'specpipeline' 'specpipeline_ln56' <Predicate = (!icmp_ln53)> <Delay = 0.00>
ST_11 : Operation 71 [1/1] ( I:1.62ns O:1.62ns )   --->   "%write_ln59 = write void @_ssdm_op_Write.ap_fifo.volatile.i512P0A, i512 %W_stream, i512 %gmem1_addr_read" [src/integrated-gcn/integrated_gcn_approx.cpp:59]   --->   Operation 71 'write' 'write_ln59' <Predicate = (!icmp_ln53)> <Delay = 1.62> <CoreInst = "FIFO">   --->   Core 77 'FIFO' <Latency = 0> <II = 1> <Delay = 1.62> <Storage> <Opcode : 'read' 'write' 'nbread' 'nbwrite'> <Ports = 0> <Width = 512> <Depth = 16> <FIFO>


============================================================
+ Verbose Summary: Binding
============================================================
STG Binding: 
---------------- STG Properties BEGIN ----------------
- Is combinational: 0
- Is one-state seq: 0
- Is datapath-only: 0
- Is pipelined: 0
- Is top level: 0
Port [ Return ] is wired: 1; IO mode=ap_ctrl_hs:ce=0
Port [ gmem1]:  wired=1; compound=1; hidden=0; nouse=0; global=0; static=0; extern=0; dir=0; type=4; pingpong=0; private_global=0; IO mode=m_axi:ce=0
Port [ W]:  wired=1; compound=0; hidden=0; nouse=0; global=0; static=0; extern=0; dir=0; type=0; pingpong=0; private_global=0; IO mode=ap_stable:ce=0
Port [ W_stream]:  wired=1; compound=1; hidden=0; nouse=0; global=0; static=0; extern=0; dir=1; type=3; pingpong=0; private_global=0; IO mode=ap_fifo:ce=0
---------------- STG Properties END ------------------

---------------- Datapath Model BEGIN ----------------

<LifeTime>
<method=bitvector/>
k                     (alloca           ) [ 010000000000]
indvar_flatten        (alloca           ) [ 010000000000]
indvar_flatten12      (alloca           ) [ 010000000000]
specstablecontent_ln0 (specstablecontent) [ 000000000000]
specstablecontent_ln0 (specstablecontent) [ 000000000000]
specinterface_ln0     (specinterface    ) [ 000000000000]
specinterface_ln0     (specinterface    ) [ 000000000000]
W_read                (read             ) [ 000000000000]
trunc_ln              (partselect       ) [ 000000000000]
sext_ln55             (sext             ) [ 000000000000]
gmem1_addr            (getelementptr    ) [ 011111111110]
store_ln0             (store            ) [ 000000000000]
store_ln0             (store            ) [ 000000000000]
store_ln56            (store            ) [ 000000000000]
br_ln53               (br               ) [ 000000000000]
first_iter_1          (phi              ) [ 010000000000]
first_iter_0          (phi              ) [ 010000000000]
k_1                   (load             ) [ 000000000000]
indvar_flatten_load   (load             ) [ 000000000000]
indvar_flatten12_load (load             ) [ 000000000000]
icmp_ln53             (icmp             ) [ 011111111111]
add_ln53              (add              ) [ 000000000000]
br_ln53               (br               ) [ 000000000000]
specloopname_ln0      (specloopname     ) [ 000000000000]
speclooptripcount_ln0 (speclooptripcount) [ 000000000000]
icmp_ln55             (icmp             ) [ 000000000000]
or_ln53               (or               ) [ 000000000000]
xor_ln53              (xor              ) [ 000000000000]
icmp_ln56             (icmp             ) [ 000000000000]
and_ln53              (and              ) [ 000000000000]
or_ln55               (or               ) [ 011111111100]
xor_ln55              (xor              ) [ 000000000000]
and_ln55              (and              ) [ 000000000000]
or_ln55_1             (or               ) [ 011111111100]
br_ln56               (br               ) [ 000000000000]
br_ln55               (br               ) [ 000000000000]
br_ln56               (br               ) [ 000000000000]
add_ln56              (add              ) [ 000000000000]
or_ln56               (or               ) [ 000000000000]
select_ln56           (select           ) [ 000000000000]
add_ln55              (add              ) [ 000000000000]
select_ln55           (select           ) [ 000000000000]
store_ln53            (store            ) [ 000000000000]
store_ln55            (store            ) [ 000000000000]
store_ln56            (store            ) [ 000000000000]
br_ln56               (br               ) [ 010000000000]
empty                 (readreq          ) [ 000000000000]
br_ln55               (br               ) [ 000000000000]
gmem1_addr_read       (read             ) [ 010000000001]
specpipeline_ln56     (specpipeline     ) [ 000000000000]
write_ln59            (write            ) [ 000000000000]
ret_ln66              (ret              ) [ 000000000000]
</LifeTime>

<model>

<comp_list>
<comp id="0" class="1000" name="gmem1">
<pin_list>
<pin id="1" dir="1" index="0" bw="1" slack="0"/>
</pin_list>
<bind>
<StgValue><ssdm name="gmem1"/><MemPortTyVec>0 </MemPortTyVec>
</StgValue>
</bind>
</comp>

<comp id="2" class="1000" name="W">
<pin_list>
<pin id="3" dir="1" index="0" bw="1" slack="0"/>
</pin_list>
<bind>
<StgValue><ssdm name="W"/></StgValue>
</bind>
</comp>

<comp id="4" class="1000" name="W_stream">
<pin_list>
<pin id="5" dir="1" index="0" bw="1" slack="0"/>
</pin_list>
<bind>
<StgValue><ssdm name="W_stream"/></StgValue>
</bind>
</comp>

<comp id="6" class="1001" name="const_6">
<pin_list>
<pin id="7" dir="1" index="0" bw="1" slack="0"/>
</pin_list>
<bind>
<StgValue><ssdm name=""/></StgValue>
</bind>
</comp>

<comp id="8" class="1001" name="const_8">
<pin_list>
<pin id="9" dir="1" index="0" bw="1" slack="2147483647"/>
</pin_list>
<bind>
<StgValue><ssdm name="_ssdm_op_SpecStableContent"/></StgValue>
</bind>
</comp>

<comp id="10" class="1001" name="const_10">
<pin_list>
<pin id="11" dir="1" index="0" bw="1" slack="0"/>
</pin_list>
<bind>
<StgValue><ssdm name=""/></StgValue>
</bind>
</comp>

<comp id="12" class="1001" name="const_12">
<pin_list>
<pin id="13" dir="1" index="0" bw="1" slack="2147483647"/>
</pin_list>
<bind>
<StgValue><ssdm name="p_str"/></StgValue>
</bind>
</comp>

<comp id="14" class="1001" name="const_14">
<pin_list>
<pin id="15" dir="1" index="0" bw="1" slack="2147483647"/>
</pin_list>
<bind>
<StgValue><ssdm name="_ssdm_op_SpecInterface"/></StgValue>
</bind>
</comp>

<comp id="16" class="1001" name="const_16">
<pin_list>
<pin id="17" dir="1" index="0" bw="1" slack="2147483647"/>
</pin_list>
<bind>
<StgValue><ssdm name="empty_6"/></StgValue>
</bind>
</comp>

<comp id="18" class="1001" name="const_18">
<pin_list>
<pin id="19" dir="1" index="0" bw="1" slack="2147483647"/>
</pin_list>
<bind>
<StgValue><ssdm name=""/></StgValue>
</bind>
</comp>

<comp id="20" class="1001" name="const_20">
<pin_list>
<pin id="21" dir="1" index="0" bw="1" slack="2147483647"/>
</pin_list>
<bind>
<StgValue><ssdm name="empty_20"/></StgValue>
</bind>
</comp>

<comp id="22" class="1001" name="const_22">
<pin_list>
<pin id="23" dir="1" index="0" bw="1" slack="2147483647"/>
</pin_list>
<bind>
<StgValue><ssdm name=""/></StgValue>
</bind>
</comp>

<comp id="24" class="1001" name="const_24">
<pin_list>
<pin id="25" dir="1" index="0" bw="1" slack="2147483647"/>
</pin_list>
<bind>
<StgValue><ssdm name="empty_29"/></StgValue>
</bind>
</comp>

<comp id="26" class="1001" name="const_26">
<pin_list>
<pin id="27" dir="1" index="0" bw="1" slack="2147483647"/>
</pin_list>
<bind>
<StgValue><ssdm name="empty"/></StgValue>
</bind>
</comp>

<comp id="28" class="1001" name="const_28">
<pin_list>
<pin id="29" dir="1" index="0" bw="1" slack="2147483647"/>
</pin_list>
<bind>
<StgValue><ssdm name="empty_9"/></StgValue>
</bind>
</comp>

<comp id="30" class="1001" name="const_30">
<pin_list>
<pin id="31" dir="1" index="0" bw="1" slack="2147483647"/>
</pin_list>
<bind>
<StgValue><ssdm name=""/></StgValue>
</bind>
</comp>

<comp id="32" class="1001" name="const_32">
<pin_list>
<pin id="33" dir="1" index="0" bw="1" slack="2147483647"/>
</pin_list>
<bind>
<StgValue><ssdm name=""/></StgValue>
</bind>
</comp>

<comp id="34" class="1001" name="const_34">
<pin_list>
<pin id="35" dir="1" index="0" bw="1" slack="0"/>
</pin_list>
<bind>
<StgValue><ssdm name="_ssdm_op_Read.ap_auto.i64"/></StgValue>
</bind>
</comp>

<comp id="36" class="1001" name="const_36">
<pin_list>
<pin id="37" dir="1" index="0" bw="1" slack="0"/>
</pin_list>
<bind>
<StgValue><ssdm name="_ssdm_op_PartSelect.i58.i64.i32.i32"/></StgValue>
</bind>
</comp>

<comp id="38" class="1001" name="const_38">
<pin_list>
<pin id="39" dir="1" index="0" bw="1" slack="0"/>
</pin_list>
<bind>
<StgValue><ssdm name=""/></StgValue>
</bind>
</comp>

<comp id="40" class="1001" name="const_40">
<pin_list>
<pin id="41" dir="1" index="0" bw="1" slack="0"/>
</pin_list>
<bind>
<StgValue><ssdm name=""/></StgValue>
</bind>
</comp>

<comp id="42" class="1001" name="const_42">
<pin_list>
<pin id="43" dir="1" index="0" bw="1" slack="0"/>
</pin_list>
<bind>
<StgValue><ssdm name=""/></StgValue>
</bind>
</comp>

<comp id="44" class="1001" name="const_44">
<pin_list>
<pin id="45" dir="1" index="0" bw="1" slack="0"/>
</pin_list>
<bind>
<StgValue><ssdm name=""/></StgValue>
</bind>
</comp>

<comp id="46" class="1001" name="const_46">
<pin_list>
<pin id="47" dir="1" index="0" bw="1" slack="0"/>
</pin_list>
<bind>
<StgValue><ssdm name=""/></StgValue>
</bind>
</comp>

<comp id="48" class="1001" name="const_48">
<pin_list>
<pin id="49" dir="1" index="0" bw="1" slack="0"/>
</pin_list>
<bind>
<StgValue><ssdm name=""/></StgValue>
</bind>
</comp>

<comp id="50" class="1001" name="const_50">
<pin_list>
<pin id="51" dir="1" index="0" bw="1" slack="0"/>
</pin_list>
<bind>
<StgValue><ssdm name=""/></StgValue>
</bind>
</comp>

<comp id="52" class="1001" name="const_52">
<pin_list>
<pin id="53" dir="1" index="0" bw="1" slack="0"/>
</pin_list>
<bind>
<StgValue><ssdm name=""/></StgValue>
</bind>
</comp>

<comp id="54" class="1001" name="const_54">
<pin_list>
<pin id="55" dir="1" index="0" bw="1" slack="2147483647"/>
</pin_list>
<bind>
<StgValue><ssdm name="_ssdm_op_SpecLoopName"/></StgValue>
</bind>
</comp>

<comp id="56" class="1001" name="const_56">
<pin_list>
<pin id="57" dir="1" index="0" bw="1" slack="2147483647"/>
</pin_list>
<bind>
<StgValue><ssdm name="VITIS_LOOP_53_1_VITIS_LOOP_55_3_VITIS_LOOP_56_4_str"/></StgValue>
</bind>
</comp>

<comp id="58" class="1001" name="const_58">
<pin_list>
<pin id="59" dir="1" index="0" bw="1" slack="2147483647"/>
</pin_list>
<bind>
<StgValue><ssdm name="_ssdm_op_SpecLoopTripCount"/></StgValue>
</bind>
</comp>

<comp id="60" class="1001" name="const_60">
<pin_list>
<pin id="61" dir="1" index="0" bw="1" slack="2147483647"/>
</pin_list>
<bind>
<StgValue><ssdm name=""/></StgValue>
</bind>
</comp>

<comp id="62" class="1001" name="const_62">
<pin_list>
<pin id="63" dir="1" index="0" bw="1" slack="0"/>
</pin_list>
<bind>
<StgValue><ssdm name=""/></StgValue>
</bind>
</comp>

<comp id="64" class="1001" name="const_64">
<pin_list>
<pin id="65" dir="1" index="0" bw="1" slack="0"/>
</pin_list>
<bind>
<StgValue><ssdm name=""/></StgValue>
</bind>
</comp>

<comp id="66" class="1001" name="const_66">
<pin_list>
<pin id="67" dir="1" index="0" bw="1" slack="0"/>
</pin_list>
<bind>
<StgValue><ssdm name=""/></StgValue>
</bind>
</comp>

<comp id="68" class="1001" name="const_68">
<pin_list>
<pin id="69" dir="1" index="0" bw="1" slack="0"/>
</pin_list>
<bind>
<StgValue><ssdm name=""/></StgValue>
</bind>
</comp>

<comp id="70" class="1001" name="const_70">
<pin_list>
<pin id="71" dir="1" index="0" bw="1" slack="0"/>
</pin_list>
<bind>
<StgValue><ssdm name="_ssdm_op_ReadReq.m_axi.p1i512"/></StgValue>
</bind>
</comp>

<comp id="72" class="1001" name="const_72">
<pin_list>
<pin id="73" dir="1" index="0" bw="1" slack="0"/>
</pin_list>
<bind>
<StgValue><ssdm name=""/></StgValue>
</bind>
</comp>

<comp id="74" class="1001" name="const_74">
<pin_list>
<pin id="75" dir="1" index="0" bw="1" slack="0"/>
</pin_list>
<bind>
<StgValue><ssdm name="_ssdm_op_Read.m_axi.i512.p1i512"/></StgValue>
</bind>
</comp>

<comp id="76" class="1001" name="const_76">
<pin_list>
<pin id="77" dir="1" index="0" bw="1" slack="2147483647"/>
</pin_list>
<bind>
<StgValue><ssdm name="_ssdm_op_SpecPipeline"/></StgValue>
</bind>
</comp>

<comp id="78" class="1001" name="const_78">
<pin_list>
<pin id="79" dir="1" index="0" bw="1" slack="0"/>
</pin_list>
<bind>
<StgValue><ssdm name="_ssdm_op_Write.ap_fifo.volatile.i512P0A"/></StgValue>
</bind>
</comp>

<comp id="80" class="1004" name="k_fu_80">
<pin_list>
<pin id="81" dir="0" index="0" bw="1" slack="0"/>
<pin id="82" dir="1" index="1" bw="7" slack="0"/>
</pin_list>
<bind>
<opcode="alloca(26) " fcode="alloca"/>
<opset="k/1 "/>
</bind>
</comp>

<comp id="84" class="1004" name="indvar_flatten_fu_84">
<pin_list>
<pin id="85" dir="0" index="0" bw="1" slack="0"/>
<pin id="86" dir="1" index="1" bw="12" slack="0"/>
</pin_list>
<bind>
<opcode="alloca(26) " fcode="alloca"/>
<opset="indvar_flatten/1 "/>
</bind>
</comp>

<comp id="88" class="1004" name="indvar_flatten12_fu_88">
<pin_list>
<pin id="89" dir="0" index="0" bw="1" slack="0"/>
<pin id="90" dir="1" index="1" bw="16" slack="0"/>
</pin_list>
<bind>
<opcode="alloca(26) " fcode="alloca"/>
<opset="indvar_flatten12/1 "/>
</bind>
</comp>

<comp id="92" class="1004" name="W_read_read_fu_92">
<pin_list>
<pin id="93" dir="0" index="0" bw="64" slack="0"/>
<pin id="94" dir="0" index="1" bw="64" slack="0"/>
<pin id="95" dir="1" index="2" bw="64" slack="0"/>
</pin_list>
<bind>
<opcode="read(1150) " fcode="read"/>
<opset="W_read/1 "/>
</bind>
</comp>

<comp id="98" class="1004" name="write_ln59_write_fu_98">
<pin_list>
<pin id="99" dir="0" index="0" bw="0" slack="0"/>
<pin id="100" dir="0" index="1" bw="512" slack="0"/>
<pin id="101" dir="0" index="2" bw="512" slack="1"/>
<pin id="102" dir="1" index="3" bw="0" slack="2147483647"/>
</pin_list>
<bind>
<opcode="write(1151) " fcode="write"/>
<opset="write_ln59/11 "/>
</bind>
</comp>

<comp id="105" class="1004" name="grp_readreq_fu_105">
<pin_list>
<pin id="106" dir="0" index="0" bw="1" slack="0"/>
<pin id="107" dir="0" index="1" bw="512" slack="1"/>
<pin id="108" dir="0" index="2" bw="12" slack="0"/>
<pin id="109" dir="1" index="3" bw="1" slack="2147483647"/>
</pin_list>
<bind>
<opcode="readreq(1154) " fcode="readreq"/>
<opset="empty/2 "/>
</bind>
</comp>

<comp id="112" class="1004" name="gmem1_addr_read_read_fu_112">
<pin_list>
<pin id="113" dir="0" index="0" bw="512" slack="0"/>
<pin id="114" dir="0" index="1" bw="512" slack="9"/>
<pin id="115" dir="1" index="2" bw="512" slack="1"/>
</pin_list>
<bind>
<opcode="read(1150) " fcode="read"/>
<opset="gmem1_addr_read/10 "/>
</bind>
</comp>

<comp id="117" class="1005" name="first_iter_1_reg_117">
<pin_list>
<pin id="118" dir="0" index="0" bw="1" slack="2147483647"/>
<pin id="119" dir="1" index="1" bw="1" slack="2147483647"/>
</pin_list>
<bind>
<opset="first_iter_1 (phireg) "/>
</bind>
</comp>

<comp id="120" class="1004" name="first_iter_1_phi_fu_120">
<pin_list>
<pin id="121" dir="0" index="0" bw="1" slack="0"/>
<pin id="122" dir="0" index="1" bw="0" slack="2147483647"/>
<pin id="123" dir="0" index="2" bw="1" slack="0"/>
<pin id="124" dir="0" index="3" bw="0" slack="2147483647"/>
<pin id="125" dir="1" index="4" bw="1" slack="0"/>
</pin_list>
<bind>
<opcode="phi(47) " fcode="phi"/>
<opset="first_iter_1/1 "/>
</bind>
</comp>

<comp id="127" class="1005" name="first_iter_0_reg_127">
<pin_list>
<pin id="128" dir="0" index="0" bw="1" slack="2147483647"/>
<pin id="129" dir="1" index="1" bw="1" slack="2147483647"/>
</pin_list>
<bind>
<opset="first_iter_0 (phireg) "/>
</bind>
</comp>

<comp id="130" class="1004" name="first_iter_0_phi_fu_130">
<pin_list>
<pin id="131" dir="0" index="0" bw="1" slack="0"/>
<pin id="132" dir="0" index="1" bw="0" slack="2147483647"/>
<pin id="133" dir="0" index="2" bw="1" slack="0"/>
<pin id="134" dir="0" index="3" bw="0" slack="2147483647"/>
<pin id="135" dir="1" index="4" bw="1" slack="0"/>
</pin_list>
<bind>
<opcode="phi(47) " fcode="phi"/>
<opset="first_iter_0/1 "/>
</bind>
</comp>

<comp id="138" class="1004" name="trunc_ln_fu_138">
<pin_list>
<pin id="139" dir="0" index="0" bw="58" slack="0"/>
<pin id="140" dir="0" index="1" bw="64" slack="0"/>
<pin id="141" dir="0" index="2" bw="4" slack="0"/>
<pin id="142" dir="0" index="3" bw="7" slack="0"/>
<pin id="143" dir="1" index="4" bw="58" slack="0"/>
</pin_list>
<bind>
<opcode="partselect(1002) " fcode="partselect"/>
<opset="trunc_ln/1 "/>
</bind>
</comp>

<comp id="148" class="1004" name="sext_ln55_fu_148">
<pin_list>
<pin id="149" dir="0" index="0" bw="58" slack="0"/>
<pin id="150" dir="1" index="1" bw="64" slack="0"/>
</pin_list>
<bind>
<opcode="sext(35) " fcode="sext"/>
<opset="sext_ln55/1 "/>
</bind>
</comp>

<comp id="152" class="1004" name="gmem1_addr_fu_152">
<pin_list>
<pin id="153" dir="0" index="0" bw="512" slack="0"/>
<pin id="154" dir="0" index="1" bw="58" slack="0"/>
<pin id="155" dir="1" index="2" bw="512" slack="1"/>
</pin_list>
<bind>
<opcode="getelementptr(29) " fcode="getelementptr"/>
<opset="gmem1_addr/1 "/>
</bind>
</comp>

<comp id="158" class="1004" name="store_ln0_store_fu_158">
<pin_list>
<pin id="159" dir="0" index="0" bw="1" slack="0"/>
<pin id="160" dir="0" index="1" bw="16" slack="0"/>
<pin id="161" dir="1" index="2" bw="0" slack="2147483647"/>
</pin_list>
<bind>
<opcode="store(28) " fcode="store"/>
<opset="store_ln0/1 "/>
</bind>
</comp>

<comp id="163" class="1004" name="store_ln0_store_fu_163">
<pin_list>
<pin id="164" dir="0" index="0" bw="1" slack="0"/>
<pin id="165" dir="0" index="1" bw="12" slack="0"/>
<pin id="166" dir="1" index="2" bw="0" slack="2147483647"/>
</pin_list>
<bind>
<opcode="store(28) " fcode="store"/>
<opset="store_ln0/1 "/>
</bind>
</comp>

<comp id="168" class="1004" name="store_ln56_store_fu_168">
<pin_list>
<pin id="169" dir="0" index="0" bw="1" slack="0"/>
<pin id="170" dir="0" index="1" bw="7" slack="0"/>
<pin id="171" dir="1" index="2" bw="0" slack="2147483647"/>
</pin_list>
<bind>
<opcode="store(28) " fcode="store"/>
<opset="store_ln56/1 "/>
</bind>
</comp>

<comp id="173" class="1004" name="k_1_load_fu_173">
<pin_list>
<pin id="174" dir="0" index="0" bw="7" slack="0"/>
<pin id="175" dir="1" index="1" bw="7" slack="0"/>
</pin_list>
<bind>
<opcode="load(27) " fcode="load"/>
<opset="k_1/1 "/>
</bind>
</comp>

<comp id="176" class="1004" name="indvar_flatten_load_load_fu_176">
<pin_list>
<pin id="177" dir="0" index="0" bw="12" slack="0"/>
<pin id="178" dir="1" index="1" bw="12" slack="0"/>
</pin_list>
<bind>
<opcode="load(27) " fcode="load"/>
<opset="indvar_flatten_load/1 "/>
</bind>
</comp>

<comp id="179" class="1004" name="indvar_flatten12_load_load_fu_179">
<pin_list>
<pin id="180" dir="0" index="0" bw="16" slack="0"/>
<pin id="181" dir="1" index="1" bw="16" slack="0"/>
</pin_list>
<bind>
<opcode="load(27) " fcode="load"/>
<opset="indvar_flatten12_load/1 "/>
</bind>
</comp>

<comp id="182" class="1004" name="icmp_ln53_fu_182">
<pin_list>
<pin id="183" dir="0" index="0" bw="16" slack="0"/>
<pin id="184" dir="0" index="1" bw="13" slack="0"/>
<pin id="185" dir="1" index="2" bw="1" slack="1"/>
</pin_list>
<bind>
<opcode="icmp(45) " fcode="icmp"/>
<opset="icmp_ln53/1 "/>
</bind>
</comp>

<comp id="188" class="1004" name="add_ln53_fu_188">
<pin_list>
<pin id="189" dir="0" index="0" bw="16" slack="0"/>
<pin id="190" dir="0" index="1" bw="1" slack="0"/>
<pin id="191" dir="1" index="2" bw="16" slack="0"/>
</pin_list>
<bind>
<opcode="add(8) " fcode="add"/>
<opset="add_ln53/1 "/>
</bind>
</comp>

<comp id="194" class="1004" name="icmp_ln55_fu_194">
<pin_list>
<pin id="195" dir="0" index="0" bw="12" slack="0"/>
<pin id="196" dir="0" index="1" bw="12" slack="0"/>
<pin id="197" dir="1" index="2" bw="1" slack="0"/>
</pin_list>
<bind>
<opcode="icmp(45) " fcode="icmp"/>
<opset="icmp_ln55/1 "/>
</bind>
</comp>

<comp id="200" class="1004" name="or_ln53_fu_200">
<pin_list>
<pin id="201" dir="0" index="0" bw="1" slack="0"/>
<pin id="202" dir="0" index="1" bw="1" slack="0"/>
<pin id="203" dir="1" index="2" bw="1" slack="0"/>
</pin_list>
<bind>
<opcode="or(24) " fcode="or"/>
<opset="or_ln53/1 "/>
</bind>
</comp>

<comp id="206" class="1004" name="xor_ln53_fu_206">
<pin_list>
<pin id="207" dir="0" index="0" bw="1" slack="0"/>
<pin id="208" dir="0" index="1" bw="1" slack="0"/>
<pin id="209" dir="1" index="2" bw="1" slack="0"/>
</pin_list>
<bind>
<opcode="xor(25) " fcode="xor"/>
<opset="xor_ln53/1 "/>
</bind>
</comp>

<comp id="212" class="1004" name="icmp_ln56_fu_212">
<pin_list>
<pin id="213" dir="0" index="0" bw="7" slack="0"/>
<pin id="214" dir="0" index="1" bw="7" slack="0"/>
<pin id="215" dir="1" index="2" bw="1" slack="0"/>
</pin_list>
<bind>
<opcode="icmp(45) " fcode="icmp"/>
<opset="icmp_ln56/1 "/>
</bind>
</comp>

<comp id="218" class="1004" name="and_ln53_fu_218">
<pin_list>
<pin id="219" dir="0" index="0" bw="1" slack="0"/>
<pin id="220" dir="0" index="1" bw="1" slack="0"/>
<pin id="221" dir="1" index="2" bw="1" slack="0"/>
</pin_list>
<bind>
<opcode="and(23) " fcode="and"/>
<opset="and_ln53/1 "/>
</bind>
</comp>

<comp id="224" class="1004" name="or_ln55_fu_224">
<pin_list>
<pin id="225" dir="0" index="0" bw="1" slack="0"/>
<pin id="226" dir="0" index="1" bw="1" slack="0"/>
<pin id="227" dir="1" index="2" bw="1" slack="1"/>
</pin_list>
<bind>
<opcode="or(24) " fcode="or"/>
<opset="or_ln55/1 "/>
</bind>
</comp>

<comp id="230" class="1004" name="xor_ln55_fu_230">
<pin_list>
<pin id="231" dir="0" index="0" bw="1" slack="0"/>
<pin id="232" dir="0" index="1" bw="1" slack="0"/>
<pin id="233" dir="1" index="2" bw="1" slack="0"/>
</pin_list>
<bind>
<opcode="xor(25) " fcode="xor"/>
<opset="xor_ln55/1 "/>
</bind>
</comp>

<comp id="236" class="1004" name="and_ln55_fu_236">
<pin_list>
<pin id="237" dir="0" index="0" bw="1" slack="0"/>
<pin id="238" dir="0" index="1" bw="1" slack="0"/>
<pin id="239" dir="1" index="2" bw="1" slack="0"/>
</pin_list>
<bind>
<opcode="and(23) " fcode="and"/>
<opset="and_ln55/1 "/>
</bind>
</comp>

<comp id="242" class="1004" name="or_ln55_1_fu_242">
<pin_list>
<pin id="243" dir="0" index="0" bw="1" slack="0"/>
<pin id="244" dir="0" index="1" bw="1" slack="0"/>
<pin id="245" dir="1" index="2" bw="1" slack="0"/>
</pin_list>
<bind>
<opcode="or(24) " fcode="or"/>
<opset="or_ln55_1/1 "/>
</bind>
</comp>

<comp id="248" class="1004" name="add_ln56_fu_248">
<pin_list>
<pin id="249" dir="0" index="0" bw="7" slack="0"/>
<pin id="250" dir="0" index="1" bw="1" slack="0"/>
<pin id="251" dir="1" index="2" bw="7" slack="0"/>
</pin_list>
<bind>
<opcode="add(8) " fcode="add"/>
<opset="add_ln56/1 "/>
</bind>
</comp>

<comp id="254" class="1004" name="or_ln56_fu_254">
<pin_list>
<pin id="255" dir="0" index="0" bw="1" slack="0"/>
<pin id="256" dir="0" index="1" bw="1" slack="0"/>
<pin id="257" dir="1" index="2" bw="1" slack="0"/>
</pin_list>
<bind>
<opcode="or(24) " fcode="or"/>
<opset="or_ln56/1 "/>
</bind>
</comp>

<comp id="260" class="1004" name="select_ln56_fu_260">
<pin_list>
<pin id="261" dir="0" index="0" bw="1" slack="0"/>
<pin id="262" dir="0" index="1" bw="1" slack="0"/>
<pin id="263" dir="0" index="2" bw="7" slack="0"/>
<pin id="264" dir="1" index="3" bw="7" slack="0"/>
</pin_list>
<bind>
<opcode="select(49) " fcode="select"/>
<opset="select_ln56/1 "/>
</bind>
</comp>

<comp id="268" class="1004" name="add_ln55_fu_268">
<pin_list>
<pin id="269" dir="0" index="0" bw="12" slack="0"/>
<pin id="270" dir="0" index="1" bw="1" slack="0"/>
<pin id="271" dir="1" index="2" bw="12" slack="0"/>
</pin_list>
<bind>
<opcode="add(8) " fcode="add"/>
<opset="add_ln55/1 "/>
</bind>
</comp>

<comp id="274" class="1004" name="select_ln55_fu_274">
<pin_list>
<pin id="275" dir="0" index="0" bw="1" slack="0"/>
<pin id="276" dir="0" index="1" bw="1" slack="0"/>
<pin id="277" dir="0" index="2" bw="12" slack="0"/>
<pin id="278" dir="1" index="3" bw="12" slack="0"/>
</pin_list>
<bind>
<opcode="select(49) " fcode="select"/>
<opset="select_ln55/1 "/>
</bind>
</comp>

<comp id="282" class="1004" name="store_ln53_store_fu_282">
<pin_list>
<pin id="283" dir="0" index="0" bw="16" slack="0"/>
<pin id="284" dir="0" index="1" bw="16" slack="0"/>
<pin id="285" dir="1" index="2" bw="0" slack="2147483647"/>
</pin_list>
<bind>
<opcode="store(28) " fcode="store"/>
<opset="store_ln53/1 "/>
</bind>
</comp>

<comp id="287" class="1004" name="store_ln55_store_fu_287">
<pin_list>
<pin id="288" dir="0" index="0" bw="12" slack="0"/>
<pin id="289" dir="0" index="1" bw="12" slack="0"/>
<pin id="290" dir="1" index="2" bw="0" slack="2147483647"/>
</pin_list>
<bind>
<opcode="store(28) " fcode="store"/>
<opset="store_ln55/1 "/>
</bind>
</comp>

<comp id="292" class="1004" name="store_ln56_store_fu_292">
<pin_list>
<pin id="293" dir="0" index="0" bw="7" slack="0"/>
<pin id="294" dir="0" index="1" bw="7" slack="0"/>
<pin id="295" dir="1" index="2" bw="0" slack="2147483647"/>
</pin_list>
<bind>
<opcode="store(28) " fcode="store"/>
<opset="store_ln56/1 "/>
</bind>
</comp>

<comp id="297" class="1005" name="k_reg_297">
<pin_list>
<pin id="298" dir="0" index="0" bw="7" slack="0"/>
<pin id="299" dir="1" index="1" bw="7" slack="0"/>
</pin_list>
<bind>
<opset="k "/>
</bind>
</comp>

<comp id="304" class="1005" name="indvar_flatten_reg_304">
<pin_list>
<pin id="305" dir="0" index="0" bw="12" slack="0"/>
<pin id="306" dir="1" index="1" bw="12" slack="0"/>
</pin_list>
<bind>
<opset="indvar_flatten "/>
</bind>
</comp>

<comp id="311" class="1005" name="indvar_flatten12_reg_311">
<pin_list>
<pin id="312" dir="0" index="0" bw="16" slack="0"/>
<pin id="313" dir="1" index="1" bw="16" slack="0"/>
</pin_list>
<bind>
<opset="indvar_flatten12 "/>
</bind>
</comp>

<comp id="318" class="1005" name="gmem1_addr_reg_318">
<pin_list>
<pin id="319" dir="0" index="0" bw="512" slack="1"/>
<pin id="320" dir="1" index="1" bw="512" slack="1"/>
</pin_list>
<bind>
<opset="gmem1_addr "/>
</bind>
</comp>

<comp id="324" class="1005" name="icmp_ln53_reg_324">
<pin_list>
<pin id="325" dir="0" index="0" bw="1" slack="1"/>
<pin id="326" dir="1" index="1" bw="1" slack="2147483647"/>
</pin_list>
<bind>
<opset="icmp_ln53 "/>
</bind>
</comp>

<comp id="328" class="1005" name="or_ln55_reg_328">
<pin_list>
<pin id="329" dir="0" index="0" bw="1" slack="1"/>
<pin id="330" dir="1" index="1" bw="1" slack="2147483647"/>
</pin_list>
<bind>
<opset="or_ln55 "/>
</bind>
</comp>

<comp id="332" class="1005" name="or_ln55_1_reg_332">
<pin_list>
<pin id="333" dir="0" index="0" bw="1" slack="0"/>
<pin id="334" dir="1" index="1" bw="1" slack="0"/>
</pin_list>
<bind>
<opset="or_ln55_1 "/>
</bind>
</comp>

<comp id="337" class="1005" name="gmem1_addr_read_reg_337">
<pin_list>
<pin id="338" dir="0" index="0" bw="512" slack="1"/>
<pin id="339" dir="1" index="1" bw="512" slack="1"/>
</pin_list>
<bind>
<opset="gmem1_addr_read "/>
</bind>
</comp>

</comp_list>

<net_list>
<net id="83"><net_src comp="6" pin="0"/><net_sink comp="80" pin=0"/></net>

<net id="87"><net_src comp="6" pin="0"/><net_sink comp="84" pin=0"/></net>

<net id="91"><net_src comp="6" pin="0"/><net_sink comp="88" pin=0"/></net>

<net id="96"><net_src comp="34" pin="0"/><net_sink comp="92" pin=0"/></net>

<net id="97"><net_src comp="2" pin="0"/><net_sink comp="92" pin=1"/></net>

<net id="103"><net_src comp="78" pin="0"/><net_sink comp="98" pin=0"/></net>

<net id="104"><net_src comp="4" pin="0"/><net_sink comp="98" pin=1"/></net>

<net id="110"><net_src comp="70" pin="0"/><net_sink comp="105" pin=0"/></net>

<net id="111"><net_src comp="72" pin="0"/><net_sink comp="105" pin=2"/></net>

<net id="116"><net_src comp="74" pin="0"/><net_sink comp="112" pin=0"/></net>

<net id="126"><net_src comp="10" pin="0"/><net_sink comp="120" pin=0"/></net>

<net id="136"><net_src comp="10" pin="0"/><net_sink comp="130" pin=0"/></net>

<net id="137"><net_src comp="48" pin="0"/><net_sink comp="130" pin=2"/></net>

<net id="144"><net_src comp="36" pin="0"/><net_sink comp="138" pin=0"/></net>

<net id="145"><net_src comp="92" pin="2"/><net_sink comp="138" pin=1"/></net>

<net id="146"><net_src comp="38" pin="0"/><net_sink comp="138" pin=2"/></net>

<net id="147"><net_src comp="40" pin="0"/><net_sink comp="138" pin=3"/></net>

<net id="151"><net_src comp="138" pin="4"/><net_sink comp="148" pin=0"/></net>

<net id="156"><net_src comp="0" pin="0"/><net_sink comp="152" pin=0"/></net>

<net id="157"><net_src comp="148" pin="1"/><net_sink comp="152" pin=1"/></net>

<net id="162"><net_src comp="42" pin="0"/><net_sink comp="158" pin=0"/></net>

<net id="167"><net_src comp="44" pin="0"/><net_sink comp="163" pin=0"/></net>

<net id="172"><net_src comp="46" pin="0"/><net_sink comp="168" pin=0"/></net>

<net id="186"><net_src comp="179" pin="1"/><net_sink comp="182" pin=0"/></net>

<net id="187"><net_src comp="50" pin="0"/><net_sink comp="182" pin=1"/></net>

<net id="192"><net_src comp="179" pin="1"/><net_sink comp="188" pin=0"/></net>

<net id="193"><net_src comp="52" pin="0"/><net_sink comp="188" pin=1"/></net>

<net id="198"><net_src comp="176" pin="1"/><net_sink comp="194" pin=0"/></net>

<net id="199"><net_src comp="62" pin="0"/><net_sink comp="194" pin=1"/></net>

<net id="204"><net_src comp="194" pin="2"/><net_sink comp="200" pin=0"/></net>

<net id="205"><net_src comp="130" pin="4"/><net_sink comp="200" pin=1"/></net>

<net id="210"><net_src comp="194" pin="2"/><net_sink comp="206" pin=0"/></net>

<net id="211"><net_src comp="10" pin="0"/><net_sink comp="206" pin=1"/></net>

<net id="216"><net_src comp="173" pin="1"/><net_sink comp="212" pin=0"/></net>

<net id="217"><net_src comp="64" pin="0"/><net_sink comp="212" pin=1"/></net>

<net id="222"><net_src comp="212" pin="2"/><net_sink comp="218" pin=0"/></net>

<net id="223"><net_src comp="206" pin="2"/><net_sink comp="218" pin=1"/></net>

<net id="228"><net_src comp="218" pin="2"/><net_sink comp="224" pin=0"/></net>

<net id="229"><net_src comp="200" pin="2"/><net_sink comp="224" pin=1"/></net>

<net id="234"><net_src comp="212" pin="2"/><net_sink comp="230" pin=0"/></net>

<net id="235"><net_src comp="10" pin="0"/><net_sink comp="230" pin=1"/></net>

<net id="240"><net_src comp="120" pin="4"/><net_sink comp="236" pin=0"/></net>

<net id="241"><net_src comp="230" pin="2"/><net_sink comp="236" pin=1"/></net>

<net id="246"><net_src comp="194" pin="2"/><net_sink comp="242" pin=0"/></net>

<net id="247"><net_src comp="236" pin="2"/><net_sink comp="242" pin=1"/></net>

<net id="252"><net_src comp="173" pin="1"/><net_sink comp="248" pin=0"/></net>

<net id="253"><net_src comp="66" pin="0"/><net_sink comp="248" pin=1"/></net>

<net id="258"><net_src comp="218" pin="2"/><net_sink comp="254" pin=0"/></net>

<net id="259"><net_src comp="194" pin="2"/><net_sink comp="254" pin=1"/></net>

<net id="265"><net_src comp="254" pin="2"/><net_sink comp="260" pin=0"/></net>

<net id="266"><net_src comp="66" pin="0"/><net_sink comp="260" pin=1"/></net>

<net id="267"><net_src comp="248" pin="2"/><net_sink comp="260" pin=2"/></net>

<net id="272"><net_src comp="176" pin="1"/><net_sink comp="268" pin=0"/></net>

<net id="273"><net_src comp="68" pin="0"/><net_sink comp="268" pin=1"/></net>

<net id="279"><net_src comp="194" pin="2"/><net_sink comp="274" pin=0"/></net>

<net id="280"><net_src comp="68" pin="0"/><net_sink comp="274" pin=1"/></net>

<net id="281"><net_src comp="268" pin="2"/><net_sink comp="274" pin=2"/></net>

<net id="286"><net_src comp="188" pin="2"/><net_sink comp="282" pin=0"/></net>

<net id="291"><net_src comp="274" pin="3"/><net_sink comp="287" pin=0"/></net>

<net id="296"><net_src comp="260" pin="3"/><net_sink comp="292" pin=0"/></net>

<net id="300"><net_src comp="80" pin="1"/><net_sink comp="297" pin=0"/></net>

<net id="301"><net_src comp="297" pin="1"/><net_sink comp="168" pin=1"/></net>

<net id="302"><net_src comp="297" pin="1"/><net_sink comp="173" pin=0"/></net>

<net id="303"><net_src comp="297" pin="1"/><net_sink comp="292" pin=1"/></net>

<net id="307"><net_src comp="84" pin="1"/><net_sink comp="304" pin=0"/></net>

<net id="308"><net_src comp="304" pin="1"/><net_sink comp="163" pin=1"/></net>

<net id="309"><net_src comp="304" pin="1"/><net_sink comp="176" pin=0"/></net>

<net id="310"><net_src comp="304" pin="1"/><net_sink comp="287" pin=1"/></net>

<net id="314"><net_src comp="88" pin="1"/><net_sink comp="311" pin=0"/></net>

<net id="315"><net_src comp="311" pin="1"/><net_sink comp="158" pin=1"/></net>

<net id="316"><net_src comp="311" pin="1"/><net_sink comp="179" pin=0"/></net>

<net id="317"><net_src comp="311" pin="1"/><net_sink comp="282" pin=1"/></net>

<net id="321"><net_src comp="152" pin="2"/><net_sink comp="318" pin=0"/></net>

<net id="322"><net_src comp="318" pin="1"/><net_sink comp="105" pin=1"/></net>

<net id="323"><net_src comp="318" pin="1"/><net_sink comp="112" pin=1"/></net>

<net id="327"><net_src comp="182" pin="2"/><net_sink comp="324" pin=0"/></net>

<net id="331"><net_src comp="224" pin="2"/><net_sink comp="328" pin=0"/></net>

<net id="335"><net_src comp="242" pin="2"/><net_sink comp="332" pin=0"/></net>

<net id="336"><net_src comp="332" pin="1"/><net_sink comp="120" pin=2"/></net>

<net id="340"><net_src comp="112" pin="2"/><net_sink comp="337" pin=0"/></net>

<net id="341"><net_src comp="337" pin="1"/><net_sink comp="98" pin=2"/></net>

</net_list>

</model> 
---------------- Datapath Model END ------------------

* FSMD analyzer results:
  - Output states:
	Port: W_stream | {11 }
 - Input state : 
	Port: gemm_read_W : gmem1 | {2 3 4 5 6 7 8 9 10 }
	Port: gemm_read_W : W | {1 }
  - Chain level:
	State 1
		sext_ln55 : 1
		gmem1_addr : 2
		store_ln0 : 1
		store_ln0 : 1
		store_ln56 : 1
		first_iter_1 : 1
		first_iter_0 : 1
		k_1 : 1
		indvar_flatten_load : 1
		indvar_flatten12_load : 1
		icmp_ln53 : 2
		add_ln53 : 2
		br_ln53 : 3
		icmp_ln55 : 2
		or_ln53 : 3
		xor_ln53 : 3
		icmp_ln56 : 2
		and_ln53 : 3
		or_ln55 : 3
		xor_ln55 : 3
		and_ln55 : 3
		or_ln55_1 : 3
		br_ln56 : 3
		br_ln55 : 3
		add_ln56 : 2
		or_ln56 : 3
		select_ln56 : 3
		add_ln55 : 2
		select_ln55 : 3
		store_ln53 : 3
		store_ln55 : 4
		store_ln56 : 4
	State 2
	State 3
	State 4
	State 5
	State 6
	State 7
	State 8
	State 9
	State 10
	State 11


============================================================
+ Verbose Summary: Datapath Resource usage 
============================================================

* Functional unit list:
|----------|-----------------------------|---------|---------|
| Operation|       Functional Unit       |    FF   |   LUT   |
|----------|-----------------------------|---------|---------|
|          |       icmp_ln53_fu_182      |    0    |    23   |
|   icmp   |       icmp_ln55_fu_194      |    0    |    19   |
|          |       icmp_ln56_fu_212      |    0    |    14   |
|----------|-----------------------------|---------|---------|
|          |       add_ln53_fu_188       |    0    |    23   |
|    add   |       add_ln56_fu_248       |    0    |    14   |
|          |       add_ln55_fu_268       |    0    |    19   |
|----------|-----------------------------|---------|---------|
|  select  |      select_ln56_fu_260     |    0    |    7    |
|          |      select_ln55_fu_274     |    0    |    11   |
|----------|-----------------------------|---------|---------|
|          |        or_ln53_fu_200       |    0    |    2    |
|    or    |        or_ln55_fu_224       |    0    |    2    |
|          |       or_ln55_1_fu_242      |    0    |    2    |
|          |        or_ln56_fu_254       |    0    |    2    |
|----------|-----------------------------|---------|---------|
|    xor   |       xor_ln53_fu_206       |    0    |    2    |
|          |       xor_ln55_fu_230       |    0    |    2    |
|----------|-----------------------------|---------|---------|
|    and   |       and_ln53_fu_218       |    0    |    2    |
|          |       and_ln55_fu_236       |    0    |    2    |
|----------|-----------------------------|---------|---------|
|   read   |      W_read_read_fu_92      |    0    |    0    |
|          | gmem1_addr_read_read_fu_112 |    0    |    0    |
|----------|-----------------------------|---------|---------|
|   write  |    write_ln59_write_fu_98   |    0    |    0    |
|----------|-----------------------------|---------|---------|
|  readreq |      grp_readreq_fu_105     |    0    |    0    |
|----------|-----------------------------|---------|---------|
|partselect|       trunc_ln_fu_138       |    0    |    0    |
|----------|-----------------------------|---------|---------|
|   sext   |       sext_ln55_fu_148      |    0    |    0    |
|----------|-----------------------------|---------|---------|
|   Total  |                             |    0    |   146   |
|----------|-----------------------------|---------|---------|

Memories:
N/A

* Register list:
+------------------------+--------+
|                        |   FF   |
+------------------------+--------+
|  first_iter_0_reg_127  |    1   |
|  first_iter_1_reg_117  |    1   |
| gmem1_addr_read_reg_337|   512  |
|   gmem1_addr_reg_318   |   512  |
|    icmp_ln53_reg_324   |    1   |
|indvar_flatten12_reg_311|   16   |
| indvar_flatten_reg_304 |   12   |
|        k_reg_297       |    7   |
|    or_ln55_1_reg_332   |    1   |
|     or_ln55_reg_328    |    1   |
+------------------------+--------+
|          Total         |  1064  |
+------------------------+--------+

* Multiplexer (MUX) list: 
|--------|------|------|------|--------|
|  Comp  |  Pin | Size |  BW  | S x BW |
|--------|------|------|------|--------|
|  Total |      |      |      |    0   |
|--------|------|------|------|--------|



* Summary:
+-----------+--------+--------+
|           |   FF   |   LUT  |
+-----------+--------+--------+
|  Function |    0   |   146  |
|   Memory  |    -   |    -   |
|Multiplexer|    -   |    -   |
|  Register |  1064  |    -   |
+-----------+--------+--------+
|   Total   |  1064  |   146  |
+-----------+--------+--------+
