

================================================================
== Vitis HLS Report for 'gemm_write'
================================================================
* Date:           Thu Apr 16 10:08:42 2026

* Version:        2025.2 (Build 6295257 on Nov 14 2025)
* Project:        integrated_gcn_approx
* Solution:       hls (Vivado IP Flow Target)
* Product family: zynquplus
* Target device:  xck26-sfvc784-2LV-c


================================================================
== Performance Estimates
================================================================
+ Timing: 
    * Summary: 
    +--------+----------+----------+------------+
    |  Clock |  Target  | Estimated| Uncertainty|
    +--------+----------+----------+------------+
    |ap_clk  |  10.00 ns|  7.300 ns|     2.70 ns|
    +--------+----------+----------+------------+

+ Latency: 
    * Summary: 
    +---------+---------+-----------+-----------+------+------+------------------------------------------------+
    |  Latency (cycles) |   Latency (absolute)  |   Interval  |                    Pipeline                    |
    |   min   |   max   |    min    |    max    |  min |  max |                      Type                      |
    +---------+---------+-----------+-----------+------+------+------------------------------------------------+
    |     2760|     2760|  27.600 us|  27.600 us|  2753|  2753|  loop auto-rewind stp (delay=0 clock cycles(s))|
    +---------+---------+-----------+-----------+------+------+------------------------------------------------+

    + Detail: 
        * Instance: 
        N/A

        * Loop: 
        +-------------------------------------+---------+---------+----------+-----------+-----------+------+----------+
        |                                     |  Latency (cycles) | Iteration|  Initiation Interval  | Trip |          |
        |              Loop Name              |   min   |   max   |  Latency |  achieved |   target  | Count| Pipelined|
        +-------------------------------------+---------+---------+----------+-----------+-----------+------+----------+
        |- VITIS_LOOP_153_1_VITIS_LOOP_155_3  |     2758|     2758|         8|          1|          1|  2752|       yes|
        +-------------------------------------+---------+---------+----------+-----------+-----------+------+----------+

============================================================
+ Verbose Summary: Synthesis Manager
============================================================
InlineROM: 1
ExposeGlobal: 0
============================================================
+ Verbose Summary: CDFG Model
============================================================
IsTopModel: 0
ResetActiveHigh: 1
IsCombinational: 2
IsDatapathOnly: 0
HasWiredReturn: 1
HasMFsm: 2
HasVarLatency: 1
IsPipeline: 0
IsRtlPipelined: 0
IsInstanceOverlapped: 0
IsDontTouch: 0
HasImplIP: 0
IsGatedGlobalClock: 0

+ Individual pipeline summary: 
  * Pipeline-0: initiation interval (II) = 1, depth = 8


============================================================
+ Verbose Summary: Schedule
============================================================
* Number of FSM states : 8
* Pipeline : 1
  Pipeline-0 : II = 1, D = 8, States = { 1 2 3 4 5 6 7 8 }
* Dataflow Pipeline: 0

* FSM state transitions: 
1 --> 2 
2 --> 3 
3 --> 4 
4 --> 5 
5 --> 6 
6 --> 7 
7 --> 8 
8 --> 

* FSM state operations: 

State 1 <SV = 0> <Delay = 3.48>
ST_1 : Operation 11 [1/1] (0.00ns)   --->   "%i = alloca i32 1" [src/integrated-gcn/integrated_gcn_approx.cpp:155]   --->   Operation 11 'alloca' 'i' <Predicate = true> <Delay = 0.00>
ST_1 : Operation 12 [1/1] (0.00ns)   --->   "%ib = alloca i32 1" [src/integrated-gcn/integrated_gcn_approx.cpp:153]   --->   Operation 12 'alloca' 'ib' <Predicate = true> <Delay = 0.00>
ST_1 : Operation 13 [1/1] (0.00ns)   --->   "%indvar_flatten = alloca i32 1"   --->   Operation 13 'alloca' 'indvar_flatten' <Predicate = true> <Delay = 0.00>
ST_1 : Operation 14 [1/1] (0.00ns)   --->   "%specstablecontent_ln0 = specstablecontent void @_ssdm_op_SpecStableContent, i64 %H_temp, i1 1, void @p_str"   --->   Operation 14 'specstablecontent' 'specstablecontent_ln0' <Predicate = true> <Delay = 0.00>
ST_1 : Operation 15 [1/1] (0.00ns)   --->   "%specinterface_ln0 = specinterface void @_ssdm_op_SpecInterface, i512 %XW_stream, void @empty_6, i32 0, i32 0, void @empty_20, i32 0, i32 0, void @empty_20, void @empty_20, void @empty_20, i32 0, i32 0, i32 0, i32 0, void @empty_20, void @empty_20, i32 4294967295, i32 0, i32 0, i32 0"   --->   Operation 15 'specinterface' 'specinterface_ln0' <Predicate = true> <Delay = 0.00>
ST_1 : Operation 16 [1/1] (0.00ns)   --->   "%specinterface_ln0 = specinterface void @_ssdm_op_SpecInterface, i512 %gmem2, void @empty_29, i32 0, i32 0, void @empty_20, i32 0, i32 0, void @empty_2, void @empty_9, void @empty_20, i32 16, i32 16, i32 16, i32 16, void @empty_20, void @empty_20, i32 4294967295, i32 0, i32 0, i32 64"   --->   Operation 16 'specinterface' 'specinterface_ln0' <Predicate = true> <Delay = 0.00>
ST_1 : Operation 17 [1/1] (0.00ns)   --->   "%H_temp_read = read i64 @_ssdm_op_Read.ap_auto.i64, i64 %H_temp" [src/integrated-gcn/integrated_gcn_approx.cpp:150]   --->   Operation 17 'read' 'H_temp_read' <Predicate = true> <Delay = 0.00>
ST_1 : Operation 18 [1/1] (0.42ns)   --->   "%store_ln0 = store i12 0, i12 %indvar_flatten"   --->   Operation 18 'store' 'store_ln0' <Predicate = true> <Delay = 0.42>
ST_1 : Operation 19 [1/1] (0.42ns)   --->   "%store_ln153 = store i6 0, i6 %ib" [src/integrated-gcn/integrated_gcn_approx.cpp:153]   --->   Operation 19 'store' 'store_ln153' <Predicate = true> <Delay = 0.42>
ST_1 : Operation 20 [1/1] (0.42ns)   --->   "%store_ln155 = store i7 0, i7 %i" [src/integrated-gcn/integrated_gcn_approx.cpp:155]   --->   Operation 20 'store' 'store_ln155' <Predicate = true> <Delay = 0.42>
ST_1 : Operation 21 [1/1] (0.00ns)   --->   "%br_ln153 = br void %VITIS_LOOP_156_4" [src/integrated-gcn/integrated_gcn_approx.cpp:153]   --->   Operation 21 'br' 'br_ln153' <Predicate = true> <Delay = 0.00>
ST_1 : Operation 22 [1/1] (0.00ns)   --->   "%indvar_flatten_load = load i12 %indvar_flatten" [src/integrated-gcn/integrated_gcn_approx.cpp:153]   --->   Operation 22 'load' 'indvar_flatten_load' <Predicate = true> <Delay = 0.00>
ST_1 : Operation 23 [1/1] (0.80ns)   --->   "%icmp_ln153 = icmp_eq  i12 %indvar_flatten_load, i12 2752" [src/integrated-gcn/integrated_gcn_approx.cpp:153]   --->   Operation 23 'icmp' 'icmp_ln153' <Predicate = true> <Delay = 0.80> <CoreInst = "Cmp">   --->   Core 9 'Cmp' <Latency = 0> <II = 1> <Delay = 0.80> <FuncUnit> <Opcode : 'seteq' 'setne' 'setle' 'setge' 'setlt' 'setgt'> <InPorts = 2> <OutPorts = 1>
ST_1 : Operation 24 [1/1] (0.80ns)   --->   "%add_ln153 = add i12 %indvar_flatten_load, i12 1" [src/integrated-gcn/integrated_gcn_approx.cpp:153]   --->   Operation 24 'add' 'add_ln153' <Predicate = true> <Delay = 0.80> <CoreInst = "Adder">   --->   Core 1 'Adder' <Latency = 0> <II = 1> <Delay = 0.80> <FuncUnit> <Opcode : 'add' 'sub'> <InPorts = 2> <OutPorts = 1>
ST_1 : Operation 25 [1/1] (0.00ns)   --->   "%br_ln153 = br i1 %icmp_ln153, void %for.inc26, void %for.end28" [src/integrated-gcn/integrated_gcn_approx.cpp:153]   --->   Operation 25 'br' 'br_ln153' <Predicate = true> <Delay = 0.00>
ST_1 : Operation 26 [1/1] (0.00ns)   --->   "%i_load = load i7 %i" [src/integrated-gcn/integrated_gcn_approx.cpp:155]   --->   Operation 26 'load' 'i_load' <Predicate = (!icmp_ln153)> <Delay = 0.00>
ST_1 : Operation 27 [1/1] (0.00ns)   --->   "%ib_load = load i6 %ib" [src/integrated-gcn/integrated_gcn_approx.cpp:153]   --->   Operation 27 'load' 'ib_load' <Predicate = (!icmp_ln153)> <Delay = 0.00>
ST_1 : Operation 28 [1/1] (0.77ns)   --->   "%icmp_ln155 = icmp_eq  i7 %i_load, i7 64" [src/integrated-gcn/integrated_gcn_approx.cpp:155]   --->   Operation 28 'icmp' 'icmp_ln155' <Predicate = (!icmp_ln153)> <Delay = 0.77> <CoreInst = "Cmp">   --->   Core 9 'Cmp' <Latency = 0> <II = 1> <Delay = 0.77> <FuncUnit> <Opcode : 'seteq' 'setne' 'setle' 'setge' 'setlt' 'setgt'> <InPorts = 2> <OutPorts = 1>
ST_1 : Operation 29 [1/1] (0.36ns)   --->   "%select_ln153 = select i1 %icmp_ln155, i7 0, i7 %i_load" [src/integrated-gcn/integrated_gcn_approx.cpp:153]   --->   Operation 29 'select' 'select_ln153' <Predicate = (!icmp_ln153)> <Delay = 0.36> <CoreInst = "Sel">   --->   Core 73 'Sel' <Latency = 0> <II = 1> <Delay = 0.36> <FuncUnit> <Opcode : 'select'> <InPorts = 3> <OutPorts = 1>
ST_1 : Operation 30 [1/1] (0.78ns)   --->   "%add_ln153_1 = add i6 %ib_load, i6 1" [src/integrated-gcn/integrated_gcn_approx.cpp:153]   --->   Operation 30 'add' 'add_ln153_1' <Predicate = (!icmp_ln153)> <Delay = 0.78> <CoreInst = "Adder">   --->   Core 1 'Adder' <Latency = 0> <II = 1> <Delay = 0.78> <FuncUnit> <Opcode : 'add' 'sub'> <InPorts = 2> <OutPorts = 1>
ST_1 : Operation 31 [1/1] (0.38ns)   --->   "%select_ln153_1 = select i1 %icmp_ln155, i6 %add_ln153_1, i6 %ib_load" [src/integrated-gcn/integrated_gcn_approx.cpp:153]   --->   Operation 31 'select' 'select_ln153_1' <Predicate = (!icmp_ln153)> <Delay = 0.38> <CoreInst = "Sel">   --->   Core 73 'Sel' <Latency = 0> <II = 1> <Delay = 0.38> <FuncUnit> <Opcode : 'select'> <InPorts = 3> <OutPorts = 1>
ST_1 : Operation 32 [1/1] (0.00ns)   --->   "%shl_ln = bitconcatenate i12 @_ssdm_op_BitConcatenate.i12.i6.i6, i6 %select_ln153_1, i6 0" [src/integrated-gcn/integrated_gcn_approx.cpp:159]   --->   Operation 32 'bitconcatenate' 'shl_ln' <Predicate = (!icmp_ln153)> <Delay = 0.00>
ST_1 : Operation 33 [1/1] (0.00ns)   --->   "%zext_ln155 = zext i7 %select_ln153" [src/integrated-gcn/integrated_gcn_approx.cpp:155]   --->   Operation 33 'zext' 'zext_ln155' <Predicate = (!icmp_ln153)> <Delay = 0.00>
ST_1 : Operation 34 [1/1] (0.80ns)   --->   "%add_ln159 = add i12 %shl_ln, i12 %zext_ln155" [src/integrated-gcn/integrated_gcn_approx.cpp:159]   --->   Operation 34 'add' 'add_ln159' <Predicate = (!icmp_ln153)> <Delay = 0.80> <CoreInst = "Adder">   --->   Core 1 'Adder' <Latency = 0> <II = 1> <Delay = 0.80> <FuncUnit> <Opcode : 'add' 'sub'> <InPorts = 2> <OutPorts = 1>
ST_1 : Operation 35 [1/1] (0.80ns)   --->   "%icmp_ln159 = icmp_ult  i12 %add_ln159, i12 2708" [src/integrated-gcn/integrated_gcn_approx.cpp:159]   --->   Operation 35 'icmp' 'icmp_ln159' <Predicate = (!icmp_ln153)> <Delay = 0.80> <CoreInst = "Cmp">   --->   Core 9 'Cmp' <Latency = 0> <II = 1> <Delay = 0.80> <FuncUnit> <Opcode : 'seteq' 'setne' 'setle' 'setge' 'setlt' 'setgt'> <InPorts = 2> <OutPorts = 1>
ST_1 : Operation 36 [1/1] (0.00ns)   --->   "%br_ln159 = br i1 %icmp_ln159, void %for.inc20, void %if.then" [src/integrated-gcn/integrated_gcn_approx.cpp:159]   --->   Operation 36 'br' 'br_ln159' <Predicate = (!icmp_ln153)> <Delay = 0.00>
ST_1 : Operation 37 [1/1] (0.00ns)   --->   "%shl_ln2 = bitconcatenate i18 @_ssdm_op_BitConcatenate.i18.i12.i6, i12 %add_ln159, i6 0" [src/integrated-gcn/integrated_gcn_approx.cpp:160]   --->   Operation 37 'bitconcatenate' 'shl_ln2' <Predicate = (!icmp_ln153 & icmp_ln159)> <Delay = 0.00>
ST_1 : Operation 38 [1/1] (0.00ns)   --->   "%zext_ln160 = zext i18 %shl_ln2" [src/integrated-gcn/integrated_gcn_approx.cpp:160]   --->   Operation 38 'zext' 'zext_ln160' <Predicate = (!icmp_ln153 & icmp_ln159)> <Delay = 0.00>
ST_1 : Operation 39 [1/1] (1.08ns)   --->   "%add_ln160 = add i64 %zext_ln160, i64 %H_temp_read" [src/integrated-gcn/integrated_gcn_approx.cpp:160]   --->   Operation 39 'add' 'add_ln160' <Predicate = (!icmp_ln153 & icmp_ln159)> <Delay = 1.08> <CoreInst = "Adder">   --->   Core 1 'Adder' <Latency = 0> <II = 1> <Delay = 1.08> <FuncUnit> <Opcode : 'add' 'sub'> <InPorts = 2> <OutPorts = 1>
ST_1 : Operation 40 [1/1] (0.00ns)   --->   "%trunc_ln = partselect i58 @_ssdm_op_PartSelect.i58.i64.i32.i32, i64 %add_ln160, i32 6, i32 63" [src/integrated-gcn/integrated_gcn_approx.cpp:161]   --->   Operation 40 'partselect' 'trunc_ln' <Predicate = (!icmp_ln153 & icmp_ln159)> <Delay = 0.00>
ST_1 : Operation 41 [1/1] (0.77ns)   --->   "%add_ln155 = add i7 %select_ln153, i7 1" [src/integrated-gcn/integrated_gcn_approx.cpp:155]   --->   Operation 41 'add' 'add_ln155' <Predicate = (!icmp_ln153)> <Delay = 0.77> <CoreInst = "Adder">   --->   Core 1 'Adder' <Latency = 0> <II = 1> <Delay = 0.77> <FuncUnit> <Opcode : 'add' 'sub'> <InPorts = 2> <OutPorts = 1>
ST_1 : Operation 42 [1/1] (0.42ns)   --->   "%store_ln153 = store i12 %add_ln153, i12 %indvar_flatten" [src/integrated-gcn/integrated_gcn_approx.cpp:153]   --->   Operation 42 'store' 'store_ln153' <Predicate = (!icmp_ln153)> <Delay = 0.42>
ST_1 : Operation 43 [1/1] (0.42ns)   --->   "%store_ln153 = store i6 %select_ln153_1, i6 %ib" [src/integrated-gcn/integrated_gcn_approx.cpp:153]   --->   Operation 43 'store' 'store_ln153' <Predicate = (!icmp_ln153)> <Delay = 0.42>
ST_1 : Operation 44 [1/1] (0.42ns)   --->   "%store_ln155 = store i7 %add_ln155, i7 %i" [src/integrated-gcn/integrated_gcn_approx.cpp:155]   --->   Operation 44 'store' 'store_ln155' <Predicate = (!icmp_ln153)> <Delay = 0.42>
ST_1 : Operation 45 [1/1] (0.00ns)   --->   "%br_ln155 = br void %VITIS_LOOP_156_4" [src/integrated-gcn/integrated_gcn_approx.cpp:155]   --->   Operation 45 'br' 'br_ln155' <Predicate = (!icmp_ln153)> <Delay = 0.00>

State 2 <SV = 1> <Delay = 7.30>
ST_2 : Operation 46 [1/1] (0.00ns)   --->   "%specloopname_ln0 = specloopname void @_ssdm_op_SpecLoopName, void @VITIS_LOOP_153_1_VITIS_LOOP_155_3_str"   --->   Operation 46 'specloopname' 'specloopname_ln0' <Predicate = true> <Delay = 0.00>
ST_2 : Operation 47 [1/1] (0.00ns)   --->   "%speclooptripcount_ln0 = speclooptripcount void @_ssdm_op_SpecLoopTripCount, i64 2752, i64 2752, i64 2752"   --->   Operation 47 'speclooptripcount' 'speclooptripcount_ln0' <Predicate = true> <Delay = 0.00>
ST_2 : Operation 48 [1/1] (0.00ns)   --->   "%specpipeline_ln155 = specpipeline void @_ssdm_op_SpecPipeline, i32 4294967295, i32 0, i32 0, i32 0, i32 4294967295, void @empty_20" [src/integrated-gcn/integrated_gcn_approx.cpp:155]   --->   Operation 48 'specpipeline' 'specpipeline_ln155' <Predicate = true> <Delay = 0.00>
ST_2 : Operation 49 [1/1] ( I:1.62ns O:1.62ns )   --->   "%XW_stream_read = read i512 @_ssdm_op_Read.ap_fifo.volatile.i512P0A, i512 %XW_stream" [src/integrated-gcn/integrated_gcn_approx.cpp:158]   --->   Operation 49 'read' 'XW_stream_read' <Predicate = true> <Delay = 1.62> <CoreInst = "FIFO">   --->   Core 77 'FIFO' <Latency = 0> <II = 1> <Delay = 1.62> <Storage> <Opcode : 'read' 'write' 'nbread' 'nbwrite'> <Ports = 0> <Width = 512> <Depth = 16> <FIFO>
ST_2 : Operation 50 [1/1] (0.00ns)   --->   "%sext_ln161 = sext i58 %trunc_ln" [src/integrated-gcn/integrated_gcn_approx.cpp:161]   --->   Operation 50 'sext' 'sext_ln161' <Predicate = (icmp_ln159)> <Delay = 0.00>
ST_2 : Operation 51 [1/1] (0.00ns)   --->   "%gmem2_addr = getelementptr i512 %gmem2, i64 %sext_ln161" [src/integrated-gcn/integrated_gcn_approx.cpp:161]   --->   Operation 51 'getelementptr' 'gmem2_addr' <Predicate = (icmp_ln159)> <Delay = 0.00>
ST_2 : Operation 52 [1/1] ( I:7.30ns O:7.30ns )   --->   "%gmem2_addr_req = writereq i1 @_ssdm_op_WriteReq.m_axi.i512P1A, i512 %gmem2_addr, i64 1" [src/integrated-gcn/integrated_gcn_approx.cpp:161]   --->   Operation 52 'writereq' 'gmem2_addr_req' <Predicate = (icmp_ln159)> <Delay = 7.30> <CoreInst = "m_axi">   --->   Core 119 'm_axi' <Latency = 9> <II = 1> <Delay = 1.00> <Adapter> <Opcode : 'readrequnaligned' 'writerequnaligned' 'read' 'write' 'readreq' 'writereq' 'writeresp'>

State 3 <SV = 2> <Delay = 7.30>
ST_3 : Operation 53 [1/1] ( I:7.30ns O:7.30ns )   --->   "%write_ln161 = write void @_ssdm_op_Write.m_axi.i512P1A, i512 %gmem2_addr, i512 %XW_stream_read, i64 18446744073709551615" [src/integrated-gcn/integrated_gcn_approx.cpp:161]   --->   Operation 53 'write' 'write_ln161' <Predicate = (icmp_ln159)> <Delay = 7.30> <CoreInst = "m_axi">   --->   Core 119 'm_axi' <Latency = 5> <II = 1> <Delay = 1.00> <Adapter> <Opcode : 'readrequnaligned' 'writerequnaligned' 'read' 'write' 'readreq' 'writereq' 'writeresp'>

State 4 <SV = 3> <Delay = 0.00>
ST_4 : Operation 54 [5/5] (7.30ns)   --->   "%gmem2_addr_resp = writeresp i1 @_ssdm_op_WriteResp.m_axi.i512P1A, i512 %gmem2_addr" [src/integrated-gcn/integrated_gcn_approx.cpp:161]   --->   Operation 54 'writeresp' 'gmem2_addr_resp' <Predicate = (icmp_ln159)> <Delay = 7.30> <CoreInst = "m_axi">   --->   Core 119 'm_axi' <Latency = 3> <II = 1> <Delay = 1.00> <Adapter> <Opcode : 'readrequnaligned' 'writerequnaligned' 'read' 'write' 'readreq' 'writereq' 'writeresp'>

State 5 <SV = 4> <Delay = 0.00>
ST_5 : Operation 55 [4/5] (7.30ns)   --->   "%gmem2_addr_resp = writeresp i1 @_ssdm_op_WriteResp.m_axi.i512P1A, i512 %gmem2_addr" [src/integrated-gcn/integrated_gcn_approx.cpp:161]   --->   Operation 55 'writeresp' 'gmem2_addr_resp' <Predicate = (icmp_ln159)> <Delay = 7.30> <CoreInst = "m_axi">   --->   Core 119 'm_axi' <Latency = 3> <II = 1> <Delay = 1.00> <Adapter> <Opcode : 'readrequnaligned' 'writerequnaligned' 'read' 'write' 'readreq' 'writereq' 'writeresp'>

State 6 <SV = 5> <Delay = 0.00>
ST_6 : Operation 56 [3/5] (7.30ns)   --->   "%gmem2_addr_resp = writeresp i1 @_ssdm_op_WriteResp.m_axi.i512P1A, i512 %gmem2_addr" [src/integrated-gcn/integrated_gcn_approx.cpp:161]   --->   Operation 56 'writeresp' 'gmem2_addr_resp' <Predicate = (icmp_ln159)> <Delay = 7.30> <CoreInst = "m_axi">   --->   Core 119 'm_axi' <Latency = 3> <II = 1> <Delay = 1.00> <Adapter> <Opcode : 'readrequnaligned' 'writerequnaligned' 'read' 'write' 'readreq' 'writereq' 'writeresp'>

State 7 <SV = 6> <Delay = 0.42>
ST_7 : Operation 57 [2/5] (7.30ns)   --->   "%gmem2_addr_resp = writeresp i1 @_ssdm_op_WriteResp.m_axi.i512P1A, i512 %gmem2_addr" [src/integrated-gcn/integrated_gcn_approx.cpp:161]   --->   Operation 57 'writeresp' 'gmem2_addr_resp' <Predicate = (icmp_ln159)> <Delay = 7.30> <CoreInst = "m_axi">   --->   Core 119 'm_axi' <Latency = 3> <II = 1> <Delay = 1.00> <Adapter> <Opcode : 'readrequnaligned' 'writerequnaligned' 'read' 'write' 'readreq' 'writereq' 'writeresp'>
ST_7 : Operation 60 [1/1] (0.42ns)   --->   "%ret_ln166 = ret" [src/integrated-gcn/integrated_gcn_approx.cpp:166]   --->   Operation 60 'ret' 'ret_ln166' <Predicate = (icmp_ln153)> <Delay = 0.42>

State 8 <SV = 7> <Delay = 7.30>
ST_8 : Operation 58 [1/5] ( I:7.30ns O:7.30ns )   --->   "%gmem2_addr_resp = writeresp i1 @_ssdm_op_WriteResp.m_axi.i512P1A, i512 %gmem2_addr" [src/integrated-gcn/integrated_gcn_approx.cpp:161]   --->   Operation 58 'writeresp' 'gmem2_addr_resp' <Predicate = (icmp_ln159)> <Delay = 7.30> <CoreInst = "m_axi">   --->   Core 119 'm_axi' <Latency = 3> <II = 1> <Delay = 1.00> <Adapter> <Opcode : 'readrequnaligned' 'writerequnaligned' 'read' 'write' 'readreq' 'writereq' 'writeresp'>
ST_8 : Operation 59 [1/1] (0.00ns)   --->   "%br_ln160 = br void %for.inc20" [src/integrated-gcn/integrated_gcn_approx.cpp:160]   --->   Operation 59 'br' 'br_ln160' <Predicate = (icmp_ln159)> <Delay = 0.00>


============================================================
+ Verbose Summary: Timing violations
============================================================
Target clock period: 10.000ns, clock uncertainty: 2.700ns.

 <State 1>: 3.486ns
The critical path consists of the following:
	'store' operation ('store_ln153', src/integrated-gcn/integrated_gcn_approx.cpp:153) of constant 0 6 bit on local variable 'ib', src/integrated-gcn/integrated_gcn_approx.cpp:153 [12]  (0.427 ns)
	'load' operation 6 bit ('ib_load', src/integrated-gcn/integrated_gcn_approx.cpp:153) on local variable 'ib', src/integrated-gcn/integrated_gcn_approx.cpp:153 [22]  (0.000 ns)
	'add' operation 6 bit ('add_ln153_1', src/integrated-gcn/integrated_gcn_approx.cpp:153) [27]  (0.781 ns)
	'select' operation 6 bit ('select_ln153_1', src/integrated-gcn/integrated_gcn_approx.cpp:153) [28]  (0.384 ns)
	'add' operation 12 bit ('add_ln159', src/integrated-gcn/integrated_gcn_approx.cpp:159) [32]  (0.809 ns)
	'add' operation 64 bit ('add_ln160', src/integrated-gcn/integrated_gcn_approx.cpp:160) [39]  (1.085 ns)

 <State 2>: 7.300ns
The critical path consists of the following:
	'getelementptr' operation 512 bit ('gmem2_addr', src/integrated-gcn/integrated_gcn_approx.cpp:161) [42]  (0.000 ns)
	bus request operation ('gmem2_addr_req', src/integrated-gcn/integrated_gcn_approx.cpp:161) on port 'gmem2' (src/integrated-gcn/integrated_gcn_approx.cpp:161) [43]  (7.300 ns)

 <State 3>: 7.300ns
The critical path consists of the following:
	bus write operation ('write_ln161', src/integrated-gcn/integrated_gcn_approx.cpp:161) on port 'gmem2' (src/integrated-gcn/integrated_gcn_approx.cpp:161) [44]  (7.300 ns)

 <State 4>: 0.000ns
The critical path consists of the following:

 <State 5>: 0.000ns
The critical path consists of the following:

 <State 6>: 0.000ns
The critical path consists of the following:

 <State 7>: 0.427ns
The critical path consists of the following:

 <State 8>: 7.300ns
The critical path consists of the following:
	bus response operation ('gmem2_addr_resp', src/integrated-gcn/integrated_gcn_approx.cpp:161) on port 'gmem2' (src/integrated-gcn/integrated_gcn_approx.cpp:161) [45]  (7.300 ns)


============================================================
+ Verbose Summary: Binding
============================================================
N/A
* FSMD analyzer results:
  - Output states:
 - Input state : 
  - Chain level:
	State 1
	State 2
	State 3
	State 4
	State 5
	State 6
	State 7
	State 8


============================================================
+ Verbose Summary: Datapath Resource usage 
============================================================
N/A
