

================================================================
== Vitis HLS Report for 'gemm_write'
================================================================
* Date:           Thu Apr 16 10:08:45 2026

* Version:        2025.2 (Build 6295257 on Nov 14 2025)
* Project:        integrated_gcn_approx
* Solution:       hls (Vivado IP Flow Target)
* Product family: zynquplus
* Target device:  xck26-sfvc784-2LV-c


================================================================
== Performance Estimates
================================================================
+ Timing: 
    * Summary: 
    +--------+----------+----------+------------+
    |  Clock |  Target  | Estimated| Uncertainty|
    +--------+----------+----------+------------+
    |ap_clk  |  10.00 ns|  7.300 ns|     2.70 ns|
    +--------+----------+----------+------------+

+ Latency: 
    * Summary: 
    +---------+---------+-----------+-----------+------+------+------------------------------------------------+
    |  Latency (cycles) |   Latency (absolute)  |   Interval  |                    Pipeline                    |
    |   min   |   max   |    min    |    max    |  min |  max |                      Type                      |
    +---------+---------+-----------+-----------+------+------+------------------------------------------------+
    |     2760|     2760|  27.600 us|  27.600 us|  2753|  2753|  loop auto-rewind stp (delay=0 clock cycles(s))|
    +---------+---------+-----------+-----------+------+------+------------------------------------------------+

    + Detail: 
        * Instance: 
        N/A

        * Loop: 
        +-------------------------------------+---------+---------+----------+-----------+-----------+------+----------+
        |                                     |  Latency (cycles) | Iteration|  Initiation Interval  | Trip |          |
        |              Loop Name              |   min   |   max   |  Latency |  achieved |   target  | Count| Pipelined|
        +-------------------------------------+---------+---------+----------+-----------+-----------+------+----------+
        |- VITIS_LOOP_153_1_VITIS_LOOP_155_3  |     2758|     2758|         8|          1|          1|  2752|       yes|
        +-------------------------------------+---------+---------+----------+-----------+-----------+------+----------+



================================================================
== Utilization Estimates
================================================================
* Summary: 
+-----------------+---------+------+--------+--------+-----+
|       Name      | BRAM_18K|  DSP |   FF   |   LUT  | URAM|
+-----------------+---------+------+--------+--------+-----+
|DSP              |        -|     -|       -|       -|    -|
|Expression       |        -|     -|       0|     216|    -|
|FIFO             |        -|     -|       -|       -|    -|
|Instance         |        -|     -|       -|       -|    -|
|Memory           |        -|     -|       -|       -|    -|
|Multiplexer      |        -|     -|       0|     108|    -|
|Register         |        -|     -|     675|      32|    -|
+-----------------+---------+------+--------+--------+-----+
|Total            |        0|     0|     675|     356|    0|
+-----------------+---------+------+--------+--------+-----+
|Available        |      288|  1248|  234240|  117120|   64|
+-----------------+---------+------+--------+--------+-----+
|Utilization (%)  |        0|     0|      ~0|      ~0|    0|
+-----------------+---------+------+--------+--------+-----+

+ Detail: 
    * Instance: 
    N/A

    * DSP: 
    N/A

    * Memory: 
    N/A

    * FIFO: 
    N/A

    * Expression: 
    +---------------------------------------+----------+----+---+----+------------+------------+
    |             Variable Name             | Operation| DSP| FF| LUT| Bitwidth P0| Bitwidth P1|
    +---------------------------------------+----------+----+---+----+------------+------------+
    |add_ln153_1_fu_180_p2                  |         +|   0|  0|  13|           6|           1|
    |add_ln153_fu_154_p2                    |         +|   0|  0|  19|          12|           1|
    |add_ln155_fu_246_p2                    |         +|   0|  0|  14|           7|           1|
    |add_ln159_fu_206_p2                    |         +|   0|  0|  19|          12|          12|
    |add_ln160_fu_230_p2                    |         +|   0|  0|  71|          64|          64|
    |ap_block_state2_io_grp1                |       and|   0|  0|   2|           1|           1|
    |ap_block_state3_io_grp1                |       and|   0|  0|   2|           1|           1|
    |ap_block_state8_pp0_stage0_iter7_grp1  |       and|   0|  0|   2|           1|           1|
    |ap_condition_238                       |       and|   0|  0|   2|           1|           1|
    |icmp_ln153_fu_148_p2                   |      icmp|   0|  0|  19|          12|          12|
    |icmp_ln155_fu_166_p2                   |      icmp|   0|  0|  15|           7|           8|
    |icmp_ln159_fu_212_p2                   |      icmp|   0|  0|  19|          12|          12|
    |ap_block_pp0_stage0_01001_grp1         |        or|   0|  0|   2|           1|           1|
    |ap_block_pp0_stage0_11001              |        or|   0|  0|   2|           1|           1|
    |select_ln153_1_fu_186_p3               |    select|   0|  0|   6|           1|           6|
    |select_ln153_fu_172_p3                 |    select|   0|  0|   7|           1|           1|
    |ap_enable_pp0                          |       xor|   0|  0|   2|           1|           2|
    +---------------------------------------+----------+----+---+----+------------+------------+
    |Total                                  |          |   0|  0| 216|         141|         126|
    +---------------------------------------+----------+----+---+----+------------+------------+

    * Multiplexer: 
    +--------------------------------------+----+-----------+-----+-----------+
    |                 Name                 | LUT| Input Size| Bits| Total Bits|
    +--------------------------------------+----+-----------+-----+-----------+
    |XW_stream_blk_n                       |   9|          2|    1|          2|
    |ap_done_int                           |   9|          2|    1|          2|
    |ap_enable_reg_pp0_iter1               |   9|          2|    1|          2|
    |ap_sig_allocacmp_i_load               |   9|          2|    7|         14|
    |ap_sig_allocacmp_ib_load              |   9|          2|    6|         12|
    |ap_sig_allocacmp_indvar_flatten_load  |   9|          2|   12|         24|
    |gmem2_blk_n_AW                        |   9|          2|    1|          2|
    |gmem2_blk_n_B                         |   9|          2|    1|          2|
    |gmem2_blk_n_W                         |   9|          2|    1|          2|
    |i_fu_86                               |   9|          2|    7|         14|
    |ib_fu_90                              |   9|          2|    6|         12|
    |indvar_flatten_fu_94                  |   9|          2|   12|         24|
    +--------------------------------------+----+-----------+-----+-----------+
    |Total                                 | 108|         24|   56|        112|
    +--------------------------------------+----+-----------+-----+-----------+

    * Register: 
    +----------------------------------+-----+----+-----+-----------+
    |               Name               |  FF | LUT| Bits| Const Bits|
    +----------------------------------+-----+----+-----+-----------+
    |XW_stream_read_reg_311            |  512|   0|  512|          0|
    |ap_CS_fsm                         |    1|   0|    1|          0|
    |ap_done_reg                       |    1|   0|    1|          0|
    |ap_enable_reg_pp0_iter1           |    1|   0|    1|          0|
    |ap_enable_reg_pp0_iter2           |    1|   0|    1|          0|
    |ap_enable_reg_pp0_iter3           |    1|   0|    1|          0|
    |ap_enable_reg_pp0_iter4           |    1|   0|    1|          0|
    |ap_enable_reg_pp0_iter5           |    1|   0|    1|          0|
    |ap_enable_reg_pp0_iter6           |    1|   0|    1|          0|
    |ap_enable_reg_pp0_iter7           |    1|   0|    1|          0|
    |ap_loop_exit_ready_pp0_iter1_reg  |    1|   0|    1|          0|
    |ap_loop_exit_ready_pp0_iter2_reg  |    1|   0|    1|          0|
    |ap_loop_exit_ready_pp0_iter3_reg  |    1|   0|    1|          0|
    |ap_loop_exit_ready_pp0_iter4_reg  |    1|   0|    1|          0|
    |ap_loop_exit_ready_pp0_iter5_reg  |    1|   0|    1|          0|
    |ap_loop_exit_ready_pp0_iter6_reg  |    1|   0|    1|          0|
    |i_fu_86                           |    7|   0|    7|          0|
    |ib_fu_90                          |    6|   0|    6|          0|
    |icmp_ln159_reg_302                |    1|   0|    1|          0|
    |indvar_flatten_fu_94              |   12|   0|   12|          0|
    |trunc_ln_reg_306                  |   58|   0|   58|          0|
    |icmp_ln159_reg_302                |   64|  32|    1|          0|
    +----------------------------------+-----+----+-----+-----------+
    |Total                             |  675|  32|  612|          0|
    +----------------------------------+-----+----+-----+-----------+



================================================================
== Interface
================================================================
* Summary: 
+--------------------------+-----+-----+------------+--------------+--------------+
|         RTL Ports        | Dir | Bits|  Protocol  | Source Object|    C Type    |
+--------------------------+-----+-----+------------+--------------+--------------+
|ap_clk                    |   in|    1|  ap_ctrl_hs|    gemm_write|  return value|
|ap_rst                    |   in|    1|  ap_ctrl_hs|    gemm_write|  return value|
|ap_start                  |   in|    1|  ap_ctrl_hs|    gemm_write|  return value|
|ap_done                   |  out|    1|  ap_ctrl_hs|    gemm_write|  return value|
|ap_continue               |   in|    1|  ap_ctrl_hs|    gemm_write|  return value|
|ap_idle                   |  out|    1|  ap_ctrl_hs|    gemm_write|  return value|
|ap_ready                  |  out|    1|  ap_ctrl_hs|    gemm_write|  return value|
|XW_stream_dout            |   in|  512|     ap_fifo|     XW_stream|       pointer|
|XW_stream_empty_n         |   in|    1|     ap_fifo|     XW_stream|       pointer|
|XW_stream_read            |  out|    1|     ap_fifo|     XW_stream|       pointer|
|XW_stream_num_data_valid  |   in|    5|     ap_fifo|     XW_stream|       pointer|
|XW_stream_fifo_cap        |   in|    5|     ap_fifo|     XW_stream|       pointer|
|m_axi_gmem2_0_AWVALID     |  out|    1|       m_axi|         gmem2|       pointer|
|m_axi_gmem2_0_AWREADY     |   in|    1|       m_axi|         gmem2|       pointer|
|m_axi_gmem2_0_AWADDR      |  out|   64|       m_axi|         gmem2|       pointer|
|m_axi_gmem2_0_AWID        |  out|    1|       m_axi|         gmem2|       pointer|
|m_axi_gmem2_0_AWLEN       |  out|   32|       m_axi|         gmem2|       pointer|
|m_axi_gmem2_0_AWSIZE      |  out|    3|       m_axi|         gmem2|       pointer|
|m_axi_gmem2_0_AWBURST     |  out|    2|       m_axi|         gmem2|       pointer|
|m_axi_gmem2_0_AWLOCK      |  out|    2|       m_axi|         gmem2|       pointer|
|m_axi_gmem2_0_AWCACHE     |  out|    4|       m_axi|         gmem2|       pointer|
|m_axi_gmem2_0_AWPROT      |  out|    3|       m_axi|         gmem2|       pointer|
|m_axi_gmem2_0_AWQOS       |  out|    4|       m_axi|         gmem2|       pointer|
|m_axi_gmem2_0_AWREGION    |  out|    4|       m_axi|         gmem2|       pointer|
|m_axi_gmem2_0_AWUSER      |  out|    1|       m_axi|         gmem2|       pointer|
|m_axi_gmem2_0_WVALID      |  out|    1|       m_axi|         gmem2|       pointer|
|m_axi_gmem2_0_WREADY      |   in|    1|       m_axi|         gmem2|       pointer|
|m_axi_gmem2_0_WDATA       |  out|  512|       m_axi|         gmem2|       pointer|
|m_axi_gmem2_0_WSTRB       |  out|   64|       m_axi|         gmem2|       pointer|
|m_axi_gmem2_0_WLAST       |  out|    1|       m_axi|         gmem2|       pointer|
|m_axi_gmem2_0_WID         |  out|    1|       m_axi|         gmem2|       pointer|
|m_axi_gmem2_0_WUSER       |  out|    1|       m_axi|         gmem2|       pointer|
|m_axi_gmem2_0_ARVALID     |  out|    1|       m_axi|         gmem2|       pointer|
|m_axi_gmem2_0_ARREADY     |   in|    1|       m_axi|         gmem2|       pointer|
|m_axi_gmem2_0_ARADDR      |  out|   64|       m_axi|         gmem2|       pointer|
|m_axi_gmem2_0_ARID        |  out|    1|       m_axi|         gmem2|       pointer|
|m_axi_gmem2_0_ARLEN       |  out|   32|       m_axi|         gmem2|       pointer|
|m_axi_gmem2_0_ARSIZE      |  out|    3|       m_axi|         gmem2|       pointer|
|m_axi_gmem2_0_ARBURST     |  out|    2|       m_axi|         gmem2|       pointer|
|m_axi_gmem2_0_ARLOCK      |  out|    2|       m_axi|         gmem2|       pointer|
|m_axi_gmem2_0_ARCACHE     |  out|    4|       m_axi|         gmem2|       pointer|
|m_axi_gmem2_0_ARPROT      |  out|    3|       m_axi|         gmem2|       pointer|
|m_axi_gmem2_0_ARQOS       |  out|    4|       m_axi|         gmem2|       pointer|
|m_axi_gmem2_0_ARREGION    |  out|    4|       m_axi|         gmem2|       pointer|
|m_axi_gmem2_0_ARUSER      |  out|    1|       m_axi|         gmem2|       pointer|
|m_axi_gmem2_0_RVALID      |   in|    1|       m_axi|         gmem2|       pointer|
|m_axi_gmem2_0_RREADY      |  out|    1|       m_axi|         gmem2|       pointer|
|m_axi_gmem2_0_RDATA       |   in|  512|       m_axi|         gmem2|       pointer|
|m_axi_gmem2_0_RLAST       |   in|    1|       m_axi|         gmem2|       pointer|
|m_axi_gmem2_0_RID         |   in|    1|       m_axi|         gmem2|       pointer|
|m_axi_gmem2_0_RFIFONUM    |   in|    9|       m_axi|         gmem2|       pointer|
|m_axi_gmem2_0_RUSER       |   in|    1|       m_axi|         gmem2|       pointer|
|m_axi_gmem2_0_RRESP       |   in|    2|       m_axi|         gmem2|       pointer|
|m_axi_gmem2_0_BVALID      |   in|    1|       m_axi|         gmem2|       pointer|
|m_axi_gmem2_0_BREADY      |  out|    1|       m_axi|         gmem2|       pointer|
|m_axi_gmem2_0_BRESP       |   in|    2|       m_axi|         gmem2|       pointer|
|m_axi_gmem2_0_BID         |   in|    1|       m_axi|         gmem2|       pointer|
|m_axi_gmem2_0_BUSER       |   in|    1|       m_axi|         gmem2|       pointer|
|H_temp                    |   in|   64|   ap_stable|        H_temp|        scalar|
+--------------------------+-----+-----+------------+--------------+--------------+

============================================================
+ Verbose Summary: Synthesis Manager
============================================================
InlineROM: 1
ExposeGlobal: 0
============================================================
+ Verbose Summary: CDFG Model
============================================================
IsTopModel: 0
ResetActiveHigh: 1
IsCombinational: 2
IsDatapathOnly: 0
HasWiredReturn: 1
HasMFsm: 2
HasVarLatency: 1
IsPipeline: 0
IsRtlPipelined: 0
IsInstanceOverlapped: 0
IsDontTouch: 0
HasImplIP: 0
IsGatedGlobalClock: 0

+ Individual pipeline summary: 
  * Pipeline-0: initiation interval (II) = 1, depth = 8


============================================================
+ Verbose Summary: Schedule
============================================================
* Number of FSM states : 8
* Pipeline : 1
  Pipeline-0 : II = 1, D = 8, States = { 1 2 3 4 5 6 7 8 }
* Dataflow Pipeline: 0

* FSM state transitions: 
1 --> 2 
2 --> 3 
3 --> 4 
4 --> 5 
5 --> 6 
6 --> 7 
7 --> 8 
8 --> 

* FSM state operations: 

State 1 <SV = 0> <Delay = 3.48>
ST_1 : Operation 11 [1/1] (0.00ns)   --->   "%i = alloca i32 1" [src/integrated-gcn/integrated_gcn_approx.cpp:155]   --->   Operation 11 'alloca' 'i' <Predicate = true> <Delay = 0.00>
ST_1 : Operation 12 [1/1] (0.00ns)   --->   "%ib = alloca i32 1" [src/integrated-gcn/integrated_gcn_approx.cpp:153]   --->   Operation 12 'alloca' 'ib' <Predicate = true> <Delay = 0.00>
ST_1 : Operation 13 [1/1] (0.00ns)   --->   "%indvar_flatten = alloca i32 1"   --->   Operation 13 'alloca' 'indvar_flatten' <Predicate = true> <Delay = 0.00>
ST_1 : Operation 14 [1/1] (0.00ns)   --->   "%specstablecontent_ln0 = specstablecontent void @_ssdm_op_SpecStableContent, i64 %H_temp, i1 1, void @p_str"   --->   Operation 14 'specstablecontent' 'specstablecontent_ln0' <Predicate = true> <Delay = 0.00>
ST_1 : Operation 15 [1/1] (0.00ns)   --->   "%specinterface_ln0 = specinterface void @_ssdm_op_SpecInterface, i512 %XW_stream, void @empty_6, i32 0, i32 0, void @empty_20, i32 0, i32 0, void @empty_20, void @empty_20, void @empty_20, i32 0, i32 0, i32 0, i32 0, void @empty_20, void @empty_20, i32 4294967295, i32 0, i32 0, i32 0"   --->   Operation 15 'specinterface' 'specinterface_ln0' <Predicate = true> <Delay = 0.00>
ST_1 : Operation 16 [1/1] (0.00ns)   --->   "%specinterface_ln0 = specinterface void @_ssdm_op_SpecInterface, i512 %gmem2, void @empty_29, i32 0, i32 0, void @empty_20, i32 0, i32 0, void @empty_2, void @empty_9, void @empty_20, i32 16, i32 16, i32 16, i32 16, void @empty_20, void @empty_20, i32 4294967295, i32 0, i32 0, i32 64"   --->   Operation 16 'specinterface' 'specinterface_ln0' <Predicate = true> <Delay = 0.00>
ST_1 : Operation 17 [1/1] (0.00ns)   --->   "%H_temp_read = read i64 @_ssdm_op_Read.ap_auto.i64, i64 %H_temp" [src/integrated-gcn/integrated_gcn_approx.cpp:150]   --->   Operation 17 'read' 'H_temp_read' <Predicate = true> <Delay = 0.00>
ST_1 : Operation 18 [1/1] (0.42ns)   --->   "%store_ln0 = store i12 0, i12 %indvar_flatten"   --->   Operation 18 'store' 'store_ln0' <Predicate = true> <Delay = 0.42>
ST_1 : Operation 19 [1/1] (0.42ns)   --->   "%store_ln153 = store i6 0, i6 %ib" [src/integrated-gcn/integrated_gcn_approx.cpp:153]   --->   Operation 19 'store' 'store_ln153' <Predicate = true> <Delay = 0.42>
ST_1 : Operation 20 [1/1] (0.42ns)   --->   "%store_ln155 = store i7 0, i7 %i" [src/integrated-gcn/integrated_gcn_approx.cpp:155]   --->   Operation 20 'store' 'store_ln155' <Predicate = true> <Delay = 0.42>
ST_1 : Operation 21 [1/1] (0.00ns)   --->   "%br_ln153 = br void %VITIS_LOOP_156_4" [src/integrated-gcn/integrated_gcn_approx.cpp:153]   --->   Operation 21 'br' 'br_ln153' <Predicate = true> <Delay = 0.00>
ST_1 : Operation 22 [1/1] (0.00ns)   --->   "%indvar_flatten_load = load i12 %indvar_flatten" [src/integrated-gcn/integrated_gcn_approx.cpp:153]   --->   Operation 22 'load' 'indvar_flatten_load' <Predicate = true> <Delay = 0.00>
ST_1 : Operation 23 [1/1] (0.80ns)   --->   "%icmp_ln153 = icmp_eq  i12 %indvar_flatten_load, i12 2752" [src/integrated-gcn/integrated_gcn_approx.cpp:153]   --->   Operation 23 'icmp' 'icmp_ln153' <Predicate = true> <Delay = 0.80> <CoreInst = "Cmp">   --->   Core 9 'Cmp' <Latency = 0> <II = 1> <Delay = 0.80> <FuncUnit> <Opcode : 'seteq' 'setne' 'setle' 'setge' 'setlt' 'setgt'> <InPorts = 2> <OutPorts = 1>
ST_1 : Operation 24 [1/1] (0.80ns)   --->   "%add_ln153 = add i12 %indvar_flatten_load, i12 1" [src/integrated-gcn/integrated_gcn_approx.cpp:153]   --->   Operation 24 'add' 'add_ln153' <Predicate = true> <Delay = 0.80> <CoreInst = "Adder">   --->   Core 1 'Adder' <Latency = 0> <II = 1> <Delay = 0.80> <FuncUnit> <Opcode : 'add' 'sub'> <InPorts = 2> <OutPorts = 1>
ST_1 : Operation 25 [1/1] (0.00ns)   --->   "%br_ln153 = br i1 %icmp_ln153, void %for.inc26, void %for.end28" [src/integrated-gcn/integrated_gcn_approx.cpp:153]   --->   Operation 25 'br' 'br_ln153' <Predicate = true> <Delay = 0.00>
ST_1 : Operation 26 [1/1] (0.00ns)   --->   "%i_load = load i7 %i" [src/integrated-gcn/integrated_gcn_approx.cpp:155]   --->   Operation 26 'load' 'i_load' <Predicate = (!icmp_ln153)> <Delay = 0.00>
ST_1 : Operation 27 [1/1] (0.00ns)   --->   "%ib_load = load i6 %ib" [src/integrated-gcn/integrated_gcn_approx.cpp:153]   --->   Operation 27 'load' 'ib_load' <Predicate = (!icmp_ln153)> <Delay = 0.00>
ST_1 : Operation 28 [1/1] (0.77ns)   --->   "%icmp_ln155 = icmp_eq  i7 %i_load, i7 64" [src/integrated-gcn/integrated_gcn_approx.cpp:155]   --->   Operation 28 'icmp' 'icmp_ln155' <Predicate = (!icmp_ln153)> <Delay = 0.77> <CoreInst = "Cmp">   --->   Core 9 'Cmp' <Latency = 0> <II = 1> <Delay = 0.76> <FuncUnit> <Opcode : 'seteq' 'setne' 'setle' 'setge' 'setlt' 'setgt'> <InPorts = 2> <OutPorts = 1>
ST_1 : Operation 29 [1/1] (0.36ns)   --->   "%select_ln153 = select i1 %icmp_ln155, i7 0, i7 %i_load" [src/integrated-gcn/integrated_gcn_approx.cpp:153]   --->   Operation 29 'select' 'select_ln153' <Predicate = (!icmp_ln153)> <Delay = 0.36> <CoreInst = "Sel">   --->   Core 73 'Sel' <Latency = 0> <II = 1> <Delay = 0.36> <FuncUnit> <Opcode : 'select'> <InPorts = 3> <OutPorts = 1>
ST_1 : Operation 30 [1/1] (0.78ns)   --->   "%add_ln153_1 = add i6 %ib_load, i6 1" [src/integrated-gcn/integrated_gcn_approx.cpp:153]   --->   Operation 30 'add' 'add_ln153_1' <Predicate = (!icmp_ln153)> <Delay = 0.78> <CoreInst = "Adder">   --->   Core 1 'Adder' <Latency = 0> <II = 1> <Delay = 0.78> <FuncUnit> <Opcode : 'add' 'sub'> <InPorts = 2> <OutPorts = 1>
ST_1 : Operation 31 [1/1] (0.38ns)   --->   "%select_ln153_1 = select i1 %icmp_ln155, i6 %add_ln153_1, i6 %ib_load" [src/integrated-gcn/integrated_gcn_approx.cpp:153]   --->   Operation 31 'select' 'select_ln153_1' <Predicate = (!icmp_ln153)> <Delay = 0.38> <CoreInst = "Sel">   --->   Core 73 'Sel' <Latency = 0> <II = 1> <Delay = 0.38> <FuncUnit> <Opcode : 'select'> <InPorts = 3> <OutPorts = 1>
ST_1 : Operation 32 [1/1] (0.00ns)   --->   "%shl_ln = bitconcatenate i12 @_ssdm_op_BitConcatenate.i12.i6.i6, i6 %select_ln153_1, i6 0" [src/integrated-gcn/integrated_gcn_approx.cpp:159]   --->   Operation 32 'bitconcatenate' 'shl_ln' <Predicate = (!icmp_ln153)> <Delay = 0.00>
ST_1 : Operation 33 [1/1] (0.00ns)   --->   "%zext_ln155 = zext i7 %select_ln153" [src/integrated-gcn/integrated_gcn_approx.cpp:155]   --->   Operation 33 'zext' 'zext_ln155' <Predicate = (!icmp_ln153)> <Delay = 0.00>
ST_1 : Operation 34 [1/1] (0.80ns)   --->   "%add_ln159 = add i12 %shl_ln, i12 %zext_ln155" [src/integrated-gcn/integrated_gcn_approx.cpp:159]   --->   Operation 34 'add' 'add_ln159' <Predicate = (!icmp_ln153)> <Delay = 0.80> <CoreInst = "Adder">   --->   Core 1 'Adder' <Latency = 0> <II = 1> <Delay = 0.80> <FuncUnit> <Opcode : 'add' 'sub'> <InPorts = 2> <OutPorts = 1>
ST_1 : Operation 35 [1/1] (0.80ns)   --->   "%icmp_ln159 = icmp_ult  i12 %add_ln159, i12 2708" [src/integrated-gcn/integrated_gcn_approx.cpp:159]   --->   Operation 35 'icmp' 'icmp_ln159' <Predicate = (!icmp_ln153)> <Delay = 0.80> <CoreInst = "Cmp">   --->   Core 9 'Cmp' <Latency = 0> <II = 1> <Delay = 0.80> <FuncUnit> <Opcode : 'seteq' 'setne' 'setle' 'setge' 'setlt' 'setgt'> <InPorts = 2> <OutPorts = 1>
ST_1 : Operation 36 [1/1] (0.00ns)   --->   "%br_ln159 = br i1 %icmp_ln159, void %for.inc20, void %if.then" [src/integrated-gcn/integrated_gcn_approx.cpp:159]   --->   Operation 36 'br' 'br_ln159' <Predicate = (!icmp_ln153)> <Delay = 0.00>
ST_1 : Operation 37 [1/1] (0.00ns)   --->   "%shl_ln2 = bitconcatenate i18 @_ssdm_op_BitConcatenate.i18.i12.i6, i12 %add_ln159, i6 0" [src/integrated-gcn/integrated_gcn_approx.cpp:160]   --->   Operation 37 'bitconcatenate' 'shl_ln2' <Predicate = (!icmp_ln153 & icmp_ln159)> <Delay = 0.00>
ST_1 : Operation 38 [1/1] (0.00ns)   --->   "%zext_ln160 = zext i18 %shl_ln2" [src/integrated-gcn/integrated_gcn_approx.cpp:160]   --->   Operation 38 'zext' 'zext_ln160' <Predicate = (!icmp_ln153 & icmp_ln159)> <Delay = 0.00>
ST_1 : Operation 39 [1/1] (1.08ns)   --->   "%add_ln160 = add i64 %zext_ln160, i64 %H_temp_read" [src/integrated-gcn/integrated_gcn_approx.cpp:160]   --->   Operation 39 'add' 'add_ln160' <Predicate = (!icmp_ln153 & icmp_ln159)> <Delay = 1.08> <CoreInst = "Adder">   --->   Core 1 'Adder' <Latency = 0> <II = 1> <Delay = 1.08> <FuncUnit> <Opcode : 'add' 'sub'> <InPorts = 2> <OutPorts = 1>
ST_1 : Operation 40 [1/1] (0.00ns)   --->   "%trunc_ln = partselect i58 @_ssdm_op_PartSelect.i58.i64.i32.i32, i64 %add_ln160, i32 6, i32 63" [src/integrated-gcn/integrated_gcn_approx.cpp:161]   --->   Operation 40 'partselect' 'trunc_ln' <Predicate = (!icmp_ln153 & icmp_ln159)> <Delay = 0.00>
ST_1 : Operation 41 [1/1] (0.77ns)   --->   "%add_ln155 = add i7 %select_ln153, i7 1" [src/integrated-gcn/integrated_gcn_approx.cpp:155]   --->   Operation 41 'add' 'add_ln155' <Predicate = (!icmp_ln153)> <Delay = 0.77> <CoreInst = "Adder">   --->   Core 1 'Adder' <Latency = 0> <II = 1> <Delay = 0.77> <FuncUnit> <Opcode : 'add' 'sub'> <InPorts = 2> <OutPorts = 1>
ST_1 : Operation 42 [1/1] (0.42ns)   --->   "%store_ln153 = store i12 %add_ln153, i12 %indvar_flatten" [src/integrated-gcn/integrated_gcn_approx.cpp:153]   --->   Operation 42 'store' 'store_ln153' <Predicate = (!icmp_ln153)> <Delay = 0.42>
ST_1 : Operation 43 [1/1] (0.42ns)   --->   "%store_ln153 = store i6 %select_ln153_1, i6 %ib" [src/integrated-gcn/integrated_gcn_approx.cpp:153]   --->   Operation 43 'store' 'store_ln153' <Predicate = (!icmp_ln153)> <Delay = 0.42>
ST_1 : Operation 44 [1/1] (0.42ns)   --->   "%store_ln155 = store i7 %add_ln155, i7 %i" [src/integrated-gcn/integrated_gcn_approx.cpp:155]   --->   Operation 44 'store' 'store_ln155' <Predicate = (!icmp_ln153)> <Delay = 0.42>
ST_1 : Operation 45 [1/1] (0.00ns)   --->   "%br_ln155 = br void %VITIS_LOOP_156_4" [src/integrated-gcn/integrated_gcn_approx.cpp:155]   --->   Operation 45 'br' 'br_ln155' <Predicate = (!icmp_ln153)> <Delay = 0.00>

State 2 <SV = 1> <Delay = 7.30>
ST_2 : Operation 46 [1/1] (0.00ns)   --->   "%specloopname_ln0 = specloopname void @_ssdm_op_SpecLoopName, void @VITIS_LOOP_153_1_VITIS_LOOP_155_3_str"   --->   Operation 46 'specloopname' 'specloopname_ln0' <Predicate = true> <Delay = 0.00>
ST_2 : Operation 47 [1/1] (0.00ns)   --->   "%speclooptripcount_ln0 = speclooptripcount void @_ssdm_op_SpecLoopTripCount, i64 2752, i64 2752, i64 2752"   --->   Operation 47 'speclooptripcount' 'speclooptripcount_ln0' <Predicate = true> <Delay = 0.00>
ST_2 : Operation 48 [1/1] (0.00ns)   --->   "%specpipeline_ln155 = specpipeline void @_ssdm_op_SpecPipeline, i32 4294967295, i32 0, i32 0, i32 0, i32 4294967295, void @empty_20" [src/integrated-gcn/integrated_gcn_approx.cpp:155]   --->   Operation 48 'specpipeline' 'specpipeline_ln155' <Predicate = true> <Delay = 0.00>
ST_2 : Operation 49 [1/1] ( I:1.62ns O:1.62ns )   --->   "%XW_stream_read = read i512 @_ssdm_op_Read.ap_fifo.volatile.i512P0A, i512 %XW_stream" [src/integrated-gcn/integrated_gcn_approx.cpp:158]   --->   Operation 49 'read' 'XW_stream_read' <Predicate = true> <Delay = 1.62> <CoreInst = "FIFO">   --->   Core 77 'FIFO' <Latency = 0> <II = 1> <Delay = 1.62> <Storage> <Opcode : 'read' 'write' 'nbread' 'nbwrite'> <Ports = 0> <Width = 512> <Depth = 16> <FIFO>
ST_2 : Operation 50 [1/1] (0.00ns)   --->   "%sext_ln161 = sext i58 %trunc_ln" [src/integrated-gcn/integrated_gcn_approx.cpp:161]   --->   Operation 50 'sext' 'sext_ln161' <Predicate = (icmp_ln159)> <Delay = 0.00>
ST_2 : Operation 51 [1/1] (0.00ns)   --->   "%gmem2_addr = getelementptr i512 %gmem2, i64 %sext_ln161" [src/integrated-gcn/integrated_gcn_approx.cpp:161]   --->   Operation 51 'getelementptr' 'gmem2_addr' <Predicate = (icmp_ln159)> <Delay = 0.00>
ST_2 : Operation 52 [1/1] ( I:7.30ns O:7.30ns )   --->   "%gmem2_addr_req = writereq i1 @_ssdm_op_WriteReq.m_axi.i512P1A, i64 %gmem2_addr, i64 1" [src/integrated-gcn/integrated_gcn_approx.cpp:161]   --->   Operation 52 'writereq' 'gmem2_addr_req' <Predicate = (icmp_ln159)> <Delay = 7.30> <CoreInst = "m_axi">   --->   Core 119 'm_axi' <Latency = 9> <II = 1> <Delay = 1.00> <Adapter> <Opcode : 'readrequnaligned' 'writerequnaligned' 'read' 'write' 'readreq' 'writereq' 'writeresp'>

State 3 <SV = 2> <Delay = 7.30>
ST_3 : Operation 53 [1/1] ( I:7.30ns O:7.30ns )   --->   "%write_ln161 = write void @_ssdm_op_Write.m_axi.i512P1A, i64 %gmem2_addr, i512 %XW_stream_read, i64 18446744073709551615" [src/integrated-gcn/integrated_gcn_approx.cpp:161]   --->   Operation 53 'write' 'write_ln161' <Predicate = (icmp_ln159)> <Delay = 7.30> <CoreInst = "m_axi">   --->   Core 119 'm_axi' <Latency = 5> <II = 1> <Delay = 1.00> <Adapter> <Opcode : 'readrequnaligned' 'writerequnaligned' 'read' 'write' 'readreq' 'writereq' 'writeresp'>

State 4 <SV = 3> <Delay = 0.00>
ST_4 : Operation 54 [5/5] (7.30ns)   --->   "%gmem2_addr_resp = writeresp i1 @_ssdm_op_WriteResp.m_axi.i512P1A, i64 %gmem2_addr" [src/integrated-gcn/integrated_gcn_approx.cpp:161]   --->   Operation 54 'writeresp' 'gmem2_addr_resp' <Predicate = (icmp_ln159)> <Delay = 7.30> <CoreInst = "m_axi">   --->   Core 119 'm_axi' <Latency = 3> <II = 1> <Delay = 1.00> <Adapter> <Opcode : 'readrequnaligned' 'writerequnaligned' 'read' 'write' 'readreq' 'writereq' 'writeresp'>

State 5 <SV = 4> <Delay = 0.00>
ST_5 : Operation 55 [4/5] (7.30ns)   --->   "%gmem2_addr_resp = writeresp i1 @_ssdm_op_WriteResp.m_axi.i512P1A, i64 %gmem2_addr" [src/integrated-gcn/integrated_gcn_approx.cpp:161]   --->   Operation 55 'writeresp' 'gmem2_addr_resp' <Predicate = (icmp_ln159)> <Delay = 7.30> <CoreInst = "m_axi">   --->   Core 119 'm_axi' <Latency = 3> <II = 1> <Delay = 1.00> <Adapter> <Opcode : 'readrequnaligned' 'writerequnaligned' 'read' 'write' 'readreq' 'writereq' 'writeresp'>

State 6 <SV = 5> <Delay = 0.00>
ST_6 : Operation 56 [3/5] (7.30ns)   --->   "%gmem2_addr_resp = writeresp i1 @_ssdm_op_WriteResp.m_axi.i512P1A, i64 %gmem2_addr" [src/integrated-gcn/integrated_gcn_approx.cpp:161]   --->   Operation 56 'writeresp' 'gmem2_addr_resp' <Predicate = (icmp_ln159)> <Delay = 7.30> <CoreInst = "m_axi">   --->   Core 119 'm_axi' <Latency = 3> <II = 1> <Delay = 1.00> <Adapter> <Opcode : 'readrequnaligned' 'writerequnaligned' 'read' 'write' 'readreq' 'writereq' 'writeresp'>

State 7 <SV = 6> <Delay = 0.42>
ST_7 : Operation 57 [2/5] (7.30ns)   --->   "%gmem2_addr_resp = writeresp i1 @_ssdm_op_WriteResp.m_axi.i512P1A, i64 %gmem2_addr" [src/integrated-gcn/integrated_gcn_approx.cpp:161]   --->   Operation 57 'writeresp' 'gmem2_addr_resp' <Predicate = (icmp_ln159)> <Delay = 7.30> <CoreInst = "m_axi">   --->   Core 119 'm_axi' <Latency = 3> <II = 1> <Delay = 1.00> <Adapter> <Opcode : 'readrequnaligned' 'writerequnaligned' 'read' 'write' 'readreq' 'writereq' 'writeresp'>
ST_7 : Operation 60 [1/1] (0.42ns)   --->   "%ret_ln166 = ret" [src/integrated-gcn/integrated_gcn_approx.cpp:166]   --->   Operation 60 'ret' 'ret_ln166' <Predicate = (icmp_ln153)> <Delay = 0.42>

State 8 <SV = 7> <Delay = 7.30>
ST_8 : Operation 58 [1/5] ( I:7.30ns O:7.30ns )   --->   "%gmem2_addr_resp = writeresp i1 @_ssdm_op_WriteResp.m_axi.i512P1A, i64 %gmem2_addr" [src/integrated-gcn/integrated_gcn_approx.cpp:161]   --->   Operation 58 'writeresp' 'gmem2_addr_resp' <Predicate = (icmp_ln159)> <Delay = 7.30> <CoreInst = "m_axi">   --->   Core 119 'm_axi' <Latency = 3> <II = 1> <Delay = 1.00> <Adapter> <Opcode : 'readrequnaligned' 'writerequnaligned' 'read' 'write' 'readreq' 'writereq' 'writeresp'>
ST_8 : Operation 59 [1/1] (0.00ns)   --->   "%br_ln160 = br void %for.inc20" [src/integrated-gcn/integrated_gcn_approx.cpp:160]   --->   Operation 59 'br' 'br_ln160' <Predicate = (icmp_ln159)> <Delay = 0.00>


============================================================
+ Verbose Summary: Binding
============================================================
STG Binding: 
---------------- STG Properties BEGIN ----------------
- Is combinational: 0
- Is one-state seq: 0
- Is datapath-only: 0
- Is pipelined: 0
- Is top level: 0
Port [ Return ] is wired: 1; IO mode=ap_ctrl_hs:ce=0
Port [ XW_stream]:  wired=1; compound=1; hidden=0; nouse=0; global=0; static=0; extern=0; dir=0; type=3; pingpong=0; private_global=0; IO mode=ap_fifo:ce=0
Port [ gmem2]:  wired=1; compound=1; hidden=0; nouse=0; global=0; static=0; extern=0; dir=1; type=4; pingpong=0; private_global=0; IO mode=m_axi:ce=0
Port [ H_temp]:  wired=1; compound=0; hidden=0; nouse=0; global=0; static=0; extern=0; dir=0; type=0; pingpong=0; private_global=0; IO mode=ap_stable:ce=0
---------------- STG Properties END ------------------

---------------- Datapath Model BEGIN ----------------

<LifeTime>
<method=bitvector/>
i                     (alloca           ) [ 010000000]
ib                    (alloca           ) [ 010000000]
indvar_flatten        (alloca           ) [ 010000000]
specstablecontent_ln0 (specstablecontent) [ 000000000]
specinterface_ln0     (specinterface    ) [ 000000000]
specinterface_ln0     (specinterface    ) [ 000000000]
H_temp_read           (read             ) [ 000000000]
store_ln0             (store            ) [ 000000000]
store_ln153           (store            ) [ 000000000]
store_ln155           (store            ) [ 000000000]
br_ln153              (br               ) [ 000000000]
indvar_flatten_load   (load             ) [ 000000000]
icmp_ln153            (icmp             ) [ 011111110]
add_ln153             (add              ) [ 000000000]
br_ln153              (br               ) [ 000000000]
i_load                (load             ) [ 000000000]
ib_load               (load             ) [ 000000000]
icmp_ln155            (icmp             ) [ 000000000]
select_ln153          (select           ) [ 000000000]
add_ln153_1           (add              ) [ 000000000]
select_ln153_1        (select           ) [ 000000000]
shl_ln                (bitconcatenate   ) [ 000000000]
zext_ln155            (zext             ) [ 000000000]
add_ln159             (add              ) [ 000000000]
icmp_ln159            (icmp             ) [ 011111111]
br_ln159              (br               ) [ 000000000]
shl_ln2               (bitconcatenate   ) [ 000000000]
zext_ln160            (zext             ) [ 000000000]
add_ln160             (add              ) [ 000000000]
trunc_ln              (partselect       ) [ 011000000]
add_ln155             (add              ) [ 000000000]
store_ln153           (store            ) [ 000000000]
store_ln153           (store            ) [ 000000000]
store_ln155           (store            ) [ 000000000]
br_ln155              (br               ) [ 000000000]
specloopname_ln0      (specloopname     ) [ 000000000]
speclooptripcount_ln0 (speclooptripcount) [ 000000000]
specpipeline_ln155    (specpipeline     ) [ 000000000]
XW_stream_read        (read             ) [ 010100000]
sext_ln161            (sext             ) [ 000000000]
gmem2_addr            (getelementptr    ) [ 010111111]
gmem2_addr_req        (writereq         ) [ 000000000]
write_ln161           (write            ) [ 000000000]
gmem2_addr_resp       (writeresp        ) [ 000000000]
br_ln160              (br               ) [ 000000000]
ret_ln166             (ret              ) [ 000000000]
</LifeTime>

<model>

<comp_list>
<comp id="0" class="1000" name="XW_stream">
<pin_list>
<pin id="1" dir="1" index="0" bw="1" slack="0"/>
</pin_list>
<bind>
<StgValue><ssdm name="XW_stream"/></StgValue>
</bind>
</comp>

<comp id="2" class="1000" name="gmem2">
<pin_list>
<pin id="3" dir="1" index="0" bw="1" slack="0"/>
</pin_list>
<bind>
<StgValue><ssdm name="gmem2"/><MemPortTyVec>1 </MemPortTyVec>
</StgValue>
</bind>
</comp>

<comp id="4" class="1000" name="H_temp">
<pin_list>
<pin id="5" dir="1" index="0" bw="1" slack="0"/>
</pin_list>
<bind>
<StgValue><ssdm name="H_temp"/></StgValue>
</bind>
</comp>

<comp id="6" class="1001" name="const_6">
<pin_list>
<pin id="7" dir="1" index="0" bw="1" slack="0"/>
</pin_list>
<bind>
<StgValue><ssdm name=""/></StgValue>
</bind>
</comp>

<comp id="8" class="1001" name="const_8">
<pin_list>
<pin id="9" dir="1" index="0" bw="1" slack="2147483647"/>
</pin_list>
<bind>
<StgValue><ssdm name="_ssdm_op_SpecStableContent"/></StgValue>
</bind>
</comp>

<comp id="10" class="1001" name="const_10">
<pin_list>
<pin id="11" dir="1" index="0" bw="1" slack="2147483647"/>
</pin_list>
<bind>
<StgValue><ssdm name=""/></StgValue>
</bind>
</comp>

<comp id="12" class="1001" name="const_12">
<pin_list>
<pin id="13" dir="1" index="0" bw="1" slack="2147483647"/>
</pin_list>
<bind>
<StgValue><ssdm name="p_str"/></StgValue>
</bind>
</comp>

<comp id="14" class="1001" name="const_14">
<pin_list>
<pin id="15" dir="1" index="0" bw="1" slack="2147483647"/>
</pin_list>
<bind>
<StgValue><ssdm name="_ssdm_op_SpecInterface"/></StgValue>
</bind>
</comp>

<comp id="16" class="1001" name="const_16">
<pin_list>
<pin id="17" dir="1" index="0" bw="1" slack="2147483647"/>
</pin_list>
<bind>
<StgValue><ssdm name="empty_6"/></StgValue>
</bind>
</comp>

<comp id="18" class="1001" name="const_18">
<pin_list>
<pin id="19" dir="1" index="0" bw="1" slack="2147483647"/>
</pin_list>
<bind>
<StgValue><ssdm name=""/></StgValue>
</bind>
</comp>

<comp id="20" class="1001" name="const_20">
<pin_list>
<pin id="21" dir="1" index="0" bw="1" slack="2147483647"/>
</pin_list>
<bind>
<StgValue><ssdm name="empty_20"/></StgValue>
</bind>
</comp>

<comp id="22" class="1001" name="const_22">
<pin_list>
<pin id="23" dir="1" index="0" bw="1" slack="2147483647"/>
</pin_list>
<bind>
<StgValue><ssdm name=""/></StgValue>
</bind>
</comp>

<comp id="24" class="1001" name="const_24">
<pin_list>
<pin id="25" dir="1" index="0" bw="1" slack="2147483647"/>
</pin_list>
<bind>
<StgValue><ssdm name="empty_29"/></StgValue>
</bind>
</comp>

<comp id="26" class="1001" name="const_26">
<pin_list>
<pin id="27" dir="1" index="0" bw="1" slack="2147483647"/>
</pin_list>
<bind>
<StgValue><ssdm name="empty_2"/></StgValue>
</bind>
</comp>

<comp id="28" class="1001" name="const_28">
<pin_list>
<pin id="29" dir="1" index="0" bw="1" slack="2147483647"/>
</pin_list>
<bind>
<StgValue><ssdm name="empty_9"/></StgValue>
</bind>
</comp>

<comp id="30" class="1001" name="const_30">
<pin_list>
<pin id="31" dir="1" index="0" bw="1" slack="2147483647"/>
</pin_list>
<bind>
<StgValue><ssdm name=""/></StgValue>
</bind>
</comp>

<comp id="32" class="1001" name="const_32">
<pin_list>
<pin id="33" dir="1" index="0" bw="1" slack="2147483647"/>
</pin_list>
<bind>
<StgValue><ssdm name=""/></StgValue>
</bind>
</comp>

<comp id="34" class="1001" name="const_34">
<pin_list>
<pin id="35" dir="1" index="0" bw="1" slack="0"/>
</pin_list>
<bind>
<StgValue><ssdm name="_ssdm_op_Read.ap_auto.i64"/></StgValue>
</bind>
</comp>

<comp id="36" class="1001" name="const_36">
<pin_list>
<pin id="37" dir="1" index="0" bw="1" slack="0"/>
</pin_list>
<bind>
<StgValue><ssdm name=""/></StgValue>
</bind>
</comp>

<comp id="38" class="1001" name="const_38">
<pin_list>
<pin id="39" dir="1" index="0" bw="1" slack="0"/>
</pin_list>
<bind>
<StgValue><ssdm name=""/></StgValue>
</bind>
</comp>

<comp id="40" class="1001" name="const_40">
<pin_list>
<pin id="41" dir="1" index="0" bw="1" slack="0"/>
</pin_list>
<bind>
<StgValue><ssdm name=""/></StgValue>
</bind>
</comp>

<comp id="42" class="1001" name="const_42">
<pin_list>
<pin id="43" dir="1" index="0" bw="1" slack="0"/>
</pin_list>
<bind>
<StgValue><ssdm name=""/></StgValue>
</bind>
</comp>

<comp id="44" class="1001" name="const_44">
<pin_list>
<pin id="45" dir="1" index="0" bw="1" slack="0"/>
</pin_list>
<bind>
<StgValue><ssdm name=""/></StgValue>
</bind>
</comp>

<comp id="46" class="1001" name="const_46">
<pin_list>
<pin id="47" dir="1" index="0" bw="1" slack="0"/>
</pin_list>
<bind>
<StgValue><ssdm name=""/></StgValue>
</bind>
</comp>

<comp id="48" class="1001" name="const_48">
<pin_list>
<pin id="49" dir="1" index="0" bw="1" slack="0"/>
</pin_list>
<bind>
<StgValue><ssdm name=""/></StgValue>
</bind>
</comp>

<comp id="50" class="1001" name="const_50">
<pin_list>
<pin id="51" dir="1" index="0" bw="1" slack="0"/>
</pin_list>
<bind>
<StgValue><ssdm name="_ssdm_op_BitConcatenate.i12.i6.i6"/></StgValue>
</bind>
</comp>

<comp id="52" class="1001" name="const_52">
<pin_list>
<pin id="53" dir="1" index="0" bw="1" slack="0"/>
</pin_list>
<bind>
<StgValue><ssdm name=""/></StgValue>
</bind>
</comp>

<comp id="54" class="1001" name="const_54">
<pin_list>
<pin id="55" dir="1" index="0" bw="1" slack="0"/>
</pin_list>
<bind>
<StgValue><ssdm name="_ssdm_op_BitConcatenate.i18.i12.i6"/></StgValue>
</bind>
</comp>

<comp id="56" class="1001" name="const_56">
<pin_list>
<pin id="57" dir="1" index="0" bw="1" slack="0"/>
</pin_list>
<bind>
<StgValue><ssdm name="_ssdm_op_PartSelect.i58.i64.i32.i32"/></StgValue>
</bind>
</comp>

<comp id="58" class="1001" name="const_58">
<pin_list>
<pin id="59" dir="1" index="0" bw="1" slack="0"/>
</pin_list>
<bind>
<StgValue><ssdm name=""/></StgValue>
</bind>
</comp>

<comp id="60" class="1001" name="const_60">
<pin_list>
<pin id="61" dir="1" index="0" bw="1" slack="0"/>
</pin_list>
<bind>
<StgValue><ssdm name=""/></StgValue>
</bind>
</comp>

<comp id="62" class="1001" name="const_62">
<pin_list>
<pin id="63" dir="1" index="0" bw="1" slack="0"/>
</pin_list>
<bind>
<StgValue><ssdm name=""/></StgValue>
</bind>
</comp>

<comp id="64" class="1001" name="const_64">
<pin_list>
<pin id="65" dir="1" index="0" bw="1" slack="2147483647"/>
</pin_list>
<bind>
<StgValue><ssdm name="_ssdm_op_SpecLoopName"/></StgValue>
</bind>
</comp>

<comp id="66" class="1001" name="const_66">
<pin_list>
<pin id="67" dir="1" index="0" bw="1" slack="2147483647"/>
</pin_list>
<bind>
<StgValue><ssdm name="VITIS_LOOP_153_1_VITIS_LOOP_155_3_str"/></StgValue>
</bind>
</comp>

<comp id="68" class="1001" name="const_68">
<pin_list>
<pin id="69" dir="1" index="0" bw="1" slack="2147483647"/>
</pin_list>
<bind>
<StgValue><ssdm name="_ssdm_op_SpecLoopTripCount"/></StgValue>
</bind>
</comp>

<comp id="70" class="1001" name="const_70">
<pin_list>
<pin id="71" dir="1" index="0" bw="1" slack="2147483647"/>
</pin_list>
<bind>
<StgValue><ssdm name=""/></StgValue>
</bind>
</comp>

<comp id="72" class="1001" name="const_72">
<pin_list>
<pin id="73" dir="1" index="0" bw="1" slack="2147483647"/>
</pin_list>
<bind>
<StgValue><ssdm name="_ssdm_op_SpecPipeline"/></StgValue>
</bind>
</comp>

<comp id="74" class="1001" name="const_74">
<pin_list>
<pin id="75" dir="1" index="0" bw="1" slack="0"/>
</pin_list>
<bind>
<StgValue><ssdm name="_ssdm_op_Read.ap_fifo.volatile.i512P0A"/></StgValue>
</bind>
</comp>

<comp id="76" class="1001" name="const_76">
<pin_list>
<pin id="77" dir="1" index="0" bw="1" slack="0"/>
</pin_list>
<bind>
<StgValue><ssdm name="_ssdm_op_WriteReq.m_axi.i512P1A"/></StgValue>
</bind>
</comp>

<comp id="78" class="1001" name="const_78">
<pin_list>
<pin id="79" dir="1" index="0" bw="1" slack="0"/>
</pin_list>
<bind>
<StgValue><ssdm name=""/></StgValue>
</bind>
</comp>

<comp id="80" class="1001" name="const_80">
<pin_list>
<pin id="81" dir="1" index="0" bw="1" slack="0"/>
</pin_list>
<bind>
<StgValue><ssdm name="_ssdm_op_Write.m_axi.i512P1A"/></StgValue>
</bind>
</comp>

<comp id="82" class="1001" name="const_82">
<pin_list>
<pin id="83" dir="1" index="0" bw="1" slack="0"/>
</pin_list>
<bind>
<StgValue><ssdm name=""/></StgValue>
</bind>
</comp>

<comp id="84" class="1001" name="const_84">
<pin_list>
<pin id="85" dir="1" index="0" bw="1" slack="0"/>
</pin_list>
<bind>
<StgValue><ssdm name="_ssdm_op_WriteResp.m_axi.i512P1A"/></StgValue>
</bind>
</comp>

<comp id="86" class="1004" name="i_fu_86">
<pin_list>
<pin id="87" dir="0" index="0" bw="1" slack="0"/>
<pin id="88" dir="1" index="1" bw="7" slack="0"/>
</pin_list>
<bind>
<opcode="alloca(26) " fcode="alloca"/>
<opset="i/1 "/>
</bind>
</comp>

<comp id="90" class="1004" name="ib_fu_90">
<pin_list>
<pin id="91" dir="0" index="0" bw="1" slack="0"/>
<pin id="92" dir="1" index="1" bw="6" slack="0"/>
</pin_list>
<bind>
<opcode="alloca(26) " fcode="alloca"/>
<opset="ib/1 "/>
</bind>
</comp>

<comp id="94" class="1004" name="indvar_flatten_fu_94">
<pin_list>
<pin id="95" dir="0" index="0" bw="1" slack="0"/>
<pin id="96" dir="1" index="1" bw="12" slack="0"/>
</pin_list>
<bind>
<opcode="alloca(26) " fcode="alloca"/>
<opset="indvar_flatten/1 "/>
</bind>
</comp>

<comp id="98" class="1004" name="H_temp_read_read_fu_98">
<pin_list>
<pin id="99" dir="0" index="0" bw="64" slack="0"/>
<pin id="100" dir="0" index="1" bw="64" slack="0"/>
<pin id="101" dir="1" index="2" bw="64" slack="0"/>
</pin_list>
<bind>
<opcode="read(1150) " fcode="read"/>
<opset="H_temp_read/1 "/>
</bind>
</comp>

<comp id="104" class="1004" name="XW_stream_read_read_fu_104">
<pin_list>
<pin id="105" dir="0" index="0" bw="512" slack="0"/>
<pin id="106" dir="0" index="1" bw="512" slack="0"/>
<pin id="107" dir="1" index="2" bw="512" slack="1"/>
</pin_list>
<bind>
<opcode="read(1150) " fcode="read"/>
<opset="XW_stream_read/2 "/>
</bind>
</comp>

<comp id="110" class="1004" name="gmem2_addr_req_writereq_fu_110">
<pin_list>
<pin id="111" dir="0" index="0" bw="1" slack="0"/>
<pin id="112" dir="0" index="1" bw="512" slack="0"/>
<pin id="113" dir="0" index="2" bw="1" slack="0"/>
<pin id="114" dir="1" index="3" bw="1" slack="2147483647"/>
</pin_list>
<bind>
<opcode="writereq(1155) " fcode="writereq"/>
<opset="gmem2_addr_req/2 "/>
</bind>
</comp>

<comp id="117" class="1004" name="write_ln161_write_fu_117">
<pin_list>
<pin id="118" dir="0" index="0" bw="0" slack="0"/>
<pin id="119" dir="0" index="1" bw="512" slack="1"/>
<pin id="120" dir="0" index="2" bw="512" slack="1"/>
<pin id="121" dir="0" index="3" bw="1" slack="0"/>
<pin id="122" dir="1" index="4" bw="0" slack="2147483647"/>
</pin_list>
<bind>
<opcode="write(1151) " fcode="write"/>
<opset="write_ln161/3 "/>
</bind>
</comp>

<comp id="125" class="1004" name="grp_writeresp_fu_125">
<pin_list>
<pin id="126" dir="0" index="0" bw="1" slack="0"/>
<pin id="127" dir="0" index="1" bw="512" slack="2"/>
<pin id="128" dir="1" index="2" bw="1" slack="2147483647"/>
</pin_list>
<bind>
<opcode="writeresp(1158) " fcode="writeresp"/>
<opset="gmem2_addr_resp/4 "/>
</bind>
</comp>

<comp id="130" class="1004" name="store_ln0_store_fu_130">
<pin_list>
<pin id="131" dir="0" index="0" bw="1" slack="0"/>
<pin id="132" dir="0" index="1" bw="12" slack="0"/>
<pin id="133" dir="1" index="2" bw="0" slack="2147483647"/>
</pin_list>
<bind>
<opcode="store(28) " fcode="store"/>
<opset="store_ln0/1 "/>
</bind>
</comp>

<comp id="135" class="1004" name="store_ln153_store_fu_135">
<pin_list>
<pin id="136" dir="0" index="0" bw="1" slack="0"/>
<pin id="137" dir="0" index="1" bw="6" slack="0"/>
<pin id="138" dir="1" index="2" bw="0" slack="2147483647"/>
</pin_list>
<bind>
<opcode="store(28) " fcode="store"/>
<opset="store_ln153/1 "/>
</bind>
</comp>

<comp id="140" class="1004" name="store_ln155_store_fu_140">
<pin_list>
<pin id="141" dir="0" index="0" bw="1" slack="0"/>
<pin id="142" dir="0" index="1" bw="7" slack="0"/>
<pin id="143" dir="1" index="2" bw="0" slack="2147483647"/>
</pin_list>
<bind>
<opcode="store(28) " fcode="store"/>
<opset="store_ln155/1 "/>
</bind>
</comp>

<comp id="145" class="1004" name="indvar_flatten_load_load_fu_145">
<pin_list>
<pin id="146" dir="0" index="0" bw="12" slack="0"/>
<pin id="147" dir="1" index="1" bw="12" slack="0"/>
</pin_list>
<bind>
<opcode="load(27) " fcode="load"/>
<opset="indvar_flatten_load/1 "/>
</bind>
</comp>

<comp id="148" class="1004" name="icmp_ln153_fu_148">
<pin_list>
<pin id="149" dir="0" index="0" bw="12" slack="0"/>
<pin id="150" dir="0" index="1" bw="12" slack="0"/>
<pin id="151" dir="1" index="2" bw="1" slack="6"/>
</pin_list>
<bind>
<opcode="icmp(45) " fcode="icmp"/>
<opset="icmp_ln153/1 "/>
</bind>
</comp>

<comp id="154" class="1004" name="add_ln153_fu_154">
<pin_list>
<pin id="155" dir="0" index="0" bw="12" slack="0"/>
<pin id="156" dir="0" index="1" bw="1" slack="0"/>
<pin id="157" dir="1" index="2" bw="12" slack="0"/>
</pin_list>
<bind>
<opcode="add(8) " fcode="add"/>
<opset="add_ln153/1 "/>
</bind>
</comp>

<comp id="160" class="1004" name="i_load_load_fu_160">
<pin_list>
<pin id="161" dir="0" index="0" bw="7" slack="0"/>
<pin id="162" dir="1" index="1" bw="7" slack="0"/>
</pin_list>
<bind>
<opcode="load(27) " fcode="load"/>
<opset="i_load/1 "/>
</bind>
</comp>

<comp id="163" class="1004" name="ib_load_load_fu_163">
<pin_list>
<pin id="164" dir="0" index="0" bw="6" slack="0"/>
<pin id="165" dir="1" index="1" bw="6" slack="0"/>
</pin_list>
<bind>
<opcode="load(27) " fcode="load"/>
<opset="ib_load/1 "/>
</bind>
</comp>

<comp id="166" class="1004" name="icmp_ln155_fu_166">
<pin_list>
<pin id="167" dir="0" index="0" bw="7" slack="0"/>
<pin id="168" dir="0" index="1" bw="7" slack="0"/>
<pin id="169" dir="1" index="2" bw="1" slack="0"/>
</pin_list>
<bind>
<opcode="icmp(45) " fcode="icmp"/>
<opset="icmp_ln155/1 "/>
</bind>
</comp>

<comp id="172" class="1004" name="select_ln153_fu_172">
<pin_list>
<pin id="173" dir="0" index="0" bw="1" slack="0"/>
<pin id="174" dir="0" index="1" bw="7" slack="0"/>
<pin id="175" dir="0" index="2" bw="7" slack="0"/>
<pin id="176" dir="1" index="3" bw="7" slack="0"/>
</pin_list>
<bind>
<opcode="select(49) " fcode="select"/>
<opset="select_ln153/1 "/>
</bind>
</comp>

<comp id="180" class="1004" name="add_ln153_1_fu_180">
<pin_list>
<pin id="181" dir="0" index="0" bw="6" slack="0"/>
<pin id="182" dir="0" index="1" bw="1" slack="0"/>
<pin id="183" dir="1" index="2" bw="6" slack="0"/>
</pin_list>
<bind>
<opcode="add(8) " fcode="add"/>
<opset="add_ln153_1/1 "/>
</bind>
</comp>

<comp id="186" class="1004" name="select_ln153_1_fu_186">
<pin_list>
<pin id="187" dir="0" index="0" bw="1" slack="0"/>
<pin id="188" dir="0" index="1" bw="6" slack="0"/>
<pin id="189" dir="0" index="2" bw="6" slack="0"/>
<pin id="190" dir="1" index="3" bw="6" slack="0"/>
</pin_list>
<bind>
<opcode="select(49) " fcode="select"/>
<opset="select_ln153_1/1 "/>
</bind>
</comp>

<comp id="194" class="1004" name="shl_ln_fu_194">
<pin_list>
<pin id="195" dir="0" index="0" bw="12" slack="0"/>
<pin id="196" dir="0" index="1" bw="6" slack="0"/>
<pin id="197" dir="0" index="2" bw="1" slack="0"/>
<pin id="198" dir="1" index="3" bw="12" slack="0"/>
</pin_list>
<bind>
<opcode="bitconcatenate(1004) " fcode="bitconcatenate"/>
<opset="shl_ln/1 "/>
</bind>
</comp>

<comp id="202" class="1004" name="zext_ln155_fu_202">
<pin_list>
<pin id="203" dir="0" index="0" bw="7" slack="0"/>
<pin id="204" dir="1" index="1" bw="12" slack="0"/>
</pin_list>
<bind>
<opcode="zext(34) " fcode="zext"/>
<opset="zext_ln155/1 "/>
</bind>
</comp>

<comp id="206" class="1004" name="add_ln159_fu_206">
<pin_list>
<pin id="207" dir="0" index="0" bw="12" slack="0"/>
<pin id="208" dir="0" index="1" bw="7" slack="0"/>
<pin id="209" dir="1" index="2" bw="12" slack="0"/>
</pin_list>
<bind>
<opcode="add(8) " fcode="add"/>
<opset="add_ln159/1 "/>
</bind>
</comp>

<comp id="212" class="1004" name="icmp_ln159_fu_212">
<pin_list>
<pin id="213" dir="0" index="0" bw="12" slack="0"/>
<pin id="214" dir="0" index="1" bw="12" slack="0"/>
<pin id="215" dir="1" index="2" bw="1" slack="1"/>
</pin_list>
<bind>
<opcode="icmp(45) " fcode="icmp"/>
<opset="icmp_ln159/1 "/>
</bind>
</comp>

<comp id="218" class="1004" name="shl_ln2_fu_218">
<pin_list>
<pin id="219" dir="0" index="0" bw="18" slack="0"/>
<pin id="220" dir="0" index="1" bw="12" slack="0"/>
<pin id="221" dir="0" index="2" bw="1" slack="0"/>
<pin id="222" dir="1" index="3" bw="18" slack="0"/>
</pin_list>
<bind>
<opcode="bitconcatenate(1004) " fcode="bitconcatenate"/>
<opset="shl_ln2/1 "/>
</bind>
</comp>

<comp id="226" class="1004" name="zext_ln160_fu_226">
<pin_list>
<pin id="227" dir="0" index="0" bw="18" slack="0"/>
<pin id="228" dir="1" index="1" bw="64" slack="0"/>
</pin_list>
<bind>
<opcode="zext(34) " fcode="zext"/>
<opset="zext_ln160/1 "/>
</bind>
</comp>

<comp id="230" class="1004" name="add_ln160_fu_230">
<pin_list>
<pin id="231" dir="0" index="0" bw="18" slack="0"/>
<pin id="232" dir="0" index="1" bw="64" slack="0"/>
<pin id="233" dir="1" index="2" bw="64" slack="0"/>
</pin_list>
<bind>
<opcode="add(8) " fcode="add"/>
<opset="add_ln160/1 "/>
</bind>
</comp>

<comp id="236" class="1004" name="trunc_ln_fu_236">
<pin_list>
<pin id="237" dir="0" index="0" bw="58" slack="0"/>
<pin id="238" dir="0" index="1" bw="64" slack="0"/>
<pin id="239" dir="0" index="2" bw="4" slack="0"/>
<pin id="240" dir="0" index="3" bw="7" slack="0"/>
<pin id="241" dir="1" index="4" bw="58" slack="1"/>
</pin_list>
<bind>
<opcode="partselect(1002) " fcode="partselect"/>
<opset="trunc_ln/1 "/>
</bind>
</comp>

<comp id="246" class="1004" name="add_ln155_fu_246">
<pin_list>
<pin id="247" dir="0" index="0" bw="7" slack="0"/>
<pin id="248" dir="0" index="1" bw="1" slack="0"/>
<pin id="249" dir="1" index="2" bw="7" slack="0"/>
</pin_list>
<bind>
<opcode="add(8) " fcode="add"/>
<opset="add_ln155/1 "/>
</bind>
</comp>

<comp id="252" class="1004" name="store_ln153_store_fu_252">
<pin_list>
<pin id="253" dir="0" index="0" bw="12" slack="0"/>
<pin id="254" dir="0" index="1" bw="12" slack="0"/>
<pin id="255" dir="1" index="2" bw="0" slack="2147483647"/>
</pin_list>
<bind>
<opcode="store(28) " fcode="store"/>
<opset="store_ln153/1 "/>
</bind>
</comp>

<comp id="257" class="1004" name="store_ln153_store_fu_257">
<pin_list>
<pin id="258" dir="0" index="0" bw="6" slack="0"/>
<pin id="259" dir="0" index="1" bw="6" slack="0"/>
<pin id="260" dir="1" index="2" bw="0" slack="2147483647"/>
</pin_list>
<bind>
<opcode="store(28) " fcode="store"/>
<opset="store_ln153/1 "/>
</bind>
</comp>

<comp id="262" class="1004" name="store_ln155_store_fu_262">
<pin_list>
<pin id="263" dir="0" index="0" bw="7" slack="0"/>
<pin id="264" dir="0" index="1" bw="7" slack="0"/>
<pin id="265" dir="1" index="2" bw="0" slack="2147483647"/>
</pin_list>
<bind>
<opcode="store(28) " fcode="store"/>
<opset="store_ln155/1 "/>
</bind>
</comp>

<comp id="267" class="1004" name="sext_ln161_fu_267">
<pin_list>
<pin id="268" dir="0" index="0" bw="58" slack="1"/>
<pin id="269" dir="1" index="1" bw="64" slack="0"/>
</pin_list>
<bind>
<opcode="sext(35) " fcode="sext"/>
<opset="sext_ln161/2 "/>
</bind>
</comp>

<comp id="270" class="1004" name="gmem2_addr_fu_270">
<pin_list>
<pin id="271" dir="0" index="0" bw="64" slack="0"/>
<pin id="272" dir="0" index="1" bw="64" slack="0"/>
<pin id="273" dir="1" index="2" bw="64" slack="0"/>
</pin_list>
<bind>
<opcode="getelementptr(29) " fcode="getelementptr"/>
<opset="gmem2_addr/2 "/>
</bind>
</comp>

<comp id="277" class="1005" name="i_reg_277">
<pin_list>
<pin id="278" dir="0" index="0" bw="7" slack="0"/>
<pin id="279" dir="1" index="1" bw="7" slack="0"/>
</pin_list>
<bind>
<opset="i "/>
</bind>
</comp>

<comp id="284" class="1005" name="ib_reg_284">
<pin_list>
<pin id="285" dir="0" index="0" bw="6" slack="0"/>
<pin id="286" dir="1" index="1" bw="6" slack="0"/>
</pin_list>
<bind>
<opset="ib "/>
</bind>
</comp>

<comp id="291" class="1005" name="indvar_flatten_reg_291">
<pin_list>
<pin id="292" dir="0" index="0" bw="12" slack="0"/>
<pin id="293" dir="1" index="1" bw="12" slack="0"/>
</pin_list>
<bind>
<opset="indvar_flatten "/>
</bind>
</comp>

<comp id="298" class="1005" name="icmp_ln153_reg_298">
<pin_list>
<pin id="299" dir="0" index="0" bw="1" slack="6"/>
<pin id="300" dir="1" index="1" bw="1" slack="2147483647"/>
</pin_list>
<bind>
<opset="icmp_ln153 "/>
</bind>
</comp>

<comp id="302" class="1005" name="icmp_ln159_reg_302">
<pin_list>
<pin id="303" dir="0" index="0" bw="1" slack="1"/>
<pin id="304" dir="1" index="1" bw="1" slack="2147483647"/>
</pin_list>
<bind>
<opset="icmp_ln159 "/>
</bind>
</comp>

<comp id="306" class="1005" name="trunc_ln_reg_306">
<pin_list>
<pin id="307" dir="0" index="0" bw="58" slack="1"/>
<pin id="308" dir="1" index="1" bw="58" slack="1"/>
</pin_list>
<bind>
<opset="trunc_ln "/>
</bind>
</comp>

<comp id="311" class="1005" name="XW_stream_read_reg_311">
<pin_list>
<pin id="312" dir="0" index="0" bw="512" slack="1"/>
<pin id="313" dir="1" index="1" bw="512" slack="1"/>
</pin_list>
<bind>
<opset="XW_stream_read "/>
</bind>
</comp>

<comp id="316" class="1005" name="gmem2_addr_reg_316">
<pin_list>
<pin id="317" dir="0" index="0" bw="512" slack="1"/>
<pin id="318" dir="1" index="1" bw="512" slack="1"/>
</pin_list>
<bind>
<opset="gmem2_addr "/>
</bind>
</comp>

</comp_list>

<net_list>
<net id="89"><net_src comp="6" pin="0"/><net_sink comp="86" pin=0"/></net>

<net id="93"><net_src comp="6" pin="0"/><net_sink comp="90" pin=0"/></net>

<net id="97"><net_src comp="6" pin="0"/><net_sink comp="94" pin=0"/></net>

<net id="102"><net_src comp="34" pin="0"/><net_sink comp="98" pin=0"/></net>

<net id="103"><net_src comp="4" pin="0"/><net_sink comp="98" pin=1"/></net>

<net id="108"><net_src comp="74" pin="0"/><net_sink comp="104" pin=0"/></net>

<net id="109"><net_src comp="0" pin="0"/><net_sink comp="104" pin=1"/></net>

<net id="115"><net_src comp="76" pin="0"/><net_sink comp="110" pin=0"/></net>

<net id="116"><net_src comp="78" pin="0"/><net_sink comp="110" pin=2"/></net>

<net id="123"><net_src comp="80" pin="0"/><net_sink comp="117" pin=0"/></net>

<net id="124"><net_src comp="82" pin="0"/><net_sink comp="117" pin=3"/></net>

<net id="129"><net_src comp="84" pin="0"/><net_sink comp="125" pin=0"/></net>

<net id="134"><net_src comp="36" pin="0"/><net_sink comp="130" pin=0"/></net>

<net id="139"><net_src comp="38" pin="0"/><net_sink comp="135" pin=0"/></net>

<net id="144"><net_src comp="40" pin="0"/><net_sink comp="140" pin=0"/></net>

<net id="152"><net_src comp="145" pin="1"/><net_sink comp="148" pin=0"/></net>

<net id="153"><net_src comp="42" pin="0"/><net_sink comp="148" pin=1"/></net>

<net id="158"><net_src comp="145" pin="1"/><net_sink comp="154" pin=0"/></net>

<net id="159"><net_src comp="44" pin="0"/><net_sink comp="154" pin=1"/></net>

<net id="170"><net_src comp="160" pin="1"/><net_sink comp="166" pin=0"/></net>

<net id="171"><net_src comp="46" pin="0"/><net_sink comp="166" pin=1"/></net>

<net id="177"><net_src comp="166" pin="2"/><net_sink comp="172" pin=0"/></net>

<net id="178"><net_src comp="40" pin="0"/><net_sink comp="172" pin=1"/></net>

<net id="179"><net_src comp="160" pin="1"/><net_sink comp="172" pin=2"/></net>

<net id="184"><net_src comp="163" pin="1"/><net_sink comp="180" pin=0"/></net>

<net id="185"><net_src comp="48" pin="0"/><net_sink comp="180" pin=1"/></net>

<net id="191"><net_src comp="166" pin="2"/><net_sink comp="186" pin=0"/></net>

<net id="192"><net_src comp="180" pin="2"/><net_sink comp="186" pin=1"/></net>

<net id="193"><net_src comp="163" pin="1"/><net_sink comp="186" pin=2"/></net>

<net id="199"><net_src comp="50" pin="0"/><net_sink comp="194" pin=0"/></net>

<net id="200"><net_src comp="186" pin="3"/><net_sink comp="194" pin=1"/></net>

<net id="201"><net_src comp="38" pin="0"/><net_sink comp="194" pin=2"/></net>

<net id="205"><net_src comp="172" pin="3"/><net_sink comp="202" pin=0"/></net>

<net id="210"><net_src comp="194" pin="3"/><net_sink comp="206" pin=0"/></net>

<net id="211"><net_src comp="202" pin="1"/><net_sink comp="206" pin=1"/></net>

<net id="216"><net_src comp="206" pin="2"/><net_sink comp="212" pin=0"/></net>

<net id="217"><net_src comp="52" pin="0"/><net_sink comp="212" pin=1"/></net>

<net id="223"><net_src comp="54" pin="0"/><net_sink comp="218" pin=0"/></net>

<net id="224"><net_src comp="206" pin="2"/><net_sink comp="218" pin=1"/></net>

<net id="225"><net_src comp="38" pin="0"/><net_sink comp="218" pin=2"/></net>

<net id="229"><net_src comp="218" pin="3"/><net_sink comp="226" pin=0"/></net>

<net id="234"><net_src comp="226" pin="1"/><net_sink comp="230" pin=0"/></net>

<net id="235"><net_src comp="98" pin="2"/><net_sink comp="230" pin=1"/></net>

<net id="242"><net_src comp="56" pin="0"/><net_sink comp="236" pin=0"/></net>

<net id="243"><net_src comp="230" pin="2"/><net_sink comp="236" pin=1"/></net>

<net id="244"><net_src comp="58" pin="0"/><net_sink comp="236" pin=2"/></net>

<net id="245"><net_src comp="60" pin="0"/><net_sink comp="236" pin=3"/></net>

<net id="250"><net_src comp="172" pin="3"/><net_sink comp="246" pin=0"/></net>

<net id="251"><net_src comp="62" pin="0"/><net_sink comp="246" pin=1"/></net>

<net id="256"><net_src comp="154" pin="2"/><net_sink comp="252" pin=0"/></net>

<net id="261"><net_src comp="186" pin="3"/><net_sink comp="257" pin=0"/></net>

<net id="266"><net_src comp="246" pin="2"/><net_sink comp="262" pin=0"/></net>

<net id="274"><net_src comp="2" pin="0"/><net_sink comp="270" pin=0"/></net>

<net id="275"><net_src comp="267" pin="1"/><net_sink comp="270" pin=1"/></net>

<net id="276"><net_src comp="270" pin="2"/><net_sink comp="110" pin=1"/></net>

<net id="280"><net_src comp="86" pin="1"/><net_sink comp="277" pin=0"/></net>

<net id="281"><net_src comp="277" pin="1"/><net_sink comp="140" pin=1"/></net>

<net id="282"><net_src comp="277" pin="1"/><net_sink comp="160" pin=0"/></net>

<net id="283"><net_src comp="277" pin="1"/><net_sink comp="262" pin=1"/></net>

<net id="287"><net_src comp="90" pin="1"/><net_sink comp="284" pin=0"/></net>

<net id="288"><net_src comp="284" pin="1"/><net_sink comp="135" pin=1"/></net>

<net id="289"><net_src comp="284" pin="1"/><net_sink comp="163" pin=0"/></net>

<net id="290"><net_src comp="284" pin="1"/><net_sink comp="257" pin=1"/></net>

<net id="294"><net_src comp="94" pin="1"/><net_sink comp="291" pin=0"/></net>

<net id="295"><net_src comp="291" pin="1"/><net_sink comp="130" pin=1"/></net>

<net id="296"><net_src comp="291" pin="1"/><net_sink comp="145" pin=0"/></net>

<net id="297"><net_src comp="291" pin="1"/><net_sink comp="252" pin=1"/></net>

<net id="301"><net_src comp="148" pin="2"/><net_sink comp="298" pin=0"/></net>

<net id="305"><net_src comp="212" pin="2"/><net_sink comp="302" pin=0"/></net>

<net id="309"><net_src comp="236" pin="4"/><net_sink comp="306" pin=0"/></net>

<net id="310"><net_src comp="306" pin="1"/><net_sink comp="267" pin=0"/></net>

<net id="314"><net_src comp="104" pin="2"/><net_sink comp="311" pin=0"/></net>

<net id="315"><net_src comp="311" pin="1"/><net_sink comp="117" pin=2"/></net>

<net id="319"><net_src comp="270" pin="2"/><net_sink comp="316" pin=0"/></net>

<net id="320"><net_src comp="316" pin="1"/><net_sink comp="117" pin=1"/></net>

<net id="321"><net_src comp="316" pin="1"/><net_sink comp="125" pin=1"/></net>

</net_list>

</model> 
---------------- Datapath Model END ------------------

* FSMD analyzer results:
  - Output states:
	Port: gmem2 | {2 3 4 5 6 7 8 }
 - Input state : 
	Port: gemm_write : XW_stream | {2 }
	Port: gemm_write : gmem2 | {}
	Port: gemm_write : H_temp | {1 }
  - Chain level:
	State 1
		store_ln0 : 1
		store_ln153 : 1
		store_ln155 : 1
		indvar_flatten_load : 1
		icmp_ln153 : 2
		add_ln153 : 2
		br_ln153 : 3
		i_load : 1
		ib_load : 1
		icmp_ln155 : 2
		select_ln153 : 3
		add_ln153_1 : 2
		select_ln153_1 : 3
		shl_ln : 4
		zext_ln155 : 4
		add_ln159 : 5
		icmp_ln159 : 6
		br_ln159 : 7
		shl_ln2 : 6
		zext_ln160 : 7
		add_ln160 : 8
		trunc_ln : 9
		add_ln155 : 4
		store_ln153 : 3
		store_ln153 : 4
		store_ln155 : 5
	State 2
		gmem2_addr : 1
		gmem2_addr_req : 2
	State 3
	State 4
	State 5
	State 6
	State 7
	State 8


============================================================
+ Verbose Summary: Datapath Resource usage 
============================================================

* Functional unit list:
|----------|--------------------------------|---------|---------|
| Operation|         Functional Unit        |    FF   |   LUT   |
|----------|--------------------------------|---------|---------|
|          |        add_ln153_fu_154        |    0    |    19   |
|          |       add_ln153_1_fu_180       |    0    |    13   |
|    add   |        add_ln159_fu_206        |    0    |    19   |
|          |        add_ln160_fu_230        |    0    |    71   |
|          |        add_ln155_fu_246        |    0    |    14   |
|----------|--------------------------------|---------|---------|
|          |        icmp_ln153_fu_148       |    0    |    19   |
|   icmp   |        icmp_ln155_fu_166       |    0    |    14   |
|          |        icmp_ln159_fu_212       |    0    |    19   |
|----------|--------------------------------|---------|---------|
|  select  |       select_ln153_fu_172      |    0    |    7    |
|          |      select_ln153_1_fu_186     |    0    |    6    |
|----------|--------------------------------|---------|---------|
|   read   |     H_temp_read_read_fu_98     |    0    |    0    |
|          |   XW_stream_read_read_fu_104   |    0    |    0    |
|----------|--------------------------------|---------|---------|
| writereq | gmem2_addr_req_writereq_fu_110 |    0    |    0    |
|----------|--------------------------------|---------|---------|
|   write  |    write_ln161_write_fu_117    |    0    |    0    |
|----------|--------------------------------|---------|---------|
| writeresp|      grp_writeresp_fu_125      |    0    |    0    |
|----------|--------------------------------|---------|---------|
|bitconcatenate|          shl_ln_fu_194         |    0    |    0    |
|          |         shl_ln2_fu_218         |    0    |    0    |
|----------|--------------------------------|---------|---------|
|   zext   |        zext_ln155_fu_202       |    0    |    0    |
|          |        zext_ln160_fu_226       |    0    |    0    |
|----------|--------------------------------|---------|---------|
|partselect|         trunc_ln_fu_236        |    0    |    0    |
|----------|--------------------------------|---------|---------|
|   sext   |        sext_ln161_fu_267       |    0    |    0    |
|----------|--------------------------------|---------|---------|
|   Total  |                                |    0    |   201   |
|----------|--------------------------------|---------|---------|

Memories:
N/A

* Register list:
+----------------------+--------+
|                      |   FF   |
+----------------------+--------+
|XW_stream_read_reg_311|   512  |
|  gmem2_addr_reg_316  |   512  |
|       i_reg_277      |    7   |
|      ib_reg_284      |    6   |
|  icmp_ln153_reg_298  |    1   |
|  icmp_ln159_reg_302  |    1   |
|indvar_flatten_reg_291|   12   |
|   trunc_ln_reg_306   |   58   |
+----------------------+--------+
|         Total        |  1109  |
+----------------------+--------+

* Multiplexer (MUX) list: 
|--------|------|------|------|--------|
|  Comp  |  Pin | Size |  BW  | S x BW |
|--------|------|------|------|--------|
|  Total |      |      |      |    0   |
|--------|------|------|------|--------|



* Summary:
+-----------+--------+--------+
|           |   FF   |   LUT  |
+-----------+--------+--------+
|  Function |    0   |   201  |
|   Memory  |    -   |    -   |
|Multiplexer|    -   |    -   |
|  Register |  1109  |    -   |
+-----------+--------+--------+
|   Total   |  1109  |   201  |
+-----------+--------+--------+
