

================================================================
== Vitis HLS Report for 'gemm_read_X'
================================================================
* Date:           Thu Apr 16 10:08:39 2026

* Version:        2025.2 (Build 6295257 on Nov 14 2025)
* Project:        integrated_gcn_approx
* Solution:       hls (Vivado IP Flow Target)
* Product family: zynquplus
* Target device:  xck26-sfvc784-2LV-c


================================================================
== Performance Estimates
================================================================
+ Timing: 
    * Summary: 
    +--------+----------+----------+------------+
    |  Clock |  Target  | Estimated| Uncertainty|
    +--------+----------+----------+------------+
    |ap_clk  |  10.00 ns|  7.300 ns|     2.70 ns|
    +--------+----------+----------+------------+

+ Latency: 
    * Summary: 
    +---------+---------+----------+----------+-------+-------+------------------------------------------------+
    |  Latency (cycles) |  Latency (absolute) |    Interval   |                    Pipeline                    |
    |   min   |   max   |    min   |    max   |  min  |  max  |                      Type                      |
    +---------+---------+----------+----------+-------+-------+------------------------------------------------+
    |    63310|    63310|  0.633 ms|  0.633 ms|  63297|  63297|  loop auto-rewind stp (delay=0 clock cycles(s))|
    +---------+---------+----------+----------+-------+-------+------------------------------------------------+

    + Detail: 
        * Instance: 
        N/A

        * Loop: 
        +---------------------------------------------------+---------+---------+----------+-----------+-----------+-------+----------+
        |                                                   |  Latency (cycles) | Iteration|  Initiation Interval  |  Trip |          |
        |                     Loop Name                     |   min   |   max   |  Latency |  achieved |   target  | Count | Pipelined|
        +---------------------------------------------------+---------+---------+----------+-----------+-----------+-------+----------+
        |- VITIS_LOOP_33_1_VITIS_LOOP_35_3_VITIS_LOOP_36_4  |    63308|    63308|        14|          1|          1|  63296|       yes|
        +---------------------------------------------------+---------+---------+----------+-----------+-----------+-------+----------+

============================================================
+ Verbose Summary: Synthesis Manager
============================================================
InlineROM: 1
ExposeGlobal: 0
============================================================
+ Verbose Summary: CDFG Model
============================================================
IsTopModel: 0
ResetActiveHigh: 1
IsCombinational: 2
IsDatapathOnly: 0
HasWiredReturn: 1
HasMFsm: 2
HasVarLatency: 1
IsPipeline: 0
IsRtlPipelined: 0
IsInstanceOverlapped: 0
IsDontTouch: 0
HasImplIP: 0
IsGatedGlobalClock: 0

+ Individual pipeline summary: 
  * Pipeline-0: initiation interval (II) = 1, depth = 14


============================================================
+ Verbose Summary: Schedule
============================================================
* Number of FSM states : 14
* Pipeline : 1
  Pipeline-0 : II = 1, D = 14, States = { 1 2 3 4 5 6 7 8 9 10 11 12 13 14 }
* Dataflow Pipeline: 0

* FSM state transitions: 
1 --> 2 
2 --> 3 
3 --> 4 
4 --> 5 
5 --> 6 
6 --> 7 
7 --> 8 
8 --> 9 
9 --> 10 
10 --> 11 
11 --> 12 
12 --> 13 
13 --> 14 
14 --> 

* FSM state operations: 

State 1 <SV = 0> <Delay = 4.64>
ST_1 : Operation 17 [1/1] (0.00ns)   --->   "%k = alloca i32 1" [src/integrated-gcn/integrated_gcn_approx.cpp:36]   --->   Operation 17 'alloca' 'k' <Predicate = true> <Delay = 0.00>
ST_1 : Operation 18 [1/1] (0.00ns)   --->   "%kb = alloca i32 1" [src/integrated-gcn/integrated_gcn_approx.cpp:35]   --->   Operation 18 'alloca' 'kb' <Predicate = true> <Delay = 0.00>
ST_1 : Operation 19 [1/1] (0.00ns)   --->   "%indvar_flatten = alloca i32 1"   --->   Operation 19 'alloca' 'indvar_flatten' <Predicate = true> <Delay = 0.00>
ST_1 : Operation 20 [1/1] (0.00ns)   --->   "%ib = alloca i32 1" [src/integrated-gcn/integrated_gcn_approx.cpp:33]   --->   Operation 20 'alloca' 'ib' <Predicate = true> <Delay = 0.00>
ST_1 : Operation 21 [1/1] (0.00ns)   --->   "%indvar_flatten12 = alloca i32 1"   --->   Operation 21 'alloca' 'indvar_flatten12' <Predicate = true> <Delay = 0.00>
ST_1 : Operation 22 [1/1] (0.00ns)   --->   "%specstablecontent_ln0 = specstablecontent void @_ssdm_op_SpecStableContent, i64 %X, i1 1, void @p_str"   --->   Operation 22 'specstablecontent' 'specstablecontent_ln0' <Predicate = true> <Delay = 0.00>
ST_1 : Operation 23 [1/1] (0.00ns)   --->   "%specstablecontent_ln0 = specstablecontent void @_ssdm_op_SpecStableContent, i512 %gmem0, i1 1, void @p_str"   --->   Operation 23 'specstablecontent' 'specstablecontent_ln0' <Predicate = true> <Delay = 0.00>
ST_1 : Operation 24 [1/1] (0.00ns)   --->   "%specinterface_ln0 = specinterface void @_ssdm_op_SpecInterface, i512 %X_stream, void @empty_6, i32 0, i32 0, void @empty_20, i32 0, i32 0, void @empty_20, void @empty_20, void @empty_20, i32 0, i32 0, i32 0, i32 0, void @empty_20, void @empty_20, i32 4294967295, i32 0, i32 0, i32 0"   --->   Operation 24 'specinterface' 'specinterface_ln0' <Predicate = true> <Delay = 0.00>
ST_1 : Operation 25 [1/1] (0.00ns)   --->   "%specinterface_ln0 = specinterface void @_ssdm_op_SpecInterface, i512 %gmem0, void @empty_29, i32 0, i32 0, void @empty_20, i32 0, i32 0, void @empty_28, void @empty_9, void @empty_20, i32 16, i32 16, i32 16, i32 16, void @empty_20, void @empty_20, i32 4294967295, i32 0, i32 0, i32 64"   --->   Operation 25 'specinterface' 'specinterface_ln0' <Predicate = true> <Delay = 0.00>
ST_1 : Operation 26 [1/1] (0.00ns)   --->   "%X_read = read i64 @_ssdm_op_Read.ap_auto.i64, i64 %X" [src/integrated-gcn/integrated_gcn_approx.cpp:30]   --->   Operation 26 'read' 'X_read' <Predicate = true> <Delay = 0.00>
ST_1 : Operation 27 [1/1] (0.42ns)   --->   "%store_ln0 = store i16 0, i16 %indvar_flatten12"   --->   Operation 27 'store' 'store_ln0' <Predicate = true> <Delay = 0.42>
ST_1 : Operation 28 [1/1] (0.42ns)   --->   "%store_ln33 = store i6 0, i6 %ib" [src/integrated-gcn/integrated_gcn_approx.cpp:33]   --->   Operation 28 'store' 'store_ln33' <Predicate = true> <Delay = 0.42>
ST_1 : Operation 29 [1/1] (0.42ns)   --->   "%store_ln0 = store i12 0, i12 %indvar_flatten"   --->   Operation 29 'store' 'store_ln0' <Predicate = true> <Delay = 0.42>
ST_1 : Operation 30 [1/1] (0.42ns)   --->   "%store_ln35 = store i5 0, i5 %kb" [src/integrated-gcn/integrated_gcn_approx.cpp:35]   --->   Operation 30 'store' 'store_ln35' <Predicate = true> <Delay = 0.42>
ST_1 : Operation 31 [1/1] (0.42ns)   --->   "%store_ln36 = store i7 0, i7 %k" [src/integrated-gcn/integrated_gcn_approx.cpp:36]   --->   Operation 31 'store' 'store_ln36' <Predicate = true> <Delay = 0.42>
ST_1 : Operation 32 [1/1] (0.00ns)   --->   "%br_ln33 = br void %VITIS_LOOP_37_5" [src/integrated-gcn/integrated_gcn_approx.cpp:33]   --->   Operation 32 'br' 'br_ln33' <Predicate = true> <Delay = 0.00>
ST_1 : Operation 33 [1/1] (0.00ns)   --->   "%indvar_flatten12_load = load i16 %indvar_flatten12" [src/integrated-gcn/integrated_gcn_approx.cpp:33]   --->   Operation 33 'load' 'indvar_flatten12_load' <Predicate = true> <Delay = 0.00>
ST_1 : Operation 34 [1/1] (0.85ns)   --->   "%icmp_ln33 = icmp_eq  i16 %indvar_flatten12_load, i16 63296" [src/integrated-gcn/integrated_gcn_approx.cpp:33]   --->   Operation 34 'icmp' 'icmp_ln33' <Predicate = true> <Delay = 0.85> <CoreInst = "Cmp">   --->   Core 9 'Cmp' <Latency = 0> <II = 1> <Delay = 0.85> <FuncUnit> <Opcode : 'seteq' 'setne' 'setle' 'setge' 'setlt' 'setgt'> <InPorts = 2> <OutPorts = 1>
ST_1 : Operation 35 [1/1] (0.85ns)   --->   "%add_ln33 = add i16 %indvar_flatten12_load, i16 1" [src/integrated-gcn/integrated_gcn_approx.cpp:33]   --->   Operation 35 'add' 'add_ln33' <Predicate = true> <Delay = 0.85> <CoreInst = "Adder">   --->   Core 1 'Adder' <Latency = 0> <II = 1> <Delay = 0.85> <FuncUnit> <Opcode : 'add' 'sub'> <InPorts = 2> <OutPorts = 1>
ST_1 : Operation 36 [1/1] (0.00ns)   --->   "%br_ln33 = br i1 %icmp_ln33, void %for.inc30, void %for.end32" [src/integrated-gcn/integrated_gcn_approx.cpp:33]   --->   Operation 36 'br' 'br_ln33' <Predicate = true> <Delay = 0.00>
ST_1 : Operation 37 [1/1] (0.00ns)   --->   "%k_load = load i7 %k" [src/integrated-gcn/integrated_gcn_approx.cpp:36]   --->   Operation 37 'load' 'k_load' <Predicate = (!icmp_ln33)> <Delay = 0.00>
ST_1 : Operation 38 [1/1] (0.00ns)   --->   "%kb_load = load i5 %kb" [src/integrated-gcn/integrated_gcn_approx.cpp:33]   --->   Operation 38 'load' 'kb_load' <Predicate = (!icmp_ln33)> <Delay = 0.00>
ST_1 : Operation 39 [1/1] (0.00ns)   --->   "%indvar_flatten_load = load i12 %indvar_flatten" [src/integrated-gcn/integrated_gcn_approx.cpp:35]   --->   Operation 39 'load' 'indvar_flatten_load' <Predicate = (!icmp_ln33)> <Delay = 0.00>
ST_1 : Operation 40 [1/1] (0.80ns)   --->   "%icmp_ln35 = icmp_eq  i12 %indvar_flatten_load, i12 1472" [src/integrated-gcn/integrated_gcn_approx.cpp:35]   --->   Operation 40 'icmp' 'icmp_ln35' <Predicate = (!icmp_ln33)> <Delay = 0.80> <CoreInst = "Cmp">   --->   Core 9 'Cmp' <Latency = 0> <II = 1> <Delay = 0.80> <FuncUnit> <Opcode : 'seteq' 'setne' 'setle' 'setge' 'setlt' 'setgt'> <InPorts = 2> <OutPorts = 1>
ST_1 : Operation 41 [1/1] (0.41ns)   --->   "%select_ln33 = select i1 %icmp_ln35, i5 0, i5 %kb_load" [src/integrated-gcn/integrated_gcn_approx.cpp:33]   --->   Operation 41 'select' 'select_ln33' <Predicate = (!icmp_ln33)> <Delay = 0.41> <CoreInst = "Sel">   --->   Core 73 'Sel' <Latency = 0> <II = 1> <Delay = 0.41> <FuncUnit> <Opcode : 'select'> <InPorts = 3> <OutPorts = 1>
ST_1 : Operation 42 [1/1] (0.00ns) (grouped into LUT with out node and_ln33)   --->   "%xor_ln33 = xor i1 %icmp_ln35, i1 1" [src/integrated-gcn/integrated_gcn_approx.cpp:33]   --->   Operation 42 'xor' 'xor_ln33' <Predicate = (!icmp_ln33)> <Delay = 0.00> <CoreInst = "LogicGate">   --->   Core 74 'LogicGate' <Latency = 0> <II = 1> <Delay = 0.28> <FuncUnit> <Opcode : 'and' 'or' 'xor'> <InPorts = 2> <OutPorts = 1>
ST_1 : Operation 43 [1/1] (0.77ns)   --->   "%icmp_ln36 = icmp_eq  i7 %k_load, i7 64" [src/integrated-gcn/integrated_gcn_approx.cpp:36]   --->   Operation 43 'icmp' 'icmp_ln36' <Predicate = (!icmp_ln33)> <Delay = 0.77> <CoreInst = "Cmp">   --->   Core 9 'Cmp' <Latency = 0> <II = 1> <Delay = 0.77> <FuncUnit> <Opcode : 'seteq' 'setne' 'setle' 'setge' 'setlt' 'setgt'> <InPorts = 2> <OutPorts = 1>
ST_1 : Operation 44 [1/1] (0.28ns) (out node of the LUT)   --->   "%and_ln33 = and i1 %icmp_ln36, i1 %xor_ln33" [src/integrated-gcn/integrated_gcn_approx.cpp:33]   --->   Operation 44 'and' 'and_ln33' <Predicate = (!icmp_ln33)> <Delay = 0.28> <CoreInst = "LogicGate">   --->   Core 74 'LogicGate' <Latency = 0> <II = 1> <Delay = 0.28> <FuncUnit> <Opcode : 'and' 'or' 'xor'> <InPorts = 2> <OutPorts = 1>
ST_1 : Operation 45 [1/1] (0.78ns)   --->   "%add_ln35 = add i5 %select_ln33, i5 1" [src/integrated-gcn/integrated_gcn_approx.cpp:35]   --->   Operation 45 'add' 'add_ln35' <Predicate = (!icmp_ln33)> <Delay = 0.78> <CoreInst = "Adder">   --->   Core 1 'Adder' <Latency = 0> <II = 1> <Delay = 0.78> <FuncUnit> <Opcode : 'add' 'sub'> <InPorts = 2> <OutPorts = 1>
ST_1 : Operation 46 [1/1] (0.00ns) (grouped into LUT with out node k_mid2)   --->   "%empty = or i1 %and_ln33, i1 %icmp_ln35" [src/integrated-gcn/integrated_gcn_approx.cpp:33]   --->   Operation 46 'or' 'empty' <Predicate = (!icmp_ln33)> <Delay = 0.00> <CoreInst = "LogicGate">   --->   Core 74 'LogicGate' <Latency = 0> <II = 1> <Delay = 0.28> <FuncUnit> <Opcode : 'and' 'or' 'xor'> <InPorts = 2> <OutPorts = 1>
ST_1 : Operation 47 [1/1] (0.36ns) (out node of the LUT)   --->   "%k_mid2 = select i1 %empty, i7 0, i7 %k_load" [src/integrated-gcn/integrated_gcn_approx.cpp:33]   --->   Operation 47 'select' 'k_mid2' <Predicate = (!icmp_ln33)> <Delay = 0.36> <CoreInst = "Sel">   --->   Core 73 'Sel' <Latency = 0> <II = 1> <Delay = 0.36> <FuncUnit> <Opcode : 'select'> <InPorts = 3> <OutPorts = 1>
ST_1 : Operation 48 [1/1] (0.41ns)   --->   "%select_ln35 = select i1 %and_ln33, i5 %add_ln35, i5 %select_ln33" [src/integrated-gcn/integrated_gcn_approx.cpp:35]   --->   Operation 48 'select' 'select_ln35' <Predicate = (!icmp_ln33)> <Delay = 0.41> <CoreInst = "Sel">   --->   Core 73 'Sel' <Latency = 0> <II = 1> <Delay = 0.41> <FuncUnit> <Opcode : 'select'> <InPorts = 3> <OutPorts = 1>
ST_1 : Operation 49 [1/1] (0.00ns)   --->   "%shl_ln = bitconcatenate i11 @_ssdm_op_BitConcatenate.i11.i5.i6, i5 %select_ln35, i6 0" [src/integrated-gcn/integrated_gcn_approx.cpp:40]   --->   Operation 49 'bitconcatenate' 'shl_ln' <Predicate = (!icmp_ln33)> <Delay = 0.00>
ST_1 : Operation 50 [1/1] (0.00ns)   --->   "%zext_ln36 = zext i7 %k_mid2" [src/integrated-gcn/integrated_gcn_approx.cpp:36]   --->   Operation 50 'zext' 'zext_ln36' <Predicate = (!icmp_ln33)> <Delay = 0.00>
ST_1 : Operation 51 [1/1] (0.79ns)   --->   "%add_ln40 = add i11 %shl_ln, i11 %zext_ln36" [src/integrated-gcn/integrated_gcn_approx.cpp:40]   --->   Operation 51 'add' 'add_ln40' <Predicate = (!icmp_ln33)> <Delay = 0.79> <CoreInst = "Adder">   --->   Core 1 'Adder' <Latency = 0> <II = 1> <Delay = 0.79> <FuncUnit> <Opcode : 'add' 'sub'> <InPorts = 2> <OutPorts = 1>
ST_1 : Operation 52 [1/1] (0.00ns)   --->   "%zext_ln40 = zext i11 %add_ln40" [src/integrated-gcn/integrated_gcn_approx.cpp:40]   --->   Operation 52 'zext' 'zext_ln40' <Predicate = (!icmp_ln33)> <Delay = 0.00>
ST_1 : Operation 53 [3/3] (0.99ns) (grouped into DSP with root node add_ln40_1)   --->   "%mul_ln40 = mul i16 %zext_ln40, i16 43" [src/integrated-gcn/integrated_gcn_approx.cpp:40]   --->   Operation 53 'mul' 'mul_ln40' <Predicate = (!icmp_ln33)> <Delay = 0.99> <CoreInst = "DSP48">   --->   Core 124 'DSP48' <Latency = 3> <II = 1> <Delay = 0.53> <IPBlock> <Opcode : 'add' 'sub' 'mul' 'select'> <InPorts = 0> <OutPorts = 1> <Sync> <CReg>
ST_1 : Operation 54 [1/1] (0.77ns)   --->   "%add_ln36 = add i7 %k_mid2, i7 1" [src/integrated-gcn/integrated_gcn_approx.cpp:36]   --->   Operation 54 'add' 'add_ln36' <Predicate = (!icmp_ln33)> <Delay = 0.77> <CoreInst = "Adder">   --->   Core 1 'Adder' <Latency = 0> <II = 1> <Delay = 0.77> <FuncUnit> <Opcode : 'add' 'sub'> <InPorts = 2> <OutPorts = 1>
ST_1 : Operation 55 [1/1] (0.80ns)   --->   "%add_ln35_1 = add i12 %indvar_flatten_load, i12 1" [src/integrated-gcn/integrated_gcn_approx.cpp:35]   --->   Operation 55 'add' 'add_ln35_1' <Predicate = (!icmp_ln33)> <Delay = 0.80> <CoreInst = "Adder">   --->   Core 1 'Adder' <Latency = 0> <II = 1> <Delay = 0.80> <FuncUnit> <Opcode : 'add' 'sub'> <InPorts = 2> <OutPorts = 1>
ST_1 : Operation 56 [1/1] (0.37ns)   --->   "%select_ln35_1 = select i1 %icmp_ln35, i12 1, i12 %add_ln35_1" [src/integrated-gcn/integrated_gcn_approx.cpp:35]   --->   Operation 56 'select' 'select_ln35_1' <Predicate = (!icmp_ln33)> <Delay = 0.37> <CoreInst = "Sel">   --->   Core 73 'Sel' <Latency = 0> <II = 1> <Delay = 0.37> <FuncUnit> <Opcode : 'select'> <InPorts = 3> <OutPorts = 1>
ST_1 : Operation 57 [1/1] (0.42ns)   --->   "%store_ln33 = store i16 %add_ln33, i16 %indvar_flatten12" [src/integrated-gcn/integrated_gcn_approx.cpp:33]   --->   Operation 57 'store' 'store_ln33' <Predicate = (!icmp_ln33)> <Delay = 0.42>
ST_1 : Operation 58 [1/1] (0.42ns)   --->   "%store_ln35 = store i12 %select_ln35_1, i12 %indvar_flatten" [src/integrated-gcn/integrated_gcn_approx.cpp:35]   --->   Operation 58 'store' 'store_ln35' <Predicate = (!icmp_ln33)> <Delay = 0.42>
ST_1 : Operation 59 [1/1] (0.42ns)   --->   "%store_ln35 = store i5 %select_ln35, i5 %kb" [src/integrated-gcn/integrated_gcn_approx.cpp:35]   --->   Operation 59 'store' 'store_ln35' <Predicate = (!icmp_ln33)> <Delay = 0.42>
ST_1 : Operation 60 [1/1] (0.42ns)   --->   "%store_ln36 = store i7 %add_ln36, i7 %k" [src/integrated-gcn/integrated_gcn_approx.cpp:36]   --->   Operation 60 'store' 'store_ln36' <Predicate = (!icmp_ln33)> <Delay = 0.42>

State 2 <SV = 1> <Delay = 0.99>
ST_2 : Operation 61 [2/3] (0.99ns) (grouped into DSP with root node add_ln40_1)   --->   "%mul_ln40 = mul i16 %zext_ln40, i16 43" [src/integrated-gcn/integrated_gcn_approx.cpp:40]   --->   Operation 61 'mul' 'mul_ln40' <Predicate = true> <Delay = 0.99> <CoreInst = "DSP48">   --->   Core 124 'DSP48' <Latency = 3> <II = 1> <Delay = 0.53> <IPBlock> <Opcode : 'add' 'sub' 'mul' 'select'> <InPorts = 0> <OutPorts = 1> <Sync> <CReg>

State 3 <SV = 2> <Delay = 1.81>
ST_3 : Operation 62 [1/1] (0.00ns)   --->   "%ib_load = load i6 %ib" [src/integrated-gcn/integrated_gcn_approx.cpp:33]   --->   Operation 62 'load' 'ib_load' <Predicate = true> <Delay = 0.00>
ST_3 : Operation 63 [1/1] (0.78ns)   --->   "%add_ln33_1 = add i6 %ib_load, i6 1" [src/integrated-gcn/integrated_gcn_approx.cpp:33]   --->   Operation 63 'add' 'add_ln33_1' <Predicate = (icmp_ln35)> <Delay = 0.78> <CoreInst = "Adder">   --->   Core 1 'Adder' <Latency = 0> <II = 1> <Delay = 0.78> <FuncUnit> <Opcode : 'add' 'sub'> <InPorts = 2> <OutPorts = 1>
ST_3 : Operation 64 [1/1] (0.38ns)   --->   "%select_ln33_1 = select i1 %icmp_ln35, i6 %add_ln33_1, i6 %ib_load" [src/integrated-gcn/integrated_gcn_approx.cpp:33]   --->   Operation 64 'select' 'select_ln33_1' <Predicate = true> <Delay = 0.38> <CoreInst = "Sel">   --->   Core 73 'Sel' <Latency = 0> <II = 1> <Delay = 0.38> <FuncUnit> <Opcode : 'select'> <InPorts = 3> <OutPorts = 1>
ST_3 : Operation 65 [1/1] (0.00ns)   --->   "%zext_ln33 = zext i6 %select_ln33_1" [src/integrated-gcn/integrated_gcn_approx.cpp:33]   --->   Operation 65 'zext' 'zext_ln33' <Predicate = true> <Delay = 0.00>
ST_3 : Operation 66 [1/3] (0.00ns) (grouped into DSP with root node add_ln40_1)   --->   "%mul_ln40 = mul i16 %zext_ln40, i16 43" [src/integrated-gcn/integrated_gcn_approx.cpp:40]   --->   Operation 66 'mul' 'mul_ln40' <Predicate = true> <Delay = 0.00> <CoreInst = "DSP48">   --->   Core 124 'DSP48' <Latency = 3> <II = 1> <Delay = 0.53> <IPBlock> <Opcode : 'add' 'sub' 'mul' 'select'> <InPorts = 0> <OutPorts = 1> <Sync> <CReg>
ST_3 : Operation 67 [2/2] (0.64ns) (root node of the DSP)   --->   "%add_ln40_1 = add i16 %mul_ln40, i16 %zext_ln33" [src/integrated-gcn/integrated_gcn_approx.cpp:40]   --->   Operation 67 'add' 'add_ln40_1' <Predicate = true> <Delay = 0.64> <CoreInst = "DSP48">   --->   Core 124 'DSP48' <Latency = 3> <II = 1> <Delay = 0.53> <IPBlock> <Opcode : 'add' 'sub' 'mul' 'select'> <InPorts = 0> <OutPorts = 1> <Sync> <CReg>
ST_3 : Operation 68 [1/1] (0.42ns)   --->   "%store_ln33 = store i6 %select_ln33_1, i6 %ib" [src/integrated-gcn/integrated_gcn_approx.cpp:33]   --->   Operation 68 'store' 'store_ln33' <Predicate = true> <Delay = 0.42>

State 4 <SV = 3> <Delay = 1.73>
ST_4 : Operation 69 [1/2] (0.64ns) (root node of the DSP)   --->   "%add_ln40_1 = add i16 %mul_ln40, i16 %zext_ln33" [src/integrated-gcn/integrated_gcn_approx.cpp:40]   --->   Operation 69 'add' 'add_ln40_1' <Predicate = true> <Delay = 0.64> <CoreInst = "DSP48">   --->   Core 124 'DSP48' <Latency = 3> <II = 1> <Delay = 0.53> <IPBlock> <Opcode : 'add' 'sub' 'mul' 'select'> <InPorts = 0> <OutPorts = 1> <Sync> <CReg>
ST_4 : Operation 70 [1/1] (0.00ns)   --->   "%shl_ln40_1 = bitconcatenate i22 @_ssdm_op_BitConcatenate.i22.i16.i6, i16 %add_ln40_1, i6 0" [src/integrated-gcn/integrated_gcn_approx.cpp:40]   --->   Operation 70 'bitconcatenate' 'shl_ln40_1' <Predicate = true> <Delay = 0.00>
ST_4 : Operation 71 [1/1] (0.00ns)   --->   "%zext_ln40_1 = zext i22 %shl_ln40_1" [src/integrated-gcn/integrated_gcn_approx.cpp:40]   --->   Operation 71 'zext' 'zext_ln40_1' <Predicate = true> <Delay = 0.00>
ST_4 : Operation 72 [1/1] (1.08ns)   --->   "%add_ln40_2 = add i64 %zext_ln40_1, i64 %X_read" [src/integrated-gcn/integrated_gcn_approx.cpp:40]   --->   Operation 72 'add' 'add_ln40_2' <Predicate = true> <Delay = 1.08> <CoreInst = "Adder">   --->   Core 1 'Adder' <Latency = 0> <II = 1> <Delay = 1.08> <FuncUnit> <Opcode : 'add' 'sub'> <InPorts = 2> <OutPorts = 1>
ST_4 : Operation 73 [1/1] (0.00ns)   --->   "%trunc_ln39_s = partselect i58 @_ssdm_op_PartSelect.i58.i64.i32.i32, i64 %add_ln40_2, i32 6, i32 63" [src/integrated-gcn/integrated_gcn_approx.cpp:39]   --->   Operation 73 'partselect' 'trunc_ln39_s' <Predicate = true> <Delay = 0.00>

State 5 <SV = 4> <Delay = 7.30>
ST_5 : Operation 74 [1/1] (0.00ns)   --->   "%sext_ln39 = sext i58 %trunc_ln39_s" [src/integrated-gcn/integrated_gcn_approx.cpp:39]   --->   Operation 74 'sext' 'sext_ln39' <Predicate = true> <Delay = 0.00>
ST_5 : Operation 75 [1/1] (0.00ns)   --->   "%gmem0_addr = getelementptr i512 %gmem0, i64 %sext_ln39" [src/integrated-gcn/integrated_gcn_approx.cpp:39]   --->   Operation 75 'getelementptr' 'gmem0_addr' <Predicate = true> <Delay = 0.00>
ST_5 : Operation 76 [8/8] (7.30ns)   --->   "%gmem0_load_req = readreq i1 @_ssdm_op_ReadReq.m_axi.i512P1A, i512 %gmem0_addr, i64 1" [src/integrated-gcn/integrated_gcn_approx.cpp:39]   --->   Operation 76 'readreq' 'gmem0_load_req' <Predicate = true> <Delay = 7.30> <CoreInst = "m_axi">   --->   Core 119 'm_axi' <Latency = 6> <II = 1> <Delay = 1.00> <Adapter> <Opcode : 'readrequnaligned' 'writerequnaligned' 'read' 'write' 'readreq' 'writereq' 'writeresp'>

State 6 <SV = 5> <Delay = 0.00>
ST_6 : Operation 77 [7/8] (7.30ns)   --->   "%gmem0_load_req = readreq i1 @_ssdm_op_ReadReq.m_axi.i512P1A, i512 %gmem0_addr, i64 1" [src/integrated-gcn/integrated_gcn_approx.cpp:39]   --->   Operation 77 'readreq' 'gmem0_load_req' <Predicate = true> <Delay = 7.30> <CoreInst = "m_axi">   --->   Core 119 'm_axi' <Latency = 6> <II = 1> <Delay = 1.00> <Adapter> <Opcode : 'readrequnaligned' 'writerequnaligned' 'read' 'write' 'readreq' 'writereq' 'writeresp'>

State 7 <SV = 6> <Delay = 0.00>
ST_7 : Operation 78 [6/8] (7.30ns)   --->   "%gmem0_load_req = readreq i1 @_ssdm_op_ReadReq.m_axi.i512P1A, i512 %gmem0_addr, i64 1" [src/integrated-gcn/integrated_gcn_approx.cpp:39]   --->   Operation 78 'readreq' 'gmem0_load_req' <Predicate = true> <Delay = 7.30> <CoreInst = "m_axi">   --->   Core 119 'm_axi' <Latency = 6> <II = 1> <Delay = 1.00> <Adapter> <Opcode : 'readrequnaligned' 'writerequnaligned' 'read' 'write' 'readreq' 'writereq' 'writeresp'>

State 8 <SV = 7> <Delay = 0.00>
ST_8 : Operation 79 [5/8] (7.30ns)   --->   "%gmem0_load_req = readreq i1 @_ssdm_op_ReadReq.m_axi.i512P1A, i512 %gmem0_addr, i64 1" [src/integrated-gcn/integrated_gcn_approx.cpp:39]   --->   Operation 79 'readreq' 'gmem0_load_req' <Predicate = true> <Delay = 7.30> <CoreInst = "m_axi">   --->   Core 119 'm_axi' <Latency = 6> <II = 1> <Delay = 1.00> <Adapter> <Opcode : 'readrequnaligned' 'writerequnaligned' 'read' 'write' 'readreq' 'writereq' 'writeresp'>

State 9 <SV = 8> <Delay = 0.00>
ST_9 : Operation 80 [4/8] (7.30ns)   --->   "%gmem0_load_req = readreq i1 @_ssdm_op_ReadReq.m_axi.i512P1A, i512 %gmem0_addr, i64 1" [src/integrated-gcn/integrated_gcn_approx.cpp:39]   --->   Operation 80 'readreq' 'gmem0_load_req' <Predicate = true> <Delay = 7.30> <CoreInst = "m_axi">   --->   Core 119 'm_axi' <Latency = 6> <II = 1> <Delay = 1.00> <Adapter> <Opcode : 'readrequnaligned' 'writerequnaligned' 'read' 'write' 'readreq' 'writereq' 'writeresp'>

State 10 <SV = 9> <Delay = 0.00>
ST_10 : Operation 81 [3/8] (7.30ns)   --->   "%gmem0_load_req = readreq i1 @_ssdm_op_ReadReq.m_axi.i512P1A, i512 %gmem0_addr, i64 1" [src/integrated-gcn/integrated_gcn_approx.cpp:39]   --->   Operation 81 'readreq' 'gmem0_load_req' <Predicate = true> <Delay = 7.30> <CoreInst = "m_axi">   --->   Core 119 'm_axi' <Latency = 6> <II = 1> <Delay = 1.00> <Adapter> <Opcode : 'readrequnaligned' 'writerequnaligned' 'read' 'write' 'readreq' 'writereq' 'writeresp'>

State 11 <SV = 10> <Delay = 0.00>
ST_11 : Operation 82 [2/8] (7.30ns)   --->   "%gmem0_load_req = readreq i1 @_ssdm_op_ReadReq.m_axi.i512P1A, i512 %gmem0_addr, i64 1" [src/integrated-gcn/integrated_gcn_approx.cpp:39]   --->   Operation 82 'readreq' 'gmem0_load_req' <Predicate = true> <Delay = 7.30> <CoreInst = "m_axi">   --->   Core 119 'm_axi' <Latency = 6> <II = 1> <Delay = 1.00> <Adapter> <Opcode : 'readrequnaligned' 'writerequnaligned' 'read' 'write' 'readreq' 'writereq' 'writeresp'>

State 12 <SV = 11> <Delay = 7.30>
ST_12 : Operation 83 [1/8] ( I:7.30ns O:7.30ns )   --->   "%gmem0_load_req = readreq i1 @_ssdm_op_ReadReq.m_axi.i512P1A, i512 %gmem0_addr, i64 1" [src/integrated-gcn/integrated_gcn_approx.cpp:39]   --->   Operation 83 'readreq' 'gmem0_load_req' <Predicate = true> <Delay = 7.30> <CoreInst = "m_axi">   --->   Core 119 'm_axi' <Latency = 6> <II = 1> <Delay = 1.00> <Adapter> <Opcode : 'readrequnaligned' 'writerequnaligned' 'read' 'write' 'readreq' 'writereq' 'writeresp'>

State 13 <SV = 12> <Delay = 7.30>
ST_13 : Operation 84 [1/1] ( I:7.30ns O:7.30ns )   --->   "%gmem0_addr_read = read i512 @_ssdm_op_Read.m_axi.i512P1A, i512 %gmem0_addr" [src/integrated-gcn/integrated_gcn_approx.cpp:39]   --->   Operation 84 'read' 'gmem0_addr_read' <Predicate = true> <Delay = 7.30> <CoreInst = "m_axi">   --->   Core 119 'm_axi' <Latency = 3> <II = 1> <Delay = 1.00> <Adapter> <Opcode : 'readrequnaligned' 'writerequnaligned' 'read' 'write' 'readreq' 'writereq' 'writeresp'>
ST_13 : Operation 90 [1/1] (0.42ns)   --->   "%ret_ln46 = ret" [src/integrated-gcn/integrated_gcn_approx.cpp:46]   --->   Operation 90 'ret' 'ret_ln46' <Predicate = (icmp_ln33)> <Delay = 0.42>

State 14 <SV = 13> <Delay = 1.62>
ST_14 : Operation 85 [1/1] (0.00ns)   --->   "%specloopname_ln0 = specloopname void @_ssdm_op_SpecLoopName, void @VITIS_LOOP_33_1_VITIS_LOOP_35_3_VITIS_LOOP_36_4_str"   --->   Operation 85 'specloopname' 'specloopname_ln0' <Predicate = true> <Delay = 0.00>
ST_14 : Operation 86 [1/1] (0.00ns)   --->   "%speclooptripcount_ln0 = speclooptripcount void @_ssdm_op_SpecLoopTripCount, i64 63296, i64 63296, i64 63296"   --->   Operation 86 'speclooptripcount' 'speclooptripcount_ln0' <Predicate = true> <Delay = 0.00>
ST_14 : Operation 87 [1/1] (0.00ns)   --->   "%specpipeline_ln36 = specpipeline void @_ssdm_op_SpecPipeline, i32 4294967295, i32 0, i32 0, i32 0, i32 4294967295, void @empty_20" [src/integrated-gcn/integrated_gcn_approx.cpp:36]   --->   Operation 87 'specpipeline' 'specpipeline_ln36' <Predicate = true> <Delay = 0.00>
ST_14 : Operation 88 [1/1] ( I:1.62ns O:1.62ns )   --->   "%write_ln39 = write void @_ssdm_op_Write.ap_fifo.volatile.i512P0A, i512 %X_stream, i512 %gmem0_addr_read" [src/integrated-gcn/integrated_gcn_approx.cpp:39]   --->   Operation 88 'write' 'write_ln39' <Predicate = true> <Delay = 1.62> <CoreInst = "FIFO">   --->   Core 77 'FIFO' <Latency = 0> <II = 1> <Delay = 1.62> <Storage> <Opcode : 'read' 'write' 'nbread' 'nbwrite'> <Ports = 0> <Width = 512> <Depth = 16> <FIFO>
ST_14 : Operation 89 [1/1] (0.00ns)   --->   "%br_ln36 = br void %VITIS_LOOP_37_5" [src/integrated-gcn/integrated_gcn_approx.cpp:36]   --->   Operation 89 'br' 'br_ln36' <Predicate = true> <Delay = 0.00>


============================================================
+ Verbose Summary: Timing violations
============================================================
Target clock period: 10.000ns, clock uncertainty: 2.700ns.

 <State 1>: 4.647ns
The critical path consists of the following:
	'store' operation ('store_ln0') of constant 0 12 bit on local variable 'indvar_flatten' [16]  (0.427 ns)
	'load' operation 12 bit ('indvar_flatten_load', src/integrated-gcn/integrated_gcn_approx.cpp:35) on local variable 'indvar_flatten' [28]  (0.000 ns)
	'icmp' operation 1 bit ('icmp_ln35', src/integrated-gcn/integrated_gcn_approx.cpp:35) [32]  (0.809 ns)
	'select' operation 5 bit ('select_ln33', src/integrated-gcn/integrated_gcn_approx.cpp:33) [33]  (0.414 ns)
	'add' operation 5 bit ('add_ln35', src/integrated-gcn/integrated_gcn_approx.cpp:35) [39]  (0.789 ns)
	'select' operation 5 bit ('select_ln35', src/integrated-gcn/integrated_gcn_approx.cpp:35) [42]  (0.414 ns)
	'add' operation 11 bit ('add_ln40', src/integrated-gcn/integrated_gcn_approx.cpp:40) [47]  (0.798 ns)
	'mul' operation 16 bit of DSP[50] ('mul_ln40', src/integrated-gcn/integrated_gcn_approx.cpp:40) [49]  (0.996 ns)

 <State 2>: 0.996ns
The critical path consists of the following:
	'mul' operation 16 bit of DSP[50] ('mul_ln40', src/integrated-gcn/integrated_gcn_approx.cpp:40) [49]  (0.996 ns)

 <State 3>: 1.810ns
The critical path consists of the following:
	'load' operation 6 bit ('ib_load', src/integrated-gcn/integrated_gcn_approx.cpp:33) on local variable 'ib', src/integrated-gcn/integrated_gcn_approx.cpp:33 [29]  (0.000 ns)
	'add' operation 6 bit ('add_ln33_1', src/integrated-gcn/integrated_gcn_approx.cpp:33) [37]  (0.781 ns)
	'select' operation 6 bit ('select_ln33_1', src/integrated-gcn/integrated_gcn_approx.cpp:33) [38]  (0.384 ns)
	'add' operation 16 bit of DSP[50] ('add_ln40_1', src/integrated-gcn/integrated_gcn_approx.cpp:40) [50]  (0.645 ns)

 <State 4>: 1.730ns
The critical path consists of the following:
	'add' operation 16 bit of DSP[50] ('add_ln40_1', src/integrated-gcn/integrated_gcn_approx.cpp:40) [50]  (0.645 ns)
	'add' operation 64 bit ('add_ln40_2', src/integrated-gcn/integrated_gcn_approx.cpp:40) [53]  (1.085 ns)

 <State 5>: 7.300ns
The critical path consists of the following:
	'getelementptr' operation 512 bit ('gmem0_addr', src/integrated-gcn/integrated_gcn_approx.cpp:39) [56]  (0.000 ns)
	bus request operation ('gmem0_load_req', src/integrated-gcn/integrated_gcn_approx.cpp:39) on port 'gmem0' (src/integrated-gcn/integrated_gcn_approx.cpp:39) [57]  (0.000 ns)
	blocking operation 7.3 ns on control path)

 <State 6>: 0.000ns
The critical path consists of the following:

 <State 7>: 0.000ns
The critical path consists of the following:

 <State 8>: 0.000ns
The critical path consists of the following:

 <State 9>: 0.000ns
The critical path consists of the following:

 <State 10>: 0.000ns
The critical path consists of the following:

 <State 11>: 0.000ns
The critical path consists of the following:

 <State 12>: 7.300ns
The critical path consists of the following:
	bus request operation ('gmem0_load_req', src/integrated-gcn/integrated_gcn_approx.cpp:39) on port 'gmem0' (src/integrated-gcn/integrated_gcn_approx.cpp:39) [57]  (7.300 ns)

 <State 13>: 7.300ns
The critical path consists of the following:
	bus read operation ('gmem0_addr_read', src/integrated-gcn/integrated_gcn_approx.cpp:39) on port 'gmem0' (src/integrated-gcn/integrated_gcn_approx.cpp:39) [58]  (7.300 ns)

 <State 14>: 1.620ns
The critical path consists of the following:
	fifo write operation ('write_ln39', src/integrated-gcn/integrated_gcn_approx.cpp:39) on port 'X_stream' (src/integrated-gcn/integrated_gcn_approx.cpp:39) [59]  (1.620 ns)


============================================================
+ Verbose Summary: Binding
============================================================
N/A
* FSMD analyzer results:
  - Output states:
 - Input state : 
  - Chain level:
	State 1
	State 2
	State 3
	State 4
	State 5
	State 6
	State 7
	State 8
	State 9
	State 10
	State 11
	State 12
	State 13
	State 14


============================================================
+ Verbose Summary: Datapath Resource usage 
============================================================
N/A
