

================================================================
== Vitis HLS Report for 'gemm_stage'
================================================================
* Date:           Thu Apr 16 10:08:42 2026

* Version:        2025.2 (Build 6295257 on Nov 14 2025)
* Project:        integrated_gcn_approx
* Solution:       hls (Vivado IP Flow Target)
* Product family: zynquplus
* Target device:  xck26-sfvc784-2LV-c


================================================================
== Performance Estimates
================================================================
+ Timing: 
    * Summary: 
    +--------+----------+----------+------------+
    |  Clock |  Target  | Estimated| Uncertainty|
    +--------+----------+----------+------------+
    |ap_clk  |  10.00 ns|  7.300 ns|     2.70 ns|
    +--------+----------+----------+------------+

+ Latency: 
    * Summary: 
    +---------+---------+-----------+-----------+---------+---------+----------+
    |  Latency (cycles) |   Latency (absolute)  |      Interval     | Pipeline |
    |   min   |   max   |    min    |    max    |   min   |   max   |   Type   |
    +---------+---------+-----------+-----------+---------+---------+----------+
    |  1018896|  1018896|  10.189 ms|  10.189 ms|  1018887|  1018887|  dataflow|
    +---------+---------+-----------+-----------+---------+---------+----------+

    + Detail: 
        * Instance: 
        +-------------------------+--------------+---------+---------+-----------+-----------+---------+---------+------------------------------------------------+
        |                         |              |  Latency (cycles) |   Latency (absolute)  |      Interval     |                    Pipeline                    |
        |         Instance        |    Module    |   min   |   max   |    min    |    max    |   min   |   max   |                      Type                      |
        +-------------------------+--------------+---------+---------+-----------+-----------+---------+---------+------------------------------------------------+
        |grp_gemm_read_X_fu_96    |gemm_read_X   |    63310|    63310|   0.633 ms|   0.633 ms|    63297|    63297|  loop auto-rewind stp (delay=0 clock cycles(s))|
        |grp_gemm_read_W_fu_105   |gemm_read_W   |    63307|    63307|   0.633 ms|   0.633 ms|    63297|    63297|  loop auto-rewind stp (delay=0 clock cycles(s))|
        |grp_gemm_compute_fu_114  |gemm_compute  |  1018886|  1018886|  10.189 ms|  10.189 ms|  1018886|  1018886|                                              no|
        |grp_gemm_write_fu_121    |gemm_write    |     2760|     2760|  27.600 us|  27.600 us|     2753|     2753|  loop auto-rewind stp (delay=0 clock cycles(s))|
        +-------------------------+--------------+---------+---------+-----------+-----------+---------+---------+------------------------------------------------+

        * Loop: 
        N/A

============================================================
+ Verbose Summary: Synthesis Manager
============================================================
InlineROM: 1
ExposeGlobal: 0
============================================================
+ Verbose Summary: CDFG Model
============================================================
IsTopModel: 0
ResetActiveHigh: 1
IsCombinational: 2
IsDatapathOnly: 0
HasWiredReturn: 1
HasMFsm: 0
HasVarLatency: 1
IsPipeline: 0
IsRtlPipelined: 0
IsInstanceOverlapped: 0
IsDontTouch: 0
HasImplIP: 0
IsGatedGlobalClock: 0


============================================================
+ Verbose Summary: Schedule
============================================================
* Number of FSM states : 6
* Pipeline : 0
* Dataflow Pipeline: 1
  DF-Pipeline-0: Size = 6, States = { 1 2 3 4 5 6 }

* FSM state transitions: 
1 --> 2 
2 --> 3 
3 --> 4 
4 --> 5 
5 --> 6 
6 --> 

* FSM state operations: 

State 1 <SV = 0> <Delay = 0.00>
ST_1 : Operation 7 [1/1] (0.00ns)   --->   "%W_read = read i64 @_ssdm_op_Read.ap_auto.i64, i64 %W"   --->   Operation 7 'read' 'W_read' <Predicate = true> <Delay = 0.00>
ST_1 : Operation 8 [1/1] (0.00ns)   --->   "%X_read = read i64 @_ssdm_op_Read.ap_auto.i64, i64 %X"   --->   Operation 8 'read' 'X_read' <Predicate = true> <Delay = 0.00>
ST_1 : Operation 9 [1/1] (0.00ns)   --->   "%X_stream = alloca i64 1" [src/integrated-gcn/integrated_gcn_approx.cpp:175]   --->   Operation 9 'alloca' 'X_stream' <Predicate = true> <Delay = 0.00> <CoreInst = "FIFO">   --->   Core 77 'FIFO' <Latency = 0> <II = 1> <Delay = 1.62> <Storage> <Opcode : 'read' 'write' 'nbread' 'nbwrite'> <Ports = 0> <Width = 512> <Depth = 16> <FIFO>
ST_1 : Operation 10 [1/1] (0.00ns)   --->   "%W_stream = alloca i64 1" [src/integrated-gcn/integrated_gcn_approx.cpp:176]   --->   Operation 10 'alloca' 'W_stream' <Predicate = true> <Delay = 0.00> <CoreInst = "FIFO">   --->   Core 77 'FIFO' <Latency = 0> <II = 1> <Delay = 1.62> <Storage> <Opcode : 'read' 'write' 'nbread' 'nbwrite'> <Ports = 0> <Width = 512> <Depth = 16> <FIFO>
ST_1 : Operation 11 [1/1] (0.00ns)   --->   "%XW_stream = alloca i64 1" [src/integrated-gcn/integrated_gcn_approx.cpp:177]   --->   Operation 11 'alloca' 'XW_stream' <Predicate = true> <Delay = 0.00> <CoreInst = "FIFO">   --->   Core 77 'FIFO' <Latency = 0> <II = 1> <Delay = 1.62> <Storage> <Opcode : 'read' 'write' 'nbread' 'nbwrite'> <Ports = 0> <Width = 512> <Depth = 16> <FIFO>
ST_1 : Operation 12 [2/2] (0.00ns)   --->   "%call_ln182 = call void @gemm_read_X, i512 %gmem0, i64 %X_read, i512 %X_stream" [src/integrated-gcn/integrated_gcn_approx.cpp:182]   --->   Operation 12 'call' 'call_ln182' <Predicate = true> <Delay = 0.00> <CoreType = "Generic">   --->   Generic Core
ST_1 : Operation 13 [2/2] (0.00ns)   --->   "%call_ln183 = call void @gemm_read_W, i512 %gmem1, i64 %W_read, i512 %W_stream" [src/integrated-gcn/integrated_gcn_approx.cpp:183]   --->   Operation 13 'call' 'call_ln183' <Predicate = true> <Delay = 0.00> <CoreType = "Generic">   --->   Generic Core

State 2 <SV = 1> <Delay = 0.00>
ST_2 : Operation 14 [1/2] (0.00ns)   --->   "%call_ln182 = call void @gemm_read_X, i512 %gmem0, i64 %X_read, i512 %X_stream" [src/integrated-gcn/integrated_gcn_approx.cpp:182]   --->   Operation 14 'call' 'call_ln182' <Predicate = true> <Delay = 0.00> <CoreType = "Generic">   --->   Generic Core
ST_2 : Operation 15 [1/2] (0.00ns)   --->   "%call_ln183 = call void @gemm_read_W, i512 %gmem1, i64 %W_read, i512 %W_stream" [src/integrated-gcn/integrated_gcn_approx.cpp:183]   --->   Operation 15 'call' 'call_ln183' <Predicate = true> <Delay = 0.00> <CoreType = "Generic">   --->   Generic Core

State 3 <SV = 2> <Delay = 0.00>
ST_3 : Operation 16 [2/2] (0.00ns)   --->   "%call_ln184 = call void @gemm_compute, i512 %X_stream, i512 %W_stream, i512 %XW_stream" [src/integrated-gcn/integrated_gcn_approx.cpp:184]   --->   Operation 16 'call' 'call_ln184' <Predicate = true> <Delay = 0.00> <CoreType = "Generic">   --->   Generic Core

State 4 <SV = 3> <Delay = 0.78>
ST_4 : Operation 17 [1/2] (0.78ns)   --->   "%call_ln184 = call void @gemm_compute, i512 %X_stream, i512 %W_stream, i512 %XW_stream" [src/integrated-gcn/integrated_gcn_approx.cpp:184]   --->   Operation 17 'call' 'call_ln184' <Predicate = true> <Delay = 0.78> <CoreType = "Generic">   --->   Generic Core

State 5 <SV = 4> <Delay = 1.08>
ST_5 : Operation 18 [1/1] (0.00ns)   --->   "%H_temp_read = read i64 @_ssdm_op_Read.ap_auto.i64, i64 %H_temp"   --->   Operation 18 'read' 'H_temp_read' <Predicate = true> <Delay = 0.00>
ST_5 : Operation 19 [2/2] (1.08ns)   --->   "%call_ln185 = call void @gemm_write, i512 %XW_stream, i512 %gmem2, i64 %H_temp_read" [src/integrated-gcn/integrated_gcn_approx.cpp:185]   --->   Operation 19 'call' 'call_ln185' <Predicate = true> <Delay = 1.08> <CoreType = "Generic">   --->   Generic Core

State 6 <SV = 5> <Delay = 0.00>
ST_6 : Operation 20 [1/1] (0.00ns)   --->   "%specstablecontent_ln174 = specstablecontent void @_ssdm_op_SpecStableContent, i64 %H_temp, i1 1, void @p_str" [src/integrated-gcn/integrated_gcn_approx.cpp:174]   --->   Operation 20 'specstablecontent' 'specstablecontent_ln174' <Predicate = true> <Delay = 0.00>
ST_6 : Operation 21 [1/1] (0.00ns)   --->   "%specstablecontent_ln174 = specstablecontent void @_ssdm_op_SpecStableContent, i64 %W, i1 1, void @p_str" [src/integrated-gcn/integrated_gcn_approx.cpp:174]   --->   Operation 21 'specstablecontent' 'specstablecontent_ln174' <Predicate = true> <Delay = 0.00>
ST_6 : Operation 22 [1/1] (0.00ns)   --->   "%specstablecontent_ln174 = specstablecontent void @_ssdm_op_SpecStableContent, i512 %gmem1, i1 1, void @p_str" [src/integrated-gcn/integrated_gcn_approx.cpp:174]   --->   Operation 22 'specstablecontent' 'specstablecontent_ln174' <Predicate = true> <Delay = 0.00>
ST_6 : Operation 23 [1/1] (0.00ns)   --->   "%specstablecontent_ln174 = specstablecontent void @_ssdm_op_SpecStableContent, i64 %X, i1 1, void @p_str" [src/integrated-gcn/integrated_gcn_approx.cpp:174]   --->   Operation 23 'specstablecontent' 'specstablecontent_ln174' <Predicate = true> <Delay = 0.00>
ST_6 : Operation 24 [1/1] (0.00ns)   --->   "%specstablecontent_ln174 = specstablecontent void @_ssdm_op_SpecStableContent, i512 %gmem0, i1 1, void @p_str" [src/integrated-gcn/integrated_gcn_approx.cpp:174]   --->   Operation 24 'specstablecontent' 'specstablecontent_ln174' <Predicate = true> <Delay = 0.00>
ST_6 : Operation 25 [1/1] (0.00ns)   --->   "%specdataflowpipeline_ln174 = specdataflowpipeline void @_ssdm_op_SpecDataflowPipeline, i32 4294967295, i32 0, void @empty_20" [src/integrated-gcn/integrated_gcn_approx.cpp:174]   --->   Operation 25 'specdataflowpipeline' 'specdataflowpipeline_ln174' <Predicate = true> <Delay = 0.00>
ST_6 : Operation 26 [1/1] (0.00ns)   --->   "%specinterface_ln0 = specinterface void @_ssdm_op_SpecInterface, i512 %gmem2, void @empty_29, i32 0, i32 0, void @empty_20, i32 0, i32 0, void @empty_2, void @empty_9, void @empty_20, i32 16, i32 16, i32 16, i32 16, void @empty_20, void @empty_20, i32 4294967295, i32 0, i32 0, i32 64"   --->   Operation 26 'specinterface' 'specinterface_ln0' <Predicate = true> <Delay = 0.00>
ST_6 : Operation 27 [1/1] (0.00ns)   --->   "%specinterface_ln0 = specinterface void @_ssdm_op_SpecInterface, i512 %gmem1, void @empty_29, i32 0, i32 0, void @empty_20, i32 0, i32 0, void @empty, void @empty_9, void @empty_20, i32 16, i32 16, i32 16, i32 16, void @empty_20, void @empty_20, i32 4294967295, i32 0, i32 0, i32 64"   --->   Operation 27 'specinterface' 'specinterface_ln0' <Predicate = true> <Delay = 0.00>
ST_6 : Operation 28 [1/1] (0.00ns)   --->   "%specinterface_ln0 = specinterface void @_ssdm_op_SpecInterface, i512 %gmem0, void @empty_29, i32 0, i32 0, void @empty_20, i32 0, i32 0, void @empty_28, void @empty_9, void @empty_20, i32 16, i32 16, i32 16, i32 16, void @empty_20, void @empty_20, i32 4294967295, i32 0, i32 0, i32 64"   --->   Operation 28 'specinterface' 'specinterface_ln0' <Predicate = true> <Delay = 0.00>
ST_6 : Operation 29 [1/1] (0.00ns)   --->   "%empty = specchannel i32 @_ssdm_op_SpecChannel, void @X_stream_str, i32 1, void @p_str, void @p_str, i32 16, i32 16, i512 %X_stream, i512 %X_stream"   --->   Operation 29 'specchannel' 'empty' <Predicate = true> <Delay = 0.00>
ST_6 : Operation 30 [1/1] (0.00ns)   --->   "%specinterface_ln0 = specinterface void @_ssdm_op_SpecInterface, i512 %X_stream, void @empty_6, i32 0, i32 0, void @empty_20, i32 0, i32 0, void @empty_20, void @empty_20, void @empty_20, i32 0, i32 0, i32 0, i32 0, void @empty_20, void @empty_20, i32 4294967295, i32 0, i32 0, i32 0"   --->   Operation 30 'specinterface' 'specinterface_ln0' <Predicate = true> <Delay = 0.00>
ST_6 : Operation 31 [1/1] (0.00ns)   --->   "%empty_53 = specchannel i32 @_ssdm_op_SpecChannel, void @W_stream_str, i32 1, void @p_str, void @p_str, i32 16, i32 16, i512 %W_stream, i512 %W_stream"   --->   Operation 31 'specchannel' 'empty_53' <Predicate = true> <Delay = 0.00>
ST_6 : Operation 32 [1/1] (0.00ns)   --->   "%specinterface_ln0 = specinterface void @_ssdm_op_SpecInterface, i512 %W_stream, void @empty_6, i32 0, i32 0, void @empty_20, i32 0, i32 0, void @empty_20, void @empty_20, void @empty_20, i32 0, i32 0, i32 0, i32 0, void @empty_20, void @empty_20, i32 4294967295, i32 0, i32 0, i32 0"   --->   Operation 32 'specinterface' 'specinterface_ln0' <Predicate = true> <Delay = 0.00>
ST_6 : Operation 33 [1/1] (0.00ns)   --->   "%empty_54 = specchannel i32 @_ssdm_op_SpecChannel, void @XW_stream_str, i32 1, void @p_str, void @p_str, i32 16, i32 16, i512 %XW_stream, i512 %XW_stream"   --->   Operation 33 'specchannel' 'empty_54' <Predicate = true> <Delay = 0.00>
ST_6 : Operation 34 [1/1] (0.00ns)   --->   "%specinterface_ln0 = specinterface void @_ssdm_op_SpecInterface, i512 %XW_stream, void @empty_6, i32 0, i32 0, void @empty_20, i32 0, i32 0, void @empty_20, void @empty_20, void @empty_20, i32 0, i32 0, i32 0, i32 0, void @empty_20, void @empty_20, i32 4294967295, i32 0, i32 0, i32 0"   --->   Operation 34 'specinterface' 'specinterface_ln0' <Predicate = true> <Delay = 0.00>
ST_6 : Operation 35 [1/2] (0.00ns)   --->   "%call_ln185 = call void @gemm_write, i512 %XW_stream, i512 %gmem2, i64 %H_temp_read" [src/integrated-gcn/integrated_gcn_approx.cpp:185]   --->   Operation 35 'call' 'call_ln185' <Predicate = true> <Delay = 0.00> <CoreType = "Generic">   --->   Generic Core
ST_6 : Operation 36 [1/1] (0.00ns)   --->   "%ret_ln186 = ret" [src/integrated-gcn/integrated_gcn_approx.cpp:186]   --->   Operation 36 'ret' 'ret_ln186' <Predicate = true> <Delay = 0.00>


============================================================
+ Verbose Summary: Binding
============================================================
STG Binding: 
---------------- STG Properties BEGIN ----------------
- Is combinational: 0
- Is one-state seq: 0
- Is datapath-only: 0
- Is pipelined: 0
- Is top level: 0
Port [ Return ] is wired: 1; IO mode=ap_ctrl_hs:ce=0
Port [ gmem0]:  wired=1; compound=1; hidden=0; nouse=0; global=0; static=0; extern=0; dir=0; type=4; pingpong=0; private_global=0; IO mode=m_axi:ce=0
Port [ X]:  wired=1; compound=0; hidden=0; nouse=0; global=0; static=0; extern=0; dir=0; type=0; pingpong=0; private_global=0; IO mode=ap_none:ce=0
Port [ gmem1]:  wired=1; compound=1; hidden=0; nouse=0; global=0; static=0; extern=0; dir=0; type=4; pingpong=0; private_global=0; IO mode=m_axi:ce=0
Port [ W]:  wired=1; compound=0; hidden=0; nouse=0; global=0; static=0; extern=0; dir=0; type=0; pingpong=0; private_global=0; IO mode=ap_none:ce=0
Port [ gmem2]:  wired=1; compound=1; hidden=0; nouse=0; global=0; static=0; extern=0; dir=1; type=4; pingpong=0; private_global=0; IO mode=m_axi:ce=0
Port [ H_temp]:  wired=1; compound=0; hidden=0; nouse=0; global=0; static=0; extern=0; dir=0; type=0; pingpong=0; private_global=0; IO mode=ap_none:ce=0
---------------- STG Properties END ------------------

---------------- Datapath Model BEGIN ----------------

<LifeTime>
<method=bitvector/>
W_read                     (read                ) [ 0010000]
X_read                     (read                ) [ 0010000]
X_stream                   (alloca              ) [ 0111111]
W_stream                   (alloca              ) [ 0111111]
XW_stream                  (alloca              ) [ 0011111]
call_ln182                 (call                ) [ 0000000]
call_ln183                 (call                ) [ 0000000]
call_ln184                 (call                ) [ 0000000]
H_temp_read                (read                ) [ 0000001]
specstablecontent_ln174    (specstablecontent   ) [ 0000000]
specstablecontent_ln174    (specstablecontent   ) [ 0000000]
specstablecontent_ln174    (specstablecontent   ) [ 0000000]
specstablecontent_ln174    (specstablecontent   ) [ 0000000]
specstablecontent_ln174    (specstablecontent   ) [ 0000000]
specdataflowpipeline_ln174 (specdataflowpipeline) [ 0000000]
specinterface_ln0          (specinterface       ) [ 0000000]
specinterface_ln0          (specinterface       ) [ 0000000]
specinterface_ln0          (specinterface       ) [ 0000000]
empty                      (specchannel         ) [ 0000000]
specinterface_ln0          (specinterface       ) [ 0000000]
empty_53                   (specchannel         ) [ 0000000]
specinterface_ln0          (specinterface       ) [ 0000000]
empty_54                   (specchannel         ) [ 0000000]
specinterface_ln0          (specinterface       ) [ 0000000]
call_ln185                 (call                ) [ 0000000]
ret_ln186                  (ret                 ) [ 0000000]
</LifeTime>

<model>

<comp_list>
<comp id="0" class="1000" name="gmem0">
<pin_list>
<pin id="1" dir="1" index="0" bw="1" slack="0"/>
</pin_list>
<bind>
<StgValue><ssdm name="gmem0"/><MemPortTyVec>0 </MemPortTyVec>
</StgValue>
</bind>
</comp>

<comp id="2" class="1000" name="X">
<pin_list>
<pin id="3" dir="1" index="0" bw="1" slack="0"/>
</pin_list>
<bind>
<StgValue><ssdm name="X"/></StgValue>
</bind>
</comp>

<comp id="4" class="1000" name="gmem1">
<pin_list>
<pin id="5" dir="1" index="0" bw="1" slack="0"/>
</pin_list>
<bind>
<StgValue><ssdm name="gmem1"/><MemPortTyVec>0 </MemPortTyVec>
</StgValue>
</bind>
</comp>

<comp id="6" class="1000" name="W">
<pin_list>
<pin id="7" dir="1" index="0" bw="1" slack="0"/>
</pin_list>
<bind>
<StgValue><ssdm name="W"/></StgValue>
</bind>
</comp>

<comp id="8" class="1000" name="gmem2">
<pin_list>
<pin id="9" dir="1" index="0" bw="1" slack="0"/>
</pin_list>
<bind>
<StgValue><ssdm name="gmem2"/><MemPortTyVec>1 </MemPortTyVec>
</StgValue>
</bind>
</comp>

<comp id="10" class="1000" name="H_temp">
<pin_list>
<pin id="11" dir="1" index="0" bw="1" slack="0"/>
</pin_list>
<bind>
<StgValue><ssdm name="H_temp"/></StgValue>
</bind>
</comp>

<comp id="12" class="1001" name="const_12">
<pin_list>
<pin id="13" dir="1" index="0" bw="1" slack="0"/>
</pin_list>
<bind>
<StgValue><ssdm name="_ssdm_op_Read.ap_auto.i64"/></StgValue>
</bind>
</comp>

<comp id="14" class="1001" name="const_14">
<pin_list>
<pin id="15" dir="1" index="0" bw="1" slack="0"/>
</pin_list>
<bind>
<StgValue><ssdm name=""/></StgValue>
</bind>
</comp>

<comp id="16" class="1001" name="const_16">
<pin_list>
<pin id="17" dir="1" index="0" bw="1" slack="0"/>
</pin_list>
<bind>
<StgValue><ssdm name="gemm_read_X"/></StgValue>
</bind>
</comp>

<comp id="18" class="1001" name="const_18">
<pin_list>
<pin id="19" dir="1" index="0" bw="1" slack="0"/>
</pin_list>
<bind>
<StgValue><ssdm name="gemm_read_W"/></StgValue>
</bind>
</comp>

<comp id="20" class="1001" name="const_20">
<pin_list>
<pin id="21" dir="1" index="0" bw="1" slack="0"/>
</pin_list>
<bind>
<StgValue><ssdm name="gemm_compute"/></StgValue>
</bind>
</comp>

<comp id="22" class="1001" name="const_22">
<pin_list>
<pin id="23" dir="1" index="0" bw="1" slack="0"/>
</pin_list>
<bind>
<StgValue><ssdm name="gemm_write"/></StgValue>
</bind>
</comp>

<comp id="24" class="1001" name="const_24">
<pin_list>
<pin id="25" dir="1" index="0" bw="1" slack="2147483647"/>
</pin_list>
<bind>
<StgValue><ssdm name="_ssdm_op_SpecStableContent"/></StgValue>
</bind>
</comp>

<comp id="26" class="1001" name="const_26">
<pin_list>
<pin id="27" dir="1" index="0" bw="1" slack="2147483647"/>
</pin_list>
<bind>
<StgValue><ssdm name=""/></StgValue>
</bind>
</comp>

<comp id="28" class="1001" name="const_28">
<pin_list>
<pin id="29" dir="1" index="0" bw="1" slack="2147483647"/>
</pin_list>
<bind>
<StgValue><ssdm name="p_str"/></StgValue>
</bind>
</comp>

<comp id="30" class="1001" name="const_30">
<pin_list>
<pin id="31" dir="1" index="0" bw="1" slack="2147483647"/>
</pin_list>
<bind>
<StgValue><ssdm name="_ssdm_op_SpecDataflowPipeline"/></StgValue>
</bind>
</comp>

<comp id="32" class="1001" name="const_32">
<pin_list>
<pin id="33" dir="1" index="0" bw="1" slack="2147483647"/>
</pin_list>
<bind>
<StgValue><ssdm name=""/></StgValue>
</bind>
</comp>

<comp id="34" class="1001" name="const_34">
<pin_list>
<pin id="35" dir="1" index="0" bw="1" slack="2147483647"/>
</pin_list>
<bind>
<StgValue><ssdm name=""/></StgValue>
</bind>
</comp>

<comp id="36" class="1001" name="const_36">
<pin_list>
<pin id="37" dir="1" index="0" bw="1" slack="2147483647"/>
</pin_list>
<bind>
<StgValue><ssdm name="empty_20"/></StgValue>
</bind>
</comp>

<comp id="38" class="1001" name="const_38">
<pin_list>
<pin id="39" dir="1" index="0" bw="1" slack="2147483647"/>
</pin_list>
<bind>
<StgValue><ssdm name="_ssdm_op_SpecInterface"/></StgValue>
</bind>
</comp>

<comp id="40" class="1001" name="const_40">
<pin_list>
<pin id="41" dir="1" index="0" bw="1" slack="2147483647"/>
</pin_list>
<bind>
<StgValue><ssdm name="empty_29"/></StgValue>
</bind>
</comp>

<comp id="42" class="1001" name="const_42">
<pin_list>
<pin id="43" dir="1" index="0" bw="1" slack="2147483647"/>
</pin_list>
<bind>
<StgValue><ssdm name="empty_2"/></StgValue>
</bind>
</comp>

<comp id="44" class="1001" name="const_44">
<pin_list>
<pin id="45" dir="1" index="0" bw="1" slack="2147483647"/>
</pin_list>
<bind>
<StgValue><ssdm name="empty_9"/></StgValue>
</bind>
</comp>

<comp id="46" class="1001" name="const_46">
<pin_list>
<pin id="47" dir="1" index="0" bw="1" slack="2147483647"/>
</pin_list>
<bind>
<StgValue><ssdm name=""/></StgValue>
</bind>
</comp>

<comp id="48" class="1001" name="const_48">
<pin_list>
<pin id="49" dir="1" index="0" bw="1" slack="2147483647"/>
</pin_list>
<bind>
<StgValue><ssdm name=""/></StgValue>
</bind>
</comp>

<comp id="50" class="1001" name="const_50">
<pin_list>
<pin id="51" dir="1" index="0" bw="1" slack="2147483647"/>
</pin_list>
<bind>
<StgValue><ssdm name="empty"/></StgValue>
</bind>
</comp>

<comp id="52" class="1001" name="const_52">
<pin_list>
<pin id="53" dir="1" index="0" bw="1" slack="2147483647"/>
</pin_list>
<bind>
<StgValue><ssdm name="empty_28"/></StgValue>
</bind>
</comp>

<comp id="54" class="1001" name="const_54">
<pin_list>
<pin id="55" dir="1" index="0" bw="1" slack="2147483647"/>
</pin_list>
<bind>
<StgValue><ssdm name="_ssdm_op_SpecChannel"/></StgValue>
</bind>
</comp>

<comp id="56" class="1001" name="const_56">
<pin_list>
<pin id="57" dir="1" index="0" bw="1" slack="2147483647"/>
</pin_list>
<bind>
<StgValue><ssdm name="X_stream_str"/></StgValue>
</bind>
</comp>

<comp id="58" class="1001" name="const_58">
<pin_list>
<pin id="59" dir="1" index="0" bw="1" slack="2147483647"/>
</pin_list>
<bind>
<StgValue><ssdm name=""/></StgValue>
</bind>
</comp>

<comp id="60" class="1001" name="const_60">
<pin_list>
<pin id="61" dir="1" index="0" bw="1" slack="2147483647"/>
</pin_list>
<bind>
<StgValue><ssdm name="empty_6"/></StgValue>
</bind>
</comp>

<comp id="62" class="1001" name="const_62">
<pin_list>
<pin id="63" dir="1" index="0" bw="1" slack="2147483647"/>
</pin_list>
<bind>
<StgValue><ssdm name="W_stream_str"/></StgValue>
</bind>
</comp>

<comp id="64" class="1001" name="const_64">
<pin_list>
<pin id="65" dir="1" index="0" bw="1" slack="2147483647"/>
</pin_list>
<bind>
<StgValue><ssdm name="XW_stream_str"/></StgValue>
</bind>
</comp>

<comp id="66" class="1004" name="X_stream_fu_66">
<pin_list>
<pin id="67" dir="0" index="0" bw="1" slack="0"/>
<pin id="68" dir="1" index="1" bw="512" slack="0"/>
</pin_list>
<bind>
<opcode="alloca(26) " fcode="alloca"/>
<opset="X_stream/1 "/>
</bind>
</comp>

<comp id="70" class="1004" name="W_stream_fu_70">
<pin_list>
<pin id="71" dir="0" index="0" bw="1" slack="0"/>
<pin id="72" dir="1" index="1" bw="512" slack="0"/>
</pin_list>
<bind>
<opcode="alloca(26) " fcode="alloca"/>
<opset="W_stream/1 "/>
</bind>
</comp>

<comp id="74" class="1004" name="XW_stream_fu_74">
<pin_list>
<pin id="75" dir="0" index="0" bw="1" slack="0"/>
<pin id="76" dir="1" index="1" bw="512" slack="2"/>
</pin_list>
<bind>
<opcode="alloca(26) " fcode="alloca"/>
<opset="XW_stream/1 "/>
</bind>
</comp>

<comp id="78" class="1004" name="W_read_read_fu_78">
<pin_list>
<pin id="79" dir="0" index="0" bw="64" slack="0"/>
<pin id="80" dir="0" index="1" bw="64" slack="0"/>
<pin id="81" dir="1" index="2" bw="64" slack="0"/>
</pin_list>
<bind>
<opcode="read(1150) " fcode="read"/>
<opset="W_read/1 "/>
</bind>
</comp>

<comp id="84" class="1004" name="X_read_read_fu_84">
<pin_list>
<pin id="85" dir="0" index="0" bw="64" slack="0"/>
<pin id="86" dir="0" index="1" bw="64" slack="0"/>
<pin id="87" dir="1" index="2" bw="64" slack="0"/>
</pin_list>
<bind>
<opcode="read(1150) " fcode="read"/>
<opset="X_read/1 "/>
</bind>
</comp>

<comp id="90" class="1004" name="H_temp_read_read_fu_90">
<pin_list>
<pin id="91" dir="0" index="0" bw="64" slack="0"/>
<pin id="92" dir="0" index="1" bw="64" slack="0"/>
<pin id="93" dir="1" index="2" bw="64" slack="0"/>
</pin_list>
<bind>
<opcode="read(1150) " fcode="read"/>
<opset="H_temp_read/5 "/>
</bind>
</comp>

<comp id="96" class="1004" name="grp_gemm_read_X_fu_96">
<pin_list>
<pin id="97" dir="0" index="0" bw="0" slack="0"/>
<pin id="98" dir="0" index="1" bw="512" slack="0"/>
<pin id="99" dir="0" index="2" bw="64" slack="0"/>
<pin id="100" dir="0" index="3" bw="512" slack="0"/>
<pin id="101" dir="1" index="4" bw="0" slack="2147483647"/>
</pin_list>
<bind>
<opcode="call(48) " fcode="call"/>
<opset="call_ln182/1 "/>
</bind>
</comp>

<comp id="105" class="1004" name="grp_gemm_read_W_fu_105">
<pin_list>
<pin id="106" dir="0" index="0" bw="0" slack="0"/>
<pin id="107" dir="0" index="1" bw="512" slack="0"/>
<pin id="108" dir="0" index="2" bw="64" slack="0"/>
<pin id="109" dir="0" index="3" bw="512" slack="0"/>
<pin id="110" dir="1" index="4" bw="0" slack="2147483647"/>
</pin_list>
<bind>
<opcode="call(48) " fcode="call"/>
<opset="call_ln183/1 "/>
</bind>
</comp>

<comp id="114" class="1004" name="grp_gemm_compute_fu_114">
<pin_list>
<pin id="115" dir="0" index="0" bw="0" slack="0"/>
<pin id="116" dir="0" index="1" bw="512" slack="2"/>
<pin id="117" dir="0" index="2" bw="512" slack="2"/>
<pin id="118" dir="0" index="3" bw="512" slack="2"/>
<pin id="119" dir="1" index="4" bw="0" slack="2147483647"/>
</pin_list>
<bind>
<opcode="call(48) " fcode="call"/>
<opset="call_ln184/3 "/>
</bind>
</comp>

<comp id="121" class="1004" name="grp_gemm_write_fu_121">
<pin_list>
<pin id="122" dir="0" index="0" bw="0" slack="0"/>
<pin id="123" dir="0" index="1" bw="512" slack="4"/>
<pin id="124" dir="0" index="2" bw="512" slack="0"/>
<pin id="125" dir="0" index="3" bw="64" slack="0"/>
<pin id="126" dir="1" index="4" bw="0" slack="2147483647"/>
</pin_list>
<bind>
<opcode="call(48) " fcode="call"/>
<opset="call_ln185/5 "/>
</bind>
</comp>

<comp id="130" class="1005" name="W_read_reg_130">
<pin_list>
<pin id="131" dir="0" index="0" bw="64" slack="1"/>
<pin id="132" dir="1" index="1" bw="64" slack="1"/>
</pin_list>
<bind>
<opset="W_read "/>
</bind>
</comp>

<comp id="135" class="1005" name="X_read_reg_135">
<pin_list>
<pin id="136" dir="0" index="0" bw="64" slack="1"/>
<pin id="137" dir="1" index="1" bw="64" slack="1"/>
</pin_list>
<bind>
<opset="X_read "/>
</bind>
</comp>

<comp id="140" class="1005" name="X_stream_reg_140">
<pin_list>
<pin id="141" dir="0" index="0" bw="512" slack="0"/>
<pin id="142" dir="1" index="1" bw="512" slack="0"/>
</pin_list>
<bind>
<opset="X_stream "/>
</bind>
</comp>

<comp id="146" class="1005" name="W_stream_reg_146">
<pin_list>
<pin id="147" dir="0" index="0" bw="512" slack="0"/>
<pin id="148" dir="1" index="1" bw="512" slack="0"/>
</pin_list>
<bind>
<opset="W_stream "/>
</bind>
</comp>

<comp id="152" class="1005" name="XW_stream_reg_152">
<pin_list>
<pin id="153" dir="0" index="0" bw="512" slack="2"/>
<pin id="154" dir="1" index="1" bw="512" slack="2"/>
</pin_list>
<bind>
<opset="XW_stream "/>
</bind>
</comp>

<comp id="158" class="1005" name="H_temp_read_reg_158">
<pin_list>
<pin id="159" dir="0" index="0" bw="64" slack="1"/>
<pin id="160" dir="1" index="1" bw="64" slack="1"/>
</pin_list>
<bind>
<opset="H_temp_read "/>
</bind>
</comp>

</comp_list>

<net_list>
<net id="69"><net_src comp="14" pin="0"/><net_sink comp="66" pin=0"/></net>

<net id="73"><net_src comp="14" pin="0"/><net_sink comp="70" pin=0"/></net>

<net id="77"><net_src comp="14" pin="0"/><net_sink comp="74" pin=0"/></net>

<net id="82"><net_src comp="12" pin="0"/><net_sink comp="78" pin=0"/></net>

<net id="83"><net_src comp="6" pin="0"/><net_sink comp="78" pin=1"/></net>

<net id="88"><net_src comp="12" pin="0"/><net_sink comp="84" pin=0"/></net>

<net id="89"><net_src comp="2" pin="0"/><net_sink comp="84" pin=1"/></net>

<net id="94"><net_src comp="12" pin="0"/><net_sink comp="90" pin=0"/></net>

<net id="95"><net_src comp="10" pin="0"/><net_sink comp="90" pin=1"/></net>

<net id="102"><net_src comp="16" pin="0"/><net_sink comp="96" pin=0"/></net>

<net id="103"><net_src comp="0" pin="0"/><net_sink comp="96" pin=1"/></net>

<net id="104"><net_src comp="84" pin="2"/><net_sink comp="96" pin=2"/></net>

<net id="111"><net_src comp="18" pin="0"/><net_sink comp="105" pin=0"/></net>

<net id="112"><net_src comp="4" pin="0"/><net_sink comp="105" pin=1"/></net>

<net id="113"><net_src comp="78" pin="2"/><net_sink comp="105" pin=2"/></net>

<net id="120"><net_src comp="20" pin="0"/><net_sink comp="114" pin=0"/></net>

<net id="127"><net_src comp="22" pin="0"/><net_sink comp="121" pin=0"/></net>

<net id="128"><net_src comp="8" pin="0"/><net_sink comp="121" pin=2"/></net>

<net id="129"><net_src comp="90" pin="2"/><net_sink comp="121" pin=3"/></net>

<net id="133"><net_src comp="78" pin="2"/><net_sink comp="130" pin=0"/></net>

<net id="134"><net_src comp="130" pin="1"/><net_sink comp="105" pin=2"/></net>

<net id="138"><net_src comp="84" pin="2"/><net_sink comp="135" pin=0"/></net>

<net id="139"><net_src comp="135" pin="1"/><net_sink comp="96" pin=2"/></net>

<net id="143"><net_src comp="66" pin="1"/><net_sink comp="140" pin=0"/></net>

<net id="144"><net_src comp="140" pin="1"/><net_sink comp="96" pin=3"/></net>

<net id="145"><net_src comp="140" pin="1"/><net_sink comp="114" pin=1"/></net>

<net id="149"><net_src comp="70" pin="1"/><net_sink comp="146" pin=0"/></net>

<net id="150"><net_src comp="146" pin="1"/><net_sink comp="105" pin=3"/></net>

<net id="151"><net_src comp="146" pin="1"/><net_sink comp="114" pin=2"/></net>

<net id="155"><net_src comp="74" pin="1"/><net_sink comp="152" pin=0"/></net>

<net id="156"><net_src comp="152" pin="1"/><net_sink comp="114" pin=3"/></net>

<net id="157"><net_src comp="152" pin="1"/><net_sink comp="121" pin=1"/></net>

<net id="161"><net_src comp="90" pin="2"/><net_sink comp="158" pin=0"/></net>

<net id="162"><net_src comp="158" pin="1"/><net_sink comp="121" pin=3"/></net>

</net_list>

</model> 
---------------- Datapath Model END ------------------

* FSMD analyzer results:
  - Output states:
	Port: gmem2 | {5 6 }
 - Input state : 
	Port: gemm_stage : gmem0 | {1 2 }
	Port: gemm_stage : X | {1 }
	Port: gemm_stage : gmem1 | {1 2 }
	Port: gemm_stage : W | {1 }
	Port: gemm_stage : H_temp | {5 }
  - Chain level:
	State 1
		call_ln182 : 1
		call_ln183 : 1
	State 2
	State 3
	State 4
	State 5
	State 6


============================================================
+ Verbose Summary: Datapath Resource usage 
============================================================

* Functional unit list:
|----------|-------------------------|---------|---------|---------|---------|---------|---------|
| Operation|     Functional Unit     |   BRAM  |   DSP   |  Delay  |    FF   |   LUT   |   URAM  |
|----------|-------------------------|---------|---------|---------|---------|---------|---------|
|          |  grp_gemm_read_X_fu_96  |    0    |    1    |  1.281  |   1226  |   293   |    0    |
|   call   |  grp_gemm_read_W_fu_105 |    0    |    0    |    0    |   1064  |   146   |    0    |
|          | grp_gemm_compute_fu_114 |    0    |    0    | 218.624 |  15973  |  202465 |    0    |
|          |  grp_gemm_write_fu_121  |    0    |    0    |    0    |   1109  |   201   |    0    |
|----------|-------------------------|---------|---------|---------|---------|---------|---------|
|          |    W_read_read_fu_78    |    0    |    0    |    0    |    0    |    0    |    0    |
|   read   |    X_read_read_fu_84    |    0    |    0    |    0    |    0    |    0    |    0    |
|          |  H_temp_read_read_fu_90 |    0    |    0    |    0    |    0    |    0    |    0    |
|----------|-------------------------|---------|---------|---------|---------|---------|---------|
|   Total  |                         |    0    |    1    | 219.905 |  19372  |  203105 |    0    |
|----------|-------------------------|---------|---------|---------|---------|---------|---------|

Memories:
N/A

* Register list:
+-------------------+--------+
|                   |   FF   |
+-------------------+--------+
|H_temp_read_reg_158|   64   |
|   W_read_reg_130  |   64   |
|  W_stream_reg_146 |   512  |
| XW_stream_reg_152 |   512  |
|   X_read_reg_135  |   64   |
|  X_stream_reg_140 |   512  |
+-------------------+--------+
|       Total       |  1728  |
+-------------------+--------+

* Multiplexer (MUX) list: 
|------------------------|------|------|------|--------||---------||---------||---------|
|          Comp          |  Pin | Size |  BW  | S x BW ||  Delay  ||    FF   ||   LUT   |
|------------------------|------|------|------|--------||---------||---------||---------|
|  grp_gemm_read_X_fu_96 |  p2  |   2  |  64  |   128  ||    0    ||    9    |
| grp_gemm_read_W_fu_105 |  p2  |   2  |  64  |   128  ||    0    ||    9    |
|  grp_gemm_write_fu_121 |  p3  |   2  |  64  |   128  ||    0    ||    9    |
|------------------------|------|------|------|--------||---------||---------||---------|
|          Total         |      |      |      |   384  ||  1.281  ||    0    ||    27   |
|------------------------|------|------|------|--------||---------||---------||---------|



* Summary:
+-----------+--------+--------+--------+--------+--------+--------+
|           |  BRAM  |   DSP  |  Delay |   FF   |   LUT  |  URAM  |
+-----------+--------+--------+--------+--------+--------+--------+
|  Function |    0   |    1   |   219  |  19372 | 203105 |    0   |
|   Memory  |    -   |    -   |    -   |    -   |    -   |    -   |
|Multiplexer|    -   |    -   |    1   |    0   |   27   |    -   |
|  Register |    -   |    -   |    -   |  1728  |    -   |    -   |
+-----------+--------+--------+--------+--------+--------+--------+
|   Total   |    0   |    1   |   221  |  21100 | 203132 |    0   |
+-----------+--------+--------+--------+--------+--------+--------+
