

================================================================
== Vitis HLS Report for 'spmm_load_csr'
================================================================
* Date:           Thu Apr 16 10:08:42 2026

* Version:        2025.2 (Build 6295257 on Nov 14 2025)
* Project:        integrated_gcn_approx
* Solution:       hls (Vivado IP Flow Target)
* Product family: zynquplus
* Target device:  xck26-sfvc784-2LV-c


================================================================
== Performance Estimates
================================================================
+ Timing: 
    * Summary: 
    +--------+----------+----------+------------+
    |  Clock |  Target  | Estimated| Uncertainty|
    +--------+----------+----------+------------+
    |ap_clk  |  10.00 ns|  7.300 ns|     2.70 ns|
    +--------+----------+----------+------------+

+ Latency: 
    * Summary: 
    +---------+---------+----------+----------+-----+-----+---------+
    |  Latency (cycles) |  Latency (absolute) |  Interval | Pipeline|
    |   min   |   max   |    min   |    max   | min | max |   Type  |
    +---------+---------+----------+----------+-----+-----+---------+
    |        ?|        ?|         ?|         ?|    ?|    ?|       no|
    +---------+---------+----------+----------+-----+-----+---------+

    + Detail: 
        * Instance: 
        N/A

        * Loop: 
        N/A

============================================================
+ Verbose Summary: Synthesis Manager
============================================================
InlineROM: 1
ExposeGlobal: 0
============================================================
+ Verbose Summary: CDFG Model
============================================================
IsTopModel: 0
ResetActiveHigh: 1
IsCombinational: 2
IsDatapathOnly: 0
HasWiredReturn: 1
HasMFsm: 0
HasVarLatency: 1
IsPipeline: 0
IsRtlPipelined: 0
IsInstanceOverlapped: 0
IsDontTouch: 0
HasImplIP: 0
IsGatedGlobalClock: 0


============================================================
+ Verbose Summary: Schedule
============================================================
* Number of FSM states : 13
* Pipeline : 0
* Dataflow Pipeline: 0

* FSM state transitions: 
1 --> 2 
2 --> 3 
3 --> 4 
4 --> 5 
5 --> 6 
6 --> 7 
7 --> 8 
8 --> 9 
9 --> 10 
10 --> 11 
11 --> 12 
12 --> 13 
13 --> 

* FSM state operations: 

State 1 <SV = 0> <Delay = 1.43>
ST_1 : Operation 14 [1/1] (0.00ns)   --->   "%nnz_total_read = read i32 @_ssdm_op_Read.ap_auto.i32, i32 %nnz_total" [src/integrated-gcn/integrated_gcn_approx.cpp:193]   --->   Operation 14 'read' 'nnz_total_read' <Predicate = true> <Delay = 0.00>
ST_1 : Operation 15 [1/1] (1.01ns)   --->   "%icmp_ln208 = icmp_sgt  i32 %nnz_total_read, i32 0" [src/integrated-gcn/integrated_gcn_approx.cpp:208]   --->   Operation 15 'icmp' 'icmp_ln208' <Predicate = true> <Delay = 1.01> <CoreInst = "Cmp">   --->   Core 9 'Cmp' <Latency = 0> <II = 1> <Delay = 1.01> <FuncUnit> <Opcode : 'seteq' 'setne' 'setle' 'setge' 'setlt' 'setgt'> <InPorts = 2> <OutPorts = 1>
ST_1 : Operation 16 [1/1] (0.00ns)   --->   "%trunc_ln208 = trunc i32 %nnz_total_read" [src/integrated-gcn/integrated_gcn_approx.cpp:208]   --->   Operation 16 'trunc' 'trunc_ln208' <Predicate = true> <Delay = 0.00>
ST_1 : Operation 17 [1/1] (0.41ns)   --->   "%empty_50 = select i1 %icmp_ln208, i31 %trunc_ln208, i31 0" [src/integrated-gcn/integrated_gcn_approx.cpp:208]   --->   Operation 17 'select' 'empty_50' <Predicate = true> <Delay = 0.41> <CoreInst = "Sel">   --->   Core 73 'Sel' <Latency = 0> <II = 1> <Delay = 0.41> <FuncUnit> <Opcode : 'select'> <InPorts = 3> <OutPorts = 1>

State 2 <SV = 1> <Delay = 7.30>
ST_2 : Operation 18 [1/1] (0.00ns)   --->   "%values_read = read i64 @_ssdm_op_Read.ap_auto.i64, i64 %values" [src/integrated-gcn/integrated_gcn_approx.cpp:193]   --->   Operation 18 'read' 'values_read' <Predicate = true> <Delay = 0.00>
ST_2 : Operation 19 [1/1] (0.00ns)   --->   "%colind_read = read i64 @_ssdm_op_Read.ap_auto.i64, i64 %colind" [src/integrated-gcn/integrated_gcn_approx.cpp:193]   --->   Operation 19 'read' 'colind_read' <Predicate = true> <Delay = 0.00>
ST_2 : Operation 20 [1/1] (0.00ns)   --->   "%row_length_read = read i64 @_ssdm_op_Read.ap_auto.i64, i64 %row_length" [src/integrated-gcn/integrated_gcn_approx.cpp:193]   --->   Operation 20 'read' 'row_length_read' <Predicate = true> <Delay = 0.00>
ST_2 : Operation 21 [1/1] (0.00ns)   --->   "%trunc_ln = partselect i62 @_ssdm_op_PartSelect.i62.i64.i32.i32, i64 %row_length_read, i32 2, i32 63" [src/integrated-gcn/integrated_gcn_approx.cpp:202]   --->   Operation 21 'partselect' 'trunc_ln' <Predicate = true> <Delay = 0.00>
ST_2 : Operation 22 [1/1] (0.00ns)   --->   "%sext_ln202 = sext i62 %trunc_ln" [src/integrated-gcn/integrated_gcn_approx.cpp:202]   --->   Operation 22 'sext' 'sext_ln202' <Predicate = true> <Delay = 0.00>
ST_2 : Operation 23 [1/1] (0.00ns)   --->   "%gmem3_addr = getelementptr i32 %gmem3, i64 %sext_ln202" [src/integrated-gcn/integrated_gcn_approx.cpp:202]   --->   Operation 23 'getelementptr' 'gmem3_addr' <Predicate = true> <Delay = 0.00>
ST_2 : Operation 24 [8/8] (7.30ns)   --->   "%empty = readreq i1 @_ssdm_op_ReadReq.m_axi.p1i32, i32 %gmem3_addr, i64 2708" [src/integrated-gcn/integrated_gcn_approx.cpp:202]   --->   Operation 24 'readreq' 'empty' <Predicate = true> <Delay = 7.30> <CoreInst = "m_axi">   --->   Core 119 'm_axi' <Latency = 6> <II = 1> <Delay = 1.00> <Adapter> <Opcode : 'readrequnaligned' 'writerequnaligned' 'read' 'write' 'readreq' 'writereq' 'writeresp'>
ST_2 : Operation 25 [1/1] (0.00ns)   --->   "%trunc_ln1 = partselect i62 @_ssdm_op_PartSelect.i62.i64.i32.i32, i64 %colind_read, i32 2, i32 63" [src/integrated-gcn/integrated_gcn_approx.cpp:208]   --->   Operation 25 'partselect' 'trunc_ln1' <Predicate = true> <Delay = 0.00>
ST_2 : Operation 26 [1/1] (0.00ns)   --->   "%sext_ln208 = sext i62 %trunc_ln1" [src/integrated-gcn/integrated_gcn_approx.cpp:208]   --->   Operation 26 'sext' 'sext_ln208' <Predicate = true> <Delay = 0.00>
ST_2 : Operation 27 [1/1] (0.00ns)   --->   "%gmem4_addr = getelementptr i32 %gmem4, i64 %sext_ln208" [src/integrated-gcn/integrated_gcn_approx.cpp:208]   --->   Operation 27 'getelementptr' 'gmem4_addr' <Predicate = true> <Delay = 0.00>
ST_2 : Operation 28 [1/1] (0.00ns)   --->   "%zext_ln208 = zext i31 %empty_50" [src/integrated-gcn/integrated_gcn_approx.cpp:208]   --->   Operation 28 'zext' 'zext_ln208' <Predicate = true> <Delay = 0.00>
ST_2 : Operation 29 [8/8] (7.30ns)   --->   "%empty_51 = readreq i1 @_ssdm_op_ReadReq.m_axi.p1i32, i32 %gmem4_addr, i64 %zext_ln208" [src/integrated-gcn/integrated_gcn_approx.cpp:208]   --->   Operation 29 'readreq' 'empty_51' <Predicate = true> <Delay = 7.30> <CoreInst = "m_axi">   --->   Core 119 'm_axi' <Latency = 6> <II = 1> <Delay = 1.00> <Adapter> <Opcode : 'readrequnaligned' 'writerequnaligned' 'read' 'write' 'readreq' 'writereq' 'writeresp'>
ST_2 : Operation 30 [1/1] (0.00ns)   --->   "%gmem5_addr = getelementptr i8 %gmem5, i64 %values_read" [src/integrated-gcn/integrated_gcn_approx.cpp:208]   --->   Operation 30 'getelementptr' 'gmem5_addr' <Predicate = true> <Delay = 0.00>
ST_2 : Operation 31 [8/8] (7.30ns)   --->   "%empty_52 = readreq i1 @_ssdm_op_ReadReq.m_axi.p1i8, i8 %gmem5_addr, i64 %zext_ln208" [src/integrated-gcn/integrated_gcn_approx.cpp:208]   --->   Operation 31 'readreq' 'empty_52' <Predicate = true> <Delay = 7.30> <CoreInst = "m_axi">   --->   Core 119 'm_axi' <Latency = 6> <II = 1> <Delay = 1.00> <Adapter> <Opcode : 'readrequnaligned' 'writerequnaligned' 'read' 'write' 'readreq' 'writereq' 'writeresp'>

State 3 <SV = 2> <Delay = 0.00>
ST_3 : Operation 32 [7/8] (7.30ns)   --->   "%empty = readreq i1 @_ssdm_op_ReadReq.m_axi.p1i32, i32 %gmem3_addr, i64 2708" [src/integrated-gcn/integrated_gcn_approx.cpp:202]   --->   Operation 32 'readreq' 'empty' <Predicate = true> <Delay = 7.30> <CoreInst = "m_axi">   --->   Core 119 'm_axi' <Latency = 6> <II = 1> <Delay = 1.00> <Adapter> <Opcode : 'readrequnaligned' 'writerequnaligned' 'read' 'write' 'readreq' 'writereq' 'writeresp'>
ST_3 : Operation 33 [7/8] (7.30ns)   --->   "%empty_51 = readreq i1 @_ssdm_op_ReadReq.m_axi.p1i32, i32 %gmem4_addr, i64 %zext_ln208" [src/integrated-gcn/integrated_gcn_approx.cpp:208]   --->   Operation 33 'readreq' 'empty_51' <Predicate = true> <Delay = 7.30> <CoreInst = "m_axi">   --->   Core 119 'm_axi' <Latency = 6> <II = 1> <Delay = 1.00> <Adapter> <Opcode : 'readrequnaligned' 'writerequnaligned' 'read' 'write' 'readreq' 'writereq' 'writeresp'>
ST_3 : Operation 34 [7/8] (7.30ns)   --->   "%empty_52 = readreq i1 @_ssdm_op_ReadReq.m_axi.p1i8, i8 %gmem5_addr, i64 %zext_ln208" [src/integrated-gcn/integrated_gcn_approx.cpp:208]   --->   Operation 34 'readreq' 'empty_52' <Predicate = true> <Delay = 7.30> <CoreInst = "m_axi">   --->   Core 119 'm_axi' <Latency = 6> <II = 1> <Delay = 1.00> <Adapter> <Opcode : 'readrequnaligned' 'writerequnaligned' 'read' 'write' 'readreq' 'writereq' 'writeresp'>

State 4 <SV = 3> <Delay = 0.00>
ST_4 : Operation 35 [6/8] (7.30ns)   --->   "%empty = readreq i1 @_ssdm_op_ReadReq.m_axi.p1i32, i32 %gmem3_addr, i64 2708" [src/integrated-gcn/integrated_gcn_approx.cpp:202]   --->   Operation 35 'readreq' 'empty' <Predicate = true> <Delay = 7.30> <CoreInst = "m_axi">   --->   Core 119 'm_axi' <Latency = 6> <II = 1> <Delay = 1.00> <Adapter> <Opcode : 'readrequnaligned' 'writerequnaligned' 'read' 'write' 'readreq' 'writereq' 'writeresp'>
ST_4 : Operation 36 [6/8] (7.30ns)   --->   "%empty_51 = readreq i1 @_ssdm_op_ReadReq.m_axi.p1i32, i32 %gmem4_addr, i64 %zext_ln208" [src/integrated-gcn/integrated_gcn_approx.cpp:208]   --->   Operation 36 'readreq' 'empty_51' <Predicate = true> <Delay = 7.30> <CoreInst = "m_axi">   --->   Core 119 'm_axi' <Latency = 6> <II = 1> <Delay = 1.00> <Adapter> <Opcode : 'readrequnaligned' 'writerequnaligned' 'read' 'write' 'readreq' 'writereq' 'writeresp'>
ST_4 : Operation 37 [6/8] (7.30ns)   --->   "%empty_52 = readreq i1 @_ssdm_op_ReadReq.m_axi.p1i8, i8 %gmem5_addr, i64 %zext_ln208" [src/integrated-gcn/integrated_gcn_approx.cpp:208]   --->   Operation 37 'readreq' 'empty_52' <Predicate = true> <Delay = 7.30> <CoreInst = "m_axi">   --->   Core 119 'm_axi' <Latency = 6> <II = 1> <Delay = 1.00> <Adapter> <Opcode : 'readrequnaligned' 'writerequnaligned' 'read' 'write' 'readreq' 'writereq' 'writeresp'>

State 5 <SV = 4> <Delay = 0.00>
ST_5 : Operation 38 [5/8] (7.30ns)   --->   "%empty = readreq i1 @_ssdm_op_ReadReq.m_axi.p1i32, i32 %gmem3_addr, i64 2708" [src/integrated-gcn/integrated_gcn_approx.cpp:202]   --->   Operation 38 'readreq' 'empty' <Predicate = true> <Delay = 7.30> <CoreInst = "m_axi">   --->   Core 119 'm_axi' <Latency = 6> <II = 1> <Delay = 1.00> <Adapter> <Opcode : 'readrequnaligned' 'writerequnaligned' 'read' 'write' 'readreq' 'writereq' 'writeresp'>
ST_5 : Operation 39 [5/8] (7.30ns)   --->   "%empty_51 = readreq i1 @_ssdm_op_ReadReq.m_axi.p1i32, i32 %gmem4_addr, i64 %zext_ln208" [src/integrated-gcn/integrated_gcn_approx.cpp:208]   --->   Operation 39 'readreq' 'empty_51' <Predicate = true> <Delay = 7.30> <CoreInst = "m_axi">   --->   Core 119 'm_axi' <Latency = 6> <II = 1> <Delay = 1.00> <Adapter> <Opcode : 'readrequnaligned' 'writerequnaligned' 'read' 'write' 'readreq' 'writereq' 'writeresp'>
ST_5 : Operation 40 [5/8] (7.30ns)   --->   "%empty_52 = readreq i1 @_ssdm_op_ReadReq.m_axi.p1i8, i8 %gmem5_addr, i64 %zext_ln208" [src/integrated-gcn/integrated_gcn_approx.cpp:208]   --->   Operation 40 'readreq' 'empty_52' <Predicate = true> <Delay = 7.30> <CoreInst = "m_axi">   --->   Core 119 'm_axi' <Latency = 6> <II = 1> <Delay = 1.00> <Adapter> <Opcode : 'readrequnaligned' 'writerequnaligned' 'read' 'write' 'readreq' 'writereq' 'writeresp'>

State 6 <SV = 5> <Delay = 0.00>
ST_6 : Operation 41 [4/8] (7.30ns)   --->   "%empty = readreq i1 @_ssdm_op_ReadReq.m_axi.p1i32, i32 %gmem3_addr, i64 2708" [src/integrated-gcn/integrated_gcn_approx.cpp:202]   --->   Operation 41 'readreq' 'empty' <Predicate = true> <Delay = 7.30> <CoreInst = "m_axi">   --->   Core 119 'm_axi' <Latency = 6> <II = 1> <Delay = 1.00> <Adapter> <Opcode : 'readrequnaligned' 'writerequnaligned' 'read' 'write' 'readreq' 'writereq' 'writeresp'>
ST_6 : Operation 42 [4/8] (7.30ns)   --->   "%empty_51 = readreq i1 @_ssdm_op_ReadReq.m_axi.p1i32, i32 %gmem4_addr, i64 %zext_ln208" [src/integrated-gcn/integrated_gcn_approx.cpp:208]   --->   Operation 42 'readreq' 'empty_51' <Predicate = true> <Delay = 7.30> <CoreInst = "m_axi">   --->   Core 119 'm_axi' <Latency = 6> <II = 1> <Delay = 1.00> <Adapter> <Opcode : 'readrequnaligned' 'writerequnaligned' 'read' 'write' 'readreq' 'writereq' 'writeresp'>
ST_6 : Operation 43 [4/8] (7.30ns)   --->   "%empty_52 = readreq i1 @_ssdm_op_ReadReq.m_axi.p1i8, i8 %gmem5_addr, i64 %zext_ln208" [src/integrated-gcn/integrated_gcn_approx.cpp:208]   --->   Operation 43 'readreq' 'empty_52' <Predicate = true> <Delay = 7.30> <CoreInst = "m_axi">   --->   Core 119 'm_axi' <Latency = 6> <II = 1> <Delay = 1.00> <Adapter> <Opcode : 'readrequnaligned' 'writerequnaligned' 'read' 'write' 'readreq' 'writereq' 'writeresp'>

State 7 <SV = 6> <Delay = 0.00>
ST_7 : Operation 44 [3/8] (7.30ns)   --->   "%empty = readreq i1 @_ssdm_op_ReadReq.m_axi.p1i32, i32 %gmem3_addr, i64 2708" [src/integrated-gcn/integrated_gcn_approx.cpp:202]   --->   Operation 44 'readreq' 'empty' <Predicate = true> <Delay = 7.30> <CoreInst = "m_axi">   --->   Core 119 'm_axi' <Latency = 6> <II = 1> <Delay = 1.00> <Adapter> <Opcode : 'readrequnaligned' 'writerequnaligned' 'read' 'write' 'readreq' 'writereq' 'writeresp'>
ST_7 : Operation 45 [3/8] (7.30ns)   --->   "%empty_51 = readreq i1 @_ssdm_op_ReadReq.m_axi.p1i32, i32 %gmem4_addr, i64 %zext_ln208" [src/integrated-gcn/integrated_gcn_approx.cpp:208]   --->   Operation 45 'readreq' 'empty_51' <Predicate = true> <Delay = 7.30> <CoreInst = "m_axi">   --->   Core 119 'm_axi' <Latency = 6> <II = 1> <Delay = 1.00> <Adapter> <Opcode : 'readrequnaligned' 'writerequnaligned' 'read' 'write' 'readreq' 'writereq' 'writeresp'>
ST_7 : Operation 46 [3/8] (7.30ns)   --->   "%empty_52 = readreq i1 @_ssdm_op_ReadReq.m_axi.p1i8, i8 %gmem5_addr, i64 %zext_ln208" [src/integrated-gcn/integrated_gcn_approx.cpp:208]   --->   Operation 46 'readreq' 'empty_52' <Predicate = true> <Delay = 7.30> <CoreInst = "m_axi">   --->   Core 119 'm_axi' <Latency = 6> <II = 1> <Delay = 1.00> <Adapter> <Opcode : 'readrequnaligned' 'writerequnaligned' 'read' 'write' 'readreq' 'writereq' 'writeresp'>

State 8 <SV = 7> <Delay = 0.00>
ST_8 : Operation 47 [2/8] (7.30ns)   --->   "%empty = readreq i1 @_ssdm_op_ReadReq.m_axi.p1i32, i32 %gmem3_addr, i64 2708" [src/integrated-gcn/integrated_gcn_approx.cpp:202]   --->   Operation 47 'readreq' 'empty' <Predicate = true> <Delay = 7.30> <CoreInst = "m_axi">   --->   Core 119 'm_axi' <Latency = 6> <II = 1> <Delay = 1.00> <Adapter> <Opcode : 'readrequnaligned' 'writerequnaligned' 'read' 'write' 'readreq' 'writereq' 'writeresp'>
ST_8 : Operation 48 [2/8] (7.30ns)   --->   "%empty_51 = readreq i1 @_ssdm_op_ReadReq.m_axi.p1i32, i32 %gmem4_addr, i64 %zext_ln208" [src/integrated-gcn/integrated_gcn_approx.cpp:208]   --->   Operation 48 'readreq' 'empty_51' <Predicate = true> <Delay = 7.30> <CoreInst = "m_axi">   --->   Core 119 'm_axi' <Latency = 6> <II = 1> <Delay = 1.00> <Adapter> <Opcode : 'readrequnaligned' 'writerequnaligned' 'read' 'write' 'readreq' 'writereq' 'writeresp'>
ST_8 : Operation 49 [2/8] (7.30ns)   --->   "%empty_52 = readreq i1 @_ssdm_op_ReadReq.m_axi.p1i8, i8 %gmem5_addr, i64 %zext_ln208" [src/integrated-gcn/integrated_gcn_approx.cpp:208]   --->   Operation 49 'readreq' 'empty_52' <Predicate = true> <Delay = 7.30> <CoreInst = "m_axi">   --->   Core 119 'm_axi' <Latency = 6> <II = 1> <Delay = 1.00> <Adapter> <Opcode : 'readrequnaligned' 'writerequnaligned' 'read' 'write' 'readreq' 'writereq' 'writeresp'>

State 9 <SV = 8> <Delay = 7.30>
ST_9 : Operation 50 [1/8] ( I:7.30ns O:7.30ns )   --->   "%empty = readreq i1 @_ssdm_op_ReadReq.m_axi.p1i32, i32 %gmem3_addr, i64 2708" [src/integrated-gcn/integrated_gcn_approx.cpp:202]   --->   Operation 50 'readreq' 'empty' <Predicate = true> <Delay = 7.30> <CoreInst = "m_axi">   --->   Core 119 'm_axi' <Latency = 6> <II = 1> <Delay = 1.00> <Adapter> <Opcode : 'readrequnaligned' 'writerequnaligned' 'read' 'write' 'readreq' 'writereq' 'writeresp'>
ST_9 : Operation 51 [1/8] ( I:7.30ns O:7.30ns )   --->   "%empty_51 = readreq i1 @_ssdm_op_ReadReq.m_axi.p1i32, i32 %gmem4_addr, i64 %zext_ln208" [src/integrated-gcn/integrated_gcn_approx.cpp:208]   --->   Operation 51 'readreq' 'empty_51' <Predicate = true> <Delay = 7.30> <CoreInst = "m_axi">   --->   Core 119 'm_axi' <Latency = 6> <II = 1> <Delay = 1.00> <Adapter> <Opcode : 'readrequnaligned' 'writerequnaligned' 'read' 'write' 'readreq' 'writereq' 'writeresp'>
ST_9 : Operation 52 [1/8] ( I:7.30ns O:7.30ns )   --->   "%empty_52 = readreq i1 @_ssdm_op_ReadReq.m_axi.p1i8, i8 %gmem5_addr, i64 %zext_ln208" [src/integrated-gcn/integrated_gcn_approx.cpp:208]   --->   Operation 52 'readreq' 'empty_52' <Predicate = true> <Delay = 7.30> <CoreInst = "m_axi">   --->   Core 119 'm_axi' <Latency = 6> <II = 1> <Delay = 1.00> <Adapter> <Opcode : 'readrequnaligned' 'writerequnaligned' 'read' 'write' 'readreq' 'writereq' 'writeresp'>

State 10 <SV = 9> <Delay = 0.00>
ST_10 : Operation 53 [2/2] (0.00ns)   --->   "%call_ln202 = call void @spmm_load_csr_Pipeline_LOAD_ROWS, i32 %gmem3, i62 %trunc_ln, i32 %row_fifo" [src/integrated-gcn/integrated_gcn_approx.cpp:202]   --->   Operation 53 'call' 'call_ln202' <Predicate = true> <Delay = 0.00> <CoreType = "Generic">   --->   Generic Core

State 11 <SV = 10> <Delay = 0.00>
ST_11 : Operation 54 [1/2] (0.00ns)   --->   "%call_ln202 = call void @spmm_load_csr_Pipeline_LOAD_ROWS, i32 %gmem3, i62 %trunc_ln, i32 %row_fifo" [src/integrated-gcn/integrated_gcn_approx.cpp:202]   --->   Operation 54 'call' 'call_ln202' <Predicate = true> <Delay = 0.00> <CoreType = "Generic">   --->   Generic Core

State 12 <SV = 11> <Delay = 1.44>
ST_12 : Operation 55 [1/1] (0.00ns)   --->   "%fence_ln208 = fence void @_ssdm_op_Fence, i32 %row_fifo, i32 4294967295, i32 %col_fifo, i8 %val_fifo, i32 0" [src/integrated-gcn/integrated_gcn_approx.cpp:208]   --->   Operation 55 'fence' 'fence_ln208' <Predicate = true> <Delay = 0.00>
ST_12 : Operation 56 [1/1] (0.00ns)   --->   "%fence_ln208 = fence void @_ssdm_op_Fence, i32 %row_fifo, i32 4294967295, i32 %col_fifo, i8 %val_fifo, i32 0" [src/integrated-gcn/integrated_gcn_approx.cpp:208]   --->   Operation 56 'fence' 'fence_ln208' <Predicate = true> <Delay = 0.00>
ST_12 : Operation 57 [2/2] (1.44ns)   --->   "%call_ln193 = call void @spmm_load_csr_Pipeline_LOAD_NNZ, i32 %nnz_total_read, i32 %gmem4, i62 %trunc_ln1, i8 %gmem5, i64 %values_read, i32 %col_fifo, i8 %val_fifo" [src/integrated-gcn/integrated_gcn_approx.cpp:193]   --->   Operation 57 'call' 'call_ln193' <Predicate = true> <Delay = 1.44> <CoreType = "Generic">   --->   Generic Core

State 13 <SV = 12> <Delay = 0.00>
ST_13 : Operation 58 [1/1] (0.00ns)   --->   "%specstablecontent_ln0 = specstablecontent void @_ssdm_op_SpecStableContent, i32 %nnz_total, i1 1, void @p_str"   --->   Operation 58 'specstablecontent' 'specstablecontent_ln0' <Predicate = true> <Delay = 0.00>
ST_13 : Operation 59 [1/1] (0.00ns)   --->   "%specstablecontent_ln0 = specstablecontent void @_ssdm_op_SpecStableContent, i64 %values, i1 1, void @p_str"   --->   Operation 59 'specstablecontent' 'specstablecontent_ln0' <Predicate = true> <Delay = 0.00>
ST_13 : Operation 60 [1/1] (0.00ns)   --->   "%specstablecontent_ln0 = specstablecontent void @_ssdm_op_SpecStableContent, i8 %gmem5, i1 1, void @p_str"   --->   Operation 60 'specstablecontent' 'specstablecontent_ln0' <Predicate = true> <Delay = 0.00>
ST_13 : Operation 61 [1/1] (0.00ns)   --->   "%specstablecontent_ln0 = specstablecontent void @_ssdm_op_SpecStableContent, i64 %colind, i1 1, void @p_str"   --->   Operation 61 'specstablecontent' 'specstablecontent_ln0' <Predicate = true> <Delay = 0.00>
ST_13 : Operation 62 [1/1] (0.00ns)   --->   "%specstablecontent_ln0 = specstablecontent void @_ssdm_op_SpecStableContent, i32 %gmem4, i1 1, void @p_str"   --->   Operation 62 'specstablecontent' 'specstablecontent_ln0' <Predicate = true> <Delay = 0.00>
ST_13 : Operation 63 [1/1] (0.00ns)   --->   "%specstablecontent_ln0 = specstablecontent void @_ssdm_op_SpecStableContent, i64 %row_length, i1 1, void @p_str"   --->   Operation 63 'specstablecontent' 'specstablecontent_ln0' <Predicate = true> <Delay = 0.00>
ST_13 : Operation 64 [1/1] (0.00ns)   --->   "%specstablecontent_ln0 = specstablecontent void @_ssdm_op_SpecStableContent, i32 %gmem3, i1 1, void @p_str"   --->   Operation 64 'specstablecontent' 'specstablecontent_ln0' <Predicate = true> <Delay = 0.00>
ST_13 : Operation 65 [1/1] (0.00ns)   --->   "%specinterface_ln0 = specinterface void @_ssdm_op_SpecInterface, i8 %val_fifo, void @empty_6, i32 0, i32 0, void @empty_20, i32 0, i32 0, void @empty_20, void @empty_20, void @empty_20, i32 0, i32 0, i32 0, i32 0, void @empty_20, void @empty_20, i32 4294967295, i32 0, i32 0, i32 0"   --->   Operation 65 'specinterface' 'specinterface_ln0' <Predicate = true> <Delay = 0.00>
ST_13 : Operation 66 [1/1] (0.00ns)   --->   "%specinterface_ln0 = specinterface void @_ssdm_op_SpecInterface, i32 %col_fifo, void @empty_6, i32 0, i32 0, void @empty_20, i32 0, i32 0, void @empty_20, void @empty_20, void @empty_20, i32 0, i32 0, i32 0, i32 0, void @empty_20, void @empty_20, i32 4294967295, i32 0, i32 0, i32 0"   --->   Operation 66 'specinterface' 'specinterface_ln0' <Predicate = true> <Delay = 0.00>
ST_13 : Operation 67 [1/1] (0.00ns)   --->   "%specinterface_ln0 = specinterface void @_ssdm_op_SpecInterface, i32 %row_fifo, void @empty_6, i32 0, i32 0, void @empty_20, i32 0, i32 0, void @empty_20, void @empty_20, void @empty_20, i32 0, i32 0, i32 0, i32 0, void @empty_20, void @empty_20, i32 4294967295, i32 0, i32 0, i32 0"   --->   Operation 67 'specinterface' 'specinterface_ln0' <Predicate = true> <Delay = 0.00>
ST_13 : Operation 68 [1/1] (0.00ns)   --->   "%specinterface_ln0 = specinterface void @_ssdm_op_SpecInterface, i32 %gmem3, void @empty_29, i32 0, i32 0, void @empty_20, i32 0, i32 0, void @empty_3, void @empty_9, void @empty_20, i32 16, i32 16, i32 16, i32 16, void @empty_20, void @empty_20, i32 4294967295, i32 0, i32 0, i32 4"   --->   Operation 68 'specinterface' 'specinterface_ln0' <Predicate = true> <Delay = 0.00>
ST_13 : Operation 69 [1/1] (0.00ns)   --->   "%specinterface_ln0 = specinterface void @_ssdm_op_SpecInterface, i32 %gmem4, void @empty_29, i32 0, i32 0, void @empty_20, i32 0, i32 0, void @empty_4, void @empty_9, void @empty_20, i32 16, i32 16, i32 16, i32 16, void @empty_20, void @empty_20, i32 4294967295, i32 0, i32 0, i32 4"   --->   Operation 69 'specinterface' 'specinterface_ln0' <Predicate = true> <Delay = 0.00>
ST_13 : Operation 70 [1/1] (0.00ns)   --->   "%specinterface_ln0 = specinterface void @_ssdm_op_SpecInterface, i8 %gmem5, void @empty_29, i32 0, i32 0, void @empty_20, i32 0, i32 0, void @empty_5, void @empty_9, void @empty_20, i32 16, i32 16, i32 16, i32 16, void @empty_20, void @empty_20, i32 4294967295, i32 0, i32 0, i32 1"   --->   Operation 70 'specinterface' 'specinterface_ln0' <Predicate = true> <Delay = 0.00>
ST_13 : Operation 71 [1/2] (0.00ns)   --->   "%call_ln193 = call void @spmm_load_csr_Pipeline_LOAD_NNZ, i32 %nnz_total_read, i32 %gmem4, i62 %trunc_ln1, i8 %gmem5, i64 %values_read, i32 %col_fifo, i8 %val_fifo" [src/integrated-gcn/integrated_gcn_approx.cpp:193]   --->   Operation 71 'call' 'call_ln193' <Predicate = true> <Delay = 0.00> <CoreType = "Generic">   --->   Generic Core
ST_13 : Operation 72 [1/1] (0.00ns)   --->   "%ret_ln213 = ret" [src/integrated-gcn/integrated_gcn_approx.cpp:213]   --->   Operation 72 'ret' 'ret_ln213' <Predicate = true> <Delay = 0.00>


============================================================
+ Verbose Summary: Timing violations
============================================================
Target clock period: 10.000ns, clock uncertainty: 2.700ns.

 <State 1>: 1.434ns
The critical path consists of the following:
	wire read operation ('nnz_total_read', src/integrated-gcn/integrated_gcn_approx.cpp:193) on port 'nnz_total' (src/integrated-gcn/integrated_gcn_approx.cpp:193) [24]  (0.000 ns)
	'icmp' operation 1 bit ('icmp_ln208', src/integrated-gcn/integrated_gcn_approx.cpp:208) [34]  (1.016 ns)
	'select' operation 31 bit ('empty_50', src/integrated-gcn/integrated_gcn_approx.cpp:208) [39]  (0.418 ns)

 <State 2>: 7.300ns
The critical path consists of the following:
	wire read operation ('row_length_read', src/integrated-gcn/integrated_gcn_approx.cpp:193) on port 'row_length' (src/integrated-gcn/integrated_gcn_approx.cpp:193) [27]  (0.000 ns)
	'getelementptr' operation 32 bit ('gmem3_addr', src/integrated-gcn/integrated_gcn_approx.cpp:202) [30]  (0.000 ns)
	bus request operation ('empty', src/integrated-gcn/integrated_gcn_approx.cpp:202) on port 'gmem3' (src/integrated-gcn/integrated_gcn_approx.cpp:202) [31]  (0.000 ns)
	blocking operation 7.3 ns on control path)

 <State 3>: 0.000ns
The critical path consists of the following:

 <State 4>: 0.000ns
The critical path consists of the following:

 <State 5>: 0.000ns
The critical path consists of the following:

 <State 6>: 0.000ns
The critical path consists of the following:

 <State 7>: 0.000ns
The critical path consists of the following:

 <State 8>: 0.000ns
The critical path consists of the following:

 <State 9>: 7.300ns
The critical path consists of the following:
	bus request operation ('empty', src/integrated-gcn/integrated_gcn_approx.cpp:202) on port 'gmem3' (src/integrated-gcn/integrated_gcn_approx.cpp:202) [31]  (7.300 ns)

 <State 10>: 0.000ns
The critical path consists of the following:

 <State 11>: 0.000ns
The critical path consists of the following:

 <State 12>: 1.443ns
The critical path consists of the following:
	'call' operation ('call_ln193', src/integrated-gcn/integrated_gcn_approx.cpp:193) to 'spmm_load_csr_Pipeline_LOAD_NNZ' [45]  (1.443 ns)

 <State 13>: 0.000ns
The critical path consists of the following:


============================================================
+ Verbose Summary: Binding
============================================================
N/A
* FSMD analyzer results:
  - Output states:
 - Input state : 
  - Chain level:
	State 1
	State 2
	State 3
	State 4
	State 5
	State 6
	State 7
	State 8
	State 9
	State 10
	State 11
	State 12
	State 13


============================================================
+ Verbose Summary: Datapath Resource usage 
============================================================
N/A
