

================================================================
== Vitis HLS Report for 'spmm_store'
================================================================
* Date:           Thu Apr 16 10:08:42 2026

* Version:        2025.2 (Build 6295257 on Nov 14 2025)
* Project:        integrated_gcn_approx
* Solution:       hls (Vivado IP Flow Target)
* Product family: zynquplus
* Target device:  xck26-sfvc784-2LV-c


================================================================
== Performance Estimates
================================================================
+ Timing: 
    * Summary: 
    +--------+----------+----------+------------+
    |  Clock |  Target  | Estimated| Uncertainty|
    +--------+----------+----------+------------+
    |ap_clk  |  10.00 ns|  7.300 ns|     2.70 ns|
    +--------+----------+----------+------------+

+ Latency: 
    * Summary: 
    +---------+---------+----------+----------+--------+--------+------------------------------------------------+
    |  Latency (cycles) |  Latency (absolute) |     Interval    |                    Pipeline                    |
    |   min   |   max   |    min   |    max   |   min  |   max  |                      Type                      |
    +---------+---------+----------+----------+--------+--------+------------------------------------------------+
    |   173320|   173320|  1.733 ms|  1.733 ms|  173313|  173313|  loop auto-rewind stp (delay=0 clock cycles(s))|
    +---------+---------+----------+----------+--------+--------+------------------------------------------------+

    + Detail: 
        * Instance: 
        N/A

        * Loop: 
        +----------------------------------+---------+---------+----------+-----------+-----------+--------+----------+
        |                                  |  Latency (cycles) | Iteration|  Initiation Interval  |  Trip  |          |
        |             Loop Name            |   min   |   max   |  Latency |  achieved |   target  |  Count | Pipelined|
        +----------------------------------+---------+---------+----------+-----------+-----------+--------+----------+
        |- SPMM_STORE_ROW_SPMM_STORE_FEAT  |   173318|   173318|         8|          1|          1|  173312|       yes|
        +----------------------------------+---------+---------+----------+-----------+-----------+--------+----------+

============================================================
+ Verbose Summary: Synthesis Manager
============================================================
InlineROM: 1
ExposeGlobal: 0
============================================================
+ Verbose Summary: CDFG Model
============================================================
IsTopModel: 0
ResetActiveHigh: 1
IsCombinational: 2
IsDatapathOnly: 0
HasWiredReturn: 1
HasMFsm: 2
HasVarLatency: 1
IsPipeline: 0
IsRtlPipelined: 0
IsInstanceOverlapped: 0
IsDontTouch: 0
HasImplIP: 0
IsGatedGlobalClock: 0

+ Individual pipeline summary: 
  * Pipeline-0: initiation interval (II) = 1, depth = 8


============================================================
+ Verbose Summary: Schedule
============================================================
* Number of FSM states : 8
* Pipeline : 1
  Pipeline-0 : II = 1, D = 8, States = { 1 2 3 4 5 6 7 8 }
* Dataflow Pipeline: 0

* FSM state transitions: 
1 --> 2 
2 --> 3 
3 --> 4 
4 --> 5 
5 --> 6 
6 --> 7 
7 --> 8 
8 --> 

* FSM state operations: 

State 1 <SV = 0> <Delay = 2.76>
ST_1 : Operation 11 [1/1] (0.00ns)   --->   "%d = alloca i32 1" [src/integrated-gcn/integrated_gcn_approx.cpp:284]   --->   Operation 11 'alloca' 'd' <Predicate = true> <Delay = 0.00>
ST_1 : Operation 12 [1/1] (0.00ns)   --->   "%out_vec = alloca i32 1" [src/integrated-gcn/integrated_gcn_approx.cpp:276]   --->   Operation 12 'alloca' 'out_vec' <Predicate = true> <Delay = 0.00>
ST_1 : Operation 13 [1/1] (0.00ns)   --->   "%i = alloca i32 1" [src/integrated-gcn/integrated_gcn_approx.cpp:279]   --->   Operation 13 'alloca' 'i' <Predicate = true> <Delay = 0.00>
ST_1 : Operation 14 [1/1] (0.00ns)   --->   "%indvar_flatten = alloca i32 1"   --->   Operation 14 'alloca' 'indvar_flatten' <Predicate = true> <Delay = 0.00>
ST_1 : Operation 15 [1/1] (0.00ns)   --->   "%specstablecontent_ln0 = specstablecontent void @_ssdm_op_SpecStableContent, i64 %H_out, i1 1, void @p_str"   --->   Operation 15 'specstablecontent' 'specstablecontent_ln0' <Predicate = true> <Delay = 0.00>
ST_1 : Operation 16 [1/1] (0.00ns)   --->   "%specinterface_ln0 = specinterface void @_ssdm_op_SpecInterface, i8 %result_fifo, void @empty_6, i32 0, i32 0, void @empty_20, i32 0, i32 0, void @empty_20, void @empty_20, void @empty_20, i32 0, i32 0, i32 0, i32 0, void @empty_20, void @empty_20, i32 4294967295, i32 0, i32 0, i32 0"   --->   Operation 16 'specinterface' 'specinterface_ln0' <Predicate = true> <Delay = 0.00>
ST_1 : Operation 17 [1/1] (0.00ns)   --->   "%specinterface_ln0 = specinterface void @_ssdm_op_SpecInterface, i512 %gmem6, void @empty_29, i32 0, i32 0, void @empty_20, i32 0, i32 0, void @empty_31, void @empty_9, void @empty_20, i32 16, i32 16, i32 16, i32 16, void @empty_20, void @empty_20, i32 4294967295, i32 0, i32 0, i32 64"   --->   Operation 17 'specinterface' 'specinterface_ln0' <Predicate = true> <Delay = 0.00>
ST_1 : Operation 18 [1/1] (0.00ns)   --->   "%H_out_read = read i64 @_ssdm_op_Read.ap_auto.i64, i64 %H_out" [src/integrated-gcn/integrated_gcn_approx.cpp:273]   --->   Operation 18 'read' 'H_out_read' <Predicate = true> <Delay = 0.00>
ST_1 : Operation 19 [1/1] (0.42ns)   --->   "%store_ln0 = store i18 0, i18 %indvar_flatten"   --->   Operation 19 'store' 'store_ln0' <Predicate = true> <Delay = 0.42>
ST_1 : Operation 20 [1/1] (0.42ns)   --->   "%store_ln279 = store i12 0, i12 %i" [src/integrated-gcn/integrated_gcn_approx.cpp:279]   --->   Operation 20 'store' 'store_ln279' <Predicate = true> <Delay = 0.42>
ST_1 : Operation 21 [1/1] (0.42ns)   --->   "%store_ln284 = store i7 0, i7 %d" [src/integrated-gcn/integrated_gcn_approx.cpp:284]   --->   Operation 21 'store' 'store_ln284' <Predicate = true> <Delay = 0.42>
ST_1 : Operation 22 [1/1] (0.00ns)   --->   "%br_ln279 = br void %for.body4" [src/integrated-gcn/integrated_gcn_approx.cpp:279]   --->   Operation 22 'br' 'br_ln279' <Predicate = true> <Delay = 0.00>
ST_1 : Operation 23 [1/1] (0.00ns)   --->   "%indvar_flatten_load = load i18 %indvar_flatten" [src/integrated-gcn/integrated_gcn_approx.cpp:279]   --->   Operation 23 'load' 'indvar_flatten_load' <Predicate = true> <Delay = 0.00>
ST_1 : Operation 24 [1/1] (0.87ns)   --->   "%icmp_ln279 = icmp_eq  i18 %indvar_flatten_load, i18 173312" [src/integrated-gcn/integrated_gcn_approx.cpp:279]   --->   Operation 24 'icmp' 'icmp_ln279' <Predicate = true> <Delay = 0.87> <CoreInst = "Cmp">   --->   Core 9 'Cmp' <Latency = 0> <II = 1> <Delay = 0.87> <FuncUnit> <Opcode : 'seteq' 'setne' 'setle' 'setge' 'setlt' 'setgt'> <InPorts = 2> <OutPorts = 1>
ST_1 : Operation 25 [1/1] (0.87ns)   --->   "%add_ln279 = add i18 %indvar_flatten_load, i18 1" [src/integrated-gcn/integrated_gcn_approx.cpp:279]   --->   Operation 25 'add' 'add_ln279' <Predicate = true> <Delay = 0.87> <CoreInst = "Adder">   --->   Core 1 'Adder' <Latency = 0> <II = 1> <Delay = 0.87> <FuncUnit> <Opcode : 'add' 'sub'> <InPorts = 2> <OutPorts = 1>
ST_1 : Operation 26 [1/1] (0.00ns)   --->   "%br_ln279 = br i1 %icmp_ln279, void %for.inc7, void %for.end9" [src/integrated-gcn/integrated_gcn_approx.cpp:279]   --->   Operation 26 'br' 'br_ln279' <Predicate = true> <Delay = 0.00>
ST_1 : Operation 27 [1/1] (0.00ns)   --->   "%d_load = load i7 %d" [src/integrated-gcn/integrated_gcn_approx.cpp:281]   --->   Operation 27 'load' 'd_load' <Predicate = (!icmp_ln279)> <Delay = 0.00>
ST_1 : Operation 28 [1/1] (0.00ns)   --->   "%i_load = load i12 %i" [src/integrated-gcn/integrated_gcn_approx.cpp:279]   --->   Operation 28 'load' 'i_load' <Predicate = (!icmp_ln279)> <Delay = 0.00>
ST_1 : Operation 29 [1/1] (0.77ns)   --->   "%icmp_ln281 = icmp_eq  i7 %d_load, i7 64" [src/integrated-gcn/integrated_gcn_approx.cpp:281]   --->   Operation 29 'icmp' 'icmp_ln281' <Predicate = (!icmp_ln279)> <Delay = 0.77> <CoreInst = "Cmp">   --->   Core 9 'Cmp' <Latency = 0> <II = 1> <Delay = 0.77> <FuncUnit> <Opcode : 'seteq' 'setne' 'setle' 'setge' 'setlt' 'setgt'> <InPorts = 2> <OutPorts = 1>
ST_1 : Operation 30 [1/1] (0.36ns)   --->   "%select_ln276 = select i1 %icmp_ln281, i7 0, i7 %d_load" [src/integrated-gcn/integrated_gcn_approx.cpp:276]   --->   Operation 30 'select' 'select_ln276' <Predicate = (!icmp_ln279)> <Delay = 0.36> <CoreInst = "Sel">   --->   Core 73 'Sel' <Latency = 0> <II = 1> <Delay = 0.36> <FuncUnit> <Opcode : 'select'> <InPorts = 3> <OutPorts = 1>
ST_1 : Operation 31 [1/1] (0.80ns)   --->   "%add_ln279_1 = add i12 %i_load, i12 1" [src/integrated-gcn/integrated_gcn_approx.cpp:279]   --->   Operation 31 'add' 'add_ln279_1' <Predicate = (!icmp_ln279)> <Delay = 0.80> <CoreInst = "Adder">   --->   Core 1 'Adder' <Latency = 0> <II = 1> <Delay = 0.80> <FuncUnit> <Opcode : 'add' 'sub'> <InPorts = 2> <OutPorts = 1>
ST_1 : Operation 32 [1/1] (0.37ns)   --->   "%select_ln279 = select i1 %icmp_ln281, i12 %add_ln279_1, i12 %i_load" [src/integrated-gcn/integrated_gcn_approx.cpp:279]   --->   Operation 32 'select' 'select_ln279' <Predicate = (!icmp_ln279)> <Delay = 0.37> <CoreInst = "Sel">   --->   Core 73 'Sel' <Latency = 0> <II = 1> <Delay = 0.37> <FuncUnit> <Opcode : 'select'> <InPorts = 3> <OutPorts = 1>
ST_1 : Operation 33 [1/1] (0.00ns)   --->   "%shl_ln = bitconcatenate i18 @_ssdm_op_BitConcatenate.i18.i12.i6, i12 %select_ln279, i6 0" [src/integrated-gcn/integrated_gcn_approx.cpp:287]   --->   Operation 33 'bitconcatenate' 'shl_ln' <Predicate = (!icmp_ln279)> <Delay = 0.00>
ST_1 : Operation 34 [1/1] (0.00ns)   --->   "%zext_ln287 = zext i18 %shl_ln" [src/integrated-gcn/integrated_gcn_approx.cpp:287]   --->   Operation 34 'zext' 'zext_ln287' <Predicate = (!icmp_ln279)> <Delay = 0.00>
ST_1 : Operation 35 [1/1] (1.08ns)   --->   "%add_ln287 = add i64 %zext_ln287, i64 %H_out_read" [src/integrated-gcn/integrated_gcn_approx.cpp:287]   --->   Operation 35 'add' 'add_ln287' <Predicate = (!icmp_ln279)> <Delay = 1.08> <CoreInst = "Adder">   --->   Core 1 'Adder' <Latency = 0> <II = 1> <Delay = 1.08> <FuncUnit> <Opcode : 'add' 'sub'> <InPorts = 2> <OutPorts = 1>
ST_1 : Operation 36 [1/1] (0.00ns)   --->   "%trunc_ln287_s = partselect i58 @_ssdm_op_PartSelect.i58.i64.i32.i32, i64 %add_ln287, i32 6, i32 63" [src/integrated-gcn/integrated_gcn_approx.cpp:287]   --->   Operation 36 'partselect' 'trunc_ln287_s' <Predicate = (!icmp_ln279)> <Delay = 0.00>
ST_1 : Operation 37 [1/1] (0.00ns)   --->   "%trunc_ln285 = trunc i7 %select_ln276" [src/integrated-gcn/integrated_gcn_approx.cpp:285]   --->   Operation 37 'trunc' 'trunc_ln285' <Predicate = (!icmp_ln279)> <Delay = 0.00>
ST_1 : Operation 38 [1/1] (0.77ns)   --->   "%icmp_ln286 = icmp_eq  i7 %select_ln276, i7 63" [src/integrated-gcn/integrated_gcn_approx.cpp:286]   --->   Operation 38 'icmp' 'icmp_ln286' <Predicate = (!icmp_ln279)> <Delay = 0.77> <CoreInst = "Cmp">   --->   Core 9 'Cmp' <Latency = 0> <II = 1> <Delay = 0.77> <FuncUnit> <Opcode : 'seteq' 'setne' 'setle' 'setge' 'setlt' 'setgt'> <InPorts = 2> <OutPorts = 1>
ST_1 : Operation 39 [1/1] (0.00ns)   --->   "%br_ln286 = br i1 %icmp_ln286, void %for.inc, void %xlx_occurrence.if.then.0" [src/integrated-gcn/integrated_gcn_approx.cpp:286]   --->   Operation 39 'br' 'br_ln286' <Predicate = (!icmp_ln279)> <Delay = 0.00>
ST_1 : Operation 40 [1/1] (0.77ns)   --->   "%add_ln281 = add i7 %select_ln276, i7 1" [src/integrated-gcn/integrated_gcn_approx.cpp:281]   --->   Operation 40 'add' 'add_ln281' <Predicate = (!icmp_ln279)> <Delay = 0.77> <CoreInst = "Adder">   --->   Core 1 'Adder' <Latency = 0> <II = 1> <Delay = 0.77> <FuncUnit> <Opcode : 'add' 'sub'> <InPorts = 2> <OutPorts = 1>
ST_1 : Operation 41 [1/1] (0.42ns)   --->   "%store_ln279 = store i18 %add_ln279, i18 %indvar_flatten" [src/integrated-gcn/integrated_gcn_approx.cpp:279]   --->   Operation 41 'store' 'store_ln279' <Predicate = (!icmp_ln279)> <Delay = 0.42>
ST_1 : Operation 42 [1/1] (0.42ns)   --->   "%store_ln279 = store i12 %select_ln279, i12 %i" [src/integrated-gcn/integrated_gcn_approx.cpp:279]   --->   Operation 42 'store' 'store_ln279' <Predicate = (!icmp_ln279)> <Delay = 0.42>
ST_1 : Operation 43 [1/1] (0.42ns)   --->   "%store_ln284 = store i7 %add_ln281, i7 %d" [src/integrated-gcn/integrated_gcn_approx.cpp:284]   --->   Operation 43 'store' 'store_ln284' <Predicate = (!icmp_ln279)> <Delay = 0.42>

State 2 <SV = 1> <Delay = 7.30>
ST_2 : Operation 44 [1/1] (0.00ns)   --->   "%sext_ln287 = sext i58 %trunc_ln287_s" [src/integrated-gcn/integrated_gcn_approx.cpp:287]   --->   Operation 44 'sext' 'sext_ln287' <Predicate = true> <Delay = 0.00>
ST_2 : Operation 45 [1/1] (0.00ns)   --->   "%gmem6_addr = getelementptr i512 %gmem6, i64 %sext_ln287" [src/integrated-gcn/integrated_gcn_approx.cpp:287]   --->   Operation 45 'getelementptr' 'gmem6_addr' <Predicate = true> <Delay = 0.00>
ST_2 : Operation 46 [1/1] ( I:1.63ns O:1.63ns )   --->   "%result_fifo_read = read i8 @_ssdm_op_Read.ap_fifo.volatile.i8P0A, i8 %result_fifo" [src/integrated-gcn/integrated_gcn_approx.cpp:285]   --->   Operation 46 'read' 'result_fifo_read' <Predicate = true> <Delay = 1.63> <CoreInst = "FIFO_SRL">   --->   Core 80 'FIFO_SRL' <Latency = 0> <II = 1> <Delay = 1.63> <Storage> <Opcode : 'read' 'write' 'nbread' 'nbwrite'> <Ports = 0> <Width = 8> <Depth = 32> <FIFO>
ST_2 : Operation 47 [1/1] ( I:7.30ns O:7.30ns )   --->   "%gmem6_addr_req = writereq i1 @_ssdm_op_WriteReq.m_axi.i512P1A, i512 %gmem6_addr, i64 1" [src/integrated-gcn/integrated_gcn_approx.cpp:287]   --->   Operation 47 'writereq' 'gmem6_addr_req' <Predicate = (icmp_ln286)> <Delay = 7.30> <CoreInst = "m_axi">   --->   Core 119 'm_axi' <Latency = 9> <II = 1> <Delay = 1.00> <Adapter> <Opcode : 'readrequnaligned' 'writerequnaligned' 'read' 'write' 'readreq' 'writereq' 'writeresp'>

State 3 <SV = 2> <Delay = 7.30>
ST_3 : Operation 48 [1/1] (0.00ns)   --->   "%out_vec_load = load i512 %out_vec" [src/integrated-gcn/integrated_gcn_approx.cpp:285]   --->   Operation 48 'load' 'out_vec_load' <Predicate = true> <Delay = 0.00>
ST_3 : Operation 49 [1/1] (0.00ns)   --->   "%specloopname_ln0 = specloopname void @_ssdm_op_SpecLoopName, void @SPMM_STORE_ROW_SPMM_STORE_FEAT_str"   --->   Operation 49 'specloopname' 'specloopname_ln0' <Predicate = true> <Delay = 0.00>
ST_3 : Operation 50 [1/1] (0.00ns)   --->   "%speclooptripcount_ln0 = speclooptripcount void @_ssdm_op_SpecLoopTripCount, i64 173312, i64 173312, i64 173312"   --->   Operation 50 'speclooptripcount' 'speclooptripcount_ln0' <Predicate = true> <Delay = 0.00>
ST_3 : Operation 51 [1/1] (0.00ns)   --->   "%specpipeline_ln282 = specpipeline void @_ssdm_op_SpecPipeline, i32 1, i32 0, i32 0, i32 0, i32 4294967295, void @empty_20" [src/integrated-gcn/integrated_gcn_approx.cpp:282]   --->   Operation 51 'specpipeline' 'specpipeline_ln282' <Predicate = true> <Delay = 0.00>
ST_3 : Operation 52 [1/1] (0.00ns)   --->   "%shl_ln1 = bitconcatenate i9 @_ssdm_op_BitConcatenate.i9.i6.i3, i6 %trunc_ln285, i3 0" [src/integrated-gcn/integrated_gcn_approx.cpp:285]   --->   Operation 52 'bitconcatenate' 'shl_ln1' <Predicate = true> <Delay = 0.00>
ST_3 : Operation 53 [1/1] (0.00ns)   --->   "%zext_ln285 = zext i9 %shl_ln1" [src/integrated-gcn/integrated_gcn_approx.cpp:285]   --->   Operation 53 'zext' 'zext_ln285' <Predicate = true> <Delay = 0.00>
ST_3 : Operation 54 [1/1] (0.80ns)   --->   "%shl_ln285 = shl i512 255, i512 %zext_ln285" [src/integrated-gcn/integrated_gcn_approx.cpp:285]   --->   Operation 54 'shl' 'shl_ln285' <Predicate = true> <Delay = 0.80> <CoreInst = "Shifter">   --->   Core 75 'Shifter' <Latency = 0> <II = 1> <Delay = 0.80> <FuncUnit> <Opcode : 'shl' 'lshr' 'ashr'> <InPorts = 2> <OutPorts = 1>
ST_3 : Operation 55 [1/1] (0.00ns)   --->   "%zext_ln285_1 = zext i8 %result_fifo_read" [src/integrated-gcn/integrated_gcn_approx.cpp:285]   --->   Operation 55 'zext' 'zext_ln285_1' <Predicate = true> <Delay = 0.00>
ST_3 : Operation 56 [1/1] (0.80ns)   --->   "%shl_ln285_1 = shl i512 %zext_ln285_1, i512 %zext_ln285" [src/integrated-gcn/integrated_gcn_approx.cpp:285]   --->   Operation 56 'shl' 'shl_ln285_1' <Predicate = true> <Delay = 0.80> <CoreInst = "Shifter">   --->   Core 75 'Shifter' <Latency = 0> <II = 1> <Delay = 0.80> <FuncUnit> <Opcode : 'shl' 'lshr' 'ashr'> <InPorts = 2> <OutPorts = 1>
ST_3 : Operation 57 [1/1] (0.00ns) (grouped into LUT with out node out_vec_1)   --->   "%xor_ln285 = xor i512 %shl_ln285, i512 13407807929942597099574024998205846127479365820592393377723561443721764030073546976801874298166903427690031858186486050853753882811946569946433649006084095" [src/integrated-gcn/integrated_gcn_approx.cpp:285]   --->   Operation 57 'xor' 'xor_ln285' <Predicate = true> <Delay = 0.00> <CoreInst = "LogicGate">   --->   Core 74 'LogicGate' <Latency = 0> <II = 1> <Delay = 0.37> <FuncUnit> <Opcode : 'and' 'or' 'xor'> <InPorts = 2> <OutPorts = 1>
ST_3 : Operation 58 [1/1] (0.00ns) (grouped into LUT with out node out_vec_1)   --->   "%and_ln285 = and i512 %out_vec_load, i512 %xor_ln285" [src/integrated-gcn/integrated_gcn_approx.cpp:285]   --->   Operation 58 'and' 'and_ln285' <Predicate = true> <Delay = 0.00> <CoreInst = "LogicGate">   --->   Core 74 'LogicGate' <Latency = 0> <II = 1> <Delay = 0.37> <FuncUnit> <Opcode : 'and' 'or' 'xor'> <InPorts = 2> <OutPorts = 1>
ST_3 : Operation 59 [1/1] (0.37ns) (out node of the LUT)   --->   "%out_vec_1 = or i512 %shl_ln285_1, i512 %and_ln285" [src/integrated-gcn/integrated_gcn_approx.cpp:285]   --->   Operation 59 'or' 'out_vec_1' <Predicate = true> <Delay = 0.37> <CoreInst = "LogicGate">   --->   Core 74 'LogicGate' <Latency = 0> <II = 1> <Delay = 0.37> <FuncUnit> <Opcode : 'and' 'or' 'xor'> <InPorts = 2> <OutPorts = 1>
ST_3 : Operation 60 [1/1] (0.00ns)   --->   "%trunc_ln287 = trunc i512 %out_vec_load" [src/integrated-gcn/integrated_gcn_approx.cpp:287]   --->   Operation 60 'trunc' 'trunc_ln287' <Predicate = (icmp_ln286)> <Delay = 0.00>
ST_3 : Operation 61 [1/1] (0.00ns)   --->   "%or_ln287_s = bitconcatenate i512 @_ssdm_op_BitConcatenate.i512.i8.i504, i8 %result_fifo_read, i504 %trunc_ln287" [src/integrated-gcn/integrated_gcn_approx.cpp:287]   --->   Operation 61 'bitconcatenate' 'or_ln287_s' <Predicate = (icmp_ln286)> <Delay = 0.00>
ST_3 : Operation 62 [1/1] ( I:7.30ns O:7.30ns )   --->   "%write_ln287 = write void @_ssdm_op_Write.m_axi.i512P1A, i512 %gmem6_addr, i512 %or_ln287_s, i64 18446744073709551615" [src/integrated-gcn/integrated_gcn_approx.cpp:287]   --->   Operation 62 'write' 'write_ln287' <Predicate = (icmp_ln286)> <Delay = 7.30> <CoreInst = "m_axi">   --->   Core 119 'm_axi' <Latency = 5> <II = 1> <Delay = 1.00> <Adapter> <Opcode : 'readrequnaligned' 'writerequnaligned' 'read' 'write' 'readreq' 'writereq' 'writeresp'>
ST_3 : Operation 63 [1/1] (0.00ns)   --->   "%store_ln276 = store i512 %out_vec_1, i512 %out_vec" [src/integrated-gcn/integrated_gcn_approx.cpp:276]   --->   Operation 63 'store' 'store_ln276' <Predicate = true> <Delay = 0.00>
ST_3 : Operation 64 [1/1] (0.00ns)   --->   "%br_ln281 = br void %for.body4" [src/integrated-gcn/integrated_gcn_approx.cpp:281]   --->   Operation 64 'br' 'br_ln281' <Predicate = true> <Delay = 0.00>

State 4 <SV = 3> <Delay = 0.00>
ST_4 : Operation 65 [5/5] (7.30ns)   --->   "%gmem6_addr_resp = writeresp i1 @_ssdm_op_WriteResp.m_axi.i512P1A, i512 %gmem6_addr" [src/integrated-gcn/integrated_gcn_approx.cpp:287]   --->   Operation 65 'writeresp' 'gmem6_addr_resp' <Predicate = (icmp_ln286)> <Delay = 7.30> <CoreInst = "m_axi">   --->   Core 119 'm_axi' <Latency = 3> <II = 1> <Delay = 1.00> <Adapter> <Opcode : 'readrequnaligned' 'writerequnaligned' 'read' 'write' 'readreq' 'writereq' 'writeresp'>

State 5 <SV = 4> <Delay = 0.00>
ST_5 : Operation 66 [4/5] (7.30ns)   --->   "%gmem6_addr_resp = writeresp i1 @_ssdm_op_WriteResp.m_axi.i512P1A, i512 %gmem6_addr" [src/integrated-gcn/integrated_gcn_approx.cpp:287]   --->   Operation 66 'writeresp' 'gmem6_addr_resp' <Predicate = (icmp_ln286)> <Delay = 7.30> <CoreInst = "m_axi">   --->   Core 119 'm_axi' <Latency = 3> <II = 1> <Delay = 1.00> <Adapter> <Opcode : 'readrequnaligned' 'writerequnaligned' 'read' 'write' 'readreq' 'writereq' 'writeresp'>

State 6 <SV = 5> <Delay = 0.00>
ST_6 : Operation 67 [3/5] (7.30ns)   --->   "%gmem6_addr_resp = writeresp i1 @_ssdm_op_WriteResp.m_axi.i512P1A, i512 %gmem6_addr" [src/integrated-gcn/integrated_gcn_approx.cpp:287]   --->   Operation 67 'writeresp' 'gmem6_addr_resp' <Predicate = (icmp_ln286)> <Delay = 7.30> <CoreInst = "m_axi">   --->   Core 119 'm_axi' <Latency = 3> <II = 1> <Delay = 1.00> <Adapter> <Opcode : 'readrequnaligned' 'writerequnaligned' 'read' 'write' 'readreq' 'writereq' 'writeresp'>

State 7 <SV = 6> <Delay = 0.42>
ST_7 : Operation 68 [2/5] (7.30ns)   --->   "%gmem6_addr_resp = writeresp i1 @_ssdm_op_WriteResp.m_axi.i512P1A, i512 %gmem6_addr" [src/integrated-gcn/integrated_gcn_approx.cpp:287]   --->   Operation 68 'writeresp' 'gmem6_addr_resp' <Predicate = (icmp_ln286)> <Delay = 7.30> <CoreInst = "m_axi">   --->   Core 119 'm_axi' <Latency = 3> <II = 1> <Delay = 1.00> <Adapter> <Opcode : 'readrequnaligned' 'writerequnaligned' 'read' 'write' 'readreq' 'writereq' 'writeresp'>
ST_7 : Operation 74 [1/1] (0.42ns)   --->   "%ret_ln290 = ret" [src/integrated-gcn/integrated_gcn_approx.cpp:290]   --->   Operation 74 'ret' 'ret_ln290' <Predicate = (icmp_ln279)> <Delay = 0.42>

State 8 <SV = 7> <Delay = 7.30>
ST_8 : Operation 69 [1/1] (0.00ns)   --->   "%rbegin = specregionbegin i32 @_ssdm_op_SpecRegionBegin, void @empty_18" [src/integrated-gcn/integrated_gcn_approx.cpp:287]   --->   Operation 69 'specregionbegin' 'rbegin' <Predicate = (icmp_ln286)> <Delay = 0.00>
ST_8 : Operation 70 [1/5] ( I:7.30ns O:7.30ns )   --->   "%gmem6_addr_resp = writeresp i1 @_ssdm_op_WriteResp.m_axi.i512P1A, i512 %gmem6_addr" [src/integrated-gcn/integrated_gcn_approx.cpp:287]   --->   Operation 70 'writeresp' 'gmem6_addr_resp' <Predicate = (icmp_ln286)> <Delay = 7.30> <CoreInst = "m_axi">   --->   Core 119 'm_axi' <Latency = 3> <II = 1> <Delay = 1.00> <Adapter> <Opcode : 'readrequnaligned' 'writerequnaligned' 'read' 'write' 'readreq' 'writereq' 'writeresp'>
ST_8 : Operation 71 [1/1] (0.00ns)   --->   "%specoccurrence_ln287 = specoccurrence void @_ssdm_op_SpecOccurrence, i64 64, void @empty_20" [src/integrated-gcn/integrated_gcn_approx.cpp:287]   --->   Operation 71 'specoccurrence' 'specoccurrence_ln287' <Predicate = (icmp_ln286)> <Delay = 0.00>
ST_8 : Operation 72 [1/1] (0.00ns)   --->   "%rend = specregionend i32 @_ssdm_op_SpecRegionEnd, void @empty_18, i32 %rbegin" [src/integrated-gcn/integrated_gcn_approx.cpp:287]   --->   Operation 72 'specregionend' 'rend' <Predicate = (icmp_ln286)> <Delay = 0.00>
ST_8 : Operation 73 [1/1] (0.00ns)   --->   "%br_ln287 = br void %for.inc" [src/integrated-gcn/integrated_gcn_approx.cpp:287]   --->   Operation 73 'br' 'br_ln287' <Predicate = (icmp_ln286)> <Delay = 0.00>


============================================================
+ Verbose Summary: Timing violations
============================================================
Target clock period: 10.000ns, clock uncertainty: 2.700ns.

 <State 1>: 2.760ns
The critical path consists of the following:
	'store' operation ('store_ln284', src/integrated-gcn/integrated_gcn_approx.cpp:284) of constant 0 7 bit on local variable 'd', src/integrated-gcn/integrated_gcn_approx.cpp:284 [14]  (0.427 ns)
	'load' operation 7 bit ('d_load', src/integrated-gcn/integrated_gcn_approx.cpp:281) on local variable 'd', src/integrated-gcn/integrated_gcn_approx.cpp:284 [22]  (0.000 ns)
	'icmp' operation 1 bit ('icmp_ln281', src/integrated-gcn/integrated_gcn_approx.cpp:281) [27]  (0.773 ns)
	'select' operation 7 bit ('select_ln276', src/integrated-gcn/integrated_gcn_approx.cpp:276) [28]  (0.360 ns)
	'add' operation 7 bit ('add_ln281', src/integrated-gcn/integrated_gcn_approx.cpp:281) [61]  (0.773 ns)
	'store' operation ('store_ln284', src/integrated-gcn/integrated_gcn_approx.cpp:284) of variable 'add_ln281', src/integrated-gcn/integrated_gcn_approx.cpp:281 7 bit on local variable 'd', src/integrated-gcn/integrated_gcn_approx.cpp:284 [65]  (0.427 ns)

 <State 2>: 7.300ns
The critical path consists of the following:
	'getelementptr' operation 512 bit ('gmem6_addr', src/integrated-gcn/integrated_gcn_approx.cpp:287) [36]  (0.000 ns)
	bus request operation ('gmem6_addr_req', src/integrated-gcn/integrated_gcn_approx.cpp:287) on port 'gmem6' (src/integrated-gcn/integrated_gcn_approx.cpp:287) [54]  (7.300 ns)

 <State 3>: 7.300ns
The critical path consists of the following:
	'load' operation 512 bit ('out_vec_load', src/integrated-gcn/integrated_gcn_approx.cpp:285) on local variable 'out_vec', src/integrated-gcn/integrated_gcn_approx.cpp:276 [23]  (0.000 ns)
	bus write operation ('write_ln287', src/integrated-gcn/integrated_gcn_approx.cpp:287) on port 'gmem6' (src/integrated-gcn/integrated_gcn_approx.cpp:287) [55]  (7.300 ns)

 <State 4>: 0.000ns
The critical path consists of the following:

 <State 5>: 0.000ns
The critical path consists of the following:

 <State 6>: 0.000ns
The critical path consists of the following:

 <State 7>: 0.427ns
The critical path consists of the following:

 <State 8>: 7.300ns
The critical path consists of the following:
	bus response operation ('gmem6_addr_resp', src/integrated-gcn/integrated_gcn_approx.cpp:287) on port 'gmem6' (src/integrated-gcn/integrated_gcn_approx.cpp:287) [56]  (7.300 ns)


============================================================
+ Verbose Summary: Binding
============================================================
N/A
* FSMD analyzer results:
  - Output states:
 - Input state : 
  - Chain level:
	State 1
	State 2
	State 3
	State 4
	State 5
	State 6
	State 7
	State 8


============================================================
+ Verbose Summary: Datapath Resource usage 
============================================================
N/A
