

================================================================
== Vitis HLS Report for 'spmm_load_csr'
================================================================
* Date:           Thu Apr 16 10:08:42 2026

* Version:        2025.2 (Build 6295257 on Nov 14 2025)
* Project:        integrated_gcn_approx
* Solution:       hls (Vivado IP Flow Target)
* Product family: zynquplus
* Target device:  xck26-sfvc784-2LV-c


================================================================
== Performance Estimates
================================================================
+ Timing: 
    * Summary: 
    +--------+----------+----------+------------+
    |  Clock |  Target  | Estimated| Uncertainty|
    +--------+----------+----------+------------+
    |ap_clk  |  10.00 ns|  7.300 ns|     2.70 ns|
    +--------+----------+----------+------------+

+ Latency: 
    * Summary: 
    +---------+---------+----------+----------+-----+-----+---------+
    |  Latency (cycles) |  Latency (absolute) |  Interval | Pipeline|
    |   min   |   max   |    min   |    max   | min | max |   Type  |
    +---------+---------+----------+----------+-----+-----+---------+
    |        ?|        ?|         ?|         ?|    ?|    ?|       no|
    +---------+---------+----------+----------+-----+-----+---------+

    + Detail: 
        * Instance: 
        +---------------------------------------------+----------------------------------+---------+---------+-----------+-----------+-----+-----+-------------------+
        |                                             |                                  |  Latency (cycles) |   Latency (absolute)  |  Interval |      Pipeline     |
        |                   Instance                  |              Module              |   min   |   max   |    min    |    max    | min | max |        Type       |
        +---------------------------------------------+----------------------------------+---------+---------+-----------+-----------+-----+-----+-------------------+
        |grp_spmm_load_csr_Pipeline_LOAD_ROWS_fu_119  |spmm_load_csr_Pipeline_LOAD_ROWS  |     2711|     2711|  27.110 us|  27.110 us|    0|    0|  loop pipeline stp|
        |grp_spmm_load_csr_Pipeline_LOAD_NNZ_fu_128   |spmm_load_csr_Pipeline_LOAD_NNZ   |        ?|        ?|          ?|          ?|    0|    0|  loop pipeline stp|
        +---------------------------------------------+----------------------------------+---------+---------+-----------+-----------+-----+-----+-------------------+

        * Loop: 
        N/A

============================================================
+ Verbose Summary: Synthesis Manager
============================================================
InlineROM: 1
ExposeGlobal: 0
============================================================
+ Verbose Summary: CDFG Model
============================================================
IsTopModel: 0
ResetActiveHigh: 1
IsCombinational: 2
IsDatapathOnly: 0
HasWiredReturn: 1
HasMFsm: 0
HasVarLatency: 1
IsPipeline: 0
IsRtlPipelined: 0
IsInstanceOverlapped: 0
IsDontTouch: 0
HasImplIP: 0
IsGatedGlobalClock: 0


============================================================
+ Verbose Summary: Schedule
============================================================
* Number of FSM states : 13
* Pipeline : 0
* Dataflow Pipeline: 0

* FSM state transitions: 
1 --> 2 
2 --> 3 
3 --> 4 
4 --> 5 
5 --> 6 
6 --> 7 
7 --> 8 
8 --> 9 
9 --> 10 
10 --> 11 
11 --> 12 
12 --> 13 
13 --> 

* FSM state operations: 

State 1 <SV = 0> <Delay = 1.43>
ST_1 : Operation 14 [1/1] (0.00ns)   --->   "%nnz_total_read = read i32 @_ssdm_op_Read.ap_auto.i32, i32 %nnz_total" [src/integrated-gcn/integrated_gcn_approx.cpp:193]   --->   Operation 14 'read' 'nnz_total_read' <Predicate = true> <Delay = 0.00>
ST_1 : Operation 15 [1/1] (1.01ns)   --->   "%icmp_ln208 = icmp_sgt  i32 %nnz_total_read, i32 0" [src/integrated-gcn/integrated_gcn_approx.cpp:208]   --->   Operation 15 'icmp' 'icmp_ln208' <Predicate = true> <Delay = 1.01> <CoreInst = "Cmp">   --->   Core 9 'Cmp' <Latency = 0> <II = 1> <Delay = 1.01> <FuncUnit> <Opcode : 'seteq' 'setne' 'setle' 'setge' 'setlt' 'setgt'> <InPorts = 2> <OutPorts = 1>
ST_1 : Operation 16 [1/1] (0.00ns)   --->   "%trunc_ln208 = trunc i32 %nnz_total_read" [src/integrated-gcn/integrated_gcn_approx.cpp:208]   --->   Operation 16 'trunc' 'trunc_ln208' <Predicate = true> <Delay = 0.00>
ST_1 : Operation 17 [1/1] (0.41ns)   --->   "%empty_50 = select i1 %icmp_ln208, i31 %trunc_ln208, i31 0" [src/integrated-gcn/integrated_gcn_approx.cpp:208]   --->   Operation 17 'select' 'empty_50' <Predicate = true> <Delay = 0.41> <CoreInst = "Sel">   --->   Core 73 'Sel' <Latency = 0> <II = 1> <Delay = 0.41> <FuncUnit> <Opcode : 'select'> <InPorts = 3> <OutPorts = 1>

State 2 <SV = 1> <Delay = 7.30>
ST_2 : Operation 18 [1/1] (0.00ns)   --->   "%values_read = read i64 @_ssdm_op_Read.ap_auto.i64, i64 %values" [src/integrated-gcn/integrated_gcn_approx.cpp:193]   --->   Operation 18 'read' 'values_read' <Predicate = true> <Delay = 0.00>
ST_2 : Operation 19 [1/1] (0.00ns)   --->   "%colind_read = read i64 @_ssdm_op_Read.ap_auto.i64, i64 %colind" [src/integrated-gcn/integrated_gcn_approx.cpp:193]   --->   Operation 19 'read' 'colind_read' <Predicate = true> <Delay = 0.00>
ST_2 : Operation 20 [1/1] (0.00ns)   --->   "%row_length_read = read i64 @_ssdm_op_Read.ap_auto.i64, i64 %row_length" [src/integrated-gcn/integrated_gcn_approx.cpp:193]   --->   Operation 20 'read' 'row_length_read' <Predicate = true> <Delay = 0.00>
ST_2 : Operation 21 [1/1] (0.00ns)   --->   "%trunc_ln = partselect i62 @_ssdm_op_PartSelect.i62.i64.i32.i32, i64 %row_length_read, i32 2, i32 63" [src/integrated-gcn/integrated_gcn_approx.cpp:202]   --->   Operation 21 'partselect' 'trunc_ln' <Predicate = true> <Delay = 0.00>
ST_2 : Operation 22 [1/1] (0.00ns)   --->   "%sext_ln202 = sext i62 %trunc_ln" [src/integrated-gcn/integrated_gcn_approx.cpp:202]   --->   Operation 22 'sext' 'sext_ln202' <Predicate = true> <Delay = 0.00>
ST_2 : Operation 23 [1/1] (0.00ns)   --->   "%gmem3_addr = getelementptr i32 %gmem3, i64 %sext_ln202" [src/integrated-gcn/integrated_gcn_approx.cpp:202]   --->   Operation 23 'getelementptr' 'gmem3_addr' <Predicate = true> <Delay = 0.00>
ST_2 : Operation 24 [8/8] (7.30ns)   --->   "%empty = readreq i1 @_ssdm_op_ReadReq.m_axi.p1i32, i32 %gmem3_addr, i64 2708" [src/integrated-gcn/integrated_gcn_approx.cpp:202]   --->   Operation 24 'readreq' 'empty' <Predicate = true> <Delay = 7.30> <CoreInst = "m_axi">   --->   Core 119 'm_axi' <Latency = 6> <II = 1> <Delay = 1.00> <Adapter> <Opcode : 'readrequnaligned' 'writerequnaligned' 'read' 'write' 'readreq' 'writereq' 'writeresp'>
ST_2 : Operation 25 [1/1] (0.00ns)   --->   "%trunc_ln1 = partselect i62 @_ssdm_op_PartSelect.i62.i64.i32.i32, i64 %colind_read, i32 2, i32 63" [src/integrated-gcn/integrated_gcn_approx.cpp:208]   --->   Operation 25 'partselect' 'trunc_ln1' <Predicate = true> <Delay = 0.00>
ST_2 : Operation 26 [1/1] (0.00ns)   --->   "%sext_ln208 = sext i62 %trunc_ln1" [src/integrated-gcn/integrated_gcn_approx.cpp:208]   --->   Operation 26 'sext' 'sext_ln208' <Predicate = true> <Delay = 0.00>
ST_2 : Operation 27 [1/1] (0.00ns)   --->   "%gmem4_addr = getelementptr i32 %gmem4, i64 %sext_ln208" [src/integrated-gcn/integrated_gcn_approx.cpp:208]   --->   Operation 27 'getelementptr' 'gmem4_addr' <Predicate = true> <Delay = 0.00>
ST_2 : Operation 28 [1/1] (0.00ns)   --->   "%zext_ln208 = zext i31 %empty_50" [src/integrated-gcn/integrated_gcn_approx.cpp:208]   --->   Operation 28 'zext' 'zext_ln208' <Predicate = true> <Delay = 0.00>
ST_2 : Operation 29 [8/8] (7.30ns)   --->   "%empty_51 = readreq i1 @_ssdm_op_ReadReq.m_axi.p1i32, i32 %gmem4_addr, i64 %zext_ln208" [src/integrated-gcn/integrated_gcn_approx.cpp:208]   --->   Operation 29 'readreq' 'empty_51' <Predicate = true> <Delay = 7.30> <CoreInst = "m_axi">   --->   Core 119 'm_axi' <Latency = 6> <II = 1> <Delay = 1.00> <Adapter> <Opcode : 'readrequnaligned' 'writerequnaligned' 'read' 'write' 'readreq' 'writereq' 'writeresp'>
ST_2 : Operation 30 [1/1] (0.00ns)   --->   "%gmem5_addr = getelementptr i8 %gmem5, i64 %values_read" [src/integrated-gcn/integrated_gcn_approx.cpp:208]   --->   Operation 30 'getelementptr' 'gmem5_addr' <Predicate = true> <Delay = 0.00>
ST_2 : Operation 31 [8/8] (7.30ns)   --->   "%empty_52 = readreq i1 @_ssdm_op_ReadReq.m_axi.p1i8, i8 %gmem5_addr, i64 %zext_ln208" [src/integrated-gcn/integrated_gcn_approx.cpp:208]   --->   Operation 31 'readreq' 'empty_52' <Predicate = true> <Delay = 7.30> <CoreInst = "m_axi">   --->   Core 119 'm_axi' <Latency = 6> <II = 1> <Delay = 1.00> <Adapter> <Opcode : 'readrequnaligned' 'writerequnaligned' 'read' 'write' 'readreq' 'writereq' 'writeresp'>

State 3 <SV = 2> <Delay = 0.00>
ST_3 : Operation 32 [7/8] (7.30ns)   --->   "%empty = readreq i1 @_ssdm_op_ReadReq.m_axi.p1i32, i32 %gmem3_addr, i64 2708" [src/integrated-gcn/integrated_gcn_approx.cpp:202]   --->   Operation 32 'readreq' 'empty' <Predicate = true> <Delay = 7.30> <CoreInst = "m_axi">   --->   Core 119 'm_axi' <Latency = 6> <II = 1> <Delay = 1.00> <Adapter> <Opcode : 'readrequnaligned' 'writerequnaligned' 'read' 'write' 'readreq' 'writereq' 'writeresp'>
ST_3 : Operation 33 [7/8] (7.30ns)   --->   "%empty_51 = readreq i1 @_ssdm_op_ReadReq.m_axi.p1i32, i32 %gmem4_addr, i64 %zext_ln208" [src/integrated-gcn/integrated_gcn_approx.cpp:208]   --->   Operation 33 'readreq' 'empty_51' <Predicate = true> <Delay = 7.30> <CoreInst = "m_axi">   --->   Core 119 'm_axi' <Latency = 6> <II = 1> <Delay = 1.00> <Adapter> <Opcode : 'readrequnaligned' 'writerequnaligned' 'read' 'write' 'readreq' 'writereq' 'writeresp'>
ST_3 : Operation 34 [7/8] (7.30ns)   --->   "%empty_52 = readreq i1 @_ssdm_op_ReadReq.m_axi.p1i8, i8 %gmem5_addr, i64 %zext_ln208" [src/integrated-gcn/integrated_gcn_approx.cpp:208]   --->   Operation 34 'readreq' 'empty_52' <Predicate = true> <Delay = 7.30> <CoreInst = "m_axi">   --->   Core 119 'm_axi' <Latency = 6> <II = 1> <Delay = 1.00> <Adapter> <Opcode : 'readrequnaligned' 'writerequnaligned' 'read' 'write' 'readreq' 'writereq' 'writeresp'>

State 4 <SV = 3> <Delay = 0.00>
ST_4 : Operation 35 [6/8] (7.30ns)   --->   "%empty = readreq i1 @_ssdm_op_ReadReq.m_axi.p1i32, i32 %gmem3_addr, i64 2708" [src/integrated-gcn/integrated_gcn_approx.cpp:202]   --->   Operation 35 'readreq' 'empty' <Predicate = true> <Delay = 7.30> <CoreInst = "m_axi">   --->   Core 119 'm_axi' <Latency = 6> <II = 1> <Delay = 1.00> <Adapter> <Opcode : 'readrequnaligned' 'writerequnaligned' 'read' 'write' 'readreq' 'writereq' 'writeresp'>
ST_4 : Operation 36 [6/8] (7.30ns)   --->   "%empty_51 = readreq i1 @_ssdm_op_ReadReq.m_axi.p1i32, i32 %gmem4_addr, i64 %zext_ln208" [src/integrated-gcn/integrated_gcn_approx.cpp:208]   --->   Operation 36 'readreq' 'empty_51' <Predicate = true> <Delay = 7.30> <CoreInst = "m_axi">   --->   Core 119 'm_axi' <Latency = 6> <II = 1> <Delay = 1.00> <Adapter> <Opcode : 'readrequnaligned' 'writerequnaligned' 'read' 'write' 'readreq' 'writereq' 'writeresp'>
ST_4 : Operation 37 [6/8] (7.30ns)   --->   "%empty_52 = readreq i1 @_ssdm_op_ReadReq.m_axi.p1i8, i8 %gmem5_addr, i64 %zext_ln208" [src/integrated-gcn/integrated_gcn_approx.cpp:208]   --->   Operation 37 'readreq' 'empty_52' <Predicate = true> <Delay = 7.30> <CoreInst = "m_axi">   --->   Core 119 'm_axi' <Latency = 6> <II = 1> <Delay = 1.00> <Adapter> <Opcode : 'readrequnaligned' 'writerequnaligned' 'read' 'write' 'readreq' 'writereq' 'writeresp'>

State 5 <SV = 4> <Delay = 0.00>
ST_5 : Operation 38 [5/8] (7.30ns)   --->   "%empty = readreq i1 @_ssdm_op_ReadReq.m_axi.p1i32, i32 %gmem3_addr, i64 2708" [src/integrated-gcn/integrated_gcn_approx.cpp:202]   --->   Operation 38 'readreq' 'empty' <Predicate = true> <Delay = 7.30> <CoreInst = "m_axi">   --->   Core 119 'm_axi' <Latency = 6> <II = 1> <Delay = 1.00> <Adapter> <Opcode : 'readrequnaligned' 'writerequnaligned' 'read' 'write' 'readreq' 'writereq' 'writeresp'>
ST_5 : Operation 39 [5/8] (7.30ns)   --->   "%empty_51 = readreq i1 @_ssdm_op_ReadReq.m_axi.p1i32, i32 %gmem4_addr, i64 %zext_ln208" [src/integrated-gcn/integrated_gcn_approx.cpp:208]   --->   Operation 39 'readreq' 'empty_51' <Predicate = true> <Delay = 7.30> <CoreInst = "m_axi">   --->   Core 119 'm_axi' <Latency = 6> <II = 1> <Delay = 1.00> <Adapter> <Opcode : 'readrequnaligned' 'writerequnaligned' 'read' 'write' 'readreq' 'writereq' 'writeresp'>
ST_5 : Operation 40 [5/8] (7.30ns)   --->   "%empty_52 = readreq i1 @_ssdm_op_ReadReq.m_axi.p1i8, i8 %gmem5_addr, i64 %zext_ln208" [src/integrated-gcn/integrated_gcn_approx.cpp:208]   --->   Operation 40 'readreq' 'empty_52' <Predicate = true> <Delay = 7.30> <CoreInst = "m_axi">   --->   Core 119 'm_axi' <Latency = 6> <II = 1> <Delay = 1.00> <Adapter> <Opcode : 'readrequnaligned' 'writerequnaligned' 'read' 'write' 'readreq' 'writereq' 'writeresp'>

State 6 <SV = 5> <Delay = 0.00>
ST_6 : Operation 41 [4/8] (7.30ns)   --->   "%empty = readreq i1 @_ssdm_op_ReadReq.m_axi.p1i32, i32 %gmem3_addr, i64 2708" [src/integrated-gcn/integrated_gcn_approx.cpp:202]   --->   Operation 41 'readreq' 'empty' <Predicate = true> <Delay = 7.30> <CoreInst = "m_axi">   --->   Core 119 'm_axi' <Latency = 6> <II = 1> <Delay = 1.00> <Adapter> <Opcode : 'readrequnaligned' 'writerequnaligned' 'read' 'write' 'readreq' 'writereq' 'writeresp'>
ST_6 : Operation 42 [4/8] (7.30ns)   --->   "%empty_51 = readreq i1 @_ssdm_op_ReadReq.m_axi.p1i32, i32 %gmem4_addr, i64 %zext_ln208" [src/integrated-gcn/integrated_gcn_approx.cpp:208]   --->   Operation 42 'readreq' 'empty_51' <Predicate = true> <Delay = 7.30> <CoreInst = "m_axi">   --->   Core 119 'm_axi' <Latency = 6> <II = 1> <Delay = 1.00> <Adapter> <Opcode : 'readrequnaligned' 'writerequnaligned' 'read' 'write' 'readreq' 'writereq' 'writeresp'>
ST_6 : Operation 43 [4/8] (7.30ns)   --->   "%empty_52 = readreq i1 @_ssdm_op_ReadReq.m_axi.p1i8, i8 %gmem5_addr, i64 %zext_ln208" [src/integrated-gcn/integrated_gcn_approx.cpp:208]   --->   Operation 43 'readreq' 'empty_52' <Predicate = true> <Delay = 7.30> <CoreInst = "m_axi">   --->   Core 119 'm_axi' <Latency = 6> <II = 1> <Delay = 1.00> <Adapter> <Opcode : 'readrequnaligned' 'writerequnaligned' 'read' 'write' 'readreq' 'writereq' 'writeresp'>

State 7 <SV = 6> <Delay = 0.00>
ST_7 : Operation 44 [3/8] (7.30ns)   --->   "%empty = readreq i1 @_ssdm_op_ReadReq.m_axi.p1i32, i32 %gmem3_addr, i64 2708" [src/integrated-gcn/integrated_gcn_approx.cpp:202]   --->   Operation 44 'readreq' 'empty' <Predicate = true> <Delay = 7.30> <CoreInst = "m_axi">   --->   Core 119 'm_axi' <Latency = 6> <II = 1> <Delay = 1.00> <Adapter> <Opcode : 'readrequnaligned' 'writerequnaligned' 'read' 'write' 'readreq' 'writereq' 'writeresp'>
ST_7 : Operation 45 [3/8] (7.30ns)   --->   "%empty_51 = readreq i1 @_ssdm_op_ReadReq.m_axi.p1i32, i32 %gmem4_addr, i64 %zext_ln208" [src/integrated-gcn/integrated_gcn_approx.cpp:208]   --->   Operation 45 'readreq' 'empty_51' <Predicate = true> <Delay = 7.30> <CoreInst = "m_axi">   --->   Core 119 'm_axi' <Latency = 6> <II = 1> <Delay = 1.00> <Adapter> <Opcode : 'readrequnaligned' 'writerequnaligned' 'read' 'write' 'readreq' 'writereq' 'writeresp'>
ST_7 : Operation 46 [3/8] (7.30ns)   --->   "%empty_52 = readreq i1 @_ssdm_op_ReadReq.m_axi.p1i8, i8 %gmem5_addr, i64 %zext_ln208" [src/integrated-gcn/integrated_gcn_approx.cpp:208]   --->   Operation 46 'readreq' 'empty_52' <Predicate = true> <Delay = 7.30> <CoreInst = "m_axi">   --->   Core 119 'm_axi' <Latency = 6> <II = 1> <Delay = 1.00> <Adapter> <Opcode : 'readrequnaligned' 'writerequnaligned' 'read' 'write' 'readreq' 'writereq' 'writeresp'>

State 8 <SV = 7> <Delay = 0.00>
ST_8 : Operation 47 [2/8] (7.30ns)   --->   "%empty = readreq i1 @_ssdm_op_ReadReq.m_axi.p1i32, i32 %gmem3_addr, i64 2708" [src/integrated-gcn/integrated_gcn_approx.cpp:202]   --->   Operation 47 'readreq' 'empty' <Predicate = true> <Delay = 7.30> <CoreInst = "m_axi">   --->   Core 119 'm_axi' <Latency = 6> <II = 1> <Delay = 1.00> <Adapter> <Opcode : 'readrequnaligned' 'writerequnaligned' 'read' 'write' 'readreq' 'writereq' 'writeresp'>
ST_8 : Operation 48 [2/8] (7.30ns)   --->   "%empty_51 = readreq i1 @_ssdm_op_ReadReq.m_axi.p1i32, i32 %gmem4_addr, i64 %zext_ln208" [src/integrated-gcn/integrated_gcn_approx.cpp:208]   --->   Operation 48 'readreq' 'empty_51' <Predicate = true> <Delay = 7.30> <CoreInst = "m_axi">   --->   Core 119 'm_axi' <Latency = 6> <II = 1> <Delay = 1.00> <Adapter> <Opcode : 'readrequnaligned' 'writerequnaligned' 'read' 'write' 'readreq' 'writereq' 'writeresp'>
ST_8 : Operation 49 [2/8] (7.30ns)   --->   "%empty_52 = readreq i1 @_ssdm_op_ReadReq.m_axi.p1i8, i8 %gmem5_addr, i64 %zext_ln208" [src/integrated-gcn/integrated_gcn_approx.cpp:208]   --->   Operation 49 'readreq' 'empty_52' <Predicate = true> <Delay = 7.30> <CoreInst = "m_axi">   --->   Core 119 'm_axi' <Latency = 6> <II = 1> <Delay = 1.00> <Adapter> <Opcode : 'readrequnaligned' 'writerequnaligned' 'read' 'write' 'readreq' 'writereq' 'writeresp'>

State 9 <SV = 8> <Delay = 7.30>
ST_9 : Operation 50 [1/8] ( I:7.30ns O:7.30ns )   --->   "%empty = readreq i1 @_ssdm_op_ReadReq.m_axi.p1i32, i32 %gmem3_addr, i64 2708" [src/integrated-gcn/integrated_gcn_approx.cpp:202]   --->   Operation 50 'readreq' 'empty' <Predicate = true> <Delay = 7.30> <CoreInst = "m_axi">   --->   Core 119 'm_axi' <Latency = 6> <II = 1> <Delay = 1.00> <Adapter> <Opcode : 'readrequnaligned' 'writerequnaligned' 'read' 'write' 'readreq' 'writereq' 'writeresp'>
ST_9 : Operation 51 [1/8] ( I:7.30ns O:7.30ns )   --->   "%empty_51 = readreq i1 @_ssdm_op_ReadReq.m_axi.p1i32, i32 %gmem4_addr, i64 %zext_ln208" [src/integrated-gcn/integrated_gcn_approx.cpp:208]   --->   Operation 51 'readreq' 'empty_51' <Predicate = true> <Delay = 7.30> <CoreInst = "m_axi">   --->   Core 119 'm_axi' <Latency = 6> <II = 1> <Delay = 1.00> <Adapter> <Opcode : 'readrequnaligned' 'writerequnaligned' 'read' 'write' 'readreq' 'writereq' 'writeresp'>
ST_9 : Operation 52 [1/8] ( I:7.30ns O:7.30ns )   --->   "%empty_52 = readreq i1 @_ssdm_op_ReadReq.m_axi.p1i8, i8 %gmem5_addr, i64 %zext_ln208" [src/integrated-gcn/integrated_gcn_approx.cpp:208]   --->   Operation 52 'readreq' 'empty_52' <Predicate = true> <Delay = 7.30> <CoreInst = "m_axi">   --->   Core 119 'm_axi' <Latency = 6> <II = 1> <Delay = 1.00> <Adapter> <Opcode : 'readrequnaligned' 'writerequnaligned' 'read' 'write' 'readreq' 'writereq' 'writeresp'>

State 10 <SV = 9> <Delay = 0.00>
ST_10 : Operation 53 [2/2] (0.00ns)   --->   "%call_ln202 = call void @spmm_load_csr_Pipeline_LOAD_ROWS, i32 %gmem3, i62 %trunc_ln, i32 %row_fifo" [src/integrated-gcn/integrated_gcn_approx.cpp:202]   --->   Operation 53 'call' 'call_ln202' <Predicate = true> <Delay = 0.00> <CoreType = "Generic">   --->   Generic Core

State 11 <SV = 10> <Delay = 0.00>
ST_11 : Operation 54 [1/2] (0.00ns)   --->   "%call_ln202 = call void @spmm_load_csr_Pipeline_LOAD_ROWS, i32 %gmem3, i62 %trunc_ln, i32 %row_fifo" [src/integrated-gcn/integrated_gcn_approx.cpp:202]   --->   Operation 54 'call' 'call_ln202' <Predicate = true> <Delay = 0.00> <CoreType = "Generic">   --->   Generic Core

State 12 <SV = 11> <Delay = 1.44>
ST_12 : Operation 55 [1/1] (0.00ns)   --->   "%fence_ln208 = fence void @_ssdm_op_Fence, i32 %row_fifo, i32 4294967295, i32 %col_fifo, i8 %val_fifo, i32 0" [src/integrated-gcn/integrated_gcn_approx.cpp:208]   --->   Operation 55 'fence' 'fence_ln208' <Predicate = true> <Delay = 0.00>
ST_12 : Operation 56 [1/1] (0.00ns)   --->   "%fence_ln208 = fence void @_ssdm_op_Fence, i32 %row_fifo, i32 4294967295, i32 %col_fifo, i8 %val_fifo, i32 0" [src/integrated-gcn/integrated_gcn_approx.cpp:208]   --->   Operation 56 'fence' 'fence_ln208' <Predicate = true> <Delay = 0.00>
ST_12 : Operation 57 [2/2] (1.44ns)   --->   "%call_ln193 = call void @spmm_load_csr_Pipeline_LOAD_NNZ, i32 %nnz_total_read, i32 %gmem4, i62 %trunc_ln1, i8 %gmem5, i64 %values_read, i32 %col_fifo, i8 %val_fifo" [src/integrated-gcn/integrated_gcn_approx.cpp:193]   --->   Operation 57 'call' 'call_ln193' <Predicate = true> <Delay = 1.44> <CoreType = "Generic">   --->   Generic Core

State 13 <SV = 12> <Delay = 0.00>
ST_13 : Operation 58 [1/1] (0.00ns)   --->   "%specstablecontent_ln0 = specstablecontent void @_ssdm_op_SpecStableContent, i32 %nnz_total, i1 1, void @p_str"   --->   Operation 58 'specstablecontent' 'specstablecontent_ln0' <Predicate = true> <Delay = 0.00>
ST_13 : Operation 59 [1/1] (0.00ns)   --->   "%specstablecontent_ln0 = specstablecontent void @_ssdm_op_SpecStableContent, i64 %values, i1 1, void @p_str"   --->   Operation 59 'specstablecontent' 'specstablecontent_ln0' <Predicate = true> <Delay = 0.00>
ST_13 : Operation 60 [1/1] (0.00ns)   --->   "%specstablecontent_ln0 = specstablecontent void @_ssdm_op_SpecStableContent, i8 %gmem5, i1 1, void @p_str"   --->   Operation 60 'specstablecontent' 'specstablecontent_ln0' <Predicate = true> <Delay = 0.00>
ST_13 : Operation 61 [1/1] (0.00ns)   --->   "%specstablecontent_ln0 = specstablecontent void @_ssdm_op_SpecStableContent, i64 %colind, i1 1, void @p_str"   --->   Operation 61 'specstablecontent' 'specstablecontent_ln0' <Predicate = true> <Delay = 0.00>
ST_13 : Operation 62 [1/1] (0.00ns)   --->   "%specstablecontent_ln0 = specstablecontent void @_ssdm_op_SpecStableContent, i32 %gmem4, i1 1, void @p_str"   --->   Operation 62 'specstablecontent' 'specstablecontent_ln0' <Predicate = true> <Delay = 0.00>
ST_13 : Operation 63 [1/1] (0.00ns)   --->   "%specstablecontent_ln0 = specstablecontent void @_ssdm_op_SpecStableContent, i64 %row_length, i1 1, void @p_str"   --->   Operation 63 'specstablecontent' 'specstablecontent_ln0' <Predicate = true> <Delay = 0.00>
ST_13 : Operation 64 [1/1] (0.00ns)   --->   "%specstablecontent_ln0 = specstablecontent void @_ssdm_op_SpecStableContent, i32 %gmem3, i1 1, void @p_str"   --->   Operation 64 'specstablecontent' 'specstablecontent_ln0' <Predicate = true> <Delay = 0.00>
ST_13 : Operation 65 [1/1] (0.00ns)   --->   "%specinterface_ln0 = specinterface void @_ssdm_op_SpecInterface, i8 %val_fifo, void @empty_6, i32 0, i32 0, void @empty_20, i32 0, i32 0, void @empty_20, void @empty_20, void @empty_20, i32 0, i32 0, i32 0, i32 0, void @empty_20, void @empty_20, i32 4294967295, i32 0, i32 0, i32 0"   --->   Operation 65 'specinterface' 'specinterface_ln0' <Predicate = true> <Delay = 0.00>
ST_13 : Operation 66 [1/1] (0.00ns)   --->   "%specinterface_ln0 = specinterface void @_ssdm_op_SpecInterface, i32 %col_fifo, void @empty_6, i32 0, i32 0, void @empty_20, i32 0, i32 0, void @empty_20, void @empty_20, void @empty_20, i32 0, i32 0, i32 0, i32 0, void @empty_20, void @empty_20, i32 4294967295, i32 0, i32 0, i32 0"   --->   Operation 66 'specinterface' 'specinterface_ln0' <Predicate = true> <Delay = 0.00>
ST_13 : Operation 67 [1/1] (0.00ns)   --->   "%specinterface_ln0 = specinterface void @_ssdm_op_SpecInterface, i32 %row_fifo, void @empty_6, i32 0, i32 0, void @empty_20, i32 0, i32 0, void @empty_20, void @empty_20, void @empty_20, i32 0, i32 0, i32 0, i32 0, void @empty_20, void @empty_20, i32 4294967295, i32 0, i32 0, i32 0"   --->   Operation 67 'specinterface' 'specinterface_ln0' <Predicate = true> <Delay = 0.00>
ST_13 : Operation 68 [1/1] (0.00ns)   --->   "%specinterface_ln0 = specinterface void @_ssdm_op_SpecInterface, i32 %gmem3, void @empty_29, i32 0, i32 0, void @empty_20, i32 0, i32 0, void @empty_3, void @empty_9, void @empty_20, i32 16, i32 16, i32 16, i32 16, void @empty_20, void @empty_20, i32 4294967295, i32 0, i32 0, i32 4"   --->   Operation 68 'specinterface' 'specinterface_ln0' <Predicate = true> <Delay = 0.00>
ST_13 : Operation 69 [1/1] (0.00ns)   --->   "%specinterface_ln0 = specinterface void @_ssdm_op_SpecInterface, i32 %gmem4, void @empty_29, i32 0, i32 0, void @empty_20, i32 0, i32 0, void @empty_4, void @empty_9, void @empty_20, i32 16, i32 16, i32 16, i32 16, void @empty_20, void @empty_20, i32 4294967295, i32 0, i32 0, i32 4"   --->   Operation 69 'specinterface' 'specinterface_ln0' <Predicate = true> <Delay = 0.00>
ST_13 : Operation 70 [1/1] (0.00ns)   --->   "%specinterface_ln0 = specinterface void @_ssdm_op_SpecInterface, i8 %gmem5, void @empty_29, i32 0, i32 0, void @empty_20, i32 0, i32 0, void @empty_5, void @empty_9, void @empty_20, i32 16, i32 16, i32 16, i32 16, void @empty_20, void @empty_20, i32 4294967295, i32 0, i32 0, i32 1"   --->   Operation 70 'specinterface' 'specinterface_ln0' <Predicate = true> <Delay = 0.00>
ST_13 : Operation 71 [1/2] (0.00ns)   --->   "%call_ln193 = call void @spmm_load_csr_Pipeline_LOAD_NNZ, i32 %nnz_total_read, i32 %gmem4, i62 %trunc_ln1, i8 %gmem5, i64 %values_read, i32 %col_fifo, i8 %val_fifo" [src/integrated-gcn/integrated_gcn_approx.cpp:193]   --->   Operation 71 'call' 'call_ln193' <Predicate = true> <Delay = 0.00> <CoreType = "Generic">   --->   Generic Core
ST_13 : Operation 72 [1/1] (0.00ns)   --->   "%ret_ln213 = ret" [src/integrated-gcn/integrated_gcn_approx.cpp:213]   --->   Operation 72 'ret' 'ret_ln213' <Predicate = true> <Delay = 0.00>


============================================================
+ Verbose Summary: Binding
============================================================
STG Binding: 
---------------- STG Properties BEGIN ----------------
- Is combinational: 0
- Is one-state seq: 0
- Is datapath-only: 0
- Is pipelined: 0
- Is top level: 0
Port [ Return ] is wired: 1; IO mode=ap_ctrl_hs:ce=0
Port [ gmem3]:  wired=1; compound=1; hidden=0; nouse=0; global=0; static=0; extern=0; dir=0; type=4; pingpong=0; private_global=0; IO mode=m_axi:ce=0
Port [ row_length]:  wired=1; compound=0; hidden=0; nouse=0; global=0; static=0; extern=0; dir=0; type=0; pingpong=0; private_global=0; IO mode=ap_stable:ce=0
Port [ gmem4]:  wired=1; compound=1; hidden=0; nouse=0; global=0; static=0; extern=0; dir=0; type=4; pingpong=0; private_global=0; IO mode=m_axi:ce=0
Port [ colind]:  wired=1; compound=0; hidden=0; nouse=0; global=0; static=0; extern=0; dir=0; type=0; pingpong=0; private_global=0; IO mode=ap_stable:ce=0
Port [ gmem5]:  wired=1; compound=1; hidden=0; nouse=0; global=0; static=0; extern=0; dir=0; type=4; pingpong=0; private_global=0; IO mode=m_axi:ce=0
Port [ values]:  wired=1; compound=0; hidden=0; nouse=0; global=0; static=0; extern=0; dir=0; type=0; pingpong=0; private_global=0; IO mode=ap_stable:ce=0
Port [ nnz_total]:  wired=1; compound=0; hidden=0; nouse=0; global=0; static=0; extern=0; dir=0; type=0; pingpong=0; private_global=0; IO mode=ap_stable:ce=0
Port [ row_fifo]:  wired=1; compound=1; hidden=0; nouse=0; global=0; static=0; extern=0; dir=1; type=3; pingpong=0; private_global=0; IO mode=ap_fifo:ce=0
Port [ col_fifo]:  wired=1; compound=1; hidden=0; nouse=0; global=0; static=0; extern=0; dir=1; type=3; pingpong=0; private_global=0; IO mode=ap_fifo:ce=0
Port [ val_fifo]:  wired=1; compound=1; hidden=0; nouse=0; global=0; static=0; extern=0; dir=1; type=3; pingpong=0; private_global=0; IO mode=ap_fifo:ce=0
---------------- STG Properties END ------------------

---------------- Datapath Model BEGIN ----------------

<LifeTime>
<method=bitvector/>
nnz_total_read        (read             ) [ 00111111111111]
icmp_ln208            (icmp             ) [ 00000000000000]
trunc_ln208           (trunc            ) [ 00000000000000]
empty_50              (select           ) [ 00100000000000]
values_read           (read             ) [ 00011111111111]
colind_read           (read             ) [ 00000000000000]
row_length_read       (read             ) [ 00000000000000]
trunc_ln              (partselect       ) [ 00011111111100]
sext_ln202            (sext             ) [ 00000000000000]
gmem3_addr            (getelementptr    ) [ 00011111110000]
trunc_ln1             (partselect       ) [ 00011111111111]
sext_ln208            (sext             ) [ 00000000000000]
gmem4_addr            (getelementptr    ) [ 00011111110000]
zext_ln208            (zext             ) [ 00011111110000]
gmem5_addr            (getelementptr    ) [ 00011111110000]
empty                 (readreq          ) [ 00000000000000]
empty_51              (readreq          ) [ 00000000000000]
empty_52              (readreq          ) [ 00000000000000]
call_ln202            (call             ) [ 00000000000000]
fence_ln208           (fence            ) [ 00000000000000]
fence_ln208           (fence            ) [ 00000000000000]
specstablecontent_ln0 (specstablecontent) [ 00000000000000]
specstablecontent_ln0 (specstablecontent) [ 00000000000000]
specstablecontent_ln0 (specstablecontent) [ 00000000000000]
specstablecontent_ln0 (specstablecontent) [ 00000000000000]
specstablecontent_ln0 (specstablecontent) [ 00000000000000]
specstablecontent_ln0 (specstablecontent) [ 00000000000000]
specstablecontent_ln0 (specstablecontent) [ 00000000000000]
specinterface_ln0     (specinterface    ) [ 00000000000000]
specinterface_ln0     (specinterface    ) [ 00000000000000]
specinterface_ln0     (specinterface    ) [ 00000000000000]
specinterface_ln0     (specinterface    ) [ 00000000000000]
specinterface_ln0     (specinterface    ) [ 00000000000000]
specinterface_ln0     (specinterface    ) [ 00000000000000]
call_ln193            (call             ) [ 00000000000000]
ret_ln213             (ret              ) [ 00000000000000]
</LifeTime>

<model>

<comp_list>
<comp id="0" class="1000" name="gmem3">
<pin_list>
<pin id="1" dir="1" index="0" bw="1" slack="0"/>
</pin_list>
<bind>
<StgValue><ssdm name="gmem3"/><MemPortTyVec>0 </MemPortTyVec>
</StgValue>
</bind>
</comp>

<comp id="2" class="1000" name="row_length">
<pin_list>
<pin id="3" dir="1" index="0" bw="1" slack="0"/>
</pin_list>
<bind>
<StgValue><ssdm name="row_length"/></StgValue>
</bind>
</comp>

<comp id="4" class="1000" name="gmem4">
<pin_list>
<pin id="5" dir="1" index="0" bw="1" slack="0"/>
</pin_list>
<bind>
<StgValue><ssdm name="gmem4"/><MemPortTyVec>0 </MemPortTyVec>
</StgValue>
</bind>
</comp>

<comp id="6" class="1000" name="colind">
<pin_list>
<pin id="7" dir="1" index="0" bw="1" slack="0"/>
</pin_list>
<bind>
<StgValue><ssdm name="colind"/></StgValue>
</bind>
</comp>

<comp id="8" class="1000" name="gmem5">
<pin_list>
<pin id="9" dir="1" index="0" bw="1" slack="0"/>
</pin_list>
<bind>
<StgValue><ssdm name="gmem5"/><MemPortTyVec>0 </MemPortTyVec>
</StgValue>
</bind>
</comp>

<comp id="10" class="1000" name="values">
<pin_list>
<pin id="11" dir="1" index="0" bw="1" slack="0"/>
</pin_list>
<bind>
<StgValue><ssdm name="values"/></StgValue>
</bind>
</comp>

<comp id="12" class="1000" name="nnz_total">
<pin_list>
<pin id="13" dir="1" index="0" bw="1" slack="0"/>
</pin_list>
<bind>
<StgValue><ssdm name="nnz_total"/></StgValue>
</bind>
</comp>

<comp id="14" class="1000" name="row_fifo">
<pin_list>
<pin id="15" dir="1" index="0" bw="1" slack="0"/>
</pin_list>
<bind>
<StgValue><ssdm name="row_fifo"/></StgValue>
</bind>
</comp>

<comp id="16" class="1000" name="col_fifo">
<pin_list>
<pin id="17" dir="1" index="0" bw="1" slack="0"/>
</pin_list>
<bind>
<StgValue><ssdm name="col_fifo"/></StgValue>
</bind>
</comp>

<comp id="18" class="1000" name="val_fifo">
<pin_list>
<pin id="19" dir="1" index="0" bw="1" slack="0"/>
</pin_list>
<bind>
<StgValue><ssdm name="val_fifo"/></StgValue>
</bind>
</comp>

<comp id="20" class="1001" name="const_20">
<pin_list>
<pin id="21" dir="1" index="0" bw="1" slack="0"/>
</pin_list>
<bind>
<StgValue><ssdm name="_ssdm_op_Read.ap_auto.i32"/></StgValue>
</bind>
</comp>

<comp id="22" class="1001" name="const_22">
<pin_list>
<pin id="23" dir="1" index="0" bw="1" slack="0"/>
</pin_list>
<bind>
<StgValue><ssdm name=""/></StgValue>
</bind>
</comp>

<comp id="24" class="1001" name="const_24">
<pin_list>
<pin id="25" dir="1" index="0" bw="1" slack="0"/>
</pin_list>
<bind>
<StgValue><ssdm name=""/></StgValue>
</bind>
</comp>

<comp id="26" class="1001" name="const_26">
<pin_list>
<pin id="27" dir="1" index="0" bw="1" slack="0"/>
</pin_list>
<bind>
<StgValue><ssdm name="_ssdm_op_Read.ap_auto.i64"/></StgValue>
</bind>
</comp>

<comp id="28" class="1001" name="const_28">
<pin_list>
<pin id="29" dir="1" index="0" bw="1" slack="0"/>
</pin_list>
<bind>
<StgValue><ssdm name="_ssdm_op_PartSelect.i62.i64.i32.i32"/></StgValue>
</bind>
</comp>

<comp id="30" class="1001" name="const_30">
<pin_list>
<pin id="31" dir="1" index="0" bw="1" slack="0"/>
</pin_list>
<bind>
<StgValue><ssdm name=""/></StgValue>
</bind>
</comp>

<comp id="32" class="1001" name="const_32">
<pin_list>
<pin id="33" dir="1" index="0" bw="1" slack="0"/>
</pin_list>
<bind>
<StgValue><ssdm name=""/></StgValue>
</bind>
</comp>

<comp id="34" class="1001" name="const_34">
<pin_list>
<pin id="35" dir="1" index="0" bw="1" slack="0"/>
</pin_list>
<bind>
<StgValue><ssdm name="_ssdm_op_ReadReq.m_axi.p1i32"/></StgValue>
</bind>
</comp>

<comp id="36" class="1001" name="const_36">
<pin_list>
<pin id="37" dir="1" index="0" bw="1" slack="0"/>
</pin_list>
<bind>
<StgValue><ssdm name=""/></StgValue>
</bind>
</comp>

<comp id="38" class="1001" name="const_38">
<pin_list>
<pin id="39" dir="1" index="0" bw="1" slack="0"/>
</pin_list>
<bind>
<StgValue><ssdm name="_ssdm_op_ReadReq.m_axi.p1i8"/></StgValue>
</bind>
</comp>

<comp id="40" class="1001" name="const_40">
<pin_list>
<pin id="41" dir="1" index="0" bw="1" slack="0"/>
</pin_list>
<bind>
<StgValue><ssdm name="spmm_load_csr_Pipeline_LOAD_ROWS"/></StgValue>
</bind>
</comp>

<comp id="42" class="1001" name="const_42">
<pin_list>
<pin id="43" dir="1" index="0" bw="1" slack="0"/>
</pin_list>
<bind>
<StgValue><ssdm name="_ssdm_op_Fence"/></StgValue>
</bind>
</comp>

<comp id="44" class="1001" name="const_44">
<pin_list>
<pin id="45" dir="1" index="0" bw="1" slack="0"/>
</pin_list>
<bind>
<StgValue><ssdm name=""/></StgValue>
</bind>
</comp>

<comp id="46" class="1001" name="const_46">
<pin_list>
<pin id="47" dir="1" index="0" bw="1" slack="0"/>
</pin_list>
<bind>
<StgValue><ssdm name="spmm_load_csr_Pipeline_LOAD_NNZ"/></StgValue>
</bind>
</comp>

<comp id="48" class="1001" name="const_48">
<pin_list>
<pin id="49" dir="1" index="0" bw="1" slack="2147483647"/>
</pin_list>
<bind>
<StgValue><ssdm name="_ssdm_op_SpecStableContent"/></StgValue>
</bind>
</comp>

<comp id="50" class="1001" name="const_50">
<pin_list>
<pin id="51" dir="1" index="0" bw="1" slack="2147483647"/>
</pin_list>
<bind>
<StgValue><ssdm name=""/></StgValue>
</bind>
</comp>

<comp id="52" class="1001" name="const_52">
<pin_list>
<pin id="53" dir="1" index="0" bw="1" slack="2147483647"/>
</pin_list>
<bind>
<StgValue><ssdm name="p_str"/></StgValue>
</bind>
</comp>

<comp id="54" class="1001" name="const_54">
<pin_list>
<pin id="55" dir="1" index="0" bw="1" slack="2147483647"/>
</pin_list>
<bind>
<StgValue><ssdm name="_ssdm_op_SpecInterface"/></StgValue>
</bind>
</comp>

<comp id="56" class="1001" name="const_56">
<pin_list>
<pin id="57" dir="1" index="0" bw="1" slack="2147483647"/>
</pin_list>
<bind>
<StgValue><ssdm name="empty_6"/></StgValue>
</bind>
</comp>

<comp id="58" class="1001" name="const_58">
<pin_list>
<pin id="59" dir="1" index="0" bw="1" slack="2147483647"/>
</pin_list>
<bind>
<StgValue><ssdm name="empty_20"/></StgValue>
</bind>
</comp>

<comp id="60" class="1001" name="const_60">
<pin_list>
<pin id="61" dir="1" index="0" bw="1" slack="2147483647"/>
</pin_list>
<bind>
<StgValue><ssdm name="empty_29"/></StgValue>
</bind>
</comp>

<comp id="62" class="1001" name="const_62">
<pin_list>
<pin id="63" dir="1" index="0" bw="1" slack="2147483647"/>
</pin_list>
<bind>
<StgValue><ssdm name="empty_3"/></StgValue>
</bind>
</comp>

<comp id="64" class="1001" name="const_64">
<pin_list>
<pin id="65" dir="1" index="0" bw="1" slack="2147483647"/>
</pin_list>
<bind>
<StgValue><ssdm name="empty_9"/></StgValue>
</bind>
</comp>

<comp id="66" class="1001" name="const_66">
<pin_list>
<pin id="67" dir="1" index="0" bw="1" slack="2147483647"/>
</pin_list>
<bind>
<StgValue><ssdm name=""/></StgValue>
</bind>
</comp>

<comp id="68" class="1001" name="const_68">
<pin_list>
<pin id="69" dir="1" index="0" bw="1" slack="2147483647"/>
</pin_list>
<bind>
<StgValue><ssdm name=""/></StgValue>
</bind>
</comp>

<comp id="70" class="1001" name="const_70">
<pin_list>
<pin id="71" dir="1" index="0" bw="1" slack="2147483647"/>
</pin_list>
<bind>
<StgValue><ssdm name="empty_4"/></StgValue>
</bind>
</comp>

<comp id="72" class="1001" name="const_72">
<pin_list>
<pin id="73" dir="1" index="0" bw="1" slack="2147483647"/>
</pin_list>
<bind>
<StgValue><ssdm name="empty_5"/></StgValue>
</bind>
</comp>

<comp id="74" class="1001" name="const_74">
<pin_list>
<pin id="75" dir="1" index="0" bw="1" slack="2147483647"/>
</pin_list>
<bind>
<StgValue><ssdm name=""/></StgValue>
</bind>
</comp>

<comp id="76" class="1004" name="nnz_total_read_read_fu_76">
<pin_list>
<pin id="77" dir="0" index="0" bw="32" slack="0"/>
<pin id="78" dir="0" index="1" bw="32" slack="0"/>
<pin id="79" dir="1" index="2" bw="32" slack="0"/>
</pin_list>
<bind>
<opcode="read(1150) " fcode="read"/>
<opset="nnz_total_read/1 "/>
</bind>
</comp>

<comp id="82" class="1004" name="values_read_read_fu_82">
<pin_list>
<pin id="83" dir="0" index="0" bw="64" slack="0"/>
<pin id="84" dir="0" index="1" bw="64" slack="0"/>
<pin id="85" dir="1" index="2" bw="64" slack="0"/>
</pin_list>
<bind>
<opcode="read(1150) " fcode="read"/>
<opset="values_read/2 "/>
</bind>
</comp>

<comp id="88" class="1004" name="colind_read_read_fu_88">
<pin_list>
<pin id="89" dir="0" index="0" bw="64" slack="0"/>
<pin id="90" dir="0" index="1" bw="64" slack="0"/>
<pin id="91" dir="1" index="2" bw="64" slack="0"/>
</pin_list>
<bind>
<opcode="read(1150) " fcode="read"/>
<opset="colind_read/2 "/>
</bind>
</comp>

<comp id="94" class="1004" name="row_length_read_read_fu_94">
<pin_list>
<pin id="95" dir="0" index="0" bw="64" slack="0"/>
<pin id="96" dir="0" index="1" bw="64" slack="0"/>
<pin id="97" dir="1" index="2" bw="64" slack="0"/>
</pin_list>
<bind>
<opcode="read(1150) " fcode="read"/>
<opset="row_length_read/2 "/>
</bind>
</comp>

<comp id="100" class="1004" name="grp_readreq_fu_100">
<pin_list>
<pin id="101" dir="0" index="0" bw="1" slack="0"/>
<pin id="102" dir="0" index="1" bw="32" slack="0"/>
<pin id="103" dir="0" index="2" bw="13" slack="0"/>
<pin id="104" dir="1" index="3" bw="1" slack="2147483647"/>
</pin_list>
<bind>
<opcode="readreq(1154) " fcode="readreq"/>
<opset="empty/2 "/>
</bind>
</comp>

<comp id="107" class="1004" name="grp_readreq_fu_107">
<pin_list>
<pin id="108" dir="0" index="0" bw="1" slack="0"/>
<pin id="109" dir="0" index="1" bw="32" slack="0"/>
<pin id="110" dir="0" index="2" bw="31" slack="0"/>
<pin id="111" dir="1" index="3" bw="1" slack="2147483647"/>
</pin_list>
<bind>
<opcode="readreq(1154) " fcode="readreq"/>
<opset="empty_51/2 "/>
</bind>
</comp>

<comp id="113" class="1004" name="grp_readreq_fu_113">
<pin_list>
<pin id="114" dir="0" index="0" bw="1" slack="0"/>
<pin id="115" dir="0" index="1" bw="8" slack="0"/>
<pin id="116" dir="0" index="2" bw="31" slack="0"/>
<pin id="117" dir="1" index="3" bw="1" slack="2147483647"/>
</pin_list>
<bind>
<opcode="readreq(1154) " fcode="readreq"/>
<opset="empty_52/2 "/>
</bind>
</comp>

<comp id="119" class="1004" name="grp_spmm_load_csr_Pipeline_LOAD_ROWS_fu_119">
<pin_list>
<pin id="120" dir="0" index="0" bw="0" slack="0"/>
<pin id="121" dir="0" index="1" bw="32" slack="0"/>
<pin id="122" dir="0" index="2" bw="62" slack="8"/>
<pin id="123" dir="0" index="3" bw="32" slack="0"/>
<pin id="124" dir="1" index="4" bw="0" slack="2147483647"/>
</pin_list>
<bind>
<opcode="call(48) " fcode="call"/>
<opset="call_ln202/10 "/>
</bind>
</comp>

<comp id="128" class="1004" name="grp_spmm_load_csr_Pipeline_LOAD_NNZ_fu_128">
<pin_list>
<pin id="129" dir="0" index="0" bw="0" slack="0"/>
<pin id="130" dir="0" index="1" bw="32" slack="11"/>
<pin id="131" dir="0" index="2" bw="32" slack="0"/>
<pin id="132" dir="0" index="3" bw="62" slack="10"/>
<pin id="133" dir="0" index="4" bw="8" slack="0"/>
<pin id="134" dir="0" index="5" bw="64" slack="10"/>
<pin id="135" dir="0" index="6" bw="32" slack="0"/>
<pin id="136" dir="0" index="7" bw="8" slack="0"/>
<pin id="137" dir="1" index="8" bw="0" slack="2147483647"/>
</pin_list>
<bind>
<opcode="call(48) " fcode="call"/>
<opset="call_ln193/12 "/>
</bind>
</comp>

<comp id="143" class="1004" name="icmp_ln208_fu_143">
<pin_list>
<pin id="144" dir="0" index="0" bw="32" slack="0"/>
<pin id="145" dir="0" index="1" bw="1" slack="0"/>
<pin id="146" dir="1" index="2" bw="1" slack="0"/>
</pin_list>
<bind>
<opcode="icmp(45) " fcode="icmp"/>
<opset="icmp_ln208/1 "/>
</bind>
</comp>

<comp id="149" class="1004" name="trunc_ln208_fu_149">
<pin_list>
<pin id="150" dir="0" index="0" bw="32" slack="0"/>
<pin id="151" dir="1" index="1" bw="31" slack="0"/>
</pin_list>
<bind>
<opcode="trunc(33) " fcode="trunc"/>
<opset="trunc_ln208/1 "/>
</bind>
</comp>

<comp id="153" class="1004" name="empty_50_fu_153">
<pin_list>
<pin id="154" dir="0" index="0" bw="1" slack="0"/>
<pin id="155" dir="0" index="1" bw="31" slack="0"/>
<pin id="156" dir="0" index="2" bw="1" slack="0"/>
<pin id="157" dir="1" index="3" bw="31" slack="1"/>
</pin_list>
<bind>
<opcode="select(49) " fcode="select"/>
<opset="empty_50/1 "/>
</bind>
</comp>

<comp id="161" class="1004" name="trunc_ln_fu_161">
<pin_list>
<pin id="162" dir="0" index="0" bw="62" slack="0"/>
<pin id="163" dir="0" index="1" bw="64" slack="0"/>
<pin id="164" dir="0" index="2" bw="3" slack="0"/>
<pin id="165" dir="0" index="3" bw="7" slack="0"/>
<pin id="166" dir="1" index="4" bw="62" slack="0"/>
</pin_list>
<bind>
<opcode="partselect(1002) " fcode="partselect"/>
<opset="trunc_ln/2 "/>
</bind>
</comp>

<comp id="171" class="1004" name="sext_ln202_fu_171">
<pin_list>
<pin id="172" dir="0" index="0" bw="62" slack="0"/>
<pin id="173" dir="1" index="1" bw="64" slack="0"/>
</pin_list>
<bind>
<opcode="sext(35) " fcode="sext"/>
<opset="sext_ln202/2 "/>
</bind>
</comp>

<comp id="175" class="1004" name="gmem3_addr_fu_175">
<pin_list>
<pin id="176" dir="0" index="0" bw="32" slack="0"/>
<pin id="177" dir="0" index="1" bw="62" slack="0"/>
<pin id="178" dir="1" index="2" bw="32" slack="0"/>
</pin_list>
<bind>
<opcode="getelementptr(29) " fcode="getelementptr"/>
<opset="gmem3_addr/2 "/>
</bind>
</comp>

<comp id="182" class="1004" name="trunc_ln1_fu_182">
<pin_list>
<pin id="183" dir="0" index="0" bw="62" slack="0"/>
<pin id="184" dir="0" index="1" bw="64" slack="0"/>
<pin id="185" dir="0" index="2" bw="3" slack="0"/>
<pin id="186" dir="0" index="3" bw="7" slack="0"/>
<pin id="187" dir="1" index="4" bw="62" slack="0"/>
</pin_list>
<bind>
<opcode="partselect(1002) " fcode="partselect"/>
<opset="trunc_ln1/2 "/>
</bind>
</comp>

<comp id="192" class="1004" name="sext_ln208_fu_192">
<pin_list>
<pin id="193" dir="0" index="0" bw="62" slack="0"/>
<pin id="194" dir="1" index="1" bw="64" slack="0"/>
</pin_list>
<bind>
<opcode="sext(35) " fcode="sext"/>
<opset="sext_ln208/2 "/>
</bind>
</comp>

<comp id="196" class="1004" name="gmem4_addr_fu_196">
<pin_list>
<pin id="197" dir="0" index="0" bw="32" slack="0"/>
<pin id="198" dir="0" index="1" bw="62" slack="0"/>
<pin id="199" dir="1" index="2" bw="32" slack="0"/>
</pin_list>
<bind>
<opcode="getelementptr(29) " fcode="getelementptr"/>
<opset="gmem4_addr/2 "/>
</bind>
</comp>

<comp id="203" class="1004" name="zext_ln208_fu_203">
<pin_list>
<pin id="204" dir="0" index="0" bw="31" slack="1"/>
<pin id="205" dir="1" index="1" bw="64" slack="0"/>
</pin_list>
<bind>
<opcode="zext(34) " fcode="zext"/>
<opset="zext_ln208/2 "/>
</bind>
</comp>

<comp id="208" class="1004" name="gmem5_addr_fu_208">
<pin_list>
<pin id="209" dir="0" index="0" bw="8" slack="0"/>
<pin id="210" dir="0" index="1" bw="64" slack="0"/>
<pin id="211" dir="1" index="2" bw="8" slack="0"/>
</pin_list>
<bind>
<opcode="getelementptr(29) " fcode="getelementptr"/>
<opset="gmem5_addr/2 "/>
</bind>
</comp>

<comp id="215" class="1004" name="fence_ln208_fu_215">
<pin_list>
<pin id="216" dir="0" index="0" bw="0" slack="0"/>
<pin id="217" dir="0" index="1" bw="32" slack="0"/>
<pin id="218" dir="0" index="2" bw="1" slack="0"/>
<pin id="219" dir="0" index="3" bw="32" slack="0"/>
<pin id="220" dir="0" index="4" bw="8" slack="0"/>
<pin id="221" dir="0" index="5" bw="1" slack="0"/>
<pin id="222" dir="1" index="6" bw="0" slack="2147483647"/>
</pin_list>
<bind>
<opcode="fence(30) " fcode="fence"/>
<opset="fence_ln208/12 "/>
</bind>
</comp>

<comp id="229" class="1004" name="fence_ln208_fu_229">
<pin_list>
<pin id="230" dir="0" index="0" bw="0" slack="0"/>
<pin id="231" dir="0" index="1" bw="32" slack="0"/>
<pin id="232" dir="0" index="2" bw="1" slack="0"/>
<pin id="233" dir="0" index="3" bw="32" slack="0"/>
<pin id="234" dir="0" index="4" bw="8" slack="0"/>
<pin id="235" dir="0" index="5" bw="1" slack="0"/>
<pin id="236" dir="1" index="6" bw="0" slack="2147483647"/>
</pin_list>
<bind>
<opcode="fence(30) " fcode="fence"/>
<opset="fence_ln208/12 "/>
</bind>
</comp>

<comp id="243" class="1005" name="nnz_total_read_reg_243">
<pin_list>
<pin id="244" dir="0" index="0" bw="32" slack="11"/>
<pin id="245" dir="1" index="1" bw="32" slack="11"/>
</pin_list>
<bind>
<opset="nnz_total_read "/>
</bind>
</comp>

<comp id="248" class="1005" name="empty_50_reg_248">
<pin_list>
<pin id="249" dir="0" index="0" bw="31" slack="1"/>
<pin id="250" dir="1" index="1" bw="31" slack="1"/>
</pin_list>
<bind>
<opset="empty_50 "/>
</bind>
</comp>

<comp id="253" class="1005" name="values_read_reg_253">
<pin_list>
<pin id="254" dir="0" index="0" bw="64" slack="10"/>
<pin id="255" dir="1" index="1" bw="64" slack="10"/>
</pin_list>
<bind>
<opset="values_read "/>
</bind>
</comp>

<comp id="258" class="1005" name="trunc_ln_reg_258">
<pin_list>
<pin id="259" dir="0" index="0" bw="62" slack="8"/>
<pin id="260" dir="1" index="1" bw="62" slack="8"/>
</pin_list>
<bind>
<opset="trunc_ln "/>
</bind>
</comp>

<comp id="263" class="1005" name="gmem3_addr_reg_263">
<pin_list>
<pin id="264" dir="0" index="0" bw="32" slack="1"/>
<pin id="265" dir="1" index="1" bw="32" slack="1"/>
</pin_list>
<bind>
<opset="gmem3_addr "/>
</bind>
</comp>

<comp id="268" class="1005" name="trunc_ln1_reg_268">
<pin_list>
<pin id="269" dir="0" index="0" bw="62" slack="10"/>
<pin id="270" dir="1" index="1" bw="62" slack="10"/>
</pin_list>
<bind>
<opset="trunc_ln1 "/>
</bind>
</comp>

<comp id="273" class="1005" name="gmem4_addr_reg_273">
<pin_list>
<pin id="274" dir="0" index="0" bw="32" slack="1"/>
<pin id="275" dir="1" index="1" bw="32" slack="1"/>
</pin_list>
<bind>
<opset="gmem4_addr "/>
</bind>
</comp>

<comp id="278" class="1005" name="zext_ln208_reg_278">
<pin_list>
<pin id="279" dir="0" index="0" bw="64" slack="1"/>
<pin id="280" dir="1" index="1" bw="64" slack="1"/>
</pin_list>
<bind>
<opset="zext_ln208 "/>
</bind>
</comp>

<comp id="284" class="1005" name="gmem5_addr_reg_284">
<pin_list>
<pin id="285" dir="0" index="0" bw="8" slack="1"/>
<pin id="286" dir="1" index="1" bw="8" slack="1"/>
</pin_list>
<bind>
<opset="gmem5_addr "/>
</bind>
</comp>

</comp_list>

<net_list>
<net id="80"><net_src comp="20" pin="0"/><net_sink comp="76" pin=0"/></net>

<net id="81"><net_src comp="12" pin="0"/><net_sink comp="76" pin=1"/></net>

<net id="86"><net_src comp="26" pin="0"/><net_sink comp="82" pin=0"/></net>

<net id="87"><net_src comp="10" pin="0"/><net_sink comp="82" pin=1"/></net>

<net id="92"><net_src comp="26" pin="0"/><net_sink comp="88" pin=0"/></net>

<net id="93"><net_src comp="6" pin="0"/><net_sink comp="88" pin=1"/></net>

<net id="98"><net_src comp="26" pin="0"/><net_sink comp="94" pin=0"/></net>

<net id="99"><net_src comp="2" pin="0"/><net_sink comp="94" pin=1"/></net>

<net id="105"><net_src comp="34" pin="0"/><net_sink comp="100" pin=0"/></net>

<net id="106"><net_src comp="36" pin="0"/><net_sink comp="100" pin=2"/></net>

<net id="112"><net_src comp="34" pin="0"/><net_sink comp="107" pin=0"/></net>

<net id="118"><net_src comp="38" pin="0"/><net_sink comp="113" pin=0"/></net>

<net id="125"><net_src comp="40" pin="0"/><net_sink comp="119" pin=0"/></net>

<net id="126"><net_src comp="0" pin="0"/><net_sink comp="119" pin=1"/></net>

<net id="127"><net_src comp="14" pin="0"/><net_sink comp="119" pin=3"/></net>

<net id="138"><net_src comp="46" pin="0"/><net_sink comp="128" pin=0"/></net>

<net id="139"><net_src comp="4" pin="0"/><net_sink comp="128" pin=2"/></net>

<net id="140"><net_src comp="8" pin="0"/><net_sink comp="128" pin=4"/></net>

<net id="141"><net_src comp="16" pin="0"/><net_sink comp="128" pin=6"/></net>

<net id="142"><net_src comp="18" pin="0"/><net_sink comp="128" pin=7"/></net>

<net id="147"><net_src comp="76" pin="2"/><net_sink comp="143" pin=0"/></net>

<net id="148"><net_src comp="22" pin="0"/><net_sink comp="143" pin=1"/></net>

<net id="152"><net_src comp="76" pin="2"/><net_sink comp="149" pin=0"/></net>

<net id="158"><net_src comp="143" pin="2"/><net_sink comp="153" pin=0"/></net>

<net id="159"><net_src comp="149" pin="1"/><net_sink comp="153" pin=1"/></net>

<net id="160"><net_src comp="24" pin="0"/><net_sink comp="153" pin=2"/></net>

<net id="167"><net_src comp="28" pin="0"/><net_sink comp="161" pin=0"/></net>

<net id="168"><net_src comp="94" pin="2"/><net_sink comp="161" pin=1"/></net>

<net id="169"><net_src comp="30" pin="0"/><net_sink comp="161" pin=2"/></net>

<net id="170"><net_src comp="32" pin="0"/><net_sink comp="161" pin=3"/></net>

<net id="174"><net_src comp="161" pin="4"/><net_sink comp="171" pin=0"/></net>

<net id="179"><net_src comp="0" pin="0"/><net_sink comp="175" pin=0"/></net>

<net id="180"><net_src comp="171" pin="1"/><net_sink comp="175" pin=1"/></net>

<net id="181"><net_src comp="175" pin="2"/><net_sink comp="100" pin=1"/></net>

<net id="188"><net_src comp="28" pin="0"/><net_sink comp="182" pin=0"/></net>

<net id="189"><net_src comp="88" pin="2"/><net_sink comp="182" pin=1"/></net>

<net id="190"><net_src comp="30" pin="0"/><net_sink comp="182" pin=2"/></net>

<net id="191"><net_src comp="32" pin="0"/><net_sink comp="182" pin=3"/></net>

<net id="195"><net_src comp="182" pin="4"/><net_sink comp="192" pin=0"/></net>

<net id="200"><net_src comp="4" pin="0"/><net_sink comp="196" pin=0"/></net>

<net id="201"><net_src comp="192" pin="1"/><net_sink comp="196" pin=1"/></net>

<net id="202"><net_src comp="196" pin="2"/><net_sink comp="107" pin=1"/></net>

<net id="206"><net_src comp="203" pin="1"/><net_sink comp="107" pin=2"/></net>

<net id="207"><net_src comp="203" pin="1"/><net_sink comp="113" pin=2"/></net>

<net id="212"><net_src comp="8" pin="0"/><net_sink comp="208" pin=0"/></net>

<net id="213"><net_src comp="82" pin="2"/><net_sink comp="208" pin=1"/></net>

<net id="214"><net_src comp="208" pin="2"/><net_sink comp="113" pin=1"/></net>

<net id="223"><net_src comp="42" pin="0"/><net_sink comp="215" pin=0"/></net>

<net id="224"><net_src comp="14" pin="0"/><net_sink comp="215" pin=1"/></net>

<net id="225"><net_src comp="44" pin="0"/><net_sink comp="215" pin=2"/></net>

<net id="226"><net_src comp="16" pin="0"/><net_sink comp="215" pin=3"/></net>

<net id="227"><net_src comp="18" pin="0"/><net_sink comp="215" pin=4"/></net>

<net id="228"><net_src comp="22" pin="0"/><net_sink comp="215" pin=5"/></net>

<net id="237"><net_src comp="42" pin="0"/><net_sink comp="229" pin=0"/></net>

<net id="238"><net_src comp="14" pin="0"/><net_sink comp="229" pin=1"/></net>

<net id="239"><net_src comp="44" pin="0"/><net_sink comp="229" pin=2"/></net>

<net id="240"><net_src comp="16" pin="0"/><net_sink comp="229" pin=3"/></net>

<net id="241"><net_src comp="18" pin="0"/><net_sink comp="229" pin=4"/></net>

<net id="242"><net_src comp="22" pin="0"/><net_sink comp="229" pin=5"/></net>

<net id="246"><net_src comp="76" pin="2"/><net_sink comp="243" pin=0"/></net>

<net id="247"><net_src comp="243" pin="1"/><net_sink comp="128" pin=1"/></net>

<net id="251"><net_src comp="153" pin="3"/><net_sink comp="248" pin=0"/></net>

<net id="252"><net_src comp="248" pin="1"/><net_sink comp="203" pin=0"/></net>

<net id="256"><net_src comp="82" pin="2"/><net_sink comp="253" pin=0"/></net>

<net id="257"><net_src comp="253" pin="1"/><net_sink comp="128" pin=5"/></net>

<net id="261"><net_src comp="161" pin="4"/><net_sink comp="258" pin=0"/></net>

<net id="262"><net_src comp="258" pin="1"/><net_sink comp="119" pin=2"/></net>

<net id="266"><net_src comp="175" pin="2"/><net_sink comp="263" pin=0"/></net>

<net id="267"><net_src comp="263" pin="1"/><net_sink comp="100" pin=1"/></net>

<net id="271"><net_src comp="182" pin="4"/><net_sink comp="268" pin=0"/></net>

<net id="272"><net_src comp="268" pin="1"/><net_sink comp="128" pin=3"/></net>

<net id="276"><net_src comp="196" pin="2"/><net_sink comp="273" pin=0"/></net>

<net id="277"><net_src comp="273" pin="1"/><net_sink comp="107" pin=1"/></net>

<net id="281"><net_src comp="203" pin="1"/><net_sink comp="278" pin=0"/></net>

<net id="282"><net_src comp="278" pin="1"/><net_sink comp="107" pin=2"/></net>

<net id="283"><net_src comp="278" pin="1"/><net_sink comp="113" pin=2"/></net>

<net id="287"><net_src comp="208" pin="2"/><net_sink comp="284" pin=0"/></net>

<net id="288"><net_src comp="284" pin="1"/><net_sink comp="113" pin=1"/></net>

</net_list>

</model> 
---------------- Datapath Model END ------------------

* FSMD analyzer results:
  - Output states:
	Port: row_fifo | {10 11 }
	Port: col_fifo | {12 13 }
	Port: val_fifo | {12 13 }
 - Input state : 
	Port: spmm_load_csr : gmem3 | {2 3 4 5 6 7 8 9 10 11 }
	Port: spmm_load_csr : row_length | {2 }
	Port: spmm_load_csr : gmem4 | {2 3 4 5 6 7 8 9 12 13 }
	Port: spmm_load_csr : colind | {2 }
	Port: spmm_load_csr : gmem5 | {2 3 4 5 6 7 8 9 12 13 }
	Port: spmm_load_csr : values | {2 }
	Port: spmm_load_csr : nnz_total | {1 }
  - Chain level:
	State 1
		empty_50 : 1
	State 2
		sext_ln202 : 1
		gmem3_addr : 2
		empty : 3
		sext_ln208 : 1
		gmem4_addr : 2
		empty_51 : 3
		empty_52 : 1
	State 3
	State 4
	State 5
	State 6
	State 7
	State 8
	State 9
	State 10
	State 11
	State 12
	State 13


============================================================
+ Verbose Summary: Datapath Resource usage 
============================================================

* Functional unit list:
|----------|---------------------------------------------|---------|---------|
| Operation|               Functional Unit               |    FF   |   LUT   |
|----------|---------------------------------------------|---------|---------|
|   call   | grp_spmm_load_csr_Pipeline_LOAD_ROWS_fu_119 |   109   |    38   |
|          |  grp_spmm_load_csr_Pipeline_LOAD_NNZ_fu_128 |   144   |    77   |
|----------|---------------------------------------------|---------|---------|
|   icmp   |              icmp_ln208_fu_143              |    0    |    39   |
|----------|---------------------------------------------|---------|---------|
|  select  |               empty_50_fu_153               |    0    |    31   |
|----------|---------------------------------------------|---------|---------|
|          |          nnz_total_read_read_fu_76          |    0    |    0    |
|   read   |            values_read_read_fu_82           |    0    |    0    |
|          |            colind_read_read_fu_88           |    0    |    0    |
|          |          row_length_read_read_fu_94         |    0    |    0    |
|----------|---------------------------------------------|---------|---------|
|          |              grp_readreq_fu_100             |    0    |    0    |
|  readreq |              grp_readreq_fu_107             |    0    |    0    |
|          |              grp_readreq_fu_113             |    0    |    0    |
|----------|---------------------------------------------|---------|---------|
|   trunc  |              trunc_ln208_fu_149             |    0    |    0    |
|----------|---------------------------------------------|---------|---------|
|partselect|               trunc_ln_fu_161               |    0    |    0    |
|          |               trunc_ln1_fu_182              |    0    |    0    |
|----------|---------------------------------------------|---------|---------|
|   sext   |              sext_ln202_fu_171              |    0    |    0    |
|          |              sext_ln208_fu_192              |    0    |    0    |
|----------|---------------------------------------------|---------|---------|
|   zext   |              zext_ln208_fu_203              |    0    |    0    |
|----------|---------------------------------------------|---------|---------|
|   fence  |              fence_ln208_fu_215             |    0    |    0    |
|          |              fence_ln208_fu_229             |    0    |    0    |
|----------|---------------------------------------------|---------|---------|
|   Total  |                                             |   253   |   185   |
|----------|---------------------------------------------|---------|---------|

Memories:
N/A

* Register list:
+----------------------+--------+
|                      |   FF   |
+----------------------+--------+
|   empty_50_reg_248   |   31   |
|  gmem3_addr_reg_263  |   32   |
|  gmem4_addr_reg_273  |   32   |
|  gmem5_addr_reg_284  |    8   |
|nnz_total_read_reg_243|   32   |
|   trunc_ln1_reg_268  |   62   |
|   trunc_ln_reg_258   |   62   |
|  values_read_reg_253 |   64   |
|  zext_ln208_reg_278  |   64   |
+----------------------+--------+
|         Total        |   387  |
+----------------------+--------+

* Multiplexer (MUX) list: 
|--------------------|------|------|------|--------||---------||---------||---------|
|        Comp        |  Pin | Size |  BW  | S x BW ||  Delay  ||    FF   ||   LUT   |
|--------------------|------|------|------|--------||---------||---------||---------|
| grp_readreq_fu_100 |  p1  |   2  |  32  |   64   ||    0    ||    9    |
| grp_readreq_fu_107 |  p1  |   2  |  32  |   64   ||    0    ||    9    |
| grp_readreq_fu_107 |  p2  |   2  |  31  |   62   ||    0    ||    9    |
| grp_readreq_fu_113 |  p1  |   2  |   8  |   16   ||    0    ||    9    |
| grp_readreq_fu_113 |  p2  |   2  |  31  |   62   ||    0    ||    9    |
|--------------------|------|------|------|--------||---------||---------||---------|
|        Total       |      |      |      |   268  ||  2.135  ||    0    ||    45   |
|--------------------|------|------|------|--------||---------||---------||---------|



* Summary:
+-----------+--------+--------+--------+
|           |  Delay |   FF   |   LUT  |
+-----------+--------+--------+--------+
|  Function |    -   |   253  |   185  |
|   Memory  |    -   |    -   |    -   |
|Multiplexer|    2   |    0   |   45   |
|  Register |    -   |   387  |    -   |
+-----------+--------+--------+--------+
|   Total   |    2   |   640  |   230  |
+-----------+--------+--------+--------+
