

================================================================
== Vitis HLS Report for 'spmm_load_csr_Pipeline_LOAD_NNZ'
================================================================
* Date:           Thu Apr 16 10:08:42 2026

* Version:        2025.2 (Build 6295257 on Nov 14 2025)
* Project:        integrated_gcn_approx
* Solution:       hls (Vivado IP Flow Target)
* Product family: zynquplus
* Target device:  xck26-sfvc784-2LV-c


================================================================
== Performance Estimates
================================================================
+ Timing: 
    * Summary: 
    +--------+----------+----------+------------+
    |  Clock |  Target  | Estimated| Uncertainty|
    +--------+----------+----------+------------+
    |ap_clk  |  10.00 ns|  7.300 ns|     2.70 ns|
    +--------+----------+----------+------------+

+ Latency: 
    * Summary: 
    +---------+---------+----------+----------+-----+-----+-------------------+
    |  Latency (cycles) |  Latency (absolute) |  Interval |      Pipeline     |
    |   min   |   max   |    min   |    max   | min | max |        Type       |
    +---------+---------+----------+----------+-----+-----+-------------------+
    |        ?|        ?|         ?|         ?|    0|    0|  loop pipeline stp|
    +---------+---------+----------+----------+-----+-----+-------------------+

    + Detail: 
        * Instance: 
        N/A

        * Loop: 
        +------------+---------+---------+----------+-----------+-----------+------+----------+
        |            |  Latency (cycles) | Iteration|  Initiation Interval  | Trip |          |
        |  Loop Name |   min   |   max   |  Latency |  achieved |   target  | Count| Pipelined|
        +------------+---------+---------+----------+-----------+-----------+------+----------+
        |- LOAD_NNZ  |        ?|        ?|         3|          1|          1|     ?|       yes|
        +------------+---------+---------+----------+-----------+-----------+------+----------+

============================================================
+ Verbose Summary: Synthesis Manager
============================================================
InlineROM: 1
ExposeGlobal: 0
============================================================
+ Verbose Summary: CDFG Model
============================================================
IsTopModel: 0
ResetActiveHigh: 1
IsCombinational: 0
IsDatapathOnly: 0
HasWiredReturn: 1
HasMFsm: 2
HasVarLatency: 1
IsPipeline: 0
IsRtlPipelined: 0
IsInstanceOverlapped: 0
IsDontTouch: 0
HasImplIP: 0
IsGatedGlobalClock: 0

+ Individual pipeline summary: 
  * Pipeline-0: initiation interval (II) = 1, depth = 3


============================================================
+ Verbose Summary: Schedule
============================================================
* Number of FSM states : 3
* Pipeline : 1
  Pipeline-0 : II = 1, D = 3, States = { 1 2 3 }
* Dataflow Pipeline: 0

* FSM state transitions: 
1 --> 2 
2 --> 3 
3 --> 

* FSM state operations: 

State 1 <SV = 0> <Delay = 1.87>
ST_1 : Operation 6 [1/1] (0.00ns)   --->   "%i_1 = alloca i32 1"   --->   Operation 6 'alloca' 'i_1' <Predicate = true> <Delay = 0.00>
ST_1 : Operation 7 [1/1] (0.00ns)   --->   "%values_read = read i64 @_ssdm_op_Read.ap_auto.i64, i64 %values"   --->   Operation 7 'read' 'values_read' <Predicate = true> <Delay = 0.00>
ST_1 : Operation 8 [1/1] (0.00ns)   --->   "%sext_ln208_read = read i62 @_ssdm_op_Read.ap_auto.i62, i62 %sext_ln208"   --->   Operation 8 'read' 'sext_ln208_read' <Predicate = true> <Delay = 0.00>
ST_1 : Operation 9 [1/1] (0.00ns)   --->   "%nnz_total_read = read i32 @_ssdm_op_Read.ap_auto.i32, i32 %nnz_total"   --->   Operation 9 'read' 'nnz_total_read' <Predicate = true> <Delay = 0.00>
ST_1 : Operation 10 [1/1] (0.00ns)   --->   "%sext_ln208_cast = sext i62 %sext_ln208_read"   --->   Operation 10 'sext' 'sext_ln208_cast' <Predicate = true> <Delay = 0.00>
ST_1 : Operation 11 [1/1] (0.00ns)   --->   "%specstablecontent_ln0 = specstablecontent void @_ssdm_op_SpecStableContent, i32 %gmem4, i1 1, void @p_str"   --->   Operation 11 'specstablecontent' 'specstablecontent_ln0' <Predicate = true> <Delay = 0.00>
ST_1 : Operation 12 [1/1] (0.00ns)   --->   "%specstablecontent_ln0 = specstablecontent void @_ssdm_op_SpecStableContent, i8 %gmem5, i1 1, void @p_str"   --->   Operation 12 'specstablecontent' 'specstablecontent_ln0' <Predicate = true> <Delay = 0.00>
ST_1 : Operation 13 [1/1] (0.00ns)   --->   "%specstablecontent_ln0 = specstablecontent void @_ssdm_op_SpecStableContent, i64 %values, i1 1, void @p_str"   --->   Operation 13 'specstablecontent' 'specstablecontent_ln0' <Predicate = true> <Delay = 0.00>
ST_1 : Operation 14 [1/1] (0.00ns)   --->   "%specstablecontent_ln0 = specstablecontent void @_ssdm_op_SpecStableContent, i32 %nnz_total, i1 1, void @p_str"   --->   Operation 14 'specstablecontent' 'specstablecontent_ln0' <Predicate = true> <Delay = 0.00>
ST_1 : Operation 15 [1/1] (0.00ns)   --->   "%specinterface_ln0 = specinterface void @_ssdm_op_SpecInterface, i8 %gmem5, void @empty_29, i32 0, i32 0, void @empty_20, i32 0, i32 0, void @empty_5, void @empty_9, void @empty_20, i32 16, i32 16, i32 16, i32 16, void @empty_20, void @empty_20, i32 4294967295, i32 0, i32 0, i32 1"   --->   Operation 15 'specinterface' 'specinterface_ln0' <Predicate = true> <Delay = 0.00>
ST_1 : Operation 16 [1/1] (0.00ns)   --->   "%specinterface_ln0 = specinterface void @_ssdm_op_SpecInterface, i32 %gmem4, void @empty_29, i32 0, i32 0, void @empty_20, i32 0, i32 0, void @empty_4, void @empty_9, void @empty_20, i32 16, i32 16, i32 16, i32 16, void @empty_20, void @empty_20, i32 4294967295, i32 0, i32 0, i32 4"   --->   Operation 16 'specinterface' 'specinterface_ln0' <Predicate = true> <Delay = 0.00>
ST_1 : Operation 17 [1/1] (0.00ns)   --->   "%specinterface_ln0 = specinterface void @_ssdm_op_SpecInterface, i32 %col_fifo, void @empty_6, i32 0, i32 0, void @empty_20, i32 0, i32 0, void @empty_20, void @empty_20, void @empty_20, i32 0, i32 0, i32 0, i32 0, void @empty_20, void @empty_20, i32 4294967295, i32 0, i32 0, i32 0"   --->   Operation 17 'specinterface' 'specinterface_ln0' <Predicate = true> <Delay = 0.00>
ST_1 : Operation 18 [1/1] (0.00ns)   --->   "%specinterface_ln0 = specinterface void @_ssdm_op_SpecInterface, i8 %val_fifo, void @empty_6, i32 0, i32 0, void @empty_20, i32 0, i32 0, void @empty_20, void @empty_20, void @empty_20, i32 0, i32 0, i32 0, i32 0, void @empty_20, void @empty_20, i32 4294967295, i32 0, i32 0, i32 0"   --->   Operation 18 'specinterface' 'specinterface_ln0' <Predicate = true> <Delay = 0.00>
ST_1 : Operation 19 [1/1] (0.42ns)   --->   "%store_ln0 = store i31 0, i31 %i_1"   --->   Operation 19 'store' 'store_ln0' <Predicate = true> <Delay = 0.42>
ST_1 : Operation 20 [1/1] (0.00ns)   --->   "%br_ln0 = br void %for.inc10"   --->   Operation 20 'br' 'br_ln0' <Predicate = true> <Delay = 0.00>
ST_1 : Operation 21 [1/1] (0.00ns)   --->   "%i_1_load = load i31 %i_1" [src/integrated-gcn/integrated_gcn_approx.cpp:208]   --->   Operation 21 'load' 'i_1_load' <Predicate = true> <Delay = 0.00>
ST_1 : Operation 22 [1/1] (0.00ns)   --->   "%zext_ln208 = zext i31 %i_1_load" [src/integrated-gcn/integrated_gcn_approx.cpp:208]   --->   Operation 22 'zext' 'zext_ln208' <Predicate = true> <Delay = 0.00>
ST_1 : Operation 23 [1/1] (1.01ns)   --->   "%icmp_ln208 = icmp_slt  i32 %zext_ln208, i32 %nnz_total_read" [src/integrated-gcn/integrated_gcn_approx.cpp:208]   --->   Operation 23 'icmp' 'icmp_ln208' <Predicate = true> <Delay = 1.01> <CoreInst = "Cmp">   --->   Core 9 'Cmp' <Latency = 0> <II = 1> <Delay = 1.01> <FuncUnit> <Opcode : 'seteq' 'setne' 'setle' 'setge' 'setlt' 'setgt'> <InPorts = 2> <OutPorts = 1>
ST_1 : Operation 24 [1/1] (1.00ns)   --->   "%add_ln208 = add i31 %i_1_load, i31 1" [src/integrated-gcn/integrated_gcn_approx.cpp:208]   --->   Operation 24 'add' 'add_ln208' <Predicate = true> <Delay = 1.00> <CoreInst = "Adder">   --->   Core 1 'Adder' <Latency = 0> <II = 1> <Delay = 1.00> <FuncUnit> <Opcode : 'add' 'sub'> <InPorts = 2> <OutPorts = 1>
ST_1 : Operation 25 [1/1] (0.00ns)   --->   "%br_ln208 = br i1 %icmp_ln208, void %for.end12.loopexit.exitStub, void %for.inc10.split" [src/integrated-gcn/integrated_gcn_approx.cpp:208]   --->   Operation 25 'br' 'br_ln208' <Predicate = true> <Delay = 0.00>
ST_1 : Operation 26 [1/1] (0.00ns)   --->   "%gmem5_addr = getelementptr i8 %gmem5, i64 %values_read" [src/integrated-gcn/integrated_gcn_approx.cpp:208]   --->   Operation 26 'getelementptr' 'gmem5_addr' <Predicate = (icmp_ln208)> <Delay = 0.00>
ST_1 : Operation 27 [1/1] (0.42ns)   --->   "%store_ln208 = store i31 %add_ln208, i31 %i_1" [src/integrated-gcn/integrated_gcn_approx.cpp:208]   --->   Operation 27 'store' 'store_ln208' <Predicate = (icmp_ln208)> <Delay = 0.42>

State 2 <SV = 1> <Delay = 7.30>
ST_2 : Operation 28 [1/1] (0.00ns)   --->   "%gmem4_addr = getelementptr i32 %gmem4, i64 %sext_ln208_cast" [src/integrated-gcn/integrated_gcn_approx.cpp:208]   --->   Operation 28 'getelementptr' 'gmem4_addr' <Predicate = true> <Delay = 0.00>
ST_2 : Operation 29 [1/1] ( I:7.30ns O:7.30ns )   --->   "%gmem4_addr_read = read i32 @_ssdm_op_Read.m_axi.i32.p1i32, i32 %gmem4_addr" [src/integrated-gcn/integrated_gcn_approx.cpp:210]   --->   Operation 29 'read' 'gmem4_addr_read' <Predicate = true> <Delay = 7.30> <CoreInst = "m_axi">   --->   Core 119 'm_axi' <Latency = 3> <II = 1> <Delay = 1.00> <Adapter> <Opcode : 'readrequnaligned' 'writerequnaligned' 'read' 'write' 'readreq' 'writereq' 'writeresp'>
ST_2 : Operation 30 [1/1] ( I:7.30ns O:7.30ns )   --->   "%gmem5_addr_read = read i8 @_ssdm_op_Read.m_axi.i8.p1i8, i8 %gmem5_addr" [src/integrated-gcn/integrated_gcn_approx.cpp:211]   --->   Operation 30 'read' 'gmem5_addr_read' <Predicate = true> <Delay = 7.30> <CoreInst = "m_axi">   --->   Core 119 'm_axi' <Latency = 3> <II = 1> <Delay = 1.00> <Adapter> <Opcode : 'readrequnaligned' 'writerequnaligned' 'read' 'write' 'readreq' 'writereq' 'writeresp'>
ST_2 : Operation 36 [1/1] (0.42ns)   --->   "%ret_ln0 = ret"   --->   Operation 36 'ret' 'ret_ln0' <Predicate = (!icmp_ln208)> <Delay = 0.42>

State 3 <SV = 2> <Delay = 1.65>
ST_3 : Operation 31 [1/1] (0.00ns)   --->   "%specpipeline_ln209 = specpipeline void @_ssdm_op_SpecPipeline, i32 1, i32 0, i32 0, i32 0, i32 4294967295, void @empty_20" [src/integrated-gcn/integrated_gcn_approx.cpp:209]   --->   Operation 31 'specpipeline' 'specpipeline_ln209' <Predicate = true> <Delay = 0.00>
ST_3 : Operation 32 [1/1] (0.00ns)   --->   "%specloopname_ln208 = specloopname void @_ssdm_op_SpecLoopName, void @empty_17" [src/integrated-gcn/integrated_gcn_approx.cpp:208]   --->   Operation 32 'specloopname' 'specloopname_ln208' <Predicate = true> <Delay = 0.00>
ST_3 : Operation 33 [1/1] ( I:1.65ns O:1.65ns )   --->   "%write_ln210 = write void @_ssdm_op_Write.ap_fifo.volatile.i32P0A, i32 %col_fifo, i32 %gmem4_addr_read" [src/integrated-gcn/integrated_gcn_approx.cpp:210]   --->   Operation 33 'write' 'write_ln210' <Predicate = true> <Delay = 1.65> <CoreInst = "FIFO">   --->   Core 77 'FIFO' <Latency = 0> <II = 1> <Delay = 1.65> <Storage> <Opcode : 'read' 'write' 'nbread' 'nbwrite'> <Ports = 0> <Width = 32> <Depth = 256> <FIFO>
ST_3 : Operation 34 [1/1] ( I:1.65ns O:1.65ns )   --->   "%write_ln211 = write void @_ssdm_op_Write.ap_fifo.volatile.i8P0A, i8 %val_fifo, i8 %gmem5_addr_read" [src/integrated-gcn/integrated_gcn_approx.cpp:211]   --->   Operation 34 'write' 'write_ln211' <Predicate = true> <Delay = 1.65> <CoreInst = "FIFO">   --->   Core 77 'FIFO' <Latency = 0> <II = 1> <Delay = 1.65> <Storage> <Opcode : 'read' 'write' 'nbread' 'nbwrite'> <Ports = 0> <Width = 8> <Depth = 256> <FIFO>
ST_3 : Operation 35 [1/1] (0.00ns)   --->   "%br_ln208 = br void %for.inc10" [src/integrated-gcn/integrated_gcn_approx.cpp:208]   --->   Operation 35 'br' 'br_ln208' <Predicate = true> <Delay = 0.00>


============================================================
+ Verbose Summary: Timing violations
============================================================
Target clock period: 10.000ns, clock uncertainty: 2.700ns.

 <State 1>: 1.870ns
The critical path consists of the following:
	'store' operation ('store_ln0') of constant 0 31 bit on local variable 'i_1' [21]  (0.427 ns)
	'load' operation 31 bit ('i_1_load', src/integrated-gcn/integrated_gcn_approx.cpp:208) on local variable 'i_1' [24]  (0.000 ns)
	'icmp' operation 1 bit ('icmp_ln208', src/integrated-gcn/integrated_gcn_approx.cpp:208) [26]  (1.016 ns)
	'store' operation ('store_ln208', src/integrated-gcn/integrated_gcn_approx.cpp:208) of variable 'add_ln208', src/integrated-gcn/integrated_gcn_approx.cpp:208 31 bit on local variable 'i_1' [38]  (0.427 ns)

 <State 2>: 7.300ns
The critical path consists of the following:
	'getelementptr' operation 32 bit ('gmem4_addr', src/integrated-gcn/integrated_gcn_approx.cpp:208) [30]  (0.000 ns)
	bus read operation ('gmem4_addr_read', src/integrated-gcn/integrated_gcn_approx.cpp:210) on port 'gmem4' (src/integrated-gcn/integrated_gcn_approx.cpp:210) [34]  (7.300 ns)

 <State 3>: 1.655ns
The critical path consists of the following:
	fifo write operation ('write_ln210', src/integrated-gcn/integrated_gcn_approx.cpp:210) on port 'col_fifo' (src/integrated-gcn/integrated_gcn_approx.cpp:210) [35]  (1.655 ns)


============================================================
+ Verbose Summary: Binding
============================================================
N/A
* FSMD analyzer results:
  - Output states:
 - Input state : 
  - Chain level:
	State 1
	State 2
	State 3


============================================================
+ Verbose Summary: Datapath Resource usage 
============================================================
N/A
