================================================================
== Vivado Place & Route Results
================================================================
+ General Information:
    * Date:            Wed Apr 15 15:13:43 IST 2026
    * Version:         2025.2 (Build 6295257 on Nov 14 2025)
    * Project:         spmm_stage
    * Solution:        hls (Vivado IP Flow Target)
    * Product family:  zynquplus
    * Target device:   xck26-sfvc784-2LV-c


================================================================
== Run Constraints & Options
================================================================
+ Design Constraints & Options:
    * Place & Route target clock:  10 ns
    * C-Synthesis target clock:    10 ns
    * C-Synthesis uncertainty:     27%

+ RTL Synthesis Options:
    * config_export -vivado_synth_strategy:     default
    * config_export -vivado_synth_design_args:  -directive sdx_optimization_effort_high

+ Place & Route Options:
    * config_export -vivado_impl_strategy:  default
    * config_export -vivado_phys_opt:       auto

+ Reporting Options:
    * config_export -vivado_report_level:      2
    * config_export -vivado_max_timing_paths:  10


================================================================
== Place & Route Resource Summary
================================================================
LUT:              7866
FF:               9946
DSP:              64
BRAM:             19
URAM:             0
SRL:              885


================================================================
== Place & Route Timing Summary
================================================================
* Timing was met
+----------------+-------------+
| Timing         | Period (ns) |
+----------------+-------------+
| Target         | 10.000      |
| Post-Synthesis | 4.600       |
| Post-Route     | 6.390       |
+----------------+-------------+


================================================================
== Place & Route Resources
================================================================
+-----------------------------------------------------+-----+----+-----+------+------+-----+--------+------+---------+----------+--------+
| Name                                                | LUT | FF | DSP | BRAM | URAM | SRL | Pragma | Impl | Latency | Variable | Source |
+-----------------------------------------------------+-----+----+-----+------+------+-----+--------+------+---------+----------+--------+
| inst                                                |     |    |     |      |      | 885 |        |      |         |          |        |
|   H_out_c_U                                         |     |    |     |      |      |     |        |      |         |          |        |
|   col_fifo_U                                        |     |    |     |      |      |     |        |      |         |          |        |
|   control_s_axi_U                                   |     |    |     |      |      |     |        |      |         |          |        |
|   entry_proc_U0                                     |     |    |     |      |      |     |        |      |         |          |        |
|   gmem0_m_axi_U                                     |     |    |     |      |      | 37  |        |      |         |          |        |
|   gmem1_m_axi_U                                     |     |    |     |      |      | 48  |        |      |         |          |        |
|   gmem2_m_axi_U                                     |     |    |     |      |      | 50  |        |      |         |          |        |
|   gmem3_m_axi_U                                     |     |    |     |      |      | 34  |        |      |         |          |        |
|   gmem4_m_axi_U                                     |     |    |     |      |      | 647 |        |      |         |          |        |
|   result_fifo_U                                     |     |    |     |      |      |     |        |      |         |          |        |
|   row_fifo_U                                        |     |    |     |      |      |     |        |      |         |          |        |
|   spmm_compute_U0                                   |     |    |     |      |      |     |        |      |         |          |        |
|     (spmm_compute_U0)                               |     |    |     |      |      |     |        |      |         |          |        |
|     acc_10_U                                        |     |    |     |      |      |     |        |      |         |          |        |
|     acc_11_U                                        |     |    |     |      |      |     |        |      |         |          |        |
|     acc_12_U                                        |     |    |     |      |      |     |        |      |         |          |        |
|     acc_13_U                                        |     |    |     |      |      |     |        |      |         |          |        |
|     acc_14_U                                        |     |    |     |      |      |     |        |      |         |          |        |
|     acc_15_U                                        |     |    |     |      |      |     |        |      |         |          |        |
|     acc_16_U                                        |     |    |     |      |      |     |        |      |         |          |        |
|     acc_17_U                                        |     |    |     |      |      |     |        |      |         |          |        |
|     acc_18_U                                        |     |    |     |      |      |     |        |      |         |          |        |
|     acc_19_U                                        |     |    |     |      |      |     |        |      |         |          |        |
|     acc_1_U                                         |     |    |     |      |      |     |        |      |         |          |        |
|     acc_20_U                                        |     |    |     |      |      |     |        |      |         |          |        |
|     acc_21_U                                        |     |    |     |      |      |     |        |      |         |          |        |
|     acc_22_U                                        |     |    |     |      |      |     |        |      |         |          |        |
|     acc_23_U                                        |     |    |     |      |      |     |        |      |         |          |        |
|     acc_24_U                                        |     |    |     |      |      |     |        |      |         |          |        |
|     acc_25_U                                        |     |    |     |      |      |     |        |      |         |          |        |
|     acc_26_U                                        |     |    |     |      |      |     |        |      |         |          |        |
|     acc_27_U                                        |     |    |     |      |      |     |        |      |         |          |        |
|     acc_28_U                                        |     |    |     |      |      |     |        |      |         |          |        |
|     acc_29_U                                        |     |    |     |      |      |     |        |      |         |          |        |
|     acc_2_U                                         |     |    |     |      |      |     |        |      |         |          |        |
|     acc_30_U                                        |     |    |     |      |      |     |        |      |         |          |        |
|     acc_31_U                                        |     |    |     |      |      |     |        |      |         |          |        |
|     acc_3_U                                         |     |    |     |      |      |     |        |      |         |          |        |
|     acc_4_U                                         |     |    |     |      |      |     |        |      |         |          |        |
|     acc_5_U                                         |     |    |     |      |      |     |        |      |         |          |        |
|     acc_6_U                                         |     |    |     |      |      |     |        |      |         |          |        |
|     acc_7_U                                         |     |    |     |      |      |     |        |      |         |          |        |
|     acc_8_U                                         |     |    |     |      |      |     |        |      |         |          |        |
|     acc_9_U                                         |     |    |     |      |      |     |        |      |         |          |        |
|     acc_U                                           |     |    |     |      |      |     |        |      |         |          |        |
|     grp_spmm_compute_Pipeline_SPMM_INIT_fu_396      |     |    |     |      |      |     |        |      |         |          |        |
|       flow_control_loop_pipe_sequential_init_U      |     |    |     |      |      |     |        |      |         |          |        |
|     grp_spmm_compute_Pipeline_SPMM_LOAD_H_fu_470    |     |    |     |      |      |     |        |      |         |          |        |
|       flow_control_loop_pipe_sequential_init_U      |     |    |     |      |      |     |        |      |         |          |        |
|     grp_spmm_compute_Pipeline_SPMM_MAC_fu_509       |     |    |     |      |      |     |        |      |         |          |        |
|       (grp_spmm_compute_Pipeline_SPMM_MAC_fu_509)   |     |    |     |      |      |     |        |      |         |          |        |
|       flow_control_loop_pipe_sequential_init_U      |     |    |     |      |      |     |        |      |         |          |        |
|       mul_26s_26s_52_1_1_U100                       |     |    |     |      |      |     |        |      |         |          |        |
|       mul_26s_26s_52_1_1_U101                       |     |    |     |      |      |     |        |      |         |          |        |
|       mul_26s_26s_52_1_1_U102                       |     |    |     |      |      |     |        |      |         |          |        |
|       mul_26s_26s_52_1_1_U103                       |     |    |     |      |      |     |        |      |         |          |        |
|       mul_26s_26s_52_1_1_U104                       |     |    |     |      |      |     |        |      |         |          |        |
|       mul_26s_26s_52_1_1_U105                       |     |    |     |      |      |     |        |      |         |          |        |
|       mul_26s_26s_52_1_1_U106                       |     |    |     |      |      |     |        |      |         |          |        |
|       mul_26s_26s_52_1_1_U107                       |     |    |     |      |      |     |        |      |         |          |        |
|       mul_26s_26s_52_1_1_U108                       |     |    |     |      |      |     |        |      |         |          |        |
|       mul_26s_26s_52_1_1_U109                       |     |    |     |      |      |     |        |      |         |          |        |
|       mul_26s_26s_52_1_1_U110                       |     |    |     |      |      |     |        |      |         |          |        |
|       mul_26s_26s_52_1_1_U111                       |     |    |     |      |      |     |        |      |         |          |        |
|       mul_26s_26s_52_1_1_U112                       |     |    |     |      |      |     |        |      |         |          |        |
|       mul_26s_26s_52_1_1_U113                       |     |    |     |      |      |     |        |      |         |          |        |
|       mul_26s_26s_52_1_1_U114                       |     |    |     |      |      |     |        |      |         |          |        |
|       mul_26s_26s_52_1_1_U115                       |     |    |     |      |      |     |        |      |         |          |        |
|       mul_26s_26s_52_1_1_U116                       |     |    |     |      |      |     |        |      |         |          |        |
|       mul_26s_26s_52_1_1_U117                       |     |    |     |      |      |     |        |      |         |          |        |
|       mul_26s_26s_52_1_1_U118                       |     |    |     |      |      |     |        |      |         |          |        |
|       mul_26s_26s_52_1_1_U119                       |     |    |     |      |      |     |        |      |         |          |        |
|       mul_26s_26s_52_1_1_U120                       |     |    |     |      |      |     |        |      |         |          |        |
|       mul_26s_26s_52_1_1_U89                        |     |    |     |      |      |     |        |      |         |          |        |
|       mul_26s_26s_52_1_1_U90                        |     |    |     |      |      |     |        |      |         |          |        |
|       mul_26s_26s_52_1_1_U91                        |     |    |     |      |      |     |        |      |         |          |        |
|       mul_26s_26s_52_1_1_U92                        |     |    |     |      |      |     |        |      |         |          |        |
|       mul_26s_26s_52_1_1_U93                        |     |    |     |      |      |     |        |      |         |          |        |
|       mul_26s_26s_52_1_1_U94                        |     |    |     |      |      |     |        |      |         |          |        |
|       mul_26s_26s_52_1_1_U95                        |     |    |     |      |      |     |        |      |         |          |        |
|       mul_26s_26s_52_1_1_U96                        |     |    |     |      |      |     |        |      |         |          |        |
|       mul_26s_26s_52_1_1_U97                        |     |    |     |      |      |     |        |      |         |          |        |
|       mul_26s_26s_52_1_1_U98                        |     |    |     |      |      |     |        |      |         |          |        |
|       mul_26s_26s_52_1_1_U99                        |     |    |     |      |      |     |        |      |         |          |        |
|     grp_spmm_compute_Pipeline_SPMM_WRITE_fu_432     |     |    |     |      |      |     |        |      |         |          |        |
|       (grp_spmm_compute_Pipeline_SPMM_WRITE_fu_432) |     |    |     |      |      |     |        |      |         |          |        |
|       flow_control_loop_pipe_sequential_init_U      |     |    |     |      |      |     |        |      |         |          |        |
|     h_buf_10_U                                      |     |    |     |      |      |     |        |      |         |          |        |
|     h_buf_11_U                                      |     |    |     |      |      |     |        |      |         |          |        |
|     h_buf_12_U                                      |     |    |     |      |      |     |        |      |         |          |        |
|     h_buf_13_U                                      |     |    |     |      |      |     |        |      |         |          |        |
|     h_buf_14_U                                      |     |    |     |      |      |     |        |      |         |          |        |
|     h_buf_15_U                                      |     |    |     |      |      |     |        |      |         |          |        |
|     h_buf_16_U                                      |     |    |     |      |      |     |        |      |         |          |        |
|     h_buf_17_U                                      |     |    |     |      |      |     |        |      |         |          |        |
|     h_buf_18_U                                      |     |    |     |      |      |     |        |      |         |          |        |
|     h_buf_19_U                                      |     |    |     |      |      |     |        |      |         |          |        |
|     h_buf_1_U                                       |     |    |     |      |      |     |        |      |         |          |        |
|     h_buf_20_U                                      |     |    |     |      |      |     |        |      |         |          |        |
|     h_buf_21_U                                      |     |    |     |      |      |     |        |      |         |          |        |
|     h_buf_22_U                                      |     |    |     |      |      |     |        |      |         |          |        |
|     h_buf_23_U                                      |     |    |     |      |      |     |        |      |         |          |        |
|     h_buf_24_U                                      |     |    |     |      |      |     |        |      |         |          |        |
|     h_buf_25_U                                      |     |    |     |      |      |     |        |      |         |          |        |
|     h_buf_26_U                                      |     |    |     |      |      |     |        |      |         |          |        |
|     h_buf_27_U                                      |     |    |     |      |      |     |        |      |         |          |        |
|     h_buf_28_U                                      |     |    |     |      |      |     |        |      |         |          |        |
|     h_buf_29_U                                      |     |    |     |      |      |     |        |      |         |          |        |
|     h_buf_2_U                                       |     |    |     |      |      |     |        |      |         |          |        |
|     h_buf_30_U                                      |     |    |     |      |      |     |        |      |         |          |        |
|     h_buf_31_U                                      |     |    |     |      |      |     |        |      |         |          |        |
|     h_buf_3_U                                       |     |    |     |      |      |     |        |      |         |          |        |
|     h_buf_4_U                                       |     |    |     |      |      |     |        |      |         |          |        |
|     h_buf_5_U                                       |     |    |     |      |      |     |        |      |         |          |        |
|     h_buf_6_U                                       |     |    |     |      |      |     |        |      |         |          |        |
|     h_buf_7_U                                       |     |    |     |      |      |     |        |      |         |          |        |
|     h_buf_8_U                                       |     |    |     |      |      |     |        |      |         |          |        |
|     h_buf_9_U                                       |     |    |     |      |      |     |        |      |         |          |        |
|     h_buf_U                                         |     |    |     |      |      |     |        |      |         |          |        |
|   spmm_load_csr_U0                                  |     |    |     |      |      |     |        |      |         |          |        |
|     (spmm_load_csr_U0)                              |     |    |     |      |      |     |        |      |         |          |        |
|     grp_spmm_load_csr_Pipeline_LOAD_NNZ_fu_124      |     |    |     |      |      |     |        |      |         |          |        |
|       (grp_spmm_load_csr_Pipeline_LOAD_NNZ_fu_124)  |     |    |     |      |      |     |        |      |         |          |        |
|       flow_control_loop_pipe_sequential_init_U      |     |    |     |      |      |     |        |      |         |          |        |
|     grp_spmm_load_csr_Pipeline_LOAD_ROWS_fu_115     |     |    |     |      |      |     |        |      |         |          |        |
|       flow_control_loop_pipe_sequential_init_U      |     |    |     |      |      |     |        |      |         |          |        |
|   spmm_store_U0                                     |     |    |     |      |      | 2   |        |      |         |          |        |
|     (spmm_store_U0)                                 |     |    |     |      |      | 2   |        |      |         |          |        |
|     flow_control_loop_delay_pipe_U                  |     |    |     |      |      |     |        |      |         |          |        |
|   start_for_spmm_store_U0_U                         |     |    |     |      |      |     |        |      |         |          |        |
|   val_fifo_U                                        |     |    |     |      |      |     |        |      |         |          |        |
+-----------------------------------------------------+-----+----+-----+------+------+-----+--------+------+---------+----------+--------+


================================================================
== Place & Route Fail Fast
================================================================
+-----------------------------------------------------------+-----------+--------+--------+
| Criteria                                                  | Guideline | Actual | Status |
+-----------------------------------------------------------+-----------+--------+--------+
| LUT                                                       | 70%       | 6.72%  | OK     |
| FD                                                        | 50%       | 4.25%  | OK     |
| LUTRAM+SRL                                                | 25%       | 3.70%  | OK     |
| CARRY8                                                    | 25%       | 1.78%  | OK     |
| MUXF7                                                     | 15%       | 0.11%  | OK     |
| DSP                                                       | 80%       | 5.13%  | OK     |
| RAMB/FIFO                                                 | 80%       | 6.60%  | OK     |
| URAM                                                      | 80%       | 0.00%  | OK     |
| DSP+RAMB+URAM (Avg)                                       | 70%       | 5.87%  | OK     |
| BUFGCE* + BUFGCTRL                                        | 24        | 0      | OK     |
| DONT_TOUCH (cells/nets)                                   | 0         | 10     | REVIEW |
| MARK_DEBUG (nets)                                         | 0         | 0      | OK     |
| Control Sets                                              | 2196      | 254    | OK     |
| Average Fanout for modules > 100k cells                   | 4         | 1.24   | OK     |
| Max Average Fanout for modules > 100k cells               | 4         | 0      | OK     |
| Non-FD high fanout nets > 10k loads                       | 0         | 0      | OK     |
+-----------------------------------------------------------+-----------+--------+--------+
| TIMING-6 (No common primary clock between related clocks) | 0         | 0      | OK     |
| TIMING-7 (No common node between related clocks)          | 0         | 0      | OK     |
| TIMING-8 (No common period between related clocks)        | 0         | 0      | OK     |
| TIMING-14 (LUT on the clock tree)                         | 0         | 0      | OK     |
| TIMING-35 (No common node in paths with the same clock)   | 0         | 0      | OK     |
+-----------------------------------------------------------+-----------+--------+--------+
| Number of paths above max LUT budgeting (0.391ns)         | 0         | 0      | OK     |
| Number of paths above max Net budgeting (0.263ns)         | 0         | 0      | OK     |
+-----------------------------------------------------------+-----------+--------+--------+


================================================================
== Place & Route Timing Paths
================================================================
* Timing was met
+-------+-------+-----------------------------+----------------------------------------------------------------------------+--------------+------------+----------------+----------------+--------------+
| Path  | SLACK | STARTPOINT PIN              | ENDPOINT PIN                                                               | LOGIC LEVELS | MAX FANOUT | DATAPATH DELAY | DATAPATH LOGIC | DATAPATH NET |
|       |       |                             |                                                                            |              |            |                |          DELAY |        DELAY |
+-------+-------+-----------------------------+----------------------------------------------------------------------------+--------------+------------+----------------+----------------+--------------+
| Path1 | 3.610 | result_fifo_U/empty_n_reg/C | gmem4_m_axi_U/store_unit_0/buff_wdata/U_fifo_srl/mem_reg[30][524]_srl31/CE |            3 |        609 |          6.105 |          0.510 |        5.595 |
| Path2 | 3.726 | result_fifo_U/empty_n_reg/C | gmem4_m_axi_U/store_unit_0/buff_wdata/U_fifo_srl/mem_reg[30][523]_srl31/CE |            3 |        609 |          5.989 |          0.510 |        5.479 |
| Path3 | 3.726 | result_fifo_U/empty_n_reg/C | gmem4_m_axi_U/store_unit_0/buff_wdata/U_fifo_srl/mem_reg[30][525]_srl31/CE |            3 |        609 |          5.989 |          0.510 |        5.479 |
| Path4 | 3.774 | result_fifo_U/empty_n_reg/C | gmem4_m_axi_U/store_unit_0/buff_wdata/U_fifo_srl/mem_reg[30][515]_srl31/CE |            3 |        609 |          5.941 |          0.510 |        5.431 |
| Path5 | 3.774 | result_fifo_U/empty_n_reg/C | gmem4_m_axi_U/store_unit_0/buff_wdata/U_fifo_srl/mem_reg[30][566]_srl31/CE |            3 |        609 |          5.941 |          0.510 |        5.431 |
+-------+-------+-----------------------------+----------------------------------------------------------------------------+--------------+------------+----------------+----------------+--------------+

    +-------------------------------------------------------------------------+-------------------+
    | Path1 Cells                                                             | Primitive Type    |
    +-------------------------------------------------------------------------+-------------------+
    | result_fifo_U/empty_n_reg                                               | REGISTER.SDR.FDRE |
    | spmm_store_U0/flow_control_loop_delay_pipe_U/ap_done_INST_0_i_2         | CLB.LUT.LUT4      |
    | spmm_store_U0/flow_control_loop_delay_pipe_U/ap_done_INST_0_i_1         | CLB.LUT.LUT5      |
    | spmm_store_U0/mem_reg[30][0]_srl31_i_1                                  | CLB.LUT.LUT4      |
    | gmem4_m_axi_U/store_unit_0/buff_wdata/U_fifo_srl/mem_reg[30][524]_srl31 | CLB.SRL.SRLC32E   |
    +-------------------------------------------------------------------------+-------------------+

    +-------------------------------------------------------------------------+-------------------+
    | Path2 Cells                                                             | Primitive Type    |
    +-------------------------------------------------------------------------+-------------------+
    | result_fifo_U/empty_n_reg                                               | REGISTER.SDR.FDRE |
    | spmm_store_U0/flow_control_loop_delay_pipe_U/ap_done_INST_0_i_2         | CLB.LUT.LUT4      |
    | spmm_store_U0/flow_control_loop_delay_pipe_U/ap_done_INST_0_i_1         | CLB.LUT.LUT5      |
    | spmm_store_U0/mem_reg[30][0]_srl31_i_1                                  | CLB.LUT.LUT4      |
    | gmem4_m_axi_U/store_unit_0/buff_wdata/U_fifo_srl/mem_reg[30][523]_srl31 | CLB.SRL.SRLC32E   |
    +-------------------------------------------------------------------------+-------------------+

    +-------------------------------------------------------------------------+-------------------+
    | Path3 Cells                                                             | Primitive Type    |
    +-------------------------------------------------------------------------+-------------------+
    | result_fifo_U/empty_n_reg                                               | REGISTER.SDR.FDRE |
    | spmm_store_U0/flow_control_loop_delay_pipe_U/ap_done_INST_0_i_2         | CLB.LUT.LUT4      |
    | spmm_store_U0/flow_control_loop_delay_pipe_U/ap_done_INST_0_i_1         | CLB.LUT.LUT5      |
    | spmm_store_U0/mem_reg[30][0]_srl31_i_1                                  | CLB.LUT.LUT4      |
    | gmem4_m_axi_U/store_unit_0/buff_wdata/U_fifo_srl/mem_reg[30][525]_srl31 | CLB.SRL.SRLC32E   |
    +-------------------------------------------------------------------------+-------------------+

    +-------------------------------------------------------------------------+-------------------+
    | Path4 Cells                                                             | Primitive Type    |
    +-------------------------------------------------------------------------+-------------------+
    | result_fifo_U/empty_n_reg                                               | REGISTER.SDR.FDRE |
    | spmm_store_U0/flow_control_loop_delay_pipe_U/ap_done_INST_0_i_2         | CLB.LUT.LUT4      |
    | spmm_store_U0/flow_control_loop_delay_pipe_U/ap_done_INST_0_i_1         | CLB.LUT.LUT5      |
    | spmm_store_U0/mem_reg[30][0]_srl31_i_1                                  | CLB.LUT.LUT4      |
    | gmem4_m_axi_U/store_unit_0/buff_wdata/U_fifo_srl/mem_reg[30][515]_srl31 | CLB.SRL.SRLC32E   |
    +-------------------------------------------------------------------------+-------------------+

    +-------------------------------------------------------------------------+-------------------+
    | Path5 Cells                                                             | Primitive Type    |
    +-------------------------------------------------------------------------+-------------------+
    | result_fifo_U/empty_n_reg                                               | REGISTER.SDR.FDRE |
    | spmm_store_U0/flow_control_loop_delay_pipe_U/ap_done_INST_0_i_2         | CLB.LUT.LUT4      |
    | spmm_store_U0/flow_control_loop_delay_pipe_U/ap_done_INST_0_i_1         | CLB.LUT.LUT5      |
    | spmm_store_U0/mem_reg[30][0]_srl31_i_1                                  | CLB.LUT.LUT4      |
    | gmem4_m_axi_U/store_unit_0/buff_wdata/U_fifo_srl/mem_reg[30][566]_srl31 | CLB.SRL.SRLC32E   |
    +-------------------------------------------------------------------------+-------------------+


================================================================
== Place & Route Vivado Reports
================================================================
+--------------------------+--------------------------------------------------------------------+
| Report Type              | Report Location                                                    |
+--------------------------+--------------------------------------------------------------------+
| design_analysis          | impl/verilog/report/spmm_stage_design_analysis_routed.rpt          |
| failfast                 | impl/verilog/report/spmm_stage_failfast_routed.rpt                 |
| power                    | impl/verilog/report/spmm_stage_power_routed.rpt                    |
| status                   | impl/verilog/report/spmm_stage_status_routed.rpt                   |
| timing                   | impl/verilog/report/spmm_stage_timing_routed.rpt                   |
| timing_paths             | impl/verilog/report/spmm_stage_timing_paths_routed.rpt             |
| utilization              | impl/verilog/report/spmm_stage_utilization_routed.rpt              |
| utilization_hierarchical | impl/verilog/report/spmm_stage_utilization_hierarchical_routed.rpt |
+--------------------------+--------------------------------------------------------------------+


