

Implementation tool: Xilinx Vivado v.2025.2
Project:             spmm_stage
Solution:            hls
Device target:       xck26-sfvc784-2LV-c
Report date:         Wed Apr 15 15:13:43 IST 2026

#=== Post-Implementation Resource usage ===
SLICE:            0
LUT:           7866
FF:            9946
DSP:             64
BRAM:            19
URAM:             0
LATCH:            0
SRL:            885
CLB:           1801

#=== Final timing ===
CP required:                     10.000
CP achieved post-synthesis:      4.600
CP achieved post-implementation: 6.390
Timing met
