Copyright 1986-2022 Xilinx, Inc. All Rights Reserved. Copyright 2022-2025 Advanced Micro Devices, Inc. All Rights Reserved.
--------------------------------------------------------------------------------------------------------------------------------------------------
| Tool Version      : Vivado v.2025.2 (lin64) Build 6299465 Fri Nov 14 12:34:56 MST 2025
| Date              : Fri Apr 17 19:48:54 2026
| Host              : nat-Yoga-Pro-9-16IAH10 running 64-bit Ubuntu 24.04.3 LTS
| Command           : report_timing -max_paths 10 -file ./report/integrated_gcn_approx_timing_paths_synth.rpt
| Design            : bd_0_wrapper
| Device            : xck26-sfvc784
| Speed File        : -2LV  PRODUCTION 1.30 05-15-2022
| Design State      : Synthesized
| Temperature Grade : C
--------------------------------------------------------------------------------------------------------------------------------------------------

Timing Report

Slack (MET) :             6.029ns  (required time - arrival time)
  Source:                 bd_0_i/hls_inst/inst/grp_spmm_stage_fu_164/spmm_compute_U0/h_buf_10_U/ram_reg_bram_0/CLKARDCLK
                            (rising edge-triggered cell RAMB18E2 clocked by ap_clk  {rise@0.000ns fall@5.000ns period=10.000ns})
  Destination:            bd_0_i/hls_inst/inst/grp_spmm_stage_fu_164/spmm_compute_U0/acc_10_U/ram_reg_0_1_15_15/DP/I
                            (rising edge-triggered cell RAMD32 clocked by ap_clk  {rise@0.000ns fall@5.000ns period=10.000ns})
  Path Group:             ap_clk
  Path Type:              Setup (Max at Slow Process Corner)
  Requirement:            10.000ns  (ap_clk rise@10.000ns - ap_clk rise@0.000ns)
  Data Path Delay:        3.754ns  (logic 2.178ns (58.018%)  route 1.576ns (41.982%))
  Logic Levels:           8  (CARRY8=2 LUT2=1 LUT3=1 LUT5=1 LUT6=3)
  Clock Path Skew:        -0.048ns (DCD - SCD + CPR)
    Destination Clock Delay (DCD):    0.059ns = ( 10.059 - 10.000 ) 
    Source Clock Delay      (SCD):    0.107ns
    Clock Pessimism Removal (CPR):    0.000ns
  Clock Uncertainty:      0.035ns  ((TSJ^2 + TIJ^2)^1/2 + DJ) / 2 + PE
    Total System Jitter     (TSJ):    0.071ns
    Total Input Jitter      (TIJ):    0.000ns
    Discrete Jitter          (DJ):    0.000ns
    Phase Error              (PE):    0.000ns

    Location             Delay type                Incr(ns)  Path(ns)    Netlist Resource(s)
  -------------------------------------------------------------------    -------------------
                         (clock ap_clk rise edge)     0.000     0.000 r  
                                                      0.000     0.000 r  ap_clk (IN)
                         net (fo=35449, unset)        0.107     0.107    bd_0_i/hls_inst/inst/grp_spmm_stage_fu_164/spmm_compute_U0/h_buf_10_U/ap_clk
                         RAMB18E2                                     r  bd_0_i/hls_inst/inst/grp_spmm_stage_fu_164/spmm_compute_U0/h_buf_10_U/ram_reg_bram_0/CLKARDCLK
  -------------------------------------------------------------------    -------------------
                         RAMB18E2 (Prop_RAMB18E2_CLKARDCLK_DOUTADOUT[7])
                                                      1.293     1.400 r  bd_0_i/hls_inst/inst/grp_spmm_stage_fu_164/spmm_compute_U0/h_buf_10_U/ram_reg_bram_0/DOUTADOUT[7]
                         net (fo=13, unplaced)        0.277     1.677    bd_0_i/hls_inst/inst/grp_spmm_stage_fu_164/spmm_compute_U0/h_buf_10_U/ram_reg_bram_0_0[2]
                         LUT5 (Prop_LUT5_I0_O)        0.225     1.902 r  bd_0_i/hls_inst/inst/grp_spmm_stage_fu_164/spmm_compute_U0/h_buf_10_U/ram_reg_0_1_6_6_i_34__9/O
                         net (fo=2, unplaced)         0.211     2.113    bd_0_i/hls_inst/inst/grp_spmm_stage_fu_164/spmm_compute_U0/h_buf_10_U/ram_reg_0_1_6_6_i_34__9_n_4
                         LUT6 (Prop_LUT6_I5_O)        0.058     2.171 r  bd_0_i/hls_inst/inst/grp_spmm_stage_fu_164/spmm_compute_U0/h_buf_10_U/ram_reg_0_1_6_6_i_19__9/O
                         net (fo=3, unplaced)         0.159     2.330    bd_0_i/hls_inst/inst/grp_spmm_stage_fu_164/spmm_compute_U0/h_buf_10_U/ram_reg_0_1_6_6_i_19__9_n_4
                         LUT6 (Prop_LUT6_I2_O)        0.137     2.467 f  bd_0_i/hls_inst/inst/grp_spmm_stage_fu_164/spmm_compute_U0/h_buf_10_U/ram_reg_0_1_6_6_i_16__9/O
                         net (fo=3, unplaced)         0.217     2.684    bd_0_i/hls_inst/inst/grp_spmm_stage_fu_164/spmm_compute_U0/h_buf_10_U/bits_a_reg_2689_reg[7]_rep__0_0
                         LUT3 (Prop_LUT3_I2_O)        0.058     2.742 r  bd_0_i/hls_inst/inst/grp_spmm_stage_fu_164/spmm_compute_U0/h_buf_10_U/ram_reg_0_1_6_6_i_15__9/O
                         net (fo=1, unplaced)         0.211     2.953    bd_0_i/hls_inst/inst/grp_spmm_stage_fu_164/spmm_compute_U0/grp_spmm_compute_Pipeline_SPMM_MAC_fu_1525/ram_reg_0_1_6_6_i_2__18_5
                         LUT6 (Prop_LUT6_I5_O)        0.060     3.013 r  bd_0_i/hls_inst/inst/grp_spmm_stage_fu_164/spmm_compute_U0/grp_spmm_compute_Pipeline_SPMM_MAC_fu_1525/ram_reg_0_1_6_6_i_3__18/O
                         net (fo=1, unplaced)         0.029     3.042    bd_0_i/hls_inst/inst/grp_spmm_stage_fu_164/spmm_compute_U0/grp_spmm_compute_Pipeline_SPMM_MAC_fu_1525/ram_reg_0_1_6_6_i_3__18_n_4
                         CARRY8 (Prop_CARRY8_S[7]_CO[7])
                                                      0.183     3.225 r  bd_0_i/hls_inst/inst/grp_spmm_stage_fu_164/spmm_compute_U0/grp_spmm_compute_Pipeline_SPMM_MAC_fu_1525/ram_reg_0_1_6_6_i_2__18/CO[7]
                         net (fo=1, unplaced)         0.006     3.231    bd_0_i/hls_inst/inst/grp_spmm_stage_fu_164/spmm_compute_U0/grp_spmm_compute_Pipeline_SPMM_MAC_fu_1525/ram_reg_0_1_6_6_i_2__18_n_4
                         CARRY8 (Prop_CARRY8_CI_O[1])
                                                      0.106     3.337 r  bd_0_i/hls_inst/inst/grp_spmm_stage_fu_164/spmm_compute_U0/grp_spmm_compute_Pipeline_SPMM_MAC_fu_1525/ram_reg_0_1_14_14_i_2__20/O[1]
                         net (fo=1, unplaced)         0.209     3.546    bd_0_i/hls_inst/inst/grp_spmm_stage_fu_164/spmm_compute_U0/h_buf_10_U/add_ln260_10_fu_1531_p2[1]
                         LUT2 (Prop_LUT2_I1_O)        0.058     3.604 r  bd_0_i/hls_inst/inst/grp_spmm_stage_fu_164/spmm_compute_U0/h_buf_10_U/ram_reg_0_1_15_15_i_1__9/O
                         net (fo=2, unplaced)         0.257     3.861    bd_0_i/hls_inst/inst/grp_spmm_stage_fu_164/spmm_compute_U0/acc_10_U/ram_reg_0_1_15_15/D
                         RAMD32                                       r  bd_0_i/hls_inst/inst/grp_spmm_stage_fu_164/spmm_compute_U0/acc_10_U/ram_reg_0_1_15_15/DP/I
  -------------------------------------------------------------------    -------------------

                         (clock ap_clk rise edge)    10.000    10.000 r  
                                                      0.000    10.000 r  ap_clk (IN)
                         net (fo=35449, unset)        0.059    10.059    bd_0_i/hls_inst/inst/grp_spmm_stage_fu_164/spmm_compute_U0/acc_10_U/ram_reg_0_1_15_15/WCLK
                         RAMD32                                       r  bd_0_i/hls_inst/inst/grp_spmm_stage_fu_164/spmm_compute_U0/acc_10_U/ram_reg_0_1_15_15/DP/CLK
                         clock pessimism              0.000    10.059    
                         clock uncertainty           -0.035    10.024    
                         RAMD32 (Setup_RAMD32_CLK_I)
                                                     -0.134     9.890    bd_0_i/hls_inst/inst/grp_spmm_stage_fu_164/spmm_compute_U0/acc_10_U/ram_reg_0_1_15_15/DP
  -------------------------------------------------------------------
                         required time                          9.890    
                         arrival time                          -3.861    
  -------------------------------------------------------------------
                         slack                                  6.029    

Slack (MET) :             6.029ns  (required time - arrival time)
  Source:                 bd_0_i/hls_inst/inst/grp_spmm_stage_fu_164/spmm_compute_U0/h_buf_11_U/ram_reg_bram_0/CLKARDCLK
                            (rising edge-triggered cell RAMB18E2 clocked by ap_clk  {rise@0.000ns fall@5.000ns period=10.000ns})
  Destination:            bd_0_i/hls_inst/inst/grp_spmm_stage_fu_164/spmm_compute_U0/acc_11_U/ram_reg_0_1_15_15/DP/I
                            (rising edge-triggered cell RAMD32 clocked by ap_clk  {rise@0.000ns fall@5.000ns period=10.000ns})
  Path Group:             ap_clk
  Path Type:              Setup (Max at Slow Process Corner)
  Requirement:            10.000ns  (ap_clk rise@10.000ns - ap_clk rise@0.000ns)
  Data Path Delay:        3.754ns  (logic 2.178ns (58.018%)  route 1.576ns (41.982%))
  Logic Levels:           8  (CARRY8=2 LUT2=1 LUT3=1 LUT5=1 LUT6=3)
  Clock Path Skew:        -0.048ns (DCD - SCD + CPR)
    Destination Clock Delay (DCD):    0.059ns = ( 10.059 - 10.000 ) 
    Source Clock Delay      (SCD):    0.107ns
    Clock Pessimism Removal (CPR):    0.000ns
  Clock Uncertainty:      0.035ns  ((TSJ^2 + TIJ^2)^1/2 + DJ) / 2 + PE
    Total System Jitter     (TSJ):    0.071ns
    Total Input Jitter      (TIJ):    0.000ns
    Discrete Jitter          (DJ):    0.000ns
    Phase Error              (PE):    0.000ns

    Location             Delay type                Incr(ns)  Path(ns)    Netlist Resource(s)
  -------------------------------------------------------------------    -------------------
                         (clock ap_clk rise edge)     0.000     0.000 r  
                                                      0.000     0.000 r  ap_clk (IN)
                         net (fo=35449, unset)        0.107     0.107    bd_0_i/hls_inst/inst/grp_spmm_stage_fu_164/spmm_compute_U0/h_buf_11_U/ap_clk
                         RAMB18E2                                     r  bd_0_i/hls_inst/inst/grp_spmm_stage_fu_164/spmm_compute_U0/h_buf_11_U/ram_reg_bram_0/CLKARDCLK
  -------------------------------------------------------------------    -------------------
                         RAMB18E2 (Prop_RAMB18E2_CLKARDCLK_DOUTADOUT[7])
                                                      1.293     1.400 r  bd_0_i/hls_inst/inst/grp_spmm_stage_fu_164/spmm_compute_U0/h_buf_11_U/ram_reg_bram_0/DOUTADOUT[7]
                         net (fo=13, unplaced)        0.277     1.677    bd_0_i/hls_inst/inst/grp_spmm_stage_fu_164/spmm_compute_U0/h_buf_11_U/ram_reg_bram_0_0[2]
                         LUT5 (Prop_LUT5_I0_O)        0.225     1.902 r  bd_0_i/hls_inst/inst/grp_spmm_stage_fu_164/spmm_compute_U0/h_buf_11_U/ram_reg_0_1_6_6_i_34__10/O
                         net (fo=2, unplaced)         0.211     2.113    bd_0_i/hls_inst/inst/grp_spmm_stage_fu_164/spmm_compute_U0/h_buf_11_U/ram_reg_0_1_6_6_i_34__10_n_4
                         LUT6 (Prop_LUT6_I5_O)        0.058     2.171 r  bd_0_i/hls_inst/inst/grp_spmm_stage_fu_164/spmm_compute_U0/h_buf_11_U/ram_reg_0_1_6_6_i_19__10/O
                         net (fo=3, unplaced)         0.159     2.330    bd_0_i/hls_inst/inst/grp_spmm_stage_fu_164/spmm_compute_U0/h_buf_11_U/ram_reg_0_1_6_6_i_19__10_n_4
                         LUT6 (Prop_LUT6_I2_O)        0.137     2.467 f  bd_0_i/hls_inst/inst/grp_spmm_stage_fu_164/spmm_compute_U0/h_buf_11_U/ram_reg_0_1_6_6_i_16__10/O
                         net (fo=3, unplaced)         0.217     2.684    bd_0_i/hls_inst/inst/grp_spmm_stage_fu_164/spmm_compute_U0/h_buf_11_U/bits_a_reg_2689_reg[7]_rep__0_0
                         LUT3 (Prop_LUT3_I2_O)        0.058     2.742 r  bd_0_i/hls_inst/inst/grp_spmm_stage_fu_164/spmm_compute_U0/h_buf_11_U/ram_reg_0_1_6_6_i_15__10/O
                         net (fo=1, unplaced)         0.211     2.953    bd_0_i/hls_inst/inst/grp_spmm_stage_fu_164/spmm_compute_U0/grp_spmm_compute_Pipeline_SPMM_MAC_fu_1525/ram_reg_0_1_6_6_i_2__17_4
                         LUT6 (Prop_LUT6_I5_O)        0.060     3.013 r  bd_0_i/hls_inst/inst/grp_spmm_stage_fu_164/spmm_compute_U0/grp_spmm_compute_Pipeline_SPMM_MAC_fu_1525/ram_reg_0_1_6_6_i_3__17/O
                         net (fo=1, unplaced)         0.029     3.042    bd_0_i/hls_inst/inst/grp_spmm_stage_fu_164/spmm_compute_U0/grp_spmm_compute_Pipeline_SPMM_MAC_fu_1525/ram_reg_0_1_6_6_i_3__17_n_4
                         CARRY8 (Prop_CARRY8_S[7]_CO[7])
                                                      0.183     3.225 r  bd_0_i/hls_inst/inst/grp_spmm_stage_fu_164/spmm_compute_U0/grp_spmm_compute_Pipeline_SPMM_MAC_fu_1525/ram_reg_0_1_6_6_i_2__17/CO[7]
                         net (fo=1, unplaced)         0.006     3.231    bd_0_i/hls_inst/inst/grp_spmm_stage_fu_164/spmm_compute_U0/grp_spmm_compute_Pipeline_SPMM_MAC_fu_1525/ram_reg_0_1_6_6_i_2__17_n_4
                         CARRY8 (Prop_CARRY8_CI_O[1])
                                                      0.106     3.337 r  bd_0_i/hls_inst/inst/grp_spmm_stage_fu_164/spmm_compute_U0/grp_spmm_compute_Pipeline_SPMM_MAC_fu_1525/ram_reg_0_1_14_14_i_2__19/O[1]
                         net (fo=1, unplaced)         0.209     3.546    bd_0_i/hls_inst/inst/grp_spmm_stage_fu_164/spmm_compute_U0/h_buf_11_U/add_ln260_11_fu_1538_p2[1]
                         LUT2 (Prop_LUT2_I1_O)        0.058     3.604 r  bd_0_i/hls_inst/inst/grp_spmm_stage_fu_164/spmm_compute_U0/h_buf_11_U/ram_reg_0_1_15_15_i_1__10/O
                         net (fo=2, unplaced)         0.257     3.861    bd_0_i/hls_inst/inst/grp_spmm_stage_fu_164/spmm_compute_U0/acc_11_U/ram_reg_0_1_15_15/D
                         RAMD32                                       r  bd_0_i/hls_inst/inst/grp_spmm_stage_fu_164/spmm_compute_U0/acc_11_U/ram_reg_0_1_15_15/DP/I
  -------------------------------------------------------------------    -------------------

                         (clock ap_clk rise edge)    10.000    10.000 r  
                                                      0.000    10.000 r  ap_clk (IN)
                         net (fo=35449, unset)        0.059    10.059    bd_0_i/hls_inst/inst/grp_spmm_stage_fu_164/spmm_compute_U0/acc_11_U/ram_reg_0_1_15_15/WCLK
                         RAMD32                                       r  bd_0_i/hls_inst/inst/grp_spmm_stage_fu_164/spmm_compute_U0/acc_11_U/ram_reg_0_1_15_15/DP/CLK
                         clock pessimism              0.000    10.059    
                         clock uncertainty           -0.035    10.024    
                         RAMD32 (Setup_RAMD32_CLK_I)
                                                     -0.134     9.890    bd_0_i/hls_inst/inst/grp_spmm_stage_fu_164/spmm_compute_U0/acc_11_U/ram_reg_0_1_15_15/DP
  -------------------------------------------------------------------
                         required time                          9.890    
                         arrival time                          -3.861    
  -------------------------------------------------------------------
                         slack                                  6.029    

Slack (MET) :             6.029ns  (required time - arrival time)
  Source:                 bd_0_i/hls_inst/inst/grp_spmm_stage_fu_164/spmm_compute_U0/h_buf_12_U/ram_reg_bram_0/CLKARDCLK
                            (rising edge-triggered cell RAMB18E2 clocked by ap_clk  {rise@0.000ns fall@5.000ns period=10.000ns})
  Destination:            bd_0_i/hls_inst/inst/grp_spmm_stage_fu_164/spmm_compute_U0/acc_12_U/ram_reg_0_1_15_15/DP/I
                            (rising edge-triggered cell RAMD32 clocked by ap_clk  {rise@0.000ns fall@5.000ns period=10.000ns})
  Path Group:             ap_clk
  Path Type:              Setup (Max at Slow Process Corner)
  Requirement:            10.000ns  (ap_clk rise@10.000ns - ap_clk rise@0.000ns)
  Data Path Delay:        3.754ns  (logic 2.178ns (58.018%)  route 1.576ns (41.982%))
  Logic Levels:           8  (CARRY8=2 LUT2=1 LUT3=1 LUT5=1 LUT6=3)
  Clock Path Skew:        -0.048ns (DCD - SCD + CPR)
    Destination Clock Delay (DCD):    0.059ns = ( 10.059 - 10.000 ) 
    Source Clock Delay      (SCD):    0.107ns
    Clock Pessimism Removal (CPR):    0.000ns
  Clock Uncertainty:      0.035ns  ((TSJ^2 + TIJ^2)^1/2 + DJ) / 2 + PE
    Total System Jitter     (TSJ):    0.071ns
    Total Input Jitter      (TIJ):    0.000ns
    Discrete Jitter          (DJ):    0.000ns
    Phase Error              (PE):    0.000ns

    Location             Delay type                Incr(ns)  Path(ns)    Netlist Resource(s)
  -------------------------------------------------------------------    -------------------
                         (clock ap_clk rise edge)     0.000     0.000 r  
                                                      0.000     0.000 r  ap_clk (IN)
                         net (fo=35449, unset)        0.107     0.107    bd_0_i/hls_inst/inst/grp_spmm_stage_fu_164/spmm_compute_U0/h_buf_12_U/ap_clk
                         RAMB18E2                                     r  bd_0_i/hls_inst/inst/grp_spmm_stage_fu_164/spmm_compute_U0/h_buf_12_U/ram_reg_bram_0/CLKARDCLK
  -------------------------------------------------------------------    -------------------
                         RAMB18E2 (Prop_RAMB18E2_CLKARDCLK_DOUTADOUT[7])
                                                      1.293     1.400 r  bd_0_i/hls_inst/inst/grp_spmm_stage_fu_164/spmm_compute_U0/h_buf_12_U/ram_reg_bram_0/DOUTADOUT[7]
                         net (fo=13, unplaced)        0.277     1.677    bd_0_i/hls_inst/inst/grp_spmm_stage_fu_164/spmm_compute_U0/h_buf_12_U/ram_reg_bram_0_0[2]
                         LUT5 (Prop_LUT5_I0_O)        0.225     1.902 r  bd_0_i/hls_inst/inst/grp_spmm_stage_fu_164/spmm_compute_U0/h_buf_12_U/ram_reg_0_1_6_6_i_34__11/O
                         net (fo=2, unplaced)         0.211     2.113    bd_0_i/hls_inst/inst/grp_spmm_stage_fu_164/spmm_compute_U0/h_buf_12_U/ram_reg_0_1_6_6_i_34__11_n_4
                         LUT6 (Prop_LUT6_I5_O)        0.058     2.171 r  bd_0_i/hls_inst/inst/grp_spmm_stage_fu_164/spmm_compute_U0/h_buf_12_U/ram_reg_0_1_6_6_i_19__11/O
                         net (fo=3, unplaced)         0.159     2.330    bd_0_i/hls_inst/inst/grp_spmm_stage_fu_164/spmm_compute_U0/h_buf_12_U/ram_reg_0_1_6_6_i_19__11_n_4
                         LUT6 (Prop_LUT6_I2_O)        0.137     2.467 f  bd_0_i/hls_inst/inst/grp_spmm_stage_fu_164/spmm_compute_U0/h_buf_12_U/ram_reg_0_1_6_6_i_16__11/O
                         net (fo=3, unplaced)         0.217     2.684    bd_0_i/hls_inst/inst/grp_spmm_stage_fu_164/spmm_compute_U0/h_buf_12_U/bits_a_reg_2689_reg[7]_rep_0
                         LUT3 (Prop_LUT3_I2_O)        0.058     2.742 r  bd_0_i/hls_inst/inst/grp_spmm_stage_fu_164/spmm_compute_U0/h_buf_12_U/ram_reg_0_1_6_6_i_15__11/O
                         net (fo=1, unplaced)         0.211     2.953    bd_0_i/hls_inst/inst/grp_spmm_stage_fu_164/spmm_compute_U0/grp_spmm_compute_Pipeline_SPMM_MAC_fu_1525/ram_reg_0_1_6_6_i_2__16_6
                         LUT6 (Prop_LUT6_I5_O)        0.060     3.013 r  bd_0_i/hls_inst/inst/grp_spmm_stage_fu_164/spmm_compute_U0/grp_spmm_compute_Pipeline_SPMM_MAC_fu_1525/ram_reg_0_1_6_6_i_3__16/O
                         net (fo=1, unplaced)         0.029     3.042    bd_0_i/hls_inst/inst/grp_spmm_stage_fu_164/spmm_compute_U0/grp_spmm_compute_Pipeline_SPMM_MAC_fu_1525/ram_reg_0_1_6_6_i_3__16_n_4
                         CARRY8 (Prop_CARRY8_S[7]_CO[7])
                                                      0.183     3.225 r  bd_0_i/hls_inst/inst/grp_spmm_stage_fu_164/spmm_compute_U0/grp_spmm_compute_Pipeline_SPMM_MAC_fu_1525/ram_reg_0_1_6_6_i_2__16/CO[7]
                         net (fo=1, unplaced)         0.006     3.231    bd_0_i/hls_inst/inst/grp_spmm_stage_fu_164/spmm_compute_U0/grp_spmm_compute_Pipeline_SPMM_MAC_fu_1525/ram_reg_0_1_6_6_i_2__16_n_4
                         CARRY8 (Prop_CARRY8_CI_O[1])
                                                      0.106     3.337 r  bd_0_i/hls_inst/inst/grp_spmm_stage_fu_164/spmm_compute_U0/grp_spmm_compute_Pipeline_SPMM_MAC_fu_1525/ram_reg_0_1_14_14_i_2__18/O[1]
                         net (fo=1, unplaced)         0.209     3.546    bd_0_i/hls_inst/inst/grp_spmm_stage_fu_164/spmm_compute_U0/h_buf_12_U/add_ln260_12_fu_1545_p2[1]
                         LUT2 (Prop_LUT2_I1_O)        0.058     3.604 r  bd_0_i/hls_inst/inst/grp_spmm_stage_fu_164/spmm_compute_U0/h_buf_12_U/ram_reg_0_1_15_15_i_1__11/O
                         net (fo=2, unplaced)         0.257     3.861    bd_0_i/hls_inst/inst/grp_spmm_stage_fu_164/spmm_compute_U0/acc_12_U/ram_reg_0_1_15_15/D
                         RAMD32                                       r  bd_0_i/hls_inst/inst/grp_spmm_stage_fu_164/spmm_compute_U0/acc_12_U/ram_reg_0_1_15_15/DP/I
  -------------------------------------------------------------------    -------------------

                         (clock ap_clk rise edge)    10.000    10.000 r  
                                                      0.000    10.000 r  ap_clk (IN)
                         net (fo=35449, unset)        0.059    10.059    bd_0_i/hls_inst/inst/grp_spmm_stage_fu_164/spmm_compute_U0/acc_12_U/ram_reg_0_1_15_15/WCLK
                         RAMD32                                       r  bd_0_i/hls_inst/inst/grp_spmm_stage_fu_164/spmm_compute_U0/acc_12_U/ram_reg_0_1_15_15/DP/CLK
                         clock pessimism              0.000    10.059    
                         clock uncertainty           -0.035    10.024    
                         RAMD32 (Setup_RAMD32_CLK_I)
                                                     -0.134     9.890    bd_0_i/hls_inst/inst/grp_spmm_stage_fu_164/spmm_compute_U0/acc_12_U/ram_reg_0_1_15_15/DP
  -------------------------------------------------------------------
                         required time                          9.890    
                         arrival time                          -3.861    
  -------------------------------------------------------------------
                         slack                                  6.029    

Slack (MET) :             6.029ns  (required time - arrival time)
  Source:                 bd_0_i/hls_inst/inst/grp_spmm_stage_fu_164/spmm_compute_U0/h_buf_13_U/ram_reg_bram_0/CLKARDCLK
                            (rising edge-triggered cell RAMB18E2 clocked by ap_clk  {rise@0.000ns fall@5.000ns period=10.000ns})
  Destination:            bd_0_i/hls_inst/inst/grp_spmm_stage_fu_164/spmm_compute_U0/acc_13_U/ram_reg_0_1_15_15/DP/I
                            (rising edge-triggered cell RAMD32 clocked by ap_clk  {rise@0.000ns fall@5.000ns period=10.000ns})
  Path Group:             ap_clk
  Path Type:              Setup (Max at Slow Process Corner)
  Requirement:            10.000ns  (ap_clk rise@10.000ns - ap_clk rise@0.000ns)
  Data Path Delay:        3.754ns  (logic 2.178ns (58.018%)  route 1.576ns (41.982%))
  Logic Levels:           8  (CARRY8=2 LUT2=1 LUT3=1 LUT5=1 LUT6=3)
  Clock Path Skew:        -0.048ns (DCD - SCD + CPR)
    Destination Clock Delay (DCD):    0.059ns = ( 10.059 - 10.000 ) 
    Source Clock Delay      (SCD):    0.107ns
    Clock Pessimism Removal (CPR):    0.000ns
  Clock Uncertainty:      0.035ns  ((TSJ^2 + TIJ^2)^1/2 + DJ) / 2 + PE
    Total System Jitter     (TSJ):    0.071ns
    Total Input Jitter      (TIJ):    0.000ns
    Discrete Jitter          (DJ):    0.000ns
    Phase Error              (PE):    0.000ns

    Location             Delay type                Incr(ns)  Path(ns)    Netlist Resource(s)
  -------------------------------------------------------------------    -------------------
                         (clock ap_clk rise edge)     0.000     0.000 r  
                                                      0.000     0.000 r  ap_clk (IN)
                         net (fo=35449, unset)        0.107     0.107    bd_0_i/hls_inst/inst/grp_spmm_stage_fu_164/spmm_compute_U0/h_buf_13_U/ap_clk
                         RAMB18E2                                     r  bd_0_i/hls_inst/inst/grp_spmm_stage_fu_164/spmm_compute_U0/h_buf_13_U/ram_reg_bram_0/CLKARDCLK
  -------------------------------------------------------------------    -------------------
                         RAMB18E2 (Prop_RAMB18E2_CLKARDCLK_DOUTADOUT[7])
                                                      1.293     1.400 r  bd_0_i/hls_inst/inst/grp_spmm_stage_fu_164/spmm_compute_U0/h_buf_13_U/ram_reg_bram_0/DOUTADOUT[7]
                         net (fo=13, unplaced)        0.277     1.677    bd_0_i/hls_inst/inst/grp_spmm_stage_fu_164/spmm_compute_U0/h_buf_13_U/ram_reg_bram_0_0[2]
                         LUT5 (Prop_LUT5_I0_O)        0.225     1.902 r  bd_0_i/hls_inst/inst/grp_spmm_stage_fu_164/spmm_compute_U0/h_buf_13_U/ram_reg_0_1_6_6_i_34__12/O
                         net (fo=2, unplaced)         0.211     2.113    bd_0_i/hls_inst/inst/grp_spmm_stage_fu_164/spmm_compute_U0/h_buf_13_U/ram_reg_0_1_6_6_i_34__12_n_4
                         LUT6 (Prop_LUT6_I5_O)        0.058     2.171 r  bd_0_i/hls_inst/inst/grp_spmm_stage_fu_164/spmm_compute_U0/h_buf_13_U/ram_reg_0_1_6_6_i_19__12/O
                         net (fo=3, unplaced)         0.159     2.330    bd_0_i/hls_inst/inst/grp_spmm_stage_fu_164/spmm_compute_U0/h_buf_13_U/ram_reg_0_1_6_6_i_19__12_n_4
                         LUT6 (Prop_LUT6_I2_O)        0.137     2.467 f  bd_0_i/hls_inst/inst/grp_spmm_stage_fu_164/spmm_compute_U0/h_buf_13_U/ram_reg_0_1_6_6_i_16__12/O
                         net (fo=3, unplaced)         0.217     2.684    bd_0_i/hls_inst/inst/grp_spmm_stage_fu_164/spmm_compute_U0/h_buf_13_U/bits_a_reg_2689_reg[7]_rep_0
                         LUT3 (Prop_LUT3_I2_O)        0.058     2.742 r  bd_0_i/hls_inst/inst/grp_spmm_stage_fu_164/spmm_compute_U0/h_buf_13_U/ram_reg_0_1_6_6_i_15__12/O
                         net (fo=1, unplaced)         0.211     2.953    bd_0_i/hls_inst/inst/grp_spmm_stage_fu_164/spmm_compute_U0/grp_spmm_compute_Pipeline_SPMM_MAC_fu_1525/ram_reg_0_1_6_6_i_2__15_4
                         LUT6 (Prop_LUT6_I5_O)        0.060     3.013 r  bd_0_i/hls_inst/inst/grp_spmm_stage_fu_164/spmm_compute_U0/grp_spmm_compute_Pipeline_SPMM_MAC_fu_1525/ram_reg_0_1_6_6_i_3__15/O
                         net (fo=1, unplaced)         0.029     3.042    bd_0_i/hls_inst/inst/grp_spmm_stage_fu_164/spmm_compute_U0/grp_spmm_compute_Pipeline_SPMM_MAC_fu_1525/ram_reg_0_1_6_6_i_3__15_n_4
                         CARRY8 (Prop_CARRY8_S[7]_CO[7])
                                                      0.183     3.225 r  bd_0_i/hls_inst/inst/grp_spmm_stage_fu_164/spmm_compute_U0/grp_spmm_compute_Pipeline_SPMM_MAC_fu_1525/ram_reg_0_1_6_6_i_2__15/CO[7]
                         net (fo=1, unplaced)         0.006     3.231    bd_0_i/hls_inst/inst/grp_spmm_stage_fu_164/spmm_compute_U0/grp_spmm_compute_Pipeline_SPMM_MAC_fu_1525/ram_reg_0_1_6_6_i_2__15_n_4
                         CARRY8 (Prop_CARRY8_CI_O[1])
                                                      0.106     3.337 r  bd_0_i/hls_inst/inst/grp_spmm_stage_fu_164/spmm_compute_U0/grp_spmm_compute_Pipeline_SPMM_MAC_fu_1525/ram_reg_0_1_14_14_i_2__17/O[1]
                         net (fo=1, unplaced)         0.209     3.546    bd_0_i/hls_inst/inst/grp_spmm_stage_fu_164/spmm_compute_U0/h_buf_13_U/add_ln260_13_fu_1552_p2[1]
                         LUT2 (Prop_LUT2_I1_O)        0.058     3.604 r  bd_0_i/hls_inst/inst/grp_spmm_stage_fu_164/spmm_compute_U0/h_buf_13_U/ram_reg_0_1_15_15_i_1__12/O
                         net (fo=2, unplaced)         0.257     3.861    bd_0_i/hls_inst/inst/grp_spmm_stage_fu_164/spmm_compute_U0/acc_13_U/ram_reg_0_1_15_15/D
                         RAMD32                                       r  bd_0_i/hls_inst/inst/grp_spmm_stage_fu_164/spmm_compute_U0/acc_13_U/ram_reg_0_1_15_15/DP/I
  -------------------------------------------------------------------    -------------------

                         (clock ap_clk rise edge)    10.000    10.000 r  
                                                      0.000    10.000 r  ap_clk (IN)
                         net (fo=35449, unset)        0.059    10.059    bd_0_i/hls_inst/inst/grp_spmm_stage_fu_164/spmm_compute_U0/acc_13_U/ram_reg_0_1_15_15/WCLK
                         RAMD32                                       r  bd_0_i/hls_inst/inst/grp_spmm_stage_fu_164/spmm_compute_U0/acc_13_U/ram_reg_0_1_15_15/DP/CLK
                         clock pessimism              0.000    10.059    
                         clock uncertainty           -0.035    10.024    
                         RAMD32 (Setup_RAMD32_CLK_I)
                                                     -0.134     9.890    bd_0_i/hls_inst/inst/grp_spmm_stage_fu_164/spmm_compute_U0/acc_13_U/ram_reg_0_1_15_15/DP
  -------------------------------------------------------------------
                         required time                          9.890    
                         arrival time                          -3.861    
  -------------------------------------------------------------------
                         slack                                  6.029    

Slack (MET) :             6.029ns  (required time - arrival time)
  Source:                 bd_0_i/hls_inst/inst/grp_spmm_stage_fu_164/spmm_compute_U0/h_buf_14_U/ram_reg_bram_0/CLKARDCLK
                            (rising edge-triggered cell RAMB18E2 clocked by ap_clk  {rise@0.000ns fall@5.000ns period=10.000ns})
  Destination:            bd_0_i/hls_inst/inst/grp_spmm_stage_fu_164/spmm_compute_U0/acc_14_U/ram_reg_0_1_15_15/DP/I
                            (rising edge-triggered cell RAMD32 clocked by ap_clk  {rise@0.000ns fall@5.000ns period=10.000ns})
  Path Group:             ap_clk
  Path Type:              Setup (Max at Slow Process Corner)
  Requirement:            10.000ns  (ap_clk rise@10.000ns - ap_clk rise@0.000ns)
  Data Path Delay:        3.754ns  (logic 2.178ns (58.018%)  route 1.576ns (41.982%))
  Logic Levels:           8  (CARRY8=2 LUT2=1 LUT3=1 LUT5=1 LUT6=3)
  Clock Path Skew:        -0.048ns (DCD - SCD + CPR)
    Destination Clock Delay (DCD):    0.059ns = ( 10.059 - 10.000 ) 
    Source Clock Delay      (SCD):    0.107ns
    Clock Pessimism Removal (CPR):    0.000ns
  Clock Uncertainty:      0.035ns  ((TSJ^2 + TIJ^2)^1/2 + DJ) / 2 + PE
    Total System Jitter     (TSJ):    0.071ns
    Total Input Jitter      (TIJ):    0.000ns
    Discrete Jitter          (DJ):    0.000ns
    Phase Error              (PE):    0.000ns

    Location             Delay type                Incr(ns)  Path(ns)    Netlist Resource(s)
  -------------------------------------------------------------------    -------------------
                         (clock ap_clk rise edge)     0.000     0.000 r  
                                                      0.000     0.000 r  ap_clk (IN)
                         net (fo=35449, unset)        0.107     0.107    bd_0_i/hls_inst/inst/grp_spmm_stage_fu_164/spmm_compute_U0/h_buf_14_U/ap_clk
                         RAMB18E2                                     r  bd_0_i/hls_inst/inst/grp_spmm_stage_fu_164/spmm_compute_U0/h_buf_14_U/ram_reg_bram_0/CLKARDCLK
  -------------------------------------------------------------------    -------------------
                         RAMB18E2 (Prop_RAMB18E2_CLKARDCLK_DOUTADOUT[7])
                                                      1.293     1.400 r  bd_0_i/hls_inst/inst/grp_spmm_stage_fu_164/spmm_compute_U0/h_buf_14_U/ram_reg_bram_0/DOUTADOUT[7]
                         net (fo=13, unplaced)        0.277     1.677    bd_0_i/hls_inst/inst/grp_spmm_stage_fu_164/spmm_compute_U0/h_buf_14_U/ram_reg_bram_0_0[2]
                         LUT5 (Prop_LUT5_I0_O)        0.225     1.902 r  bd_0_i/hls_inst/inst/grp_spmm_stage_fu_164/spmm_compute_U0/h_buf_14_U/ram_reg_0_1_6_6_i_34__13/O
                         net (fo=2, unplaced)         0.211     2.113    bd_0_i/hls_inst/inst/grp_spmm_stage_fu_164/spmm_compute_U0/h_buf_14_U/ram_reg_0_1_6_6_i_34__13_n_4
                         LUT6 (Prop_LUT6_I5_O)        0.058     2.171 r  bd_0_i/hls_inst/inst/grp_spmm_stage_fu_164/spmm_compute_U0/h_buf_14_U/ram_reg_0_1_6_6_i_19__13/O
                         net (fo=3, unplaced)         0.159     2.330    bd_0_i/hls_inst/inst/grp_spmm_stage_fu_164/spmm_compute_U0/h_buf_14_U/ram_reg_0_1_6_6_i_19__13_n_4
                         LUT6 (Prop_LUT6_I2_O)        0.137     2.467 f  bd_0_i/hls_inst/inst/grp_spmm_stage_fu_164/spmm_compute_U0/h_buf_14_U/ram_reg_0_1_6_6_i_16__13/O
                         net (fo=3, unplaced)         0.217     2.684    bd_0_i/hls_inst/inst/grp_spmm_stage_fu_164/spmm_compute_U0/h_buf_14_U/bits_a_reg_2689_reg[7]_rep_0
                         LUT3 (Prop_LUT3_I2_O)        0.058     2.742 r  bd_0_i/hls_inst/inst/grp_spmm_stage_fu_164/spmm_compute_U0/h_buf_14_U/ram_reg_0_1_6_6_i_15__13/O
                         net (fo=1, unplaced)         0.211     2.953    bd_0_i/hls_inst/inst/grp_spmm_stage_fu_164/spmm_compute_U0/grp_spmm_compute_Pipeline_SPMM_MAC_fu_1525/ram_reg_0_1_6_6_i_2__14_4
                         LUT6 (Prop_LUT6_I5_O)        0.060     3.013 r  bd_0_i/hls_inst/inst/grp_spmm_stage_fu_164/spmm_compute_U0/grp_spmm_compute_Pipeline_SPMM_MAC_fu_1525/ram_reg_0_1_6_6_i_3__14/O
                         net (fo=1, unplaced)         0.029     3.042    bd_0_i/hls_inst/inst/grp_spmm_stage_fu_164/spmm_compute_U0/grp_spmm_compute_Pipeline_SPMM_MAC_fu_1525/ram_reg_0_1_6_6_i_3__14_n_4
                         CARRY8 (Prop_CARRY8_S[7]_CO[7])
                                                      0.183     3.225 r  bd_0_i/hls_inst/inst/grp_spmm_stage_fu_164/spmm_compute_U0/grp_spmm_compute_Pipeline_SPMM_MAC_fu_1525/ram_reg_0_1_6_6_i_2__14/CO[7]
                         net (fo=1, unplaced)         0.006     3.231    bd_0_i/hls_inst/inst/grp_spmm_stage_fu_164/spmm_compute_U0/grp_spmm_compute_Pipeline_SPMM_MAC_fu_1525/ram_reg_0_1_6_6_i_2__14_n_4
                         CARRY8 (Prop_CARRY8_CI_O[1])
                                                      0.106     3.337 r  bd_0_i/hls_inst/inst/grp_spmm_stage_fu_164/spmm_compute_U0/grp_spmm_compute_Pipeline_SPMM_MAC_fu_1525/ram_reg_0_1_14_14_i_2__16/O[1]
                         net (fo=1, unplaced)         0.209     3.546    bd_0_i/hls_inst/inst/grp_spmm_stage_fu_164/spmm_compute_U0/h_buf_14_U/add_ln260_14_fu_1559_p2[1]
                         LUT2 (Prop_LUT2_I1_O)        0.058     3.604 r  bd_0_i/hls_inst/inst/grp_spmm_stage_fu_164/spmm_compute_U0/h_buf_14_U/ram_reg_0_1_15_15_i_1__13/O
                         net (fo=2, unplaced)         0.257     3.861    bd_0_i/hls_inst/inst/grp_spmm_stage_fu_164/spmm_compute_U0/acc_14_U/ram_reg_0_1_15_15/D
                         RAMD32                                       r  bd_0_i/hls_inst/inst/grp_spmm_stage_fu_164/spmm_compute_U0/acc_14_U/ram_reg_0_1_15_15/DP/I
  -------------------------------------------------------------------    -------------------

                         (clock ap_clk rise edge)    10.000    10.000 r  
                                                      0.000    10.000 r  ap_clk (IN)
                         net (fo=35449, unset)        0.059    10.059    bd_0_i/hls_inst/inst/grp_spmm_stage_fu_164/spmm_compute_U0/acc_14_U/ram_reg_0_1_15_15/WCLK
                         RAMD32                                       r  bd_0_i/hls_inst/inst/grp_spmm_stage_fu_164/spmm_compute_U0/acc_14_U/ram_reg_0_1_15_15/DP/CLK
                         clock pessimism              0.000    10.059    
                         clock uncertainty           -0.035    10.024    
                         RAMD32 (Setup_RAMD32_CLK_I)
                                                     -0.134     9.890    bd_0_i/hls_inst/inst/grp_spmm_stage_fu_164/spmm_compute_U0/acc_14_U/ram_reg_0_1_15_15/DP
  -------------------------------------------------------------------
                         required time                          9.890    
                         arrival time                          -3.861    
  -------------------------------------------------------------------
                         slack                                  6.029    

Slack (MET) :             6.029ns  (required time - arrival time)
  Source:                 bd_0_i/hls_inst/inst/grp_spmm_stage_fu_164/spmm_compute_U0/h_buf_15_U/ram_reg_bram_0/CLKARDCLK
                            (rising edge-triggered cell RAMB18E2 clocked by ap_clk  {rise@0.000ns fall@5.000ns period=10.000ns})
  Destination:            bd_0_i/hls_inst/inst/grp_spmm_stage_fu_164/spmm_compute_U0/acc_15_U/ram_reg_0_1_15_15/DP/I
                            (rising edge-triggered cell RAMD32 clocked by ap_clk  {rise@0.000ns fall@5.000ns period=10.000ns})
  Path Group:             ap_clk
  Path Type:              Setup (Max at Slow Process Corner)
  Requirement:            10.000ns  (ap_clk rise@10.000ns - ap_clk rise@0.000ns)
  Data Path Delay:        3.754ns  (logic 2.178ns (58.018%)  route 1.576ns (41.982%))
  Logic Levels:           8  (CARRY8=2 LUT2=1 LUT3=1 LUT5=1 LUT6=3)
  Clock Path Skew:        -0.048ns (DCD - SCD + CPR)
    Destination Clock Delay (DCD):    0.059ns = ( 10.059 - 10.000 ) 
    Source Clock Delay      (SCD):    0.107ns
    Clock Pessimism Removal (CPR):    0.000ns
  Clock Uncertainty:      0.035ns  ((TSJ^2 + TIJ^2)^1/2 + DJ) / 2 + PE
    Total System Jitter     (TSJ):    0.071ns
    Total Input Jitter      (TIJ):    0.000ns
    Discrete Jitter          (DJ):    0.000ns
    Phase Error              (PE):    0.000ns

    Location             Delay type                Incr(ns)  Path(ns)    Netlist Resource(s)
  -------------------------------------------------------------------    -------------------
                         (clock ap_clk rise edge)     0.000     0.000 r  
                                                      0.000     0.000 r  ap_clk (IN)
                         net (fo=35449, unset)        0.107     0.107    bd_0_i/hls_inst/inst/grp_spmm_stage_fu_164/spmm_compute_U0/h_buf_15_U/ap_clk
                         RAMB18E2                                     r  bd_0_i/hls_inst/inst/grp_spmm_stage_fu_164/spmm_compute_U0/h_buf_15_U/ram_reg_bram_0/CLKARDCLK
  -------------------------------------------------------------------    -------------------
                         RAMB18E2 (Prop_RAMB18E2_CLKARDCLK_DOUTADOUT[7])
                                                      1.293     1.400 r  bd_0_i/hls_inst/inst/grp_spmm_stage_fu_164/spmm_compute_U0/h_buf_15_U/ram_reg_bram_0/DOUTADOUT[7]
                         net (fo=13, unplaced)        0.277     1.677    bd_0_i/hls_inst/inst/grp_spmm_stage_fu_164/spmm_compute_U0/h_buf_15_U/ram_reg_bram_0_0[2]
                         LUT5 (Prop_LUT5_I0_O)        0.225     1.902 r  bd_0_i/hls_inst/inst/grp_spmm_stage_fu_164/spmm_compute_U0/h_buf_15_U/ram_reg_0_1_6_6_i_34__14/O
                         net (fo=2, unplaced)         0.211     2.113    bd_0_i/hls_inst/inst/grp_spmm_stage_fu_164/spmm_compute_U0/h_buf_15_U/ram_reg_0_1_6_6_i_34__14_n_4
                         LUT6 (Prop_LUT6_I5_O)        0.058     2.171 r  bd_0_i/hls_inst/inst/grp_spmm_stage_fu_164/spmm_compute_U0/h_buf_15_U/ram_reg_0_1_6_6_i_19__14/O
                         net (fo=3, unplaced)         0.159     2.330    bd_0_i/hls_inst/inst/grp_spmm_stage_fu_164/spmm_compute_U0/h_buf_15_U/ram_reg_0_1_6_6_i_19__14_n_4
                         LUT6 (Prop_LUT6_I2_O)        0.137     2.467 f  bd_0_i/hls_inst/inst/grp_spmm_stage_fu_164/spmm_compute_U0/h_buf_15_U/ram_reg_0_1_6_6_i_16__14/O
                         net (fo=3, unplaced)         0.217     2.684    bd_0_i/hls_inst/inst/grp_spmm_stage_fu_164/spmm_compute_U0/h_buf_15_U/bits_a_reg_2689_reg[7]_rep_0
                         LUT3 (Prop_LUT3_I2_O)        0.058     2.742 r  bd_0_i/hls_inst/inst/grp_spmm_stage_fu_164/spmm_compute_U0/h_buf_15_U/ram_reg_0_1_6_6_i_15__14/O
                         net (fo=1, unplaced)         0.211     2.953    bd_0_i/hls_inst/inst/grp_spmm_stage_fu_164/spmm_compute_U0/grp_spmm_compute_Pipeline_SPMM_MAC_fu_1525/ram_reg_0_1_6_6_i_2__13_4
                         LUT6 (Prop_LUT6_I5_O)        0.060     3.013 r  bd_0_i/hls_inst/inst/grp_spmm_stage_fu_164/spmm_compute_U0/grp_spmm_compute_Pipeline_SPMM_MAC_fu_1525/ram_reg_0_1_6_6_i_3__13/O
                         net (fo=1, unplaced)         0.029     3.042    bd_0_i/hls_inst/inst/grp_spmm_stage_fu_164/spmm_compute_U0/grp_spmm_compute_Pipeline_SPMM_MAC_fu_1525/ram_reg_0_1_6_6_i_3__13_n_4
                         CARRY8 (Prop_CARRY8_S[7]_CO[7])
                                                      0.183     3.225 r  bd_0_i/hls_inst/inst/grp_spmm_stage_fu_164/spmm_compute_U0/grp_spmm_compute_Pipeline_SPMM_MAC_fu_1525/ram_reg_0_1_6_6_i_2__13/CO[7]
                         net (fo=1, unplaced)         0.006     3.231    bd_0_i/hls_inst/inst/grp_spmm_stage_fu_164/spmm_compute_U0/grp_spmm_compute_Pipeline_SPMM_MAC_fu_1525/ram_reg_0_1_6_6_i_2__13_n_4
                         CARRY8 (Prop_CARRY8_CI_O[1])
                                                      0.106     3.337 r  bd_0_i/hls_inst/inst/grp_spmm_stage_fu_164/spmm_compute_U0/grp_spmm_compute_Pipeline_SPMM_MAC_fu_1525/ram_reg_0_1_14_14_i_2__15/O[1]
                         net (fo=1, unplaced)         0.209     3.546    bd_0_i/hls_inst/inst/grp_spmm_stage_fu_164/spmm_compute_U0/h_buf_15_U/add_ln260_15_fu_1566_p2[1]
                         LUT2 (Prop_LUT2_I1_O)        0.058     3.604 r  bd_0_i/hls_inst/inst/grp_spmm_stage_fu_164/spmm_compute_U0/h_buf_15_U/ram_reg_0_1_15_15_i_1__14/O
                         net (fo=2, unplaced)         0.257     3.861    bd_0_i/hls_inst/inst/grp_spmm_stage_fu_164/spmm_compute_U0/acc_15_U/ram_reg_0_1_15_15/D
                         RAMD32                                       r  bd_0_i/hls_inst/inst/grp_spmm_stage_fu_164/spmm_compute_U0/acc_15_U/ram_reg_0_1_15_15/DP/I
  -------------------------------------------------------------------    -------------------

                         (clock ap_clk rise edge)    10.000    10.000 r  
                                                      0.000    10.000 r  ap_clk (IN)
                         net (fo=35449, unset)        0.059    10.059    bd_0_i/hls_inst/inst/grp_spmm_stage_fu_164/spmm_compute_U0/acc_15_U/ram_reg_0_1_15_15/WCLK
                         RAMD32                                       r  bd_0_i/hls_inst/inst/grp_spmm_stage_fu_164/spmm_compute_U0/acc_15_U/ram_reg_0_1_15_15/DP/CLK
                         clock pessimism              0.000    10.059    
                         clock uncertainty           -0.035    10.024    
                         RAMD32 (Setup_RAMD32_CLK_I)
                                                     -0.134     9.890    bd_0_i/hls_inst/inst/grp_spmm_stage_fu_164/spmm_compute_U0/acc_15_U/ram_reg_0_1_15_15/DP
  -------------------------------------------------------------------
                         required time                          9.890    
                         arrival time                          -3.861    
  -------------------------------------------------------------------
                         slack                                  6.029    

Slack (MET) :             6.029ns  (required time - arrival time)
  Source:                 bd_0_i/hls_inst/inst/grp_spmm_stage_fu_164/spmm_compute_U0/h_buf_16_U/ram_reg_bram_0/CLKARDCLK
                            (rising edge-triggered cell RAMB18E2 clocked by ap_clk  {rise@0.000ns fall@5.000ns period=10.000ns})
  Destination:            bd_0_i/hls_inst/inst/grp_spmm_stage_fu_164/spmm_compute_U0/acc_16_U/ram_reg_0_1_15_15/DP/I
                            (rising edge-triggered cell RAMD32 clocked by ap_clk  {rise@0.000ns fall@5.000ns period=10.000ns})
  Path Group:             ap_clk
  Path Type:              Setup (Max at Slow Process Corner)
  Requirement:            10.000ns  (ap_clk rise@10.000ns - ap_clk rise@0.000ns)
  Data Path Delay:        3.754ns  (logic 2.178ns (58.018%)  route 1.576ns (41.982%))
  Logic Levels:           8  (CARRY8=2 LUT2=1 LUT3=1 LUT5=1 LUT6=3)
  Clock Path Skew:        -0.048ns (DCD - SCD + CPR)
    Destination Clock Delay (DCD):    0.059ns = ( 10.059 - 10.000 ) 
    Source Clock Delay      (SCD):    0.107ns
    Clock Pessimism Removal (CPR):    0.000ns
  Clock Uncertainty:      0.035ns  ((TSJ^2 + TIJ^2)^1/2 + DJ) / 2 + PE
    Total System Jitter     (TSJ):    0.071ns
    Total Input Jitter      (TIJ):    0.000ns
    Discrete Jitter          (DJ):    0.000ns
    Phase Error              (PE):    0.000ns

    Location             Delay type                Incr(ns)  Path(ns)    Netlist Resource(s)
  -------------------------------------------------------------------    -------------------
                         (clock ap_clk rise edge)     0.000     0.000 r  
                                                      0.000     0.000 r  ap_clk (IN)
                         net (fo=35449, unset)        0.107     0.107    bd_0_i/hls_inst/inst/grp_spmm_stage_fu_164/spmm_compute_U0/h_buf_16_U/ap_clk
                         RAMB18E2                                     r  bd_0_i/hls_inst/inst/grp_spmm_stage_fu_164/spmm_compute_U0/h_buf_16_U/ram_reg_bram_0/CLKARDCLK
  -------------------------------------------------------------------    -------------------
                         RAMB18E2 (Prop_RAMB18E2_CLKARDCLK_DOUTADOUT[7])
                                                      1.293     1.400 r  bd_0_i/hls_inst/inst/grp_spmm_stage_fu_164/spmm_compute_U0/h_buf_16_U/ram_reg_bram_0/DOUTADOUT[7]
                         net (fo=13, unplaced)        0.277     1.677    bd_0_i/hls_inst/inst/grp_spmm_stage_fu_164/spmm_compute_U0/h_buf_16_U/ram_reg_bram_0_0[2]
                         LUT5 (Prop_LUT5_I0_O)        0.225     1.902 r  bd_0_i/hls_inst/inst/grp_spmm_stage_fu_164/spmm_compute_U0/h_buf_16_U/ram_reg_0_1_6_6_i_36__15/O
                         net (fo=2, unplaced)         0.211     2.113    bd_0_i/hls_inst/inst/grp_spmm_stage_fu_164/spmm_compute_U0/h_buf_16_U/ram_reg_0_1_6_6_i_36__15_n_4
                         LUT6 (Prop_LUT6_I5_O)        0.058     2.171 r  bd_0_i/hls_inst/inst/grp_spmm_stage_fu_164/spmm_compute_U0/h_buf_16_U/ram_reg_0_1_6_6_i_21__15/O
                         net (fo=3, unplaced)         0.159     2.330    bd_0_i/hls_inst/inst/grp_spmm_stage_fu_164/spmm_compute_U0/h_buf_16_U/ram_reg_0_1_6_6_i_21__15_n_4
                         LUT6 (Prop_LUT6_I2_O)        0.137     2.467 f  bd_0_i/hls_inst/inst/grp_spmm_stage_fu_164/spmm_compute_U0/h_buf_16_U/ram_reg_0_1_6_6_i_18__15/O
                         net (fo=3, unplaced)         0.217     2.684    bd_0_i/hls_inst/inst/grp_spmm_stage_fu_164/spmm_compute_U0/h_buf_16_U/bits_a_reg_2689_reg[7]_rep_0
                         LUT3 (Prop_LUT3_I2_O)        0.058     2.742 r  bd_0_i/hls_inst/inst/grp_spmm_stage_fu_164/spmm_compute_U0/h_buf_16_U/ram_reg_0_1_6_6_i_17__15/O
                         net (fo=1, unplaced)         0.211     2.953    bd_0_i/hls_inst/inst/grp_spmm_stage_fu_164/spmm_compute_U0/grp_spmm_compute_Pipeline_SPMM_MAC_fu_1525/ram_reg_0_1_6_6_i_4__14_5
                         LUT6 (Prop_LUT6_I5_O)        0.060     3.013 r  bd_0_i/hls_inst/inst/grp_spmm_stage_fu_164/spmm_compute_U0/grp_spmm_compute_Pipeline_SPMM_MAC_fu_1525/ram_reg_0_1_6_6_i_5__0/O
                         net (fo=1, unplaced)         0.029     3.042    bd_0_i/hls_inst/inst/grp_spmm_stage_fu_164/spmm_compute_U0/grp_spmm_compute_Pipeline_SPMM_MAC_fu_1525/ram_reg_0_1_6_6_i_5__0_n_4
                         CARRY8 (Prop_CARRY8_S[7]_CO[7])
                                                      0.183     3.225 r  bd_0_i/hls_inst/inst/grp_spmm_stage_fu_164/spmm_compute_U0/grp_spmm_compute_Pipeline_SPMM_MAC_fu_1525/ram_reg_0_1_6_6_i_4__14/CO[7]
                         net (fo=1, unplaced)         0.006     3.231    bd_0_i/hls_inst/inst/grp_spmm_stage_fu_164/spmm_compute_U0/grp_spmm_compute_Pipeline_SPMM_MAC_fu_1525/ram_reg_0_1_6_6_i_4__14_n_4
                         CARRY8 (Prop_CARRY8_CI_O[1])
                                                      0.106     3.337 r  bd_0_i/hls_inst/inst/grp_spmm_stage_fu_164/spmm_compute_U0/grp_spmm_compute_Pipeline_SPMM_MAC_fu_1525/ram_reg_0_1_14_14_i_2__14/O[1]
                         net (fo=1, unplaced)         0.209     3.546    bd_0_i/hls_inst/inst/grp_spmm_stage_fu_164/spmm_compute_U0/h_buf_16_U/add_ln260_16_fu_1573_p2[1]
                         LUT2 (Prop_LUT2_I1_O)        0.058     3.604 r  bd_0_i/hls_inst/inst/grp_spmm_stage_fu_164/spmm_compute_U0/h_buf_16_U/ram_reg_0_1_15_15_i_1__15/O
                         net (fo=2, unplaced)         0.257     3.861    bd_0_i/hls_inst/inst/grp_spmm_stage_fu_164/spmm_compute_U0/acc_16_U/ram_reg_0_1_15_15/D
                         RAMD32                                       r  bd_0_i/hls_inst/inst/grp_spmm_stage_fu_164/spmm_compute_U0/acc_16_U/ram_reg_0_1_15_15/DP/I
  -------------------------------------------------------------------    -------------------

                         (clock ap_clk rise edge)    10.000    10.000 r  
                                                      0.000    10.000 r  ap_clk (IN)
                         net (fo=35449, unset)        0.059    10.059    bd_0_i/hls_inst/inst/grp_spmm_stage_fu_164/spmm_compute_U0/acc_16_U/ram_reg_0_1_15_15/WCLK
                         RAMD32                                       r  bd_0_i/hls_inst/inst/grp_spmm_stage_fu_164/spmm_compute_U0/acc_16_U/ram_reg_0_1_15_15/DP/CLK
                         clock pessimism              0.000    10.059    
                         clock uncertainty           -0.035    10.024    
                         RAMD32 (Setup_RAMD32_CLK_I)
                                                     -0.134     9.890    bd_0_i/hls_inst/inst/grp_spmm_stage_fu_164/spmm_compute_U0/acc_16_U/ram_reg_0_1_15_15/DP
  -------------------------------------------------------------------
                         required time                          9.890    
                         arrival time                          -3.861    
  -------------------------------------------------------------------
                         slack                                  6.029    

Slack (MET) :             6.029ns  (required time - arrival time)
  Source:                 bd_0_i/hls_inst/inst/grp_spmm_stage_fu_164/spmm_compute_U0/h_buf_17_U/ram_reg_bram_0/CLKARDCLK
                            (rising edge-triggered cell RAMB18E2 clocked by ap_clk  {rise@0.000ns fall@5.000ns period=10.000ns})
  Destination:            bd_0_i/hls_inst/inst/grp_spmm_stage_fu_164/spmm_compute_U0/acc_17_U/ram_reg_0_1_15_15/DP/I
                            (rising edge-triggered cell RAMD32 clocked by ap_clk  {rise@0.000ns fall@5.000ns period=10.000ns})
  Path Group:             ap_clk
  Path Type:              Setup (Max at Slow Process Corner)
  Requirement:            10.000ns  (ap_clk rise@10.000ns - ap_clk rise@0.000ns)
  Data Path Delay:        3.754ns  (logic 2.178ns (58.018%)  route 1.576ns (41.982%))
  Logic Levels:           8  (CARRY8=2 LUT2=1 LUT3=1 LUT5=1 LUT6=3)
  Clock Path Skew:        -0.048ns (DCD - SCD + CPR)
    Destination Clock Delay (DCD):    0.059ns = ( 10.059 - 10.000 ) 
    Source Clock Delay      (SCD):    0.107ns
    Clock Pessimism Removal (CPR):    0.000ns
  Clock Uncertainty:      0.035ns  ((TSJ^2 + TIJ^2)^1/2 + DJ) / 2 + PE
    Total System Jitter     (TSJ):    0.071ns
    Total Input Jitter      (TIJ):    0.000ns
    Discrete Jitter          (DJ):    0.000ns
    Phase Error              (PE):    0.000ns

    Location             Delay type                Incr(ns)  Path(ns)    Netlist Resource(s)
  -------------------------------------------------------------------    -------------------
                         (clock ap_clk rise edge)     0.000     0.000 r  
                                                      0.000     0.000 r  ap_clk (IN)
                         net (fo=35449, unset)        0.107     0.107    bd_0_i/hls_inst/inst/grp_spmm_stage_fu_164/spmm_compute_U0/h_buf_17_U/ap_clk
                         RAMB18E2                                     r  bd_0_i/hls_inst/inst/grp_spmm_stage_fu_164/spmm_compute_U0/h_buf_17_U/ram_reg_bram_0/CLKARDCLK
  -------------------------------------------------------------------    -------------------
                         RAMB18E2 (Prop_RAMB18E2_CLKARDCLK_DOUTADOUT[7])
                                                      1.293     1.400 r  bd_0_i/hls_inst/inst/grp_spmm_stage_fu_164/spmm_compute_U0/h_buf_17_U/ram_reg_bram_0/DOUTADOUT[7]
                         net (fo=13, unplaced)        0.277     1.677    bd_0_i/hls_inst/inst/grp_spmm_stage_fu_164/spmm_compute_U0/h_buf_17_U/ram_reg_bram_0_0[2]
                         LUT5 (Prop_LUT5_I0_O)        0.225     1.902 r  bd_0_i/hls_inst/inst/grp_spmm_stage_fu_164/spmm_compute_U0/h_buf_17_U/ram_reg_0_1_6_6_i_34__16/O
                         net (fo=2, unplaced)         0.211     2.113    bd_0_i/hls_inst/inst/grp_spmm_stage_fu_164/spmm_compute_U0/h_buf_17_U/ram_reg_0_1_6_6_i_34__16_n_4
                         LUT6 (Prop_LUT6_I5_O)        0.058     2.171 r  bd_0_i/hls_inst/inst/grp_spmm_stage_fu_164/spmm_compute_U0/h_buf_17_U/ram_reg_0_1_6_6_i_19__16/O
                         net (fo=3, unplaced)         0.159     2.330    bd_0_i/hls_inst/inst/grp_spmm_stage_fu_164/spmm_compute_U0/h_buf_17_U/ram_reg_0_1_6_6_i_19__16_n_4
                         LUT6 (Prop_LUT6_I2_O)        0.137     2.467 f  bd_0_i/hls_inst/inst/grp_spmm_stage_fu_164/spmm_compute_U0/h_buf_17_U/ram_reg_0_1_6_6_i_16__16/O
                         net (fo=3, unplaced)         0.217     2.684    bd_0_i/hls_inst/inst/grp_spmm_stage_fu_164/spmm_compute_U0/h_buf_17_U/bits_a_reg_2689_reg[7]_rep_0
                         LUT3 (Prop_LUT3_I2_O)        0.058     2.742 r  bd_0_i/hls_inst/inst/grp_spmm_stage_fu_164/spmm_compute_U0/h_buf_17_U/ram_reg_0_1_6_6_i_15__16/O
                         net (fo=1, unplaced)         0.211     2.953    bd_0_i/hls_inst/inst/grp_spmm_stage_fu_164/spmm_compute_U0/grp_spmm_compute_Pipeline_SPMM_MAC_fu_1525/ram_reg_0_1_6_6_i_2__12_4
                         LUT6 (Prop_LUT6_I5_O)        0.060     3.013 r  bd_0_i/hls_inst/inst/grp_spmm_stage_fu_164/spmm_compute_U0/grp_spmm_compute_Pipeline_SPMM_MAC_fu_1525/ram_reg_0_1_6_6_i_3__12/O
                         net (fo=1, unplaced)         0.029     3.042    bd_0_i/hls_inst/inst/grp_spmm_stage_fu_164/spmm_compute_U0/grp_spmm_compute_Pipeline_SPMM_MAC_fu_1525/ram_reg_0_1_6_6_i_3__12_n_4
                         CARRY8 (Prop_CARRY8_S[7]_CO[7])
                                                      0.183     3.225 r  bd_0_i/hls_inst/inst/grp_spmm_stage_fu_164/spmm_compute_U0/grp_spmm_compute_Pipeline_SPMM_MAC_fu_1525/ram_reg_0_1_6_6_i_2__12/CO[7]
                         net (fo=1, unplaced)         0.006     3.231    bd_0_i/hls_inst/inst/grp_spmm_stage_fu_164/spmm_compute_U0/grp_spmm_compute_Pipeline_SPMM_MAC_fu_1525/ram_reg_0_1_6_6_i_2__12_n_4
                         CARRY8 (Prop_CARRY8_CI_O[1])
                                                      0.106     3.337 r  bd_0_i/hls_inst/inst/grp_spmm_stage_fu_164/spmm_compute_U0/grp_spmm_compute_Pipeline_SPMM_MAC_fu_1525/ram_reg_0_1_14_14_i_2__13/O[1]
                         net (fo=1, unplaced)         0.209     3.546    bd_0_i/hls_inst/inst/grp_spmm_stage_fu_164/spmm_compute_U0/h_buf_17_U/add_ln260_17_fu_1580_p2[1]
                         LUT2 (Prop_LUT2_I1_O)        0.058     3.604 r  bd_0_i/hls_inst/inst/grp_spmm_stage_fu_164/spmm_compute_U0/h_buf_17_U/ram_reg_0_1_15_15_i_1__16/O
                         net (fo=2, unplaced)         0.257     3.861    bd_0_i/hls_inst/inst/grp_spmm_stage_fu_164/spmm_compute_U0/acc_17_U/ram_reg_0_1_15_15/D
                         RAMD32                                       r  bd_0_i/hls_inst/inst/grp_spmm_stage_fu_164/spmm_compute_U0/acc_17_U/ram_reg_0_1_15_15/DP/I
  -------------------------------------------------------------------    -------------------

                         (clock ap_clk rise edge)    10.000    10.000 r  
                                                      0.000    10.000 r  ap_clk (IN)
                         net (fo=35449, unset)        0.059    10.059    bd_0_i/hls_inst/inst/grp_spmm_stage_fu_164/spmm_compute_U0/acc_17_U/ram_reg_0_1_15_15/WCLK
                         RAMD32                                       r  bd_0_i/hls_inst/inst/grp_spmm_stage_fu_164/spmm_compute_U0/acc_17_U/ram_reg_0_1_15_15/DP/CLK
                         clock pessimism              0.000    10.059    
                         clock uncertainty           -0.035    10.024    
                         RAMD32 (Setup_RAMD32_CLK_I)
                                                     -0.134     9.890    bd_0_i/hls_inst/inst/grp_spmm_stage_fu_164/spmm_compute_U0/acc_17_U/ram_reg_0_1_15_15/DP
  -------------------------------------------------------------------
                         required time                          9.890    
                         arrival time                          -3.861    
  -------------------------------------------------------------------
                         slack                                  6.029    

Slack (MET) :             6.029ns  (required time - arrival time)
  Source:                 bd_0_i/hls_inst/inst/grp_spmm_stage_fu_164/spmm_compute_U0/h_buf_18_U/ram_reg_bram_0/CLKARDCLK
                            (rising edge-triggered cell RAMB18E2 clocked by ap_clk  {rise@0.000ns fall@5.000ns period=10.000ns})
  Destination:            bd_0_i/hls_inst/inst/grp_spmm_stage_fu_164/spmm_compute_U0/acc_18_U/ram_reg_0_1_15_15/DP/I
                            (rising edge-triggered cell RAMD32 clocked by ap_clk  {rise@0.000ns fall@5.000ns period=10.000ns})
  Path Group:             ap_clk
  Path Type:              Setup (Max at Slow Process Corner)
  Requirement:            10.000ns  (ap_clk rise@10.000ns - ap_clk rise@0.000ns)
  Data Path Delay:        3.754ns  (logic 2.178ns (58.018%)  route 1.576ns (41.982%))
  Logic Levels:           8  (CARRY8=2 LUT2=1 LUT3=1 LUT5=1 LUT6=3)
  Clock Path Skew:        -0.048ns (DCD - SCD + CPR)
    Destination Clock Delay (DCD):    0.059ns = ( 10.059 - 10.000 ) 
    Source Clock Delay      (SCD):    0.107ns
    Clock Pessimism Removal (CPR):    0.000ns
  Clock Uncertainty:      0.035ns  ((TSJ^2 + TIJ^2)^1/2 + DJ) / 2 + PE
    Total System Jitter     (TSJ):    0.071ns
    Total Input Jitter      (TIJ):    0.000ns
    Discrete Jitter          (DJ):    0.000ns
    Phase Error              (PE):    0.000ns

    Location             Delay type                Incr(ns)  Path(ns)    Netlist Resource(s)
  -------------------------------------------------------------------    -------------------
                         (clock ap_clk rise edge)     0.000     0.000 r  
                                                      0.000     0.000 r  ap_clk (IN)
                         net (fo=35449, unset)        0.107     0.107    bd_0_i/hls_inst/inst/grp_spmm_stage_fu_164/spmm_compute_U0/h_buf_18_U/ap_clk
                         RAMB18E2                                     r  bd_0_i/hls_inst/inst/grp_spmm_stage_fu_164/spmm_compute_U0/h_buf_18_U/ram_reg_bram_0/CLKARDCLK
  -------------------------------------------------------------------    -------------------
                         RAMB18E2 (Prop_RAMB18E2_CLKARDCLK_DOUTADOUT[7])
                                                      1.293     1.400 r  bd_0_i/hls_inst/inst/grp_spmm_stage_fu_164/spmm_compute_U0/h_buf_18_U/ram_reg_bram_0/DOUTADOUT[7]
                         net (fo=13, unplaced)        0.277     1.677    bd_0_i/hls_inst/inst/grp_spmm_stage_fu_164/spmm_compute_U0/h_buf_18_U/ram_reg_bram_0_0[2]
                         LUT5 (Prop_LUT5_I0_O)        0.225     1.902 r  bd_0_i/hls_inst/inst/grp_spmm_stage_fu_164/spmm_compute_U0/h_buf_18_U/ram_reg_0_1_6_6_i_34__17/O
                         net (fo=2, unplaced)         0.211     2.113    bd_0_i/hls_inst/inst/grp_spmm_stage_fu_164/spmm_compute_U0/h_buf_18_U/ram_reg_0_1_6_6_i_34__17_n_4
                         LUT6 (Prop_LUT6_I5_O)        0.058     2.171 r  bd_0_i/hls_inst/inst/grp_spmm_stage_fu_164/spmm_compute_U0/h_buf_18_U/ram_reg_0_1_6_6_i_19__17/O
                         net (fo=3, unplaced)         0.159     2.330    bd_0_i/hls_inst/inst/grp_spmm_stage_fu_164/spmm_compute_U0/h_buf_18_U/ram_reg_0_1_6_6_i_19__17_n_4
                         LUT6 (Prop_LUT6_I2_O)        0.137     2.467 f  bd_0_i/hls_inst/inst/grp_spmm_stage_fu_164/spmm_compute_U0/h_buf_18_U/ram_reg_0_1_6_6_i_16__17/O
                         net (fo=3, unplaced)         0.217     2.684    bd_0_i/hls_inst/inst/grp_spmm_stage_fu_164/spmm_compute_U0/h_buf_18_U/bits_a_reg_2689_reg[7]_rep_0
                         LUT3 (Prop_LUT3_I2_O)        0.058     2.742 r  bd_0_i/hls_inst/inst/grp_spmm_stage_fu_164/spmm_compute_U0/h_buf_18_U/ram_reg_0_1_6_6_i_15__17/O
                         net (fo=1, unplaced)         0.211     2.953    bd_0_i/hls_inst/inst/grp_spmm_stage_fu_164/spmm_compute_U0/grp_spmm_compute_Pipeline_SPMM_MAC_fu_1525/ram_reg_0_1_6_6_i_2__11_4
                         LUT6 (Prop_LUT6_I5_O)        0.060     3.013 r  bd_0_i/hls_inst/inst/grp_spmm_stage_fu_164/spmm_compute_U0/grp_spmm_compute_Pipeline_SPMM_MAC_fu_1525/ram_reg_0_1_6_6_i_3__11/O
                         net (fo=1, unplaced)         0.029     3.042    bd_0_i/hls_inst/inst/grp_spmm_stage_fu_164/spmm_compute_U0/grp_spmm_compute_Pipeline_SPMM_MAC_fu_1525/ram_reg_0_1_6_6_i_3__11_n_4
                         CARRY8 (Prop_CARRY8_S[7]_CO[7])
                                                      0.183     3.225 r  bd_0_i/hls_inst/inst/grp_spmm_stage_fu_164/spmm_compute_U0/grp_spmm_compute_Pipeline_SPMM_MAC_fu_1525/ram_reg_0_1_6_6_i_2__11/CO[7]
                         net (fo=1, unplaced)         0.006     3.231    bd_0_i/hls_inst/inst/grp_spmm_stage_fu_164/spmm_compute_U0/grp_spmm_compute_Pipeline_SPMM_MAC_fu_1525/ram_reg_0_1_6_6_i_2__11_n_4
                         CARRY8 (Prop_CARRY8_CI_O[1])
                                                      0.106     3.337 r  bd_0_i/hls_inst/inst/grp_spmm_stage_fu_164/spmm_compute_U0/grp_spmm_compute_Pipeline_SPMM_MAC_fu_1525/ram_reg_0_1_14_14_i_2__12/O[1]
                         net (fo=1, unplaced)         0.209     3.546    bd_0_i/hls_inst/inst/grp_spmm_stage_fu_164/spmm_compute_U0/h_buf_18_U/add_ln260_18_fu_1587_p2[1]
                         LUT2 (Prop_LUT2_I1_O)        0.058     3.604 r  bd_0_i/hls_inst/inst/grp_spmm_stage_fu_164/spmm_compute_U0/h_buf_18_U/ram_reg_0_1_15_15_i_1__17/O
                         net (fo=2, unplaced)         0.257     3.861    bd_0_i/hls_inst/inst/grp_spmm_stage_fu_164/spmm_compute_U0/acc_18_U/ram_reg_0_1_15_15/D
                         RAMD32                                       r  bd_0_i/hls_inst/inst/grp_spmm_stage_fu_164/spmm_compute_U0/acc_18_U/ram_reg_0_1_15_15/DP/I
  -------------------------------------------------------------------    -------------------

                         (clock ap_clk rise edge)    10.000    10.000 r  
                                                      0.000    10.000 r  ap_clk (IN)
                         net (fo=35449, unset)        0.059    10.059    bd_0_i/hls_inst/inst/grp_spmm_stage_fu_164/spmm_compute_U0/acc_18_U/ram_reg_0_1_15_15/WCLK
                         RAMD32                                       r  bd_0_i/hls_inst/inst/grp_spmm_stage_fu_164/spmm_compute_U0/acc_18_U/ram_reg_0_1_15_15/DP/CLK
                         clock pessimism              0.000    10.059    
                         clock uncertainty           -0.035    10.024    
                         RAMD32 (Setup_RAMD32_CLK_I)
                                                     -0.134     9.890    bd_0_i/hls_inst/inst/grp_spmm_stage_fu_164/spmm_compute_U0/acc_18_U/ram_reg_0_1_15_15/DP
  -------------------------------------------------------------------
                         required time                          9.890    
                         arrival time                          -3.861    
  -------------------------------------------------------------------
                         slack                                  6.029    

Slack (MET) :             6.029ns  (required time - arrival time)
  Source:                 bd_0_i/hls_inst/inst/grp_spmm_stage_fu_164/spmm_compute_U0/h_buf_19_U/ram_reg_bram_0/CLKARDCLK
                            (rising edge-triggered cell RAMB18E2 clocked by ap_clk  {rise@0.000ns fall@5.000ns period=10.000ns})
  Destination:            bd_0_i/hls_inst/inst/grp_spmm_stage_fu_164/spmm_compute_U0/acc_19_U/ram_reg_0_1_15_15/DP/I
                            (rising edge-triggered cell RAMD32 clocked by ap_clk  {rise@0.000ns fall@5.000ns period=10.000ns})
  Path Group:             ap_clk
  Path Type:              Setup (Max at Slow Process Corner)
  Requirement:            10.000ns  (ap_clk rise@10.000ns - ap_clk rise@0.000ns)
  Data Path Delay:        3.754ns  (logic 2.178ns (58.018%)  route 1.576ns (41.982%))
  Logic Levels:           8  (CARRY8=2 LUT2=1 LUT3=1 LUT5=1 LUT6=3)
  Clock Path Skew:        -0.048ns (DCD - SCD + CPR)
    Destination Clock Delay (DCD):    0.059ns = ( 10.059 - 10.000 ) 
    Source Clock Delay      (SCD):    0.107ns
    Clock Pessimism Removal (CPR):    0.000ns
  Clock Uncertainty:      0.035ns  ((TSJ^2 + TIJ^2)^1/2 + DJ) / 2 + PE
    Total System Jitter     (TSJ):    0.071ns
    Total Input Jitter      (TIJ):    0.000ns
    Discrete Jitter          (DJ):    0.000ns
    Phase Error              (PE):    0.000ns

    Location             Delay type                Incr(ns)  Path(ns)    Netlist Resource(s)
  -------------------------------------------------------------------    -------------------
                         (clock ap_clk rise edge)     0.000     0.000 r  
                                                      0.000     0.000 r  ap_clk (IN)
                         net (fo=35449, unset)        0.107     0.107    bd_0_i/hls_inst/inst/grp_spmm_stage_fu_164/spmm_compute_U0/h_buf_19_U/ap_clk
                         RAMB18E2                                     r  bd_0_i/hls_inst/inst/grp_spmm_stage_fu_164/spmm_compute_U0/h_buf_19_U/ram_reg_bram_0/CLKARDCLK
  -------------------------------------------------------------------    -------------------
                         RAMB18E2 (Prop_RAMB18E2_CLKARDCLK_DOUTADOUT[7])
                                                      1.293     1.400 r  bd_0_i/hls_inst/inst/grp_spmm_stage_fu_164/spmm_compute_U0/h_buf_19_U/ram_reg_bram_0/DOUTADOUT[7]
                         net (fo=13, unplaced)        0.277     1.677    bd_0_i/hls_inst/inst/grp_spmm_stage_fu_164/spmm_compute_U0/h_buf_19_U/ram_reg_bram_0_0[2]
                         LUT5 (Prop_LUT5_I0_O)        0.225     1.902 r  bd_0_i/hls_inst/inst/grp_spmm_stage_fu_164/spmm_compute_U0/h_buf_19_U/ram_reg_0_1_6_6_i_34__18/O
                         net (fo=2, unplaced)         0.211     2.113    bd_0_i/hls_inst/inst/grp_spmm_stage_fu_164/spmm_compute_U0/h_buf_19_U/ram_reg_0_1_6_6_i_34__18_n_4
                         LUT6 (Prop_LUT6_I5_O)        0.058     2.171 r  bd_0_i/hls_inst/inst/grp_spmm_stage_fu_164/spmm_compute_U0/h_buf_19_U/ram_reg_0_1_6_6_i_19__18/O
                         net (fo=3, unplaced)         0.159     2.330    bd_0_i/hls_inst/inst/grp_spmm_stage_fu_164/spmm_compute_U0/h_buf_19_U/ram_reg_0_1_6_6_i_19__18_n_4
                         LUT6 (Prop_LUT6_I2_O)        0.137     2.467 f  bd_0_i/hls_inst/inst/grp_spmm_stage_fu_164/spmm_compute_U0/h_buf_19_U/ram_reg_0_1_6_6_i_16__18/O
                         net (fo=3, unplaced)         0.217     2.684    bd_0_i/hls_inst/inst/grp_spmm_stage_fu_164/spmm_compute_U0/h_buf_19_U/bits_a_reg_2689_reg[7]_rep_0
                         LUT3 (Prop_LUT3_I2_O)        0.058     2.742 r  bd_0_i/hls_inst/inst/grp_spmm_stage_fu_164/spmm_compute_U0/h_buf_19_U/ram_reg_0_1_6_6_i_15__18/O
                         net (fo=1, unplaced)         0.211     2.953    bd_0_i/hls_inst/inst/grp_spmm_stage_fu_164/spmm_compute_U0/grp_spmm_compute_Pipeline_SPMM_MAC_fu_1525/ram_reg_0_1_6_6_i_2__10_4
                         LUT6 (Prop_LUT6_I5_O)        0.060     3.013 r  bd_0_i/hls_inst/inst/grp_spmm_stage_fu_164/spmm_compute_U0/grp_spmm_compute_Pipeline_SPMM_MAC_fu_1525/ram_reg_0_1_6_6_i_3__10/O
                         net (fo=1, unplaced)         0.029     3.042    bd_0_i/hls_inst/inst/grp_spmm_stage_fu_164/spmm_compute_U0/grp_spmm_compute_Pipeline_SPMM_MAC_fu_1525/ram_reg_0_1_6_6_i_3__10_n_4
                         CARRY8 (Prop_CARRY8_S[7]_CO[7])
                                                      0.183     3.225 r  bd_0_i/hls_inst/inst/grp_spmm_stage_fu_164/spmm_compute_U0/grp_spmm_compute_Pipeline_SPMM_MAC_fu_1525/ram_reg_0_1_6_6_i_2__10/CO[7]
                         net (fo=1, unplaced)         0.006     3.231    bd_0_i/hls_inst/inst/grp_spmm_stage_fu_164/spmm_compute_U0/grp_spmm_compute_Pipeline_SPMM_MAC_fu_1525/ram_reg_0_1_6_6_i_2__10_n_4
                         CARRY8 (Prop_CARRY8_CI_O[1])
                                                      0.106     3.337 r  bd_0_i/hls_inst/inst/grp_spmm_stage_fu_164/spmm_compute_U0/grp_spmm_compute_Pipeline_SPMM_MAC_fu_1525/ram_reg_0_1_14_14_i_2__11/O[1]
                         net (fo=1, unplaced)         0.209     3.546    bd_0_i/hls_inst/inst/grp_spmm_stage_fu_164/spmm_compute_U0/h_buf_19_U/add_ln260_19_fu_1594_p2[1]
                         LUT2 (Prop_LUT2_I1_O)        0.058     3.604 r  bd_0_i/hls_inst/inst/grp_spmm_stage_fu_164/spmm_compute_U0/h_buf_19_U/ram_reg_0_1_15_15_i_1__18/O
                         net (fo=2, unplaced)         0.257     3.861    bd_0_i/hls_inst/inst/grp_spmm_stage_fu_164/spmm_compute_U0/acc_19_U/ram_reg_0_1_15_15/D
                         RAMD32                                       r  bd_0_i/hls_inst/inst/grp_spmm_stage_fu_164/spmm_compute_U0/acc_19_U/ram_reg_0_1_15_15/DP/I
  -------------------------------------------------------------------    -------------------

                         (clock ap_clk rise edge)    10.000    10.000 r  
                                                      0.000    10.000 r  ap_clk (IN)
                         net (fo=35449, unset)        0.059    10.059    bd_0_i/hls_inst/inst/grp_spmm_stage_fu_164/spmm_compute_U0/acc_19_U/ram_reg_0_1_15_15/WCLK
                         RAMD32                                       r  bd_0_i/hls_inst/inst/grp_spmm_stage_fu_164/spmm_compute_U0/acc_19_U/ram_reg_0_1_15_15/DP/CLK
                         clock pessimism              0.000    10.059    
                         clock uncertainty           -0.035    10.024    
                         RAMD32 (Setup_RAMD32_CLK_I)
                                                     -0.134     9.890    bd_0_i/hls_inst/inst/grp_spmm_stage_fu_164/spmm_compute_U0/acc_19_U/ram_reg_0_1_15_15/DP
  -------------------------------------------------------------------
                         required time                          9.890    
                         arrival time                          -3.861    
  -------------------------------------------------------------------
                         slack                                  6.029    




