Copyright 1986-2022 Xilinx, Inc. All Rights Reserved. Copyright 2022-2025 Advanced Micro Devices, Inc. All Rights Reserved.
-------------------------------------------------------------------------------------------------------------------------------------------------
| Tool Version : Vivado v.2025.2 (lin64) Build 6299465 Fri Nov 14 12:34:56 MST 2025
| Date         : Fri Apr 17 19:55:30 2026
| Host         : nat-Yoga-Pro-9-16IAH10 running 64-bit Ubuntu 24.04.3 LTS
| Command      : report_utilization -hierarchical -hierarchical_depth 9 -file ./report/integrated_gcn_approx_utilization_hierarchical_routed.rpt
| Design       : bd_0_wrapper
| Device       : xck26-sfvc784-2LV-c
| Speed File   : -2LV
| Design State : Routed
-------------------------------------------------------------------------------------------------------------------------------------------------

Utilization Design Information

Table of Contents
-----------------
1. Utilization by Hierarchy

1. Utilization by Hierarchy
---------------------------

+-------------------------------------------------------------------------+-----------------------------------------------------------------------------------+------------+------------+---------+------+-------+--------+--------+------+------------+
|                                 Instance                                |                                       Module                                      | Total LUTs | Logic LUTs | LUTRAMs | SRLs |  FFs  | RAMB36 | RAMB18 | URAM | DSP Blocks |
+-------------------------------------------------------------------------+-----------------------------------------------------------------------------------+------------+------------+---------+------+-------+--------+--------+------+------------+
| bd_0_wrapper                                                            |                                                                             (top) |      19804 |      12783 |    5420 | 1601 | 21072 |     21 |     39 |    0 |        257 |
|   bd_0_i                                                                |                                                                              bd_0 |      19804 |      12783 |    5420 | 1601 | 21072 |     21 |     39 |    0 |        257 |
|     hls_inst                                                            |                                                                   bd_0_hls_inst_0 |      19804 |      12783 |    5420 | 1601 | 21072 |     21 |     39 |    0 |        257 |
|       inst                                                              |                                             bd_0_hls_inst_0_integrated_gcn_approx |      19804 |      12783 |    5420 | 1601 | 21072 |     21 |     39 |    0 |        257 |
|         (inst)                                                          |                                             bd_0_hls_inst_0_integrated_gcn_approx |         11 |          5 |       0 |    6 |   465 |      0 |      0 |    0 |          0 |
|         control_s_axi_U                                                 |                               bd_0_hls_inst_0_integrated_gcn_approx_control_s_axi |        437 |        437 |       0 |    0 |   490 |      0 |      0 |    0 |          0 |
|         gmem0_m_axi_U                                                   |                                 bd_0_hls_inst_0_integrated_gcn_approx_gmem0_m_axi |        890 |        857 |       0 |   33 |  1669 |      7 |      1 |    0 |          0 |
|           bus_read                                                      |                            bd_0_hls_inst_0_integrated_gcn_approx_gmem0_m_axi_read |        790 |        790 |       0 |    0 |  1497 |      0 |      0 |    0 |          0 |
|             rreq_burst_conv                                             |                 bd_0_hls_inst_0_integrated_gcn_approx_gmem0_m_axi_burst_converter |        227 |        227 |       0 |    0 |   425 |      0 |      0 |    0 |          0 |
|               burst_sequential                                          |                bd_0_hls_inst_0_integrated_gcn_approx_gmem0_m_axi_burst_sequential |        227 |        227 |       0 |    0 |   425 |      0 |      0 |    0 |          0 |
|                 (burst_sequential)                                      |                bd_0_hls_inst_0_integrated_gcn_approx_gmem0_m_axi_burst_sequential |        119 |        119 |       0 |    0 |   300 |      0 |      0 |    0 |          0 |
|                 rs_req                                                  |                       bd_0_hls_inst_0_integrated_gcn_approx_gmem0_m_axi_reg_slice |        108 |        108 |       0 |    0 |   125 |      0 |      0 |    0 |          0 |
|             rs_rdata                                                    |       bd_0_hls_inst_0_integrated_gcn_approx_gmem0_m_axi_reg_slice__parameterized0 |        526 |        526 |       0 |    0 |  1041 |      0 |      0 |    0 |          0 |
|           load_unit_0                                                   |                            bd_0_hls_inst_0_integrated_gcn_approx_gmem0_m_axi_load |        102 |         69 |       0 |   33 |   172 |      7 |      1 |    0 |          0 |
|             (load_unit_0)                                               |                            bd_0_hls_inst_0_integrated_gcn_approx_gmem0_m_axi_load |          1 |          1 |       0 |    0 |    62 |      0 |      0 |    0 |          0 |
|             buff_rdata                                                  |            bd_0_hls_inst_0_integrated_gcn_approx_gmem0_m_axi_fifo__parameterized0 |         51 |         51 |       0 |    0 |    37 |      7 |      1 |    0 |          0 |
|             fifo_rreq                                                   |                            bd_0_hls_inst_0_integrated_gcn_approx_gmem0_m_axi_fifo |         51 |         18 |       0 |   33 |    73 |      0 |      0 |    0 |          0 |
|               U_fifo_srl                                                |                             bd_0_hls_inst_0_integrated_gcn_approx_gmem0_m_axi_srl |         36 |          3 |       0 |   33 |    59 |      0 |      0 |    0 |          0 |
|         gmem1_m_axi_U                                                   |                                 bd_0_hls_inst_0_integrated_gcn_approx_gmem1_m_axi |        905 |        869 |       0 |   36 |  1686 |      7 |      1 |    0 |          0 |
|           load_unit_0                                                   |                            bd_0_hls_inst_0_integrated_gcn_approx_gmem1_m_axi_load |        104 |         68 |       0 |   36 |   180 |      7 |      1 |    0 |          0 |
|             (load_unit_0)                                               |                            bd_0_hls_inst_0_integrated_gcn_approx_gmem1_m_axi_load |          0 |          0 |       0 |    0 |    67 |      0 |      0 |    0 |          0 |
|             fifo_rreq                                                   |                            bd_0_hls_inst_0_integrated_gcn_approx_gmem1_m_axi_fifo |         60 |         24 |       0 |   36 |    76 |      0 |      0 |    0 |          0 |
|               U_fifo_srl                                                |                             bd_0_hls_inst_0_integrated_gcn_approx_gmem1_m_axi_srl |         42 |          6 |       0 |   36 |    62 |      0 |      0 |    0 |          0 |
|           bus_read                                                      |                            bd_0_hls_inst_0_integrated_gcn_approx_gmem1_m_axi_read |        802 |        802 |       0 |    0 |  1506 |      0 |      0 |    0 |          0 |
|             rreq_burst_conv                                             |                 bd_0_hls_inst_0_integrated_gcn_approx_gmem1_m_axi_burst_converter |        237 |        237 |       0 |    0 |   434 |      0 |      0 |    0 |          0 |
|               burst_sequential                                          |                bd_0_hls_inst_0_integrated_gcn_approx_gmem1_m_axi_burst_sequential |        237 |        237 |       0 |    0 |   434 |      0 |      0 |    0 |          0 |
|                 (burst_sequential)                                      |                bd_0_hls_inst_0_integrated_gcn_approx_gmem1_m_axi_burst_sequential |        122 |        122 |       0 |    0 |   299 |      0 |      0 |    0 |          0 |
|                 rs_req                                                  |                       bd_0_hls_inst_0_integrated_gcn_approx_gmem1_m_axi_reg_slice |        115 |        115 |       0 |    0 |   135 |      0 |      0 |    0 |          0 |
|             rs_rdata                                                    |       bd_0_hls_inst_0_integrated_gcn_approx_gmem1_m_axi_reg_slice__parameterized0 |        530 |        530 |       0 |    0 |  1041 |      0 |      0 |    0 |          0 |
|         gmem2_m_axi_U                                                   |                                 bd_0_hls_inst_0_integrated_gcn_approx_gmem2_m_axi |       2024 |       1344 |       0 |  680 |  3717 |      7 |      1 |    0 |          0 |
|           bus_read                                                      |                            bd_0_hls_inst_0_integrated_gcn_approx_gmem2_m_axi_read |        788 |        788 |       0 |    0 |  1497 |      0 |      0 |    0 |          0 |
|             rreq_burst_conv                                             |             bd_0_hls_inst_0_integrated_gcn_approx_gmem2_m_axi_burst_converter_852 |        225 |        225 |       0 |    0 |   425 |      0 |      0 |    0 |          0 |
|               burst_sequential                                          |            bd_0_hls_inst_0_integrated_gcn_approx_gmem2_m_axi_burst_sequential_853 |        225 |        225 |       0 |    0 |   425 |      0 |      0 |    0 |          0 |
|                 (burst_sequential)                                      |            bd_0_hls_inst_0_integrated_gcn_approx_gmem2_m_axi_burst_sequential_853 |        119 |        119 |       0 |    0 |   300 |      0 |      0 |    0 |          0 |
|                 rs_req                                                  |                   bd_0_hls_inst_0_integrated_gcn_approx_gmem2_m_axi_reg_slice_854 |        106 |        106 |       0 |    0 |   125 |      0 |      0 |    0 |          0 |
|             rs_rdata                                                    |       bd_0_hls_inst_0_integrated_gcn_approx_gmem2_m_axi_reg_slice__parameterized3 |        525 |        525 |       0 |    0 |  1041 |      0 |      0 |    0 |          0 |
|           bus_write                                                     |                           bd_0_hls_inst_0_integrated_gcn_approx_gmem2_m_axi_write |        397 |        364 |       0 |   33 |  1252 |      0 |      0 |    0 |          0 |
|             wreq_burst_conv                                             |                 bd_0_hls_inst_0_integrated_gcn_approx_gmem2_m_axi_burst_converter |        225 |        225 |       0 |    0 |   425 |      0 |      0 |    0 |          0 |
|               burst_sequential                                          |                bd_0_hls_inst_0_integrated_gcn_approx_gmem2_m_axi_burst_sequential |        225 |        225 |       0 |    0 |   425 |      0 |      0 |    0 |          0 |
|                 (burst_sequential)                                      |                bd_0_hls_inst_0_integrated_gcn_approx_gmem2_m_axi_burst_sequential |        118 |        118 |       0 |    0 |   300 |      0 |      0 |    0 |          0 |
|                 rs_req                                                  |                       bd_0_hls_inst_0_integrated_gcn_approx_gmem2_m_axi_reg_slice |        107 |        107 |       0 |    0 |   125 |      0 |      0 |    0 |          0 |
|             wreq_throttle                                               |                        bd_0_hls_inst_0_integrated_gcn_approx_gmem2_m_axi_throttle |        147 |        115 |       0 |   32 |   804 |      0 |      0 |    0 |          0 |
|               (wreq_throttle)                                           |                        bd_0_hls_inst_0_integrated_gcn_approx_gmem2_m_axi_throttle |          6 |          6 |       0 |    0 |   587 |      0 |      0 |    0 |          0 |
|               fifo_burst_gen[0].fifo_req                                |            bd_0_hls_inst_0_integrated_gcn_approx_gmem2_m_axi_fifo__parameterized5 |         53 |         21 |       0 |   32 |    75 |      0 |      0 |    0 |          0 |
|                 U_fifo_srl                                              |             bd_0_hls_inst_0_integrated_gcn_approx_gmem2_m_axi_srl__parameterized4 |         33 |          1 |       0 |   32 |    58 |      0 |      0 |    0 |          0 |
|               rs_req                                                    |       bd_0_hls_inst_0_integrated_gcn_approx_gmem2_m_axi_reg_slice__parameterized1 |         69 |         69 |       0 |    0 |   129 |      0 |      0 |    0 |          0 |
|           load_unit_0                                                   |                            bd_0_hls_inst_0_integrated_gcn_approx_gmem2_m_axi_load |        108 |         75 |       0 |   33 |   172 |      7 |      1 |    0 |          0 |
|             (load_unit_0)                                               |                            bd_0_hls_inst_0_integrated_gcn_approx_gmem2_m_axi_load |          1 |          1 |       0 |    0 |    62 |      0 |      0 |    0 |          0 |
|             buff_rdata                                                  |            bd_0_hls_inst_0_integrated_gcn_approx_gmem2_m_axi_fifo__parameterized4 |         56 |         56 |       0 |    0 |    37 |      7 |      1 |    0 |          0 |
|             fifo_rreq                                                   |        bd_0_hls_inst_0_integrated_gcn_approx_gmem2_m_axi_fifo__parameterized0_846 |         52 |         19 |       0 |   33 |    73 |      0 |      0 |    0 |          0 |
|               U_fifo_srl                                                |         bd_0_hls_inst_0_integrated_gcn_approx_gmem2_m_axi_srl__parameterized0_847 |         37 |          4 |       0 |   33 |    59 |      0 |      0 |    0 |          0 |
|           store_unit_0                                                  |                           bd_0_hls_inst_0_integrated_gcn_approx_gmem2_m_axi_store |        734 |        120 |       0 |  614 |   796 |      0 |      0 |    0 |          0 |
|             (store_unit_0)                                              |                           bd_0_hls_inst_0_integrated_gcn_approx_gmem2_m_axi_store |          2 |          2 |       0 |    0 |    74 |      0 |      0 |    0 |          0 |
|             buff_wdata                                                  |            bd_0_hls_inst_0_integrated_gcn_approx_gmem2_m_axi_fifo__parameterized1 |        602 |         26 |       0 |  576 |   599 |      0 |      0 |    0 |          0 |
|               U_fifo_srl                                                |             bd_0_hls_inst_0_integrated_gcn_approx_gmem2_m_axi_srl__parameterized1 |        577 |          1 |       0 |  576 |   576 |      0 |      0 |    0 |          0 |
|             fifo_wreq                                                   |            bd_0_hls_inst_0_integrated_gcn_approx_gmem2_m_axi_fifo__parameterized0 |         50 |         17 |       0 |   33 |    73 |      0 |      0 |    0 |          0 |
|               U_fifo_srl                                                |             bd_0_hls_inst_0_integrated_gcn_approx_gmem2_m_axi_srl__parameterized0 |         36 |          3 |       0 |   33 |    59 |      0 |      0 |    0 |          0 |
|         gmem3_m_axi_U                                                   |                                 bd_0_hls_inst_0_integrated_gcn_approx_gmem3_m_axi |        450 |        413 |       0 |   37 |   772 |      0 |      1 |    0 |          0 |
|           bus_read                                                      |                            bd_0_hls_inst_0_integrated_gcn_approx_gmem3_m_axi_read |        342 |        342 |       0 |    0 |   580 |      0 |      0 |    0 |          0 |
|             rreq_burst_conv                                             |                 bd_0_hls_inst_0_integrated_gcn_approx_gmem3_m_axi_burst_converter |        267 |        267 |       0 |    0 |   478 |      0 |      0 |    0 |          0 |
|               burst_sequential                                          |                bd_0_hls_inst_0_integrated_gcn_approx_gmem3_m_axi_burst_sequential |        267 |        267 |       0 |    0 |   478 |      0 |      0 |    0 |          0 |
|                 (burst_sequential)                                      |                bd_0_hls_inst_0_integrated_gcn_approx_gmem3_m_axi_burst_sequential |        153 |        153 |       0 |    0 |   329 |      0 |      0 |    0 |          0 |
|                 rs_req                                                  |                       bd_0_hls_inst_0_integrated_gcn_approx_gmem3_m_axi_reg_slice |        114 |        114 |       0 |    0 |   149 |      0 |      0 |    0 |          0 |
|             rs_rdata                                                    |       bd_0_hls_inst_0_integrated_gcn_approx_gmem3_m_axi_reg_slice__parameterized0 |         39 |         39 |       0 |    0 |    71 |      0 |      0 |    0 |          0 |
|           load_unit_0                                                   |                            bd_0_hls_inst_0_integrated_gcn_approx_gmem3_m_axi_load |        109 |         72 |       0 |   37 |   192 |      0 |      1 |    0 |          0 |
|             (load_unit_0)                                               |                            bd_0_hls_inst_0_integrated_gcn_approx_gmem3_m_axi_load |          1 |          1 |       0 |    0 |    74 |      0 |      0 |    0 |          0 |
|             fifo_rreq                                                   |                            bd_0_hls_inst_0_integrated_gcn_approx_gmem3_m_axi_fifo |         63 |         26 |       0 |   37 |    81 |      0 |      0 |    0 |          0 |
|               U_fifo_srl                                                |                             bd_0_hls_inst_0_integrated_gcn_approx_gmem3_m_axi_srl |         46 |          9 |       0 |   37 |    67 |      0 |      0 |    0 |          0 |
|         gmem4_m_axi_U                                                   |                                 bd_0_hls_inst_0_integrated_gcn_approx_gmem4_m_axi |        517 |        469 |       0 |   48 |   861 |      0 |      1 |    0 |          0 |
|           bus_read                                                      |                            bd_0_hls_inst_0_integrated_gcn_approx_gmem4_m_axi_read |        364 |        364 |       0 |    0 |   623 |      0 |      0 |    0 |          0 |
|             rreq_burst_conv                                             |                 bd_0_hls_inst_0_integrated_gcn_approx_gmem4_m_axi_burst_converter |        289 |        289 |       0 |    0 |   521 |      0 |      0 |    0 |          0 |
|               burst_sequential                                          |                bd_0_hls_inst_0_integrated_gcn_approx_gmem4_m_axi_burst_sequential |        289 |        289 |       0 |    0 |   521 |      0 |      0 |    0 |          0 |
|                 (burst_sequential)                                      |                bd_0_hls_inst_0_integrated_gcn_approx_gmem4_m_axi_burst_sequential |        142 |        142 |       0 |    0 |   332 |      0 |      0 |    0 |          0 |
|                 rs_req                                                  |                       bd_0_hls_inst_0_integrated_gcn_approx_gmem4_m_axi_reg_slice |        147 |        147 |       0 |    0 |   189 |      0 |      0 |    0 |          0 |
|             rs_rdata                                                    |       bd_0_hls_inst_0_integrated_gcn_approx_gmem4_m_axi_reg_slice__parameterized0 |         39 |         39 |       0 |    0 |    71 |      0 |      0 |    0 |          0 |
|           load_unit_0                                                   |                            bd_0_hls_inst_0_integrated_gcn_approx_gmem4_m_axi_load |        154 |        106 |       0 |   48 |   238 |      0 |      1 |    0 |          0 |
|             (load_unit_0)                                               |                            bd_0_hls_inst_0_integrated_gcn_approx_gmem4_m_axi_load |          1 |          1 |       0 |    0 |    94 |      0 |      0 |    0 |          0 |
|             fifo_rreq                                                   |                            bd_0_hls_inst_0_integrated_gcn_approx_gmem4_m_axi_fifo |        107 |         59 |       0 |   48 |   107 |      0 |      0 |    0 |          0 |
|               U_fifo_srl                                                |                             bd_0_hls_inst_0_integrated_gcn_approx_gmem4_m_axi_srl |         89 |         41 |       0 |   48 |    93 |      0 |      0 |    0 |          0 |
|         gmem5_m_axi_U                                                   |                                 bd_0_hls_inst_0_integrated_gcn_approx_gmem5_m_axi |        626 |        574 |       0 |   52 |   968 |      0 |      1 |    0 |          0 |
|           bus_read                                                      |                            bd_0_hls_inst_0_integrated_gcn_approx_gmem5_m_axi_read |        386 |        386 |       0 |    0 |   631 |      0 |      0 |    0 |          0 |
|             rreq_burst_conv                                             |                 bd_0_hls_inst_0_integrated_gcn_approx_gmem5_m_axi_burst_converter |        309 |        309 |       0 |    0 |   529 |      0 |      0 |    0 |          0 |
|               burst_sequential                                          |                bd_0_hls_inst_0_integrated_gcn_approx_gmem5_m_axi_burst_sequential |        309 |        309 |       0 |    0 |   529 |      0 |      0 |    0 |          0 |
|                 (burst_sequential)                                      |                bd_0_hls_inst_0_integrated_gcn_approx_gmem5_m_axi_burst_sequential |        144 |        144 |       0 |    0 |   332 |      0 |      0 |    0 |          0 |
|                 rs_req                                                  |       bd_0_hls_inst_0_integrated_gcn_approx_gmem5_m_axi_reg_slice__parameterized0 |        166 |        166 |       0 |    0 |   197 |      0 |      0 |    0 |          0 |
|             rs_rdata                                                    |       bd_0_hls_inst_0_integrated_gcn_approx_gmem5_m_axi_reg_slice__parameterized1 |         39 |         39 |       0 |    0 |    71 |      0 |      0 |    0 |          0 |
|           load_unit_0                                                   |                            bd_0_hls_inst_0_integrated_gcn_approx_gmem5_m_axi_load |        241 |        189 |       0 |   52 |   337 |      0 |      1 |    0 |          0 |
|             (load_unit_0)                                               |                            bd_0_hls_inst_0_integrated_gcn_approx_gmem5_m_axi_load |          0 |          0 |       0 |    0 |   123 |      0 |      0 |    0 |          0 |
|             fifo_rreq                                                   |            bd_0_hls_inst_0_integrated_gcn_approx_gmem5_m_axi_fifo__parameterized0 |        104 |         56 |       0 |   48 |   109 |      0 |      0 |    0 |          0 |
|               U_fifo_srl                                                |             bd_0_hls_inst_0_integrated_gcn_approx_gmem5_m_axi_srl__parameterized0 |         89 |         41 |       0 |   48 |    95 |      0 |      0 |    0 |          0 |
|         gmem6_m_axi_U                                                   |                                 bd_0_hls_inst_0_integrated_gcn_approx_gmem6_m_axi |       1126 |        479 |       0 |  647 |  2043 |      0 |      0 |    0 |          0 |
|           bus_write                                                     |                           bd_0_hls_inst_0_integrated_gcn_approx_gmem6_m_axi_write |        400 |        367 |       0 |   33 |  1252 |      0 |      0 |    0 |          0 |
|             wreq_burst_conv                                             |                 bd_0_hls_inst_0_integrated_gcn_approx_gmem6_m_axi_burst_converter |        226 |        226 |       0 |    0 |   425 |      0 |      0 |    0 |          0 |
|               burst_sequential                                          |                bd_0_hls_inst_0_integrated_gcn_approx_gmem6_m_axi_burst_sequential |        226 |        226 |       0 |    0 |   425 |      0 |      0 |    0 |          0 |
|                 (burst_sequential)                                      |                bd_0_hls_inst_0_integrated_gcn_approx_gmem6_m_axi_burst_sequential |        118 |        118 |       0 |    0 |   300 |      0 |      0 |    0 |          0 |
|                 rs_req                                                  |                       bd_0_hls_inst_0_integrated_gcn_approx_gmem6_m_axi_reg_slice |        108 |        108 |       0 |    0 |   125 |      0 |      0 |    0 |          0 |
|             wreq_throttle                                               |                        bd_0_hls_inst_0_integrated_gcn_approx_gmem6_m_axi_throttle |        149 |        117 |       0 |   32 |   804 |      0 |      0 |    0 |          0 |
|               (wreq_throttle)                                           |                        bd_0_hls_inst_0_integrated_gcn_approx_gmem6_m_axi_throttle |          7 |          7 |       0 |    0 |   587 |      0 |      0 |    0 |          0 |
|               fifo_burst_gen[0].fifo_req                                |            bd_0_hls_inst_0_integrated_gcn_approx_gmem6_m_axi_fifo__parameterized4 |         53 |         21 |       0 |   32 |    75 |      0 |      0 |    0 |          0 |
|                 U_fifo_srl                                              |             bd_0_hls_inst_0_integrated_gcn_approx_gmem6_m_axi_srl__parameterized4 |         33 |          1 |       0 |   32 |    58 |      0 |      0 |    0 |          0 |
|               rs_req                                                    |       bd_0_hls_inst_0_integrated_gcn_approx_gmem6_m_axi_reg_slice__parameterized1 |         69 |         69 |       0 |    0 |   129 |      0 |      0 |    0 |          0 |
|           store_unit_0                                                  |                           bd_0_hls_inst_0_integrated_gcn_approx_gmem6_m_axi_store |        727 |        113 |       0 |  614 |   791 |      0 |      0 |    0 |          0 |
|             (store_unit_0)                                              |                           bd_0_hls_inst_0_integrated_gcn_approx_gmem6_m_axi_store |          2 |          2 |       0 |    0 |    74 |      0 |      0 |    0 |          0 |
|             buff_wdata                                                  |            bd_0_hls_inst_0_integrated_gcn_approx_gmem6_m_axi_fifo__parameterized1 |        601 |         25 |       0 |  576 |   599 |      0 |      0 |    0 |          0 |
|               U_fifo_srl                                                |             bd_0_hls_inst_0_integrated_gcn_approx_gmem6_m_axi_srl__parameterized1 |        576 |          0 |       0 |  576 |   576 |      0 |      0 |    0 |          0 |
|             fifo_wreq                                                   |            bd_0_hls_inst_0_integrated_gcn_approx_gmem6_m_axi_fifo__parameterized0 |         46 |         13 |       0 |   33 |    70 |      0 |      0 |    0 |          0 |
|               U_fifo_srl                                                |             bd_0_hls_inst_0_integrated_gcn_approx_gmem6_m_axi_srl__parameterized0 |         36 |          3 |       0 |   33 |    59 |      0 |      0 |    0 |          0 |
|         grp_gemm_stage_fu_148                                           |                                  bd_0_hls_inst_0_integrated_gcn_approx_gemm_stage |       9885 |       4865 |    4984 |   36 |  6375 |      0 |      0 |    0 |        257 |
|           gemm_write_U0                                                 |                                  bd_0_hls_inst_0_integrated_gcn_approx_gemm_write |         69 |         67 |       0 |    2 |   608 |      0 |      0 |    0 |          0 |
|             (gemm_write_U0)                                             |                                  bd_0_hls_inst_0_integrated_gcn_approx_gemm_write |         32 |         30 |       0 |    2 |   607 |      0 |      0 |    0 |          0 |
|           W_stream_U                                                    |                             bd_0_hls_inst_0_integrated_gcn_approx_fifo_w512_d16_A |        316 |         20 |     296 |    0 |   537 |      0 |      0 |    0 |          0 |
|             U_integrated_gcn_approx_fifo_w512_d16_A_ram                 |                     bd_0_hls_inst_0_integrated_gcn_approx_fifo_w512_d16_A_ram_840 |        297 |          1 |     296 |    0 |   512 |      0 |      0 |    0 |          0 |
|           XW_stream_U                                                   |                          bd_0_hls_inst_0_integrated_gcn_approx_fifo_w512_d16_A_66 |        309 |         13 |     296 |    0 |   533 |      0 |      0 |    0 |          0 |
|             U_integrated_gcn_approx_fifo_w512_d16_A_ram                 |                     bd_0_hls_inst_0_integrated_gcn_approx_fifo_w512_d16_A_ram_839 |        296 |          0 |     296 |    0 |   512 |      0 |      0 |    0 |          0 |
|           X_stream_U                                                    |                          bd_0_hls_inst_0_integrated_gcn_approx_fifo_w512_d16_A_67 |        317 |         21 |     296 |    0 |   539 |      0 |      0 |    0 |          0 |
|             U_integrated_gcn_approx_fifo_w512_d16_A_ram                 |                         bd_0_hls_inst_0_integrated_gcn_approx_fifo_w512_d16_A_ram |        298 |          2 |     296 |    0 |   512 |      0 |      0 |    0 |          0 |
|           gemm_compute_U0                                               |                                bd_0_hls_inst_0_integrated_gcn_approx_gemm_compute |       8670 |       4573 |    4096 |    1 |  3842 |      0 |      0 |    0 |        256 |
|             (gemm_compute_U0)                                           |                                bd_0_hls_inst_0_integrated_gcn_approx_gemm_compute |       2079 |       2079 |       0 |    0 |    50 |      0 |      0 |    0 |          0 |
|             grp_gemm_compute_Pipeline_COMP_EMIT_fu_1594                 |             bd_0_hls_inst_0_integrated_gcn_approx_gemm_compute_Pipeline_COMP_EMIT |       1947 |       1947 |       0 |    0 |    30 |      0 |      0 |    0 |          0 |
|               (grp_gemm_compute_Pipeline_COMP_EMIT_fu_1594)             |             bd_0_hls_inst_0_integrated_gcn_approx_gemm_compute_Pipeline_COMP_EMIT |       1857 |       1857 |       0 |    0 |    28 |      0 |      0 |    0 |          0 |
|               flow_control_loop_pipe_sequential_init_U                  |  bd_0_hls_inst_0_integrated_gcn_approx_flow_control_loop_pipe_sequential_init_838 |         90 |         90 |       0 |    0 |     2 |      0 |      0 |    0 |          0 |
|             grp_gemm_compute_Pipeline_COMP_INIT_fu_1070                 |             bd_0_hls_inst_0_integrated_gcn_approx_gemm_compute_Pipeline_COMP_INIT |        222 |        222 |       0 |    0 |     9 |      0 |      0 |    0 |          0 |
|               flow_control_loop_pipe_sequential_init_U                  |  bd_0_hls_inst_0_integrated_gcn_approx_flow_control_loop_pipe_sequential_init_837 |        220 |        220 |       0 |    0 |     2 |      0 |      0 |    0 |          0 |
|             grp_gemm_compute_Pipeline_COMP_KB_COMP_K_COMP_I_fu_1330     | bd_0_hls_inst_0_integrated_gcn_approx_gemm_compute_Pipeline_COMP_KB_COMP_K_COMP_I |        327 |        326 |       0 |    1 |   681 |      0 |      0 |    0 |        256 |
|               (grp_gemm_compute_Pipeline_COMP_KB_COMP_K_COMP_I_fu_1330) | bd_0_hls_inst_0_integrated_gcn_approx_gemm_compute_Pipeline_COMP_KB_COMP_K_COMP_I |        144 |        143 |       0 |    1 |   679 |      0 |      0 |    0 |          0 |
|           gemm_read_W_U0                                                |                                 bd_0_hls_inst_0_integrated_gcn_approx_gemm_read_W |         68 |         67 |       0 |    1 |   117 |      0 |      0 |    0 |          0 |
|             (gemm_read_W_U0)                                            |                                 bd_0_hls_inst_0_integrated_gcn_approx_gemm_read_W |         16 |         15 |       0 |    1 |   116 |      0 |      0 |    0 |          0 |
|             flow_control_loop_pipe_U                                    |                   bd_0_hls_inst_0_integrated_gcn_approx_flow_control_loop_pipe_70 |         54 |         54 |       0 |    0 |     1 |      0 |      0 |    0 |          0 |
|           gemm_read_X_U0                                                |                                 bd_0_hls_inst_0_integrated_gcn_approx_gemm_read_X |        128 |         96 |       0 |   32 |   188 |      0 |      0 |    0 |          1 |
|             (gemm_read_X_U0)                                            |                                 bd_0_hls_inst_0_integrated_gcn_approx_gemm_read_X |         63 |         31 |       0 |   32 |   187 |      0 |      0 |    0 |          0 |
|             flow_control_loop_pipe_U                                    |                   bd_0_hls_inst_0_integrated_gcn_approx_flow_control_loop_pipe_69 |         55 |         55 |       0 |    0 |     1 |      0 |      0 |    0 |          0 |
|         grp_spmm_stage_fu_164                                           |                                  bd_0_hls_inst_0_integrated_gcn_approx_spmm_stage |       2944 |       2482 |     436 |   26 |  2026 |      0 |     33 |    0 |          0 |
|           spmm_compute_U0                                               |                                bd_0_hls_inst_0_integrated_gcn_approx_spmm_compute |       1913 |       1509 |     404 |    0 |  1080 |      0 |     32 |    0 |          0 |
|             (spmm_compute_U0)                                           |                                bd_0_hls_inst_0_integrated_gcn_approx_spmm_compute |         92 |         92 |       0 |    0 |   287 |      0 |      0 |    0 |          0 |
|             grp_spmm_compute_Pipeline_SPMM_MAC_fu_1525                  |              bd_0_hls_inst_0_integrated_gcn_approx_spmm_compute_Pipeline_SPMM_MAC |        441 |        441 |       0 |    0 |     6 |      0 |      0 |    0 |          0 |
|               (grp_spmm_compute_Pipeline_SPMM_MAC_fu_1525)              |              bd_0_hls_inst_0_integrated_gcn_approx_spmm_compute_Pipeline_SPMM_MAC |        429 |        429 |       0 |    0 |     4 |      0 |      0 |    0 |          0 |
|             grp_spmm_compute_Pipeline_SPMM_WRITE_fu_1487                |            bd_0_hls_inst_0_integrated_gcn_approx_spmm_compute_Pipeline_SPMM_WRITE |        144 |        144 |       0 |    0 |    15 |      0 |      0 |    0 |          0 |
|               (grp_spmm_compute_Pipeline_SPMM_WRITE_fu_1487)            |            bd_0_hls_inst_0_integrated_gcn_approx_spmm_compute_Pipeline_SPMM_WRITE |        125 |        125 |       0 |    0 |    13 |      0 |      0 |    0 |          0 |
|           spmm_load_csr_U0                                              |                               bd_0_hls_inst_0_integrated_gcn_approx_spmm_load_csr |        243 |        243 |       0 |    0 |   203 |      0 |      0 |    0 |          0 |
|             (spmm_load_csr_U0)                                          |                               bd_0_hls_inst_0_integrated_gcn_approx_spmm_load_csr |        134 |        134 |       0 |    0 |    79 |      0 |      0 |    0 |          0 |
|             grp_spmm_load_csr_Pipeline_LOAD_NNZ_fu_128                  |             bd_0_hls_inst_0_integrated_gcn_approx_spmm_load_csr_Pipeline_LOAD_NNZ |         82 |         82 |       0 |    0 |    75 |      0 |      0 |    0 |          0 |
|               (grp_spmm_load_csr_Pipeline_LOAD_NNZ_fu_128)              |             bd_0_hls_inst_0_integrated_gcn_approx_spmm_load_csr_Pipeline_LOAD_NNZ |         10 |         10 |       0 |    0 |    73 |      0 |      0 |    0 |          0 |
|               flow_control_loop_pipe_sequential_init_U                  |    bd_0_hls_inst_0_integrated_gcn_approx_flow_control_loop_pipe_sequential_init_0 |         73 |         73 |       0 |    0 |     2 |      0 |      0 |    0 |          0 |
|           spmm_store_U0                                                 |                                  bd_0_hls_inst_0_integrated_gcn_approx_spmm_store |        597 |        595 |       0 |    2 |   632 |      0 |      0 |    0 |          0 |
|             (spmm_store_U0)                                             |                                  bd_0_hls_inst_0_integrated_gcn_approx_spmm_store |        532 |        530 |       0 |    2 |   631 |      0 |      0 |    0 |          0 |
|             flow_control_loop_pipe_U                                    |                      bd_0_hls_inst_0_integrated_gcn_approx_flow_control_loop_pipe |         66 |         66 |       0 |    0 |     1 |      0 |      0 |    0 |          0 |
|           val_fifo_U                                                    |                              bd_0_hls_inst_0_integrated_gcn_approx_fifo_w8_d256_A |         83 |         51 |      32 |    0 |    42 |      0 |      0 |    0 |          0 |
+-------------------------------------------------------------------------+-----------------------------------------------------------------------------------+------------+------------+---------+------+-------+--------+--------+------+------------+
* Note: The sum of lower-level cells may be larger than their parent cells total, due to cross-hierarchy LUT combining


