Copyright 1986-2022 Xilinx, Inc. All Rights Reserved. Copyright 2022-2025 Advanced Micro Devices, Inc. All Rights Reserved.
--------------------------------------------------------------------------------------------------------------------------------------------------
| Tool Version      : Vivado v.2025.2 (lin64) Build 6299465 Fri Nov 14 12:34:56 MST 2025
| Date              : Fri Apr 17 19:55:42 2026
| Host              : nat-Yoga-Pro-9-16IAH10 running 64-bit Ubuntu 24.04.3 LTS
| Command           : report_timing -max_paths 10 -file ./report/integrated_gcn_approx_timing_paths_routed.rpt
| Design            : bd_0_wrapper
| Device            : xck26-sfvc784
| Speed File        : -2LV  PRODUCTION 1.30 05-15-2022
| Design State      : Routed
| Temperature Grade : C
--------------------------------------------------------------------------------------------------------------------------------------------------

Timing Report

Slack (MET) :             2.051ns  (required time - arrival time)
  Source:                 bd_0_i/hls_inst/inst/grp_gemm_stage_fu_148/gemm_compute_U0/grp_gemm_compute_Pipeline_COMP_KB_COMP_K_COMP_I_fu_1330/lshr_ln3_reg_10341_reg[0]/C
                            (rising edge-triggered cell FDRE clocked by ap_clk  {rise@0.000ns fall@5.000ns period=10.000ns})
  Destination:            bd_0_i/hls_inst/inst/grp_gemm_stage_fu_148/gemm_compute_U0/grp_gemm_compute_Pipeline_COMP_KB_COMP_K_COMP_I_fu_1330/mac_muladd_8s_8s_16s_16_4_1_U478/integrated_gcn_approx_mac_muladd_8s_8s_16s_16_4_1_DSP48_0_U/p_reg_reg/DSP_C_DATA_INST/C[13]
                            (rising edge-triggered cell DSP_C_DATA clocked by ap_clk  {rise@0.000ns fall@5.000ns period=10.000ns})
  Path Group:             ap_clk
  Path Type:              Setup (Max at Slow Process Corner)
  Requirement:            10.000ns  (ap_clk rise@10.000ns - ap_clk rise@0.000ns)
  Data Path Delay:        7.532ns  (logic 0.334ns (4.434%)  route 7.198ns (95.566%))
  Logic Levels:           1  (RAMD32=1)
  Clock Path Skew:        0.013ns (DCD - SCD + CPR)
    Destination Clock Delay (DCD):    0.055ns = ( 10.055 - 10.000 ) 
    Source Clock Delay      (SCD):    0.042ns
    Clock Pessimism Removal (CPR):    0.000ns
  Clock Uncertainty:      0.035ns  ((TSJ^2 + TIJ^2)^1/2 + DJ) / 2 + PE
    Total System Jitter     (TSJ):    0.071ns
    Total Input Jitter      (TIJ):    0.000ns
    Discrete Jitter          (DJ):    0.000ns
    Phase Error              (PE):    0.000ns

    Location             Delay type                Incr(ns)  Path(ns)    Netlist Resource(s)
  -------------------------------------------------------------------    -------------------
                         (clock ap_clk rise edge)     0.000     0.000 r  
                                                      0.000     0.000 r  ap_clk (IN)
                         net (fo=35449, unset)        0.042     0.042    bd_0_i/hls_inst/inst/grp_gemm_stage_fu_148/gemm_compute_U0/grp_gemm_compute_Pipeline_COMP_KB_COMP_K_COMP_I_fu_1330/ap_clk
    SLICE_X44Y110        FDRE                                         r  bd_0_i/hls_inst/inst/grp_gemm_stage_fu_148/gemm_compute_U0/grp_gemm_compute_Pipeline_COMP_KB_COMP_K_COMP_I_fu_1330/lshr_ln3_reg_10341_reg[0]/C
  -------------------------------------------------------------------    -------------------
    SLICE_X44Y110        FDRE (Prop_GFF_SLICEL_C_Q)
                                                      0.114     0.156 r  bd_0_i/hls_inst/inst/grp_gemm_stage_fu_148/gemm_compute_U0/grp_gemm_compute_Pipeline_COMP_KB_COMP_K_COMP_I_fu_1330/lshr_ln3_reg_10341_reg[0]/Q
                         net (fo=4097, routed)        6.893     7.049    bd_0_i/hls_inst/inst/grp_gemm_stage_fu_148/gemm_compute_U0/XW_block_209_U/ram_reg_0_15_13_13/DPRA0
    SLICE_X20Y145        RAMD32 (Prop_C6LUT_SLICEM_RADR0_O)
                                                      0.220     7.269 r  bd_0_i/hls_inst/inst/grp_gemm_stage_fu_148/gemm_compute_U0/XW_block_209_U/ram_reg_0_15_13_13/DP/O
                         net (fo=1, routed)           0.305     7.574    bd_0_i/hls_inst/inst/grp_gemm_stage_fu_148/gemm_compute_U0/grp_gemm_compute_Pipeline_COMP_KB_COMP_K_COMP_I_fu_1330/mac_muladd_8s_8s_16s_16_4_1_U478/integrated_gcn_approx_mac_muladd_8s_8s_16s_16_4_1_DSP48_0_U/p_reg_reg/C[13]
    DSP48E2_X5Y58        DSP_C_DATA                                   r  bd_0_i/hls_inst/inst/grp_gemm_stage_fu_148/gemm_compute_U0/grp_gemm_compute_Pipeline_COMP_KB_COMP_K_COMP_I_fu_1330/mac_muladd_8s_8s_16s_16_4_1_U478/integrated_gcn_approx_mac_muladd_8s_8s_16s_16_4_1_DSP48_0_U/p_reg_reg/DSP_C_DATA_INST/C[13]
  -------------------------------------------------------------------    -------------------

                         (clock ap_clk rise edge)    10.000    10.000 r  
                                                      0.000    10.000 r  ap_clk (IN)
                         net (fo=35449, unset)        0.055    10.055    bd_0_i/hls_inst/inst/grp_gemm_stage_fu_148/gemm_compute_U0/grp_gemm_compute_Pipeline_COMP_KB_COMP_K_COMP_I_fu_1330/mac_muladd_8s_8s_16s_16_4_1_U478/integrated_gcn_approx_mac_muladd_8s_8s_16s_16_4_1_DSP48_0_U/p_reg_reg/CLK
    DSP48E2_X5Y58        DSP_C_DATA                                   r  bd_0_i/hls_inst/inst/grp_gemm_stage_fu_148/gemm_compute_U0/grp_gemm_compute_Pipeline_COMP_KB_COMP_K_COMP_I_fu_1330/mac_muladd_8s_8s_16s_16_4_1_U478/integrated_gcn_approx_mac_muladd_8s_8s_16s_16_4_1_DSP48_0_U/p_reg_reg/DSP_C_DATA_INST/CLK
                         clock pessimism              0.000    10.055    
                         clock uncertainty           -0.035    10.020    
    DSP48E2_X5Y58        DSP_C_DATA (Setup_DSP_C_DATA_DSP48E2_CLK_C[13])
                                                     -0.394     9.626    bd_0_i/hls_inst/inst/grp_gemm_stage_fu_148/gemm_compute_U0/grp_gemm_compute_Pipeline_COMP_KB_COMP_K_COMP_I_fu_1330/mac_muladd_8s_8s_16s_16_4_1_U478/integrated_gcn_approx_mac_muladd_8s_8s_16s_16_4_1_DSP48_0_U/p_reg_reg/DSP_C_DATA_INST
  -------------------------------------------------------------------
                         required time                          9.626    
                         arrival time                          -7.574    
  -------------------------------------------------------------------
                         slack                                  2.051    

Slack (MET) :             2.070ns  (required time - arrival time)
  Source:                 bd_0_i/hls_inst/inst/grp_gemm_stage_fu_148/gemm_compute_U0/grp_gemm_compute_Pipeline_COMP_KB_COMP_K_COMP_I_fu_1330/lshr_ln3_reg_10341_reg[0]/C
                            (rising edge-triggered cell FDRE clocked by ap_clk  {rise@0.000ns fall@5.000ns period=10.000ns})
  Destination:            bd_0_i/hls_inst/inst/grp_gemm_stage_fu_148/gemm_compute_U0/grp_gemm_compute_Pipeline_COMP_KB_COMP_K_COMP_I_fu_1330/mac_muladd_8s_8s_16s_16_4_1_U478/integrated_gcn_approx_mac_muladd_8s_8s_16s_16_4_1_DSP48_0_U/p_reg_reg/DSP_C_DATA_INST/C[14]
                            (rising edge-triggered cell DSP_C_DATA clocked by ap_clk  {rise@0.000ns fall@5.000ns period=10.000ns})
  Path Group:             ap_clk
  Path Type:              Setup (Max at Slow Process Corner)
  Requirement:            10.000ns  (ap_clk rise@10.000ns - ap_clk rise@0.000ns)
  Data Path Delay:        7.510ns  (logic 0.337ns (4.487%)  route 7.173ns (95.513%))
  Logic Levels:           1  (RAMD32=1)
  Clock Path Skew:        0.013ns (DCD - SCD + CPR)
    Destination Clock Delay (DCD):    0.055ns = ( 10.055 - 10.000 ) 
    Source Clock Delay      (SCD):    0.042ns
    Clock Pessimism Removal (CPR):    0.000ns
  Clock Uncertainty:      0.035ns  ((TSJ^2 + TIJ^2)^1/2 + DJ) / 2 + PE
    Total System Jitter     (TSJ):    0.071ns
    Total Input Jitter      (TIJ):    0.000ns
    Discrete Jitter          (DJ):    0.000ns
    Phase Error              (PE):    0.000ns

    Location             Delay type                Incr(ns)  Path(ns)    Netlist Resource(s)
  -------------------------------------------------------------------    -------------------
                         (clock ap_clk rise edge)     0.000     0.000 r  
                                                      0.000     0.000 r  ap_clk (IN)
                         net (fo=35449, unset)        0.042     0.042    bd_0_i/hls_inst/inst/grp_gemm_stage_fu_148/gemm_compute_U0/grp_gemm_compute_Pipeline_COMP_KB_COMP_K_COMP_I_fu_1330/ap_clk
    SLICE_X44Y110        FDRE                                         r  bd_0_i/hls_inst/inst/grp_gemm_stage_fu_148/gemm_compute_U0/grp_gemm_compute_Pipeline_COMP_KB_COMP_K_COMP_I_fu_1330/lshr_ln3_reg_10341_reg[0]/C
  -------------------------------------------------------------------    -------------------
    SLICE_X44Y110        FDRE (Prop_GFF_SLICEL_C_Q)
                                                      0.114     0.156 r  bd_0_i/hls_inst/inst/grp_gemm_stage_fu_148/gemm_compute_U0/grp_gemm_compute_Pipeline_COMP_KB_COMP_K_COMP_I_fu_1330/lshr_ln3_reg_10341_reg[0]/Q
                         net (fo=4097, routed)        6.893     7.049    bd_0_i/hls_inst/inst/grp_gemm_stage_fu_148/gemm_compute_U0/XW_block_209_U/ram_reg_0_15_14_14/DPRA0
    SLICE_X20Y145        RAMD32 (Prop_C5LUT_SLICEM_RADR0_O)
                                                      0.223     7.272 r  bd_0_i/hls_inst/inst/grp_gemm_stage_fu_148/gemm_compute_U0/XW_block_209_U/ram_reg_0_15_14_14/DP/O
                         net (fo=1, routed)           0.280     7.552    bd_0_i/hls_inst/inst/grp_gemm_stage_fu_148/gemm_compute_U0/grp_gemm_compute_Pipeline_COMP_KB_COMP_K_COMP_I_fu_1330/mac_muladd_8s_8s_16s_16_4_1_U478/integrated_gcn_approx_mac_muladd_8s_8s_16s_16_4_1_DSP48_0_U/p_reg_reg/C[14]
    DSP48E2_X5Y58        DSP_C_DATA                                   r  bd_0_i/hls_inst/inst/grp_gemm_stage_fu_148/gemm_compute_U0/grp_gemm_compute_Pipeline_COMP_KB_COMP_K_COMP_I_fu_1330/mac_muladd_8s_8s_16s_16_4_1_U478/integrated_gcn_approx_mac_muladd_8s_8s_16s_16_4_1_DSP48_0_U/p_reg_reg/DSP_C_DATA_INST/C[14]
  -------------------------------------------------------------------    -------------------

                         (clock ap_clk rise edge)    10.000    10.000 r  
                                                      0.000    10.000 r  ap_clk (IN)
                         net (fo=35449, unset)        0.055    10.055    bd_0_i/hls_inst/inst/grp_gemm_stage_fu_148/gemm_compute_U0/grp_gemm_compute_Pipeline_COMP_KB_COMP_K_COMP_I_fu_1330/mac_muladd_8s_8s_16s_16_4_1_U478/integrated_gcn_approx_mac_muladd_8s_8s_16s_16_4_1_DSP48_0_U/p_reg_reg/CLK
    DSP48E2_X5Y58        DSP_C_DATA                                   r  bd_0_i/hls_inst/inst/grp_gemm_stage_fu_148/gemm_compute_U0/grp_gemm_compute_Pipeline_COMP_KB_COMP_K_COMP_I_fu_1330/mac_muladd_8s_8s_16s_16_4_1_U478/integrated_gcn_approx_mac_muladd_8s_8s_16s_16_4_1_DSP48_0_U/p_reg_reg/DSP_C_DATA_INST/CLK
                         clock pessimism              0.000    10.055    
                         clock uncertainty           -0.035    10.020    
    DSP48E2_X5Y58        DSP_C_DATA (Setup_DSP_C_DATA_DSP48E2_CLK_C[14])
                                                     -0.397     9.623    bd_0_i/hls_inst/inst/grp_gemm_stage_fu_148/gemm_compute_U0/grp_gemm_compute_Pipeline_COMP_KB_COMP_K_COMP_I_fu_1330/mac_muladd_8s_8s_16s_16_4_1_U478/integrated_gcn_approx_mac_muladd_8s_8s_16s_16_4_1_DSP48_0_U/p_reg_reg/DSP_C_DATA_INST
  -------------------------------------------------------------------
                         required time                          9.623    
                         arrival time                          -7.552    
  -------------------------------------------------------------------
                         slack                                  2.070    

Slack (MET) :             2.100ns  (required time - arrival time)
  Source:                 bd_0_i/hls_inst/inst/grp_gemm_stage_fu_148/gemm_compute_U0/grp_gemm_compute_Pipeline_COMP_KB_COMP_K_COMP_I_fu_1330/lshr_ln3_reg_10341_reg[0]/C
                            (rising edge-triggered cell FDRE clocked by ap_clk  {rise@0.000ns fall@5.000ns period=10.000ns})
  Destination:            bd_0_i/hls_inst/inst/grp_gemm_stage_fu_148/gemm_compute_U0/grp_gemm_compute_Pipeline_COMP_KB_COMP_K_COMP_I_fu_1330/mac_muladd_8s_8s_16s_16_4_1_U478/integrated_gcn_approx_mac_muladd_8s_8s_16s_16_4_1_DSP48_0_U/p_reg_reg/DSP_C_DATA_INST/C[12]
                            (rising edge-triggered cell DSP_C_DATA clocked by ap_clk  {rise@0.000ns fall@5.000ns period=10.000ns})
  Path Group:             ap_clk
  Path Type:              Setup (Max at Slow Process Corner)
  Requirement:            10.000ns  (ap_clk rise@10.000ns - ap_clk rise@0.000ns)
  Data Path Delay:        7.511ns  (logic 0.339ns (4.513%)  route 7.172ns (95.487%))
  Logic Levels:           1  (RAMD32=1)
  Clock Path Skew:        0.013ns (DCD - SCD + CPR)
    Destination Clock Delay (DCD):    0.055ns = ( 10.055 - 10.000 ) 
    Source Clock Delay      (SCD):    0.042ns
    Clock Pessimism Removal (CPR):    0.000ns
  Clock Uncertainty:      0.035ns  ((TSJ^2 + TIJ^2)^1/2 + DJ) / 2 + PE
    Total System Jitter     (TSJ):    0.071ns
    Total Input Jitter      (TIJ):    0.000ns
    Discrete Jitter          (DJ):    0.000ns
    Phase Error              (PE):    0.000ns

    Location             Delay type                Incr(ns)  Path(ns)    Netlist Resource(s)
  -------------------------------------------------------------------    -------------------
                         (clock ap_clk rise edge)     0.000     0.000 r  
                                                      0.000     0.000 r  ap_clk (IN)
                         net (fo=35449, unset)        0.042     0.042    bd_0_i/hls_inst/inst/grp_gemm_stage_fu_148/gemm_compute_U0/grp_gemm_compute_Pipeline_COMP_KB_COMP_K_COMP_I_fu_1330/ap_clk
    SLICE_X44Y110        FDRE                                         r  bd_0_i/hls_inst/inst/grp_gemm_stage_fu_148/gemm_compute_U0/grp_gemm_compute_Pipeline_COMP_KB_COMP_K_COMP_I_fu_1330/lshr_ln3_reg_10341_reg[0]/C
  -------------------------------------------------------------------    -------------------
    SLICE_X44Y110        FDRE (Prop_GFF_SLICEL_C_Q)
                                                      0.114     0.156 r  bd_0_i/hls_inst/inst/grp_gemm_stage_fu_148/gemm_compute_U0/grp_gemm_compute_Pipeline_COMP_KB_COMP_K_COMP_I_fu_1330/lshr_ln3_reg_10341_reg[0]/Q
                         net (fo=4097, routed)        6.892     7.048    bd_0_i/hls_inst/inst/grp_gemm_stage_fu_148/gemm_compute_U0/XW_block_209_U/ram_reg_0_15_12_12/DPRA0
    SLICE_X20Y145        RAMD32 (Prop_E5LUT_SLICEM_RADR0_O)
                                                      0.225     7.273 r  bd_0_i/hls_inst/inst/grp_gemm_stage_fu_148/gemm_compute_U0/XW_block_209_U/ram_reg_0_15_12_12/DP/O
                         net (fo=1, routed)           0.280     7.553    bd_0_i/hls_inst/inst/grp_gemm_stage_fu_148/gemm_compute_U0/grp_gemm_compute_Pipeline_COMP_KB_COMP_K_COMP_I_fu_1330/mac_muladd_8s_8s_16s_16_4_1_U478/integrated_gcn_approx_mac_muladd_8s_8s_16s_16_4_1_DSP48_0_U/p_reg_reg/C[12]
    DSP48E2_X5Y58        DSP_C_DATA                                   r  bd_0_i/hls_inst/inst/grp_gemm_stage_fu_148/gemm_compute_U0/grp_gemm_compute_Pipeline_COMP_KB_COMP_K_COMP_I_fu_1330/mac_muladd_8s_8s_16s_16_4_1_U478/integrated_gcn_approx_mac_muladd_8s_8s_16s_16_4_1_DSP48_0_U/p_reg_reg/DSP_C_DATA_INST/C[12]
  -------------------------------------------------------------------    -------------------

                         (clock ap_clk rise edge)    10.000    10.000 r  
                                                      0.000    10.000 r  ap_clk (IN)
                         net (fo=35449, unset)        0.055    10.055    bd_0_i/hls_inst/inst/grp_gemm_stage_fu_148/gemm_compute_U0/grp_gemm_compute_Pipeline_COMP_KB_COMP_K_COMP_I_fu_1330/mac_muladd_8s_8s_16s_16_4_1_U478/integrated_gcn_approx_mac_muladd_8s_8s_16s_16_4_1_DSP48_0_U/p_reg_reg/CLK
    DSP48E2_X5Y58        DSP_C_DATA                                   r  bd_0_i/hls_inst/inst/grp_gemm_stage_fu_148/gemm_compute_U0/grp_gemm_compute_Pipeline_COMP_KB_COMP_K_COMP_I_fu_1330/mac_muladd_8s_8s_16s_16_4_1_U478/integrated_gcn_approx_mac_muladd_8s_8s_16s_16_4_1_DSP48_0_U/p_reg_reg/DSP_C_DATA_INST/CLK
                         clock pessimism              0.000    10.055    
                         clock uncertainty           -0.035    10.020    
    DSP48E2_X5Y58        DSP_C_DATA (Setup_DSP_C_DATA_DSP48E2_CLK_C[12])
                                                     -0.366     9.654    bd_0_i/hls_inst/inst/grp_gemm_stage_fu_148/gemm_compute_U0/grp_gemm_compute_Pipeline_COMP_KB_COMP_K_COMP_I_fu_1330/mac_muladd_8s_8s_16s_16_4_1_U478/integrated_gcn_approx_mac_muladd_8s_8s_16s_16_4_1_DSP48_0_U/p_reg_reg/DSP_C_DATA_INST
  -------------------------------------------------------------------
                         required time                          9.654    
                         arrival time                          -7.553    
  -------------------------------------------------------------------
                         slack                                  2.100    

Slack (MET) :             2.116ns  (required time - arrival time)
  Source:                 bd_0_i/hls_inst/inst/grp_gemm_stage_fu_148/gemm_compute_U0/grp_gemm_compute_Pipeline_COMP_KB_COMP_K_COMP_I_fu_1330/lshr_ln3_reg_10341_reg[3]/C
                            (rising edge-triggered cell FDRE clocked by ap_clk  {rise@0.000ns fall@5.000ns period=10.000ns})
  Destination:            bd_0_i/hls_inst/inst/grp_gemm_stage_fu_148/gemm_compute_U0/grp_gemm_compute_Pipeline_COMP_KB_COMP_K_COMP_I_fu_1330/mac_muladd_8s_8s_16s_16_4_1_U275/integrated_gcn_approx_mac_muladd_8s_8s_16s_16_4_1_DSP48_0_U/p_reg_reg/DSP_C_DATA_INST/C[9]
                            (rising edge-triggered cell DSP_C_DATA clocked by ap_clk  {rise@0.000ns fall@5.000ns period=10.000ns})
  Path Group:             ap_clk
  Path Type:              Setup (Max at Slow Process Corner)
  Requirement:            10.000ns  (ap_clk rise@10.000ns - ap_clk rise@0.000ns)
  Data Path Delay:        7.458ns  (logic 0.253ns (3.392%)  route 7.205ns (96.608%))
  Logic Levels:           1  (RAMD32=1)
  Clock Path Skew:        0.013ns (DCD - SCD + CPR)
    Destination Clock Delay (DCD):    0.055ns = ( 10.055 - 10.000 ) 
    Source Clock Delay      (SCD):    0.042ns
    Clock Pessimism Removal (CPR):    0.000ns
  Clock Uncertainty:      0.035ns  ((TSJ^2 + TIJ^2)^1/2 + DJ) / 2 + PE
    Total System Jitter     (TSJ):    0.071ns
    Total Input Jitter      (TIJ):    0.000ns
    Discrete Jitter          (DJ):    0.000ns
    Phase Error              (PE):    0.000ns

    Location             Delay type                Incr(ns)  Path(ns)    Netlist Resource(s)
  -------------------------------------------------------------------    -------------------
                         (clock ap_clk rise edge)     0.000     0.000 r  
                                                      0.000     0.000 r  ap_clk (IN)
                         net (fo=35449, unset)        0.042     0.042    bd_0_i/hls_inst/inst/grp_gemm_stage_fu_148/gemm_compute_U0/grp_gemm_compute_Pipeline_COMP_KB_COMP_K_COMP_I_fu_1330/ap_clk
    SLICE_X44Y110        FDRE                                         r  bd_0_i/hls_inst/inst/grp_gemm_stage_fu_148/gemm_compute_U0/grp_gemm_compute_Pipeline_COMP_KB_COMP_K_COMP_I_fu_1330/lshr_ln3_reg_10341_reg[3]/C
  -------------------------------------------------------------------    -------------------
    SLICE_X44Y110        FDRE (Prop_HFF2_SLICEL_C_Q)
                                                      0.115     0.157 r  bd_0_i/hls_inst/inst/grp_gemm_stage_fu_148/gemm_compute_U0/grp_gemm_compute_Pipeline_COMP_KB_COMP_K_COMP_I_fu_1330/lshr_ln3_reg_10341_reg[3]/Q
                         net (fo=4097, routed)        6.864     7.021    bd_0_i/hls_inst/inst/grp_gemm_stage_fu_148/gemm_compute_U0/XW_block_6_U/ram_reg_0_15_9_9/DPRA3
    SLICE_X24Y185        RAMD32 (Prop_A5LUT_SLICEM_RADR3_O)
                                                      0.138     7.159 r  bd_0_i/hls_inst/inst/grp_gemm_stage_fu_148/gemm_compute_U0/XW_block_6_U/ram_reg_0_15_9_9/DP/O
                         net (fo=1, routed)           0.341     7.500    bd_0_i/hls_inst/inst/grp_gemm_stage_fu_148/gemm_compute_U0/grp_gemm_compute_Pipeline_COMP_KB_COMP_K_COMP_I_fu_1330/mac_muladd_8s_8s_16s_16_4_1_U275/integrated_gcn_approx_mac_muladd_8s_8s_16s_16_4_1_DSP48_0_U/p_reg_reg/C[9]
    DSP48E2_X6Y74        DSP_C_DATA                                   r  bd_0_i/hls_inst/inst/grp_gemm_stage_fu_148/gemm_compute_U0/grp_gemm_compute_Pipeline_COMP_KB_COMP_K_COMP_I_fu_1330/mac_muladd_8s_8s_16s_16_4_1_U275/integrated_gcn_approx_mac_muladd_8s_8s_16s_16_4_1_DSP48_0_U/p_reg_reg/DSP_C_DATA_INST/C[9]
  -------------------------------------------------------------------    -------------------

                         (clock ap_clk rise edge)    10.000    10.000 r  
                                                      0.000    10.000 r  ap_clk (IN)
                         net (fo=35449, unset)        0.055    10.055    bd_0_i/hls_inst/inst/grp_gemm_stage_fu_148/gemm_compute_U0/grp_gemm_compute_Pipeline_COMP_KB_COMP_K_COMP_I_fu_1330/mac_muladd_8s_8s_16s_16_4_1_U275/integrated_gcn_approx_mac_muladd_8s_8s_16s_16_4_1_DSP48_0_U/p_reg_reg/CLK
    DSP48E2_X6Y74        DSP_C_DATA                                   r  bd_0_i/hls_inst/inst/grp_gemm_stage_fu_148/gemm_compute_U0/grp_gemm_compute_Pipeline_COMP_KB_COMP_K_COMP_I_fu_1330/mac_muladd_8s_8s_16s_16_4_1_U275/integrated_gcn_approx_mac_muladd_8s_8s_16s_16_4_1_DSP48_0_U/p_reg_reg/DSP_C_DATA_INST/CLK
                         clock pessimism              0.000    10.055    
                         clock uncertainty           -0.035    10.020    
    DSP48E2_X6Y74        DSP_C_DATA (Setup_DSP_C_DATA_DSP48E2_CLK_C[9])
                                                     -0.404     9.616    bd_0_i/hls_inst/inst/grp_gemm_stage_fu_148/gemm_compute_U0/grp_gemm_compute_Pipeline_COMP_KB_COMP_K_COMP_I_fu_1330/mac_muladd_8s_8s_16s_16_4_1_U275/integrated_gcn_approx_mac_muladd_8s_8s_16s_16_4_1_DSP48_0_U/p_reg_reg/DSP_C_DATA_INST
  -------------------------------------------------------------------
                         required time                          9.616    
                         arrival time                          -7.500    
  -------------------------------------------------------------------
                         slack                                  2.116    

Slack (MET) :             2.138ns  (required time - arrival time)
  Source:                 bd_0_i/hls_inst/inst/grp_gemm_stage_fu_148/gemm_compute_U0/grp_gemm_compute_Pipeline_COMP_KB_COMP_K_COMP_I_fu_1330/lshr_ln3_reg_10341_reg[0]/C
                            (rising edge-triggered cell FDRE clocked by ap_clk  {rise@0.000ns fall@5.000ns period=10.000ns})
  Destination:            bd_0_i/hls_inst/inst/grp_gemm_stage_fu_148/gemm_compute_U0/grp_gemm_compute_Pipeline_COMP_KB_COMP_K_COMP_I_fu_1330/mac_muladd_8s_8s_16s_16_4_1_U478/integrated_gcn_approx_mac_muladd_8s_8s_16s_16_4_1_DSP48_0_U/p_reg_reg/DSP_C_DATA_INST/C[2]
                            (rising edge-triggered cell DSP_C_DATA clocked by ap_clk  {rise@0.000ns fall@5.000ns period=10.000ns})
  Path Group:             ap_clk
  Path Type:              Setup (Max at Slow Process Corner)
  Requirement:            10.000ns  (ap_clk rise@10.000ns - ap_clk rise@0.000ns)
  Data Path Delay:        7.463ns  (logic 0.340ns (4.556%)  route 7.123ns (95.444%))
  Logic Levels:           1  (RAMD32=1)
  Clock Path Skew:        0.013ns (DCD - SCD + CPR)
    Destination Clock Delay (DCD):    0.055ns = ( 10.055 - 10.000 ) 
    Source Clock Delay      (SCD):    0.042ns
    Clock Pessimism Removal (CPR):    0.000ns
  Clock Uncertainty:      0.035ns  ((TSJ^2 + TIJ^2)^1/2 + DJ) / 2 + PE
    Total System Jitter     (TSJ):    0.071ns
    Total Input Jitter      (TIJ):    0.000ns
    Discrete Jitter          (DJ):    0.000ns
    Phase Error              (PE):    0.000ns

    Location             Delay type                Incr(ns)  Path(ns)    Netlist Resource(s)
  -------------------------------------------------------------------    -------------------
                         (clock ap_clk rise edge)     0.000     0.000 r  
                                                      0.000     0.000 r  ap_clk (IN)
                         net (fo=35449, unset)        0.042     0.042    bd_0_i/hls_inst/inst/grp_gemm_stage_fu_148/gemm_compute_U0/grp_gemm_compute_Pipeline_COMP_KB_COMP_K_COMP_I_fu_1330/ap_clk
    SLICE_X44Y110        FDRE                                         r  bd_0_i/hls_inst/inst/grp_gemm_stage_fu_148/gemm_compute_U0/grp_gemm_compute_Pipeline_COMP_KB_COMP_K_COMP_I_fu_1330/lshr_ln3_reg_10341_reg[0]/C
  -------------------------------------------------------------------    -------------------
    SLICE_X44Y110        FDRE (Prop_GFF_SLICEL_C_Q)
                                                      0.114     0.156 r  bd_0_i/hls_inst/inst/grp_gemm_stage_fu_148/gemm_compute_U0/grp_gemm_compute_Pipeline_COMP_KB_COMP_K_COMP_I_fu_1330/lshr_ln3_reg_10341_reg[0]/Q
                         net (fo=4097, routed)        6.816     6.972    bd_0_i/hls_inst/inst/grp_gemm_stage_fu_148/gemm_compute_U0/XW_block_209_U/ram_reg_0_15_2_2/DPRA0
    SLICE_X21Y145        RAMD32 (Prop_G6LUT_SLICEM_RADR0_O)
                                                      0.226     7.198 r  bd_0_i/hls_inst/inst/grp_gemm_stage_fu_148/gemm_compute_U0/XW_block_209_U/ram_reg_0_15_2_2/DP/O
                         net (fo=1, routed)           0.307     7.505    bd_0_i/hls_inst/inst/grp_gemm_stage_fu_148/gemm_compute_U0/grp_gemm_compute_Pipeline_COMP_KB_COMP_K_COMP_I_fu_1330/mac_muladd_8s_8s_16s_16_4_1_U478/integrated_gcn_approx_mac_muladd_8s_8s_16s_16_4_1_DSP48_0_U/p_reg_reg/C[2]
    DSP48E2_X5Y58        DSP_C_DATA                                   r  bd_0_i/hls_inst/inst/grp_gemm_stage_fu_148/gemm_compute_U0/grp_gemm_compute_Pipeline_COMP_KB_COMP_K_COMP_I_fu_1330/mac_muladd_8s_8s_16s_16_4_1_U478/integrated_gcn_approx_mac_muladd_8s_8s_16s_16_4_1_DSP48_0_U/p_reg_reg/DSP_C_DATA_INST/C[2]
  -------------------------------------------------------------------    -------------------

                         (clock ap_clk rise edge)    10.000    10.000 r  
                                                      0.000    10.000 r  ap_clk (IN)
                         net (fo=35449, unset)        0.055    10.055    bd_0_i/hls_inst/inst/grp_gemm_stage_fu_148/gemm_compute_U0/grp_gemm_compute_Pipeline_COMP_KB_COMP_K_COMP_I_fu_1330/mac_muladd_8s_8s_16s_16_4_1_U478/integrated_gcn_approx_mac_muladd_8s_8s_16s_16_4_1_DSP48_0_U/p_reg_reg/CLK
    DSP48E2_X5Y58        DSP_C_DATA                                   r  bd_0_i/hls_inst/inst/grp_gemm_stage_fu_148/gemm_compute_U0/grp_gemm_compute_Pipeline_COMP_KB_COMP_K_COMP_I_fu_1330/mac_muladd_8s_8s_16s_16_4_1_U478/integrated_gcn_approx_mac_muladd_8s_8s_16s_16_4_1_DSP48_0_U/p_reg_reg/DSP_C_DATA_INST/CLK
                         clock pessimism              0.000    10.055    
                         clock uncertainty           -0.035    10.020    
    DSP48E2_X5Y58        DSP_C_DATA (Setup_DSP_C_DATA_DSP48E2_CLK_C[2])
                                                     -0.376     9.644    bd_0_i/hls_inst/inst/grp_gemm_stage_fu_148/gemm_compute_U0/grp_gemm_compute_Pipeline_COMP_KB_COMP_K_COMP_I_fu_1330/mac_muladd_8s_8s_16s_16_4_1_U478/integrated_gcn_approx_mac_muladd_8s_8s_16s_16_4_1_DSP48_0_U/p_reg_reg/DSP_C_DATA_INST
  -------------------------------------------------------------------
                         required time                          9.644    
                         arrival time                          -7.505    
  -------------------------------------------------------------------
                         slack                                  2.138    

Slack (MET) :             2.187ns  (required time - arrival time)
  Source:                 bd_0_i/hls_inst/inst/grp_gemm_stage_fu_148/gemm_compute_U0/grp_gemm_compute_Pipeline_COMP_KB_COMP_K_COMP_I_fu_1330/lshr_ln3_reg_10341_reg[0]/C
                            (rising edge-triggered cell FDRE clocked by ap_clk  {rise@0.000ns fall@5.000ns period=10.000ns})
  Destination:            bd_0_i/hls_inst/inst/grp_gemm_stage_fu_148/gemm_compute_U0/grp_gemm_compute_Pipeline_COMP_KB_COMP_K_COMP_I_fu_1330/mac_muladd_8s_8s_16s_16_4_1_U477/integrated_gcn_approx_mac_muladd_8s_8s_16s_16_4_1_DSP48_0_U/p_reg_reg/DSP_C_DATA_INST/C[13]
                            (rising edge-triggered cell DSP_C_DATA clocked by ap_clk  {rise@0.000ns fall@5.000ns period=10.000ns})
  Path Group:             ap_clk
  Path Type:              Setup (Max at Slow Process Corner)
  Requirement:            10.000ns  (ap_clk rise@10.000ns - ap_clk rise@0.000ns)
  Data Path Delay:        7.397ns  (logic 0.334ns (4.515%)  route 7.063ns (95.485%))
  Logic Levels:           1  (RAMD32=1)
  Clock Path Skew:        0.013ns (DCD - SCD + CPR)
    Destination Clock Delay (DCD):    0.055ns = ( 10.055 - 10.000 ) 
    Source Clock Delay      (SCD):    0.042ns
    Clock Pessimism Removal (CPR):    0.000ns
  Clock Uncertainty:      0.035ns  ((TSJ^2 + TIJ^2)^1/2 + DJ) / 2 + PE
    Total System Jitter     (TSJ):    0.071ns
    Total Input Jitter      (TIJ):    0.000ns
    Discrete Jitter          (DJ):    0.000ns
    Phase Error              (PE):    0.000ns

    Location             Delay type                Incr(ns)  Path(ns)    Netlist Resource(s)
  -------------------------------------------------------------------    -------------------
                         (clock ap_clk rise edge)     0.000     0.000 r  
                                                      0.000     0.000 r  ap_clk (IN)
                         net (fo=35449, unset)        0.042     0.042    bd_0_i/hls_inst/inst/grp_gemm_stage_fu_148/gemm_compute_U0/grp_gemm_compute_Pipeline_COMP_KB_COMP_K_COMP_I_fu_1330/ap_clk
    SLICE_X44Y110        FDRE                                         r  bd_0_i/hls_inst/inst/grp_gemm_stage_fu_148/gemm_compute_U0/grp_gemm_compute_Pipeline_COMP_KB_COMP_K_COMP_I_fu_1330/lshr_ln3_reg_10341_reg[0]/C
  -------------------------------------------------------------------    -------------------
    SLICE_X44Y110        FDRE (Prop_GFF_SLICEL_C_Q)
                                                      0.114     0.156 r  bd_0_i/hls_inst/inst/grp_gemm_stage_fu_148/gemm_compute_U0/grp_gemm_compute_Pipeline_COMP_KB_COMP_K_COMP_I_fu_1330/lshr_ln3_reg_10341_reg[0]/Q
                         net (fo=4097, routed)        6.681     6.837    bd_0_i/hls_inst/inst/grp_gemm_stage_fu_148/gemm_compute_U0/XW_block_208_U/ram_reg_0_15_13_13/DPRA0
    SLICE_X20Y151        RAMD32 (Prop_C6LUT_SLICEM_RADR0_O)
                                                      0.220     7.057 r  bd_0_i/hls_inst/inst/grp_gemm_stage_fu_148/gemm_compute_U0/XW_block_208_U/ram_reg_0_15_13_13/DP/O
                         net (fo=1, routed)           0.382     7.439    bd_0_i/hls_inst/inst/grp_gemm_stage_fu_148/gemm_compute_U0/grp_gemm_compute_Pipeline_COMP_KB_COMP_K_COMP_I_fu_1330/mac_muladd_8s_8s_16s_16_4_1_U477/integrated_gcn_approx_mac_muladd_8s_8s_16s_16_4_1_DSP48_0_U/p_reg_reg/C[13]
    DSP48E2_X5Y61        DSP_C_DATA                                   r  bd_0_i/hls_inst/inst/grp_gemm_stage_fu_148/gemm_compute_U0/grp_gemm_compute_Pipeline_COMP_KB_COMP_K_COMP_I_fu_1330/mac_muladd_8s_8s_16s_16_4_1_U477/integrated_gcn_approx_mac_muladd_8s_8s_16s_16_4_1_DSP48_0_U/p_reg_reg/DSP_C_DATA_INST/C[13]
  -------------------------------------------------------------------    -------------------

                         (clock ap_clk rise edge)    10.000    10.000 r  
                                                      0.000    10.000 r  ap_clk (IN)
                         net (fo=35449, unset)        0.055    10.055    bd_0_i/hls_inst/inst/grp_gemm_stage_fu_148/gemm_compute_U0/grp_gemm_compute_Pipeline_COMP_KB_COMP_K_COMP_I_fu_1330/mac_muladd_8s_8s_16s_16_4_1_U477/integrated_gcn_approx_mac_muladd_8s_8s_16s_16_4_1_DSP48_0_U/p_reg_reg/CLK
    DSP48E2_X5Y61        DSP_C_DATA                                   r  bd_0_i/hls_inst/inst/grp_gemm_stage_fu_148/gemm_compute_U0/grp_gemm_compute_Pipeline_COMP_KB_COMP_K_COMP_I_fu_1330/mac_muladd_8s_8s_16s_16_4_1_U477/integrated_gcn_approx_mac_muladd_8s_8s_16s_16_4_1_DSP48_0_U/p_reg_reg/DSP_C_DATA_INST/CLK
                         clock pessimism              0.000    10.055    
                         clock uncertainty           -0.035    10.020    
    DSP48E2_X5Y61        DSP_C_DATA (Setup_DSP_C_DATA_DSP48E2_CLK_C[13])
                                                     -0.394     9.626    bd_0_i/hls_inst/inst/grp_gemm_stage_fu_148/gemm_compute_U0/grp_gemm_compute_Pipeline_COMP_KB_COMP_K_COMP_I_fu_1330/mac_muladd_8s_8s_16s_16_4_1_U477/integrated_gcn_approx_mac_muladd_8s_8s_16s_16_4_1_DSP48_0_U/p_reg_reg/DSP_C_DATA_INST
  -------------------------------------------------------------------
                         required time                          9.626    
                         arrival time                          -7.439    
  -------------------------------------------------------------------
                         slack                                  2.187    

Slack (MET) :             2.214ns  (required time - arrival time)
  Source:                 bd_0_i/hls_inst/inst/grp_gemm_stage_fu_148/gemm_compute_U0/grp_gemm_compute_Pipeline_COMP_KB_COMP_K_COMP_I_fu_1330/lshr_ln3_reg_10341_reg[0]/C
                            (rising edge-triggered cell FDRE clocked by ap_clk  {rise@0.000ns fall@5.000ns period=10.000ns})
  Destination:            bd_0_i/hls_inst/inst/grp_gemm_stage_fu_148/gemm_compute_U0/grp_gemm_compute_Pipeline_COMP_KB_COMP_K_COMP_I_fu_1330/mac_muladd_8s_8s_16s_16_4_1_U349/integrated_gcn_approx_mac_muladd_8s_8s_16s_16_4_1_DSP48_0_U/p_reg_reg/DSP_C_DATA_INST/C[13]
                            (rising edge-triggered cell DSP_C_DATA clocked by ap_clk  {rise@0.000ns fall@5.000ns period=10.000ns})
  Path Group:             ap_clk
  Path Type:              Setup (Max at Slow Process Corner)
  Requirement:            10.000ns  (ap_clk rise@10.000ns - ap_clk rise@0.000ns)
  Data Path Delay:        7.369ns  (logic 0.334ns (4.532%)  route 7.035ns (95.468%))
  Logic Levels:           1  (RAMD32=1)
  Clock Path Skew:        0.013ns (DCD - SCD + CPR)
    Destination Clock Delay (DCD):    0.055ns = ( 10.055 - 10.000 ) 
    Source Clock Delay      (SCD):    0.042ns
    Clock Pessimism Removal (CPR):    0.000ns
  Clock Uncertainty:      0.035ns  ((TSJ^2 + TIJ^2)^1/2 + DJ) / 2 + PE
    Total System Jitter     (TSJ):    0.071ns
    Total Input Jitter      (TIJ):    0.000ns
    Discrete Jitter          (DJ):    0.000ns
    Phase Error              (PE):    0.000ns

    Location             Delay type                Incr(ns)  Path(ns)    Netlist Resource(s)
  -------------------------------------------------------------------    -------------------
                         (clock ap_clk rise edge)     0.000     0.000 r  
                                                      0.000     0.000 r  ap_clk (IN)
                         net (fo=35449, unset)        0.042     0.042    bd_0_i/hls_inst/inst/grp_gemm_stage_fu_148/gemm_compute_U0/grp_gemm_compute_Pipeline_COMP_KB_COMP_K_COMP_I_fu_1330/ap_clk
    SLICE_X44Y110        FDRE                                         r  bd_0_i/hls_inst/inst/grp_gemm_stage_fu_148/gemm_compute_U0/grp_gemm_compute_Pipeline_COMP_KB_COMP_K_COMP_I_fu_1330/lshr_ln3_reg_10341_reg[0]/C
  -------------------------------------------------------------------    -------------------
    SLICE_X44Y110        FDRE (Prop_GFF_SLICEL_C_Q)
                                                      0.114     0.156 r  bd_0_i/hls_inst/inst/grp_gemm_stage_fu_148/gemm_compute_U0/grp_gemm_compute_Pipeline_COMP_KB_COMP_K_COMP_I_fu_1330/lshr_ln3_reg_10341_reg[0]/Q
                         net (fo=4097, routed)        6.730     6.886    bd_0_i/hls_inst/inst/grp_gemm_stage_fu_148/gemm_compute_U0/XW_block_80_U/ram_reg_0_15_13_13/DPRA0
    SLICE_X20Y150        RAMD32 (Prop_C6LUT_SLICEM_RADR0_O)
                                                      0.220     7.106 r  bd_0_i/hls_inst/inst/grp_gemm_stage_fu_148/gemm_compute_U0/XW_block_80_U/ram_reg_0_15_13_13/DP/O
                         net (fo=1, routed)           0.305     7.411    bd_0_i/hls_inst/inst/grp_gemm_stage_fu_148/gemm_compute_U0/grp_gemm_compute_Pipeline_COMP_KB_COMP_K_COMP_I_fu_1330/mac_muladd_8s_8s_16s_16_4_1_U349/integrated_gcn_approx_mac_muladd_8s_8s_16s_16_4_1_DSP48_0_U/p_reg_reg/C[13]
    DSP48E2_X5Y60        DSP_C_DATA                                   r  bd_0_i/hls_inst/inst/grp_gemm_stage_fu_148/gemm_compute_U0/grp_gemm_compute_Pipeline_COMP_KB_COMP_K_COMP_I_fu_1330/mac_muladd_8s_8s_16s_16_4_1_U349/integrated_gcn_approx_mac_muladd_8s_8s_16s_16_4_1_DSP48_0_U/p_reg_reg/DSP_C_DATA_INST/C[13]
  -------------------------------------------------------------------    -------------------

                         (clock ap_clk rise edge)    10.000    10.000 r  
                                                      0.000    10.000 r  ap_clk (IN)
                         net (fo=35449, unset)        0.055    10.055    bd_0_i/hls_inst/inst/grp_gemm_stage_fu_148/gemm_compute_U0/grp_gemm_compute_Pipeline_COMP_KB_COMP_K_COMP_I_fu_1330/mac_muladd_8s_8s_16s_16_4_1_U349/integrated_gcn_approx_mac_muladd_8s_8s_16s_16_4_1_DSP48_0_U/p_reg_reg/CLK
    DSP48E2_X5Y60        DSP_C_DATA                                   r  bd_0_i/hls_inst/inst/grp_gemm_stage_fu_148/gemm_compute_U0/grp_gemm_compute_Pipeline_COMP_KB_COMP_K_COMP_I_fu_1330/mac_muladd_8s_8s_16s_16_4_1_U349/integrated_gcn_approx_mac_muladd_8s_8s_16s_16_4_1_DSP48_0_U/p_reg_reg/DSP_C_DATA_INST/CLK
                         clock pessimism              0.000    10.055    
                         clock uncertainty           -0.035    10.020    
    DSP48E2_X5Y60        DSP_C_DATA (Setup_DSP_C_DATA_DSP48E2_CLK_C[13])
                                                     -0.394     9.626    bd_0_i/hls_inst/inst/grp_gemm_stage_fu_148/gemm_compute_U0/grp_gemm_compute_Pipeline_COMP_KB_COMP_K_COMP_I_fu_1330/mac_muladd_8s_8s_16s_16_4_1_U349/integrated_gcn_approx_mac_muladd_8s_8s_16s_16_4_1_DSP48_0_U/p_reg_reg/DSP_C_DATA_INST
  -------------------------------------------------------------------
                         required time                          9.626    
                         arrival time                          -7.411    
  -------------------------------------------------------------------
                         slack                                  2.214    

Slack (MET) :             2.217ns  (required time - arrival time)
  Source:                 bd_0_i/hls_inst/inst/grp_gemm_stage_fu_148/gemm_compute_U0/grp_gemm_compute_Pipeline_COMP_KB_COMP_K_COMP_I_fu_1330/lshr_ln3_reg_10341_reg[0]/C
                            (rising edge-triggered cell FDRE clocked by ap_clk  {rise@0.000ns fall@5.000ns period=10.000ns})
  Destination:            bd_0_i/hls_inst/inst/grp_gemm_stage_fu_148/gemm_compute_U0/grp_gemm_compute_Pipeline_COMP_KB_COMP_K_COMP_I_fu_1330/mac_muladd_8s_8s_16s_16_4_1_U349/integrated_gcn_approx_mac_muladd_8s_8s_16s_16_4_1_DSP48_0_U/p_reg_reg/DSP_C_DATA_INST/C[14]
                            (rising edge-triggered cell DSP_C_DATA clocked by ap_clk  {rise@0.000ns fall@5.000ns period=10.000ns})
  Path Group:             ap_clk
  Path Type:              Setup (Max at Slow Process Corner)
  Requirement:            10.000ns  (ap_clk rise@10.000ns - ap_clk rise@0.000ns)
  Data Path Delay:        7.363ns  (logic 0.337ns (4.577%)  route 7.026ns (95.423%))
  Logic Levels:           1  (RAMD32=1)
  Clock Path Skew:        0.013ns (DCD - SCD + CPR)
    Destination Clock Delay (DCD):    0.055ns = ( 10.055 - 10.000 ) 
    Source Clock Delay      (SCD):    0.042ns
    Clock Pessimism Removal (CPR):    0.000ns
  Clock Uncertainty:      0.035ns  ((TSJ^2 + TIJ^2)^1/2 + DJ) / 2 + PE
    Total System Jitter     (TSJ):    0.071ns
    Total Input Jitter      (TIJ):    0.000ns
    Discrete Jitter          (DJ):    0.000ns
    Phase Error              (PE):    0.000ns

    Location             Delay type                Incr(ns)  Path(ns)    Netlist Resource(s)
  -------------------------------------------------------------------    -------------------
                         (clock ap_clk rise edge)     0.000     0.000 r  
                                                      0.000     0.000 r  ap_clk (IN)
                         net (fo=35449, unset)        0.042     0.042    bd_0_i/hls_inst/inst/grp_gemm_stage_fu_148/gemm_compute_U0/grp_gemm_compute_Pipeline_COMP_KB_COMP_K_COMP_I_fu_1330/ap_clk
    SLICE_X44Y110        FDRE                                         r  bd_0_i/hls_inst/inst/grp_gemm_stage_fu_148/gemm_compute_U0/grp_gemm_compute_Pipeline_COMP_KB_COMP_K_COMP_I_fu_1330/lshr_ln3_reg_10341_reg[0]/C
  -------------------------------------------------------------------    -------------------
    SLICE_X44Y110        FDRE (Prop_GFF_SLICEL_C_Q)
                                                      0.114     0.156 r  bd_0_i/hls_inst/inst/grp_gemm_stage_fu_148/gemm_compute_U0/grp_gemm_compute_Pipeline_COMP_KB_COMP_K_COMP_I_fu_1330/lshr_ln3_reg_10341_reg[0]/Q
                         net (fo=4097, routed)        6.730     6.886    bd_0_i/hls_inst/inst/grp_gemm_stage_fu_148/gemm_compute_U0/XW_block_80_U/ram_reg_0_15_14_14/DPRA0
    SLICE_X20Y150        RAMD32 (Prop_C5LUT_SLICEM_RADR0_O)
                                                      0.223     7.109 r  bd_0_i/hls_inst/inst/grp_gemm_stage_fu_148/gemm_compute_U0/XW_block_80_U/ram_reg_0_15_14_14/DP/O
                         net (fo=1, routed)           0.296     7.405    bd_0_i/hls_inst/inst/grp_gemm_stage_fu_148/gemm_compute_U0/grp_gemm_compute_Pipeline_COMP_KB_COMP_K_COMP_I_fu_1330/mac_muladd_8s_8s_16s_16_4_1_U349/integrated_gcn_approx_mac_muladd_8s_8s_16s_16_4_1_DSP48_0_U/p_reg_reg/C[14]
    DSP48E2_X5Y60        DSP_C_DATA                                   r  bd_0_i/hls_inst/inst/grp_gemm_stage_fu_148/gemm_compute_U0/grp_gemm_compute_Pipeline_COMP_KB_COMP_K_COMP_I_fu_1330/mac_muladd_8s_8s_16s_16_4_1_U349/integrated_gcn_approx_mac_muladd_8s_8s_16s_16_4_1_DSP48_0_U/p_reg_reg/DSP_C_DATA_INST/C[14]
  -------------------------------------------------------------------    -------------------

                         (clock ap_clk rise edge)    10.000    10.000 r  
                                                      0.000    10.000 r  ap_clk (IN)
                         net (fo=35449, unset)        0.055    10.055    bd_0_i/hls_inst/inst/grp_gemm_stage_fu_148/gemm_compute_U0/grp_gemm_compute_Pipeline_COMP_KB_COMP_K_COMP_I_fu_1330/mac_muladd_8s_8s_16s_16_4_1_U349/integrated_gcn_approx_mac_muladd_8s_8s_16s_16_4_1_DSP48_0_U/p_reg_reg/CLK
    DSP48E2_X5Y60        DSP_C_DATA                                   r  bd_0_i/hls_inst/inst/grp_gemm_stage_fu_148/gemm_compute_U0/grp_gemm_compute_Pipeline_COMP_KB_COMP_K_COMP_I_fu_1330/mac_muladd_8s_8s_16s_16_4_1_U349/integrated_gcn_approx_mac_muladd_8s_8s_16s_16_4_1_DSP48_0_U/p_reg_reg/DSP_C_DATA_INST/CLK
                         clock pessimism              0.000    10.055    
                         clock uncertainty           -0.035    10.020    
    DSP48E2_X5Y60        DSP_C_DATA (Setup_DSP_C_DATA_DSP48E2_CLK_C[14])
                                                     -0.397     9.623    bd_0_i/hls_inst/inst/grp_gemm_stage_fu_148/gemm_compute_U0/grp_gemm_compute_Pipeline_COMP_KB_COMP_K_COMP_I_fu_1330/mac_muladd_8s_8s_16s_16_4_1_U349/integrated_gcn_approx_mac_muladd_8s_8s_16s_16_4_1_DSP48_0_U/p_reg_reg/DSP_C_DATA_INST
  -------------------------------------------------------------------
                         required time                          9.623    
                         arrival time                          -7.405    
  -------------------------------------------------------------------
                         slack                                  2.217    

Slack (MET) :             2.222ns  (required time - arrival time)
  Source:                 bd_0_i/hls_inst/inst/grp_gemm_stage_fu_148/gemm_compute_U0/grp_gemm_compute_Pipeline_COMP_KB_COMP_K_COMP_I_fu_1330/lshr_ln3_reg_10341_reg[0]/C
                            (rising edge-triggered cell FDRE clocked by ap_clk  {rise@0.000ns fall@5.000ns period=10.000ns})
  Destination:            bd_0_i/hls_inst/inst/grp_gemm_stage_fu_148/gemm_compute_U0/grp_gemm_compute_Pipeline_COMP_KB_COMP_K_COMP_I_fu_1330/mac_muladd_8s_8s_16s_16_4_1_U478/integrated_gcn_approx_mac_muladd_8s_8s_16s_16_4_1_DSP48_0_U/p_reg_reg/DSP_C_DATA_INST/C[11]
                            (rising edge-triggered cell DSP_C_DATA clocked by ap_clk  {rise@0.000ns fall@5.000ns period=10.000ns})
  Path Group:             ap_clk
  Path Type:              Setup (Max at Slow Process Corner)
  Requirement:            10.000ns  (ap_clk rise@10.000ns - ap_clk rise@0.000ns)
  Data Path Delay:        7.387ns  (logic 0.337ns (4.562%)  route 7.050ns (95.438%))
  Logic Levels:           1  (RAMD32=1)
  Clock Path Skew:        0.013ns (DCD - SCD + CPR)
    Destination Clock Delay (DCD):    0.055ns = ( 10.055 - 10.000 ) 
    Source Clock Delay      (SCD):    0.042ns
    Clock Pessimism Removal (CPR):    0.000ns
  Clock Uncertainty:      0.035ns  ((TSJ^2 + TIJ^2)^1/2 + DJ) / 2 + PE
    Total System Jitter     (TSJ):    0.071ns
    Total Input Jitter      (TIJ):    0.000ns
    Discrete Jitter          (DJ):    0.000ns
    Phase Error              (PE):    0.000ns

    Location             Delay type                Incr(ns)  Path(ns)    Netlist Resource(s)
  -------------------------------------------------------------------    -------------------
                         (clock ap_clk rise edge)     0.000     0.000 r  
                                                      0.000     0.000 r  ap_clk (IN)
                         net (fo=35449, unset)        0.042     0.042    bd_0_i/hls_inst/inst/grp_gemm_stage_fu_148/gemm_compute_U0/grp_gemm_compute_Pipeline_COMP_KB_COMP_K_COMP_I_fu_1330/ap_clk
    SLICE_X44Y110        FDRE                                         r  bd_0_i/hls_inst/inst/grp_gemm_stage_fu_148/gemm_compute_U0/grp_gemm_compute_Pipeline_COMP_KB_COMP_K_COMP_I_fu_1330/lshr_ln3_reg_10341_reg[0]/C
  -------------------------------------------------------------------    -------------------
    SLICE_X44Y110        FDRE (Prop_GFF_SLICEL_C_Q)
                                                      0.114     0.156 r  bd_0_i/hls_inst/inst/grp_gemm_stage_fu_148/gemm_compute_U0/grp_gemm_compute_Pipeline_COMP_KB_COMP_K_COMP_I_fu_1330/lshr_ln3_reg_10341_reg[0]/Q
                         net (fo=4097, routed)        6.892     7.048    bd_0_i/hls_inst/inst/grp_gemm_stage_fu_148/gemm_compute_U0/XW_block_209_U/ram_reg_0_15_11_11/DPRA0
    SLICE_X20Y145        RAMD32 (Prop_E6LUT_SLICEM_RADR0_O)
                                                      0.223     7.271 r  bd_0_i/hls_inst/inst/grp_gemm_stage_fu_148/gemm_compute_U0/XW_block_209_U/ram_reg_0_15_11_11/DP/O
                         net (fo=1, routed)           0.158     7.429    bd_0_i/hls_inst/inst/grp_gemm_stage_fu_148/gemm_compute_U0/grp_gemm_compute_Pipeline_COMP_KB_COMP_K_COMP_I_fu_1330/mac_muladd_8s_8s_16s_16_4_1_U478/integrated_gcn_approx_mac_muladd_8s_8s_16s_16_4_1_DSP48_0_U/p_reg_reg/C[11]
    DSP48E2_X5Y58        DSP_C_DATA                                   r  bd_0_i/hls_inst/inst/grp_gemm_stage_fu_148/gemm_compute_U0/grp_gemm_compute_Pipeline_COMP_KB_COMP_K_COMP_I_fu_1330/mac_muladd_8s_8s_16s_16_4_1_U478/integrated_gcn_approx_mac_muladd_8s_8s_16s_16_4_1_DSP48_0_U/p_reg_reg/DSP_C_DATA_INST/C[11]
  -------------------------------------------------------------------    -------------------

                         (clock ap_clk rise edge)    10.000    10.000 r  
                                                      0.000    10.000 r  ap_clk (IN)
                         net (fo=35449, unset)        0.055    10.055    bd_0_i/hls_inst/inst/grp_gemm_stage_fu_148/gemm_compute_U0/grp_gemm_compute_Pipeline_COMP_KB_COMP_K_COMP_I_fu_1330/mac_muladd_8s_8s_16s_16_4_1_U478/integrated_gcn_approx_mac_muladd_8s_8s_16s_16_4_1_DSP48_0_U/p_reg_reg/CLK
    DSP48E2_X5Y58        DSP_C_DATA                                   r  bd_0_i/hls_inst/inst/grp_gemm_stage_fu_148/gemm_compute_U0/grp_gemm_compute_Pipeline_COMP_KB_COMP_K_COMP_I_fu_1330/mac_muladd_8s_8s_16s_16_4_1_U478/integrated_gcn_approx_mac_muladd_8s_8s_16s_16_4_1_DSP48_0_U/p_reg_reg/DSP_C_DATA_INST/CLK
                         clock pessimism              0.000    10.055    
                         clock uncertainty           -0.035    10.020    
    DSP48E2_X5Y58        DSP_C_DATA (Setup_DSP_C_DATA_DSP48E2_CLK_C[11])
                                                     -0.368     9.652    bd_0_i/hls_inst/inst/grp_gemm_stage_fu_148/gemm_compute_U0/grp_gemm_compute_Pipeline_COMP_KB_COMP_K_COMP_I_fu_1330/mac_muladd_8s_8s_16s_16_4_1_U478/integrated_gcn_approx_mac_muladd_8s_8s_16s_16_4_1_DSP48_0_U/p_reg_reg/DSP_C_DATA_INST
  -------------------------------------------------------------------
                         required time                          9.652    
                         arrival time                          -7.429    
  -------------------------------------------------------------------
                         slack                                  2.222    

Slack (MET) :             2.276ns  (required time - arrival time)
  Source:                 bd_0_i/hls_inst/inst/grp_gemm_stage_fu_148/gemm_compute_U0/grp_gemm_compute_Pipeline_COMP_KB_COMP_K_COMP_I_fu_1330/lshr_ln3_reg_10341_reg[0]/C
                            (rising edge-triggered cell FDRE clocked by ap_clk  {rise@0.000ns fall@5.000ns period=10.000ns})
  Destination:            bd_0_i/hls_inst/inst/grp_gemm_stage_fu_148/gemm_compute_U0/grp_gemm_compute_Pipeline_COMP_KB_COMP_K_COMP_I_fu_1330/mac_muladd_8s_8s_16s_16_4_1_U478/integrated_gcn_approx_mac_muladd_8s_8s_16s_16_4_1_DSP48_0_U/p_reg_reg/DSP_C_DATA_INST/C[3]
                            (rising edge-triggered cell DSP_C_DATA clocked by ap_clk  {rise@0.000ns fall@5.000ns period=10.000ns})
  Path Group:             ap_clk
  Path Type:              Setup (Max at Slow Process Corner)
  Requirement:            10.000ns  (ap_clk rise@10.000ns - ap_clk rise@0.000ns)
  Data Path Delay:        7.316ns  (logic 0.340ns (4.647%)  route 6.976ns (95.353%))
  Logic Levels:           1  (RAMD32=1)
  Clock Path Skew:        0.013ns (DCD - SCD + CPR)
    Destination Clock Delay (DCD):    0.055ns = ( 10.055 - 10.000 ) 
    Source Clock Delay      (SCD):    0.042ns
    Clock Pessimism Removal (CPR):    0.000ns
  Clock Uncertainty:      0.035ns  ((TSJ^2 + TIJ^2)^1/2 + DJ) / 2 + PE
    Total System Jitter     (TSJ):    0.071ns
    Total Input Jitter      (TIJ):    0.000ns
    Discrete Jitter          (DJ):    0.000ns
    Phase Error              (PE):    0.000ns

    Location             Delay type                Incr(ns)  Path(ns)    Netlist Resource(s)
  -------------------------------------------------------------------    -------------------
                         (clock ap_clk rise edge)     0.000     0.000 r  
                                                      0.000     0.000 r  ap_clk (IN)
                         net (fo=35449, unset)        0.042     0.042    bd_0_i/hls_inst/inst/grp_gemm_stage_fu_148/gemm_compute_U0/grp_gemm_compute_Pipeline_COMP_KB_COMP_K_COMP_I_fu_1330/ap_clk
    SLICE_X44Y110        FDRE                                         r  bd_0_i/hls_inst/inst/grp_gemm_stage_fu_148/gemm_compute_U0/grp_gemm_compute_Pipeline_COMP_KB_COMP_K_COMP_I_fu_1330/lshr_ln3_reg_10341_reg[0]/C
  -------------------------------------------------------------------    -------------------
    SLICE_X44Y110        FDRE (Prop_GFF_SLICEL_C_Q)
                                                      0.114     0.156 r  bd_0_i/hls_inst/inst/grp_gemm_stage_fu_148/gemm_compute_U0/grp_gemm_compute_Pipeline_COMP_KB_COMP_K_COMP_I_fu_1330/lshr_ln3_reg_10341_reg[0]/Q
                         net (fo=4097, routed)        6.816     6.972    bd_0_i/hls_inst/inst/grp_gemm_stage_fu_148/gemm_compute_U0/XW_block_209_U/ram_reg_0_15_3_3/DPRA0
    SLICE_X21Y145        RAMD32 (Prop_G5LUT_SLICEM_RADR0_O)
                                                      0.226     7.198 r  bd_0_i/hls_inst/inst/grp_gemm_stage_fu_148/gemm_compute_U0/XW_block_209_U/ram_reg_0_15_3_3/DP/O
                         net (fo=1, routed)           0.160     7.358    bd_0_i/hls_inst/inst/grp_gemm_stage_fu_148/gemm_compute_U0/grp_gemm_compute_Pipeline_COMP_KB_COMP_K_COMP_I_fu_1330/mac_muladd_8s_8s_16s_16_4_1_U478/integrated_gcn_approx_mac_muladd_8s_8s_16s_16_4_1_DSP48_0_U/p_reg_reg/C[3]
    DSP48E2_X5Y58        DSP_C_DATA                                   r  bd_0_i/hls_inst/inst/grp_gemm_stage_fu_148/gemm_compute_U0/grp_gemm_compute_Pipeline_COMP_KB_COMP_K_COMP_I_fu_1330/mac_muladd_8s_8s_16s_16_4_1_U478/integrated_gcn_approx_mac_muladd_8s_8s_16s_16_4_1_DSP48_0_U/p_reg_reg/DSP_C_DATA_INST/C[3]
  -------------------------------------------------------------------    -------------------

                         (clock ap_clk rise edge)    10.000    10.000 r  
                                                      0.000    10.000 r  ap_clk (IN)
                         net (fo=35449, unset)        0.055    10.055    bd_0_i/hls_inst/inst/grp_gemm_stage_fu_148/gemm_compute_U0/grp_gemm_compute_Pipeline_COMP_KB_COMP_K_COMP_I_fu_1330/mac_muladd_8s_8s_16s_16_4_1_U478/integrated_gcn_approx_mac_muladd_8s_8s_16s_16_4_1_DSP48_0_U/p_reg_reg/CLK
    DSP48E2_X5Y58        DSP_C_DATA                                   r  bd_0_i/hls_inst/inst/grp_gemm_stage_fu_148/gemm_compute_U0/grp_gemm_compute_Pipeline_COMP_KB_COMP_K_COMP_I_fu_1330/mac_muladd_8s_8s_16s_16_4_1_U478/integrated_gcn_approx_mac_muladd_8s_8s_16s_16_4_1_DSP48_0_U/p_reg_reg/DSP_C_DATA_INST/CLK
                         clock pessimism              0.000    10.055    
                         clock uncertainty           -0.035    10.020    
    DSP48E2_X5Y58        DSP_C_DATA (Setup_DSP_C_DATA_DSP48E2_CLK_C[3])
                                                     -0.385     9.635    bd_0_i/hls_inst/inst/grp_gemm_stage_fu_148/gemm_compute_U0/grp_gemm_compute_Pipeline_COMP_KB_COMP_K_COMP_I_fu_1330/mac_muladd_8s_8s_16s_16_4_1_U478/integrated_gcn_approx_mac_muladd_8s_8s_16s_16_4_1_DSP48_0_U/p_reg_reg/DSP_C_DATA_INST
  -------------------------------------------------------------------
                         required time                          9.635    
                         arrival time                          -7.358    
  -------------------------------------------------------------------
                         slack                                  2.276    




