Copyright 1986-2022 Xilinx, Inc. All Rights Reserved. Copyright 2022-2025 Advanced Micro Devices, Inc. All Rights Reserved.
---------------------------------------------------------------------------------------------------------------------------------------------
| Tool Version : Vivado v.2025.2 (lin64) Build 6299465 Fri Nov 14 12:34:56 MST 2025
| Date         : Fri Apr 17 19:48:55 2026
| Host         : nat-Yoga-Pro-9-16IAH10 running 64-bit Ubuntu 24.04.3 LTS
| Command      : report_design_analysis -file ./report/integrated_gcn_approx_design_analysis_synth.rpt
| Design       : bd_0_wrapper
| Device       : xck26
| Design State : Synthesized
---------------------------------------------------------------------------------------------------------------------------------------------

Report Design Analysis

Table of Contents
-----------------
1. Setup Path Characteristics 1-1
2. Logic Level Distribution
3. Placer Final Level Congestion Reporting

1. Setup Path Characteristics 1-1
---------------------------------

+---------------------------+------------------------------------------------------------------------------------------------------+
|      Characteristics      |                                                Path #1                                               |
+---------------------------+------------------------------------------------------------------------------------------------------+
| Requirement               | 10.000                                                                                               |
| Path Delay                | 3.754                                                                                                |
| Logic Delay               | 2.178(59%)                                                                                           |
| Net Delay                 | 1.576(41%)                                                                                           |
| Clock Skew                | -0.048                                                                                               |
| Slack                     | 6.029                                                                                                |
| Clock Uncertainty         | 0.035                                                                                                |
| Clock Pair Classification | Timed                                                                                                |
| Clock Delay Group         | Same Clock                                                                                           |
| Logic Levels              | 8                                                                                                    |
| Routes                    | NA                                                                                                   |
| Logical Path              | RAMB18E2/CLKARDCLK-(13)-LUT5-(2)-LUT6-(3)-LUT6-(3)-LUT3-(1)-LUT6-(1)-CARRY8-CARRY8-LUT2-(2)-RAMD32/I |
| Start Point Clock         | ap_clk                                                                                               |
| End Point Clock           | ap_clk                                                                                               |
| DSP Block                 | None                                                                                                 |
| RAM Registers             | DO_REG(0)-None                                                                                       |
| IO Crossings              | 0                                                                                                    |
| SLR Crossings             | 0                                                                                                    |
| PBlocks                   | 0                                                                                                    |
| High Fanout               | 13                                                                                                   |
| ASYNC REG                 | 0                                                                                                    |
| Dont Touch                | 0                                                                                                    |
| Mark Debug                | 0                                                                                                    |
| Start Point Pin Primitive | RAMB18E2/CLKARDCLK                                                                                   |
| End Point Pin Primitive   | RAMD32/I                                                                                             |
| Start Point Pin           | ram_reg_bram_0/CLKARDCLK                                                                             |
| End Point Pin             | DP/I                                                                                                 |
+---------------------------+------------------------------------------------------------------------------------------------------+
* Bounding box calculated as % of dimensions for the target device (2818, 498)


2. Logic Level Distribution
---------------------------

+-----------------+-------------+-----+-----+----+-----+----+-----+----+----+----+----+----+
| End Point Clock | Requirement |  3  |  4  |  5 |  6  |  7 |  8  |  9 | 10 | 11 | 12 | 13 |
+-----------------+-------------+-----+-----+----+-----+----+-----+----+----+----+----+----+
| ap_clk          | 10.000ns    | 254 | 139 | 93 | 200 | 98 | 151 | 19 | 16 | 16 | 11 |  3 |
+-----------------+-------------+-----+-----+----+-----+----+-----+----+----+----+----+----+
* Columns represent the logic levels per end point clock
** Distribution is for top worst 1000 paths


3. Placer Final Level Congestion Reporting
------------------------------------------

+-----------+------+-------+--------+---------------+----------------+-----+--------+------+------+------+------+-----+-------+-----+------------+
| Direction | Type | Level | Window | Combined LUTs | Avg LUT Inputs | LUT | LUTRAM | Flop | MUXF | RAMB | URAM | DSP | CARRY | SRL | Cell Names |
+-----------+------+-------+--------+---------------+----------------+-----+--------+------+------+------+------+-----+-------+-----+------------+
* The design has not been placed, hence congestion data is not available. The command report_design_analysis -congestion should be run only after place_design has completed.


