

================================================================
== Vitis HLS Report for 'gemm_stage'
================================================================
* Date:           Wed Apr 15 12:54:58 2026

* Version:        2025.2 (Build 6295257 on Nov 14 2025)
* Project:        gemm_stage
* Solution:       hls (Vivado IP Flow Target)
* Product family: zynquplus
* Target device:  xck26-sfvc784-2LV-c


================================================================
== Performance Estimates
================================================================
+ Timing: 
    * Summary: 
    +--------+----------+----------+------------+
    |  Clock |  Target  | Estimated| Uncertainty|
    +--------+----------+----------+------------+
    |ap_clk  |  10.00 ns|  7.300 ns|     2.70 ns|
    +--------+----------+----------+------------+

+ Latency: 
    * Summary: 
    +---------+---------+-----------+-----------+---------+---------+----------+
    |  Latency (cycles) |   Latency (absolute)  |      Interval     | Pipeline |
    |   min   |   max   |    min    |    max    |   min   |   max   |   Type   |
    +---------+---------+-----------+-----------+---------+---------+----------+
    |  1782919|  1782919|  17.829 ms|  17.829 ms|  1782911|  1782911|  dataflow|
    +---------+---------+-----------+-----------+---------+---------+----------+

    + Detail: 
        * Instance: 
        N/A

        * Loop: 
        N/A

============================================================
+ Verbose Summary: Synthesis Manager
============================================================
InlineROM: 1
ExposeGlobal: 0
============================================================
+ Verbose Summary: CDFG Model
============================================================
IsTopModel: 1
ResetActiveHigh: 1
IsCombinational: 2
IsDatapathOnly: 0
HasWiredReturn: 1
HasMFsm: 0
HasVarLatency: 1
IsPipeline: 0
IsRtlPipelined: 0
IsInstanceOverlapped: 0
IsDontTouch: 0
HasImplIP: 0
IsGatedGlobalClock: 0


============================================================
+ Verbose Summary: Schedule
============================================================
* Number of FSM states : 6
* Pipeline : 0
* Dataflow Pipeline: 1
  DF-Pipeline-0: Size = 6, States = { 1 2 3 4 5 6 }

* FSM state transitions: 
1 --> 2 
2 --> 3 
3 --> 4 
4 --> 5 
5 --> 6 
6 --> 

* FSM state operations: 

State 1 <SV = 0> <Delay = 2.83>
ST_1 : Operation 7 [1/1] (1.00ns)   --->   "%H_temp_read = read i64 @_ssdm_op_Read.s_axilite.i64, i64 %H_temp" [src/integrated-gcn/gemm_stage.cpp:163]   --->   Operation 7 'read' 'H_temp_read' <Predicate = true> <Delay = 1.00> <CoreInst = "s_axilite">   --->   Core 120 's_axilite' <Latency = 0> <II = 1> <Delay = 1.00> <Adapter> <Opcode : 'read' 'write'>
ST_1 : Operation 8 [1/1] (1.00ns)   --->   "%W_read = read i64 @_ssdm_op_Read.s_axilite.i64, i64 %W" [src/integrated-gcn/gemm_stage.cpp:163]   --->   Operation 8 'read' 'W_read' <Predicate = true> <Delay = 1.00> <CoreInst = "s_axilite">   --->   Core 120 's_axilite' <Latency = 0> <II = 1> <Delay = 1.00> <Adapter> <Opcode : 'read' 'write'>
ST_1 : Operation 9 [1/1] (1.00ns)   --->   "%X_read = read i64 @_ssdm_op_Read.s_axilite.i64, i64 %X" [src/integrated-gcn/gemm_stage.cpp:163]   --->   Operation 9 'read' 'X_read' <Predicate = true> <Delay = 1.00> <CoreInst = "s_axilite">   --->   Core 120 's_axilite' <Latency = 0> <II = 1> <Delay = 1.00> <Adapter> <Opcode : 'read' 'write'>
ST_1 : Operation 10 [1/1] (0.00ns)   --->   "%H_temp_c = alloca i64 1" [src/integrated-gcn/gemm_stage.cpp:163]   --->   Operation 10 'alloca' 'H_temp_c' <Predicate = true> <Delay = 0.00> <CoreInst = "FIFO_SRL">   --->   Core 80 'FIFO_SRL' <Latency = 0> <II = 1> <Delay = 1.83> <Storage> <Opcode : 'read' 'write' 'nbread' 'nbwrite'> <Ports = 0> <Width = 64> <Depth = 4> <FIFO>
ST_1 : Operation 11 [1/1] (0.00ns)   --->   "%X_stream = alloca i64 1" [src/integrated-gcn/gemm_stage.cpp:164]   --->   Operation 11 'alloca' 'X_stream' <Predicate = true> <Delay = 0.00> <CoreInst = "FIFO">   --->   Core 77 'FIFO' <Latency = 0> <II = 1> <Delay = 1.62> <Storage> <Opcode : 'read' 'write' 'nbread' 'nbwrite'> <Ports = 0> <Width = 512> <Depth = 16> <FIFO>
ST_1 : Operation 12 [1/1] (0.00ns)   --->   "%W_stream = alloca i64 1" [src/integrated-gcn/gemm_stage.cpp:165]   --->   Operation 12 'alloca' 'W_stream' <Predicate = true> <Delay = 0.00> <CoreInst = "FIFO">   --->   Core 77 'FIFO' <Latency = 0> <II = 1> <Delay = 1.62> <Storage> <Opcode : 'read' 'write' 'nbread' 'nbwrite'> <Ports = 0> <Width = 512> <Depth = 16> <FIFO>
ST_1 : Operation 13 [1/1] (0.00ns)   --->   "%XW_stream = alloca i64 1" [src/integrated-gcn/gemm_stage.cpp:166]   --->   Operation 13 'alloca' 'XW_stream' <Predicate = true> <Delay = 0.00> <CoreInst = "FIFO">   --->   Core 77 'FIFO' <Latency = 0> <II = 1> <Delay = 1.62> <Storage> <Opcode : 'read' 'write' 'nbread' 'nbwrite'> <Ports = 0> <Width = 512> <Depth = 16> <FIFO>
ST_1 : Operation 14 [1/1] (1.83ns)   --->   "%call_ln163 = call void @entry_proc, i64 %H_temp_read, i64 %H_temp_c" [src/integrated-gcn/gemm_stage.cpp:163]   --->   Operation 14 'call' 'call_ln163' <Predicate = true> <Delay = 1.83> <CoreType = "Generic">   --->   Generic Core
ST_1 : Operation 15 [2/2] (0.00ns)   --->   "%call_ln171 = call void @gemm_read_X, i512 %gmem0, i64 %X_read, i512 %X_stream" [src/integrated-gcn/gemm_stage.cpp:171]   --->   Operation 15 'call' 'call_ln171' <Predicate = true> <Delay = 0.00> <CoreType = "Generic">   --->   Generic Core
ST_1 : Operation 16 [2/2] (0.00ns)   --->   "%call_ln172 = call void @gemm_read_W, i512 %gmem1, i64 %W_read, i512 %W_stream" [src/integrated-gcn/gemm_stage.cpp:172]   --->   Operation 16 'call' 'call_ln172' <Predicate = true> <Delay = 0.00> <CoreType = "Generic">   --->   Generic Core

State 2 <SV = 1> <Delay = 0.00>
ST_2 : Operation 17 [1/2] (0.00ns)   --->   "%call_ln171 = call void @gemm_read_X, i512 %gmem0, i64 %X_read, i512 %X_stream" [src/integrated-gcn/gemm_stage.cpp:171]   --->   Operation 17 'call' 'call_ln171' <Predicate = true> <Delay = 0.00> <CoreType = "Generic">   --->   Generic Core
ST_2 : Operation 18 [1/2] (0.00ns)   --->   "%call_ln172 = call void @gemm_read_W, i512 %gmem1, i64 %W_read, i512 %W_stream" [src/integrated-gcn/gemm_stage.cpp:172]   --->   Operation 18 'call' 'call_ln172' <Predicate = true> <Delay = 0.00> <CoreType = "Generic">   --->   Generic Core

State 3 <SV = 2> <Delay = 0.00>
ST_3 : Operation 19 [2/2] (0.00ns)   --->   "%call_ln173 = call void @gemm_compute, i512 %X_stream, i512 %W_stream, i512 %XW_stream" [src/integrated-gcn/gemm_stage.cpp:173]   --->   Operation 19 'call' 'call_ln173' <Predicate = true> <Delay = 0.00> <CoreType = "Generic">   --->   Generic Core

State 4 <SV = 3> <Delay = 0.78>
ST_4 : Operation 20 [1/2] (0.78ns)   --->   "%call_ln173 = call void @gemm_compute, i512 %X_stream, i512 %W_stream, i512 %XW_stream" [src/integrated-gcn/gemm_stage.cpp:173]   --->   Operation 20 'call' 'call_ln173' <Predicate = true> <Delay = 0.78> <CoreType = "Generic">   --->   Generic Core

State 5 <SV = 4> <Delay = 0.00>
ST_5 : Operation 21 [2/2] (0.00ns)   --->   "%call_ln174 = call void @gemm_write, i512 %XW_stream, i512 %gmem2, i64 %H_temp_c" [src/integrated-gcn/gemm_stage.cpp:174]   --->   Operation 21 'call' 'call_ln174' <Predicate = true> <Delay = 0.00> <CoreType = "Generic">   --->   Generic Core

State 6 <SV = 5> <Delay = 0.00>
ST_6 : Operation 22 [1/1] (0.00ns)   --->   "%empty = specchannel i32 @_ssdm_op_SpecChannel, void @H_temp_c_str, i32 1, void @p_str, void @p_str, i32 4, i32 0, i64 %H_temp_c, i64 %H_temp_c" [src/integrated-gcn/gemm_stage.cpp:163]   --->   Operation 22 'specchannel' 'empty' <Predicate = true> <Delay = 0.00>
ST_6 : Operation 23 [1/1] (0.00ns)   --->   "%specinterface_ln163 = specinterface void @_ssdm_op_SpecInterface, i64 %H_temp_c, void @ap_fifo_str, i32 0, i32 0, void @p_str, i32 0, i32 0, void @p_str, void @p_str, void @p_str, i32 2, i32 2, i32 16, i32 16, void @p_str, void @p_str, i32 4294967295, i32 0, i32 0, i32 0" [src/integrated-gcn/gemm_stage.cpp:163]   --->   Operation 23 'specinterface' 'specinterface_ln163' <Predicate = true> <Delay = 0.00>
ST_6 : Operation 24 [1/1] (0.00ns)   --->   "%specdataflowpipeline_ln163 = specdataflowpipeline void @_ssdm_op_SpecDataflowPipeline, i32 4294967295, i32 0, void @empty_14" [src/integrated-gcn/gemm_stage.cpp:163]   --->   Operation 24 'specdataflowpipeline' 'specdataflowpipeline_ln163' <Predicate = true> <Delay = 0.00>
ST_6 : Operation 25 [1/1] (0.00ns)   --->   "%spectopmodule_ln154 = spectopmodule void @_ssdm_op_SpecTopModule, void @empty_7" [src/integrated-gcn/gemm_stage.cpp:154]   --->   Operation 25 'spectopmodule' 'spectopmodule_ln154' <Predicate = true> <Delay = 0.00>
ST_6 : Operation 26 [1/1] (0.00ns)   --->   "%specinterface_ln0 = specinterface void @_ssdm_op_SpecInterface, i512 %gmem0, void @empty_9, i32 0, i32 0, void @empty_14, i32 0, i32 0, void @empty_1, void @empty_0, void @empty_14, i32 16, i32 16, i32 16, i32 16, void @empty_14, void @empty_14, i32 4294967295, i32 0, i32 0, i32 64"   --->   Operation 26 'specinterface' 'specinterface_ln0' <Predicate = true> <Delay = 0.00>
ST_6 : Operation 27 [1/1] (0.00ns)   --->   "%specbitsmap_ln0 = specbitsmap void @_ssdm_op_SpecBitsMap, i512 %gmem0"   --->   Operation 27 'specbitsmap' 'specbitsmap_ln0' <Predicate = true> <Delay = 0.00>
ST_6 : Operation 28 [1/1] (0.00ns)   --->   "%specinterface_ln0 = specinterface void @_ssdm_op_SpecInterface, i512 %gmem1, void @empty_9, i32 0, i32 0, void @empty_14, i32 0, i32 0, void @empty, void @empty_0, void @empty_14, i32 16, i32 16, i32 16, i32 16, void @empty_14, void @empty_14, i32 4294967295, i32 0, i32 0, i32 64"   --->   Operation 28 'specinterface' 'specinterface_ln0' <Predicate = true> <Delay = 0.00>
ST_6 : Operation 29 [1/1] (0.00ns)   --->   "%specbitsmap_ln0 = specbitsmap void @_ssdm_op_SpecBitsMap, i512 %gmem1"   --->   Operation 29 'specbitsmap' 'specbitsmap_ln0' <Predicate = true> <Delay = 0.00>
ST_6 : Operation 30 [1/1] (0.00ns)   --->   "%specinterface_ln0 = specinterface void @_ssdm_op_SpecInterface, i512 %gmem2, void @empty_9, i32 0, i32 0, void @empty_14, i32 0, i32 0, void @empty_10, void @empty_0, void @empty_14, i32 16, i32 16, i32 16, i32 16, void @empty_14, void @empty_14, i32 4294967295, i32 0, i32 0, i32 64"   --->   Operation 30 'specinterface' 'specinterface_ln0' <Predicate = true> <Delay = 0.00>
ST_6 : Operation 31 [1/1] (0.00ns)   --->   "%specbitsmap_ln0 = specbitsmap void @_ssdm_op_SpecBitsMap, i512 %gmem2"   --->   Operation 31 'specbitsmap' 'specbitsmap_ln0' <Predicate = true> <Delay = 0.00>
ST_6 : Operation 32 [1/1] (0.00ns)   --->   "%specinterface_ln0 = specinterface void @_ssdm_op_SpecInterface, i64 %X, void @empty_17, i32 0, i32 0, void @empty_14, i32 0, i32 0, void @empty_3, void @empty_19, void @empty_14, i32 0, i32 0, i32 0, i32 0, void @empty_14, void @empty_2, i32 4294967295, i32 0, i32 0, i32 0"   --->   Operation 32 'specinterface' 'specinterface_ln0' <Predicate = true> <Delay = 0.00>
ST_6 : Operation 33 [1/1] (0.00ns)   --->   "%specinterface_ln0 = specinterface void @_ssdm_op_SpecInterface, i64 %X, void @empty_4, i32 0, i32 0, void @empty_14, i32 0, i32 0, void @empty_14, void @empty_14, void @empty_14, i32 0, i32 0, i32 0, i32 0, void @empty_14, void @empty_2, i32 4294967295, i32 0, i32 0, i32 0"   --->   Operation 33 'specinterface' 'specinterface_ln0' <Predicate = true> <Delay = 0.00>
ST_6 : Operation 34 [1/1] (0.00ns)   --->   "%specinterface_ln0 = specinterface void @_ssdm_op_SpecInterface, i64 %W, void @empty_17, i32 0, i32 0, void @empty_14, i32 0, i32 0, void @empty_3, void @empty_16, void @empty_14, i32 0, i32 0, i32 0, i32 0, void @empty_14, void @empty_2, i32 4294967295, i32 0, i32 0, i32 0"   --->   Operation 34 'specinterface' 'specinterface_ln0' <Predicate = true> <Delay = 0.00>
ST_6 : Operation 35 [1/1] (0.00ns)   --->   "%specinterface_ln0 = specinterface void @_ssdm_op_SpecInterface, i64 %W, void @empty_4, i32 0, i32 0, void @empty_14, i32 0, i32 0, void @empty_14, void @empty_14, void @empty_14, i32 0, i32 0, i32 0, i32 0, void @empty_14, void @empty_2, i32 4294967295, i32 0, i32 0, i32 0"   --->   Operation 35 'specinterface' 'specinterface_ln0' <Predicate = true> <Delay = 0.00>
ST_6 : Operation 36 [1/1] (0.00ns)   --->   "%specinterface_ln0 = specinterface void @_ssdm_op_SpecInterface, i64 %H_temp, void @empty_17, i32 0, i32 0, void @empty_14, i32 0, i32 0, void @empty_3, void @empty_5, void @empty_14, i32 0, i32 0, i32 0, i32 0, void @empty_14, void @empty_2, i32 4294967295, i32 0, i32 0, i32 0"   --->   Operation 36 'specinterface' 'specinterface_ln0' <Predicate = true> <Delay = 0.00>
ST_6 : Operation 37 [1/1] (0.00ns)   --->   "%specinterface_ln0 = specinterface void @_ssdm_op_SpecInterface, i64 %H_temp, void @empty_4, i32 0, i32 0, void @empty_14, i32 0, i32 0, void @empty_14, void @empty_14, void @empty_14, i32 0, i32 0, i32 0, i32 0, void @empty_14, void @empty_2, i32 4294967295, i32 0, i32 0, i32 0"   --->   Operation 37 'specinterface' 'specinterface_ln0' <Predicate = true> <Delay = 0.00>
ST_6 : Operation 38 [1/1] (0.00ns)   --->   "%empty_36 = specchannel i32 @_ssdm_op_SpecChannel, void @X_stream_str, i32 1, void @p_str, void @p_str, i32 16, i32 16, i512 %X_stream, i512 %X_stream"   --->   Operation 38 'specchannel' 'empty_36' <Predicate = true> <Delay = 0.00>
ST_6 : Operation 39 [1/1] (0.00ns)   --->   "%specinterface_ln0 = specinterface void @_ssdm_op_SpecInterface, i512 %X_stream, void @empty_6, i32 0, i32 0, void @empty_14, i32 0, i32 0, void @empty_14, void @empty_14, void @empty_14, i32 0, i32 0, i32 0, i32 0, void @empty_14, void @empty_14, i32 4294967295, i32 0, i32 0, i32 0"   --->   Operation 39 'specinterface' 'specinterface_ln0' <Predicate = true> <Delay = 0.00>
ST_6 : Operation 40 [1/1] (0.00ns)   --->   "%empty_37 = specchannel i32 @_ssdm_op_SpecChannel, void @W_stream_str, i32 1, void @p_str, void @p_str, i32 16, i32 16, i512 %W_stream, i512 %W_stream"   --->   Operation 40 'specchannel' 'empty_37' <Predicate = true> <Delay = 0.00>
ST_6 : Operation 41 [1/1] (0.00ns)   --->   "%specinterface_ln0 = specinterface void @_ssdm_op_SpecInterface, i512 %W_stream, void @empty_6, i32 0, i32 0, void @empty_14, i32 0, i32 0, void @empty_14, void @empty_14, void @empty_14, i32 0, i32 0, i32 0, i32 0, void @empty_14, void @empty_14, i32 4294967295, i32 0, i32 0, i32 0"   --->   Operation 41 'specinterface' 'specinterface_ln0' <Predicate = true> <Delay = 0.00>
ST_6 : Operation 42 [1/1] (0.00ns)   --->   "%empty_38 = specchannel i32 @_ssdm_op_SpecChannel, void @XW_stream_str, i32 1, void @p_str, void @p_str, i32 16, i32 16, i512 %XW_stream, i512 %XW_stream"   --->   Operation 42 'specchannel' 'empty_38' <Predicate = true> <Delay = 0.00>
ST_6 : Operation 43 [1/1] (0.00ns)   --->   "%specinterface_ln0 = specinterface void @_ssdm_op_SpecInterface, i512 %XW_stream, void @empty_6, i32 0, i32 0, void @empty_14, i32 0, i32 0, void @empty_14, void @empty_14, void @empty_14, i32 0, i32 0, i32 0, i32 0, void @empty_14, void @empty_14, i32 4294967295, i32 0, i32 0, i32 0"   --->   Operation 43 'specinterface' 'specinterface_ln0' <Predicate = true> <Delay = 0.00>
ST_6 : Operation 44 [1/2] (0.00ns)   --->   "%call_ln174 = call void @gemm_write, i512 %XW_stream, i512 %gmem2, i64 %H_temp_c" [src/integrated-gcn/gemm_stage.cpp:174]   --->   Operation 44 'call' 'call_ln174' <Predicate = true> <Delay = 0.00> <CoreType = "Generic">   --->   Generic Core
ST_6 : Operation 45 [1/1] (0.00ns)   --->   "%ret_ln175 = ret" [src/integrated-gcn/gemm_stage.cpp:175]   --->   Operation 45 'ret' 'ret_ln175' <Predicate = true> <Delay = 0.00>


============================================================
+ Verbose Summary: Timing violations
============================================================
Target clock period: 10.000ns, clock uncertainty: 2.700ns.

 <State 1>: 2.838ns
The critical path consists of the following:
	s_axi read operation ('H_temp_read', src/integrated-gcn/gemm_stage.cpp:163) on port 'H_temp' (src/integrated-gcn/gemm_stage.cpp:163) [7]  (1.000 ns)
	'call' operation ('call_ln163', src/integrated-gcn/gemm_stage.cpp:163) to 'entry_proc' [36]  (1.838 ns)

 <State 2>: 0.000ns
The critical path consists of the following:

 <State 3>: 0.000ns
The critical path consists of the following:

 <State 4>: 0.781ns
The critical path consists of the following:
	'call' operation ('call_ln173', src/integrated-gcn/gemm_stage.cpp:173) to 'gemm_compute' [39]  (0.781 ns)

 <State 5>: 0.000ns
The critical path consists of the following:

 <State 6>: 0.000ns
The critical path consists of the following:


============================================================
+ Verbose Summary: Binding
============================================================
N/A
* FSMD analyzer results:
  - Output states:
 - Input state : 
  - Chain level:
	State 1
	State 2
	State 3
	State 4
	State 5
	State 6


============================================================
+ Verbose Summary: Datapath Resource usage 
============================================================
N/A
