

================================================================
== Vitis HLS Report for 'gemm_read_W'
================================================================
* Date:           Wed Apr 15 12:54:56 2026

* Version:        2025.2 (Build 6295257 on Nov 14 2025)
* Project:        gemm_stage
* Solution:       hls (Vivado IP Flow Target)
* Product family: zynquplus
* Target device:  xck26-sfvc784-2LV-c


================================================================
== Performance Estimates
================================================================
+ Timing: 
    * Summary: 
    +--------+----------+----------+------------+
    |  Clock |  Target  | Estimated| Uncertainty|
    +--------+----------+----------+------------+
    |ap_clk  |  10.00 ns|  7.300 ns|     2.70 ns|
    +--------+----------+----------+------------+

+ Latency: 
    * Summary: 
    +---------+---------+----------+----------+--------+--------+------------------------------------------------+
    |  Latency (cycles) |  Latency (absolute) |     Interval    |                    Pipeline                    |
    |   min   |   max   |    min   |    max   |   min  |   max  |                      Type                      |
    +---------+---------+----------+----------+--------+--------+------------------------------------------------+
    |   126603|   126603|  1.266 ms|  1.266 ms|  126592|  126592|  loop auto-rewind stp (delay=0 clock cycles(s))|
    +---------+---------+----------+----------+--------+--------+------------------------------------------------+

    + Detail: 
        * Instance: 
        N/A

        * Loop: 
        +-------------------------------------------------------------------+---------+---------+----------+-----------+-----------+--------+----------+
        |                                                                   |  Latency (cycles) | Iteration|  Initiation Interval  |  Trip  |          |
        |                             Loop Name                             |   min   |   max   |  Latency |  achieved |   target  |  Count | Pipelined|
        +-------------------------------------------------------------------+---------+---------+----------+-----------+-----------+--------+----------+
        |- VITIS_LOOP_40_1_VITIS_LOOP_42_3_VITIS_LOOP_43_4_VITIS_LOOP_44_5  |   126601|   126601|        11|          1|          1|  126592|       yes|
        +-------------------------------------------------------------------+---------+---------+----------+-----------+-----------+--------+----------+

============================================================
+ Verbose Summary: Synthesis Manager
============================================================
InlineROM: 1
ExposeGlobal: 0
============================================================
+ Verbose Summary: CDFG Model
============================================================
IsTopModel: 0
ResetActiveHigh: 1
IsCombinational: 2
IsDatapathOnly: 0
HasWiredReturn: 1
HasMFsm: 2
HasVarLatency: 1
IsPipeline: 0
IsRtlPipelined: 0
IsInstanceOverlapped: 0
IsDontTouch: 0
HasImplIP: 0
IsGatedGlobalClock: 0

+ Individual pipeline summary: 
  * Pipeline-0: initiation interval (II) = 1, depth = 11


============================================================
+ Verbose Summary: Schedule
============================================================
* Number of FSM states : 11
* Pipeline : 1
  Pipeline-0 : II = 1, D = 11, States = { 1 2 3 4 5 6 7 8 9 10 11 }
* Dataflow Pipeline: 0

* FSM state transitions: 
1 --> 2 
2 --> 3 
3 --> 4 
4 --> 5 
5 --> 6 
6 --> 7 
7 --> 8 
8 --> 9 
9 --> 10 
10 --> 11 
11 --> 

* FSM state operations: 

State 1 <SV = 0> <Delay = 2.37>
ST_1 : Operation 14 [1/1] (0.00ns)   --->   "%indvar_flatten3441 = alloca i32 1"   --->   Operation 14 'alloca' 'indvar_flatten3441' <Predicate = true> <Delay = 0.00>
ST_1 : Operation 15 [1/1] (0.00ns)   --->   "%indvar_flatten1242 = alloca i32 1"   --->   Operation 15 'alloca' 'indvar_flatten1242' <Predicate = true> <Delay = 0.00>
ST_1 : Operation 16 [1/1] (0.00ns)   --->   "%indvar_flatten44 = alloca i32 1"   --->   Operation 16 'alloca' 'indvar_flatten44' <Predicate = true> <Delay = 0.00>
ST_1 : Operation 17 [1/1] (0.00ns)   --->   "%jj = alloca i32 1" [src/integrated-gcn/gemm_stage.cpp:44]   --->   Operation 17 'alloca' 'jj' <Predicate = true> <Delay = 0.00>
ST_1 : Operation 18 [1/1] (0.00ns)   --->   "%specinterface_ln0 = specinterface void @_ssdm_op_SpecInterface, i512 %W_stream, void @empty_6, i32 0, i32 0, void @empty_14, i32 0, i32 0, void @empty_14, void @empty_14, void @empty_14, i32 0, i32 0, i32 0, i32 0, void @empty_14, void @empty_14, i32 4294967295, i32 0, i32 0, i32 0"   --->   Operation 18 'specinterface' 'specinterface_ln0' <Predicate = true> <Delay = 0.00>
ST_1 : Operation 19 [1/1] (0.00ns)   --->   "%specinterface_ln0 = specinterface void @_ssdm_op_SpecInterface, i512 %gmem1, void @empty_9, i32 0, i32 0, void @empty_14, i32 0, i32 0, void @empty, void @empty_0, void @empty_14, i32 16, i32 16, i32 16, i32 16, void @empty_14, void @empty_14, i32 4294967295, i32 0, i32 0, i32 64"   --->   Operation 19 'specinterface' 'specinterface_ln0' <Predicate = true> <Delay = 0.00>
ST_1 : Operation 20 [1/1] (0.00ns)   --->   "%W_read = read i64 @_ssdm_op_Read.ap_auto.i64, i64 %W" [src/integrated-gcn/gemm_stage.cpp:37]   --->   Operation 20 'read' 'W_read' <Predicate = true> <Delay = 0.00>
ST_1 : Operation 21 [1/1] (0.00ns)   --->   "%trunc_ln = partselect i58 @_ssdm_op_PartSelect.i58.i64.i32.i32, i64 %W_read, i32 6, i32 63" [src/integrated-gcn/gemm_stage.cpp:42]   --->   Operation 21 'partselect' 'trunc_ln' <Predicate = true> <Delay = 0.00>
ST_1 : Operation 22 [1/1] (0.00ns)   --->   "%sext_ln42 = sext i58 %trunc_ln" [src/integrated-gcn/gemm_stage.cpp:42]   --->   Operation 22 'sext' 'sext_ln42' <Predicate = true> <Delay = 0.00>
ST_1 : Operation 23 [1/1] (0.00ns)   --->   "%gmem1_addr = getelementptr i512 %gmem1, i64 %sext_ln42" [src/integrated-gcn/gemm_stage.cpp:42]   --->   Operation 23 'getelementptr' 'gmem1_addr' <Predicate = true> <Delay = 0.00>
ST_1 : Operation 24 [1/1] (0.42ns)   --->   "%store_ln44 = store i2 0, i2 %jj" [src/integrated-gcn/gemm_stage.cpp:44]   --->   Operation 24 'store' 'store_ln44' <Predicate = true> <Delay = 0.42>
ST_1 : Operation 25 [1/1] (0.42ns)   --->   "%store_ln0 = store i9 0, i9 %indvar_flatten44"   --->   Operation 25 'store' 'store_ln0' <Predicate = true> <Delay = 0.42>
ST_1 : Operation 26 [1/1] (0.42ns)   --->   "%store_ln0 = store i13 0, i13 %indvar_flatten1242"   --->   Operation 26 'store' 'store_ln0' <Predicate = true> <Delay = 0.42>
ST_1 : Operation 27 [1/1] (0.42ns)   --->   "%store_ln0 = store i17 0, i17 %indvar_flatten3441"   --->   Operation 27 'store' 'store_ln0' <Predicate = true> <Delay = 0.42>
ST_1 : Operation 28 [1/1] (0.42ns)   --->   "%br_ln0 = br void %for.inc30"   --->   Operation 28 'br' 'br_ln0' <Predicate = true> <Delay = 0.42>
ST_1 : Operation 29 [1/1] (0.00ns)   --->   "%icmp_ln4250 = phi i1 0, void %entry, i1 %icmp_ln42, void %for.inc.split" [src/integrated-gcn/gemm_stage.cpp:42]   --->   Operation 29 'phi' 'icmp_ln4250' <Predicate = true> <Delay = 0.00>
ST_1 : Operation 30 [1/1] (0.00ns)   --->   "%icmp_ln4349 = phi i1 0, void %entry, i1 %icmp_ln43, void %for.inc.split" [src/integrated-gcn/gemm_stage.cpp:43]   --->   Operation 30 'phi' 'icmp_ln4349' <Predicate = true> <Delay = 0.00>
ST_1 : Operation 31 [1/1] (0.00ns)   --->   "%icmp_ln4448 = phi i1 0, void %entry, i1 %icmp_ln44, void %for.inc.split" [src/integrated-gcn/gemm_stage.cpp:44]   --->   Operation 31 'phi' 'icmp_ln4448' <Predicate = true> <Delay = 0.00>
ST_1 : Operation 32 [1/1] (0.00ns)   --->   "%first_iter_046 = phi i1 1, void %entry, i1 0, void %for.inc.split"   --->   Operation 32 'phi' 'first_iter_046' <Predicate = true> <Delay = 0.00>
ST_1 : Operation 33 [1/1] (0.00ns)   --->   "%first_iter_145 = phi i1 1, void %entry, i1 %and_ln43, void %for.inc.split" [src/integrated-gcn/gemm_stage.cpp:43]   --->   Operation 33 'phi' 'first_iter_145' <Predicate = true> <Delay = 0.00>
ST_1 : Operation 34 [1/1] (0.00ns)   --->   "%first_iter_243 = phi i1 1, void %entry, i1 %or_ln42_3, void %for.inc.split" [src/integrated-gcn/gemm_stage.cpp:42]   --->   Operation 34 'phi' 'first_iter_243' <Predicate = true> <Delay = 0.00>
ST_1 : Operation 35 [1/1] (0.00ns)   --->   "%indvar_flatten3441_load = load i17 %indvar_flatten3441" [src/integrated-gcn/gemm_stage.cpp:40]   --->   Operation 35 'load' 'indvar_flatten3441_load' <Predicate = true> <Delay = 0.00>
ST_1 : Operation 36 [1/1] (0.00ns)   --->   "%indvar_flatten1242_load = load i13 %indvar_flatten1242" [src/integrated-gcn/gemm_stage.cpp:42]   --->   Operation 36 'load' 'indvar_flatten1242_load' <Predicate = true> <Delay = 0.00>
ST_1 : Operation 37 [1/1] (0.00ns)   --->   "%indvar_flatten44_load = load i9 %indvar_flatten44" [src/integrated-gcn/gemm_stage.cpp:43]   --->   Operation 37 'load' 'indvar_flatten44_load' <Predicate = true> <Delay = 0.00>
ST_1 : Operation 38 [1/1] (0.00ns)   --->   "%jj_4 = load i2 %jj" [src/integrated-gcn/gemm_stage.cpp:44]   --->   Operation 38 'load' 'jj_4' <Predicate = true> <Delay = 0.00>
ST_1 : Operation 39 [1/1] (0.00ns)   --->   "%specloopname_ln0 = specloopname void @_ssdm_op_SpecLoopName, void @VITIS_LOOP_40_1_VITIS_LOOP_42_3_VITIS_LOOP_43_4_VITIS_LOOP_44_5_str"   --->   Operation 39 'specloopname' 'specloopname_ln0' <Predicate = true> <Delay = 0.00>
ST_1 : Operation 40 [1/1] (0.00ns)   --->   "%speclooptripcount_ln0 = speclooptripcount void @_ssdm_op_SpecLoopTripCount, i64 126592, i64 126592, i64 126592"   --->   Operation 40 'speclooptripcount' 'speclooptripcount_ln0' <Predicate = true> <Delay = 0.00>
ST_1 : Operation 41 [1/1] (0.00ns) (grouped into LUT with out node and_ln43)   --->   "%or_ln40 = or i1 %icmp_ln4250, i1 %first_iter_145" [src/integrated-gcn/gemm_stage.cpp:40]   --->   Operation 41 'or' 'or_ln40' <Predicate = true> <Delay = 0.00> <CoreInst = "LogicGate">   --->   Core 74 'LogicGate' <Latency = 0> <II = 1> <Delay = 0.28> <FuncUnit> <Opcode : 'and' 'or' 'xor'> <InPorts = 2> <OutPorts = 1>
ST_1 : Operation 42 [1/1] (0.00ns) (grouped into LUT with out node or_ln43)   --->   "%or_ln40_1 = or i1 %icmp_ln4250, i1 %first_iter_046" [src/integrated-gcn/gemm_stage.cpp:40]   --->   Operation 42 'or' 'or_ln40_1' <Predicate = true> <Delay = 0.00> <CoreInst = "LogicGate">   --->   Core 74 'LogicGate' <Latency = 0> <II = 1> <Delay = 0.28> <FuncUnit> <Opcode : 'and' 'or' 'xor'> <InPorts = 2> <OutPorts = 1>
ST_1 : Operation 43 [1/1] (0.28ns)   --->   "%xor_ln40 = xor i1 %icmp_ln4250, i1 1" [src/integrated-gcn/gemm_stage.cpp:40]   --->   Operation 43 'xor' 'xor_ln40' <Predicate = true> <Delay = 0.28> <CoreInst = "LogicGate">   --->   Core 74 'LogicGate' <Latency = 0> <II = 1> <Delay = 0.28> <FuncUnit> <Opcode : 'and' 'or' 'xor'> <InPorts = 2> <OutPorts = 1>
ST_1 : Operation 44 [1/1] (0.00ns) (grouped into LUT with out node and_ln42)   --->   "%and_ln40 = and i1 %icmp_ln4448, i1 %xor_ln40" [src/integrated-gcn/gemm_stage.cpp:40]   --->   Operation 44 'and' 'and_ln40' <Predicate = true> <Delay = 0.00> <CoreInst = "LogicGate">   --->   Core 74 'LogicGate' <Latency = 0> <II = 1> <Delay = 0.28> <FuncUnit> <Opcode : 'and' 'or' 'xor'> <InPorts = 2> <OutPorts = 1>
ST_1 : Operation 45 [1/1] (0.28ns)   --->   "%and_ln40_1 = and i1 %icmp_ln4349, i1 %xor_ln40" [src/integrated-gcn/gemm_stage.cpp:40]   --->   Operation 45 'and' 'and_ln40_1' <Predicate = true> <Delay = 0.28> <CoreInst = "LogicGate">   --->   Core 74 'LogicGate' <Latency = 0> <II = 1> <Delay = 0.28> <FuncUnit> <Opcode : 'and' 'or' 'xor'> <InPorts = 2> <OutPorts = 1>
ST_1 : Operation 46 [1/1] (0.00ns) (grouped into LUT with out node and_ln43)   --->   "%or_ln42 = or i1 %and_ln40_1, i1 %or_ln40" [src/integrated-gcn/gemm_stage.cpp:42]   --->   Operation 46 'or' 'or_ln42' <Predicate = true> <Delay = 0.00> <CoreInst = "LogicGate">   --->   Core 74 'LogicGate' <Latency = 0> <II = 1> <Delay = 0.28> <FuncUnit> <Opcode : 'and' 'or' 'xor'> <InPorts = 2> <OutPorts = 1>
ST_1 : Operation 47 [1/1] (0.28ns)   --->   "%xor_ln42 = xor i1 %icmp_ln4349, i1 1" [src/integrated-gcn/gemm_stage.cpp:42]   --->   Operation 47 'xor' 'xor_ln42' <Predicate = true> <Delay = 0.28> <CoreInst = "LogicGate">   --->   Core 74 'LogicGate' <Latency = 0> <II = 1> <Delay = 0.28> <FuncUnit> <Opcode : 'and' 'or' 'xor'> <InPorts = 2> <OutPorts = 1>
ST_1 : Operation 48 [1/1] (0.00ns) (grouped into LUT with out node and_ln42)   --->   "%or_ln42_2 = or i1 %icmp_ln4250, i1 %xor_ln42" [src/integrated-gcn/gemm_stage.cpp:42]   --->   Operation 48 'or' 'or_ln42_2' <Predicate = true> <Delay = 0.00> <CoreInst = "LogicGate">   --->   Core 74 'LogicGate' <Latency = 0> <II = 1> <Delay = 0.28> <FuncUnit> <Opcode : 'and' 'or' 'xor'> <InPorts = 2> <OutPorts = 1>
ST_1 : Operation 49 [1/1] (0.28ns) (out node of the LUT)   --->   "%and_ln42 = and i1 %and_ln40, i1 %or_ln42_2" [src/integrated-gcn/gemm_stage.cpp:42]   --->   Operation 49 'and' 'and_ln42' <Predicate = true> <Delay = 0.28> <CoreInst = "LogicGate">   --->   Core 74 'LogicGate' <Latency = 0> <II = 1> <Delay = 0.28> <FuncUnit> <Opcode : 'and' 'or' 'xor'> <InPorts = 2> <OutPorts = 1>
ST_1 : Operation 50 [1/1] (0.00ns) (grouped into LUT with out node or_ln42_3)   --->   "%and_ln42_1 = and i1 %first_iter_243, i1 %xor_ln42" [src/integrated-gcn/gemm_stage.cpp:42]   --->   Operation 50 'and' 'and_ln42_1' <Predicate = true> <Delay = 0.00> <CoreInst = "LogicGate">   --->   Core 74 'LogicGate' <Latency = 0> <II = 1> <Delay = 0.28> <FuncUnit> <Opcode : 'and' 'or' 'xor'> <InPorts = 2> <OutPorts = 1>
ST_1 : Operation 51 [1/1] (0.28ns) (out node of the LUT)   --->   "%or_ln42_3 = or i1 %icmp_ln4250, i1 %and_ln42_1" [src/integrated-gcn/gemm_stage.cpp:42]   --->   Operation 51 'or' 'or_ln42_3' <Predicate = true> <Delay = 0.28> <CoreInst = "LogicGate">   --->   Core 74 'LogicGate' <Latency = 0> <II = 1> <Delay = 0.28> <FuncUnit> <Opcode : 'and' 'or' 'xor'> <InPorts = 2> <OutPorts = 1>
ST_1 : Operation 52 [1/1] (0.00ns) (grouped into LUT with out node or_ln43)   --->   "%or_ln42_1 = or i1 %and_ln40_1, i1 %or_ln40_1" [src/integrated-gcn/gemm_stage.cpp:42]   --->   Operation 52 'or' 'or_ln42_1' <Predicate = true> <Delay = 0.00> <CoreInst = "LogicGate">   --->   Core 74 'LogicGate' <Latency = 0> <II = 1> <Delay = 0.28> <FuncUnit> <Opcode : 'and' 'or' 'xor'> <InPorts = 2> <OutPorts = 1>
ST_1 : Operation 53 [1/1] (0.28ns) (out node of the LUT)   --->   "%or_ln43 = or i1 %or_ln42_1, i1 %and_ln42" [src/integrated-gcn/gemm_stage.cpp:43]   --->   Operation 53 'or' 'or_ln43' <Predicate = true> <Delay = 0.28> <CoreInst = "LogicGate">   --->   Core 74 'LogicGate' <Latency = 0> <II = 1> <Delay = 0.28> <FuncUnit> <Opcode : 'and' 'or' 'xor'> <InPorts = 2> <OutPorts = 1>
ST_1 : Operation 54 [1/1] (0.00ns) (grouped into LUT with out node and_ln43)   --->   "%xor_ln43 = xor i1 %and_ln42, i1 1" [src/integrated-gcn/gemm_stage.cpp:43]   --->   Operation 54 'xor' 'xor_ln43' <Predicate = true> <Delay = 0.00> <CoreInst = "LogicGate">   --->   Core 74 'LogicGate' <Latency = 0> <II = 1> <Delay = 0.28> <FuncUnit> <Opcode : 'and' 'or' 'xor'> <InPorts = 2> <OutPorts = 1>
ST_1 : Operation 55 [1/1] (0.28ns) (out node of the LUT)   --->   "%and_ln43 = and i1 %or_ln42, i1 %xor_ln43" [src/integrated-gcn/gemm_stage.cpp:43]   --->   Operation 55 'and' 'and_ln43' <Predicate = true> <Delay = 0.28> <CoreInst = "LogicGate">   --->   Core 74 'LogicGate' <Latency = 0> <II = 1> <Delay = 0.28> <FuncUnit> <Opcode : 'and' 'or' 'xor'> <InPorts = 2> <OutPorts = 1>
ST_1 : Operation 56 [1/1] (0.86ns)   --->   "%add_ln40 = add i17 %indvar_flatten3441_load, i17 1" [src/integrated-gcn/gemm_stage.cpp:40]   --->   Operation 56 'add' 'add_ln40' <Predicate = true> <Delay = 0.86> <CoreInst = "Adder">   --->   Core 1 'Adder' <Latency = 0> <II = 1> <Delay = 0.86> <FuncUnit> <Opcode : 'add' 'sub'> <InPorts = 2> <OutPorts = 1>
ST_1 : Operation 57 [1/1] (0.00ns)   --->   "%br_ln44 = br i1 %or_ln43, void %for.inc.split, void %new.body.VITIS_LOOP_44_5" [src/integrated-gcn/gemm_stage.cpp:44]   --->   Operation 57 'br' 'br_ln44' <Predicate = true> <Delay = 0.00>
ST_1 : Operation 58 [1/1] (0.00ns)   --->   "%br_ln43 = br i1 %and_ln43, void %for.first.iter.for.inc, void %new.body.VITIS_LOOP_43_4" [src/integrated-gcn/gemm_stage.cpp:43]   --->   Operation 58 'br' 'br_ln43' <Predicate = (or_ln43)> <Delay = 0.00>
ST_1 : Operation 59 [1/1] (0.00ns)   --->   "%br_ln42 = br i1 %or_ln42_3, void %for.first.iter.VITIS_LOOP_44_5, void %for.first.iter.VITIS_LOOP_43_4" [src/integrated-gcn/gemm_stage.cpp:42]   --->   Operation 59 'br' 'br_ln42' <Predicate = (or_ln43 & and_ln43)> <Delay = 0.00>
ST_1 : Operation 60 [1/1] (0.00ns)   --->   "%br_ln43 = br void %for.first.iter.for.inc" [src/integrated-gcn/gemm_stage.cpp:43]   --->   Operation 60 'br' 'br_ln43' <Predicate = (or_ln43 & and_ln43)> <Delay = 0.00>
ST_1 : Operation 61 [1/1] (0.00ns)   --->   "%br_ln44 = br void %for.inc.split" [src/integrated-gcn/gemm_stage.cpp:44]   --->   Operation 61 'br' 'br_ln44' <Predicate = (or_ln43)> <Delay = 0.00>
ST_1 : Operation 62 [1/1] (0.54ns)   --->   "%add_ln44 = add i2 %jj_4, i2 1" [src/integrated-gcn/gemm_stage.cpp:44]   --->   Operation 62 'add' 'add_ln44' <Predicate = true> <Delay = 0.54> <CoreInst = "Adder">   --->   Core 1 'Adder' <Latency = 0> <II = 1> <Delay = 0.54> <FuncUnit> <Opcode : 'add' 'sub'> <InPorts = 2> <OutPorts = 1>
ST_1 : Operation 63 [1/1] (0.00ns) (grouped into LUT with out node jj_6)   --->   "%or_ln44 = or i1 %and_ln42, i1 %and_ln40_1" [src/integrated-gcn/gemm_stage.cpp:44]   --->   Operation 63 'or' 'or_ln44' <Predicate = true> <Delay = 0.00> <CoreInst = "LogicGate">   --->   Core 74 'LogicGate' <Latency = 0> <II = 1> <Delay = 0.28> <FuncUnit> <Opcode : 'and' 'or' 'xor'> <InPorts = 2> <OutPorts = 1>
ST_1 : Operation 64 [1/1] (0.00ns) (grouped into LUT with out node jj_6)   --->   "%or_ln44_1 = or i1 %or_ln44, i1 %icmp_ln4250" [src/integrated-gcn/gemm_stage.cpp:44]   --->   Operation 64 'or' 'or_ln44_1' <Predicate = true> <Delay = 0.00> <CoreInst = "LogicGate">   --->   Core 74 'LogicGate' <Latency = 0> <II = 1> <Delay = 0.28> <FuncUnit> <Opcode : 'and' 'or' 'xor'> <InPorts = 2> <OutPorts = 1>
ST_1 : Operation 65 [1/1] (0.28ns) (out node of the LUT)   --->   "%jj_6 = select i1 %or_ln44_1, i2 1, i2 %add_ln44" [src/integrated-gcn/gemm_stage.cpp:44]   --->   Operation 65 'select' 'jj_6' <Predicate = true> <Delay = 0.28> <CoreInst = "Sel">   --->   Core 73 'Sel' <Latency = 0> <II = 1> <Delay = 0.17> <FuncUnit> <Opcode : 'select'> <InPorts = 3> <OutPorts = 1>
ST_1 : Operation 66 [1/1] (0.77ns)   --->   "%add_ln43 = add i9 %indvar_flatten44_load, i9 1" [src/integrated-gcn/gemm_stage.cpp:43]   --->   Operation 66 'add' 'add_ln43' <Predicate = true> <Delay = 0.77> <CoreInst = "Adder">   --->   Core 1 'Adder' <Latency = 0> <II = 1> <Delay = 0.77> <FuncUnit> <Opcode : 'add' 'sub'> <InPorts = 2> <OutPorts = 1>
ST_1 : Operation 67 [1/1] (0.00ns) (grouped into LUT with out node select_ln43)   --->   "%or_ln43_1 = or i1 %and_ln40_1, i1 %icmp_ln4250" [src/integrated-gcn/gemm_stage.cpp:43]   --->   Operation 67 'or' 'or_ln43_1' <Predicate = true> <Delay = 0.00> <CoreInst = "LogicGate">   --->   Core 74 'LogicGate' <Latency = 0> <II = 1> <Delay = 0.28> <FuncUnit> <Opcode : 'and' 'or' 'xor'> <InPorts = 2> <OutPorts = 1>
ST_1 : Operation 68 [1/1] (0.39ns) (out node of the LUT)   --->   "%select_ln43 = select i1 %or_ln43_1, i9 1, i9 %add_ln43" [src/integrated-gcn/gemm_stage.cpp:43]   --->   Operation 68 'select' 'select_ln43' <Predicate = true> <Delay = 0.39> <CoreInst = "Sel">   --->   Core 73 'Sel' <Latency = 0> <II = 1> <Delay = 0.39> <FuncUnit> <Opcode : 'select'> <InPorts = 3> <OutPorts = 1>
ST_1 : Operation 69 [1/1] (0.82ns)   --->   "%add_ln42 = add i13 %indvar_flatten1242_load, i13 1" [src/integrated-gcn/gemm_stage.cpp:42]   --->   Operation 69 'add' 'add_ln42' <Predicate = true> <Delay = 0.82> <CoreInst = "Adder">   --->   Core 1 'Adder' <Latency = 0> <II = 1> <Delay = 0.82> <FuncUnit> <Opcode : 'add' 'sub'> <InPorts = 2> <OutPorts = 1>
ST_1 : Operation 70 [1/1] (0.30ns)   --->   "%select_ln42 = select i1 %icmp_ln4250, i13 1, i13 %add_ln42" [src/integrated-gcn/gemm_stage.cpp:42]   --->   Operation 70 'select' 'select_ln42' <Predicate = true> <Delay = 0.30> <CoreInst = "Sel">   --->   Core 73 'Sel' <Latency = 0> <II = 1> <Delay = 0.30> <FuncUnit> <Opcode : 'select'> <InPorts = 3> <OutPorts = 1>
ST_1 : Operation 71 [1/1] (0.54ns)   --->   "%icmp_ln44 = icmp_eq  i2 %jj_6, i2 2" [src/integrated-gcn/gemm_stage.cpp:44]   --->   Operation 71 'icmp' 'icmp_ln44' <Predicate = true> <Delay = 0.54> <CoreInst = "Cmp">   --->   Core 9 'Cmp' <Latency = 0> <II = 1> <Delay = 0.54> <FuncUnit> <Opcode : 'seteq' 'setne' 'setle' 'setge' 'setlt' 'setgt'> <InPorts = 2> <OutPorts = 1>
ST_1 : Operation 72 [1/1] (0.77ns)   --->   "%icmp_ln43 = icmp_eq  i9 %select_ln43, i9 128" [src/integrated-gcn/gemm_stage.cpp:43]   --->   Operation 72 'icmp' 'icmp_ln43' <Predicate = true> <Delay = 0.77> <CoreInst = "Cmp">   --->   Core 9 'Cmp' <Latency = 0> <II = 1> <Delay = 0.77> <FuncUnit> <Opcode : 'seteq' 'setne' 'setle' 'setge' 'setlt' 'setgt'> <InPorts = 2> <OutPorts = 1>
ST_1 : Operation 73 [1/1] (0.82ns)   --->   "%icmp_ln42 = icmp_eq  i13 %select_ln42, i13 2944" [src/integrated-gcn/gemm_stage.cpp:42]   --->   Operation 73 'icmp' 'icmp_ln42' <Predicate = true> <Delay = 0.82> <CoreInst = "Cmp">   --->   Core 9 'Cmp' <Latency = 0> <II = 1> <Delay = 0.82> <FuncUnit> <Opcode : 'seteq' 'setne' 'setle' 'setge' 'setlt' 'setgt'> <InPorts = 2> <OutPorts = 1>
ST_1 : Operation 74 [1/1] (0.86ns)   --->   "%icmp_ln40 = icmp_eq  i17 %indvar_flatten3441_load, i17 126591" [src/integrated-gcn/gemm_stage.cpp:40]   --->   Operation 74 'icmp' 'icmp_ln40' <Predicate = true> <Delay = 0.86> <CoreInst = "Cmp">   --->   Core 9 'Cmp' <Latency = 0> <II = 1> <Delay = 0.86> <FuncUnit> <Opcode : 'seteq' 'setne' 'setle' 'setge' 'setlt' 'setgt'> <InPorts = 2> <OutPorts = 1>
ST_1 : Operation 75 [1/1] (0.42ns)   --->   "%store_ln44 = store i2 %jj_6, i2 %jj" [src/integrated-gcn/gemm_stage.cpp:44]   --->   Operation 75 'store' 'store_ln44' <Predicate = true> <Delay = 0.42>
ST_1 : Operation 76 [1/1] (0.42ns)   --->   "%store_ln43 = store i9 %select_ln43, i9 %indvar_flatten44" [src/integrated-gcn/gemm_stage.cpp:43]   --->   Operation 76 'store' 'store_ln43' <Predicate = true> <Delay = 0.42>
ST_1 : Operation 77 [1/1] (0.42ns)   --->   "%store_ln42 = store i13 %select_ln42, i13 %indvar_flatten1242" [src/integrated-gcn/gemm_stage.cpp:42]   --->   Operation 77 'store' 'store_ln42' <Predicate = true> <Delay = 0.42>
ST_1 : Operation 78 [1/1] (0.42ns)   --->   "%store_ln40 = store i17 %add_ln40, i17 %indvar_flatten3441" [src/integrated-gcn/gemm_stage.cpp:40]   --->   Operation 78 'store' 'store_ln40' <Predicate = true> <Delay = 0.42>
ST_1 : Operation 79 [1/1] (0.00ns)   --->   "%br_ln40 = br i1 %icmp_ln40, void %for.inc30, void %for.end32" [src/integrated-gcn/gemm_stage.cpp:40]   --->   Operation 79 'br' 'br_ln40' <Predicate = true> <Delay = 0.00>

State 2 <SV = 1> <Delay = 0.00>
ST_2 : Operation 80 [8/8] (7.30ns)   --->   "%empty = readreq i1 @_ssdm_op_ReadReq.m_axi.p1i512, i512 %gmem1_addr, i64 2944" [src/integrated-gcn/gemm_stage.cpp:42]   --->   Operation 80 'readreq' 'empty' <Predicate = (or_ln43 & and_ln43 & or_ln42_3)> <Delay = 7.30> <CoreInst = "m_axi">   --->   Core 119 'm_axi' <Latency = 6> <II = 1> <Delay = 1.00> <Adapter> <Opcode : 'readrequnaligned' 'writerequnaligned' 'read' 'write' 'readreq' 'writereq' 'writeresp'>

State 3 <SV = 2> <Delay = 0.00>
ST_3 : Operation 81 [7/8] (7.30ns)   --->   "%empty = readreq i1 @_ssdm_op_ReadReq.m_axi.p1i512, i512 %gmem1_addr, i64 2944" [src/integrated-gcn/gemm_stage.cpp:42]   --->   Operation 81 'readreq' 'empty' <Predicate = (or_ln43 & and_ln43 & or_ln42_3)> <Delay = 7.30> <CoreInst = "m_axi">   --->   Core 119 'm_axi' <Latency = 6> <II = 1> <Delay = 1.00> <Adapter> <Opcode : 'readrequnaligned' 'writerequnaligned' 'read' 'write' 'readreq' 'writereq' 'writeresp'>

State 4 <SV = 3> <Delay = 0.00>
ST_4 : Operation 82 [6/8] (7.30ns)   --->   "%empty = readreq i1 @_ssdm_op_ReadReq.m_axi.p1i512, i512 %gmem1_addr, i64 2944" [src/integrated-gcn/gemm_stage.cpp:42]   --->   Operation 82 'readreq' 'empty' <Predicate = (or_ln43 & and_ln43 & or_ln42_3)> <Delay = 7.30> <CoreInst = "m_axi">   --->   Core 119 'm_axi' <Latency = 6> <II = 1> <Delay = 1.00> <Adapter> <Opcode : 'readrequnaligned' 'writerequnaligned' 'read' 'write' 'readreq' 'writereq' 'writeresp'>

State 5 <SV = 4> <Delay = 0.00>
ST_5 : Operation 83 [5/8] (7.30ns)   --->   "%empty = readreq i1 @_ssdm_op_ReadReq.m_axi.p1i512, i512 %gmem1_addr, i64 2944" [src/integrated-gcn/gemm_stage.cpp:42]   --->   Operation 83 'readreq' 'empty' <Predicate = (or_ln43 & and_ln43 & or_ln42_3)> <Delay = 7.30> <CoreInst = "m_axi">   --->   Core 119 'm_axi' <Latency = 6> <II = 1> <Delay = 1.00> <Adapter> <Opcode : 'readrequnaligned' 'writerequnaligned' 'read' 'write' 'readreq' 'writereq' 'writeresp'>

State 6 <SV = 5> <Delay = 0.00>
ST_6 : Operation 84 [4/8] (7.30ns)   --->   "%empty = readreq i1 @_ssdm_op_ReadReq.m_axi.p1i512, i512 %gmem1_addr, i64 2944" [src/integrated-gcn/gemm_stage.cpp:42]   --->   Operation 84 'readreq' 'empty' <Predicate = (or_ln43 & and_ln43 & or_ln42_3)> <Delay = 7.30> <CoreInst = "m_axi">   --->   Core 119 'm_axi' <Latency = 6> <II = 1> <Delay = 1.00> <Adapter> <Opcode : 'readrequnaligned' 'writerequnaligned' 'read' 'write' 'readreq' 'writereq' 'writeresp'>

State 7 <SV = 6> <Delay = 0.00>
ST_7 : Operation 85 [3/8] (7.30ns)   --->   "%empty = readreq i1 @_ssdm_op_ReadReq.m_axi.p1i512, i512 %gmem1_addr, i64 2944" [src/integrated-gcn/gemm_stage.cpp:42]   --->   Operation 85 'readreq' 'empty' <Predicate = (or_ln43 & and_ln43 & or_ln42_3)> <Delay = 7.30> <CoreInst = "m_axi">   --->   Core 119 'm_axi' <Latency = 6> <II = 1> <Delay = 1.00> <Adapter> <Opcode : 'readrequnaligned' 'writerequnaligned' 'read' 'write' 'readreq' 'writereq' 'writeresp'>

State 8 <SV = 7> <Delay = 0.00>
ST_8 : Operation 86 [2/8] (7.30ns)   --->   "%empty = readreq i1 @_ssdm_op_ReadReq.m_axi.p1i512, i512 %gmem1_addr, i64 2944" [src/integrated-gcn/gemm_stage.cpp:42]   --->   Operation 86 'readreq' 'empty' <Predicate = (or_ln43 & and_ln43 & or_ln42_3)> <Delay = 7.30> <CoreInst = "m_axi">   --->   Core 119 'm_axi' <Latency = 6> <II = 1> <Delay = 1.00> <Adapter> <Opcode : 'readrequnaligned' 'writerequnaligned' 'read' 'write' 'readreq' 'writereq' 'writeresp'>

State 9 <SV = 8> <Delay = 7.30>
ST_9 : Operation 87 [1/8] ( I:7.30ns O:7.30ns )   --->   "%empty = readreq i1 @_ssdm_op_ReadReq.m_axi.p1i512, i512 %gmem1_addr, i64 2944" [src/integrated-gcn/gemm_stage.cpp:42]   --->   Operation 87 'readreq' 'empty' <Predicate = (or_ln43 & and_ln43 & or_ln42_3)> <Delay = 7.30> <CoreInst = "m_axi">   --->   Core 119 'm_axi' <Latency = 6> <II = 1> <Delay = 1.00> <Adapter> <Opcode : 'readrequnaligned' 'writerequnaligned' 'read' 'write' 'readreq' 'writereq' 'writeresp'>
ST_9 : Operation 88 [1/1] (0.00ns)   --->   "%br_ln42 = br void %for.first.iter.VITIS_LOOP_44_5" [src/integrated-gcn/gemm_stage.cpp:42]   --->   Operation 88 'br' 'br_ln42' <Predicate = (or_ln43 & and_ln43 & or_ln42_3)> <Delay = 0.00>

State 10 <SV = 9> <Delay = 7.30>
ST_10 : Operation 89 [1/1] ( I:7.30ns O:7.30ns )   --->   "%gmem1_addr_read = read i512 @_ssdm_op_Read.m_axi.i512.p1i512, i512 %gmem1_addr" [src/integrated-gcn/gemm_stage.cpp:46]   --->   Operation 89 'read' 'gmem1_addr_read' <Predicate = true> <Delay = 7.30> <CoreInst = "m_axi">   --->   Core 119 'm_axi' <Latency = 3> <II = 1> <Delay = 1.00> <Adapter> <Opcode : 'readrequnaligned' 'writerequnaligned' 'read' 'write' 'readreq' 'writereq' 'writeresp'>

State 11 <SV = 10> <Delay = 1.62>
ST_11 : Operation 90 [1/1] (0.00ns)   --->   "%specpipeline_ln45 = specpipeline void @_ssdm_op_SpecPipeline, i32 1, i32 0, i32 0, i32 0, i32 4294967295, void @empty_14" [src/integrated-gcn/gemm_stage.cpp:45]   --->   Operation 90 'specpipeline' 'specpipeline_ln45' <Predicate = true> <Delay = 0.00>
ST_11 : Operation 91 [1/1] ( I:1.62ns O:1.62ns )   --->   "%write_ln46 = write void @_ssdm_op_Write.ap_fifo.volatile.i512P0A, i512 %W_stream, i512 %gmem1_addr_read" [src/integrated-gcn/gemm_stage.cpp:46]   --->   Operation 91 'write' 'write_ln46' <Predicate = true> <Delay = 1.62> <CoreInst = "FIFO">   --->   Core 77 'FIFO' <Latency = 0> <II = 1> <Delay = 1.62> <Storage> <Opcode : 'read' 'write' 'nbread' 'nbwrite'> <Ports = 0> <Width = 512> <Depth = 16> <FIFO>
ST_11 : Operation 92 [1/1] (0.42ns)   --->   "%ret_ln53 = ret" [src/integrated-gcn/gemm_stage.cpp:53]   --->   Operation 92 'ret' 'ret_ln53' <Predicate = (icmp_ln40)> <Delay = 0.42>


============================================================
+ Verbose Summary: Timing violations
============================================================
Target clock period: 10.000ns, clock uncertainty: 2.700ns.

 <State 1>: 2.377ns
The critical path consists of the following:
	'store' operation ('store_ln0') of constant 0 9 bit on local variable 'indvar_flatten44' [15]  (0.427 ns)
	'load' operation 9 bit ('indvar_flatten44_load', src/integrated-gcn/gemm_stage.cpp:43) on local variable 'indvar_flatten44' [28]  (0.000 ns)
	'add' operation 9 bit ('add_ln43', src/integrated-gcn/gemm_stage.cpp:43) [68]  (0.776 ns)
	'select' operation 9 bit ('select_ln43', src/integrated-gcn/gemm_stage.cpp:43) [70]  (0.398 ns)
	'icmp' operation 1 bit ('icmp_ln43', src/integrated-gcn/gemm_stage.cpp:43) [74]  (0.776 ns)

 <State 2>: 0.000ns
The critical path consists of the following:

 <State 3>: 0.000ns
The critical path consists of the following:

 <State 4>: 0.000ns
The critical path consists of the following:

 <State 5>: 0.000ns
The critical path consists of the following:

 <State 6>: 0.000ns
The critical path consists of the following:

 <State 7>: 0.000ns
The critical path consists of the following:

 <State 8>: 0.000ns
The critical path consists of the following:

 <State 9>: 7.300ns
The critical path consists of the following:
	bus request operation ('empty', src/integrated-gcn/gemm_stage.cpp:42) on port 'gmem1' (src/integrated-gcn/gemm_stage.cpp:42) [54]  (7.300 ns)

 <State 10>: 7.300ns
The critical path consists of the following:
	bus read operation ('gmem1_addr_read', src/integrated-gcn/gemm_stage.cpp:46) on port 'gmem1' (src/integrated-gcn/gemm_stage.cpp:46) [62]  (7.300 ns)

 <State 11>: 1.620ns
The critical path consists of the following:
	fifo write operation ('write_ln46', src/integrated-gcn/gemm_stage.cpp:46) on port 'W_stream' (src/integrated-gcn/gemm_stage.cpp:46) [63]  (1.620 ns)


============================================================
+ Verbose Summary: Binding
============================================================
N/A
* FSMD analyzer results:
  - Output states:
 - Input state : 
  - Chain level:
	State 1
	State 2
	State 3
	State 4
	State 5
	State 6
	State 7
	State 8
	State 9
	State 10
	State 11


============================================================
+ Verbose Summary: Datapath Resource usage 
============================================================
N/A
