

================================================================
== Vitis HLS Report for 'gemm_write'
================================================================
* Date:           Wed Apr 15 12:54:58 2026

* Version:        2025.2 (Build 6295257 on Nov 14 2025)
* Project:        gemm_stage
* Solution:       hls (Vivado IP Flow Target)
* Product family: zynquplus
* Target device:  xck26-sfvc784-2LV-c


================================================================
== Performance Estimates
================================================================
+ Timing: 
    * Summary: 
    +--------+----------+----------+------------+
    |  Clock |  Target  | Estimated| Uncertainty|
    +--------+----------+----------+------------+
    |ap_clk  |  10.00 ns|  7.300 ns|     2.70 ns|
    +--------+----------+----------+------------+

+ Latency: 
    * Summary: 
    +---------+---------+-----------+-----------+------+------+------------------------------------------------+
    |  Latency (cycles) |   Latency (absolute)  |   Interval  |                    Pipeline                    |
    |   min   |   max   |    min    |    max    |  min |  max |                      Type                      |
    +---------+---------+-----------+-----------+------+------+------------------------------------------------+
    |     5514|     5514|  55.140 us|  55.140 us|  5505|  5505|  loop auto-rewind stp (delay=1 clock cycles(s))|
    +---------+---------+-----------+-----------+------+------+------------------------------------------------+

    + Detail: 
        * Instance: 
        N/A

        * Loop: 
        +------------------------------------------------------+---------+---------+----------+-----------+-----------+------+----------+
        |                                                      |  Latency (cycles) | Iteration|  Initiation Interval  | Trip |          |
        |                       Loop Name                      |   min   |   max   |  Latency |  achieved |   target  | Count| Pipelined|
        +------------------------------------------------------+---------+---------+----------+-----------+-----------+------+----------+
        |- VITIS_LOOP_138_1_VITIS_LOOP_140_3_VITIS_LOOP_141_4  |     5512|     5512|        10|          1|          1|  5504|       yes|
        +------------------------------------------------------+---------+---------+----------+-----------+-----------+------+----------+

============================================================
+ Verbose Summary: Synthesis Manager
============================================================
InlineROM: 1
ExposeGlobal: 0
============================================================
+ Verbose Summary: CDFG Model
============================================================
IsTopModel: 0
ResetActiveHigh: 1
IsCombinational: 2
IsDatapathOnly: 0
HasWiredReturn: 1
HasMFsm: 2
HasVarLatency: 1
IsPipeline: 0
IsRtlPipelined: 0
IsInstanceOverlapped: 0
IsDontTouch: 0
HasImplIP: 0
IsGatedGlobalClock: 0

+ Individual pipeline summary: 
  * Pipeline-0: initiation interval (II) = 1, depth = 10


============================================================
+ Verbose Summary: Schedule
============================================================
* Number of FSM states : 10
* Pipeline : 1
  Pipeline-0 : II = 1, D = 10, States = { 1 2 3 4 5 6 7 8 9 10 }
* Dataflow Pipeline: 0

* FSM state transitions: 
1 --> 2 
2 --> 3 
3 --> 4 
4 --> 5 
5 --> 6 
6 --> 7 
7 --> 8 
8 --> 9 
9 --> 10 
10 --> 

* FSM state operations: 

State 1 <SV = 0> <Delay = 1.67>
ST_1 : Operation 13 [1/1] (0.00ns)   --->   "%indvar_flatten1316 = alloca i32 1"   --->   Operation 13 'alloca' 'indvar_flatten1316' <Predicate = true> <Delay = 0.00>
ST_1 : Operation 14 [1/1] (0.00ns)   --->   "%ib = alloca i32 1" [src/integrated-gcn/gemm_stage.cpp:138]   --->   Operation 14 'alloca' 'ib' <Predicate = true> <Delay = 0.00>
ST_1 : Operation 15 [1/1] (0.00ns)   --->   "%indvar_flatten18 = alloca i32 1"   --->   Operation 15 'alloca' 'indvar_flatten18' <Predicate = true> <Delay = 0.00>
ST_1 : Operation 16 [1/1] (0.00ns)   --->   "%i = alloca i32 1" [src/integrated-gcn/gemm_stage.cpp:140]   --->   Operation 16 'alloca' 'i' <Predicate = true> <Delay = 0.00>
ST_1 : Operation 17 [1/1] (0.00ns)   --->   "%jj = alloca i32 1" [src/integrated-gcn/gemm_stage.cpp:141]   --->   Operation 17 'alloca' 'jj' <Predicate = true> <Delay = 0.00>
ST_1 : Operation 18 [1/1] (0.00ns)   --->   "%add_ln13824 = alloca i32 1"   --->   Operation 18 'alloca' 'add_ln13824' <Predicate = true> <Delay = 0.00>
ST_1 : Operation 19 [1/1] (0.00ns)   --->   "%H_temp_125 = alloca i32 1"   --->   Operation 19 'alloca' 'H_temp_125' <Predicate = true> <Delay = 0.00>
ST_1 : Operation 20 [1/1] (0.00ns)   --->   "%specinterface_ln0 = specinterface void @_ssdm_op_SpecInterface, i64 %H_temp, void @ap_fifo_str, i32 0, i32 0, void @p_str, i32 0, i32 0, void @p_str, void @p_str, void @p_str, i32 2, i32 2, i32 16, i32 16, void @p_str, void @ScalarProp_str, i32 4294967295, i32 0, i32 0, i32 0"   --->   Operation 20 'specinterface' 'specinterface_ln0' <Predicate = true> <Delay = 0.00>
ST_1 : Operation 21 [1/1] (0.00ns)   --->   "%specinterface_ln0 = specinterface void @_ssdm_op_SpecInterface, i512 %XW_stream, void @empty_6, i32 0, i32 0, void @empty_14, i32 0, i32 0, void @empty_14, void @empty_14, void @empty_14, i32 0, i32 0, i32 0, i32 0, void @empty_14, void @empty_14, i32 4294967295, i32 0, i32 0, i32 0"   --->   Operation 21 'specinterface' 'specinterface_ln0' <Predicate = true> <Delay = 0.00>
ST_1 : Operation 22 [1/1] (0.00ns)   --->   "%specinterface_ln0 = specinterface void @_ssdm_op_SpecInterface, i512 %gmem2, void @empty_9, i32 0, i32 0, void @empty_14, i32 0, i32 0, void @empty_10, void @empty_0, void @empty_14, i32 16, i32 16, i32 16, i32 16, void @empty_14, void @empty_14, i32 4294967295, i32 0, i32 0, i32 64"   --->   Operation 22 'specinterface' 'specinterface_ln0' <Predicate = true> <Delay = 0.00>
ST_1 : Operation 23 [1/1] (0.42ns)   --->   "%store_ln0 = store i6 1, i6 %add_ln13824"   --->   Operation 23 'store' 'store_ln0' <Predicate = true> <Delay = 0.42>
ST_1 : Operation 24 [1/1] (0.42ns)   --->   "%store_ln141 = store i2 0, i2 %jj" [src/integrated-gcn/gemm_stage.cpp:141]   --->   Operation 24 'store' 'store_ln141' <Predicate = true> <Delay = 0.42>
ST_1 : Operation 25 [1/1] (0.42ns)   --->   "%store_ln140 = store i7 0, i7 %i" [src/integrated-gcn/gemm_stage.cpp:140]   --->   Operation 25 'store' 'store_ln140' <Predicate = true> <Delay = 0.42>
ST_1 : Operation 26 [1/1] (0.42ns)   --->   "%store_ln0 = store i9 0, i9 %indvar_flatten18"   --->   Operation 26 'store' 'store_ln0' <Predicate = true> <Delay = 0.42>
ST_1 : Operation 27 [1/1] (0.42ns)   --->   "%store_ln138 = store i6 0, i6 %ib" [src/integrated-gcn/gemm_stage.cpp:138]   --->   Operation 27 'store' 'store_ln138' <Predicate = true> <Delay = 0.42>
ST_1 : Operation 28 [1/1] (0.42ns)   --->   "%store_ln0 = store i13 0, i13 %indvar_flatten1316"   --->   Operation 28 'store' 'store_ln0' <Predicate = true> <Delay = 0.42>
ST_1 : Operation 29 [1/1] (0.42ns)   --->   "%br_ln0 = br void %new.header"   --->   Operation 29 'br' 'br_ln0' <Predicate = true> <Delay = 0.42>
ST_1 : Operation 30 [1/1] (0.00ns)   --->   "%first_iter_0 = phi i1 1, void %entry, i1 0, void %new.latch.for.inc"   --->   Operation 30 'phi' 'first_iter_0' <Predicate = true> <Delay = 0.00>
ST_1 : Operation 31 [1/1] (0.00ns)   --->   "%br_ln0 = br i1 %first_iter_0, void %for.inc26, void %for.first.iter.for.inc26"   --->   Operation 31 'br' 'br_ln0' <Predicate = true> <Delay = 0.00>
ST_1 : Operation 32 [1/1] (0.00ns)   --->   "%indvar_flatten1316_load = load i13 %indvar_flatten1316" [src/integrated-gcn/gemm_stage.cpp:138]   --->   Operation 32 'load' 'indvar_flatten1316_load' <Predicate = true> <Delay = 0.00>
ST_1 : Operation 33 [1/1] (0.82ns)   --->   "%add_ln138_1 = add i13 %indvar_flatten1316_load, i13 1" [src/integrated-gcn/gemm_stage.cpp:138]   --->   Operation 33 'add' 'add_ln138_1' <Predicate = true> <Delay = 0.82> <CoreInst = "Adder">   --->   Core 1 'Adder' <Latency = 0> <II = 1> <Delay = 0.82> <FuncUnit> <Opcode : 'add' 'sub'> <InPorts = 2> <OutPorts = 1>
ST_1 : Operation 34 [1/1] (0.00ns)   --->   "%indvar_flatten1316_load_1 = load i13 %indvar_flatten1316" [src/integrated-gcn/gemm_stage.cpp:138]   --->   Operation 34 'load' 'indvar_flatten1316_load_1' <Predicate = true> <Delay = 0.00>
ST_1 : Operation 35 [1/1] (0.82ns)   --->   "%icmp_ln138 = icmp_eq  i13 %indvar_flatten1316_load_1, i13 5503" [src/integrated-gcn/gemm_stage.cpp:138]   --->   Operation 35 'icmp' 'icmp_ln138' <Predicate = true> <Delay = 0.82> <CoreInst = "Cmp">   --->   Core 9 'Cmp' <Latency = 0> <II = 1> <Delay = 0.82> <FuncUnit> <Opcode : 'seteq' 'setne' 'setle' 'setge' 'setlt' 'setgt'> <InPorts = 2> <OutPorts = 1>
ST_1 : Operation 36 [1/1] (0.42ns)   --->   "%store_ln138 = store i13 %add_ln138_1, i13 %indvar_flatten1316" [src/integrated-gcn/gemm_stage.cpp:138]   --->   Operation 36 'store' 'store_ln138' <Predicate = true> <Delay = 0.42>
ST_1 : Operation 37 [1/1] (0.00ns)   --->   "%br_ln138 = br i1 %icmp_ln138, void %new.header, void %for.end28" [src/integrated-gcn/gemm_stage.cpp:138]   --->   Operation 37 'br' 'br_ln138' <Predicate = true> <Delay = 0.00>

State 2 <SV = 1> <Delay = 1.83>
ST_2 : Operation 38 [1/1] ( I:1.83ns O:1.83ns )   --->   "%H_temp_1 = read i64 @_ssdm_op_Read.ap_fifo.i64P0A, i64 %H_temp"   --->   Operation 38 'read' 'H_temp_1' <Predicate = (first_iter_0)> <Delay = 1.83> <CoreInst = "FIFO_SRL">   --->   Core 80 'FIFO_SRL' <Latency = 0> <II = 1> <Delay = 1.83> <Storage> <Opcode : 'read' 'write' 'nbread' 'nbwrite'> <Ports = 0> <Width = 64> <Depth = 4> <FIFO>
ST_2 : Operation 39 [1/1] (0.00ns)   --->   "%store_ln0 = store i64 %H_temp_1, i64 %H_temp_125"   --->   Operation 39 'store' 'store_ln0' <Predicate = (first_iter_0)> <Delay = 0.00>
ST_2 : Operation 40 [1/1] (0.00ns)   --->   "%br_ln0 = br void %for.inc26"   --->   Operation 40 'br' 'br_ln0' <Predicate = (first_iter_0)> <Delay = 0.00>

State 3 <SV = 2> <Delay = 3.31>
ST_3 : Operation 41 [1/1] (0.00ns)   --->   "%icmp_ln14023 = phi i1 0, void %entry, i1 %icmp_ln140, void %new.latch.for.inc" [src/integrated-gcn/gemm_stage.cpp:140]   --->   Operation 41 'phi' 'icmp_ln14023' <Predicate = true> <Delay = 0.00>
ST_3 : Operation 42 [1/1] (0.00ns)   --->   "%icmp_ln14122 = phi i1 0, void %entry, i1 %icmp_ln141, void %new.latch.for.inc" [src/integrated-gcn/gemm_stage.cpp:141]   --->   Operation 42 'phi' 'icmp_ln14122' <Predicate = true> <Delay = 0.00>
ST_3 : Operation 43 [1/1] (0.00ns)   --->   "%indvar_flatten18_load = load i9 %indvar_flatten18" [src/integrated-gcn/gemm_stage.cpp:140]   --->   Operation 43 'load' 'indvar_flatten18_load' <Predicate = true> <Delay = 0.00>
ST_3 : Operation 44 [1/1] (0.00ns)   --->   "%jj_2 = load i2 %jj" [src/integrated-gcn/gemm_stage.cpp:141]   --->   Operation 44 'load' 'jj_2' <Predicate = true> <Delay = 0.00>
ST_3 : Operation 45 [1/1] (0.00ns)   --->   "%ib_load = load i6 %ib" [src/integrated-gcn/gemm_stage.cpp:138]   --->   Operation 45 'load' 'ib_load' <Predicate = true> <Delay = 0.00>
ST_3 : Operation 46 [1/1] (0.00ns)   --->   "%i_load = load i7 %i" [src/integrated-gcn/gemm_stage.cpp:138]   --->   Operation 46 'load' 'i_load' <Predicate = true> <Delay = 0.00>
ST_3 : Operation 47 [1/1] (0.00ns)   --->   "%add_ln13824_load = load i6 %add_ln13824" [src/integrated-gcn/gemm_stage.cpp:138]   --->   Operation 47 'load' 'add_ln13824_load' <Predicate = true> <Delay = 0.00>
ST_3 : Operation 48 [1/1] (0.00ns)   --->   "%H_temp_125_load = load i64 %H_temp_125" [src/integrated-gcn/gemm_stage.cpp:144]   --->   Operation 48 'load' 'H_temp_125_load' <Predicate = true> <Delay = 0.00>
ST_3 : Operation 49 [1/1] (0.36ns)   --->   "%select_ln138 = select i1 %icmp_ln14023, i7 0, i7 %i_load" [src/integrated-gcn/gemm_stage.cpp:138]   --->   Operation 49 'select' 'select_ln138' <Predicate = true> <Delay = 0.36> <CoreInst = "Sel">   --->   Core 73 'Sel' <Latency = 0> <II = 1> <Delay = 0.36> <FuncUnit> <Opcode : 'select'> <InPorts = 3> <OutPorts = 1>
ST_3 : Operation 50 [1/1] (0.00ns) (grouped into LUT with out node first_iter_0_mid2)   --->   "%or_ln138 = or i1 %icmp_ln14023, i1 %first_iter_0" [src/integrated-gcn/gemm_stage.cpp:138]   --->   Operation 50 'or' 'or_ln138' <Predicate = true> <Delay = 0.00> <CoreInst = "LogicGate">   --->   Core 74 'LogicGate' <Latency = 0> <II = 1> <Delay = 0.28> <FuncUnit> <Opcode : 'and' 'or' 'xor'> <InPorts = 2> <OutPorts = 1>
ST_3 : Operation 51 [1/1] (0.00ns) (grouped into LUT with out node and_ln138)   --->   "%xor_ln138 = xor i1 %icmp_ln14023, i1 1" [src/integrated-gcn/gemm_stage.cpp:138]   --->   Operation 51 'xor' 'xor_ln138' <Predicate = true> <Delay = 0.00> <CoreInst = "LogicGate">   --->   Core 74 'LogicGate' <Latency = 0> <II = 1> <Delay = 0.28> <FuncUnit> <Opcode : 'and' 'or' 'xor'> <InPorts = 2> <OutPorts = 1>
ST_3 : Operation 52 [1/1] (0.28ns) (out node of the LUT)   --->   "%and_ln138 = and i1 %icmp_ln14122, i1 %xor_ln138" [src/integrated-gcn/gemm_stage.cpp:138]   --->   Operation 52 'and' 'and_ln138' <Predicate = true> <Delay = 0.28> <CoreInst = "LogicGate">   --->   Core 74 'LogicGate' <Latency = 0> <II = 1> <Delay = 0.28> <FuncUnit> <Opcode : 'and' 'or' 'xor'> <InPorts = 2> <OutPorts = 1>
ST_3 : Operation 53 [1/1] (0.38ns)   --->   "%ib_2 = select i1 %icmp_ln14023, i6 %add_ln13824_load, i6 %ib_load" [src/integrated-gcn/gemm_stage.cpp:138]   --->   Operation 53 'select' 'ib_2' <Predicate = true> <Delay = 0.38> <CoreInst = "Sel">   --->   Core 73 'Sel' <Latency = 0> <II = 1> <Delay = 0.38> <FuncUnit> <Opcode : 'select'> <InPorts = 3> <OutPorts = 1>
ST_3 : Operation 54 [1/1] (0.77ns)   --->   "%add_ln140 = add i7 %select_ln138, i7 1" [src/integrated-gcn/gemm_stage.cpp:140]   --->   Operation 54 'add' 'add_ln140' <Predicate = true> <Delay = 0.77> <CoreInst = "Adder">   --->   Core 1 'Adder' <Latency = 0> <II = 1> <Delay = 0.77> <FuncUnit> <Opcode : 'add' 'sub'> <InPorts = 2> <OutPorts = 1>
ST_3 : Operation 55 [1/1] (0.28ns) (out node of the LUT)   --->   "%first_iter_0_mid2 = or i1 %and_ln138, i1 %or_ln138" [src/integrated-gcn/gemm_stage.cpp:138]   --->   Operation 55 'or' 'first_iter_0_mid2' <Predicate = true> <Delay = 0.28> <CoreInst = "LogicGate">   --->   Core 74 'LogicGate' <Latency = 0> <II = 1> <Delay = 0.28> <FuncUnit> <Opcode : 'and' 'or' 'xor'> <InPorts = 2> <OutPorts = 1>
ST_3 : Operation 56 [1/1] (0.36ns)   --->   "%i_2 = select i1 %and_ln138, i7 %add_ln140, i7 %select_ln138" [src/integrated-gcn/gemm_stage.cpp:140]   --->   Operation 56 'select' 'i_2' <Predicate = true> <Delay = 0.36> <CoreInst = "Sel">   --->   Core 73 'Sel' <Latency = 0> <II = 1> <Delay = 0.36> <FuncUnit> <Opcode : 'select'> <InPorts = 3> <OutPorts = 1>
ST_3 : Operation 57 [1/1] (0.00ns)   --->   "%shl_ln = bitconcatenate i12 @_ssdm_op_BitConcatenate.i12.i6.i6, i6 %ib_2, i6 0" [src/integrated-gcn/gemm_stage.cpp:144]   --->   Operation 57 'bitconcatenate' 'shl_ln' <Predicate = true> <Delay = 0.00>
ST_3 : Operation 58 [1/1] (0.00ns)   --->   "%zext_ln140 = zext i7 %i_2" [src/integrated-gcn/gemm_stage.cpp:140]   --->   Operation 58 'zext' 'zext_ln140' <Predicate = true> <Delay = 0.00>
ST_3 : Operation 59 [1/1] (0.00ns)   --->   "%trunc_ln144 = trunc i7 %i_2" [src/integrated-gcn/gemm_stage.cpp:144]   --->   Operation 59 'trunc' 'trunc_ln144' <Predicate = true> <Delay = 0.00>
ST_3 : Operation 60 [1/1] (0.00ns)   --->   "%shl_ln144_2 = bitconcatenate i19 @_ssdm_op_BitConcatenate.i19.i6.i6.i7, i6 %ib_2, i6 %trunc_ln144, i7 0" [src/integrated-gcn/gemm_stage.cpp:144]   --->   Operation 60 'bitconcatenate' 'shl_ln144_2' <Predicate = true> <Delay = 0.00>
ST_3 : Operation 61 [1/1] (0.00ns)   --->   "%zext_ln144 = zext i19 %shl_ln144_2" [src/integrated-gcn/gemm_stage.cpp:144]   --->   Operation 61 'zext' 'zext_ln144' <Predicate = true> <Delay = 0.00>
ST_3 : Operation 62 [1/1] (1.08ns)   --->   "%add_ln144 = add i64 %H_temp_125_load, i64 %zext_ln144" [src/integrated-gcn/gemm_stage.cpp:144]   --->   Operation 62 'add' 'add_ln144' <Predicate = true> <Delay = 1.08> <CoreInst = "Adder">   --->   Core 1 'Adder' <Latency = 0> <II = 1> <Delay = 1.08> <FuncUnit> <Opcode : 'add' 'sub'> <InPorts = 2> <OutPorts = 1>
ST_3 : Operation 63 [1/1] (0.80ns)   --->   "%add_ln144_1 = add i12 %shl_ln, i12 %zext_ln140" [src/integrated-gcn/gemm_stage.cpp:144]   --->   Operation 63 'add' 'add_ln144_1' <Predicate = true> <Delay = 0.80> <CoreInst = "Adder">   --->   Core 1 'Adder' <Latency = 0> <II = 1> <Delay = 0.80> <FuncUnit> <Opcode : 'add' 'sub'> <InPorts = 2> <OutPorts = 1>
ST_3 : Operation 64 [1/1] (0.80ns)   --->   "%icmp_ln144 = icmp_ult  i12 %add_ln144_1, i12 2708" [src/integrated-gcn/gemm_stage.cpp:144]   --->   Operation 64 'icmp' 'icmp_ln144' <Predicate = true> <Delay = 0.80> <CoreInst = "Cmp">   --->   Core 9 'Cmp' <Latency = 0> <II = 1> <Delay = 0.80> <FuncUnit> <Opcode : 'seteq' 'setne' 'setle' 'setge' 'setlt' 'setgt'> <InPorts = 2> <OutPorts = 1>
ST_3 : Operation 65 [1/1] (0.20ns)   --->   "%select_ln141 = select i1 %icmp_ln144, i64 2, i64 0" [src/integrated-gcn/gemm_stage.cpp:141]   --->   Operation 65 'select' 'select_ln141' <Predicate = true> <Delay = 0.20> <CoreInst = "Sel">   --->   Core 73 'Sel' <Latency = 0> <II = 1> <Delay = 0.20> <FuncUnit> <Opcode : 'select'> <InPorts = 3> <OutPorts = 1>
ST_3 : Operation 66 [1/1] (0.00ns)   --->   "%trunc_ln = partselect i58 @_ssdm_op_PartSelect.i58.i64.i32.i32, i64 %add_ln144, i32 6, i32 63" [src/integrated-gcn/gemm_stage.cpp:141]   --->   Operation 66 'partselect' 'trunc_ln' <Predicate = true> <Delay = 0.00>
ST_3 : Operation 67 [1/1] (0.00ns)   --->   "%br_ln141 = br i1 %first_iter_0_mid2, void %for.body12.split, void %new.body.VITIS_LOOP_141_4" [src/integrated-gcn/gemm_stage.cpp:141]   --->   Operation 67 'br' 'br_ln141' <Predicate = true> <Delay = 0.00>
ST_3 : Operation 68 [1/1] (0.00ns)   --->   "%br_ln144 = br i1 %icmp_ln144, void %for.inc, void %if.then" [src/integrated-gcn/gemm_stage.cpp:144]   --->   Operation 68 'br' 'br_ln144' <Predicate = true> <Delay = 0.00>
ST_3 : Operation 69 [1/1] (0.54ns)   --->   "%add_ln141 = add i2 %jj_2, i2 1" [src/integrated-gcn/gemm_stage.cpp:141]   --->   Operation 69 'add' 'add_ln141' <Predicate = true> <Delay = 0.54> <CoreInst = "Adder">   --->   Core 1 'Adder' <Latency = 0> <II = 1> <Delay = 0.54> <FuncUnit> <Opcode : 'add' 'sub'> <InPorts = 2> <OutPorts = 1>
ST_3 : Operation 70 [1/1] (0.00ns) (grouped into LUT with out node jj_3)   --->   "%or_ln141 = or i1 %and_ln138, i1 %icmp_ln14023" [src/integrated-gcn/gemm_stage.cpp:141]   --->   Operation 70 'or' 'or_ln141' <Predicate = true> <Delay = 0.00> <CoreInst = "LogicGate">   --->   Core 74 'LogicGate' <Latency = 0> <II = 1> <Delay = 0.28> <FuncUnit> <Opcode : 'and' 'or' 'xor'> <InPorts = 2> <OutPorts = 1>
ST_3 : Operation 71 [1/1] (0.28ns) (out node of the LUT)   --->   "%jj_3 = select i1 %or_ln141, i2 1, i2 %add_ln141" [src/integrated-gcn/gemm_stage.cpp:141]   --->   Operation 71 'select' 'jj_3' <Predicate = true> <Delay = 0.28> <CoreInst = "Sel">   --->   Core 73 'Sel' <Latency = 0> <II = 1> <Delay = 0.17> <FuncUnit> <Opcode : 'select'> <InPorts = 3> <OutPorts = 1>
ST_3 : Operation 72 [1/1] (0.54ns)   --->   "%icmp_ln141 = icmp_eq  i2 %jj_3, i2 2" [src/integrated-gcn/gemm_stage.cpp:141]   --->   Operation 72 'icmp' 'icmp_ln141' <Predicate = true> <Delay = 0.54> <CoreInst = "Cmp">   --->   Core 9 'Cmp' <Latency = 0> <II = 1> <Delay = 0.54> <FuncUnit> <Opcode : 'seteq' 'setne' 'setle' 'setge' 'setlt' 'setgt'> <InPorts = 2> <OutPorts = 1>
ST_3 : Operation 73 [1/1] (0.00ns)   --->   "%br_ln141 = br i1 %icmp_ln141, void %new.latch.for.inc, void %last.iter.for.inc" [src/integrated-gcn/gemm_stage.cpp:141]   --->   Operation 73 'br' 'br_ln141' <Predicate = true> <Delay = 0.00>
ST_3 : Operation 74 [1/1] (0.77ns)   --->   "%add_ln140_1 = add i9 %indvar_flatten18_load, i9 1" [src/integrated-gcn/gemm_stage.cpp:140]   --->   Operation 74 'add' 'add_ln140_1' <Predicate = true> <Delay = 0.77> <CoreInst = "Adder">   --->   Core 1 'Adder' <Latency = 0> <II = 1> <Delay = 0.77> <FuncUnit> <Opcode : 'add' 'sub'> <InPorts = 2> <OutPorts = 1>
ST_3 : Operation 75 [1/1] (0.39ns)   --->   "%select_ln140_1 = select i1 %icmp_ln14023, i9 1, i9 %add_ln140_1" [src/integrated-gcn/gemm_stage.cpp:140]   --->   Operation 75 'select' 'select_ln140_1' <Predicate = true> <Delay = 0.39> <CoreInst = "Sel">   --->   Core 73 'Sel' <Latency = 0> <II = 1> <Delay = 0.39> <FuncUnit> <Opcode : 'select'> <InPorts = 3> <OutPorts = 1>
ST_3 : Operation 76 [1/1] (0.77ns)   --->   "%icmp_ln140 = icmp_eq  i9 %select_ln140_1, i9 128" [src/integrated-gcn/gemm_stage.cpp:140]   --->   Operation 76 'icmp' 'icmp_ln140' <Predicate = true> <Delay = 0.77> <CoreInst = "Cmp">   --->   Core 9 'Cmp' <Latency = 0> <II = 1> <Delay = 0.77> <FuncUnit> <Opcode : 'seteq' 'setne' 'setle' 'setge' 'setlt' 'setgt'> <InPorts = 2> <OutPorts = 1>
ST_3 : Operation 77 [1/1] (0.78ns)   --->   "%add_ln138 = add i6 %ib_2, i6 1" [src/integrated-gcn/gemm_stage.cpp:138]   --->   Operation 77 'add' 'add_ln138' <Predicate = true> <Delay = 0.78> <CoreInst = "Adder">   --->   Core 1 'Adder' <Latency = 0> <II = 1> <Delay = 0.78> <FuncUnit> <Opcode : 'add' 'sub'> <InPorts = 2> <OutPorts = 1>
ST_3 : Operation 78 [1/1] (0.42ns)   --->   "%store_ln138 = store i6 %add_ln138, i6 %add_ln13824" [src/integrated-gcn/gemm_stage.cpp:138]   --->   Operation 78 'store' 'store_ln138' <Predicate = true> <Delay = 0.42>
ST_3 : Operation 79 [1/1] (0.42ns)   --->   "%store_ln141 = store i2 %jj_3, i2 %jj" [src/integrated-gcn/gemm_stage.cpp:141]   --->   Operation 79 'store' 'store_ln141' <Predicate = true> <Delay = 0.42>
ST_3 : Operation 80 [1/1] (0.42ns)   --->   "%store_ln140 = store i7 %i_2, i7 %i" [src/integrated-gcn/gemm_stage.cpp:140]   --->   Operation 80 'store' 'store_ln140' <Predicate = true> <Delay = 0.42>
ST_3 : Operation 81 [1/1] (0.42ns)   --->   "%store_ln140 = store i9 %select_ln140_1, i9 %indvar_flatten18" [src/integrated-gcn/gemm_stage.cpp:140]   --->   Operation 81 'store' 'store_ln140' <Predicate = true> <Delay = 0.42>
ST_3 : Operation 82 [1/1] (0.42ns)   --->   "%store_ln138 = store i6 %ib_2, i6 %ib" [src/integrated-gcn/gemm_stage.cpp:138]   --->   Operation 82 'store' 'store_ln138' <Predicate = true> <Delay = 0.42>

State 4 <SV = 3> <Delay = 7.30>
ST_4 : Operation 83 [1/1] (0.00ns)   --->   "%specloopname_ln0 = specloopname void @_ssdm_op_SpecLoopName, void @VITIS_LOOP_138_1_VITIS_LOOP_140_3_VITIS_LOOP_141_4_str"   --->   Operation 83 'specloopname' 'specloopname_ln0' <Predicate = true> <Delay = 0.00>
ST_4 : Operation 84 [1/1] (0.00ns)   --->   "%speclooptripcount_ln0 = speclooptripcount void @_ssdm_op_SpecLoopTripCount, i64 5504, i64 5504, i64 5504"   --->   Operation 84 'speclooptripcount' 'speclooptripcount_ln0' <Predicate = true> <Delay = 0.00>
ST_4 : Operation 85 [1/1] (0.00ns)   --->   "%sext_ln141 = sext i58 %trunc_ln" [src/integrated-gcn/gemm_stage.cpp:141]   --->   Operation 85 'sext' 'sext_ln141' <Predicate = true> <Delay = 0.00>
ST_4 : Operation 86 [1/1] (0.00ns)   --->   "%gmem2_addr = getelementptr i512 %gmem2, i64 %sext_ln141" [src/integrated-gcn/gemm_stage.cpp:141]   --->   Operation 86 'getelementptr' 'gmem2_addr' <Predicate = true> <Delay = 0.00>
ST_4 : Operation 87 [1/1] ( I:7.30ns O:7.30ns )   --->   "%empty = writereq i1 @_ssdm_op_WriteReq.m_axi.p1i512, i512 %gmem2_addr, i64 %select_ln141" [src/integrated-gcn/gemm_stage.cpp:141]   --->   Operation 87 'writereq' 'empty' <Predicate = (first_iter_0_mid2)> <Delay = 7.30> <CoreInst = "m_axi">   --->   Core 119 'm_axi' <Latency = 9> <II = 1> <Delay = 1.00> <Adapter> <Opcode : 'readrequnaligned' 'writerequnaligned' 'read' 'write' 'readreq' 'writereq' 'writeresp'>
ST_4 : Operation 88 [1/1] (0.00ns)   --->   "%br_ln141 = br void %for.body12.split" [src/integrated-gcn/gemm_stage.cpp:141]   --->   Operation 88 'br' 'br_ln141' <Predicate = (first_iter_0_mid2)> <Delay = 0.00>
ST_4 : Operation 89 [1/1] (0.00ns)   --->   "%specpipeline_ln142 = specpipeline void @_ssdm_op_SpecPipeline, i32 1, i32 0, i32 0, i32 0, i32 4294967295, void @empty_14" [src/integrated-gcn/gemm_stage.cpp:142]   --->   Operation 89 'specpipeline' 'specpipeline_ln142' <Predicate = true> <Delay = 0.00>
ST_4 : Operation 90 [1/1] ( I:1.62ns O:1.62ns )   --->   "%XW_stream_read = read i512 @_ssdm_op_Read.ap_fifo.volatile.i512P0A, i512 %XW_stream" [src/integrated-gcn/gemm_stage.cpp:143]   --->   Operation 90 'read' 'XW_stream_read' <Predicate = true> <Delay = 1.62> <CoreInst = "FIFO">   --->   Core 77 'FIFO' <Latency = 0> <II = 1> <Delay = 1.62> <Storage> <Opcode : 'read' 'write' 'nbread' 'nbwrite'> <Ports = 0> <Width = 512> <Depth = 16> <FIFO>

State 5 <SV = 4> <Delay = 7.30>
ST_5 : Operation 91 [1/1] ( I:7.30ns O:7.30ns )   --->   "%write_ln146 = write void @_ssdm_op_Write.m_axi.p1i512.i512, i512 %gmem2_addr, i512 %XW_stream_read, i64 18446744073709551615" [src/integrated-gcn/gemm_stage.cpp:146]   --->   Operation 91 'write' 'write_ln146' <Predicate = (icmp_ln144)> <Delay = 7.30> <CoreInst = "m_axi">   --->   Core 119 'm_axi' <Latency = 5> <II = 1> <Delay = 1.00> <Adapter> <Opcode : 'readrequnaligned' 'writerequnaligned' 'read' 'write' 'readreq' 'writereq' 'writeresp'>
ST_5 : Operation 92 [1/1] (0.00ns)   --->   "%br_ln145 = br void %for.inc" [src/integrated-gcn/gemm_stage.cpp:145]   --->   Operation 92 'br' 'br_ln145' <Predicate = (icmp_ln144)> <Delay = 0.00>

State 6 <SV = 5> <Delay = 0.00>
ST_6 : Operation 93 [5/5] (7.30ns)   --->   "%empty_35 = writeresp i1 @_ssdm_op_WriteResp.m_axi.p1i512, i512 %gmem2_addr" [src/integrated-gcn/gemm_stage.cpp:140]   --->   Operation 93 'writeresp' 'empty_35' <Predicate = (icmp_ln141)> <Delay = 7.30> <CoreInst = "m_axi">   --->   Core 119 'm_axi' <Latency = 3> <II = 1> <Delay = 1.00> <Adapter> <Opcode : 'readrequnaligned' 'writerequnaligned' 'read' 'write' 'readreq' 'writereq' 'writeresp'>

State 7 <SV = 6> <Delay = 0.00>
ST_7 : Operation 94 [4/5] (7.30ns)   --->   "%empty_35 = writeresp i1 @_ssdm_op_WriteResp.m_axi.p1i512, i512 %gmem2_addr" [src/integrated-gcn/gemm_stage.cpp:140]   --->   Operation 94 'writeresp' 'empty_35' <Predicate = (icmp_ln141)> <Delay = 7.30> <CoreInst = "m_axi">   --->   Core 119 'm_axi' <Latency = 3> <II = 1> <Delay = 1.00> <Adapter> <Opcode : 'readrequnaligned' 'writerequnaligned' 'read' 'write' 'readreq' 'writereq' 'writeresp'>

State 8 <SV = 7> <Delay = 0.00>
ST_8 : Operation 95 [3/5] (7.30ns)   --->   "%empty_35 = writeresp i1 @_ssdm_op_WriteResp.m_axi.p1i512, i512 %gmem2_addr" [src/integrated-gcn/gemm_stage.cpp:140]   --->   Operation 95 'writeresp' 'empty_35' <Predicate = (icmp_ln141)> <Delay = 7.30> <CoreInst = "m_axi">   --->   Core 119 'm_axi' <Latency = 3> <II = 1> <Delay = 1.00> <Adapter> <Opcode : 'readrequnaligned' 'writerequnaligned' 'read' 'write' 'readreq' 'writereq' 'writeresp'>

State 9 <SV = 8> <Delay = 0.00>
ST_9 : Operation 96 [2/5] (7.30ns)   --->   "%empty_35 = writeresp i1 @_ssdm_op_WriteResp.m_axi.p1i512, i512 %gmem2_addr" [src/integrated-gcn/gemm_stage.cpp:140]   --->   Operation 96 'writeresp' 'empty_35' <Predicate = (icmp_ln141)> <Delay = 7.30> <CoreInst = "m_axi">   --->   Core 119 'm_axi' <Latency = 3> <II = 1> <Delay = 1.00> <Adapter> <Opcode : 'readrequnaligned' 'writerequnaligned' 'read' 'write' 'readreq' 'writereq' 'writeresp'>

State 10 <SV = 9> <Delay = 7.30>
ST_10 : Operation 97 [1/5] ( I:7.30ns O:7.30ns )   --->   "%empty_35 = writeresp i1 @_ssdm_op_WriteResp.m_axi.p1i512, i512 %gmem2_addr" [src/integrated-gcn/gemm_stage.cpp:140]   --->   Operation 97 'writeresp' 'empty_35' <Predicate = (icmp_ln141)> <Delay = 7.30> <CoreInst = "m_axi">   --->   Core 119 'm_axi' <Latency = 3> <II = 1> <Delay = 1.00> <Adapter> <Opcode : 'readrequnaligned' 'writerequnaligned' 'read' 'write' 'readreq' 'writereq' 'writeresp'>
ST_10 : Operation 98 [1/1] (0.00ns)   --->   "%br_ln141 = br void %new.latch.for.inc" [src/integrated-gcn/gemm_stage.cpp:141]   --->   Operation 98 'br' 'br_ln141' <Predicate = (icmp_ln141)> <Delay = 0.00>
ST_10 : Operation 99 [1/1] (0.42ns)   --->   "%ret_ln151 = ret" [src/integrated-gcn/gemm_stage.cpp:151]   --->   Operation 99 'ret' 'ret_ln151' <Predicate = (icmp_ln138)> <Delay = 0.42>


============================================================
+ Verbose Summary: Timing violations
============================================================
Target clock period: 10.000ns, clock uncertainty: 2.700ns.

 <State 1>: 1.674ns
The critical path consists of the following:
	'store' operation ('store_ln0') of constant 0 13 bit on local variable 'indvar_flatten1316' [19]  (0.427 ns)
	'load' operation 13 bit ('indvar_flatten1316_load', src/integrated-gcn/gemm_stage.cpp:138) on local variable 'indvar_flatten1316' [33]  (0.000 ns)
	'add' operation 13 bit ('add_ln138_1', src/integrated-gcn/gemm_stage.cpp:138) [60]  (0.820 ns)
	'store' operation ('store_ln138', src/integrated-gcn/gemm_stage.cpp:138) of variable 'add_ln138_1', src/integrated-gcn/gemm_stage.cpp:138 13 bit on local variable 'indvar_flatten1316' [93]  (0.427 ns)

 <State 2>: 1.838ns
The critical path consists of the following:
	fifo read operation ('H_temp') on port 'H_temp' [29]  (1.838 ns)

 <State 3>: 3.319ns
The critical path consists of the following:
	'phi' operation 1 bit ('icmp_ln14023', src/integrated-gcn/gemm_stage.cpp:140) with incoming values : ('icmp_ln140', src/integrated-gcn/gemm_stage.cpp:140) [23]  (0.000 ns)
	'select' operation 7 bit ('select_ln138', src/integrated-gcn/gemm_stage.cpp:138) [40]  (0.360 ns)
	'add' operation 7 bit ('add_ln140', src/integrated-gcn/gemm_stage.cpp:140) [45]  (0.773 ns)
	'select' operation 7 bit ('i_2', src/integrated-gcn/gemm_stage.cpp:140) [47]  (0.360 ns)
	'add' operation 12 bit ('add_ln144_1', src/integrated-gcn/gemm_stage.cpp:144) [54]  (0.809 ns)
	'icmp' operation 1 bit ('icmp_ln144', src/integrated-gcn/gemm_stage.cpp:144) [55]  (0.809 ns)
	'select' operation 64 bit ('select_ln141', src/integrated-gcn/gemm_stage.cpp:141) [56]  (0.208 ns)

 <State 4>: 7.300ns
The critical path consists of the following:
	'getelementptr' operation 512 bit ('gmem2_addr', src/integrated-gcn/gemm_stage.cpp:141) [59]  (0.000 ns)
	bus request operation ('empty', src/integrated-gcn/gemm_stage.cpp:141) on port 'gmem2' (src/integrated-gcn/gemm_stage.cpp:141) [63]  (7.300 ns)

 <State 5>: 7.300ns
The critical path consists of the following:
	bus write operation ('write_ln146', src/integrated-gcn/gemm_stage.cpp:146) on port 'gmem2' (src/integrated-gcn/gemm_stage.cpp:146) [70]  (7.300 ns)

 <State 6>: 0.000ns
The critical path consists of the following:

 <State 7>: 0.000ns
The critical path consists of the following:

 <State 8>: 0.000ns
The critical path consists of the following:

 <State 9>: 0.000ns
The critical path consists of the following:

 <State 10>: 7.300ns
The critical path consists of the following:
	bus response operation ('empty_35', src/integrated-gcn/gemm_stage.cpp:140) on port 'gmem2' (src/integrated-gcn/gemm_stage.cpp:140) [79]  (7.300 ns)


============================================================
+ Verbose Summary: Binding
============================================================
N/A
* FSMD analyzer results:
  - Output states:
 - Input state : 
  - Chain level:
	State 1
	State 2
	State 3
	State 4
	State 5
	State 6
	State 7
	State 8
	State 9
	State 10


============================================================
+ Verbose Summary: Datapath Resource usage 
============================================================
N/A
