Copyright 1986-2022 Xilinx, Inc. All Rights Reserved. Copyright 2022-2025 Advanced Micro Devices, Inc. All Rights Reserved.
---------------------------------------------------------------------------------------------------------------------------------------------
| Tool Version : Vivado v.2025.2 (lin64) Build 6299465 Fri Nov 14 12:34:56 MST 2025
| Date         : Wed Apr 15 15:11:19 2026
| Host         : nat-Yoga-Pro-9-16IAH10 running 64-bit Ubuntu 24.04.3 LTS
| Command      : report_utilization -hierarchical -hierarchical_depth 7 -file ./report/spmm_stage_utilization_hierarchical_synth.rpt
| Design       : bd_0_wrapper
| Device       : xck26-sfvc784-2LV-c
| Speed File   : -2LV
| Design State : Synthesized
---------------------------------------------------------------------------------------------------------------------------------------------

Utilization Design Information

Table of Contents
-----------------
1. Utilization by Hierarchy

1. Utilization by Hierarchy
---------------------------

+-----------------------------------------------------------+---------------------------------------------------------------------+------------+------------+---------+------+------+--------+--------+------+------------+
|                          Instance                         |                                Module                               | Total LUTs | Logic LUTs | LUTRAMs | SRLs |  FFs | RAMB36 | RAMB18 | URAM | DSP Blocks |
+-----------------------------------------------------------+---------------------------------------------------------------------+------------+------------+---------+------+------+--------+--------+------+------------+
| bd_0_wrapper                                              |                                                               (top) |       9626 |       6243 |    2256 | 1127 | 9946 |      7 |      5 |    0 |         64 |
|   bd_0_i                                                  |                                                                bd_0 |       9626 |       6243 |    2256 | 1127 | 9946 |      7 |      5 |    0 |         64 |
|     hls_inst                                              |                                                     bd_0_hls_inst_0 |       9626 |       6243 |    2256 | 1127 | 9946 |      7 |      5 |    0 |         64 |
|       inst                                                |                                          bd_0_hls_inst_0_spmm_stage |       9626 |       6243 |    2256 | 1127 | 9946 |      7 |      5 |    0 |         64 |
|         val_fifo_U                                        |                          bd_0_hls_inst_0_spmm_stage_fifo_w16_d256_A |        145 |         65 |      80 |    0 |   53 |      0 |      0 |    0 |          0 |
|           U_spmm_stage_fifo_w16_d256_A_ram                |                      bd_0_hls_inst_0_spmm_stage_fifo_w16_d256_A_ram |        101 |         21 |      80 |    0 |   16 |      0 |      0 |    0 |          0 |
|         H_out_c_U                                         |                            bd_0_hls_inst_0_spmm_stage_fifo_w64_d4_S |         68 |          9 |       0 |   59 |    7 |      0 |      0 |    0 |          0 |
|           U_spmm_stage_fifo_w64_d4_S_ShiftReg             |                   bd_0_hls_inst_0_spmm_stage_fifo_w64_d4_S_ShiftReg |         59 |          0 |       0 |   59 |    0 |      0 |      0 |    0 |          0 |
|         control_s_axi_U                                   |                            bd_0_hls_inst_0_spmm_stage_control_s_axi |        431 |        431 |       0 |    0 |  362 |      0 |      0 |    0 |          0 |
|         gmem0_m_axi_U                                     |                              bd_0_hls_inst_0_spmm_stage_gmem0_m_axi |        484 |        417 |       0 |   67 |  772 |      0 |      1 |    0 |          0 |
|           bus_read                                        |                         bd_0_hls_inst_0_spmm_stage_gmem0_m_axi_read |        346 |        346 |       0 |    0 |  580 |      0 |      0 |    0 |          0 |
|             rreq_burst_conv                               |              bd_0_hls_inst_0_spmm_stage_gmem0_m_axi_burst_converter |        270 |        270 |       0 |    0 |  478 |      0 |      0 |    0 |          0 |
|               burst_sequential                            |             bd_0_hls_inst_0_spmm_stage_gmem0_m_axi_burst_sequential |        270 |        270 |       0 |    0 |  478 |      0 |      0 |    0 |          0 |
|             rs_rdata                                      |    bd_0_hls_inst_0_spmm_stage_gmem0_m_axi_reg_slice__parameterized0 |         40 |         40 |       0 |    0 |   71 |      0 |      0 |    0 |          0 |
|           load_unit_0                                     |                         bd_0_hls_inst_0_spmm_stage_gmem0_m_axi_load |        138 |         71 |       0 |   67 |  192 |      0 |      1 |    0 |          0 |
|             (load_unit_0)                                 |                         bd_0_hls_inst_0_spmm_stage_gmem0_m_axi_load |          1 |          1 |       0 |    0 |   74 |      0 |      0 |    0 |          0 |
|             fifo_rreq                                     |                         bd_0_hls_inst_0_spmm_stage_gmem0_m_axi_fifo |         94 |         27 |       0 |   67 |   81 |      0 |      0 |    0 |          0 |
|               U_fifo_srl                                  |                          bd_0_hls_inst_0_spmm_stage_gmem0_m_axi_srl |         76 |          9 |       0 |   67 |   67 |      0 |      0 |    0 |          0 |
|         gmem1_m_axi_U                                     |                              bd_0_hls_inst_0_spmm_stage_gmem1_m_axi |        565 |        472 |       0 |   93 |  861 |      0 |      1 |    0 |          0 |
|           bus_read                                        |                         bd_0_hls_inst_0_spmm_stage_gmem1_m_axi_read |        369 |        369 |       0 |    0 |  623 |      0 |      0 |    0 |          0 |
|             rreq_burst_conv                               |              bd_0_hls_inst_0_spmm_stage_gmem1_m_axi_burst_converter |        293 |        293 |       0 |    0 |  521 |      0 |      0 |    0 |          0 |
|               burst_sequential                            |             bd_0_hls_inst_0_spmm_stage_gmem1_m_axi_burst_sequential |        293 |        293 |       0 |    0 |  521 |      0 |      0 |    0 |          0 |
|             rs_rdata                                      |    bd_0_hls_inst_0_spmm_stage_gmem1_m_axi_reg_slice__parameterized0 |         40 |         40 |       0 |    0 |   71 |      0 |      0 |    0 |          0 |
|           load_unit_0                                     |                         bd_0_hls_inst_0_spmm_stage_gmem1_m_axi_load |        196 |        103 |       0 |   93 |  238 |      0 |      1 |    0 |          0 |
|             (load_unit_0)                                 |                         bd_0_hls_inst_0_spmm_stage_gmem1_m_axi_load |          1 |          1 |       0 |    0 |   94 |      0 |      0 |    0 |          0 |
|             fifo_rreq                                     |                         bd_0_hls_inst_0_spmm_stage_gmem1_m_axi_fifo |        152 |         59 |       0 |   93 |  107 |      0 |      0 |    0 |          0 |
|               U_fifo_srl                                  |                          bd_0_hls_inst_0_spmm_stage_gmem1_m_axi_srl |        134 |         41 |       0 |   93 |   93 |      0 |      0 |    0 |          0 |
|         gmem2_m_axi_U                                     |                              bd_0_hls_inst_0_spmm_stage_gmem2_m_axi |        689 |        593 |       0 |   96 |  994 |      0 |      1 |    0 |          0 |
|           bus_read                                        |                         bd_0_hls_inst_0_spmm_stage_gmem2_m_axi_read |        381 |        381 |       0 |    0 |  627 |      0 |      0 |    0 |          0 |
|             rreq_burst_conv                               |              bd_0_hls_inst_0_spmm_stage_gmem2_m_axi_burst_converter |        305 |        305 |       0 |    0 |  525 |      0 |      0 |    0 |          0 |
|               burst_sequential                            |             bd_0_hls_inst_0_spmm_stage_gmem2_m_axi_burst_sequential |        305 |        305 |       0 |    0 |  525 |      0 |      0 |    0 |          0 |
|             rs_rdata                                      |    bd_0_hls_inst_0_spmm_stage_gmem2_m_axi_reg_slice__parameterized1 |         40 |         40 |       0 |    0 |   71 |      0 |      0 |    0 |          0 |
|           load_unit_0                                     |                         bd_0_hls_inst_0_spmm_stage_gmem2_m_axi_load |        308 |        212 |       0 |   96 |  367 |      0 |      1 |    0 |          0 |
|             (load_unit_0)                                 |                         bd_0_hls_inst_0_spmm_stage_gmem2_m_axi_load |          1 |          1 |       0 |    0 |  132 |      0 |      0 |    0 |          0 |
|             bus_wide_gen.rs_rdata_int                     |                    bd_0_hls_inst_0_spmm_stage_gmem2_m_axi_reg_slice |         57 |         57 |       0 |    0 |   71 |      0 |      0 |    0 |          0 |
|             fifo_rreq                                     |         bd_0_hls_inst_0_spmm_stage_gmem2_m_axi_fifo__parameterized0 |        154 |         60 |       0 |   94 |  108 |      0 |      0 |    0 |          0 |
|               U_fifo_srl                                  |          bd_0_hls_inst_0_spmm_stage_gmem2_m_axi_srl__parameterized0 |        136 |         42 |       0 |   94 |   94 |      0 |      0 |    0 |          0 |
|         gmem3_m_axi_U                                     |                              bd_0_hls_inst_0_spmm_stage_gmem3_m_axi |        931 |        871 |       0 |   60 | 1669 |      7 |      1 |    0 |          0 |
|           bus_read                                        |                         bd_0_hls_inst_0_spmm_stage_gmem3_m_axi_read |        798 |        797 |       0 |    1 | 1497 |      0 |      0 |    0 |          0 |
|             rreq_burst_conv                               |              bd_0_hls_inst_0_spmm_stage_gmem3_m_axi_burst_converter |        231 |        231 |       0 |    0 |  425 |      0 |      0 |    0 |          0 |
|               burst_sequential                            |             bd_0_hls_inst_0_spmm_stage_gmem3_m_axi_burst_sequential |        231 |        231 |       0 |    0 |  425 |      0 |      0 |    0 |          0 |
|             rs_rdata                                      |    bd_0_hls_inst_0_spmm_stage_gmem3_m_axi_reg_slice__parameterized0 |        530 |        530 |       0 |    0 | 1041 |      0 |      0 |    0 |          0 |
|           load_unit_0                                     |                         bd_0_hls_inst_0_spmm_stage_gmem3_m_axi_load |        133 |         74 |       0 |   59 |  172 |      7 |      1 |    0 |          0 |
|             (load_unit_0)                                 |                         bd_0_hls_inst_0_spmm_stage_gmem3_m_axi_load |          1 |          1 |       0 |    0 |   62 |      0 |      0 |    0 |          0 |
|             buff_rdata                                    |         bd_0_hls_inst_0_spmm_stage_gmem3_m_axi_fifo__parameterized0 |         52 |         52 |       0 |    0 |   37 |      7 |      1 |    0 |          0 |
|             fifo_rreq                                     |                         bd_0_hls_inst_0_spmm_stage_gmem3_m_axi_fifo |         80 |         21 |       0 |   59 |   73 |      0 |      0 |    0 |          0 |
|               U_fifo_srl                                  |                          bd_0_hls_inst_0_spmm_stage_gmem3_m_axi_srl |         62 |          3 |       0 |   59 |   59 |      0 |      0 |    0 |          0 |
|         gmem4_m_axi_U                                     |                              bd_0_hls_inst_0_spmm_stage_gmem4_m_axi |       1195 |        496 |       0 |  699 | 2043 |      0 |      0 |    0 |          0 |
|           store_unit_0                                    |                        bd_0_hls_inst_0_spmm_stage_gmem4_m_axi_store |        759 |        119 |       0 |  640 |  791 |      0 |      0 |    0 |          0 |
|             (store_unit_0)                                |                        bd_0_hls_inst_0_spmm_stage_gmem4_m_axi_store |          2 |          2 |       0 |    0 |   74 |      0 |      0 |    0 |          0 |
|             buff_wdata                                    |         bd_0_hls_inst_0_spmm_stage_gmem4_m_axi_fifo__parameterized1 |        603 |         27 |       0 |  576 |  599 |      0 |      0 |    0 |          0 |
|               U_fifo_srl                                  |          bd_0_hls_inst_0_spmm_stage_gmem4_m_axi_srl__parameterized1 |        578 |          2 |       0 |  576 |  576 |      0 |      0 |    0 |          0 |
|             fifo_wreq                                     |         bd_0_hls_inst_0_spmm_stage_gmem4_m_axi_fifo__parameterized0 |         76 |         17 |       0 |   59 |   70 |      0 |      0 |    0 |          0 |
|               U_fifo_srl                                  |          bd_0_hls_inst_0_spmm_stage_gmem4_m_axi_srl__parameterized0 |         63 |          4 |       0 |   59 |   59 |      0 |      0 |    0 |          0 |
|           bus_write                                       |                        bd_0_hls_inst_0_spmm_stage_gmem4_m_axi_write |        421 |        362 |       0 |   59 | 1252 |      0 |      0 |    0 |          0 |
|             wreq_burst_conv                               |              bd_0_hls_inst_0_spmm_stage_gmem4_m_axi_burst_converter |        228 |        228 |       0 |    0 |  425 |      0 |      0 |    0 |          0 |
|               burst_sequential                            |             bd_0_hls_inst_0_spmm_stage_gmem4_m_axi_burst_sequential |        228 |        228 |       0 |    0 |  425 |      0 |      0 |    0 |          0 |
|             wreq_throttle                                 |                     bd_0_hls_inst_0_spmm_stage_gmem4_m_axi_throttle |        170 |        112 |       0 |   58 |  804 |      0 |      0 |    0 |          0 |
|               (wreq_throttle)                             |                     bd_0_hls_inst_0_spmm_stage_gmem4_m_axi_throttle |          6 |          6 |       0 |    0 |  587 |      0 |      0 |    0 |          0 |
|               fifo_burst_gen[0].fifo_req                  |         bd_0_hls_inst_0_spmm_stage_gmem4_m_axi_fifo__parameterized4 |         78 |         20 |       0 |   58 |   75 |      0 |      0 |    0 |          0 |
|               rs_req                                      |    bd_0_hls_inst_0_spmm_stage_gmem4_m_axi_reg_slice__parameterized1 |         70 |         70 |       0 |    0 |  129 |      0 |      0 |    0 |          0 |
|         spmm_compute_U0                                   |                             bd_0_hls_inst_0_spmm_stage_spmm_compute |       4196 |       2020 |    2176 |    0 | 1683 |      0 |      0 |    0 |         64 |
|           (spmm_compute_U0)                               |                             bd_0_hls_inst_0_spmm_stage_spmm_compute |        118 |        118 |       0 |    0 |  296 |      0 |      0 |    0 |          0 |
|           acc_10_U                                        |           bd_0_hls_inst_0_spmm_stage_spmm_compute_acc_RAM_AUTO_1R1W |         52 |          0 |      52 |    0 |   42 |      0 |      0 |    0 |          0 |
|           acc_11_U                                        |         bd_0_hls_inst_0_spmm_stage_spmm_compute_acc_RAM_AUTO_1R1W_1 |         52 |          0 |      52 |    0 |   42 |      0 |      0 |    0 |          0 |
|           acc_12_U                                        |         bd_0_hls_inst_0_spmm_stage_spmm_compute_acc_RAM_AUTO_1R1W_2 |         52 |          0 |      52 |    0 |   42 |      0 |      0 |    0 |          0 |
|           acc_13_U                                        |         bd_0_hls_inst_0_spmm_stage_spmm_compute_acc_RAM_AUTO_1R1W_3 |         52 |          0 |      52 |    0 |   42 |      0 |      0 |    0 |          0 |
|           acc_14_U                                        |         bd_0_hls_inst_0_spmm_stage_spmm_compute_acc_RAM_AUTO_1R1W_4 |         52 |          0 |      52 |    0 |   42 |      0 |      0 |    0 |          0 |
|           acc_15_U                                        |         bd_0_hls_inst_0_spmm_stage_spmm_compute_acc_RAM_AUTO_1R1W_5 |         52 |          0 |      52 |    0 |   42 |      0 |      0 |    0 |          0 |
|           acc_16_U                                        |         bd_0_hls_inst_0_spmm_stage_spmm_compute_acc_RAM_AUTO_1R1W_6 |         52 |          0 |      52 |    0 |   42 |      0 |      0 |    0 |          0 |
|           acc_17_U                                        |         bd_0_hls_inst_0_spmm_stage_spmm_compute_acc_RAM_AUTO_1R1W_7 |         52 |          0 |      52 |    0 |   42 |      0 |      0 |    0 |          0 |
|           acc_18_U                                        |         bd_0_hls_inst_0_spmm_stage_spmm_compute_acc_RAM_AUTO_1R1W_8 |         52 |          0 |      52 |    0 |   42 |      0 |      0 |    0 |          0 |
|           acc_19_U                                        |         bd_0_hls_inst_0_spmm_stage_spmm_compute_acc_RAM_AUTO_1R1W_9 |         52 |          0 |      52 |    0 |   42 |      0 |      0 |    0 |          0 |
|           acc_1_U                                         |        bd_0_hls_inst_0_spmm_stage_spmm_compute_acc_RAM_AUTO_1R1W_10 |         52 |          0 |      52 |    0 |   42 |      0 |      0 |    0 |          0 |
|           acc_20_U                                        |        bd_0_hls_inst_0_spmm_stage_spmm_compute_acc_RAM_AUTO_1R1W_11 |         52 |          0 |      52 |    0 |   42 |      0 |      0 |    0 |          0 |
|           acc_21_U                                        |        bd_0_hls_inst_0_spmm_stage_spmm_compute_acc_RAM_AUTO_1R1W_12 |         52 |          0 |      52 |    0 |   42 |      0 |      0 |    0 |          0 |
|           acc_22_U                                        |        bd_0_hls_inst_0_spmm_stage_spmm_compute_acc_RAM_AUTO_1R1W_13 |         52 |          0 |      52 |    0 |   42 |      0 |      0 |    0 |          0 |
|           acc_23_U                                        |        bd_0_hls_inst_0_spmm_stage_spmm_compute_acc_RAM_AUTO_1R1W_14 |         52 |          0 |      52 |    0 |   42 |      0 |      0 |    0 |          0 |
|           acc_24_U                                        |        bd_0_hls_inst_0_spmm_stage_spmm_compute_acc_RAM_AUTO_1R1W_15 |         52 |          0 |      52 |    0 |   42 |      0 |      0 |    0 |          0 |
|           acc_25_U                                        |        bd_0_hls_inst_0_spmm_stage_spmm_compute_acc_RAM_AUTO_1R1W_16 |         52 |          0 |      52 |    0 |   42 |      0 |      0 |    0 |          0 |
|           acc_26_U                                        |        bd_0_hls_inst_0_spmm_stage_spmm_compute_acc_RAM_AUTO_1R1W_17 |         52 |          0 |      52 |    0 |   42 |      0 |      0 |    0 |          0 |
|           acc_27_U                                        |        bd_0_hls_inst_0_spmm_stage_spmm_compute_acc_RAM_AUTO_1R1W_18 |         52 |          0 |      52 |    0 |   42 |      0 |      0 |    0 |          0 |
|           acc_28_U                                        |        bd_0_hls_inst_0_spmm_stage_spmm_compute_acc_RAM_AUTO_1R1W_19 |         52 |          0 |      52 |    0 |   42 |      0 |      0 |    0 |          0 |
|           acc_29_U                                        |        bd_0_hls_inst_0_spmm_stage_spmm_compute_acc_RAM_AUTO_1R1W_20 |         52 |          0 |      52 |    0 |   42 |      0 |      0 |    0 |          0 |
|           acc_2_U                                         |        bd_0_hls_inst_0_spmm_stage_spmm_compute_acc_RAM_AUTO_1R1W_21 |         52 |          0 |      52 |    0 |   42 |      0 |      0 |    0 |          0 |
|           acc_30_U                                        |        bd_0_hls_inst_0_spmm_stage_spmm_compute_acc_RAM_AUTO_1R1W_22 |         52 |          0 |      52 |    0 |   42 |      0 |      0 |    0 |          0 |
|           acc_31_U                                        |        bd_0_hls_inst_0_spmm_stage_spmm_compute_acc_RAM_AUTO_1R1W_23 |         53 |          1 |      52 |    0 |   42 |      0 |      0 |    0 |          0 |
|           acc_3_U                                         |        bd_0_hls_inst_0_spmm_stage_spmm_compute_acc_RAM_AUTO_1R1W_24 |         52 |          0 |      52 |    0 |   42 |      0 |      0 |    0 |          0 |
|           acc_4_U                                         |        bd_0_hls_inst_0_spmm_stage_spmm_compute_acc_RAM_AUTO_1R1W_25 |         52 |          0 |      52 |    0 |   42 |      0 |      0 |    0 |          0 |
|           acc_5_U                                         |        bd_0_hls_inst_0_spmm_stage_spmm_compute_acc_RAM_AUTO_1R1W_26 |         52 |          0 |      52 |    0 |   42 |      0 |      0 |    0 |          0 |
|           acc_6_U                                         |        bd_0_hls_inst_0_spmm_stage_spmm_compute_acc_RAM_AUTO_1R1W_27 |         52 |          0 |      52 |    0 |   42 |      0 |      0 |    0 |          0 |
|           acc_7_U                                         |        bd_0_hls_inst_0_spmm_stage_spmm_compute_acc_RAM_AUTO_1R1W_28 |         52 |          0 |      52 |    0 |   42 |      0 |      0 |    0 |          0 |
|           acc_8_U                                         |        bd_0_hls_inst_0_spmm_stage_spmm_compute_acc_RAM_AUTO_1R1W_29 |         52 |          0 |      52 |    0 |   42 |      0 |      0 |    0 |          0 |
|           acc_9_U                                         |        bd_0_hls_inst_0_spmm_stage_spmm_compute_acc_RAM_AUTO_1R1W_30 |         52 |          0 |      52 |    0 |   42 |      0 |      0 |    0 |          0 |
|           acc_U                                           |        bd_0_hls_inst_0_spmm_stage_spmm_compute_acc_RAM_AUTO_1R1W_31 |         52 |          0 |      52 |    0 |   42 |      0 |      0 |    0 |          0 |
|           grp_spmm_compute_Pipeline_SPMM_MAC_fu_509       |           bd_0_hls_inst_0_spmm_stage_spmm_compute_Pipeline_SPMM_MAC |       1689 |       1689 |       0 |    0 |    6 |      0 |      0 |    0 |         64 |
|             (grp_spmm_compute_Pipeline_SPMM_MAC_fu_509)   |           bd_0_hls_inst_0_spmm_stage_spmm_compute_Pipeline_SPMM_MAC |       1568 |       1568 |       0 |    0 |    4 |      0 |      0 |    0 |          0 |
|           grp_spmm_compute_Pipeline_SPMM_WRITE_fu_432     |         bd_0_hls_inst_0_spmm_stage_spmm_compute_Pipeline_SPMM_WRITE |        172 |        172 |       0 |    0 |   15 |      0 |      0 |    0 |          0 |
|             (grp_spmm_compute_Pipeline_SPMM_WRITE_fu_432) |         bd_0_hls_inst_0_spmm_stage_spmm_compute_Pipeline_SPMM_WRITE |        146 |        146 |       0 |    0 |   13 |      0 |      0 |    0 |          0 |
|         spmm_load_csr_U0                                  |                            bd_0_hls_inst_0_spmm_stage_spmm_load_csr |        164 |        164 |       0 |    0 |  213 |      0 |      0 |    0 |          0 |
|           (spmm_load_csr_U0)                              |                            bd_0_hls_inst_0_spmm_stage_spmm_load_csr |         41 |         41 |       0 |    0 |   78 |      0 |      0 |    0 |          0 |
|           grp_spmm_load_csr_Pipeline_LOAD_NNZ_fu_124      |          bd_0_hls_inst_0_spmm_stage_spmm_load_csr_Pipeline_LOAD_NNZ |         90 |         90 |       0 |    0 |   86 |      0 |      0 |    0 |          0 |
|             (grp_spmm_load_csr_Pipeline_LOAD_NNZ_fu_124)  |          bd_0_hls_inst_0_spmm_stage_spmm_load_csr_Pipeline_LOAD_NNZ |         16 |         16 |       0 |    0 |   84 |      0 |      0 |    0 |          0 |
|             flow_control_loop_pipe_sequential_init_U      | bd_0_hls_inst_0_spmm_stage_flow_control_loop_pipe_sequential_init_0 |         74 |         74 |       0 |    0 |    2 |      0 |      0 |    0 |          0 |
|         spmm_store_U0                                     |                               bd_0_hls_inst_0_spmm_stage_spmm_store |        616 |        614 |       0 |    2 | 1219 |      0 |      0 |    0 |          0 |
|           (spmm_store_U0)                                 |                               bd_0_hls_inst_0_spmm_stage_spmm_store |        581 |        579 |       0 |    2 | 1217 |      0 |      0 |    0 |          0 |
+-----------------------------------------------------------+---------------------------------------------------------------------+------------+------------+---------+------+------+--------+--------+------+------------+


