  **** HLS Build v2025.2 6295257
INFO: [HLS 200-2005] Using work_dir /home/nat/dev/trinners/mai_proj/hls/thesis-gcn-accelerator/vitis/integrated_gcn/naive_spmm_kernel/naive_spmm_stage 
INFO: [HLS 200-2176] Writing Vitis IDE component file /home/nat/dev/trinners/mai_proj/hls/thesis-gcn-accelerator/vitis/integrated_gcn/naive_spmm_kernel/naive_spmm_stage/vitis-comp.json
INFO: [HLS 200-10] Creating and opening component '/home/nat/dev/trinners/mai_proj/hls/thesis-gcn-accelerator/vitis/integrated_gcn/naive_spmm_kernel/naive_spmm_stage'.
INFO: [HLS 200-1505] Using default flow_target 'vivado'
Resolution: For help on HLS 200-1505 see docs.amd.com/access/sources/dita/topic?Doc_Version=2025.2%20English&url=ug1448-hls-guidance&resourceid=200-1505.html
INFO: [HLS 200-2174] Applying component config ini file hls_config.cfg
INFO: [HLS 200-1465] Applying config ini 'syn.file=/home/nat/dev/trinners/mai_proj/hls/thesis-gcn-accelerator/src/integrated-gcn/naive_spmm_stage.cpp' from hls_config.cfg(8)
INFO: [HLS 200-10] Adding design file '/home/nat/dev/trinners/mai_proj/hls/thesis-gcn-accelerator/src/integrated-gcn/naive_spmm_stage.cpp' to the project
INFO: [HLS 200-1465] Applying config ini 'syn.top=naive_spmm_stage' from hls_config.cfg(7)
INFO: [HLS 200-1465] Applying config ini 'flow_target=vivado' from hls_config.cfg(4)
INFO: [HLS 200-1505] Using flow_target 'vivado'
Resolution: For help on HLS 200-1505 see docs.amd.com/access/sources/dita/topic?Doc_Version=2025.2%20English&url=ug1448-hls-guidance&resourceid=200-1505.html
INFO: [HLS 200-1465] Applying config ini 'part=xck26-sfvc784-2LV-c' from hls_config.cfg(1)
INFO: [HLS 200-1611] Setting target device to 'xck26-sfvc784-2LV-c'
INFO: [HLS 200-1465] Applying config ini 'clock=10' from hls_config.cfg(9)
INFO: [SYN 201-201] Setting up clock 'default' with a period of 10ns.
INFO: [HLS 200-1465] Applying config ini 'package.output.format=ip_catalog' from hls_config.cfg(5)
INFO: [HLS 200-2176] Writing Vitis IDE component file /home/nat/dev/trinners/mai_proj/hls/thesis-gcn-accelerator/vitis/integrated_gcn/naive_spmm_kernel/naive_spmm_stage/vitis-comp.json
INFO: [HLS 200-111] Finished File checks and directory preparation: CPU user time: 1.07 seconds. CPU system time: 0.29 seconds. Elapsed time: 1.22 seconds; current allocated memory: 276.055 MB.
INFO: [HLS 200-2191] C-Synthesis will use clang-16 as the compiler
INFO: [HLS 200-10] Analyzing design file '/home/nat/dev/trinners/mai_proj/hls/thesis-gcn-accelerator/src/integrated-gcn/naive_spmm_stage.cpp' ... 
INFO: [HLS 200-111] Finished Source Code Analysis and Preprocessing: CPU user time: 2.76 seconds. CPU system time: 0.54 seconds. Elapsed time: 3.3 seconds; current allocated memory: 277.766 MB.
INFO: [HLS 200-777] Using interface defaults for 'Vivado' flow target.
INFO: [HLS 200-1995] There were 719 instructions in the design after the 'Compile/Link' phase of compilation. See the Design Size Report for more details (/home/nat/dev/trinners/mai_proj/hls/thesis-gcn-accelerator/vitis/integrated_gcn/naive_spmm_kernel/naive_spmm_stage/hls/syn/report/csynth_design_size.rpt:2)
INFO: [HLS 200-1995] There were 146 instructions in the design after the 'Unroll/Inline (step 1)' phase of compilation. See the Design Size Report for more details (/home/nat/dev/trinners/mai_proj/hls/thesis-gcn-accelerator/vitis/integrated_gcn/naive_spmm_kernel/naive_spmm_stage/hls/syn/report/csynth_design_size.rpt:2)
INFO: [HLS 200-1995] There were 84 instructions in the design after the 'Unroll/Inline (step 2)' phase of compilation. See the Design Size Report for more details (/home/nat/dev/trinners/mai_proj/hls/thesis-gcn-accelerator/vitis/integrated_gcn/naive_spmm_kernel/naive_spmm_stage/hls/syn/report/csynth_design_size.rpt:2)
INFO: [HLS 200-1995] There were 85 instructions in the design after the 'Unroll/Inline (step 3)' phase of compilation. See the Design Size Report for more details (/home/nat/dev/trinners/mai_proj/hls/thesis-gcn-accelerator/vitis/integrated_gcn/naive_spmm_kernel/naive_spmm_stage/hls/syn/report/csynth_design_size.rpt:2)
INFO: [HLS 200-1995] There were 85 instructions in the design after the 'Unroll/Inline (step 4)' phase of compilation. See the Design Size Report for more details (/home/nat/dev/trinners/mai_proj/hls/thesis-gcn-accelerator/vitis/integrated_gcn/naive_spmm_kernel/naive_spmm_stage/hls/syn/report/csynth_design_size.rpt:2)
INFO: [HLS 200-1995] There were 84 instructions in the design after the 'Array/Struct (step 1)' phase of compilation. See the Design Size Report for more details (/home/nat/dev/trinners/mai_proj/hls/thesis-gcn-accelerator/vitis/integrated_gcn/naive_spmm_kernel/naive_spmm_stage/hls/syn/report/csynth_design_size.rpt:2)
INFO: [HLS 200-1995] There were 84 instructions in the design after the 'Array/Struct (step 2)' phase of compilation. See the Design Size Report for more details (/home/nat/dev/trinners/mai_proj/hls/thesis-gcn-accelerator/vitis/integrated_gcn/naive_spmm_kernel/naive_spmm_stage/hls/syn/report/csynth_design_size.rpt:2)
INFO: [HLS 200-1995] There were 84 instructions in the design after the 'Array/Struct (step 3)' phase of compilation. See the Design Size Report for more details (/home/nat/dev/trinners/mai_proj/hls/thesis-gcn-accelerator/vitis/integrated_gcn/naive_spmm_kernel/naive_spmm_stage/hls/syn/report/csynth_design_size.rpt:2)
INFO: [HLS 200-1995] There were 84 instructions in the design after the 'Array/Struct (step 4)' phase of compilation. See the Design Size Report for more details (/home/nat/dev/trinners/mai_proj/hls/thesis-gcn-accelerator/vitis/integrated_gcn/naive_spmm_kernel/naive_spmm_stage/hls/syn/report/csynth_design_size.rpt:2)
INFO: [HLS 200-1995] There were 99 instructions in the design after the 'Array/Struct (step 5)' phase of compilation. See the Design Size Report for more details (/home/nat/dev/trinners/mai_proj/hls/thesis-gcn-accelerator/vitis/integrated_gcn/naive_spmm_kernel/naive_spmm_stage/hls/syn/report/csynth_design_size.rpt:2)
INFO: [HLS 200-1995] There were 97 instructions in the design after the 'Performance (step 1)' phase of compilation. See the Design Size Report for more details (/home/nat/dev/trinners/mai_proj/hls/thesis-gcn-accelerator/vitis/integrated_gcn/naive_spmm_kernel/naive_spmm_stage/hls/syn/report/csynth_design_size.rpt:2)
INFO: [HLS 200-1995] There were 1,226 instructions in the design after the 'Performance (step 2)' phase of compilation. See the Design Size Report for more details (/home/nat/dev/trinners/mai_proj/hls/thesis-gcn-accelerator/vitis/integrated_gcn/naive_spmm_kernel/naive_spmm_stage/hls/syn/report/csynth_design_size.rpt:2)
INFO: [HLS 200-1995] There were 1,226 instructions in the design after the 'Performance (step 3)' phase of compilation. See the Design Size Report for more details (/home/nat/dev/trinners/mai_proj/hls/thesis-gcn-accelerator/vitis/integrated_gcn/naive_spmm_kernel/naive_spmm_stage/hls/syn/report/csynth_design_size.rpt:2)
INFO: [HLS 200-1995] There were 1,226 instructions in the design after the 'Performance (step 4)' phase of compilation. See the Design Size Report for more details (/home/nat/dev/trinners/mai_proj/hls/thesis-gcn-accelerator/vitis/integrated_gcn/naive_spmm_kernel/naive_spmm_stage/hls/syn/report/csynth_design_size.rpt:2)
INFO: [HLS 200-1995] There were 1,250 instructions in the design after the 'HW Transforms (step 1)' phase of compilation. See the Design Size Report for more details (/home/nat/dev/trinners/mai_proj/hls/thesis-gcn-accelerator/vitis/integrated_gcn/naive_spmm_kernel/naive_spmm_stage/hls/syn/report/csynth_design_size.rpt:2)
INFO: [HLS 200-1995] There were 1,065 instructions in the design after the 'HW Transforms (step 2)' phase of compilation. See the Design Size Report for more details (/home/nat/dev/trinners/mai_proj/hls/thesis-gcn-accelerator/vitis/integrated_gcn/naive_spmm_kernel/naive_spmm_stage/hls/syn/report/csynth_design_size.rpt:2)
INFO: [HLS 214-376] Pipelining loop< SPMM_NNZ> at src/integrated-gcn/naive_spmm_stage.cpp:31:9 due to pipeline_loops threshold
INFO: [HLS 214-376] Pipelining loop< SPMM_INIT> at src/integrated-gcn/naive_spmm_stage.cpp:25:9 due to pipeline_loops threshold
INFO: [HLS 214-376] Pipelining loop< SPMM_WRITE> at src/integrated-gcn/naive_spmm_stage.cpp:41:9 due to pipeline_loops threshold
INFO: [HLS 214-291] Loop 'SPMM_FEAT' is marked as complete unroll implied by the pipeline pragma (src/integrated-gcn/naive_spmm_stage.cpp:36:13)
INFO: [HLS 214-186] Unrolling loop 'SPMM_FEAT' (src/integrated-gcn/naive_spmm_stage.cpp:36:13) in function 'naive_spmm_stage' completely with a factor of 64 (src/integrated-gcn/naive_spmm_stage.cpp:14:0)
INFO: [HLS 214-115] Multiple burst writes of length 173312 and bit width 16 in loop 'SPMM_ROW'(src/integrated-gcn/naive_spmm_stage.cpp:23:5) has been inferred on bundle 'gmem4'. These burst requests might be further partitioned into multiple requests during RTL generation, based on max_read_burst_length or max_write_burst_length settings. (src/integrated-gcn/naive_spmm_stage.cpp:23:5)
INFO: [HLS 214-115] Multiple burst reads of length 2 and bit width 32 has been inferred on bundle 'gmem0'. These burst requests might be further partitioned into multiple requests during RTL generation, based on max_read_burst_length or max_write_burst_length settings. (src/integrated-gcn/naive_spmm_stage.cpp:28:27)
INFO: [HLS 214-115] Multiple burst reads of variable length and bit width 32 in loop 'SPMM_NNZ'(src/integrated-gcn/naive_spmm_stage.cpp:31:9) has been inferred on bundle 'gmem1'. These burst requests might be further partitioned into multiple requests during RTL generation, based on max_read_burst_length or max_write_burst_length settings. (src/integrated-gcn/naive_spmm_stage.cpp:31:9)
INFO: [HLS 214-115] Multiple burst reads of variable length and bit width 16 in loop 'SPMM_NNZ'(src/integrated-gcn/naive_spmm_stage.cpp:31:9) has been inferred on bundle 'gmem2'. These burst requests might be further partitioned into multiple requests during RTL generation, based on max_read_burst_length or max_write_burst_length settings. (src/integrated-gcn/naive_spmm_stage.cpp:31:9)
INFO: [HLS 214-115] Multiple burst reads of length 64 and bit width 16 has been inferred on bundle 'gmem3'. These burst requests might be further partitioned into multiple requests during RTL generation, based on max_read_burst_length or max_write_burst_length settings. (src/integrated-gcn/naive_spmm_stage.cpp:36:13)
INFO: [HLS 200-111] Finished Compiling Optimization and Transform: CPU user time: 1.81 seconds. CPU system time: 0.37 seconds. Elapsed time: 6.78 seconds; current allocated memory: 280.023 MB.
INFO: [HLS 200-111] Finished Checking Pragmas: CPU user time: 0 seconds. CPU system time: 0 seconds. Elapsed time: 0 seconds; current allocated memory: 280.023 MB.
INFO: [HLS 200-10] Starting code transformations ...
INFO: [HLS 200-111] Finished Standard Transforms: CPU user time: 0.03 seconds. CPU system time: 0 seconds. Elapsed time: 0.03 seconds; current allocated memory: 281.605 MB.
INFO: [HLS 200-10] Checking synthesizability ...
INFO: [HLS 200-111] Finished Checking Synthesizability: CPU user time: 0.02 seconds. CPU system time: 0 seconds. Elapsed time: 0.02 seconds; current allocated memory: 281.777 MB.
INFO: [HLS 200-111] Finished Loop, function and other optimizations: CPU user time: 0.16 seconds. CPU system time: 0.01 seconds. Elapsed time: 0.16 seconds; current allocated memory: 308.117 MB.
INFO: [HLS 200-111] Finished Architecture Synthesis: CPU user time: 0.13 seconds. CPU system time: 0.01 seconds. Elapsed time: 0.15 seconds; current allocated memory: 333.223 MB.
INFO: [HLS 200-10] Starting hardware synthesis ...
INFO: [HLS 200-10] Synthesizing 'naive_spmm_stage' ...
INFO: [HLS 200-10] ----------------------------------------------------------------
INFO: [HLS 200-42] -- Implementing module 'naive_spmm_stage_Pipeline_SPMM_INIT' 
INFO: [HLS 200-10] ----------------------------------------------------------------
INFO: [SCHED 204-11] Starting scheduling ...
INFO: [SCHED 204-61] Pipelining loop 'SPMM_INIT'.
INFO: [HLS 200-1470] Pipelining result : Target II = NA, Final II = 1, Depth = 1, loop 'SPMM_INIT'
INFO: [SCHED 204-11] Finished scheduling.
INFO: [HLS 200-111] Finished Scheduling: CPU user time: 0.09 seconds. CPU system time: 0.01 seconds. Elapsed time: 0.11 seconds; current allocated memory: 333.223 MB.
INFO: [BIND 205-100] Starting micro-architecture generation ...
INFO: [BIND 205-101] Performing variable lifetime analysis.
INFO: [BIND 205-101] Exploring resource sharing.
INFO: [BIND 205-101] Binding ...
INFO: [BIND 205-100] Finished micro-architecture generation.
INFO: [HLS 200-111] Finished Binding: CPU user time: 0.01 seconds. CPU system time: 0 seconds. Elapsed time: 0.01 seconds; current allocated memory: 333.223 MB.
INFO: [HLS 200-10] ----------------------------------------------------------------
INFO: [HLS 200-42] -- Implementing module 'naive_spmm_stage_Pipeline_SPMM_NNZ' 
INFO: [HLS 200-10] ----------------------------------------------------------------
INFO: [SCHED 204-11] Starting scheduling ...
INFO: [SCHED 204-61] Pipelining loop 'SPMM_NNZ'.
WARNING: [HLS 200-448] Lower bound of II is 64 due to multiple bus read operation ('gmem3_addr_read', src/integrated-gcn/naive_spmm_stage.cpp:37) on port 'gmem3' (src/integrated-gcn/naive_spmm_stage.cpp:37), bus read operation ('gmem3_addr_read_1', src/integrated-gcn/naive_spmm_stage.cpp:37) on port 'gmem3' (src/integrated-gcn/naive_spmm_stage.cpp:37), bus read operation ('gmem3_addr_read_2', src/integrated-gcn/naive_spmm_stage.cpp:37) on port 'gmem3' (src/integrated-gcn/naive_spmm_stage.cpp:37), bus read operation ('gmem3_addr_read_3', src/integrated-gcn/naive_spmm_stage.cpp:37) on port 'gmem3' (src/integrated-gcn/naive_spmm_stage.cpp:37), bus read operation ('gmem3_addr_read_4', src/integrated-gcn/naive_spmm_stage.cpp:37) on port 'gmem3' (src/integrated-gcn/naive_spmm_stage.cpp:37), bus read operation ('gmem3_addr_read_5', src/integrated-gcn/naive_spmm_stage.cpp:37) on port 'gmem3' (src/integrated-gcn/naive_spmm_stage.cpp:37), bus read operation ('gmem3_addr_read_6', src/integrated-gcn/naive_spmm_stage.cpp:37) on port 'gmem3' (src/integrated-gcn/naive_spmm_stage.cpp:37), bus read operation ('gmem3_addr_read_7', src/integrated-gcn/naive_spmm_stage.cpp:37) on port 'gmem3' (src/integrated-gcn/naive_spmm_stage.cpp:37), bus read operation ('gmem3_addr_read_8', src/integrated-gcn/naive_spmm_stage.cpp:37) on port 'gmem3' (src/integrated-gcn/naive_spmm_stage.cpp:37), bus read operation ('gmem3_addr_read_9', src/integrated-gcn/naive_spmm_stage.cpp:37) on port 'gmem3' (src/integrated-gcn/naive_spmm_stage.cpp:37), bus read operation ('gmem3_addr_read_10', src/integrated-gcn/naive_spmm_stage.cpp:37) on port 'gmem3' (src/integrated-gcn/naive_spmm_stage.cpp:37), bus read operation ('gmem3_addr_read_11', src/integrated-gcn/naive_spmm_stage.cpp:37) on port 'gmem3' (src/integrated-gcn/naive_spmm_stage.cpp:37), bus read operation ('gmem3_addr_read_12', src/integrated-gcn/naive_spmm_stage.cpp:37) on port 'gmem3' (src/integrated-gcn/naive_spmm_stage.cpp:37), bus read operation ('gmem3_addr_read_13', src/integrated-gcn/naive_spmm_stage.cpp:37) on port 'gmem3' (src/integrated-gcn/naive_spmm_stage.cpp:37), bus read operation ('gmem3_addr_read_14', src/integrated-gcn/naive_spmm_stage.cpp:37) on port 'gmem3' (src/integrated-gcn/naive_spmm_stage.cpp:37), bus read operation ('gmem3_addr_read_15', src/integrated-gcn/naive_spmm_stage.cpp:37) on port 'gmem3' (src/integrated-gcn/naive_spmm_stage.cpp:37), bus read operation ('gmem3_addr_read_16', src/integrated-gcn/naive_spmm_stage.cpp:37) on port 'gmem3' (src/integrated-gcn/naive_spmm_stage.cpp:37), bus read operation ('gmem3_addr_read_17', src/integrated-gcn/naive_spmm_stage.cpp:37) on port 'gmem3' (src/integrated-gcn/naive_spmm_stage.cpp:37), bus read operation ('gmem3_addr_read_18', src/integrated-gcn/naive_spmm_stage.cpp:37) on port 'gmem3' (src/integrated-gcn/naive_spmm_stage.cpp:37), bus read operation ('gmem3_addr_read_19', src/integrated-gcn/naive_spmm_stage.cpp:37) on port 'gmem3' (src/integrated-gcn/naive_spmm_stage.cpp:37), bus read operation ('gmem3_addr_read_20', src/integrated-gcn/naive_spmm_stage.cpp:37) on port 'gmem3' (src/integrated-gcn/naive_spmm_stage.cpp:37), bus read operation ('gmem3_addr_read_21', src/integrated-gcn/naive_spmm_stage.cpp:37) on port 'gmem3' (src/integrated-gcn/naive_spmm_stage.cpp:37), bus read operation ('gmem3_addr_read_22', src/integrated-gcn/naive_spmm_stage.cpp:37) on port 'gmem3' (src/integrated-gcn/naive_spmm_stage.cpp:37), bus read operation ('gmem3_addr_read_23', src/integrated-gcn/naive_spmm_stage.cpp:37) on port 'gmem3' (src/integrated-gcn/naive_spmm_stage.cpp:37), bus read operation ('gmem3_addr_read_24', src/integrated-gcn/naive_spmm_stage.cpp:37) on port 'gmem3' (src/integrated-gcn/naive_spmm_stage.cpp:37), bus read operation ('gmem3_addr_read_25', src/integrated-gcn/naive_spmm_stage.cpp:37) on port 'gmem3' (src/integrated-gcn/naive_spmm_stage.cpp:37), bus read operation ('gmem3_addr_read_26', src/integrated-gcn/naive_spmm_stage.cpp:37) on port 'gmem3' (src/integrated-gcn/naive_spmm_stage.cpp:37), bus read operation ('gmem3_addr_read_27', src/integrated-gcn/naive_spmm_stage.cpp:37) on port 'gmem3' (src/integrated-gcn/naive_spmm_stage.cpp:37), bus read operation ('gmem3_addr_read_28', src/integrated-gcn/naive_spmm_stage.cpp:37) on port 'gmem3' (src/integrated-gcn/naive_spmm_stage.cpp:37), bus read operation ('gmem3_addr_read_29', src/integrated-gcn/naive_spmm_stage.cpp:37) on port 'gmem3' (src/integrated-gcn/naive_spmm_stage.cpp:37), bus read operation ('gmem3_addr_read_30', src/integrated-gcn/naive_spmm_stage.cpp:37) on port 'gmem3' (src/integrated-gcn/naive_spmm_stage.cpp:37), bus read operation ('gmem3_addr_read_31', src/integrated-gcn/naive_spmm_stage.cpp:37) on port 'gmem3' (src/integrated-gcn/naive_spmm_stage.cpp:37), bus read operation ('gmem3_addr_read_32', src/integrated-gcn/naive_spmm_stage.cpp:37) on port 'gmem3' (src/integrated-gcn/naive_spmm_stage.cpp:37), bus read operation ('gmem3_addr_read_33', src/integrated-gcn/naive_spmm_stage.cpp:37) on port 'gmem3' (src/integrated-gcn/naive_spmm_stage.cpp:37), bus read operation ('gmem3_addr_read_34', src/integrated-gcn/naive_spmm_stage.cpp:37) on port 'gmem3' (src/integrated-gcn/naive_spmm_stage.cpp:37), bus read operation ('gmem3_addr_read_35', src/integrated-gcn/naive_spmm_stage.cpp:37) on port 'gmem3' (src/integrated-gcn/naive_spmm_stage.cpp:37), bus read operation ('gmem3_addr_read_36', src/integrated-gcn/naive_spmm_stage.cpp:37) on port 'gmem3' (src/integrated-gcn/naive_spmm_stage.cpp:37), bus read operation ('gmem3_addr_read_37', src/integrated-gcn/naive_spmm_stage.cpp:37) on port 'gmem3' (src/integrated-gcn/naive_spmm_stage.cpp:37), bus read operation ('gmem3_addr_read_38', src/integrated-gcn/naive_spmm_stage.cpp:37) on port 'gmem3' (src/integrated-gcn/naive_spmm_stage.cpp:37), bus read operation ('gmem3_addr_read_39', src/integrated-gcn/naive_spmm_stage.cpp:37) on port 'gmem3' (src/integrated-gcn/naive_spmm_stage.cpp:37), bus read operation ('gmem3_addr_read_40', src/integrated-gcn/naive_spmm_stage.cpp:37) on port 'gmem3' (src/integrated-gcn/naive_spmm_stage.cpp:37), bus read operation ('gmem3_addr_read_41', src/integrated-gcn/naive_spmm_stage.cpp:37) on port 'gmem3' (src/integrated-gcn/naive_spmm_stage.cpp:37), bus read operation ('gmem3_addr_read_42', src/integrated-gcn/naive_spmm_stage.cpp:37) on port 'gmem3' (src/integrated-gcn/naive_spmm_stage.cpp:37), bus read operation ('gmem3_addr_read_43', src/integrated-gcn/naive_spmm_stage.cpp:37) on port 'gmem3' (src/integrated-gcn/naive_spmm_stage.cpp:37), bus read operation ('gmem3_addr_read_44', src/integrated-gcn/naive_spmm_stage.cpp:37) on port 'gmem3' (src/integrated-gcn/naive_spmm_stage.cpp:37), bus read operation ('gmem3_addr_read_45', src/integrated-gcn/naive_spmm_stage.cpp:37) on port 'gmem3' (src/integrated-gcn/naive_spmm_stage.cpp:37), bus read operation ('gmem3_addr_read_46', src/integrated-gcn/naive_spmm_stage.cpp:37) on port 'gmem3' (src/integrated-gcn/naive_spmm_stage.cpp:37), bus read operation ('gmem3_addr_read_47', src/integrated-gcn/naive_spmm_stage.cpp:37) on port 'gmem3' (src/integrated-gcn/naive_spmm_stage.cpp:37), bus read operation ('gmem3_addr_read_48', src/integrated-gcn/naive_spmm_stage.cpp:37) on port 'gmem3' (src/integrated-gcn/naive_spmm_stage.cpp:37), bus read operation ('gmem3_addr_read_49', src/integrated-gcn/naive_spmm_stage.cpp:37) on port 'gmem3' (src/integrated-gcn/naive_spmm_stage.cpp:37), bus read operation ('gmem3_addr_read_50', src/integrated-gcn/naive_spmm_stage.cpp:37) on port 'gmem3' (src/integrated-gcn/naive_spmm_stage.cpp:37), bus read operation ('gmem3_addr_read_51', src/integrated-gcn/naive_spmm_stage.cpp:37) on port 'gmem3' (src/integrated-gcn/naive_spmm_stage.cpp:37), bus read operation ('gmem3_addr_read_52', src/integrated-gcn/naive_spmm_stage.cpp:37) on port 'gmem3' (src/integrated-gcn/naive_spmm_stage.cpp:37), bus read operation ('gmem3_addr_read_53', src/integrated-gcn/naive_spmm_stage.cpp:37) on port 'gmem3' (src/integrated-gcn/naive_spmm_stage.cpp:37), bus read operation ('gmem3_addr_read_54', src/integrated-gcn/naive_spmm_stage.cpp:37) on port 'gmem3' (src/integrated-gcn/naive_spmm_stage.cpp:37), bus read operation ('gmem3_addr_read_55', src/integrated-gcn/naive_spmm_stage.cpp:37) on port 'gmem3' (src/integrated-gcn/naive_spmm_stage.cpp:37), bus read operation ('gmem3_addr_read_56', src/integrated-gcn/naive_spmm_stage.cpp:37) on port 'gmem3' (src/integrated-gcn/naive_spmm_stage.cpp:37), bus read operation ('gmem3_addr_read_57', src/integrated-gcn/naive_spmm_stage.cpp:37) on port 'gmem3' (src/integrated-gcn/naive_spmm_stage.cpp:37), bus read operation ('gmem3_addr_read_58', src/integrated-gcn/naive_spmm_stage.cpp:37) on port 'gmem3' (src/integrated-gcn/naive_spmm_stage.cpp:37), bus read operation ('gmem3_addr_read_59', src/integrated-gcn/naive_spmm_stage.cpp:37) on port 'gmem3' (src/integrated-gcn/naive_spmm_stage.cpp:37), bus read operation ('gmem3_addr_read_60', src/integrated-gcn/naive_spmm_stage.cpp:37) on port 'gmem3' (src/integrated-gcn/naive_spmm_stage.cpp:37), bus read operation ('gmem3_addr_read_61', src/integrated-gcn/naive_spmm_stage.cpp:37) on port 'gmem3' (src/integrated-gcn/naive_spmm_stage.cpp:37), bus read operation ('gmem3_addr_read_62', src/integrated-gcn/naive_spmm_stage.cpp:37) on port 'gmem3' (src/integrated-gcn/naive_spmm_stage.cpp:37), bus read operation ('gmem3_addr_read_63', src/integrated-gcn/naive_spmm_stage.cpp:37) on port 'gmem3' (src/integrated-gcn/naive_spmm_stage.cpp:37) accessing 'gmem3' m_axi read
INFO: [HLS 200-1470] Pipelining result : Target II = NA, Final II = 64, Depth = 76, loop 'SPMM_NNZ'
INFO: [SCHED 204-11] Finished scheduling.
INFO: [HLS 200-111] Finished Scheduling: CPU user time: 0.32 seconds. CPU system time: 0 seconds. Elapsed time: 0.32 seconds; current allocated memory: 335.031 MB.
INFO: [BIND 205-100] Starting micro-architecture generation ...
INFO: [BIND 205-101] Performing variable lifetime analysis.
INFO: [BIND 205-101] Exploring resource sharing.
INFO: [BIND 205-101] Binding ...
INFO: [BIND 205-100] Finished micro-architecture generation.
INFO: [HLS 200-111] Finished Binding: CPU user time: 0.09 seconds. CPU system time: 0 seconds. Elapsed time: 0.09 seconds; current allocated memory: 335.031 MB.
INFO: [HLS 200-10] ----------------------------------------------------------------
INFO: [HLS 200-42] -- Implementing module 'naive_spmm_stage_Pipeline_SPMM_WRITE' 
INFO: [HLS 200-10] ----------------------------------------------------------------
INFO: [SCHED 204-11] Starting scheduling ...
INFO: [SCHED 204-61] Pipelining loop 'SPMM_WRITE'.
INFO: [HLS 200-1470] Pipelining result : Target II = NA, Final II = 1, Depth = 3, loop 'SPMM_WRITE'
INFO: [SCHED 204-11] Finished scheduling.
INFO: [HLS 200-111] Finished Scheduling: CPU user time: 0.04 seconds. CPU system time: 0 seconds. Elapsed time: 0.04 seconds; current allocated memory: 335.031 MB.
INFO: [BIND 205-100] Starting micro-architecture generation ...
INFO: [BIND 205-101] Performing variable lifetime analysis.
INFO: [BIND 205-101] Exploring resource sharing.
INFO: [BIND 205-101] Binding ...
INFO: [BIND 205-100] Finished micro-architecture generation.
INFO: [HLS 200-111] Finished Binding: CPU user time: 0 seconds. CPU system time: 0 seconds. Elapsed time: 0 seconds; current allocated memory: 335.031 MB.
INFO: [HLS 200-10] ----------------------------------------------------------------
INFO: [HLS 200-42] -- Implementing module 'naive_spmm_stage' 
INFO: [HLS 200-10] ----------------------------------------------------------------
INFO: [SCHED 204-11] Starting scheduling ...
INFO: [SCHED 204-11] Finished scheduling.
INFO: [HLS 200-111] Finished Scheduling: CPU user time: 0.07 seconds. CPU system time: 0.01 seconds. Elapsed time: 0.07 seconds; current allocated memory: 338.430 MB.
INFO: [BIND 205-100] Starting micro-architecture generation ...
INFO: [BIND 205-101] Performing variable lifetime analysis.
INFO: [BIND 205-101] Exploring resource sharing.
INFO: [BIND 205-101] Binding ...
INFO: [BIND 205-100] Finished micro-architecture generation.
INFO: [HLS 200-111] Finished Binding: CPU user time: 0.02 seconds. CPU system time: 0 seconds. Elapsed time: 0.02 seconds; current allocated memory: 338.430 MB.
INFO: [HLS 200-10] ----------------------------------------------------------------
INFO: [HLS 200-10] -- Generating RTL for module 'naive_spmm_stage_Pipeline_SPMM_INIT' 
INFO: [HLS 200-10] ----------------------------------------------------------------
INFO: [RTGEN 206-100] Finished creating RTL model for 'naive_spmm_stage_Pipeline_SPMM_INIT'.
INFO: [HLS 200-111] Finished Creating RTL model: CPU user time: 0.03 seconds. CPU system time: 0 seconds. Elapsed time: 0.03 seconds; current allocated memory: 338.430 MB.
INFO: [HLS 200-10] ----------------------------------------------------------------
INFO: [HLS 200-10] -- Generating RTL for module 'naive_spmm_stage_Pipeline_SPMM_NNZ' 
INFO: [HLS 200-10] ----------------------------------------------------------------
INFO: [HLS 200-1030] Apply Unified Pipeline Control on module 'naive_spmm_stage_Pipeline_SPMM_NNZ' pipeline 'SPMM_NNZ' pipeline type 'loop pipeline'
WARNING: [RTGEN 206-101] Setting dangling out port 'naive_spmm_stage_Pipeline_SPMM_NNZ/m_axi_gmem1_0_ARVALID' to 0.
WARNING: [RTGEN 206-101] Setting dangling out port 'naive_spmm_stage_Pipeline_SPMM_NNZ/m_axi_gmem1_0_ARADDR' to 0.
WARNING: [RTGEN 206-101] Setting dangling out port 'naive_spmm_stage_Pipeline_SPMM_NNZ/m_axi_gmem1_0_ARID' to 0.
WARNING: [RTGEN 206-101] Setting dangling out port 'naive_spmm_stage_Pipeline_SPMM_NNZ/m_axi_gmem1_0_ARLEN' to 0.
WARNING: [RTGEN 206-101] Setting dangling out port 'naive_spmm_stage_Pipeline_SPMM_NNZ/m_axi_gmem1_0_ARSIZE' to 0.
WARNING: [RTGEN 206-101] Setting dangling out port 'naive_spmm_stage_Pipeline_SPMM_NNZ/m_axi_gmem1_0_ARBURST' to 0.
WARNING: [RTGEN 206-101] Setting dangling out port 'naive_spmm_stage_Pipeline_SPMM_NNZ/m_axi_gmem1_0_ARLOCK' to 0.
WARNING: [RTGEN 206-101] Setting dangling out port 'naive_spmm_stage_Pipeline_SPMM_NNZ/m_axi_gmem1_0_ARCACHE' to 0.
WARNING: [RTGEN 206-101] Setting dangling out port 'naive_spmm_stage_Pipeline_SPMM_NNZ/m_axi_gmem1_0_ARPROT' to 0.
WARNING: [RTGEN 206-101] Setting dangling out port 'naive_spmm_stage_Pipeline_SPMM_NNZ/m_axi_gmem1_0_ARQOS' to 0.
WARNING: [RTGEN 206-101] Setting dangling out port 'naive_spmm_stage_Pipeline_SPMM_NNZ/m_axi_gmem1_0_ARREGION' to 0.
WARNING: [RTGEN 206-101] Setting dangling out port 'naive_spmm_stage_Pipeline_SPMM_NNZ/m_axi_gmem1_0_ARUSER' to 0.
WARNING: [RTGEN 206-101] Setting dangling out port 'naive_spmm_stage_Pipeline_SPMM_NNZ/m_axi_gmem2_0_ARVALID' to 0.
WARNING: [RTGEN 206-101] Setting dangling out port 'naive_spmm_stage_Pipeline_SPMM_NNZ/m_axi_gmem2_0_ARADDR' to 0.
WARNING: [RTGEN 206-101] Setting dangling out port 'naive_spmm_stage_Pipeline_SPMM_NNZ/m_axi_gmem2_0_ARID' to 0.
WARNING: [RTGEN 206-101] Setting dangling out port 'naive_spmm_stage_Pipeline_SPMM_NNZ/m_axi_gmem2_0_ARLEN' to 0.
WARNING: [RTGEN 206-101] Setting dangling out port 'naive_spmm_stage_Pipeline_SPMM_NNZ/m_axi_gmem2_0_ARSIZE' to 0.
WARNING: [RTGEN 206-101] Setting dangling out port 'naive_spmm_stage_Pipeline_SPMM_NNZ/m_axi_gmem2_0_ARBURST' to 0.
WARNING: [RTGEN 206-101] Setting dangling out port 'naive_spmm_stage_Pipeline_SPMM_NNZ/m_axi_gmem2_0_ARLOCK' to 0.
WARNING: [RTGEN 206-101] Setting dangling out port 'naive_spmm_stage_Pipeline_SPMM_NNZ/m_axi_gmem2_0_ARCACHE' to 0.
WARNING: [RTGEN 206-101] Setting dangling out port 'naive_spmm_stage_Pipeline_SPMM_NNZ/m_axi_gmem2_0_ARPROT' to 0.
WARNING: [RTGEN 206-101] Setting dangling out port 'naive_spmm_stage_Pipeline_SPMM_NNZ/m_axi_gmem2_0_ARQOS' to 0.
WARNING: [RTGEN 206-101] Setting dangling out port 'naive_spmm_stage_Pipeline_SPMM_NNZ/m_axi_gmem2_0_ARREGION' to 0.
WARNING: [RTGEN 206-101] Setting dangling out port 'naive_spmm_stage_Pipeline_SPMM_NNZ/m_axi_gmem2_0_ARUSER' to 0.
INFO: [RTGEN 206-100] Generating core module 'mul_26s_26s_52_1_1': 1 instance(s).
INFO: [RTGEN 206-100] Finished creating RTL model for 'naive_spmm_stage_Pipeline_SPMM_NNZ'.
INFO: [HLS 200-111] Finished Creating RTL model: CPU user time: 0.09 seconds. CPU system time: 0.01 seconds. Elapsed time: 0.1 seconds; current allocated memory: 343.707 MB.
INFO: [HLS 200-10] ----------------------------------------------------------------
INFO: [HLS 200-10] -- Generating RTL for module 'naive_spmm_stage_Pipeline_SPMM_WRITE' 
INFO: [HLS 200-10] ----------------------------------------------------------------
INFO: [HLS 200-1030] Apply Unified Pipeline Control on module 'naive_spmm_stage_Pipeline_SPMM_WRITE' pipeline 'SPMM_WRITE' pipeline type 'loop pipeline'
WARNING: [RTGEN 206-101] Setting dangling out port 'naive_spmm_stage_Pipeline_SPMM_WRITE/m_axi_gmem4_0_AWVALID' to 0.
WARNING: [RTGEN 206-101] Setting dangling out port 'naive_spmm_stage_Pipeline_SPMM_WRITE/m_axi_gmem4_0_AWADDR' to 0.
WARNING: [RTGEN 206-101] Setting dangling out port 'naive_spmm_stage_Pipeline_SPMM_WRITE/m_axi_gmem4_0_AWID' to 0.
WARNING: [RTGEN 206-101] Setting dangling out port 'naive_spmm_stage_Pipeline_SPMM_WRITE/m_axi_gmem4_0_AWLEN' to 0.
WARNING: [RTGEN 206-101] Setting dangling out port 'naive_spmm_stage_Pipeline_SPMM_WRITE/m_axi_gmem4_0_AWSIZE' to 0.
WARNING: [RTGEN 206-101] Setting dangling out port 'naive_spmm_stage_Pipeline_SPMM_WRITE/m_axi_gmem4_0_AWBURST' to 0.
WARNING: [RTGEN 206-101] Setting dangling out port 'naive_spmm_stage_Pipeline_SPMM_WRITE/m_axi_gmem4_0_AWLOCK' to 0.
WARNING: [RTGEN 206-101] Setting dangling out port 'naive_spmm_stage_Pipeline_SPMM_WRITE/m_axi_gmem4_0_AWCACHE' to 0.
WARNING: [RTGEN 206-101] Setting dangling out port 'naive_spmm_stage_Pipeline_SPMM_WRITE/m_axi_gmem4_0_AWPROT' to 0.
WARNING: [RTGEN 206-101] Setting dangling out port 'naive_spmm_stage_Pipeline_SPMM_WRITE/m_axi_gmem4_0_AWQOS' to 0.
WARNING: [RTGEN 206-101] Setting dangling out port 'naive_spmm_stage_Pipeline_SPMM_WRITE/m_axi_gmem4_0_AWREGION' to 0.
WARNING: [RTGEN 206-101] Setting dangling out port 'naive_spmm_stage_Pipeline_SPMM_WRITE/m_axi_gmem4_0_AWUSER' to 0.
WARNING: [RTGEN 206-101] Setting dangling out port 'naive_spmm_stage_Pipeline_SPMM_WRITE/m_axi_gmem4_0_BREADY' to 0.
INFO: [RTGEN 206-100] Finished creating RTL model for 'naive_spmm_stage_Pipeline_SPMM_WRITE'.
INFO: [HLS 200-111] Finished Creating RTL model: CPU user time: 0.13 seconds. CPU system time: 0.02 seconds. Elapsed time: 0.15 seconds; current allocated memory: 363.000 MB.
INFO: [HLS 200-10] ----------------------------------------------------------------
INFO: [HLS 200-10] -- Generating RTL for module 'naive_spmm_stage' 
INFO: [HLS 200-10] ----------------------------------------------------------------
WARNING: [RTGEN 206-101] Design contains AXI ports. Reset is fixed to synchronous and active low.
INFO: [RTGEN 206-500] Setting interface mode on port 'naive_spmm_stage/gmem0' to 'm_axi'.
INFO: [RTGEN 206-500] Setting interface mode on port 'naive_spmm_stage/gmem1' to 'm_axi'.
INFO: [RTGEN 206-500] Setting interface mode on port 'naive_spmm_stage/gmem2' to 'm_axi'.
INFO: [RTGEN 206-500] Setting interface mode on port 'naive_spmm_stage/gmem3' to 'm_axi'.
INFO: [RTGEN 206-500] Setting interface mode on port 'naive_spmm_stage/gmem4' to 'm_axi'.
INFO: [RTGEN 206-500] Setting interface mode on port 'naive_spmm_stage/rowptr' to 's_axilite & ap_none'.
INFO: [RTGEN 206-500] Setting interface mode on port 'naive_spmm_stage/colind' to 's_axilite & ap_none'.
INFO: [RTGEN 206-500] Setting interface mode on port 'naive_spmm_stage/values' to 's_axilite & ap_none'.
INFO: [RTGEN 206-500] Setting interface mode on port 'naive_spmm_stage/H_temp' to 's_axilite & ap_none'.
INFO: [RTGEN 206-500] Setting interface mode on port 'naive_spmm_stage/H_out' to 's_axilite & ap_none'.
INFO: [RTGEN 206-500] Setting interface mode on function 'naive_spmm_stage' to 'ap_ctrl_hs'.
INFO: [RTGEN 206-100] Bundling port 'rowptr', 'colind', 'values', 'H_temp' and 'H_out' to AXI-Lite port control.
INFO: [RTGEN 206-100] Finished creating RTL model for 'naive_spmm_stage'.
INFO: [RTMG 210-278] Implementing memory 'naive_spmm_stage_acc_RAM_AUTO_1R1W' using auto RAMs.
INFO: [HLS 200-111] Finished Creating RTL model: CPU user time: 0.08 seconds. CPU system time: 0 seconds. Elapsed time: 0.09 seconds; current allocated memory: 363.000 MB.
INFO: [HLS 200-111] Finished Generating all RTL models: CPU user time: 0.16 seconds. CPU system time: 0.01 seconds. Elapsed time: 0.17 seconds; current allocated memory: 371.363 MB.
INFO: [HLS 200-1603] Design has inferred MAXI bursts and missed bursts, see Vitis HLS GUI synthesis summary report for detailed information.
INFO: [HLS 200-2225] Wrote inferred directives to file /home/nat/dev/trinners/mai_proj/hls/thesis-gcn-accelerator/vitis/integrated_gcn/naive_spmm_kernel/naive_spmm_stage/hls/syn/inferred_directives.ini
INFO: [HLS 200-111] Finished Updating report files: CPU user time: 0.29 seconds. CPU system time: 0.02 seconds. Elapsed time: 0.31 seconds; current allocated memory: 380.836 MB.
INFO: [VHDL 208-304] Generating VHDL RTL for naive_spmm_stage.
INFO: [VLOG 209-307] Generating Verilog RTL for naive_spmm_stage.
INFO: [HLS 200-790] **** Loop Constraint Status: All loop constraints were NOT satisfied.
INFO: [HLS 200-789] **** Estimated Fmax: 136.99 MHz
INFO: [HLS 200-112] Total CPU user time: 7.42 seconds. Total CPU system time: 1.3 seconds. Total elapsed time: 13.2 seconds; peak allocated memory: 380.836 MB.
INFO: [v++ 60-791] Total elapsed time: 0h 0m 16s
