Wed Apr 15 15:14:35 2026: Running xcd server. This server was built by gradle.
Wed Apr 15 15:14:35 2026: Server was asked to start on port: '36211'
Wed Apr 15 15:14:35 2026: Server is using token UUID: 'd0081f1a-7b4a-4e90-9de2-0147952bcb61'
Wed Apr 15 15:14:35 2026: SESSION_MGR: creating session with session uuid: '6d04a3e9-ade5-4ab9-8d63-1f78fcd2ec76' and name 'default'
Wed Apr 15 15:14:35 2026: Attempting to start server on port '36211'
Wed Apr 15 15:14:35 2026: XCD main fifo: created main fifo '/tmp/xcdmaind0081f1a-7b4a-4e90-9de2-0147952bcb61', fd read = 13
Wed Apr 15 15:14:35 2026: Running Dispatch Server
Wed Apr 15 15:14:35 2026: Version 2.2.0
Wed Apr 15 15:14:37 2026: Dispatch Server: Accepted socket connection from client
Wed Apr 15 15:14:37 2026: Starting Socket connection
Wed Apr 15 15:14:37 2026: EXCHANGE_TOKEN received, server token: d0081f1a-7b4a-4e90-9de2-0147952bcb61, passed token: d0081f1a-7b4a-4e90-9de2-0147952bcb61
Wed Apr 15 15:14:37 2026: DISPATCH_HANDLER: Adding handler from function makeHandler in library libxv_system_diagram
Wed Apr 15 15:14:37 2026: SESSION_MGR: creating session with session uuid: '2de3bbad-5562-435c-a79b-8f43ee0a2f10' and name 'v++_compile_naive_spmm_stage'
Wed Apr 15 15:14:37 2026: KERNEL_SVC: creating session with uuid: '2de3bbad-5562-435c-a79b-8f43ee0a2f10' and name 'v++_compile_naive_spmm_stage'
Wed Apr 15 15:14:37 2026: GUIDANCE_SMGR: creating guidance session with uuid: '2de3bbad-5562-435c-a79b-8f43ee0a2f10' and name 'v++_compile_naive_spmm_stage'
Wed Apr 15 15:14:37 2026: SYSTEM_DIAGRAM: creating session with uuid: '2de3bbad-5562-435c-a79b-8f43ee0a2f10' and name 'v++_compile_naive_spmm_stage'
Wed Apr 15 15:14:38 2026: Dispatch Server: Accepted socket connection from client
Wed Apr 15 15:14:38 2026: Starting Socket connection
Wed Apr 15 15:14:51 2026: SESSION_MGR: closing session for UUID '2de3bbad-5562-435c-a79b-8f43ee0a2f10' with name 'v++_compile_naive_spmm_stage'
Wed Apr 15 15:14:51 2026: KERNEL_SVC: closing session for UUID '2de3bbad-5562-435c-a79b-8f43ee0a2f10' with name 'v++_compile_naive_spmm_stage'
Wed Apr 15 15:14:51 2026: GUIDANCE_SMGR: closing session for UUID '2de3bbad-5562-435c-a79b-8f43ee0a2f10' with name 'v++_compile_naive_spmm_stage'
Wed Apr 15 15:14:51 2026: SYSTEM_DIAGRAM: closing session for UUID '2de3bbad-5562-435c-a79b-8f43ee0a2f10' with name 'v++_compile_naive_spmm_stage'
Wed Apr 15 15:14:51 2026: STOP_SERVER received, server token: d0081f1a-7b4a-4e90-9de2-0147952bcb61, passed token: d0081f1a-7b4a-4e90-9de2-0147952bcb61
Wed Apr 15 15:14:51 2026: Socket received request to stop server.
Wed Apr 15 15:14:51 2026: Dispatch Server: do_await_stop
Wed Apr 15 15:14:51 2026: Dispatch Server: stopping mainFifo_
Wed Apr 15 15:14:51 2026: XCD main fifo: Stopping
Wed Apr 15 15:14:51 2026: XCD main fifo: do_read error code: Operation canceled
Wed Apr 15 15:14:51 2026: XCD main fifo: bytes_transferred: 0
Wed Apr 15 15:14:51 2026: SERVER: destructor for server bound to port 36211
Wed Apr 15 15:14:51 2026: XCD main fifo: Good unlink of /tmp/xcdmaind0081f1a-7b4a-4e90-9de2-0147952bcb61
Wed Apr 15 15:14:51 2026: Server exiting with status 0.
Wed Apr 15 15:14:51 2026: Closing log file.
Wed Apr 15 15:21:40 2026: Running xcd server. This server was built by gradle.
Wed Apr 15 15:21:40 2026: Server was asked to start on port: '33519'
Wed Apr 15 15:21:40 2026: Server is using token UUID: '6c418110-1ad4-436b-9a28-df65d59cc5cf'
Wed Apr 15 15:21:40 2026: SESSION_MGR: creating session with session uuid: '6d04a3e9-ade5-4ab9-8d63-1f78fcd2ec76' and name 'default'
Wed Apr 15 15:21:40 2026: Attempting to start server on port '33519'
Wed Apr 15 15:21:40 2026: XCD main fifo: created main fifo '/tmp/xcdmain6c418110-1ad4-436b-9a28-df65d59cc5cf', fd read = 13
Wed Apr 15 15:21:40 2026: Running Dispatch Server
Wed Apr 15 15:21:40 2026: Version 2.2.0
Wed Apr 15 15:21:42 2026: Dispatch Server: Accepted socket connection from client
Wed Apr 15 15:21:42 2026: Starting Socket connection
Wed Apr 15 15:21:42 2026: EXCHANGE_TOKEN received, server token: 6c418110-1ad4-436b-9a28-df65d59cc5cf, passed token: 6c418110-1ad4-436b-9a28-df65d59cc5cf
Wed Apr 15 15:21:42 2026: DISPATCH_HANDLER: Adding handler from function makeHandler in library libxv_system_diagram
Wed Apr 15 15:21:42 2026: SESSION_MGR: creating session with session uuid: '38375336-c4bf-47b6-badf-c23a7f94673e' and name 'vitis-run_compile_naive_spmm_stage'
Wed Apr 15 15:21:42 2026: KERNEL_SVC: creating session with uuid: '38375336-c4bf-47b6-badf-c23a7f94673e' and name 'vitis-run_compile_naive_spmm_stage'
Wed Apr 15 15:21:42 2026: GUIDANCE_SMGR: creating guidance session with uuid: '38375336-c4bf-47b6-badf-c23a7f94673e' and name 'vitis-run_compile_naive_spmm_stage'
Wed Apr 15 15:21:42 2026: SYSTEM_DIAGRAM: creating session with uuid: '38375336-c4bf-47b6-badf-c23a7f94673e' and name 'vitis-run_compile_naive_spmm_stage'
Wed Apr 15 15:21:44 2026: Dispatch Server: Accepted socket connection from client
Wed Apr 15 15:21:44 2026: Starting Socket connection
Wed Apr 15 15:21:57 2026: Dispatch Server: Accepted socket connection from client
Wed Apr 15 15:21:57 2026: Starting Socket connection
Wed Apr 15 15:22:52 2026: Dispatch Server: Accepted socket connection from client
Wed Apr 15 15:22:52 2026: Starting Socket connection
Wed Apr 15 15:23:42 2026: Dispatch Server: Accepted socket connection from client
Wed Apr 15 15:23:42 2026: Starting Socket connection
Wed Apr 15 15:25:23 2026: SESSION_MGR: closing session for UUID '38375336-c4bf-47b6-badf-c23a7f94673e' with name 'vitis-run_compile_naive_spmm_stage'
Wed Apr 15 15:25:23 2026: KERNEL_SVC: closing session for UUID '38375336-c4bf-47b6-badf-c23a7f94673e' with name 'vitis-run_compile_naive_spmm_stage'
Wed Apr 15 15:25:23 2026: GUIDANCE_SMGR: closing session for UUID '38375336-c4bf-47b6-badf-c23a7f94673e' with name 'vitis-run_compile_naive_spmm_stage'
Wed Apr 15 15:25:23 2026: SYSTEM_DIAGRAM: closing session for UUID '38375336-c4bf-47b6-badf-c23a7f94673e' with name 'vitis-run_compile_naive_spmm_stage'
Wed Apr 15 15:25:23 2026: STOP_SERVER received, server token: 6c418110-1ad4-436b-9a28-df65d59cc5cf, passed token: 6c418110-1ad4-436b-9a28-df65d59cc5cf
Wed Apr 15 15:25:23 2026: Socket received request to stop server.
Wed Apr 15 15:25:23 2026: Dispatch Server: do_await_stop
Wed Apr 15 15:25:23 2026: Dispatch Server: stopping mainFifo_
Wed Apr 15 15:25:23 2026: XCD main fifo: Stopping
Wed Apr 15 15:25:23 2026: XCD main fifo: do_read error code: Operation canceled
Wed Apr 15 15:25:23 2026: XCD main fifo: bytes_transferred: 0
Wed Apr 15 15:25:23 2026: SERVER: destructor for server bound to port 33519
Wed Apr 15 15:25:23 2026: XCD main fifo: Good unlink of /tmp/xcdmain6c418110-1ad4-436b-9a28-df65d59cc5cf
Wed Apr 15 15:25:23 2026: Server exiting with status 0.
Wed Apr 15 15:25:23 2026: Closing log file.
