================================================================
== Design Size Report
================================================================

* Total Instructions per Compilation Phase
+---------------+----------------------------+--------------+----------------------------------------------------------------------------------------+
| Phase         | Step                       | Instructions | Description                                                                            |
+---------------+----------------------------+--------------+----------------------------------------------------------------------------------------+
| Compile/Link  |                            |     948      | After all functions are compiled and linked into a single design                       |
|               |                            |              |                                                                                        |
| Unroll/Inline |                            |              | After user unroll and inline pragmas are applied                                       |
|               | (1) unroll                 |  13,087      | user unroll pragmas are applied                                                        |
|               | (2) simplification         |   5,035      | simplification of applied user unroll pragmas                                          |
|               | (3) inline                 |   4,581      | user inline pragmas are applied                                                        |
|               | (4) simplification         |   4,004      | simplification of applied user inline pragmas                                          |
|               |                            |              |                                                                                        |
| Array/Struct  |                            |              | After user array partition and struct aggregate/disaggregate pragmas are applied       |
|               | (1) array partition        | 101,703 *    | user array partition pragmas are applied                                               |
|               | (2) simplification         |   6,584      | simplification of applied user array partition & struct aggregate/disaggregate pragmas |
|               | (3) aggregate/disaggregate |   6,590      | user struct aggregate/disaggregate pragmas are applied                                 |
|               | (4) array reshape          |   8,454      | apply array reshape pragmas                                                            |
|               | (5) access patterns        |   8,838      | array access pattern optmizations                                                      |
|               |                            |              |                                                                                        |
| Performance   |                            |              | After transformations are applied to meet performance pragma targets                   |
|               | (1) loop simplification    |   8,834      | loop and instruction simplification                                                    |
|               | (2) parallelization        |   8,450      | loops are unrolled or pipelined to meet performance targets                            |
|               | (3) array partition        |   8,450      | arrays are partitioned to meet performance targets                                     |
|               | (4) simplification         |   8,450      | simplification of design after performance transformations                             |
|               |                            |              |                                                                                        |
| HW Transforms |                            |              | After hardware transfomations                                                          |
|               | (1) lowering               |   8,075      | initial conversion to HW specific instructions                                         |
|               | (2) optimizations          |   8,003      | high level synthesis optimizations                                                     |
+---------------+----------------------------+--------------+----------------------------------------------------------------------------------------+
    * - Exceeded design size warning message threshold

* Instructions per Function for each Compilation Phase
+-----------------+--------------------+--------------+---------------+--------------+-------------+---------------+
| Function        | Location           | Compile/Link | Unroll/Inline | Array/Struct | Performance | HW Transforms |
+-----------------+--------------------+--------------+---------------+--------------+-------------+---------------+
| + gemm_stage    | gemm_stage.cpp:154 | 948          | 4,004         | 8,838        | 8,450       | 8,003         |
|    gemm_read_X  | gemm_stage.cpp:16  |  60          |   31          |  452         |  452        |  329          |
|    gemm_read_W  | gemm_stage.cpp:36  |  60          |   30          |  450         |  450        |  322          |
|    gemm_compute | gemm_stage.cpp:56  | 728          | 3,892         | 7,465        | 7,077       | 6,997         |
|    gemm_write   | gemm_stage.cpp:134 |  65          |   28          |  451         |  451        |  326          |
+-----------------+--------------------+--------------+---------------+--------------+-------------+---------------+

* Design Size Message Settings
+---------------------------------------------+--------+------------------------------------------------------------------+
| Message Setting                             | Value  | Description                                                      |
+---------------------------------------------+--------+------------------------------------------------------------------+
| config_compile -design_size_maximum_warning | 100000 | Show a warning when total design instructions exceeds this value |
+---------------------------------------------+--------+------------------------------------------------------------------+


