

================================================================
== Vitis HLS Report for 'gemm_read_X'
================================================================
* Date:           Wed Apr 15 12:54:58 2026

* Version:        2025.2 (Build 6295257 on Nov 14 2025)
* Project:        gemm_stage
* Solution:       hls (Vivado IP Flow Target)
* Product family: zynquplus
* Target device:  xck26-sfvc784-2LV-c


================================================================
== Performance Estimates
================================================================
+ Timing: 
    * Summary: 
    +--------+----------+----------+------------+
    |  Clock |  Target  | Estimated| Uncertainty|
    +--------+----------+----------+------------+
    |ap_clk  |  10.00 ns|  7.300 ns|     2.70 ns|
    +--------+----------+----------+------------+

+ Latency: 
    * Summary: 
    +---------+---------+----------+----------+--------+--------+------------------------------------------------+
    |  Latency (cycles) |  Latency (absolute) |     Interval    |                    Pipeline                    |
    |   min   |   max   |    min   |    max   |   min  |   max  |                      Type                      |
    +---------+---------+----------+----------+--------+--------+------------------------------------------------+
    |   126606|   126606|  1.266 ms|  1.266 ms|  126594|  126594|  loop auto-rewind stp (delay=2 clock cycles(s))|
    +---------+---------+----------+----------+--------+--------+------------------------------------------------+

    + Detail: 
        * Instance: 
        N/A

        * Loop: 
        +-------------------------------------------------------------------+---------+---------+----------+-----------+-----------+--------+----------+
        |                                                                   |  Latency (cycles) | Iteration|  Initiation Interval  |  Trip  |          |
        |                             Loop Name                             |   min   |   max   |  Latency |  achieved |   target  |  Count | Pipelined|
        +-------------------------------------------------------------------+---------+---------+----------+-----------+-----------+--------+----------+
        |- VITIS_LOOP_20_1_VITIS_LOOP_22_3_VITIS_LOOP_23_4_VITIS_LOOP_24_5  |   126604|   126604|        14|          1|          1|  126592|       yes|
        +-------------------------------------------------------------------+---------+---------+----------+-----------+-----------+--------+----------+



================================================================
== Utilization Estimates
================================================================
* Summary: 
+-----------------+---------+------+--------+--------+-----+
|       Name      | BRAM_18K|  DSP |   FF   |   LUT  | URAM|
+-----------------+---------+------+--------+--------+-----+
|DSP              |        -|     1|       -|       -|    -|
|Expression       |        -|     -|       0|     340|    -|
|FIFO             |        -|     -|       -|       -|    -|
|Instance         |        -|     1|       0|       5|    -|
|Memory           |        -|     -|       -|       -|    -|
|Multiplexer      |        -|     -|       0|     162|    -|
|Register         |        -|     -|     866|      64|    -|
+-----------------+---------+------+--------+--------+-----+
|Total            |        0|     2|     866|     571|    0|
+-----------------+---------+------+--------+--------+-----+
|Available        |      288|  1248|  234240|  117120|   64|
+-----------------+---------+------+--------+--------+-----+
|Utilization (%)  |        0|    ~0|      ~0|      ~0|    0|
+-----------------+---------+------+--------+--------+-----+

+ Detail: 
    * Instance: 
    +------------------------+---------------------+---------+----+---+----+-----+
    |        Instance        |        Module       | BRAM_18K| DSP| FF| LUT| URAM|
    +------------------------+---------------------+---------+----+---+----+-----+
    |mul_5ns_14ns_17_1_1_U3  |mul_5ns_14ns_17_1_1  |        0|   1|  0|   5|    0|
    +------------------------+---------------------+---------+----+---+----+-----+
    |Total                   |                     |        0|   1|  0|   5|    0|
    +------------------------+---------------------+---------+----+---+----+-----+

    * DSP: 
    +----------------------------------+-------------------------------+--------------+
    |             Instance             |             Module            |  Expression  |
    +----------------------------------+-------------------------------+--------------+
    |mac_muladd_7ns_7ns_17s_17_1_1_U4  |mac_muladd_7ns_7ns_17s_17_1_1  |  i0 + i1 * i2|
    +----------------------------------+-------------------------------+--------------+

    * Memory: 
    N/A

    * FIFO: 
    N/A

    * Expression: 
    +---------------------------------------+----------+----+---+----+------------+------------+
    |             Variable Name             | Operation| DSP| FF| LUT| Bitwidth P0| Bitwidth P1|
    +---------------------------------------+----------+----+---+----+------------+------------+
    |add_ln20_1_fu_252_p2                   |         +|   0|  0|  24|          17|           1|
    |add_ln20_fu_534_p2                     |         +|   0|  0|  13|           6|           1|
    |add_ln22_1_fu_502_p2                   |         +|   0|  0|  20|          13|           1|
    |add_ln22_fu_330_p2                     |         +|   0|  0|  12|           5|           1|
    |add_ln23_1_fu_488_p2                   |         +|   0|  0|  16|           9|           1|
    |add_ln23_fu_382_p2                     |         +|   0|  0|  14|           7|           1|
    |add_ln24_fu_462_p2                     |         +|   0|  0|   9|           2|           1|
    |add_ln27_1_fu_447_p2                   |         +|   0|  0|  71|          64|          64|
    |and_ln20_1_fu_316_p2                   |       and|   0|  0|   2|           1|           1|
    |and_ln20_fu_310_p2                     |       and|   0|  0|   2|           1|           1|
    |ap_block_state5_io                     |       and|   0|  0|   2|           1|           1|
    |ap_condition_326                       |       and|   0|  0|   2|           1|           1|
    |ap_condition_328                       |       and|   0|  0|   2|           1|           1|
    |icmp_ln24_mid212_fu_368_p2             |       and|   0|  0|   2|           1|           1|
    |icmp_ln20_fu_258_p2                    |      icmp|   0|  0|  24|          17|          14|
    |icmp_ln22_fu_528_p2                    |      icmp|   0|  0|  20|          13|          12|
    |icmp_ln23_fu_522_p2                    |      icmp|   0|  0|  16|           9|           8|
    |icmp_ln24_fu_516_p2                    |      icmp|   0|  0|  10|           2|           3|
    |ap_block_pp0_stage0_01001              |        or|   0|  0|   2|           1|           1|
    |ap_block_pp0_stage0_11001              |        or|   0|  0|   2|           1|           1|
    |ap_block_pp0_stage0_11001_grp0         |        or|   0|  0|   2|           1|           1|
    |empty_39_fu_336_p2                     |        or|   0|  0|   2|           1|           1|
    |first_iter_0_mid27_fu_350_p2           |        or|   0|  0|   2|           1|           1|
    |first_iter_0_mid2_fu_388_p2            |        or|   0|  0|   2|           1|           1|
    |not_exitcond_flatten_mid236_fu_362_p2  |        or|   0|  0|   2|           1|           1|
    |or_ln20_fu_298_p2                      |        or|   0|  0|   2|           1|           1|
    |or_ln24_1_fu_474_p2                    |        or|   0|  0|   2|           1|           1|
    |or_ln24_fu_468_p2                      |        or|   0|  0|   2|           1|           1|
    |ib_fu_322_p3                           |    select|   0|  0|   6|           1|           6|
    |ii_3_fu_480_p3                         |    select|   0|  0|   2|           1|           1|
    |k_3_fu_394_p3                          |    select|   0|  0|   7|           1|           7|
    |k_mid26_fu_342_p3                      |    select|   0|  0|   7|           1|           1|
    |kb_3_fu_374_p3                         |    select|   0|  0|   5|           1|           5|
    |select_ln20_fu_290_p3                  |    select|   0|  0|   5|           1|           1|
    |select_ln22_1_fu_508_p3                |    select|   0|  0|  12|           1|           1|
    |select_ln23_1_fu_494_p3                |    select|   0|  0|   9|           1|           1|
    |ap_enable_pp0                          |       xor|   0|  0|   2|           1|           2|
    |exitcond_flatten_not_fu_356_p2         |       xor|   0|  0|   2|           1|           2|
    |xor_ln20_fu_304_p2                     |       xor|   0|  0|   2|           1|           2|
    +---------------------------------------+----------+----+---+----+------------+------------+
    |Total                                  |          |   0|  0| 340|         191|         153|
    +---------------------------------------+----------+----+---+----+------------+------------+

    * Multiplexer: 
    +------------------------------------------+----+-----------+-----+-----------+
    |                   Name                   | LUT| Input Size| Bits| Total Bits|
    +------------------------------------------+----+-----------+-----+-----------+
    |X_stream_blk_n                            |   9|          2|    1|          2|
    |add_ln2052_fu_134                         |   9|          2|    6|         12|
    |ap_done_int                               |   9|          2|    1|          2|
    |ap_loop_exit_ready_pp0_iter13_reg         |   9|          2|    1|          2|
    |ap_phi_mux_icmp_ln2251_phi_fu_167_p4      |   9|          2|    1|          2|
    |ap_phi_mux_icmp_ln2350_phi_fu_178_p4      |   9|          2|    1|          2|
    |ap_phi_mux_icmp_ln2449_phi_fu_189_p4      |   9|          2|    1|          2|
    |ap_sig_allocacmp_indvar_flatten3741_load  |   9|          2|   17|         34|
    |gmem0_blk_n_AR                            |   9|          2|    1|          2|
    |gmem0_blk_n_R                             |   9|          2|    1|          2|
    |ib42_fu_110                               |   9|          2|    6|         12|
    |ii_fu_130                                 |   9|          2|    2|          4|
    |indvar_flatten1343_fu_114                 |   9|          2|   13|         26|
    |indvar_flatten3741_fu_106                 |   9|          2|   17|         34|
    |indvar_flatten45_fu_122                   |   9|          2|    9|         18|
    |k_fu_126                                  |   9|          2|    7|         14|
    |kb_fu_118                                 |   9|          2|    5|         10|
    |real_start                                |   9|          2|    1|          2|
    +------------------------------------------+----+-----------+-----+-----------+
    |Total                                     | 162|         36|   91|        182|
    +------------------------------------------+----+-----------+-----+-----------+

    * Register: 
    +--------------------------------------------------+-----+----+-----+-----------+
    |                       Name                       |  FF | LUT| Bits| Const Bits|
    +--------------------------------------------------+-----+----+-----+-----------+
    |X_read_reg_650                                    |   64|   0|   64|          0|
    |add_ln2052_fu_134                                 |    6|   0|    6|          0|
    |ap_CS_fsm                                         |    1|   0|    1|          0|
    |ap_condition_exit_pp0_iter0_stage0_pp0_iter1_reg  |    1|   0|    1|          0|
    |ap_condition_exit_pp0_iter0_stage0_pp0_iter2_reg  |    1|   0|    1|          0|
    |ap_done_reg                                       |    1|   0|    1|          0|
    |ap_enable_reg_pp0_iter1                           |    1|   0|    1|          0|
    |ap_enable_reg_pp0_iter10                          |    1|   0|    1|          0|
    |ap_enable_reg_pp0_iter11                          |    1|   0|    1|          0|
    |ap_enable_reg_pp0_iter12                          |    1|   0|    1|          0|
    |ap_enable_reg_pp0_iter13                          |    1|   0|    1|          0|
    |ap_enable_reg_pp0_iter2                           |    1|   0|    1|          0|
    |ap_enable_reg_pp0_iter3                           |    1|   0|    1|          0|
    |ap_enable_reg_pp0_iter4                           |    1|   0|    1|          0|
    |ap_enable_reg_pp0_iter5                           |    1|   0|    1|          0|
    |ap_enable_reg_pp0_iter6                           |    1|   0|    1|          0|
    |ap_enable_reg_pp0_iter7                           |    1|   0|    1|          0|
    |ap_enable_reg_pp0_iter8                           |    1|   0|    1|          0|
    |ap_enable_reg_pp0_iter9                           |    1|   0|    1|          0|
    |ap_loop_exit_ready_pp0_iter10_reg                 |    1|   0|    1|          0|
    |ap_loop_exit_ready_pp0_iter11_reg                 |    1|   0|    1|          0|
    |ap_loop_exit_ready_pp0_iter12_reg                 |    1|   0|    1|          0|
    |ap_loop_exit_ready_pp0_iter13_reg                 |    1|   0|    1|          0|
    |ap_loop_exit_ready_pp0_iter1_reg                  |    1|   0|    1|          0|
    |ap_loop_exit_ready_pp0_iter2_reg                  |    1|   0|    1|          0|
    |ap_loop_exit_ready_pp0_iter3_reg                  |    1|   0|    1|          0|
    |ap_loop_exit_ready_pp0_iter4_reg                  |    1|   0|    1|          0|
    |ap_loop_exit_ready_pp0_iter5_reg                  |    1|   0|    1|          0|
    |ap_loop_exit_ready_pp0_iter6_reg                  |    1|   0|    1|          0|
    |ap_loop_exit_ready_pp0_iter7_reg                  |    1|   0|    1|          0|
    |ap_loop_exit_ready_pp0_iter8_reg                  |    1|   0|    1|          0|
    |ap_loop_exit_ready_pp0_iter9_reg                  |    1|   0|    1|          0|
    |ap_loop_init_pp0_iter1_reg                        |    1|   0|    1|          0|
    |ap_loop_init_pp0_iter2_reg                        |    1|   0|    1|          0|
    |ap_loop_init_pp0_iter3_reg                        |    1|   0|    1|          0|
    |first_iter_0_mid2_reg_659                         |    1|   0|    1|          0|
    |gmem0_addr_read_reg_689                           |  512|   0|  512|          0|
    |ib42_fu_110                                       |    6|   0|    6|          0|
    |icmp_ln20_reg_655                                 |    1|   0|    1|          0|
    |icmp_ln22_reg_678                                 |    1|   0|    1|          0|
    |icmp_ln23_reg_673                                 |    1|   0|    1|          0|
    |icmp_ln24_reg_668                                 |    1|   0|    1|          0|
    |ii_fu_130                                         |    2|   0|    2|          0|
    |indvar_flatten1343_fu_114                         |   13|   0|   13|          0|
    |indvar_flatten3741_fu_106                         |   17|   0|   17|          0|
    |indvar_flatten45_fu_122                           |    9|   0|    9|          0|
    |k_fu_126                                          |    7|   0|    7|          0|
    |kb_fu_118                                         |    5|   0|    5|          0|
    |start_once_reg                                    |    1|   0|    1|          0|
    |trunc_ln_reg_663                                  |   58|   0|   58|          0|
    |X_read_reg_650                                    |   64|  32|   64|          0|
    |icmp_ln20_reg_655                                 |   64|  32|    1|          0|
    +--------------------------------------------------+-----+----+-----+-----------+
    |Total                                             |  866|  64|  803|          0|
    +--------------------------------------------------+-----+----+-----+-----------+



================================================================
== Interface
================================================================
* Summary: 
+-------------------------+-----+-----+------------+--------------+--------------+
|        RTL Ports        | Dir | Bits|  Protocol  | Source Object|    C Type    |
+-------------------------+-----+-----+------------+--------------+--------------+
|ap_clk                   |   in|    1|  ap_ctrl_hs|   gemm_read_X|  return value|
|ap_rst                   |   in|    1|  ap_ctrl_hs|   gemm_read_X|  return value|
|ap_start                 |   in|    1|  ap_ctrl_hs|   gemm_read_X|  return value|
|start_full_n             |   in|    1|  ap_ctrl_hs|   gemm_read_X|  return value|
|ap_done                  |  out|    1|  ap_ctrl_hs|   gemm_read_X|  return value|
|ap_continue              |   in|    1|  ap_ctrl_hs|   gemm_read_X|  return value|
|ap_idle                  |  out|    1|  ap_ctrl_hs|   gemm_read_X|  return value|
|ap_ready                 |  out|    1|  ap_ctrl_hs|   gemm_read_X|  return value|
|start_out                |  out|    1|  ap_ctrl_hs|   gemm_read_X|  return value|
|start_write              |  out|    1|  ap_ctrl_hs|   gemm_read_X|  return value|
|m_axi_gmem0_0_AWVALID    |  out|    1|       m_axi|         gmem0|       pointer|
|m_axi_gmem0_0_AWREADY    |   in|    1|       m_axi|         gmem0|       pointer|
|m_axi_gmem0_0_AWADDR     |  out|   64|       m_axi|         gmem0|       pointer|
|m_axi_gmem0_0_AWID       |  out|    1|       m_axi|         gmem0|       pointer|
|m_axi_gmem0_0_AWLEN      |  out|   32|       m_axi|         gmem0|       pointer|
|m_axi_gmem0_0_AWSIZE     |  out|    3|       m_axi|         gmem0|       pointer|
|m_axi_gmem0_0_AWBURST    |  out|    2|       m_axi|         gmem0|       pointer|
|m_axi_gmem0_0_AWLOCK     |  out|    2|       m_axi|         gmem0|       pointer|
|m_axi_gmem0_0_AWCACHE    |  out|    4|       m_axi|         gmem0|       pointer|
|m_axi_gmem0_0_AWPROT     |  out|    3|       m_axi|         gmem0|       pointer|
|m_axi_gmem0_0_AWQOS      |  out|    4|       m_axi|         gmem0|       pointer|
|m_axi_gmem0_0_AWREGION   |  out|    4|       m_axi|         gmem0|       pointer|
|m_axi_gmem0_0_AWUSER     |  out|    1|       m_axi|         gmem0|       pointer|
|m_axi_gmem0_0_WVALID     |  out|    1|       m_axi|         gmem0|       pointer|
|m_axi_gmem0_0_WREADY     |   in|    1|       m_axi|         gmem0|       pointer|
|m_axi_gmem0_0_WDATA      |  out|  512|       m_axi|         gmem0|       pointer|
|m_axi_gmem0_0_WSTRB      |  out|   64|       m_axi|         gmem0|       pointer|
|m_axi_gmem0_0_WLAST      |  out|    1|       m_axi|         gmem0|       pointer|
|m_axi_gmem0_0_WID        |  out|    1|       m_axi|         gmem0|       pointer|
|m_axi_gmem0_0_WUSER      |  out|    1|       m_axi|         gmem0|       pointer|
|m_axi_gmem0_0_ARVALID    |  out|    1|       m_axi|         gmem0|       pointer|
|m_axi_gmem0_0_ARREADY    |   in|    1|       m_axi|         gmem0|       pointer|
|m_axi_gmem0_0_ARADDR     |  out|   64|       m_axi|         gmem0|       pointer|
|m_axi_gmem0_0_ARID       |  out|    1|       m_axi|         gmem0|       pointer|
|m_axi_gmem0_0_ARLEN      |  out|   32|       m_axi|         gmem0|       pointer|
|m_axi_gmem0_0_ARSIZE     |  out|    3|       m_axi|         gmem0|       pointer|
|m_axi_gmem0_0_ARBURST    |  out|    2|       m_axi|         gmem0|       pointer|
|m_axi_gmem0_0_ARLOCK     |  out|    2|       m_axi|         gmem0|       pointer|
|m_axi_gmem0_0_ARCACHE    |  out|    4|       m_axi|         gmem0|       pointer|
|m_axi_gmem0_0_ARPROT     |  out|    3|       m_axi|         gmem0|       pointer|
|m_axi_gmem0_0_ARQOS      |  out|    4|       m_axi|         gmem0|       pointer|
|m_axi_gmem0_0_ARREGION   |  out|    4|       m_axi|         gmem0|       pointer|
|m_axi_gmem0_0_ARUSER     |  out|    1|       m_axi|         gmem0|       pointer|
|m_axi_gmem0_0_RVALID     |   in|    1|       m_axi|         gmem0|       pointer|
|m_axi_gmem0_0_RREADY     |  out|    1|       m_axi|         gmem0|       pointer|
|m_axi_gmem0_0_RDATA      |   in|  512|       m_axi|         gmem0|       pointer|
|m_axi_gmem0_0_RLAST      |   in|    1|       m_axi|         gmem0|       pointer|
|m_axi_gmem0_0_RID        |   in|    1|       m_axi|         gmem0|       pointer|
|m_axi_gmem0_0_RFIFONUM   |   in|    9|       m_axi|         gmem0|       pointer|
|m_axi_gmem0_0_RUSER      |   in|    1|       m_axi|         gmem0|       pointer|
|m_axi_gmem0_0_RRESP      |   in|    2|       m_axi|         gmem0|       pointer|
|m_axi_gmem0_0_BVALID     |   in|    1|       m_axi|         gmem0|       pointer|
|m_axi_gmem0_0_BREADY     |  out|    1|       m_axi|         gmem0|       pointer|
|m_axi_gmem0_0_BRESP      |   in|    2|       m_axi|         gmem0|       pointer|
|m_axi_gmem0_0_BID        |   in|    1|       m_axi|         gmem0|       pointer|
|m_axi_gmem0_0_BUSER      |   in|    1|       m_axi|         gmem0|       pointer|
|X_stream_din             |  out|  512|     ap_fifo|      X_stream|       pointer|
|X_stream_full_n          |   in|    1|     ap_fifo|      X_stream|       pointer|
|X_stream_write           |  out|    1|     ap_fifo|      X_stream|       pointer|
|X_stream_num_data_valid  |   in|    5|     ap_fifo|      X_stream|       pointer|
|X_stream_fifo_cap        |   in|    5|     ap_fifo|      X_stream|       pointer|
|X                        |   in|   64|     ap_none|             X|        scalar|
+-------------------------+-----+-----+------------+--------------+--------------+

