

================================================================
== Vitis HLS Report for 'gemm_read_W'
================================================================
* Date:           Wed Apr 15 12:54:58 2026

* Version:        2025.2 (Build 6295257 on Nov 14 2025)
* Project:        gemm_stage
* Solution:       hls (Vivado IP Flow Target)
* Product family: zynquplus
* Target device:  xck26-sfvc784-2LV-c


================================================================
== Performance Estimates
================================================================
+ Timing: 
    * Summary: 
    +--------+----------+----------+------------+
    |  Clock |  Target  | Estimated| Uncertainty|
    +--------+----------+----------+------------+
    |ap_clk  |  10.00 ns|  7.300 ns|     2.70 ns|
    +--------+----------+----------+------------+

+ Latency: 
    * Summary: 
    +---------+---------+----------+----------+--------+--------+------------------------------------------------+
    |  Latency (cycles) |  Latency (absolute) |     Interval    |                    Pipeline                    |
    |   min   |   max   |    min   |    max   |   min  |   max  |                      Type                      |
    +---------+---------+----------+----------+--------+--------+------------------------------------------------+
    |   126603|   126603|  1.266 ms|  1.266 ms|  126592|  126592|  loop auto-rewind stp (delay=0 clock cycles(s))|
    +---------+---------+----------+----------+--------+--------+------------------------------------------------+

    + Detail: 
        * Instance: 
        N/A

        * Loop: 
        +-------------------------------------------------------------------+---------+---------+----------+-----------+-----------+--------+----------+
        |                                                                   |  Latency (cycles) | Iteration|  Initiation Interval  |  Trip  |          |
        |                             Loop Name                             |   min   |   max   |  Latency |  achieved |   target  |  Count | Pipelined|
        +-------------------------------------------------------------------+---------+---------+----------+-----------+-----------+--------+----------+
        |- VITIS_LOOP_40_1_VITIS_LOOP_42_3_VITIS_LOOP_43_4_VITIS_LOOP_44_5  |   126601|   126601|        11|          1|          1|  126592|       yes|
        +-------------------------------------------------------------------+---------+---------+----------+-----------+-----------+--------+----------+



================================================================
== Utilization Estimates
================================================================
* Summary: 
+-----------------+---------+------+--------+--------+-----+
|       Name      | BRAM_18K|  DSP |   FF   |   LUT  | URAM|
+-----------------+---------+------+--------+--------+-----+
|DSP              |        -|     -|       -|       -|    -|
|Expression       |        -|     -|       0|     212|    -|
|FIFO             |        -|     -|       -|       -|    -|
|Instance         |        -|     -|       -|       -|    -|
|Memory           |        -|     -|       -|       -|    -|
|Multiplexer      |        -|     -|       0|     162|    -|
|Register         |        -|     -|     646|       -|    -|
+-----------------+---------+------+--------+--------+-----+
|Total            |        0|     0|     646|     374|    0|
+-----------------+---------+------+--------+--------+-----+
|Available        |      288|  1248|  234240|  117120|   64|
+-----------------+---------+------+--------+--------+-----+
|Utilization (%)  |        0|     0|      ~0|      ~0|    0|
+-----------------+---------+------+--------+--------+-----+

+ Detail: 
    * Instance: 
    N/A

    * DSP: 
    N/A

    * Memory: 
    N/A

    * FIFO: 
    N/A

    * Expression: 
    +----------------------------------+----------+----+---+----+------------+------------+
    |           Variable Name          | Operation| DSP| FF| LUT| Bitwidth P0| Bitwidth P1|
    +----------------------------------+----------+----+---+----+------------+------------+
    |add_ln40_fu_326_p2                |         +|   0|  0|  24|          17|           1|
    |add_ln42_fu_378_p2                |         +|   0|  0|  20|          13|           1|
    |add_ln43_fu_358_p2                |         +|   0|  0|  16|           9|           1|
    |add_ln44_fu_332_p2                |         +|   0|  0|   9|           2|           1|
    |and_ln40_1_fu_260_p2              |       and|   0|  0|   2|           1|           1|
    |and_ln40_fu_254_p2                |       and|   0|  0|   2|           1|           1|
    |and_ln42_1_fu_290_p2              |       and|   0|  0|   2|           1|           1|
    |and_ln42_fu_284_p2                |       and|   0|  0|   2|           1|           1|
    |and_ln43_fu_320_p2                |       and|   0|  0|   2|           1|           1|
    |ap_block_state2_io                |       and|   0|  0|   2|           1|           1|
    |ap_condition_211                  |       and|   0|  0|   2|           1|           1|
    |ap_condition_473                  |       and|   0|  0|   2|           1|           1|
    |ap_predicate_op80_readreq_state2  |       and|   0|  0|   2|           1|           1|
    |icmp_ln40_fu_410_p2               |      icmp|   0|  0|  24|          17|          14|
    |icmp_ln42_fu_404_p2               |      icmp|   0|  0|  20|          13|          12|
    |icmp_ln43_fu_398_p2               |      icmp|   0|  0|  16|           9|           8|
    |icmp_ln44_fu_392_p2               |      icmp|   0|  0|  10|           2|           3|
    |ap_block_pp0_stage0_01001         |        or|   0|  0|   2|           1|           1|
    |ap_block_pp0_stage0_11001         |        or|   0|  0|   2|           1|           1|
    |or_ln40_1_fu_242_p2               |        or|   0|  0|   2|           1|           1|
    |or_ln40_fu_236_p2                 |        or|   0|  0|   2|           1|           1|
    |or_ln42_1_fu_302_p2               |        or|   0|  0|   2|           1|           1|
    |or_ln42_2_fu_278_p2               |        or|   0|  0|   2|           1|           1|
    |or_ln42_3_fu_296_p2               |        or|   0|  0|   2|           1|           1|
    |or_ln42_fu_266_p2                 |        or|   0|  0|   2|           1|           1|
    |or_ln43_1_fu_364_p2               |        or|   0|  0|   2|           1|           1|
    |or_ln43_fu_308_p2                 |        or|   0|  0|   2|           1|           1|
    |or_ln44_1_fu_344_p2               |        or|   0|  0|   2|           1|           1|
    |or_ln44_fu_338_p2                 |        or|   0|  0|   2|           1|           1|
    |jj_6_fu_350_p3                    |    select|   0|  0|   2|           1|           1|
    |select_ln42_fu_384_p3             |    select|   0|  0|  12|           1|           1|
    |select_ln43_fu_370_p3             |    select|   0|  0|   9|           1|           1|
    |ap_enable_pp0                     |       xor|   0|  0|   2|           1|           2|
    |xor_ln40_fu_248_p2                |       xor|   0|  0|   2|           1|           2|
    |xor_ln42_fu_272_p2                |       xor|   0|  0|   2|           1|           2|
    |xor_ln43_fu_314_p2                |       xor|   0|  0|   2|           2|           1|
    +----------------------------------+----------+----+---+----+------------+------------+
    |Total                             |          |   0|  0| 212|         111|          72|
    +----------------------------------+----------+----+---+----+------------+------------+

    * Multiplexer: 
    +------------------------------------------+----+-----------+-----+-----------+
    |                   Name                   | LUT| Input Size| Bits| Total Bits|
    +------------------------------------------+----+-----------+-----+-----------+
    |W_stream_blk_n                            |   9|          2|    1|          2|
    |ap_done_int                               |   9|          2|    1|          2|
    |ap_loop_exit_ready_pp0_iter10_reg         |   9|          2|    1|          2|
    |ap_phi_mux_first_iter_145_phi_fu_167_p4   |   9|          2|    1|          2|
    |ap_phi_mux_first_iter_243_phi_fu_177_p4   |   9|          2|    1|          2|
    |ap_phi_mux_icmp_ln4250_phi_fu_126_p4      |   9|          2|    1|          2|
    |ap_phi_mux_icmp_ln4349_phi_fu_136_p4      |   9|          2|    1|          2|
    |ap_phi_mux_icmp_ln4448_phi_fu_146_p4      |   9|          2|    1|          2|
    |ap_sig_allocacmp_indvar_flatten1242_load  |   9|          2|   13|         26|
    |ap_sig_allocacmp_indvar_flatten3441_load  |   9|          2|   17|         34|
    |ap_sig_allocacmp_indvar_flatten44_load    |   9|          2|    9|         18|
    |ap_sig_allocacmp_jj_4                     |   9|          2|    2|          4|
    |gmem1_blk_n_AR                            |   9|          2|    1|          2|
    |gmem1_blk_n_R                             |   9|          2|    1|          2|
    |indvar_flatten1242_fu_86                  |   9|          2|   13|         26|
    |indvar_flatten3441_fu_82                  |   9|          2|   17|         34|
    |indvar_flatten44_fu_90                    |   9|          2|    9|         18|
    |jj_fu_94                                  |   9|          2|    2|          4|
    +------------------------------------------+----+-----------+-----+-----------+
    |Total                                     | 162|         36|   92|        184|
    +------------------------------------------+----+-----------+-----+-----------+

    * Register: 
    +-----------------------------------+-----+----+-----+-----------+
    |                Name               |  FF | LUT| Bits| Const Bits|
    +-----------------------------------+-----+----+-----+-----------+
    |and_ln43_reg_479                   |    1|   0|    1|          0|
    |ap_CS_fsm                          |    1|   0|    1|          0|
    |ap_done_reg                        |    1|   0|    1|          0|
    |ap_enable_reg_pp0_iter1            |    1|   0|    1|          0|
    |ap_enable_reg_pp0_iter10           |    1|   0|    1|          0|
    |ap_enable_reg_pp0_iter2            |    1|   0|    1|          0|
    |ap_enable_reg_pp0_iter3            |    1|   0|    1|          0|
    |ap_enable_reg_pp0_iter4            |    1|   0|    1|          0|
    |ap_enable_reg_pp0_iter5            |    1|   0|    1|          0|
    |ap_enable_reg_pp0_iter6            |    1|   0|    1|          0|
    |ap_enable_reg_pp0_iter7            |    1|   0|    1|          0|
    |ap_enable_reg_pp0_iter8            |    1|   0|    1|          0|
    |ap_enable_reg_pp0_iter9            |    1|   0|    1|          0|
    |ap_loop_exit_ready_pp0_iter10_reg  |    1|   0|    1|          0|
    |ap_loop_exit_ready_pp0_iter1_reg   |    1|   0|    1|          0|
    |ap_loop_exit_ready_pp0_iter2_reg   |    1|   0|    1|          0|
    |ap_loop_exit_ready_pp0_iter3_reg   |    1|   0|    1|          0|
    |ap_loop_exit_ready_pp0_iter4_reg   |    1|   0|    1|          0|
    |ap_loop_exit_ready_pp0_iter5_reg   |    1|   0|    1|          0|
    |ap_loop_exit_ready_pp0_iter6_reg   |    1|   0|    1|          0|
    |ap_loop_exit_ready_pp0_iter7_reg   |    1|   0|    1|          0|
    |ap_loop_exit_ready_pp0_iter8_reg   |    1|   0|    1|          0|
    |ap_loop_exit_ready_pp0_iter9_reg   |    1|   0|    1|          0|
    |gmem1_addr_read_reg_503            |  512|   0|  512|          0|
    |gmem1_addr_reg_464                 |   64|   0|   64|          0|
    |icmp_ln40_reg_499                  |    1|   0|    1|          0|
    |icmp_ln42_reg_494                  |    1|   0|    1|          0|
    |icmp_ln43_reg_489                  |    1|   0|    1|          0|
    |icmp_ln44_reg_484                  |    1|   0|    1|          0|
    |indvar_flatten1242_fu_86           |   13|   0|   13|          0|
    |indvar_flatten3441_fu_82           |   17|   0|   17|          0|
    |indvar_flatten44_fu_90             |    9|   0|    9|          0|
    |jj_fu_94                           |    2|   0|    2|          0|
    |or_ln42_3_reg_470                  |    1|   0|    1|          0|
    |or_ln43_reg_475                    |    1|   0|    1|          0|
    +-----------------------------------+-----+----+-----+-----------+
    |Total                              |  646|   0|  646|          0|
    +-----------------------------------+-----+----+-----+-----------+



================================================================
== Interface
================================================================
* Summary: 
+-------------------------+-----+-----+------------+--------------+--------------+
|        RTL Ports        | Dir | Bits|  Protocol  | Source Object|    C Type    |
+-------------------------+-----+-----+------------+--------------+--------------+
|ap_clk                   |   in|    1|  ap_ctrl_hs|   gemm_read_W|  return value|
|ap_rst                   |   in|    1|  ap_ctrl_hs|   gemm_read_W|  return value|
|ap_start                 |   in|    1|  ap_ctrl_hs|   gemm_read_W|  return value|
|ap_done                  |  out|    1|  ap_ctrl_hs|   gemm_read_W|  return value|
|ap_continue              |   in|    1|  ap_ctrl_hs|   gemm_read_W|  return value|
|ap_idle                  |  out|    1|  ap_ctrl_hs|   gemm_read_W|  return value|
|ap_ready                 |  out|    1|  ap_ctrl_hs|   gemm_read_W|  return value|
|m_axi_gmem1_0_AWVALID    |  out|    1|       m_axi|         gmem1|       pointer|
|m_axi_gmem1_0_AWREADY    |   in|    1|       m_axi|         gmem1|       pointer|
|m_axi_gmem1_0_AWADDR     |  out|   64|       m_axi|         gmem1|       pointer|
|m_axi_gmem1_0_AWID       |  out|    1|       m_axi|         gmem1|       pointer|
|m_axi_gmem1_0_AWLEN      |  out|   32|       m_axi|         gmem1|       pointer|
|m_axi_gmem1_0_AWSIZE     |  out|    3|       m_axi|         gmem1|       pointer|
|m_axi_gmem1_0_AWBURST    |  out|    2|       m_axi|         gmem1|       pointer|
|m_axi_gmem1_0_AWLOCK     |  out|    2|       m_axi|         gmem1|       pointer|
|m_axi_gmem1_0_AWCACHE    |  out|    4|       m_axi|         gmem1|       pointer|
|m_axi_gmem1_0_AWPROT     |  out|    3|       m_axi|         gmem1|       pointer|
|m_axi_gmem1_0_AWQOS      |  out|    4|       m_axi|         gmem1|       pointer|
|m_axi_gmem1_0_AWREGION   |  out|    4|       m_axi|         gmem1|       pointer|
|m_axi_gmem1_0_AWUSER     |  out|    1|       m_axi|         gmem1|       pointer|
|m_axi_gmem1_0_WVALID     |  out|    1|       m_axi|         gmem1|       pointer|
|m_axi_gmem1_0_WREADY     |   in|    1|       m_axi|         gmem1|       pointer|
|m_axi_gmem1_0_WDATA      |  out|  512|       m_axi|         gmem1|       pointer|
|m_axi_gmem1_0_WSTRB      |  out|   64|       m_axi|         gmem1|       pointer|
|m_axi_gmem1_0_WLAST      |  out|    1|       m_axi|         gmem1|       pointer|
|m_axi_gmem1_0_WID        |  out|    1|       m_axi|         gmem1|       pointer|
|m_axi_gmem1_0_WUSER      |  out|    1|       m_axi|         gmem1|       pointer|
|m_axi_gmem1_0_ARVALID    |  out|    1|       m_axi|         gmem1|       pointer|
|m_axi_gmem1_0_ARREADY    |   in|    1|       m_axi|         gmem1|       pointer|
|m_axi_gmem1_0_ARADDR     |  out|   64|       m_axi|         gmem1|       pointer|
|m_axi_gmem1_0_ARID       |  out|    1|       m_axi|         gmem1|       pointer|
|m_axi_gmem1_0_ARLEN      |  out|   32|       m_axi|         gmem1|       pointer|
|m_axi_gmem1_0_ARSIZE     |  out|    3|       m_axi|         gmem1|       pointer|
|m_axi_gmem1_0_ARBURST    |  out|    2|       m_axi|         gmem1|       pointer|
|m_axi_gmem1_0_ARLOCK     |  out|    2|       m_axi|         gmem1|       pointer|
|m_axi_gmem1_0_ARCACHE    |  out|    4|       m_axi|         gmem1|       pointer|
|m_axi_gmem1_0_ARPROT     |  out|    3|       m_axi|         gmem1|       pointer|
|m_axi_gmem1_0_ARQOS      |  out|    4|       m_axi|         gmem1|       pointer|
|m_axi_gmem1_0_ARREGION   |  out|    4|       m_axi|         gmem1|       pointer|
|m_axi_gmem1_0_ARUSER     |  out|    1|       m_axi|         gmem1|       pointer|
|m_axi_gmem1_0_RVALID     |   in|    1|       m_axi|         gmem1|       pointer|
|m_axi_gmem1_0_RREADY     |  out|    1|       m_axi|         gmem1|       pointer|
|m_axi_gmem1_0_RDATA      |   in|  512|       m_axi|         gmem1|       pointer|
|m_axi_gmem1_0_RLAST      |   in|    1|       m_axi|         gmem1|       pointer|
|m_axi_gmem1_0_RID        |   in|    1|       m_axi|         gmem1|       pointer|
|m_axi_gmem1_0_RFIFONUM   |   in|    9|       m_axi|         gmem1|       pointer|
|m_axi_gmem1_0_RUSER      |   in|    1|       m_axi|         gmem1|       pointer|
|m_axi_gmem1_0_RRESP      |   in|    2|       m_axi|         gmem1|       pointer|
|m_axi_gmem1_0_BVALID     |   in|    1|       m_axi|         gmem1|       pointer|
|m_axi_gmem1_0_BREADY     |  out|    1|       m_axi|         gmem1|       pointer|
|m_axi_gmem1_0_BRESP      |   in|    2|       m_axi|         gmem1|       pointer|
|m_axi_gmem1_0_BID        |   in|    1|       m_axi|         gmem1|       pointer|
|m_axi_gmem1_0_BUSER      |   in|    1|       m_axi|         gmem1|       pointer|
|W_stream_din             |  out|  512|     ap_fifo|      W_stream|       pointer|
|W_stream_full_n          |   in|    1|     ap_fifo|      W_stream|       pointer|
|W_stream_write           |  out|    1|     ap_fifo|      W_stream|       pointer|
|W_stream_num_data_valid  |   in|    5|     ap_fifo|      W_stream|       pointer|
|W_stream_fifo_cap        |   in|    5|     ap_fifo|      W_stream|       pointer|
|W                        |   in|   64|     ap_none|             W|        scalar|
+-------------------------+-----+-----+------------+--------------+--------------+

