

================================================================
== Vitis HLS Report for 'gemm_write'
================================================================
* Date:           Wed Apr 15 12:55:00 2026

* Version:        2025.2 (Build 6295257 on Nov 14 2025)
* Project:        gemm_stage
* Solution:       hls (Vivado IP Flow Target)
* Product family: zynquplus
* Target device:  xck26-sfvc784-2LV-c


================================================================
== Performance Estimates
================================================================
+ Timing: 
    * Summary: 
    +--------+----------+----------+------------+
    |  Clock |  Target  | Estimated| Uncertainty|
    +--------+----------+----------+------------+
    |ap_clk  |  10.00 ns|  7.300 ns|     2.70 ns|
    +--------+----------+----------+------------+

+ Latency: 
    * Summary: 
    +---------+---------+-----------+-----------+------+------+------------------------------------------------+
    |  Latency (cycles) |   Latency (absolute)  |   Interval  |                    Pipeline                    |
    |   min   |   max   |    min    |    max    |  min |  max |                      Type                      |
    +---------+---------+-----------+-----------+------+------+------------------------------------------------+
    |     5514|     5514|  55.140 us|  55.140 us|  5505|  5505|  loop auto-rewind stp (delay=1 clock cycles(s))|
    +---------+---------+-----------+-----------+------+------+------------------------------------------------+

    + Detail: 
        * Instance: 
        N/A

        * Loop: 
        +------------------------------------------------------+---------+---------+----------+-----------+-----------+------+----------+
        |                                                      |  Latency (cycles) | Iteration|  Initiation Interval  | Trip |          |
        |                       Loop Name                      |   min   |   max   |  Latency |  achieved |   target  | Count| Pipelined|
        +------------------------------------------------------+---------+---------+----------+-----------+-----------+------+----------+
        |- VITIS_LOOP_138_1_VITIS_LOOP_140_3_VITIS_LOOP_141_4  |     5512|     5512|        10|          1|          1|  5504|       yes|
        +------------------------------------------------------+---------+---------+----------+-----------+-----------+------+----------+



================================================================
== Utilization Estimates
================================================================
* Summary: 
+-----------------+---------+------+--------+--------+-----+
|       Name      | BRAM_18K|  DSP |   FF   |   LUT  | URAM|
+-----------------+---------+------+--------+--------+-----+
|DSP              |        -|     -|       -|       -|    -|
|Expression       |        -|     -|       0|     292|    -|
|FIFO             |        -|     -|       -|       -|    -|
|Instance         |        -|     -|       -|       -|    -|
|Memory           |        -|     -|       -|       -|    -|
|Multiplexer      |        -|     -|       0|     153|    -|
|Register         |        -|     -|     837|      64|    -|
+-----------------+---------+------+--------+--------+-----+
|Total            |        0|     0|     837|     509|    0|
+-----------------+---------+------+--------+--------+-----+
|Available        |      288|  1248|  234240|  117120|   64|
+-----------------+---------+------+--------+--------+-----+
|Utilization (%)  |        0|     0|      ~0|      ~0|    0|
+-----------------+---------+------+--------+--------+-----+

+ Detail: 
    * Instance: 
    N/A

    * DSP: 
    N/A

    * Memory: 
    N/A

    * FIFO: 
    N/A

    * Expression: 
    +-----------------------------------+----------+----+---+----+------------+------------+
    |           Variable Name           | Operation| DSP| FF| LUT| Bitwidth P0| Bitwidth P1|
    +-----------------------------------+----------+----+---+----+------------+------------+
    |add_ln138_1_fu_230_p2              |         +|   0|  0|  20|          13|           1|
    |add_ln138_fu_439_p2                |         +|   0|  0|  13|           6|           1|
    |add_ln140_1_fu_419_p2              |         +|   0|  0|  16|           9|           1|
    |add_ln140_fu_307_p2                |         +|   0|  0|  14|           7|           1|
    |add_ln141_fu_393_p2                |         +|   0|  0|   9|           2|           1|
    |add_ln144_1_fu_363_p2              |         +|   0|  0|  19|          12|          12|
    |add_ln144_fu_357_p2                |         +|   0|  0|  71|          64|          64|
    |and_ln138_fu_293_p2                |       and|   0|  0|   2|           1|           1|
    |ap_block_state10_pp0_stage0_iter9  |       and|   0|  0|   2|           1|           1|
    |ap_block_state2_pp0_stage0_iter1   |       and|   0|  0|   2|           1|           1|
    |ap_block_state4_io                 |       and|   0|  0|   2|           1|           1|
    |ap_block_state5_io                 |       and|   0|  0|   2|           1|           1|
    |ap_condition_326                   |       and|   0|  0|   2|           1|           1|
    |ap_condition_328                   |       and|   0|  0|   2|           1|           1|
    |ap_condition_528                   |       and|   0|  0|   2|           1|           1|
    |icmp_ln138_fu_239_p2               |      icmp|   0|  0|  20|          13|          13|
    |icmp_ln140_fu_433_p2               |      icmp|   0|  0|  16|           9|           8|
    |icmp_ln141_fu_413_p2               |      icmp|   0|  0|  10|           2|           3|
    |icmp_ln144_fu_369_p2               |      icmp|   0|  0|  19|          12|          12|
    |ap_block_pp0_stage0_01001          |        or|   0|  0|   2|           1|           1|
    |ap_block_pp0_stage0_11001          |        or|   0|  0|   2|           1|           1|
    |ap_block_pp0_stage0_11001_grp0     |        or|   0|  0|   2|           1|           1|
    |first_iter_0_mid2_fu_313_p2        |        or|   0|  0|   2|           1|           1|
    |or_ln138_fu_281_p2                 |        or|   0|  0|   2|           1|           1|
    |or_ln141_fu_399_p2                 |        or|   0|  0|   2|           1|           1|
    |i_2_fu_319_p3                      |    select|   0|  0|   7|           1|           7|
    |ib_2_fu_299_p3                     |    select|   0|  0|   6|           1|           6|
    |jj_3_fu_405_p3                     |    select|   0|  0|   2|           1|           1|
    |select_ln138_fu_273_p3             |    select|   0|  0|   7|           1|           1|
    |select_ln140_1_fu_425_p3           |    select|   0|  0|   9|           1|           1|
    |select_ln141_fu_375_p3             |    select|   0|  0|   2|           1|           2|
    |ap_enable_pp0                      |       xor|   0|  0|   2|           1|           2|
    |xor_ln138_fu_287_p2                |       xor|   0|  0|   2|           1|           2|
    +-----------------------------------+----------+----+---+----+------------+------------+
    |Total                              |          |   0|  0| 292|         171|         153|
    +-----------------------------------+----------+----+---+----+------------+------------+

    * Multiplexer: 
    +--------------------------------------------+----+-----------+-----+-----------+
    |                    Name                    | LUT| Input Size| Bits| Total Bits|
    +--------------------------------------------+----+-----------+-----+-----------+
    |H_temp_blk_n                                |   9|          2|    1|          2|
    |XW_stream_blk_n                             |   9|          2|    1|          2|
    |add_ln13824_fu_124                          |   9|          2|    6|         12|
    |ap_done_int                                 |   9|          2|    1|          2|
    |ap_loop_exit_ready_pp0_iter9_reg            |   9|          2|    1|          2|
    |ap_phi_mux_icmp_ln14023_phi_fu_179_p4       |   9|          2|    1|          2|
    |ap_phi_mux_icmp_ln14122_phi_fu_190_p4       |   9|          2|    1|          2|
    |ap_sig_allocacmp_indvar_flatten1316_load    |   9|          2|   13|         26|
    |ap_sig_allocacmp_indvar_flatten1316_load_1  |   9|          2|   13|         26|
    |gmem2_blk_n_AW                              |   9|          2|    1|          2|
    |gmem2_blk_n_B                               |   9|          2|    1|          2|
    |gmem2_blk_n_W                               |   9|          2|    1|          2|
    |i_fu_116                                    |   9|          2|    7|         14|
    |ib_fu_108                                   |   9|          2|    6|         12|
    |indvar_flatten1316_fu_104                   |   9|          2|   13|         26|
    |indvar_flatten18_fu_112                     |   9|          2|    9|         18|
    |jj_fu_120                                   |   9|          2|    2|          4|
    +--------------------------------------------+----+-----------+-----+-----------+
    |Total                                       | 153|         34|   78|        156|
    +--------------------------------------------+----+-----------+-----+-----------+

    * Register: 
    +--------------------------------------------------+-----+----+-----+-----------+
    |                       Name                       |  FF | LUT| Bits| Const Bits|
    +--------------------------------------------------+-----+----+-----+-----------+
    |H_temp_125_fu_128                                 |   64|   0|   64|          0|
    |XW_stream_read_reg_567                            |  512|   0|  512|          0|
    |add_ln13824_fu_124                                |    6|   0|    6|          0|
    |ap_CS_fsm                                         |    1|   0|    1|          0|
    |ap_condition_exit_pp0_iter0_stage0_pp0_iter1_reg  |    1|   0|    1|          0|
    |ap_done_reg                                       |    1|   0|    1|          0|
    |ap_enable_reg_pp0_iter1                           |    1|   0|    1|          0|
    |ap_enable_reg_pp0_iter2                           |    1|   0|    1|          0|
    |ap_enable_reg_pp0_iter3                           |    1|   0|    1|          0|
    |ap_enable_reg_pp0_iter4                           |    1|   0|    1|          0|
    |ap_enable_reg_pp0_iter5                           |    1|   0|    1|          0|
    |ap_enable_reg_pp0_iter6                           |    1|   0|    1|          0|
    |ap_enable_reg_pp0_iter7                           |    1|   0|    1|          0|
    |ap_enable_reg_pp0_iter8                           |    1|   0|    1|          0|
    |ap_enable_reg_pp0_iter9                           |    1|   0|    1|          0|
    |ap_loop_exit_ready_pp0_iter1_reg                  |    1|   0|    1|          0|
    |ap_loop_exit_ready_pp0_iter2_reg                  |    1|   0|    1|          0|
    |ap_loop_exit_ready_pp0_iter3_reg                  |    1|   0|    1|          0|
    |ap_loop_exit_ready_pp0_iter4_reg                  |    1|   0|    1|          0|
    |ap_loop_exit_ready_pp0_iter5_reg                  |    1|   0|    1|          0|
    |ap_loop_exit_ready_pp0_iter6_reg                  |    1|   0|    1|          0|
    |ap_loop_exit_ready_pp0_iter7_reg                  |    1|   0|    1|          0|
    |ap_loop_exit_ready_pp0_iter8_reg                  |    1|   0|    1|          0|
    |ap_loop_exit_ready_pp0_iter9_reg                  |    1|   0|    1|          0|
    |ap_loop_init_pp0_iter1_reg                        |    1|   0|    1|          0|
    |ap_loop_init_pp0_iter2_reg                        |    1|   0|    1|          0|
    |first_iter_0_mid2_reg_533                         |    1|   0|    1|          0|
    |first_iter_0_reg_163                              |    1|   0|    1|          0|
    |first_iter_0_reg_163_pp0_iter1_reg                |    1|   0|    1|          0|
    |i_fu_116                                          |    7|   0|    7|          0|
    |ib_fu_108                                         |    6|   0|    6|          0|
    |icmp_ln138_reg_529                                |    1|   0|    1|          0|
    |icmp_ln140_reg_556                                |    1|   0|    1|          0|
    |icmp_ln141_reg_551                                |    1|   0|    1|          0|
    |icmp_ln144_reg_537                                |    1|   0|    1|          0|
    |icmp_ln144_reg_537_pp0_iter3_reg                  |    1|   0|    1|          0|
    |indvar_flatten1316_fu_104                         |   13|   0|   13|          0|
    |indvar_flatten18_fu_112                           |    9|   0|    9|          0|
    |jj_fu_120                                         |    2|   0|    2|          0|
    |select_ln141_reg_541                              |    1|   0|   64|         63|
    |trunc_ln_reg_546                                  |   58|   0|   58|          0|
    |icmp_ln138_reg_529                                |   64|  32|    1|          0|
    |icmp_ln141_reg_551                                |   64|  32|    1|          0|
    +--------------------------------------------------+-----+----+-----+-----------+
    |Total                                             |  837|  64|  774|         63|
    +--------------------------------------------------+-----+----+-----+-----------+



================================================================
== Interface
================================================================
* Summary: 
+--------------------------+-----+-----+------------+--------------+--------------+
|         RTL Ports        | Dir | Bits|  Protocol  | Source Object|    C Type    |
+--------------------------+-----+-----+------------+--------------+--------------+
|ap_clk                    |   in|    1|  ap_ctrl_hs|    gemm_write|  return value|
|ap_rst                    |   in|    1|  ap_ctrl_hs|    gemm_write|  return value|
|ap_start                  |   in|    1|  ap_ctrl_hs|    gemm_write|  return value|
|ap_done                   |  out|    1|  ap_ctrl_hs|    gemm_write|  return value|
|ap_continue               |   in|    1|  ap_ctrl_hs|    gemm_write|  return value|
|ap_idle                   |  out|    1|  ap_ctrl_hs|    gemm_write|  return value|
|ap_ready                  |  out|    1|  ap_ctrl_hs|    gemm_write|  return value|
|H_temp_dout               |   in|   64|     ap_fifo|        H_temp|       pointer|
|H_temp_empty_n            |   in|    1|     ap_fifo|        H_temp|       pointer|
|H_temp_read               |  out|    1|     ap_fifo|        H_temp|       pointer|
|H_temp_num_data_valid     |   in|    3|     ap_fifo|        H_temp|       pointer|
|H_temp_fifo_cap           |   in|    3|     ap_fifo|        H_temp|       pointer|
|m_axi_gmem2_0_AWVALID     |  out|    1|       m_axi|         gmem2|       pointer|
|m_axi_gmem2_0_AWREADY     |   in|    1|       m_axi|         gmem2|       pointer|
|m_axi_gmem2_0_AWADDR      |  out|   64|       m_axi|         gmem2|       pointer|
|m_axi_gmem2_0_AWID        |  out|    1|       m_axi|         gmem2|       pointer|
|m_axi_gmem2_0_AWLEN       |  out|   32|       m_axi|         gmem2|       pointer|
|m_axi_gmem2_0_AWSIZE      |  out|    3|       m_axi|         gmem2|       pointer|
|m_axi_gmem2_0_AWBURST     |  out|    2|       m_axi|         gmem2|       pointer|
|m_axi_gmem2_0_AWLOCK      |  out|    2|       m_axi|         gmem2|       pointer|
|m_axi_gmem2_0_AWCACHE     |  out|    4|       m_axi|         gmem2|       pointer|
|m_axi_gmem2_0_AWPROT      |  out|    3|       m_axi|         gmem2|       pointer|
|m_axi_gmem2_0_AWQOS       |  out|    4|       m_axi|         gmem2|       pointer|
|m_axi_gmem2_0_AWREGION    |  out|    4|       m_axi|         gmem2|       pointer|
|m_axi_gmem2_0_AWUSER      |  out|    1|       m_axi|         gmem2|       pointer|
|m_axi_gmem2_0_WVALID      |  out|    1|       m_axi|         gmem2|       pointer|
|m_axi_gmem2_0_WREADY      |   in|    1|       m_axi|         gmem2|       pointer|
|m_axi_gmem2_0_WDATA       |  out|  512|       m_axi|         gmem2|       pointer|
|m_axi_gmem2_0_WSTRB       |  out|   64|       m_axi|         gmem2|       pointer|
|m_axi_gmem2_0_WLAST       |  out|    1|       m_axi|         gmem2|       pointer|
|m_axi_gmem2_0_WID         |  out|    1|       m_axi|         gmem2|       pointer|
|m_axi_gmem2_0_WUSER       |  out|    1|       m_axi|         gmem2|       pointer|
|m_axi_gmem2_0_ARVALID     |  out|    1|       m_axi|         gmem2|       pointer|
|m_axi_gmem2_0_ARREADY     |   in|    1|       m_axi|         gmem2|       pointer|
|m_axi_gmem2_0_ARADDR      |  out|   64|       m_axi|         gmem2|       pointer|
|m_axi_gmem2_0_ARID        |  out|    1|       m_axi|         gmem2|       pointer|
|m_axi_gmem2_0_ARLEN       |  out|   32|       m_axi|         gmem2|       pointer|
|m_axi_gmem2_0_ARSIZE      |  out|    3|       m_axi|         gmem2|       pointer|
|m_axi_gmem2_0_ARBURST     |  out|    2|       m_axi|         gmem2|       pointer|
|m_axi_gmem2_0_ARLOCK      |  out|    2|       m_axi|         gmem2|       pointer|
|m_axi_gmem2_0_ARCACHE     |  out|    4|       m_axi|         gmem2|       pointer|
|m_axi_gmem2_0_ARPROT      |  out|    3|       m_axi|         gmem2|       pointer|
|m_axi_gmem2_0_ARQOS       |  out|    4|       m_axi|         gmem2|       pointer|
|m_axi_gmem2_0_ARREGION    |  out|    4|       m_axi|         gmem2|       pointer|
|m_axi_gmem2_0_ARUSER      |  out|    1|       m_axi|         gmem2|       pointer|
|m_axi_gmem2_0_RVALID      |   in|    1|       m_axi|         gmem2|       pointer|
|m_axi_gmem2_0_RREADY      |  out|    1|       m_axi|         gmem2|       pointer|
|m_axi_gmem2_0_RDATA       |   in|  512|       m_axi|         gmem2|       pointer|
|m_axi_gmem2_0_RLAST       |   in|    1|       m_axi|         gmem2|       pointer|
|m_axi_gmem2_0_RID         |   in|    1|       m_axi|         gmem2|       pointer|
|m_axi_gmem2_0_RFIFONUM    |   in|    9|       m_axi|         gmem2|       pointer|
|m_axi_gmem2_0_RUSER       |   in|    1|       m_axi|         gmem2|       pointer|
|m_axi_gmem2_0_RRESP       |   in|    2|       m_axi|         gmem2|       pointer|
|m_axi_gmem2_0_BVALID      |   in|    1|       m_axi|         gmem2|       pointer|
|m_axi_gmem2_0_BREADY      |  out|    1|       m_axi|         gmem2|       pointer|
|m_axi_gmem2_0_BRESP       |   in|    2|       m_axi|         gmem2|       pointer|
|m_axi_gmem2_0_BID         |   in|    1|       m_axi|         gmem2|       pointer|
|m_axi_gmem2_0_BUSER       |   in|    1|       m_axi|         gmem2|       pointer|
|XW_stream_dout            |   in|  512|     ap_fifo|     XW_stream|       pointer|
|XW_stream_empty_n         |   in|    1|     ap_fifo|     XW_stream|       pointer|
|XW_stream_read            |  out|    1|     ap_fifo|     XW_stream|       pointer|
|XW_stream_num_data_valid  |   in|    5|     ap_fifo|     XW_stream|       pointer|
|XW_stream_fifo_cap        |   in|    5|     ap_fifo|     XW_stream|       pointer|
+--------------------------+-----+-----+------------+--------------+--------------+

