# ---------------------------------------------------------------------------------
# Created on Tue Apr 14 23:21:59 IST 2026 with report_failfast (2023.09.14)
# ---------------------------------------------------------------------------------

#  +-----------------------------------------------------------------------------------------+
#  | Design Summary                                                                          |
#  | impl_1                                                                                  |
#  | xck26-sfvc784-2LV-c                                                                     |
#  +-----------------------------------------------------------+-----------+--------+--------+
#  | Criteria                                                  | Guideline | Actual | Status |
#  +-----------------------------------------------------------+-----------+--------+--------+
#  | LUT                                                       | 70%       | 3.86%  | OK     |
#  | FD                                                        | 50%       | 3.12%  | OK     |
#  | LUTRAM+SRL                                                | 25%       | 0.76%  | OK     |
#  | CARRY8                                                    | 25%       | 1.13%  | OK     |
#  | MUXF7                                                     | 15%       | 0.01%  | OK     |
#  | DSP                                                       | 80%       | 0.40%  | OK     |
#  | RAMB/FIFO                                                 | 80%       | 1.39%  | OK     |
#  | URAM                                                      | 80%       | 0.00%  | OK     |
#  | DSP+RAMB+URAM (Avg)                                       | 70%       | 0.90%  | OK     |
#  | BUFGCE* + BUFGCTRL                                        | 24        | 0      | OK     |
#  | DONT_TOUCH (cells/nets)                                   | 0         | 12     | REVIEW |
#  | MARK_DEBUG (nets)                                         | 0         | 0      | OK     |
#  | Control Sets                                              | 2196      | 315    | OK     |
#  | Average Fanout for modules > 100k cells                   | 4         | 2.19   | OK     |
#  | Max Average Fanout for modules > 100k cells               | 4         | 0      | OK     |
#  | Non-FD high fanout nets > 10k loads                       | 0         | 0      | OK     |
#  +-----------------------------------------------------------+-----------+--------+--------+
#  | TIMING-6 (No common primary clock between related clocks) | 0         | 0      | OK     |
#  | TIMING-7 (No common node between related clocks)          | 0         | 0      | OK     |
#  | TIMING-8 (No common period between related clocks)        | 0         | 0      | OK     |
#  | TIMING-14 (LUT on the clock tree)                         | 0         | 0      | OK     |
#  | TIMING-35 (No common node in paths with the same clock)   | 0         | 0      | OK     |
#  +-----------------------------------------------------------+-----------+--------+--------+
#  | Number of paths above max LUT budgeting (0.391ns)         | 0         | 0      | OK     |
#  | Number of paths above max Net budgeting (0.263ns)         | 0         | 0      | OK     |
#  +-----------------------------------------------------------+-----------+--------+--------+

