Copyright 1986-2022 Xilinx, Inc. All Rights Reserved. Copyright 2022-2025 Advanced Micro Devices, Inc. All Rights Reserved.
--------------------------------------------------------------------------------------------------------------------------------------------------
| Tool Version      : Vivado v.2025.2 (lin64) Build 6299465 Fri Nov 14 12:34:56 MST 2025
| Date              : Tue Apr 14 23:20:25 2026
| Host              : nat-Yoga-Pro-9-16IAH10 running 64-bit Ubuntu 24.04.3 LTS
| Command           : report_timing_summary -file ./report/baseline_gcn_timing_synth.rpt
| Design            : bd_0_wrapper
| Device            : xck26-sfvc784
| Speed File        : -2LV  PRODUCTION 1.30 05-15-2022
| Design State      : Synthesized
| Temperature Grade : C
--------------------------------------------------------------------------------------------------------------------------------------------------

Timing Summary Report

------------------------------------------------------------------------------------------------
| Timer Settings
| --------------
------------------------------------------------------------------------------------------------

  Enable Multi Corner Analysis               :  Yes
  Enable Pessimism Removal                   :  Yes
  Pessimism Removal Resolution               :  Nearest Common Node
  Enable Input Delay Default Clock           :  No
  Enable Preset / Clear Arcs                 :  No
  Disable Flight Delays                      :  No
  Ignore I/O Paths                           :  No
  Timing Early Launch at Borrowing Latches   :  No
  Borrow Time for Max Delay Exceptions       :  Yes
  Merge Timing Exceptions                    :  Yes
  Inter-SLR Compensation                     :  Conservative

  Corner  Analyze    Analyze    
  Name    Max Paths  Min Paths  
  ------  ---------  ---------  
  Slow    Yes        Yes        
  Fast    Yes        Yes        


------------------------------------------------------------------------------------------------
| Report Methodology
| ------------------
------------------------------------------------------------------------------------------------

No report available as report_methodology has not been run prior. Run report_methodology on the current design for the summary of methodology violations.



check_timing report

Table of Contents
-----------------
1. checking no_clock (0)
2. checking constant_clock (0)
3. checking pulse_width_clock (0)
4. checking unconstrained_internal_endpoints (0)
5. checking no_input_delay (201)
6. checking no_output_delay (524)
7. checking multiple_clock (0)
8. checking generated_clocks (0)
9. checking loops (0)
10. checking partial_input_delay (0)
11. checking partial_output_delay (0)
12. checking latch_loops (0)

1. checking no_clock (0)
------------------------
 There are 0 register/latch pins with no clock.


2. checking constant_clock (0)
------------------------------
 There are 0 register/latch pins with constant_clock.


3. checking pulse_width_clock (0)
---------------------------------
 There are 0 register/latch pins which need pulse_width check


4. checking unconstrained_internal_endpoints (0)
------------------------------------------------
 There are 0 pins that are not constrained for maximum delay.

 There are 0 pins that are not constrained for maximum delay due to constant clock.


5. checking no_input_delay (201)
--------------------------------
 There are 201 input ports with no input delay specified. (HIGH)

 There are 0 input ports with no input delay but user has a false path constraint.


6. checking no_output_delay (524)
---------------------------------
 There are 524 ports with no output delay specified. (HIGH)

 There are 0 ports with no output delay but user has a false path constraint

 There are 0 ports with no output delay but with a timing clock defined on it or propagating through it


7. checking multiple_clock (0)
------------------------------
 There are 0 register/latch pins with multiple clocks.


8. checking generated_clocks (0)
--------------------------------
 There are 0 generated clocks that are not connected to a clock source.


9. checking loops (0)
---------------------
 There are 0 combinational loops in the design.


10. checking partial_input_delay (0)
------------------------------------
 There are 0 input ports with partial input delay specified.


11. checking partial_output_delay (0)
-------------------------------------
 There are 0 ports with partial output delay specified.


12. checking latch_loops (0)
----------------------------
 There are 0 combinational latch loops in the design through latch input



------------------------------------------------------------------------------------------------
| Design Timing Summary
| ---------------------
------------------------------------------------------------------------------------------------

    WNS(ns)      TNS(ns)  TNS Failing Endpoints  TNS Total Endpoints      WHS(ns)      THS(ns)  THS Failing Endpoints  THS Total Endpoints     WPWS(ns)     TPWS(ns)  TPWS Failing Endpoints  TPWS Total Endpoints  
    -------      -------  ---------------------  -------------------      -------      -------  ---------------------  -------------------     --------     --------  ----------------------  --------------------  
      4.839        0.000                      0                16883        0.078        0.000                      0                16883        4.238        0.000                       0                  8086  


All user specified timing constraints are met.


------------------------------------------------------------------------------------------------
| Clock Summary
| -------------
------------------------------------------------------------------------------------------------

Clock   Waveform(ns)       Period(ns)      Frequency(MHz)
-----   ------------       ----------      --------------
ap_clk  {0.000 5.000}      10.000          100.000         


------------------------------------------------------------------------------------------------
| Intra Clock Table
| -----------------
------------------------------------------------------------------------------------------------

Clock             WNS(ns)      TNS(ns)  TNS Failing Endpoints  TNS Total Endpoints      WHS(ns)      THS(ns)  THS Failing Endpoints  THS Total Endpoints     WPWS(ns)     TPWS(ns)  TPWS Failing Endpoints  TPWS Total Endpoints  
-----             -------      -------  ---------------------  -------------------      -------      -------  ---------------------  -------------------     --------     --------  ----------------------  --------------------  
ap_clk              4.839        0.000                      0                16883        0.078        0.000                      0                16883        4.238        0.000                       0                  8086  


------------------------------------------------------------------------------------------------
| Inter Clock Table
| -----------------
------------------------------------------------------------------------------------------------

From Clock    To Clock          WNS(ns)      TNS(ns)  TNS Failing Endpoints  TNS Total Endpoints      WHS(ns)      THS(ns)  THS Failing Endpoints  THS Total Endpoints  
----------    --------          -------      -------  ---------------------  -------------------      -------      -------  ---------------------  -------------------  


------------------------------------------------------------------------------------------------
| Other Path Groups Table
| -----------------------
------------------------------------------------------------------------------------------------

Path Group    From Clock    To Clock          WNS(ns)      TNS(ns)  TNS Failing Endpoints  TNS Total Endpoints      WHS(ns)      THS(ns)  THS Failing Endpoints  THS Total Endpoints  
----------    ----------    --------          -------      -------  ---------------------  -------------------      -------      -------  ---------------------  -------------------  


------------------------------------------------------------------------------------------------
| Timing Details
| --------------
------------------------------------------------------------------------------------------------


---------------------------------------------------------------------------------------------------
From Clock:  ap_clk
  To Clock:  ap_clk

Setup :            0  Failing Endpoints,  Worst Slack        4.839ns,  Total Violation        0.000ns
Hold  :            0  Failing Endpoints,  Worst Slack        0.078ns,  Total Violation        0.000ns
PW    :            0  Failing Endpoints,  Worst Slack        4.238ns,  Total Violation        0.000ns
---------------------------------------------------------------------------------------------------


Max Delay Paths
--------------------------------------------------------------------------------------
Slack (MET) :             4.839ns  (required time - arrival time)
  Source:                 bd_0_i/hls_inst/inst/grp_baseline_gcn_Pipeline_VITIS_LOOP_27_4_VITIS_LOOP_28_5_VITIS_LOOP_30_6_fu_157/indvar_flatten20_fu_128_reg[14]/C
                            (rising edge-triggered cell FDRE clocked by ap_clk  {rise@0.000ns fall@5.000ns period=10.000ns})
  Destination:            bd_0_i/hls_inst/inst/grp_baseline_gcn_Pipeline_VITIS_LOOP_27_4_VITIS_LOOP_28_5_VITIS_LOOP_30_6_fu_157/gmem3_addr_reg_587_reg[62]/D
                            (rising edge-triggered cell FDRE clocked by ap_clk  {rise@0.000ns fall@5.000ns period=10.000ns})
  Path Group:             ap_clk
  Path Type:              Setup (Max at Slow Process Corner)
  Requirement:            10.000ns  (ap_clk rise@10.000ns - ap_clk rise@0.000ns)
  Data Path Delay:        5.157ns  (logic 3.484ns (67.559%)  route 1.673ns (32.441%))
  Logic Levels:           19  (CARRY8=7 DSP_A_B_DATA=1 DSP_ALU=1 DSP_M_DATA=1 DSP_MULTIPLIER=1 DSP_OUTPUT=1 DSP_PREADD_DATA=1 LUT2=2 LUT5=1 LUT6=3)
  Clock Path Skew:        -0.013ns (DCD - SCD + CPR)
    Destination Clock Delay (DCD):    0.030ns = ( 10.030 - 10.000 ) 
    Source Clock Delay      (SCD):    0.043ns
    Clock Pessimism Removal (CPR):    0.000ns
  Clock Uncertainty:      0.035ns  ((TSJ^2 + TIJ^2)^1/2 + DJ) / 2 + PE
    Total System Jitter     (TSJ):    0.071ns
    Total Input Jitter      (TIJ):    0.000ns
    Discrete Jitter          (DJ):    0.000ns
    Phase Error              (PE):    0.000ns

    Location             Delay type                Incr(ns)  Path(ns)    Netlist Resource(s)
  -------------------------------------------------------------------    -------------------
                         (clock ap_clk rise edge)     0.000     0.000 r  
                                                      0.000     0.000 r  ap_clk (IN)
                         net (fo=8098, unset)         0.043     0.043    bd_0_i/hls_inst/inst/grp_baseline_gcn_Pipeline_VITIS_LOOP_27_4_VITIS_LOOP_28_5_VITIS_LOOP_30_6_fu_157/ap_clk
                         FDRE                                         r  bd_0_i/hls_inst/inst/grp_baseline_gcn_Pipeline_VITIS_LOOP_27_4_VITIS_LOOP_28_5_VITIS_LOOP_30_6_fu_157/indvar_flatten20_fu_128_reg[14]/C
  -------------------------------------------------------------------    -------------------
                         FDRE (Prop_FDRE_C_Q)         0.116     0.159 f  bd_0_i/hls_inst/inst/grp_baseline_gcn_Pipeline_VITIS_LOOP_27_4_VITIS_LOOP_28_5_VITIS_LOOP_30_6_fu_157/indvar_flatten20_fu_128_reg[14]/Q
                         net (fo=3, unplaced)         0.180     0.339    bd_0_i/hls_inst/inst/grp_baseline_gcn_Pipeline_VITIS_LOOP_27_4_VITIS_LOOP_28_5_VITIS_LOOP_30_6_fu_157/mul_12ns_13ns_24_1_1_U13/indvar_flatten20_fu_128_reg[14]
                         LUT6 (Prop_LUT6_I0_O)        0.225     0.564 f  bd_0_i/hls_inst/inst/grp_baseline_gcn_Pipeline_VITIS_LOOP_27_4_VITIS_LOOP_28_5_VITIS_LOOP_30_6_fu_157/mul_12ns_13ns_24_1_1_U13/k_fu_120[3]_i_9/O
                         net (fo=1, unplaced)         0.211     0.775    bd_0_i/hls_inst/inst/grp_baseline_gcn_Pipeline_VITIS_LOOP_27_4_VITIS_LOOP_28_5_VITIS_LOOP_30_6_fu_157/mul_12ns_13ns_24_1_1_U13/k_fu_120[3]_i_9_n_0
                         LUT5 (Prop_LUT5_I4_O)        0.058     0.833 f  bd_0_i/hls_inst/inst/grp_baseline_gcn_Pipeline_VITIS_LOOP_27_4_VITIS_LOOP_28_5_VITIS_LOOP_30_6_fu_157/mul_12ns_13ns_24_1_1_U13/k_fu_120[3]_i_3/O
                         net (fo=47, unplaced)        0.279     1.112    bd_0_i/hls_inst/inst/grp_baseline_gcn_Pipeline_VITIS_LOOP_27_4_VITIS_LOOP_28_5_VITIS_LOOP_30_6_fu_157/mul_12ns_13ns_24_1_1_U13/icmp_ln28_fu_251_p2[0]
                         LUT6 (Prop_LUT6_I3_O)        0.058     1.170 r  bd_0_i/hls_inst/inst/grp_baseline_gcn_Pipeline_VITIS_LOOP_27_4_VITIS_LOOP_28_5_VITIS_LOOP_30_6_fu_157/mul_12ns_13ns_24_1_1_U13/tmp_product_i_14__0/O
                         net (fo=6, unplaced)         0.233     1.403    bd_0_i/hls_inst/inst/grp_baseline_gcn_Pipeline_VITIS_LOOP_27_4_VITIS_LOOP_28_5_VITIS_LOOP_30_6_fu_157/mul_12ns_13ns_24_1_1_U13/tmp_product_i_14__0_n_0
                         LUT6 (Prop_LUT6_I2_O)        0.058     1.461 r  bd_0_i/hls_inst/inst/grp_baseline_gcn_Pipeline_VITIS_LOOP_27_4_VITIS_LOOP_28_5_VITIS_LOOP_30_6_fu_157/mul_12ns_13ns_24_1_1_U13/tmp_product_i_13__0/O
                         net (fo=2, unplaced)         0.211     1.672    bd_0_i/hls_inst/inst/grp_baseline_gcn_Pipeline_VITIS_LOOP_27_4_VITIS_LOOP_28_5_VITIS_LOOP_30_6_fu_157/mul_12ns_13ns_24_1_1_U13/tmp_product_i_13__0_n_0
                         LUT2 (Prop_LUT2_I0_O)        0.095     1.767 f  bd_0_i/hls_inst/inst/grp_baseline_gcn_Pipeline_VITIS_LOOP_27_4_VITIS_LOOP_28_5_VITIS_LOOP_30_6_fu_157/mul_12ns_13ns_24_1_1_U13/tmp_product_i_2__0/O
                         net (fo=2, unplaced)         0.194     1.961    bd_0_i/hls_inst/inst/grp_baseline_gcn_Pipeline_VITIS_LOOP_27_4_VITIS_LOOP_28_5_VITIS_LOOP_30_6_fu_157/mul_12ns_13ns_24_1_1_U13/tmp_product/A[10]
                         DSP_A_B_DATA (Prop_DSP_A_B_DATA_A[10]_A2_DATA[10])
                                                      0.258     2.219 r  bd_0_i/hls_inst/inst/grp_baseline_gcn_Pipeline_VITIS_LOOP_27_4_VITIS_LOOP_28_5_VITIS_LOOP_30_6_fu_157/mul_12ns_13ns_24_1_1_U13/tmp_product/DSP_A_B_DATA_INST/A2_DATA[10]
                         net (fo=1, unplaced)         0.000     2.219    bd_0_i/hls_inst/inst/grp_baseline_gcn_Pipeline_VITIS_LOOP_27_4_VITIS_LOOP_28_5_VITIS_LOOP_30_6_fu_157/mul_12ns_13ns_24_1_1_U13/tmp_product/DSP_A_B_DATA.A2_DATA<10>
                         DSP_PREADD_DATA (Prop_DSP_PREADD_DATA_A2_DATA[10]_A2A1[10])
                                                      0.114     2.333 r  bd_0_i/hls_inst/inst/grp_baseline_gcn_Pipeline_VITIS_LOOP_27_4_VITIS_LOOP_28_5_VITIS_LOOP_30_6_fu_157/mul_12ns_13ns_24_1_1_U13/tmp_product/DSP_PREADD_DATA_INST/A2A1[10]
                         net (fo=1, unplaced)         0.000     2.333    bd_0_i/hls_inst/inst/grp_baseline_gcn_Pipeline_VITIS_LOOP_27_4_VITIS_LOOP_28_5_VITIS_LOOP_30_6_fu_157/mul_12ns_13ns_24_1_1_U13/tmp_product/DSP_PREADD_DATA.A2A1<10>
                         DSP_MULTIPLIER (Prop_DSP_MULTIPLIER_A2A1[10]_U[13])
                                                      0.700     3.033 f  bd_0_i/hls_inst/inst/grp_baseline_gcn_Pipeline_VITIS_LOOP_27_4_VITIS_LOOP_28_5_VITIS_LOOP_30_6_fu_157/mul_12ns_13ns_24_1_1_U13/tmp_product/DSP_MULTIPLIER_INST/U[13]
                         net (fo=1, unplaced)         0.000     3.033    bd_0_i/hls_inst/inst/grp_baseline_gcn_Pipeline_VITIS_LOOP_27_4_VITIS_LOOP_28_5_VITIS_LOOP_30_6_fu_157/mul_12ns_13ns_24_1_1_U13/tmp_product/DSP_MULTIPLIER.U<13>
                         DSP_M_DATA (Prop_DSP_M_DATA_U[13]_U_DATA[13])
                                                      0.067     3.100 r  bd_0_i/hls_inst/inst/grp_baseline_gcn_Pipeline_VITIS_LOOP_27_4_VITIS_LOOP_28_5_VITIS_LOOP_30_6_fu_157/mul_12ns_13ns_24_1_1_U13/tmp_product/DSP_M_DATA_INST/U_DATA[13]
                         net (fo=1, unplaced)         0.000     3.100    bd_0_i/hls_inst/inst/grp_baseline_gcn_Pipeline_VITIS_LOOP_27_4_VITIS_LOOP_28_5_VITIS_LOOP_30_6_fu_157/mul_12ns_13ns_24_1_1_U13/tmp_product/DSP_M_DATA.U_DATA<13>
                         DSP_ALU (Prop_DSP_ALU_U_DATA[13]_ALU_OUT[13])
                                                      0.727     3.827 f  bd_0_i/hls_inst/inst/grp_baseline_gcn_Pipeline_VITIS_LOOP_27_4_VITIS_LOOP_28_5_VITIS_LOOP_30_6_fu_157/mul_12ns_13ns_24_1_1_U13/tmp_product/DSP_ALU_INST/ALU_OUT[13]
                         net (fo=1, unplaced)         0.000     3.827    bd_0_i/hls_inst/inst/grp_baseline_gcn_Pipeline_VITIS_LOOP_27_4_VITIS_LOOP_28_5_VITIS_LOOP_30_6_fu_157/mul_12ns_13ns_24_1_1_U13/tmp_product/DSP_ALU.ALU_OUT<13>
                         DSP_OUTPUT (Prop_DSP_OUTPUT_ALU_OUT[13]_P[13])
                                                      0.146     3.973 r  bd_0_i/hls_inst/inst/grp_baseline_gcn_Pipeline_VITIS_LOOP_27_4_VITIS_LOOP_28_5_VITIS_LOOP_30_6_fu_157/mul_12ns_13ns_24_1_1_U13/tmp_product/DSP_OUTPUT_INST/P[13]
                         net (fo=2, unplaced)         0.258     4.231    bd_0_i/hls_inst/inst/grp_baseline_gcn_Pipeline_VITIS_LOOP_27_4_VITIS_LOOP_28_5_VITIS_LOOP_30_6_fu_157/mul_12ns_13ns_24_1_1_U13_n_10
                         LUT2 (Prop_LUT2_I0_O)        0.080     4.311 r  bd_0_i/hls_inst/inst/grp_baseline_gcn_Pipeline_VITIS_LOOP_27_4_VITIS_LOOP_28_5_VITIS_LOOP_30_6_fu_157/gmem3_addr_reg_587[14]_i_4/O
                         net (fo=1, unplaced)         0.037     4.348    bd_0_i/hls_inst/inst/grp_baseline_gcn_Pipeline_VITIS_LOOP_27_4_VITIS_LOOP_28_5_VITIS_LOOP_30_6_fu_157/gmem3_addr_reg_587[14]_i_4_n_0
                         CARRY8 (Prop_CARRY8_S[5]_CO[7])
                                                      0.246     4.594 r  bd_0_i/hls_inst/inst/grp_baseline_gcn_Pipeline_VITIS_LOOP_27_4_VITIS_LOOP_28_5_VITIS_LOOP_30_6_fu_157/gmem3_addr_reg_587_reg[14]_i_1/CO[7]
                         net (fo=1, unplaced)         0.006     4.600    bd_0_i/hls_inst/inst/grp_baseline_gcn_Pipeline_VITIS_LOOP_27_4_VITIS_LOOP_28_5_VITIS_LOOP_30_6_fu_157/gmem3_addr_reg_587_reg[14]_i_1_n_0
                         CARRY8 (Prop_CARRY8_CI_CO[7])
                                                      0.073     4.673 r  bd_0_i/hls_inst/inst/grp_baseline_gcn_Pipeline_VITIS_LOOP_27_4_VITIS_LOOP_28_5_VITIS_LOOP_30_6_fu_157/gmem3_addr_reg_587_reg[22]_i_1/CO[7]
                         net (fo=1, unplaced)         0.006     4.679    bd_0_i/hls_inst/inst/grp_baseline_gcn_Pipeline_VITIS_LOOP_27_4_VITIS_LOOP_28_5_VITIS_LOOP_30_6_fu_157/gmem3_addr_reg_587_reg[22]_i_1_n_0
                         CARRY8 (Prop_CARRY8_CI_CO[7])
                                                      0.073     4.752 r  bd_0_i/hls_inst/inst/grp_baseline_gcn_Pipeline_VITIS_LOOP_27_4_VITIS_LOOP_28_5_VITIS_LOOP_30_6_fu_157/gmem3_addr_reg_587_reg[30]_i_1/CO[7]
                         net (fo=1, unplaced)         0.006     4.758    bd_0_i/hls_inst/inst/grp_baseline_gcn_Pipeline_VITIS_LOOP_27_4_VITIS_LOOP_28_5_VITIS_LOOP_30_6_fu_157/gmem3_addr_reg_587_reg[30]_i_1_n_0
                         CARRY8 (Prop_CARRY8_CI_CO[7])
                                                      0.073     4.831 r  bd_0_i/hls_inst/inst/grp_baseline_gcn_Pipeline_VITIS_LOOP_27_4_VITIS_LOOP_28_5_VITIS_LOOP_30_6_fu_157/gmem3_addr_reg_587_reg[38]_i_1/CO[7]
                         net (fo=1, unplaced)         0.006     4.837    bd_0_i/hls_inst/inst/grp_baseline_gcn_Pipeline_VITIS_LOOP_27_4_VITIS_LOOP_28_5_VITIS_LOOP_30_6_fu_157/gmem3_addr_reg_587_reg[38]_i_1_n_0
                         CARRY8 (Prop_CARRY8_CI_CO[7])
                                                      0.073     4.910 r  bd_0_i/hls_inst/inst/grp_baseline_gcn_Pipeline_VITIS_LOOP_27_4_VITIS_LOOP_28_5_VITIS_LOOP_30_6_fu_157/gmem3_addr_reg_587_reg[46]_i_1/CO[7]
                         net (fo=1, unplaced)         0.006     4.916    bd_0_i/hls_inst/inst/grp_baseline_gcn_Pipeline_VITIS_LOOP_27_4_VITIS_LOOP_28_5_VITIS_LOOP_30_6_fu_157/gmem3_addr_reg_587_reg[46]_i_1_n_0
                         CARRY8 (Prop_CARRY8_CI_CO[7])
                                                      0.073     4.989 r  bd_0_i/hls_inst/inst/grp_baseline_gcn_Pipeline_VITIS_LOOP_27_4_VITIS_LOOP_28_5_VITIS_LOOP_30_6_fu_157/gmem3_addr_reg_587_reg[54]_i_1/CO[7]
                         net (fo=1, unplaced)         0.006     4.995    bd_0_i/hls_inst/inst/grp_baseline_gcn_Pipeline_VITIS_LOOP_27_4_VITIS_LOOP_28_5_VITIS_LOOP_30_6_fu_157/gmem3_addr_reg_587_reg[54]_i_1_n_0
                         CARRY8 (Prop_CARRY8_CI_O[7])
                                                      0.171     5.166 r  bd_0_i/hls_inst/inst/grp_baseline_gcn_Pipeline_VITIS_LOOP_27_4_VITIS_LOOP_28_5_VITIS_LOOP_30_6_fu_157/gmem3_addr_reg_587_reg[62]_i_1/O[7]
                         net (fo=1, unplaced)         0.034     5.200    bd_0_i/hls_inst/inst/grp_baseline_gcn_Pipeline_VITIS_LOOP_27_4_VITIS_LOOP_28_5_VITIS_LOOP_30_6_fu_157/add_ln31_fu_345_p2[63]
                         FDRE                                         r  bd_0_i/hls_inst/inst/grp_baseline_gcn_Pipeline_VITIS_LOOP_27_4_VITIS_LOOP_28_5_VITIS_LOOP_30_6_fu_157/gmem3_addr_reg_587_reg[62]/D
  -------------------------------------------------------------------    -------------------

                         (clock ap_clk rise edge)    10.000    10.000 r  
                                                      0.000    10.000 r  ap_clk (IN)
                         net (fo=8098, unset)         0.030    10.030    bd_0_i/hls_inst/inst/grp_baseline_gcn_Pipeline_VITIS_LOOP_27_4_VITIS_LOOP_28_5_VITIS_LOOP_30_6_fu_157/ap_clk
                         FDRE                                         r  bd_0_i/hls_inst/inst/grp_baseline_gcn_Pipeline_VITIS_LOOP_27_4_VITIS_LOOP_28_5_VITIS_LOOP_30_6_fu_157/gmem3_addr_reg_587_reg[62]/C
                         clock pessimism              0.000    10.030    
                         clock uncertainty           -0.035     9.995    
                         FDRE (Setup_FDRE_C_D)        0.044    10.039    bd_0_i/hls_inst/inst/grp_baseline_gcn_Pipeline_VITIS_LOOP_27_4_VITIS_LOOP_28_5_VITIS_LOOP_30_6_fu_157/gmem3_addr_reg_587_reg[62]
  -------------------------------------------------------------------
                         required time                         10.039    
                         arrival time                          -5.200    
  -------------------------------------------------------------------
                         slack                                  4.839    





Min Delay Paths
--------------------------------------------------------------------------------------
Slack (MET) :             0.078ns  (arrival time - required time)
  Source:                 bd_0_i/hls_inst/inst/grp_baseline_gcn_Pipeline_VITIS_LOOP_18_1_VITIS_LOOP_19_2_VITIS_LOOP_21_3_fu_144/sum_1_reg_654_reg[0]/C
                            (rising edge-triggered cell FDRE clocked by ap_clk  {rise@0.000ns fall@5.000ns period=10.000ns})
  Destination:            bd_0_i/hls_inst/inst/gmem3_m_axi_U/store_unit_0/bus_wide_gen.buff_wdata_in/U_fifo_srl/mem_reg[30][0]_srl31/D
                            (rising edge-triggered cell SRLC32E clocked by ap_clk  {rise@0.000ns fall@5.000ns period=10.000ns})
  Path Group:             ap_clk
  Path Type:              Hold (Min at Fast Process Corner)
  Requirement:            0.000ns  (ap_clk rise@0.000ns - ap_clk rise@0.000ns)
  Data Path Delay:        0.160ns  (logic 0.084ns (52.500%)  route 0.076ns (47.500%))
  Logic Levels:           0  
  Clock Path Skew:        0.043ns (DCD - SCD - CPR)
    Destination Clock Delay (DCD):    0.057ns
    Source Clock Delay      (SCD):    0.014ns
    Clock Pessimism Removal (CPR):    -0.000ns

    Location             Delay type                Incr(ns)  Path(ns)    Netlist Resource(s)
  -------------------------------------------------------------------    -------------------
                         (clock ap_clk rise edge)     0.000     0.000 r  
                                                      0.000     0.000 r  ap_clk (IN)
                         net (fo=8098, unset)         0.014     0.014    bd_0_i/hls_inst/inst/grp_baseline_gcn_Pipeline_VITIS_LOOP_18_1_VITIS_LOOP_19_2_VITIS_LOOP_21_3_fu_144/ap_clk
                         FDRE                                         r  bd_0_i/hls_inst/inst/grp_baseline_gcn_Pipeline_VITIS_LOOP_18_1_VITIS_LOOP_19_2_VITIS_LOOP_21_3_fu_144/sum_1_reg_654_reg[0]/C
  -------------------------------------------------------------------    -------------------
                         FDRE (Prop_FDRE_C_Q)         0.084     0.098 r  bd_0_i/hls_inst/inst/grp_baseline_gcn_Pipeline_VITIS_LOOP_18_1_VITIS_LOOP_19_2_VITIS_LOOP_21_3_fu_144/sum_1_reg_654_reg[0]/Q
                         net (fo=1, unplaced)         0.076     0.174    bd_0_i/hls_inst/inst/gmem3_m_axi_U/store_unit_0/bus_wide_gen.buff_wdata_in/U_fifo_srl/dout_reg[15]_0[0]
                         SRLC32E                                      r  bd_0_i/hls_inst/inst/gmem3_m_axi_U/store_unit_0/bus_wide_gen.buff_wdata_in/U_fifo_srl/mem_reg[30][0]_srl31/D
  -------------------------------------------------------------------    -------------------

                         (clock ap_clk rise edge)     0.000     0.000 r  
                                                      0.000     0.000 r  ap_clk (IN)
                         net (fo=8098, unset)         0.057     0.057    bd_0_i/hls_inst/inst/gmem3_m_axi_U/store_unit_0/bus_wide_gen.buff_wdata_in/U_fifo_srl/ap_clk
                         SRLC32E                                      r  bd_0_i/hls_inst/inst/gmem3_m_axi_U/store_unit_0/bus_wide_gen.buff_wdata_in/U_fifo_srl/mem_reg[30][0]_srl31/CLK
                         clock pessimism              0.000     0.057    
                         SRLC32E (Hold_SRLC32E_CLK_D)
                                                      0.039     0.096    bd_0_i/hls_inst/inst/gmem3_m_axi_U/store_unit_0/bus_wide_gen.buff_wdata_in/U_fifo_srl/mem_reg[30][0]_srl31
  -------------------------------------------------------------------
                         required time                         -0.096    
                         arrival time                           0.174    
  -------------------------------------------------------------------
                         slack                                  0.078    





Pulse Width Checks
--------------------------------------------------------------------------------------
Clock Name:         ap_clk
Waveform(ns):       { 0.000 5.000 }
Period(ns):         10.000
Sources:            { ap_clk }

Check Type        Corner  Lib Pin             Reference Pin  Required(ns)  Actual(ns)  Slack(ns)  Location  Pin
Min Period        n/a     RAMB18E2/CLKARDCLK  n/a            1.960         10.000      8.040                bd_0_i/hls_inst/inst/gmem0_m_axi_U/load_unit_0/buff_rdata/U_fifo_mem/mem_reg/CLKARDCLK
Low Pulse Width   Slow    SRL16E/CLK          n/a            0.762         5.000       4.238                bd_0_i/hls_inst/inst/bus_read/ost_ctrl_gen[0].fifo_burst/U_fifo_srl/mem_reg[14][0]_srl15/CLK
High Pulse Width  Slow    SRL16E/CLK          n/a            0.762         5.000       4.238                bd_0_i/hls_inst/inst/bus_read/ost_ctrl_gen[0].fifo_burst/U_fifo_srl/mem_reg[14][0]_srl15/CLK



