Copyright 1986-2022 Xilinx, Inc. All Rights Reserved. Copyright 2022-2025 Advanced Micro Devices, Inc. All Rights Reserved.
---------------------------------------------------------------------------------------------------------------------------------------------
| Tool Version : Vivado v.2025.2 (lin64) Build 6299465 Fri Nov 14 12:34:56 MST 2025
| Date         : Tue Apr 14 23:20:18 2026
| Host         : nat-Yoga-Pro-9-16IAH10 running 64-bit Ubuntu 24.04.3 LTS
| Command      : report_utilization -hierarchical -hierarchical_depth 6 -file ./report/baseline_gcn_utilization_hierarchical_synth.rpt
| Design       : bd_0_wrapper
| Device       : xck26-sfvc784-2LV-c
| Speed File   : -2LV
| Design State : Synthesized
---------------------------------------------------------------------------------------------------------------------------------------------

Utilization Design Information

Table of Contents
-----------------
1. Utilization by Hierarchy

1. Utilization by Hierarchy
---------------------------

+----------------------------------------------------------------------------------------------+----------------------------------------------------------------------------------------------------+------------+------------+---------+------+------+--------+--------+------+------------+
|                                           Instance                                           |                                               Module                                               | Total LUTs | Logic LUTs | LUTRAMs | SRLs |  FFs | RAMB36 | RAMB18 | URAM | DSP Blocks |
+----------------------------------------------------------------------------------------------+----------------------------------------------------------------------------------------------------+------------+------------+---------+------+------+--------+--------+------+------------+
| bd_0_wrapper                                                                                 |                                                                                              (top) |       4930 |       4175 |       0 |  755 | 7318 |      0 |      4 |    0 |          5 |
|   bd_0_i                                                                                     |                                                                                               bd_0 |       4930 |       4175 |       0 |  755 | 7318 |      0 |      4 |    0 |          5 |
|     hls_inst                                                                                 |                                                                                    bd_0_hls_inst_0 |       4930 |       4175 |       0 |  755 | 7318 |      0 |      4 |    0 |          5 |
|       inst                                                                                   |                                                                       bd_0_hls_inst_0_baseline_gcn |       4930 |       4175 |       0 |  755 | 7318 |      0 |      4 |    0 |          5 |
|         (inst)                                                                               |                                                                       bd_0_hls_inst_0_baseline_gcn |          4 |          1 |       0 |    3 |  337 |      0 |      0 |    0 |          0 |
|         control_s_axi_U                                                                      |                                                         bd_0_hls_inst_0_baseline_gcn_control_s_axi |        337 |        337 |       0 |    0 |  362 |      0 |      0 |    0 |          0 |
|         gmem0_m_axi_U                                                                        |                                                           bd_0_hls_inst_0_baseline_gcn_gmem0_m_axi |        592 |        522 |       0 |   70 |  905 |      0 |      1 |    0 |          0 |
|           bus_read                                                                           |                                                      bd_0_hls_inst_0_baseline_gcn_gmem0_m_axi_read |        358 |        358 |       0 |    0 |  585 |      0 |      0 |    0 |          0 |
|             rreq_burst_conv                                                                  |                                           bd_0_hls_inst_0_baseline_gcn_gmem0_m_axi_burst_converter |        280 |        280 |       0 |    0 |  483 |      0 |      0 |    0 |          0 |
|             rs_rdata                                                                         |                                 bd_0_hls_inst_0_baseline_gcn_gmem0_m_axi_reg_slice__parameterized1 |         40 |         40 |       0 |    0 |   71 |      0 |      0 |    0 |          0 |
|           load_unit_0                                                                        |                                                      bd_0_hls_inst_0_baseline_gcn_gmem0_m_axi_load |        234 |        164 |       0 |   70 |  320 |      0 |      1 |    0 |          0 |
|             (load_unit_0)                                                                    |                                                      bd_0_hls_inst_0_baseline_gcn_gmem0_m_axi_load |          0 |          0 |       0 |    0 |  111 |      0 |      0 |    0 |          0 |
|             buff_rdata                                                                       |                                      bd_0_hls_inst_0_baseline_gcn_gmem0_m_axi_fifo__parameterized1 |         50 |         50 |       0 |    0 |   37 |      0 |      1 |    0 |          0 |
|             bus_wide_gen.rreq_offset                                                         |                                                      bd_0_hls_inst_0_baseline_gcn_gmem0_m_axi_fifo |         53 |         51 |       0 |    2 |   19 |      0 |      0 |    0 |          0 |
|             bus_wide_gen.rs_rdata_int                                                        |                                                 bd_0_hls_inst_0_baseline_gcn_gmem0_m_axi_reg_slice |         39 |         39 |       0 |    0 |   71 |      0 |      0 |    0 |          0 |
|             fifo_rreq                                                                        |                                      bd_0_hls_inst_0_baseline_gcn_gmem0_m_axi_fifo__parameterized0 |         92 |         24 |       0 |   68 |   82 |      0 |      0 |    0 |          0 |
|         gmem1_m_axi_U                                                                        |                                                           bd_0_hls_inst_0_baseline_gcn_gmem1_m_axi |        576 |        510 |       0 |   66 |  870 |      0 |      1 |    0 |          0 |
|           bus_read                                                                           |                                                      bd_0_hls_inst_0_baseline_gcn_gmem1_m_axi_read |        342 |        342 |       0 |    0 |  562 |      0 |      0 |    0 |          0 |
|             rreq_burst_conv                                                                  |                                           bd_0_hls_inst_0_baseline_gcn_gmem1_m_axi_burst_converter |        266 |        266 |       0 |    0 |  460 |      0 |      0 |    0 |          0 |
|             rs_rdata                                                                         |                                 bd_0_hls_inst_0_baseline_gcn_gmem1_m_axi_reg_slice__parameterized1 |         40 |         40 |       0 |    0 |   71 |      0 |      0 |    0 |          0 |
|           load_unit_0                                                                        |                                                      bd_0_hls_inst_0_baseline_gcn_gmem1_m_axi_load |        234 |        168 |       0 |   66 |  308 |      0 |      1 |    0 |          0 |
|             (load_unit_0)                                                                    |                                                      bd_0_hls_inst_0_baseline_gcn_gmem1_m_axi_load |          1 |          1 |       0 |    0 |  103 |      0 |      0 |    0 |          0 |
|             bus_wide_gen.rreq_offset                                                         |                                                      bd_0_hls_inst_0_baseline_gcn_gmem1_m_axi_fifo |         64 |         62 |       0 |    2 |   19 |      0 |      0 |    0 |          0 |
|             bus_wide_gen.rs_rdata_int                                                        |                                                 bd_0_hls_inst_0_baseline_gcn_gmem1_m_axi_reg_slice |         40 |         40 |       0 |    0 |   71 |      0 |      0 |    0 |          0 |
|             fifo_rreq                                                                        |                                      bd_0_hls_inst_0_baseline_gcn_gmem1_m_axi_fifo__parameterized0 |         81 |         17 |       0 |   64 |   78 |      0 |      0 |    0 |          0 |
|         gmem2_m_axi_U                                                                        |                                                           bd_0_hls_inst_0_baseline_gcn_gmem2_m_axi |        576 |        510 |       0 |   66 |  870 |      0 |      1 |    0 |          0 |
|           bus_read                                                                           |                                                      bd_0_hls_inst_0_baseline_gcn_gmem2_m_axi_read |        342 |        342 |       0 |    0 |  562 |      0 |      0 |    0 |          0 |
|             rreq_burst_conv                                                                  |                                           bd_0_hls_inst_0_baseline_gcn_gmem2_m_axi_burst_converter |        266 |        266 |       0 |    0 |  460 |      0 |      0 |    0 |          0 |
|             rs_rdata                                                                         |                                 bd_0_hls_inst_0_baseline_gcn_gmem2_m_axi_reg_slice__parameterized1 |         40 |         40 |       0 |    0 |   71 |      0 |      0 |    0 |          0 |
|           load_unit_0                                                                        |                                                      bd_0_hls_inst_0_baseline_gcn_gmem2_m_axi_load |        234 |        168 |       0 |   66 |  308 |      0 |      1 |    0 |          0 |
|             (load_unit_0)                                                                    |                                                      bd_0_hls_inst_0_baseline_gcn_gmem2_m_axi_load |          0 |          0 |       0 |    0 |  103 |      0 |      0 |    0 |          0 |
|             bus_wide_gen.rreq_offset                                                         |                                                      bd_0_hls_inst_0_baseline_gcn_gmem2_m_axi_fifo |         65 |         63 |       0 |    2 |   19 |      0 |      0 |    0 |          0 |
|             bus_wide_gen.rs_rdata_int                                                        |                                                 bd_0_hls_inst_0_baseline_gcn_gmem2_m_axi_reg_slice |         40 |         40 |       0 |    0 |   71 |      0 |      0 |    0 |          0 |
|             fifo_rreq                                                                        |                                      bd_0_hls_inst_0_baseline_gcn_gmem2_m_axi_fifo__parameterized0 |         81 |         17 |       0 |   64 |   78 |      0 |      0 |    0 |          0 |
|         gmem3_m_axi_U                                                                        |                                                           bd_0_hls_inst_0_baseline_gcn_gmem3_m_axi |       1588 |       1286 |       0 |  302 | 2187 |      0 |      1 |    0 |          0 |
|           bus_read                                                                           |                                                      bd_0_hls_inst_0_baseline_gcn_gmem3_m_axi_read |        359 |        358 |       0 |    1 |  585 |      0 |      0 |    0 |          0 |
|             rreq_burst_conv                                                                  |                                        bd_0_hls_inst_0_baseline_gcn_gmem3_m_axi_burst_converter_11 |        281 |        281 |       0 |    0 |  483 |      0 |      0 |    0 |          0 |
|             rs_rdata                                                                         |                                 bd_0_hls_inst_0_baseline_gcn_gmem3_m_axi_reg_slice__parameterized4 |         40 |         40 |       0 |    0 |   71 |      0 |      0 |    0 |          0 |
|           bus_write                                                                          |                                                     bd_0_hls_inst_0_baseline_gcn_gmem3_m_axi_write |        502 |        439 |       0 |   63 |  800 |      0 |      0 |    0 |          0 |
|             wreq_burst_conv                                                                  |                                           bd_0_hls_inst_0_baseline_gcn_gmem3_m_axi_burst_converter |        291 |        291 |       0 |    0 |  501 |      0 |      0 |    0 |          0 |
|             wreq_throttle                                                                    |                                                  bd_0_hls_inst_0_baseline_gcn_gmem3_m_axi_throttle |        184 |        122 |       0 |   62 |  276 |      0 |      0 |    0 |          0 |
|           load_unit_0                                                                        |                                                      bd_0_hls_inst_0_baseline_gcn_gmem3_m_axi_load |        235 |        164 |       0 |   71 |  321 |      0 |      1 |    0 |          0 |
|             (load_unit_0)                                                                    |                                                      bd_0_hls_inst_0_baseline_gcn_gmem3_m_axi_load |          0 |          0 |       0 |    0 |  111 |      0 |      0 |    0 |          0 |
|             buff_rdata                                                                       |                                      bd_0_hls_inst_0_baseline_gcn_gmem3_m_axi_fifo__parameterized7 |         50 |         50 |       0 |    0 |   37 |      0 |      1 |    0 |          0 |
|             bus_wide_gen.rreq_offset                                                         |                                      bd_0_hls_inst_0_baseline_gcn_gmem3_m_axi_fifo__parameterized6 |         52 |         50 |       0 |    2 |   19 |      0 |      0 |    0 |          0 |
|             bus_wide_gen.rs_rdata_int                                                        |                                                 bd_0_hls_inst_0_baseline_gcn_gmem3_m_axi_reg_slice |         39 |         39 |       0 |    0 |   71 |      0 |      0 |    0 |          0 |
|             fifo_rreq                                                                        |                                    bd_0_hls_inst_0_baseline_gcn_gmem3_m_axi_fifo__parameterized2_5 |         94 |         25 |       0 |   69 |   83 |      0 |      0 |    0 |          0 |
|           store_unit_0                                                                       |                                                     bd_0_hls_inst_0_baseline_gcn_gmem3_m_axi_store |        492 |        325 |       0 |  167 |  481 |      0 |      0 |    0 |          0 |
|             (store_unit_0)                                                                   |                                                     bd_0_hls_inst_0_baseline_gcn_gmem3_m_axi_store |         54 |         54 |       0 |    0 |  201 |      0 |      0 |    0 |          0 |
|             buff_wdata                                                                       |                                      bd_0_hls_inst_0_baseline_gcn_gmem3_m_axi_fifo__parameterized3 |         69 |         33 |       0 |   36 |   53 |      0 |      0 |    0 |          0 |
|             bus_wide_gen.wreq_offset                                                         |                                      bd_0_hls_inst_0_baseline_gcn_gmem3_m_axi_fifo__parameterized0 |         60 |         28 |       0 |   32 |   49 |      0 |      0 |    0 |          0 |
|             fifo_wreq                                                                        |                                      bd_0_hls_inst_0_baseline_gcn_gmem3_m_axi_fifo__parameterized2 |        181 |        105 |       0 |   76 |   90 |      0 |      0 |    0 |          0 |
|         gmem4_m_axi_U                                                                        |                                                           bd_0_hls_inst_0_baseline_gcn_gmem4_m_axi |        889 |        667 |       0 |  222 | 1235 |      0 |      0 |    0 |          0 |
|           bus_write                                                                          |                                                     bd_0_hls_inst_0_baseline_gcn_gmem4_m_axi_write |        486 |        423 |       0 |   63 |  776 |      0 |      0 |    0 |          0 |
|             wreq_burst_conv                                                                  |                                           bd_0_hls_inst_0_baseline_gcn_gmem4_m_axi_burst_converter |        275 |        275 |       0 |    0 |  477 |      0 |      0 |    0 |          0 |
|             wreq_throttle                                                                    |                                                  bd_0_hls_inst_0_baseline_gcn_gmem4_m_axi_throttle |        184 |        122 |       0 |   62 |  276 |      0 |      0 |    0 |          0 |
|           store_unit_0                                                                       |                                                     bd_0_hls_inst_0_baseline_gcn_gmem4_m_axi_store |        403 |        244 |       0 |  159 |  459 |      0 |      0 |    0 |          0 |
|             (store_unit_0)                                                                   |                                                     bd_0_hls_inst_0_baseline_gcn_gmem4_m_axi_store |         55 |         55 |       0 |    0 |  192 |      0 |      0 |    0 |          0 |
|             buff_wdata                                                                       |                                      bd_0_hls_inst_0_baseline_gcn_gmem4_m_axi_fifo__parameterized3 |         69 |         33 |       0 |   36 |   53 |      0 |      0 |    0 |          0 |
|             bus_wide_gen.wreq_offset                                                         |                                      bd_0_hls_inst_0_baseline_gcn_gmem4_m_axi_fifo__parameterized0 |         60 |         28 |       0 |   32 |   49 |      0 |      0 |    0 |          0 |
|             fifo_wreq                                                                        |                                      bd_0_hls_inst_0_baseline_gcn_gmem4_m_axi_fifo__parameterized2 |         91 |         23 |       0 |   68 |   79 |      0 |      0 |    0 |          0 |
|         grp_baseline_gcn_Pipeline_VITIS_LOOP_18_1_VITIS_LOOP_19_2_VITIS_LOOP_21_3_fu_144     | bd_0_hls_inst_0_baseline_gcn_baseline_gcn_Pipeline_VITIS_LOOP_18_1_VITIS_LOOP_19_2_VITIS_LOOP_21_3 |        199 |        178 |       0 |   21 |  296 |      0 |      0 |    0 |          3 |
|           (grp_baseline_gcn_Pipeline_VITIS_LOOP_18_1_VITIS_LOOP_19_2_VITIS_LOOP_21_3_fu_144) | bd_0_hls_inst_0_baseline_gcn_baseline_gcn_Pipeline_VITIS_LOOP_18_1_VITIS_LOOP_19_2_VITIS_LOOP_21_3 |        126 |        105 |       0 |   21 |  294 |      0 |      0 |    0 |          0 |
|         grp_baseline_gcn_Pipeline_VITIS_LOOP_27_4_VITIS_LOOP_28_5_VITIS_LOOP_30_6_fu_157     | bd_0_hls_inst_0_baseline_gcn_baseline_gcn_Pipeline_VITIS_LOOP_27_4_VITIS_LOOP_28_5_VITIS_LOOP_30_6 |        169 |        164 |       0 |    5 |  256 |      0 |      0 |    0 |          2 |
|           (grp_baseline_gcn_Pipeline_VITIS_LOOP_27_4_VITIS_LOOP_28_5_VITIS_LOOP_30_6_fu_157) | bd_0_hls_inst_0_baseline_gcn_baseline_gcn_Pipeline_VITIS_LOOP_27_4_VITIS_LOOP_28_5_VITIS_LOOP_30_6 |        114 |        109 |       0 |    5 |  254 |      0 |      0 |    0 |          0 |
+----------------------------------------------------------------------------------------------+----------------------------------------------------------------------------------------------------+------------+------------+---------+------+------+--------+--------+------+------------+


