Copyright 1986-2022 Xilinx, Inc. All Rights Reserved. Copyright 2022-2025 Advanced Micro Devices, Inc. All Rights Reserved.
--------------------------------------------------------------------------------------------------------------------------------------------------
| Tool Version      : Vivado v.2025.2 (lin64) Build 6299465 Fri Nov 14 12:34:56 MST 2025
| Date              : Tue Apr 14 23:21:53 2026
| Host              : nat-Yoga-Pro-9-16IAH10 running 64-bit Ubuntu 24.04.3 LTS
| Command           : report_timing_summary -file ./report/baseline_gcn_timing_routed.rpt
| Design            : bd_0_wrapper
| Device            : xck26-sfvc784
| Speed File        : -2LV  PRODUCTION 1.30 05-15-2022
| Design State      : Routed
| Temperature Grade : C
--------------------------------------------------------------------------------------------------------------------------------------------------

Timing Summary Report

------------------------------------------------------------------------------------------------
| Timer Settings
| --------------
------------------------------------------------------------------------------------------------

  Enable Multi Corner Analysis               :  Yes
  Enable Pessimism Removal                   :  Yes
  Pessimism Removal Resolution               :  Nearest Common Node
  Enable Input Delay Default Clock           :  No
  Enable Preset / Clear Arcs                 :  No
  Disable Flight Delays                      :  No
  Ignore I/O Paths                           :  No
  Timing Early Launch at Borrowing Latches   :  No
  Borrow Time for Max Delay Exceptions       :  Yes
  Merge Timing Exceptions                    :  Yes
  Inter-SLR Compensation                     :  Conservative

  Corner  Analyze    Analyze    
  Name    Max Paths  Min Paths  
  ------  ---------  ---------  
  Slow    Yes        Yes        
  Fast    Yes        Yes        


------------------------------------------------------------------------------------------------
| Report Methodology
| ------------------
------------------------------------------------------------------------------------------------

Rule       Severity  Description                    Violations  
---------  --------  -----------------------------  ----------  
TIMING-18  Warning   Missing input or output delay  763         

Note: This report is based on the most recent report_methodology run and may not be up-to-date. Run report_methodology on the current design for the latest report.



check_timing report

Table of Contents
-----------------
1. checking no_clock (0)
2. checking constant_clock (0)
3. checking pulse_width_clock (0)
4. checking unconstrained_internal_endpoints (0)
5. checking no_input_delay (201)
6. checking no_output_delay (524)
7. checking multiple_clock (0)
8. checking generated_clocks (0)
9. checking loops (0)
10. checking partial_input_delay (0)
11. checking partial_output_delay (0)
12. checking latch_loops (0)

1. checking no_clock (0)
------------------------
 There are 0 register/latch pins with no clock.


2. checking constant_clock (0)
------------------------------
 There are 0 register/latch pins with constant_clock.


3. checking pulse_width_clock (0)
---------------------------------
 There are 0 register/latch pins which need pulse_width check


4. checking unconstrained_internal_endpoints (0)
------------------------------------------------
 There are 0 pins that are not constrained for maximum delay.

 There are 0 pins that are not constrained for maximum delay due to constant clock.


5. checking no_input_delay (201)
--------------------------------
 There are 201 input ports with no input delay specified. (HIGH)

 There are 0 input ports with no input delay but user has a false path constraint.


6. checking no_output_delay (524)
---------------------------------
 There are 524 ports with no output delay specified. (HIGH)

 There are 0 ports with no output delay but user has a false path constraint

 There are 0 ports with no output delay but with a timing clock defined on it or propagating through it


7. checking multiple_clock (0)
------------------------------
 There are 0 register/latch pins with multiple clocks.


8. checking generated_clocks (0)
--------------------------------
 There are 0 generated clocks that are not connected to a clock source.


9. checking loops (0)
---------------------
 There are 0 combinational loops in the design.


10. checking partial_input_delay (0)
------------------------------------
 There are 0 input ports with partial input delay specified.


11. checking partial_output_delay (0)
-------------------------------------
 There are 0 ports with partial output delay specified.


12. checking latch_loops (0)
----------------------------
 There are 0 combinational latch loops in the design through latch input



------------------------------------------------------------------------------------------------
| Design Timing Summary
| ---------------------
------------------------------------------------------------------------------------------------

    WNS(ns)      TNS(ns)  TNS Failing Endpoints  TNS Total Endpoints      WHS(ns)      THS(ns)  THS Failing Endpoints  THS Total Endpoints     WPWS(ns)     TPWS(ns)  TPWS Failing Endpoints  TPWS Total Endpoints  
    -------      -------  ---------------------  -------------------      -------      -------  ---------------------  -------------------     --------     --------  ----------------------  --------------------  
      4.345        0.000                      0                16887        0.047        0.000                      0                16887        4.238        0.000                       0                  8086  


All user specified timing constraints are met.


------------------------------------------------------------------------------------------------
| Clock Summary
| -------------
------------------------------------------------------------------------------------------------

Clock   Waveform(ns)       Period(ns)      Frequency(MHz)
-----   ------------       ----------      --------------
ap_clk  {0.000 5.000}      10.000          100.000         


------------------------------------------------------------------------------------------------
| Intra Clock Table
| -----------------
------------------------------------------------------------------------------------------------

Clock             WNS(ns)      TNS(ns)  TNS Failing Endpoints  TNS Total Endpoints      WHS(ns)      THS(ns)  THS Failing Endpoints  THS Total Endpoints     WPWS(ns)     TPWS(ns)  TPWS Failing Endpoints  TPWS Total Endpoints  
-----             -------      -------  ---------------------  -------------------      -------      -------  ---------------------  -------------------     --------     --------  ----------------------  --------------------  
ap_clk              4.345        0.000                      0                16887        0.047        0.000                      0                16887        4.238        0.000                       0                  8086  


------------------------------------------------------------------------------------------------
| Inter Clock Table
| -----------------
------------------------------------------------------------------------------------------------

From Clock    To Clock          WNS(ns)      TNS(ns)  TNS Failing Endpoints  TNS Total Endpoints      WHS(ns)      THS(ns)  THS Failing Endpoints  THS Total Endpoints  
----------    --------          -------      -------  ---------------------  -------------------      -------      -------  ---------------------  -------------------  


------------------------------------------------------------------------------------------------
| Other Path Groups Table
| -----------------------
------------------------------------------------------------------------------------------------

Path Group    From Clock    To Clock          WNS(ns)      TNS(ns)  TNS Failing Endpoints  TNS Total Endpoints      WHS(ns)      THS(ns)  THS Failing Endpoints  THS Total Endpoints  
----------    ----------    --------          -------      -------  ---------------------  -------------------      -------      -------  ---------------------  -------------------  


------------------------------------------------------------------------------------------------
| Timing Details
| --------------
------------------------------------------------------------------------------------------------


---------------------------------------------------------------------------------------------------
From Clock:  ap_clk
  To Clock:  ap_clk

Setup :            0  Failing Endpoints,  Worst Slack        4.345ns,  Total Violation        0.000ns
Hold  :            0  Failing Endpoints,  Worst Slack        0.047ns,  Total Violation        0.000ns
PW    :            0  Failing Endpoints,  Worst Slack        4.238ns,  Total Violation        0.000ns
---------------------------------------------------------------------------------------------------


Max Delay Paths
--------------------------------------------------------------------------------------
Slack (MET) :             4.345ns  (required time - arrival time)
  Source:                 bd_0_i/hls_inst/inst/grp_baseline_gcn_Pipeline_VITIS_LOOP_18_1_VITIS_LOOP_19_2_VITIS_LOOP_21_3_fu_144/indvar_flatten_fu_126_reg[12]/C
                            (rising edge-triggered cell FDRE clocked by ap_clk  {rise@0.000ns fall@5.000ns period=10.000ns})
  Destination:            bd_0_i/hls_inst/inst/grp_baseline_gcn_Pipeline_VITIS_LOOP_18_1_VITIS_LOOP_19_2_VITIS_LOOP_21_3_fu_144/gmem0_addr_reg_603_reg[62]/D
                            (rising edge-triggered cell FDRE clocked by ap_clk  {rise@0.000ns fall@5.000ns period=10.000ns})
  Path Group:             ap_clk
  Path Type:              Setup (Max at Slow Process Corner)
  Requirement:            10.000ns  (ap_clk rise@10.000ns - ap_clk rise@0.000ns)
  Data Path Delay:        5.651ns  (logic 3.470ns (61.408%)  route 2.181ns (38.592%))
  Logic Levels:           18  (CARRY8=7 DSP_A_B_DATA=1 DSP_ALU=1 DSP_M_DATA=1 DSP_MULTIPLIER=1 DSP_OUTPUT=1 DSP_PREADD_DATA=1 LUT2=1 LUT4=1 LUT5=1 LUT6=2)
  Clock Path Skew:        -0.013ns (DCD - SCD + CPR)
    Destination Clock Delay (DCD):    0.029ns = ( 10.029 - 10.000 ) 
    Source Clock Delay      (SCD):    0.042ns
    Clock Pessimism Removal (CPR):    0.000ns
  Clock Uncertainty:      0.035ns  ((TSJ^2 + TIJ^2)^1/2 + DJ) / 2 + PE
    Total System Jitter     (TSJ):    0.071ns
    Total Input Jitter      (TIJ):    0.000ns
    Discrete Jitter          (DJ):    0.000ns
    Phase Error              (PE):    0.000ns

    Location             Delay type                Incr(ns)  Path(ns)    Netlist Resource(s)
  -------------------------------------------------------------------    -------------------
                         (clock ap_clk rise edge)     0.000     0.000 r  
                                                      0.000     0.000 r  ap_clk (IN)
                         net (fo=8098, unset)         0.042     0.042    bd_0_i/hls_inst/inst/grp_baseline_gcn_Pipeline_VITIS_LOOP_18_1_VITIS_LOOP_19_2_VITIS_LOOP_21_3_fu_144/ap_clk
    SLICE_X46Y122        FDRE                                         r  bd_0_i/hls_inst/inst/grp_baseline_gcn_Pipeline_VITIS_LOOP_18_1_VITIS_LOOP_19_2_VITIS_LOOP_21_3_fu_144/indvar_flatten_fu_126_reg[12]/C
  -------------------------------------------------------------------    -------------------
    SLICE_X46Y122        FDRE (Prop_EFF_SLICEL_C_Q)
                                                      0.114     0.156 f  bd_0_i/hls_inst/inst/grp_baseline_gcn_Pipeline_VITIS_LOOP_18_1_VITIS_LOOP_19_2_VITIS_LOOP_21_3_fu_144/indvar_flatten_fu_126_reg[12]/Q
                         net (fo=2, routed)           0.182     0.338    bd_0_i/hls_inst/inst/grp_baseline_gcn_Pipeline_VITIS_LOOP_18_1_VITIS_LOOP_19_2_VITIS_LOOP_21_3_fu_144/mul_12ns_14ns_25_1_1_U1/indvar_flatten_fu_126_reg[12]
    SLICE_X45Y123        LUT4 (Prop_D6LUT_SLICEM_I0_O)
                                                      0.151     0.489 r  bd_0_i/hls_inst/inst/grp_baseline_gcn_Pipeline_VITIS_LOOP_18_1_VITIS_LOOP_19_2_VITIS_LOOP_21_3_fu_144/mul_12ns_14ns_25_1_1_U1/icmp_ln19_reg_584[0]_i_2/O
                         net (fo=1, routed)           0.307     0.796    bd_0_i/hls_inst/inst/grp_baseline_gcn_Pipeline_VITIS_LOOP_18_1_VITIS_LOOP_19_2_VITIS_LOOP_21_3_fu_144/mul_12ns_14ns_25_1_1_U1/icmp_ln19_reg_584[0]_i_2_n_0
    SLICE_X45Y123        LUT6 (Prop_H6LUT_SLICEM_I0_O)
                                                      0.189     0.985 f  bd_0_i/hls_inst/inst/grp_baseline_gcn_Pipeline_VITIS_LOOP_18_1_VITIS_LOOP_19_2_VITIS_LOOP_21_3_fu_144/mul_12ns_14ns_25_1_1_U1/icmp_ln19_reg_584[0]_i_1/O
                         net (fo=25, routed)          0.558     1.543    bd_0_i/hls_inst/inst/grp_baseline_gcn_Pipeline_VITIS_LOOP_18_1_VITIS_LOOP_19_2_VITIS_LOOP_21_3_fu_144/mul_12ns_14ns_25_1_1_U1/icmp_ln19_fu_246_p2[0]
    SLICE_X52Y116        LUT6 (Prop_H6LUT_SLICEL_I3_O)
                                                      0.083     1.626 r  bd_0_i/hls_inst/inst/grp_baseline_gcn_Pipeline_VITIS_LOOP_18_1_VITIS_LOOP_19_2_VITIS_LOOP_21_3_fu_144/mul_12ns_14ns_25_1_1_U1/tmp_product_i_14/O
                         net (fo=6, routed)           0.260     1.886    bd_0_i/hls_inst/inst/grp_baseline_gcn_Pipeline_VITIS_LOOP_18_1_VITIS_LOOP_19_2_VITIS_LOOP_21_3_fu_144/mul_12ns_14ns_25_1_1_U1/tmp_product_i_14_n_0
    SLICE_X52Y119        LUT5 (Prop_B5LUT_SLICEL_I1_O)
                                                      0.097     1.983 f  bd_0_i/hls_inst/inst/grp_baseline_gcn_Pipeline_VITIS_LOOP_18_1_VITIS_LOOP_19_2_VITIS_LOOP_21_3_fu_144/mul_12ns_14ns_25_1_1_U1/tmp_product_i_4/O
                         net (fo=2, routed)           0.450     2.433    bd_0_i/hls_inst/inst/grp_baseline_gcn_Pipeline_VITIS_LOOP_18_1_VITIS_LOOP_19_2_VITIS_LOOP_21_3_fu_144/mul_12ns_14ns_25_1_1_U1/tmp_product/A[8]
    DSP48E2_X12Y48       DSP_A_B_DATA (Prop_DSP_A_B_DATA_DSP48E2_A[8]_A2_DATA[8])
                                                      0.258     2.691 r  bd_0_i/hls_inst/inst/grp_baseline_gcn_Pipeline_VITIS_LOOP_18_1_VITIS_LOOP_19_2_VITIS_LOOP_21_3_fu_144/mul_12ns_14ns_25_1_1_U1/tmp_product/DSP_A_B_DATA_INST/A2_DATA[8]
                         net (fo=1, routed)           0.000     2.691    bd_0_i/hls_inst/inst/grp_baseline_gcn_Pipeline_VITIS_LOOP_18_1_VITIS_LOOP_19_2_VITIS_LOOP_21_3_fu_144/mul_12ns_14ns_25_1_1_U1/tmp_product/DSP_A_B_DATA.A2_DATA<8>
    DSP48E2_X12Y48       DSP_PREADD_DATA (Prop_DSP_PREADD_DATA_DSP48E2_A2_DATA[8]_A2A1[8])
                                                      0.114     2.805 r  bd_0_i/hls_inst/inst/grp_baseline_gcn_Pipeline_VITIS_LOOP_18_1_VITIS_LOOP_19_2_VITIS_LOOP_21_3_fu_144/mul_12ns_14ns_25_1_1_U1/tmp_product/DSP_PREADD_DATA_INST/A2A1[8]
                         net (fo=1, routed)           0.000     2.805    bd_0_i/hls_inst/inst/grp_baseline_gcn_Pipeline_VITIS_LOOP_18_1_VITIS_LOOP_19_2_VITIS_LOOP_21_3_fu_144/mul_12ns_14ns_25_1_1_U1/tmp_product/DSP_PREADD_DATA.A2A1<8>
    DSP48E2_X12Y48       DSP_MULTIPLIER (Prop_DSP_MULTIPLIER_DSP48E2_A2A1[8]_V[8])
                                                      0.699     3.504 f  bd_0_i/hls_inst/inst/grp_baseline_gcn_Pipeline_VITIS_LOOP_18_1_VITIS_LOOP_19_2_VITIS_LOOP_21_3_fu_144/mul_12ns_14ns_25_1_1_U1/tmp_product/DSP_MULTIPLIER_INST/V[8]
                         net (fo=1, routed)           0.000     3.504    bd_0_i/hls_inst/inst/grp_baseline_gcn_Pipeline_VITIS_LOOP_18_1_VITIS_LOOP_19_2_VITIS_LOOP_21_3_fu_144/mul_12ns_14ns_25_1_1_U1/tmp_product/DSP_MULTIPLIER.V<8>
    DSP48E2_X12Y48       DSP_M_DATA (Prop_DSP_M_DATA_DSP48E2_V[8]_V_DATA[8])
                                                      0.065     3.569 r  bd_0_i/hls_inst/inst/grp_baseline_gcn_Pipeline_VITIS_LOOP_18_1_VITIS_LOOP_19_2_VITIS_LOOP_21_3_fu_144/mul_12ns_14ns_25_1_1_U1/tmp_product/DSP_M_DATA_INST/V_DATA[8]
                         net (fo=1, routed)           0.000     3.569    bd_0_i/hls_inst/inst/grp_baseline_gcn_Pipeline_VITIS_LOOP_18_1_VITIS_LOOP_19_2_VITIS_LOOP_21_3_fu_144/mul_12ns_14ns_25_1_1_U1/tmp_product/DSP_M_DATA.V_DATA<8>
    DSP48E2_X12Y48       DSP_ALU (Prop_DSP_ALU_DSP48E2_V_DATA[8]_ALU_OUT[8])
                                                      0.722     4.291 f  bd_0_i/hls_inst/inst/grp_baseline_gcn_Pipeline_VITIS_LOOP_18_1_VITIS_LOOP_19_2_VITIS_LOOP_21_3_fu_144/mul_12ns_14ns_25_1_1_U1/tmp_product/DSP_ALU_INST/ALU_OUT[8]
                         net (fo=1, routed)           0.000     4.291    bd_0_i/hls_inst/inst/grp_baseline_gcn_Pipeline_VITIS_LOOP_18_1_VITIS_LOOP_19_2_VITIS_LOOP_21_3_fu_144/mul_12ns_14ns_25_1_1_U1/tmp_product/DSP_ALU.ALU_OUT<8>
    DSP48E2_X12Y48       DSP_OUTPUT (Prop_DSP_OUTPUT_DSP48E2_ALU_OUT[8]_P[8])
                                                      0.146     4.437 r  bd_0_i/hls_inst/inst/grp_baseline_gcn_Pipeline_VITIS_LOOP_18_1_VITIS_LOOP_19_2_VITIS_LOOP_21_3_fu_144/mul_12ns_14ns_25_1_1_U1/tmp_product/DSP_OUTPUT_INST/P[8]
                         net (fo=2, routed)           0.195     4.633    bd_0_i/hls_inst/inst/grp_baseline_gcn_Pipeline_VITIS_LOOP_18_1_VITIS_LOOP_19_2_VITIS_LOOP_21_3_fu_144/mul_12ns_14ns_25_1_1_U1_n_16
    SLICE_X52Y121        LUT2 (Prop_A6LUT_SLICEL_I0_O)
                                                      0.058     4.691 r  bd_0_i/hls_inst/inst/grp_baseline_gcn_Pipeline_VITIS_LOOP_18_1_VITIS_LOOP_19_2_VITIS_LOOP_21_3_fu_144/gmem0_addr_reg_603[14]_i_9/O
                         net (fo=1, routed)           0.014     4.705    bd_0_i/hls_inst/inst/grp_baseline_gcn_Pipeline_VITIS_LOOP_18_1_VITIS_LOOP_19_2_VITIS_LOOP_21_3_fu_144/gmem0_addr_reg_603[14]_i_9_n_0
    SLICE_X52Y121        CARRY8 (Prop_CARRY8_SLICEL_S[0]_CO[7])
                                                      0.278     4.983 r  bd_0_i/hls_inst/inst/grp_baseline_gcn_Pipeline_VITIS_LOOP_18_1_VITIS_LOOP_19_2_VITIS_LOOP_21_3_fu_144/gmem0_addr_reg_603_reg[14]_i_1/CO[7]
                         net (fo=1, routed)           0.030     5.013    bd_0_i/hls_inst/inst/grp_baseline_gcn_Pipeline_VITIS_LOOP_18_1_VITIS_LOOP_19_2_VITIS_LOOP_21_3_fu_144/gmem0_addr_reg_603_reg[14]_i_1_n_0
    SLICE_X52Y122        CARRY8 (Prop_CARRY8_SLICEL_CI_CO[7])
                                                      0.065     5.078 r  bd_0_i/hls_inst/inst/grp_baseline_gcn_Pipeline_VITIS_LOOP_18_1_VITIS_LOOP_19_2_VITIS_LOOP_21_3_fu_144/gmem0_addr_reg_603_reg[22]_i_1/CO[7]
                         net (fo=1, routed)           0.030     5.108    bd_0_i/hls_inst/inst/grp_baseline_gcn_Pipeline_VITIS_LOOP_18_1_VITIS_LOOP_19_2_VITIS_LOOP_21_3_fu_144/gmem0_addr_reg_603_reg[22]_i_1_n_0
    SLICE_X52Y123        CARRY8 (Prop_CARRY8_SLICEL_CI_CO[7])
                                                      0.065     5.173 r  bd_0_i/hls_inst/inst/grp_baseline_gcn_Pipeline_VITIS_LOOP_18_1_VITIS_LOOP_19_2_VITIS_LOOP_21_3_fu_144/gmem0_addr_reg_603_reg[30]_i_1/CO[7]
                         net (fo=1, routed)           0.030     5.203    bd_0_i/hls_inst/inst/grp_baseline_gcn_Pipeline_VITIS_LOOP_18_1_VITIS_LOOP_19_2_VITIS_LOOP_21_3_fu_144/gmem0_addr_reg_603_reg[30]_i_1_n_0
    SLICE_X52Y124        CARRY8 (Prop_CARRY8_SLICEL_CI_CO[7])
                                                      0.065     5.268 r  bd_0_i/hls_inst/inst/grp_baseline_gcn_Pipeline_VITIS_LOOP_18_1_VITIS_LOOP_19_2_VITIS_LOOP_21_3_fu_144/gmem0_addr_reg_603_reg[38]_i_1/CO[7]
                         net (fo=1, routed)           0.030     5.298    bd_0_i/hls_inst/inst/grp_baseline_gcn_Pipeline_VITIS_LOOP_18_1_VITIS_LOOP_19_2_VITIS_LOOP_21_3_fu_144/gmem0_addr_reg_603_reg[38]_i_1_n_0
    SLICE_X52Y125        CARRY8 (Prop_CARRY8_SLICEL_CI_CO[7])
                                                      0.065     5.363 r  bd_0_i/hls_inst/inst/grp_baseline_gcn_Pipeline_VITIS_LOOP_18_1_VITIS_LOOP_19_2_VITIS_LOOP_21_3_fu_144/gmem0_addr_reg_603_reg[46]_i_1/CO[7]
                         net (fo=1, routed)           0.030     5.393    bd_0_i/hls_inst/inst/grp_baseline_gcn_Pipeline_VITIS_LOOP_18_1_VITIS_LOOP_19_2_VITIS_LOOP_21_3_fu_144/gmem0_addr_reg_603_reg[46]_i_1_n_0
    SLICE_X52Y126        CARRY8 (Prop_CARRY8_SLICEL_CI_CO[7])
                                                      0.065     5.458 r  bd_0_i/hls_inst/inst/grp_baseline_gcn_Pipeline_VITIS_LOOP_18_1_VITIS_LOOP_19_2_VITIS_LOOP_21_3_fu_144/gmem0_addr_reg_603_reg[54]_i_1/CO[7]
                         net (fo=1, routed)           0.030     5.488    bd_0_i/hls_inst/inst/grp_baseline_gcn_Pipeline_VITIS_LOOP_18_1_VITIS_LOOP_19_2_VITIS_LOOP_21_3_fu_144/gmem0_addr_reg_603_reg[54]_i_1_n_0
    SLICE_X52Y127        CARRY8 (Prop_CARRY8_SLICEL_CI_O[7])
                                                      0.171     5.659 r  bd_0_i/hls_inst/inst/grp_baseline_gcn_Pipeline_VITIS_LOOP_18_1_VITIS_LOOP_19_2_VITIS_LOOP_21_3_fu_144/gmem0_addr_reg_603_reg[62]_i_1/O[7]
                         net (fo=1, routed)           0.034     5.693    bd_0_i/hls_inst/inst/grp_baseline_gcn_Pipeline_VITIS_LOOP_18_1_VITIS_LOOP_19_2_VITIS_LOOP_21_3_fu_144/add_ln22_fu_318_p2[63]
    SLICE_X52Y127        FDRE                                         r  bd_0_i/hls_inst/inst/grp_baseline_gcn_Pipeline_VITIS_LOOP_18_1_VITIS_LOOP_19_2_VITIS_LOOP_21_3_fu_144/gmem0_addr_reg_603_reg[62]/D
  -------------------------------------------------------------------    -------------------

                         (clock ap_clk rise edge)    10.000    10.000 r  
                                                      0.000    10.000 r  ap_clk (IN)
                         net (fo=8098, unset)         0.029    10.029    bd_0_i/hls_inst/inst/grp_baseline_gcn_Pipeline_VITIS_LOOP_18_1_VITIS_LOOP_19_2_VITIS_LOOP_21_3_fu_144/ap_clk
    SLICE_X52Y127        FDRE                                         r  bd_0_i/hls_inst/inst/grp_baseline_gcn_Pipeline_VITIS_LOOP_18_1_VITIS_LOOP_19_2_VITIS_LOOP_21_3_fu_144/gmem0_addr_reg_603_reg[62]/C
                         clock pessimism              0.000    10.029    
                         clock uncertainty           -0.035     9.994    
    SLICE_X52Y127        FDRE (Setup_HFF_SLICEL_C_D)
                                                      0.044    10.038    bd_0_i/hls_inst/inst/grp_baseline_gcn_Pipeline_VITIS_LOOP_18_1_VITIS_LOOP_19_2_VITIS_LOOP_21_3_fu_144/gmem0_addr_reg_603_reg[62]
  -------------------------------------------------------------------
                         required time                         10.038    
                         arrival time                          -5.693    
  -------------------------------------------------------------------
                         slack                                  4.345    





Min Delay Paths
--------------------------------------------------------------------------------------
Slack (MET) :             0.047ns  (arrival time - required time)
  Source:                 bd_0_i/hls_inst/inst/grp_baseline_gcn_Pipeline_VITIS_LOOP_27_4_VITIS_LOOP_28_5_VITIS_LOOP_30_6_fu_157/sum_1_reg_628_reg[10]/C
                            (rising edge-triggered cell FDRE clocked by ap_clk  {rise@0.000ns fall@5.000ns period=10.000ns})
  Destination:            bd_0_i/hls_inst/inst/gmem4_m_axi_U/store_unit_0/bus_wide_gen.buff_wdata_in/U_fifo_srl/mem_reg[30][10]_srl31/D
                            (rising edge-triggered cell SRLC32E clocked by ap_clk  {rise@0.000ns fall@5.000ns period=10.000ns})
  Path Group:             ap_clk
  Path Type:              Hold (Min at Fast Process Corner)
  Requirement:            0.000ns  (ap_clk rise@0.000ns - ap_clk rise@0.000ns)
  Data Path Delay:        0.147ns  (logic 0.082ns (55.782%)  route 0.065ns (44.218%))
  Logic Levels:           0  
  Clock Path Skew:        0.043ns (DCD - SCD - CPR)
    Destination Clock Delay (DCD):    0.057ns
    Source Clock Delay      (SCD):    0.014ns
    Clock Pessimism Removal (CPR):    -0.000ns

    Location             Delay type                Incr(ns)  Path(ns)    Netlist Resource(s)
  -------------------------------------------------------------------    -------------------
                         (clock ap_clk rise edge)     0.000     0.000 r  
                                                      0.000     0.000 r  ap_clk (IN)
                         net (fo=8098, unset)         0.014     0.014    bd_0_i/hls_inst/inst/grp_baseline_gcn_Pipeline_VITIS_LOOP_27_4_VITIS_LOOP_28_5_VITIS_LOOP_30_6_fu_157/ap_clk
    SLICE_X35Y97         FDRE                                         r  bd_0_i/hls_inst/inst/grp_baseline_gcn_Pipeline_VITIS_LOOP_27_4_VITIS_LOOP_28_5_VITIS_LOOP_30_6_fu_157/sum_1_reg_628_reg[10]/C
  -------------------------------------------------------------------    -------------------
    SLICE_X35Y97         FDRE (Prop_EFF_SLICEM_C_Q)
                                                      0.082     0.096 r  bd_0_i/hls_inst/inst/grp_baseline_gcn_Pipeline_VITIS_LOOP_27_4_VITIS_LOOP_28_5_VITIS_LOOP_30_6_fu_157/sum_1_reg_628_reg[10]/Q
                         net (fo=1, routed)           0.065     0.161    bd_0_i/hls_inst/inst/gmem4_m_axi_U/store_unit_0/bus_wide_gen.buff_wdata_in/U_fifo_srl/dout_reg[15]_0[10]
    SLICE_X37Y97         SRLC32E                                      r  bd_0_i/hls_inst/inst/gmem4_m_axi_U/store_unit_0/bus_wide_gen.buff_wdata_in/U_fifo_srl/mem_reg[30][10]_srl31/D
  -------------------------------------------------------------------    -------------------

                         (clock ap_clk rise edge)     0.000     0.000 r  
                                                      0.000     0.000 r  ap_clk (IN)
                         net (fo=8098, unset)         0.057     0.057    bd_0_i/hls_inst/inst/gmem4_m_axi_U/store_unit_0/bus_wide_gen.buff_wdata_in/U_fifo_srl/ap_clk
    SLICE_X37Y97         SRLC32E                                      r  bd_0_i/hls_inst/inst/gmem4_m_axi_U/store_unit_0/bus_wide_gen.buff_wdata_in/U_fifo_srl/mem_reg[30][10]_srl31/CLK
                         clock pessimism              0.000     0.057    
    SLICE_X37Y97         SRLC32E (Hold_H6LUT_SLICEM_CLK_D)
                                                      0.057     0.114    bd_0_i/hls_inst/inst/gmem4_m_axi_U/store_unit_0/bus_wide_gen.buff_wdata_in/U_fifo_srl/mem_reg[30][10]_srl31
  -------------------------------------------------------------------
                         required time                         -0.114    
                         arrival time                           0.161    
  -------------------------------------------------------------------
                         slack                                  0.047    





Pulse Width Checks
--------------------------------------------------------------------------------------
Clock Name:         ap_clk
Waveform(ns):       { 0.000 5.000 }
Period(ns):         10.000
Sources:            { ap_clk }

Check Type        Corner  Lib Pin             Reference Pin  Required(ns)  Actual(ns)  Slack(ns)  Location      Pin
Min Period        n/a     RAMB18E2/CLKARDCLK  n/a            1.960         10.000      8.040      RAMB18_X1Y24  bd_0_i/hls_inst/inst/gmem0_m_axi_U/load_unit_0/buff_rdata/U_fifo_mem/mem_reg/CLKARDCLK
Low Pulse Width   Slow    SRL16E/CLK          n/a            0.762         5.000       4.238      SLICE_X45Y66  bd_0_i/hls_inst/inst/bus_read/ost_ctrl_gen[0].fifo_burst/U_fifo_srl/mem_reg[14][0]_srl15/CLK
High Pulse Width  Slow    SRL16E/CLK          n/a            0.762         5.000       4.238      SLICE_X45Y66  bd_0_i/hls_inst/inst/bus_read/ost_ctrl_gen[0].fifo_burst/U_fifo_srl/mem_reg[14][0]_srl15/CLK



