================================================================
== Design Size Report
================================================================

* Total Instructions per Compilation Phase
+---------------+----------------------------+--------------+----------------------------------------------------------------------------------------+
| Phase         | Step                       | Instructions | Description                                                                            |
+---------------+----------------------------+--------------+----------------------------------------------------------------------------------------+
| Compile/Link  |                            |   932        | After all functions are compiled and linked into a single design                       |
|               |                            |              |                                                                                        |
| Unroll/Inline |                            |              | After user unroll and inline pragmas are applied                                       |
|               | (1) unroll                 | 2,952        | user unroll pragmas are applied                                                        |
|               | (2) simplification         | 1,515        | simplification of applied user unroll pragmas                                          |
|               | (3) inline                 | 1,292        | user inline pragmas are applied                                                        |
|               | (4) simplification         | 1,098        | simplification of applied user inline pragmas                                          |
|               |                            |              |                                                                                        |
| Array/Struct  |                            |              | After user array partition and struct aggregate/disaggregate pragmas are applied       |
|               | (1) array partition        | 6,838        | user array partition pragmas are applied                                               |
|               | (2) simplification         | 1,348        | simplification of applied user array partition & struct aggregate/disaggregate pragmas |
|               | (3) aggregate/disaggregate | 1,459        | user struct aggregate/disaggregate pragmas are applied                                 |
|               | (4) array reshape          | 1,839        | apply array reshape pragmas                                                            |
|               | (5) access patterns        | 1,844        | array access pattern optmizations                                                      |
|               |                            |              |                                                                                        |
| Performance   |                            |              | After transformations are applied to meet performance pragma targets                   |
|               | (1) loop simplification    | 1,777        | loop and instruction simplification                                                    |
|               | (2) parallelization        | 1,776        | loops are unrolled or pipelined to meet performance targets                            |
|               | (3) array partition        | 1,775        | arrays are partitioned to meet performance targets                                     |
|               | (4) simplification         | 1,775        | simplification of design after performance transformations                             |
|               |                            |              |                                                                                        |
| HW Transforms |                            |              | After hardware transfomations                                                          |
|               | (1) lowering               | 1,707        | initial conversion to HW specific instructions                                         |
|               | (2) optimizations          | 1,771        | high level synthesis optimizations                                                     |
+---------------+----------------------------+--------------+----------------------------------------------------------------------------------------+

* Instructions per Function for each Compilation Phase
+------------------+--------------------+--------------+---------------+--------------+-------------+---------------+
| Function         | Location           | Compile/Link | Unroll/Inline | Array/Struct | Performance | HW Transforms |
+------------------+--------------------+--------------+---------------+--------------+-------------+---------------+
| + spmm_stage     | spmm_stage.cpp:108 | 932          | 1,098         | 1,844        | 1,775       | 1,771         |
|    spmm_load_csr | spmm_stage.cpp:7   |  40          |   24          |   27         |   27        |   43          |
|    spmm_compute  | spmm_stage.cpp:30  | 785          |  921          | 1,368        | 1,366       | 1,359         |
|    spmm_store    | spmm_stage.cpp:87  |  64          |  125          |  423         |  356        |  328          |
+------------------+--------------------+--------------+---------------+--------------+-------------+---------------+

* Design Size Message Settings
+---------------------------------------------+--------+------------------------------------------------------------------+
| Message Setting                             | Value  | Description                                                      |
+---------------------------------------------+--------+------------------------------------------------------------------+
| config_compile -design_size_maximum_warning | 100000 | Show a warning when total design instructions exceeds this value |
+---------------------------------------------+--------+------------------------------------------------------------------+


