

================================================================
== Vitis HLS Report for 'spmm_compute_Pipeline_SPMM_LOAD_H'
================================================================
* Date:           Wed Apr 15 14:24:43 2026

* Version:        2025.2 (Build 6295257 on Nov 14 2025)
* Project:        spmm_stage
* Solution:       hls (Vivado IP Flow Target)
* Product family: zynquplus
* Target device:  xck26-sfvc784-2LV-c


================================================================
== Performance Estimates
================================================================
+ Timing: 
    * Summary: 
    +--------+----------+----------+------------+
    |  Clock |  Target  | Estimated| Uncertainty|
    +--------+----------+----------+------------+
    |ap_clk  |  10.00 ns|  7.300 ns|     2.70 ns|
    +--------+----------+----------+------------+

+ Latency: 
    * Summary: 
    +---------+---------+-----------+-----------+-----+-----+-------------------+
    |  Latency (cycles) |   Latency (absolute)  |  Interval |      Pipeline     |
    |   min   |   max   |    min    |    max    | min | max |        Type       |
    +---------+---------+-----------+-----------+-----+-----+-------------------+
    |        5|        5|  50.000 ns|  50.000 ns|    0|    0|  loop pipeline stp|
    +---------+---------+-----------+-----------+-----+-----+-------------------+

    + Detail: 
        * Instance: 
        N/A

        * Loop: 
        +---------------+---------+---------+----------+-----------+-----------+------+----------+
        |               |  Latency (cycles) | Iteration|  Initiation Interval  | Trip |          |
        |   Loop Name   |   min   |   max   |  Latency |  achieved |   target  | Count| Pipelined|
        +---------------+---------+---------+----------+-----------+-----------+------+----------+
        |- SPMM_LOAD_H  |        3|        3|         3|          1|          1|     2|       yes|
        +---------------+---------+---------+----------+-----------+-----------+------+----------+



================================================================
== Utilization Estimates
================================================================
* Summary: 
+-----------------+---------+------+--------+--------+-----+
|       Name      | BRAM_18K|  DSP |   FF   |   LUT  | URAM|
+-----------------+---------+------+--------+--------+-----+
|DSP              |        -|     -|       -|       -|    -|
|Expression       |        -|     -|       0|      23|    -|
|FIFO             |        -|     -|       -|       -|    -|
|Instance         |        -|     -|       -|       -|    -|
|Memory           |        -|     -|       -|       -|    -|
|Multiplexer      |        -|     -|       0|      45|    -|
|Register         |        -|     -|     524|       -|    -|
+-----------------+---------+------+--------+--------+-----+
|Total            |        0|     0|     524|      68|    0|
+-----------------+---------+------+--------+--------+-----+
|Available        |      288|  1248|  234240|  117120|   64|
+-----------------+---------+------+--------+--------+-----+
|Utilization (%)  |        0|     0|      ~0|      ~0|    0|
+-----------------+---------+------+--------+--------+-----+

+ Detail: 
    * Instance: 
    N/A

    * DSP: 
    N/A

    * Memory: 
    N/A

    * FIFO: 
    N/A

    * Expression: 
    +---------------------------+----------+----+---+----+------------+------------+
    |       Variable Name       | Operation| DSP| FF| LUT| Bitwidth P0| Bitwidth P1|
    +---------------------------+----------+----+---+----+------------+------------+
    |add_ln62_fu_681_p2         |         +|   0|  0|   9|           2|           1|
    |ap_block_pp0_stage0_11001  |       and|   0|  0|   2|           1|           1|
    |icmp_ln62_fu_675_p2        |      icmp|   0|  0|  10|           2|           3|
    |ap_enable_pp0              |       xor|   0|  0|   2|           1|           2|
    +---------------------------+----------+----+---+----+------------+------------+
    |Total                      |          |   0|  0|  23|           6|           7|
    +---------------------------+----------+----+---+----+------------+------------+

    * Multiplexer: 
    +-------------------------+----+-----------+-----+-----------+
    |           Name          | LUT| Input Size| Bits| Total Bits|
    +-------------------------+----+-----------+-----+-----------+
    |ap_done_int              |   9|          2|    1|          2|
    |ap_enable_reg_pp0_iter1  |   9|          2|    1|          2|
    |ap_sig_allocacmp_v_1     |   9|          2|    2|          4|
    |gmem3_blk_n_R            |   9|          2|    1|          2|
    |v_fu_232                 |   9|          2|    2|          4|
    +-------------------------+----+-----------+-----+-----------+
    |Total                    |  45|         10|    7|         14|
    +-------------------------+----+-----------+-----+-----------+

    * Register: 
    +-------------------------------------------+----+----+-----+-----------+
    |                    Name                   | FF | LUT| Bits| Const Bits|
    +-------------------------------------------+----+----+-----+-----------+
    |ap_CS_fsm                                  |   1|   0|    1|          0|
    |ap_block_pp0_stage0_subdone_grp0_done_reg  |   1|   0|    1|          0|
    |ap_done_reg                                |   1|   0|    1|          0|
    |ap_enable_reg_pp0_iter1                    |   1|   0|    1|          0|
    |ap_enable_reg_pp0_iter2                    |   1|   0|    1|          0|
    |ap_loop_exit_ready_pp0_iter1_reg           |   1|   0|    1|          0|
    |trunc_ln64_10_reg_1123                     |  16|   0|   16|          0|
    |trunc_ln64_11_reg_1128                     |  16|   0|   16|          0|
    |trunc_ln64_12_reg_1133                     |  16|   0|   16|          0|
    |trunc_ln64_13_reg_1138                     |  16|   0|   16|          0|
    |trunc_ln64_14_reg_1143                     |  16|   0|   16|          0|
    |trunc_ln64_15_reg_1148                     |  16|   0|   16|          0|
    |trunc_ln64_16_reg_1153                     |  16|   0|   16|          0|
    |trunc_ln64_17_reg_1158                     |  16|   0|   16|          0|
    |trunc_ln64_18_reg_1163                     |  16|   0|   16|          0|
    |trunc_ln64_19_reg_1168                     |  16|   0|   16|          0|
    |trunc_ln64_1_reg_1073                      |  16|   0|   16|          0|
    |trunc_ln64_20_reg_1173                     |  16|   0|   16|          0|
    |trunc_ln64_21_reg_1178                     |  16|   0|   16|          0|
    |trunc_ln64_22_reg_1183                     |  16|   0|   16|          0|
    |trunc_ln64_23_reg_1188                     |  16|   0|   16|          0|
    |trunc_ln64_24_reg_1193                     |  16|   0|   16|          0|
    |trunc_ln64_25_reg_1198                     |  16|   0|   16|          0|
    |trunc_ln64_26_reg_1203                     |  16|   0|   16|          0|
    |trunc_ln64_27_reg_1208                     |  16|   0|   16|          0|
    |trunc_ln64_28_reg_1213                     |  16|   0|   16|          0|
    |trunc_ln64_29_reg_1218                     |  16|   0|   16|          0|
    |trunc_ln64_2_reg_1078                      |  16|   0|   16|          0|
    |trunc_ln64_30_reg_1223                     |  16|   0|   16|          0|
    |trunc_ln64_3_reg_1083                      |  16|   0|   16|          0|
    |trunc_ln64_4_reg_1088                      |  16|   0|   16|          0|
    |trunc_ln64_5_reg_1093                      |  16|   0|   16|          0|
    |trunc_ln64_6_reg_1098                      |  16|   0|   16|          0|
    |trunc_ln64_7_reg_1103                      |  16|   0|   16|          0|
    |trunc_ln64_8_reg_1108                      |  16|   0|   16|          0|
    |trunc_ln64_9_reg_1113                      |  16|   0|   16|          0|
    |trunc_ln64_reg_1068                        |  16|   0|   16|          0|
    |trunc_ln64_s_reg_1118                      |  16|   0|   16|          0|
    |v_1_reg_1059                               |   2|   0|    2|          0|
    |v_1_reg_1059_pp0_iter1_reg                 |   2|   0|    2|          0|
    |v_fu_232                                   |   2|   0|    2|          0|
    +-------------------------------------------+----+----+-----+-----------+
    |Total                                      | 524|   0|  524|          0|
    +-------------------------------------------+----+----+-----+-----------+



================================================================
== Interface
================================================================
* Summary: 
+------------------------+-----+-----+------------+-----------------------------------+--------------+
|        RTL Ports       | Dir | Bits|  Protocol  |           Source Object           |    C Type    |
+------------------------+-----+-----+------------+-----------------------------------+--------------+
|ap_clk                  |   in|    1|  ap_ctrl_hs|  spmm_compute_Pipeline_SPMM_LOAD_H|  return value|
|ap_rst                  |   in|    1|  ap_ctrl_hs|  spmm_compute_Pipeline_SPMM_LOAD_H|  return value|
|ap_start                |   in|    1|  ap_ctrl_hs|  spmm_compute_Pipeline_SPMM_LOAD_H|  return value|
|ap_done                 |  out|    1|  ap_ctrl_hs|  spmm_compute_Pipeline_SPMM_LOAD_H|  return value|
|ap_idle                 |  out|    1|  ap_ctrl_hs|  spmm_compute_Pipeline_SPMM_LOAD_H|  return value|
|ap_ready                |  out|    1|  ap_ctrl_hs|  spmm_compute_Pipeline_SPMM_LOAD_H|  return value|
|m_axi_gmem3_0_AWVALID   |  out|    1|       m_axi|                              gmem3|       pointer|
|m_axi_gmem3_0_AWREADY   |   in|    1|       m_axi|                              gmem3|       pointer|
|m_axi_gmem3_0_AWADDR    |  out|   64|       m_axi|                              gmem3|       pointer|
|m_axi_gmem3_0_AWID      |  out|    1|       m_axi|                              gmem3|       pointer|
|m_axi_gmem3_0_AWLEN     |  out|   32|       m_axi|                              gmem3|       pointer|
|m_axi_gmem3_0_AWSIZE    |  out|    3|       m_axi|                              gmem3|       pointer|
|m_axi_gmem3_0_AWBURST   |  out|    2|       m_axi|                              gmem3|       pointer|
|m_axi_gmem3_0_AWLOCK    |  out|    2|       m_axi|                              gmem3|       pointer|
|m_axi_gmem3_0_AWCACHE   |  out|    4|       m_axi|                              gmem3|       pointer|
|m_axi_gmem3_0_AWPROT    |  out|    3|       m_axi|                              gmem3|       pointer|
|m_axi_gmem3_0_AWQOS     |  out|    4|       m_axi|                              gmem3|       pointer|
|m_axi_gmem3_0_AWREGION  |  out|    4|       m_axi|                              gmem3|       pointer|
|m_axi_gmem3_0_AWUSER    |  out|    1|       m_axi|                              gmem3|       pointer|
|m_axi_gmem3_0_WVALID    |  out|    1|       m_axi|                              gmem3|       pointer|
|m_axi_gmem3_0_WREADY    |   in|    1|       m_axi|                              gmem3|       pointer|
|m_axi_gmem3_0_WDATA     |  out|  512|       m_axi|                              gmem3|       pointer|
|m_axi_gmem3_0_WSTRB     |  out|   64|       m_axi|                              gmem3|       pointer|
|m_axi_gmem3_0_WLAST     |  out|    1|       m_axi|                              gmem3|       pointer|
|m_axi_gmem3_0_WID       |  out|    1|       m_axi|                              gmem3|       pointer|
|m_axi_gmem3_0_WUSER     |  out|    1|       m_axi|                              gmem3|       pointer|
|m_axi_gmem3_0_ARVALID   |  out|    1|       m_axi|                              gmem3|       pointer|
|m_axi_gmem3_0_ARREADY   |   in|    1|       m_axi|                              gmem3|       pointer|
|m_axi_gmem3_0_ARADDR    |  out|   64|       m_axi|                              gmem3|       pointer|
|m_axi_gmem3_0_ARID      |  out|    1|       m_axi|                              gmem3|       pointer|
|m_axi_gmem3_0_ARLEN     |  out|   32|       m_axi|                              gmem3|       pointer|
|m_axi_gmem3_0_ARSIZE    |  out|    3|       m_axi|                              gmem3|       pointer|
|m_axi_gmem3_0_ARBURST   |  out|    2|       m_axi|                              gmem3|       pointer|
|m_axi_gmem3_0_ARLOCK    |  out|    2|       m_axi|                              gmem3|       pointer|
|m_axi_gmem3_0_ARCACHE   |  out|    4|       m_axi|                              gmem3|       pointer|
|m_axi_gmem3_0_ARPROT    |  out|    3|       m_axi|                              gmem3|       pointer|
|m_axi_gmem3_0_ARQOS     |  out|    4|       m_axi|                              gmem3|       pointer|
|m_axi_gmem3_0_ARREGION  |  out|    4|       m_axi|                              gmem3|       pointer|
|m_axi_gmem3_0_ARUSER    |  out|    1|       m_axi|                              gmem3|       pointer|
|m_axi_gmem3_0_RVALID    |   in|    1|       m_axi|                              gmem3|       pointer|
|m_axi_gmem3_0_RREADY    |  out|    1|       m_axi|                              gmem3|       pointer|
|m_axi_gmem3_0_RDATA     |   in|  512|       m_axi|                              gmem3|       pointer|
|m_axi_gmem3_0_RLAST     |   in|    1|       m_axi|                              gmem3|       pointer|
|m_axi_gmem3_0_RID       |   in|    1|       m_axi|                              gmem3|       pointer|
|m_axi_gmem3_0_RFIFONUM  |   in|    9|       m_axi|                              gmem3|       pointer|
|m_axi_gmem3_0_RUSER     |   in|    1|       m_axi|                              gmem3|       pointer|
|m_axi_gmem3_0_RRESP     |   in|    2|       m_axi|                              gmem3|       pointer|
|m_axi_gmem3_0_BVALID    |   in|    1|       m_axi|                              gmem3|       pointer|
|m_axi_gmem3_0_BREADY    |  out|    1|       m_axi|                              gmem3|       pointer|
|m_axi_gmem3_0_BRESP     |   in|    2|       m_axi|                              gmem3|       pointer|
|m_axi_gmem3_0_BID       |   in|    1|       m_axi|                              gmem3|       pointer|
|m_axi_gmem3_0_BUSER     |   in|    1|       m_axi|                              gmem3|       pointer|
|sext_ln62_1             |   in|   58|     ap_none|                        sext_ln62_1|        scalar|
|h_buf_31_address0       |  out|    1|   ap_memory|                           h_buf_31|         array|
|h_buf_31_ce0            |  out|    1|   ap_memory|                           h_buf_31|         array|
|h_buf_31_we0            |  out|    1|   ap_memory|                           h_buf_31|         array|
|h_buf_31_d0             |  out|   16|   ap_memory|                           h_buf_31|         array|
|h_buf_30_address0       |  out|    1|   ap_memory|                           h_buf_30|         array|
|h_buf_30_ce0            |  out|    1|   ap_memory|                           h_buf_30|         array|
|h_buf_30_we0            |  out|    1|   ap_memory|                           h_buf_30|         array|
|h_buf_30_d0             |  out|   16|   ap_memory|                           h_buf_30|         array|
|h_buf_29_address0       |  out|    1|   ap_memory|                           h_buf_29|         array|
|h_buf_29_ce0            |  out|    1|   ap_memory|                           h_buf_29|         array|
|h_buf_29_we0            |  out|    1|   ap_memory|                           h_buf_29|         array|
|h_buf_29_d0             |  out|   16|   ap_memory|                           h_buf_29|         array|
|h_buf_28_address0       |  out|    1|   ap_memory|                           h_buf_28|         array|
|h_buf_28_ce0            |  out|    1|   ap_memory|                           h_buf_28|         array|
|h_buf_28_we0            |  out|    1|   ap_memory|                           h_buf_28|         array|
|h_buf_28_d0             |  out|   16|   ap_memory|                           h_buf_28|         array|
|h_buf_27_address0       |  out|    1|   ap_memory|                           h_buf_27|         array|
|h_buf_27_ce0            |  out|    1|   ap_memory|                           h_buf_27|         array|
|h_buf_27_we0            |  out|    1|   ap_memory|                           h_buf_27|         array|
|h_buf_27_d0             |  out|   16|   ap_memory|                           h_buf_27|         array|
|h_buf_26_address0       |  out|    1|   ap_memory|                           h_buf_26|         array|
|h_buf_26_ce0            |  out|    1|   ap_memory|                           h_buf_26|         array|
|h_buf_26_we0            |  out|    1|   ap_memory|                           h_buf_26|         array|
|h_buf_26_d0             |  out|   16|   ap_memory|                           h_buf_26|         array|
|h_buf_25_address0       |  out|    1|   ap_memory|                           h_buf_25|         array|
|h_buf_25_ce0            |  out|    1|   ap_memory|                           h_buf_25|         array|
|h_buf_25_we0            |  out|    1|   ap_memory|                           h_buf_25|         array|
|h_buf_25_d0             |  out|   16|   ap_memory|                           h_buf_25|         array|
|h_buf_24_address0       |  out|    1|   ap_memory|                           h_buf_24|         array|
|h_buf_24_ce0            |  out|    1|   ap_memory|                           h_buf_24|         array|
|h_buf_24_we0            |  out|    1|   ap_memory|                           h_buf_24|         array|
|h_buf_24_d0             |  out|   16|   ap_memory|                           h_buf_24|         array|
|h_buf_23_address0       |  out|    1|   ap_memory|                           h_buf_23|         array|
|h_buf_23_ce0            |  out|    1|   ap_memory|                           h_buf_23|         array|
|h_buf_23_we0            |  out|    1|   ap_memory|                           h_buf_23|         array|
|h_buf_23_d0             |  out|   16|   ap_memory|                           h_buf_23|         array|
|h_buf_22_address0       |  out|    1|   ap_memory|                           h_buf_22|         array|
|h_buf_22_ce0            |  out|    1|   ap_memory|                           h_buf_22|         array|
|h_buf_22_we0            |  out|    1|   ap_memory|                           h_buf_22|         array|
|h_buf_22_d0             |  out|   16|   ap_memory|                           h_buf_22|         array|
|h_buf_21_address0       |  out|    1|   ap_memory|                           h_buf_21|         array|
|h_buf_21_ce0            |  out|    1|   ap_memory|                           h_buf_21|         array|
|h_buf_21_we0            |  out|    1|   ap_memory|                           h_buf_21|         array|
|h_buf_21_d0             |  out|   16|   ap_memory|                           h_buf_21|         array|
|h_buf_20_address0       |  out|    1|   ap_memory|                           h_buf_20|         array|
|h_buf_20_ce0            |  out|    1|   ap_memory|                           h_buf_20|         array|
|h_buf_20_we0            |  out|    1|   ap_memory|                           h_buf_20|         array|
|h_buf_20_d0             |  out|   16|   ap_memory|                           h_buf_20|         array|
|h_buf_19_address0       |  out|    1|   ap_memory|                           h_buf_19|         array|
|h_buf_19_ce0            |  out|    1|   ap_memory|                           h_buf_19|         array|
|h_buf_19_we0            |  out|    1|   ap_memory|                           h_buf_19|         array|
|h_buf_19_d0             |  out|   16|   ap_memory|                           h_buf_19|         array|
|h_buf_18_address0       |  out|    1|   ap_memory|                           h_buf_18|         array|
|h_buf_18_ce0            |  out|    1|   ap_memory|                           h_buf_18|         array|
|h_buf_18_we0            |  out|    1|   ap_memory|                           h_buf_18|         array|
|h_buf_18_d0             |  out|   16|   ap_memory|                           h_buf_18|         array|
|h_buf_17_address0       |  out|    1|   ap_memory|                           h_buf_17|         array|
|h_buf_17_ce0            |  out|    1|   ap_memory|                           h_buf_17|         array|
|h_buf_17_we0            |  out|    1|   ap_memory|                           h_buf_17|         array|
|h_buf_17_d0             |  out|   16|   ap_memory|                           h_buf_17|         array|
|h_buf_16_address0       |  out|    1|   ap_memory|                           h_buf_16|         array|
|h_buf_16_ce0            |  out|    1|   ap_memory|                           h_buf_16|         array|
|h_buf_16_we0            |  out|    1|   ap_memory|                           h_buf_16|         array|
|h_buf_16_d0             |  out|   16|   ap_memory|                           h_buf_16|         array|
|h_buf_15_address0       |  out|    1|   ap_memory|                           h_buf_15|         array|
|h_buf_15_ce0            |  out|    1|   ap_memory|                           h_buf_15|         array|
|h_buf_15_we0            |  out|    1|   ap_memory|                           h_buf_15|         array|
|h_buf_15_d0             |  out|   16|   ap_memory|                           h_buf_15|         array|
|h_buf_14_address0       |  out|    1|   ap_memory|                           h_buf_14|         array|
|h_buf_14_ce0            |  out|    1|   ap_memory|                           h_buf_14|         array|
|h_buf_14_we0            |  out|    1|   ap_memory|                           h_buf_14|         array|
|h_buf_14_d0             |  out|   16|   ap_memory|                           h_buf_14|         array|
|h_buf_13_address0       |  out|    1|   ap_memory|                           h_buf_13|         array|
|h_buf_13_ce0            |  out|    1|   ap_memory|                           h_buf_13|         array|
|h_buf_13_we0            |  out|    1|   ap_memory|                           h_buf_13|         array|
|h_buf_13_d0             |  out|   16|   ap_memory|                           h_buf_13|         array|
|h_buf_12_address0       |  out|    1|   ap_memory|                           h_buf_12|         array|
|h_buf_12_ce0            |  out|    1|   ap_memory|                           h_buf_12|         array|
|h_buf_12_we0            |  out|    1|   ap_memory|                           h_buf_12|         array|
|h_buf_12_d0             |  out|   16|   ap_memory|                           h_buf_12|         array|
|h_buf_11_address0       |  out|    1|   ap_memory|                           h_buf_11|         array|
|h_buf_11_ce0            |  out|    1|   ap_memory|                           h_buf_11|         array|
|h_buf_11_we0            |  out|    1|   ap_memory|                           h_buf_11|         array|
|h_buf_11_d0             |  out|   16|   ap_memory|                           h_buf_11|         array|
|h_buf_10_address0       |  out|    1|   ap_memory|                           h_buf_10|         array|
|h_buf_10_ce0            |  out|    1|   ap_memory|                           h_buf_10|         array|
|h_buf_10_we0            |  out|    1|   ap_memory|                           h_buf_10|         array|
|h_buf_10_d0             |  out|   16|   ap_memory|                           h_buf_10|         array|
|h_buf_9_address0        |  out|    1|   ap_memory|                            h_buf_9|         array|
|h_buf_9_ce0             |  out|    1|   ap_memory|                            h_buf_9|         array|
|h_buf_9_we0             |  out|    1|   ap_memory|                            h_buf_9|         array|
|h_buf_9_d0              |  out|   16|   ap_memory|                            h_buf_9|         array|
|h_buf_8_address0        |  out|    1|   ap_memory|                            h_buf_8|         array|
|h_buf_8_ce0             |  out|    1|   ap_memory|                            h_buf_8|         array|
|h_buf_8_we0             |  out|    1|   ap_memory|                            h_buf_8|         array|
|h_buf_8_d0              |  out|   16|   ap_memory|                            h_buf_8|         array|
|h_buf_7_address0        |  out|    1|   ap_memory|                            h_buf_7|         array|
|h_buf_7_ce0             |  out|    1|   ap_memory|                            h_buf_7|         array|
|h_buf_7_we0             |  out|    1|   ap_memory|                            h_buf_7|         array|
|h_buf_7_d0              |  out|   16|   ap_memory|                            h_buf_7|         array|
|h_buf_6_address0        |  out|    1|   ap_memory|                            h_buf_6|         array|
|h_buf_6_ce0             |  out|    1|   ap_memory|                            h_buf_6|         array|
|h_buf_6_we0             |  out|    1|   ap_memory|                            h_buf_6|         array|
|h_buf_6_d0              |  out|   16|   ap_memory|                            h_buf_6|         array|
|h_buf_5_address0        |  out|    1|   ap_memory|                            h_buf_5|         array|
|h_buf_5_ce0             |  out|    1|   ap_memory|                            h_buf_5|         array|
|h_buf_5_we0             |  out|    1|   ap_memory|                            h_buf_5|         array|
|h_buf_5_d0              |  out|   16|   ap_memory|                            h_buf_5|         array|
|h_buf_4_address0        |  out|    1|   ap_memory|                            h_buf_4|         array|
|h_buf_4_ce0             |  out|    1|   ap_memory|                            h_buf_4|         array|
|h_buf_4_we0             |  out|    1|   ap_memory|                            h_buf_4|         array|
|h_buf_4_d0              |  out|   16|   ap_memory|                            h_buf_4|         array|
|h_buf_3_address0        |  out|    1|   ap_memory|                            h_buf_3|         array|
|h_buf_3_ce0             |  out|    1|   ap_memory|                            h_buf_3|         array|
|h_buf_3_we0             |  out|    1|   ap_memory|                            h_buf_3|         array|
|h_buf_3_d0              |  out|   16|   ap_memory|                            h_buf_3|         array|
|h_buf_2_address0        |  out|    1|   ap_memory|                            h_buf_2|         array|
|h_buf_2_ce0             |  out|    1|   ap_memory|                            h_buf_2|         array|
|h_buf_2_we0             |  out|    1|   ap_memory|                            h_buf_2|         array|
|h_buf_2_d0              |  out|   16|   ap_memory|                            h_buf_2|         array|
|h_buf_1_address0        |  out|    1|   ap_memory|                            h_buf_1|         array|
|h_buf_1_ce0             |  out|    1|   ap_memory|                            h_buf_1|         array|
|h_buf_1_we0             |  out|    1|   ap_memory|                            h_buf_1|         array|
|h_buf_1_d0              |  out|   16|   ap_memory|                            h_buf_1|         array|
|h_buf_address0          |  out|    1|   ap_memory|                              h_buf|         array|
|h_buf_ce0               |  out|    1|   ap_memory|                              h_buf|         array|
|h_buf_we0               |  out|    1|   ap_memory|                              h_buf|         array|
|h_buf_d0                |  out|   16|   ap_memory|                              h_buf|         array|
+------------------------+-----+-----+------------+-----------------------------------+--------------+

