

================================================================
== Vitis HLS Report for 'spmm_load_csr_Pipeline_LOAD_NNZ'
================================================================
* Date:           Wed Apr 15 14:24:43 2026

* Version:        2025.2 (Build 6295257 on Nov 14 2025)
* Project:        spmm_stage
* Solution:       hls (Vivado IP Flow Target)
* Product family: zynquplus
* Target device:  xck26-sfvc784-2LV-c


================================================================
== Performance Estimates
================================================================
+ Timing: 
    * Summary: 
    +--------+----------+----------+------------+
    |  Clock |  Target  | Estimated| Uncertainty|
    +--------+----------+----------+------------+
    |ap_clk  |  10.00 ns|  7.300 ns|     2.70 ns|
    +--------+----------+----------+------------+

+ Latency: 
    * Summary: 
    +---------+---------+----------+----------+-----+-----+-------------------+
    |  Latency (cycles) |  Latency (absolute) |  Interval |      Pipeline     |
    |   min   |   max   |    min   |    max   | min | max |        Type       |
    +---------+---------+----------+----------+-----+-----+-------------------+
    |        ?|        ?|         ?|         ?|    0|    0|  loop pipeline stp|
    +---------+---------+----------+----------+-----+-----+-------------------+

    + Detail: 
        * Instance: 
        N/A

        * Loop: 
        +------------+---------+---------+----------+-----------+-----------+------+----------+
        |            |  Latency (cycles) | Iteration|  Initiation Interval  | Trip |          |
        |  Loop Name |   min   |   max   |  Latency |  achieved |   target  | Count| Pipelined|
        +------------+---------+---------+----------+-----------+-----------+------+----------+
        |- LOAD_NNZ  |        ?|        ?|         3|          1|          1|     ?|       yes|
        +------------+---------+---------+----------+-----------+-----------+------+----------+



================================================================
== Utilization Estimates
================================================================
* Summary: 
+-----------------+---------+------+--------+--------+-----+
|       Name      | BRAM_18K|  DSP |   FF   |   LUT  | URAM|
+-----------------+---------+------+--------+--------+-----+
|DSP              |        -|     -|       -|       -|    -|
|Expression       |        -|     -|       0|      85|    -|
|FIFO             |        -|     -|       -|       -|    -|
|Instance         |        -|     -|       -|       -|    -|
|Memory           |        -|     -|       -|       -|    -|
|Multiplexer      |        -|     -|       0|      72|    -|
|Register         |        -|     -|      86|       -|    -|
+-----------------+---------+------+--------+--------+-----+
|Total            |        0|     0|      86|     157|    0|
+-----------------+---------+------+--------+--------+-----+
|Available        |      288|  1248|  234240|  117120|   64|
+-----------------+---------+------+--------+--------+-----+
|Utilization (%)  |        0|     0|      ~0|      ~0|    0|
+-----------------+---------+------+--------+--------+-----+

+ Detail: 
    * Instance: 
    N/A

    * DSP: 
    N/A

    * Memory: 
    N/A

    * FIFO: 
    N/A

    * Expression: 
    +--------------------------------+----------+----+---+----+------------+------------+
    |          Variable Name         | Operation| DSP| FF| LUT| Bitwidth P0| Bitwidth P1|
    +--------------------------------+----------+----+---+----+------------+------------+
    |add_ln23_fu_136_p2              |         +|   0|  0|  38|          31|           1|
    |icmp_ln23_fu_130_p2             |      icmp|   0|  0|  39|          32|          32|
    |ap_block_pp0_stage0_01001_grp1  |        or|   0|  0|   2|           1|           1|
    |ap_block_pp0_stage0_01001_grp2  |        or|   0|  0|   2|           1|           1|
    |ap_block_pp0_stage0_11001       |        or|   0|  0|   2|           1|           1|
    |ap_enable_pp0                   |       xor|   0|  0|   2|           1|           2|
    +--------------------------------+----------+----+---+----+------------+------------+
    |Total                           |          |   0|  0|  85|          67|          38|
    +--------------------------------+----------+----+---+----+------------+------------+

    * Multiplexer: 
    +---------------------------+----+-----------+-----+-----------+
    |            Name           | LUT| Input Size| Bits| Total Bits|
    +---------------------------+----+-----------+-----+-----------+
    |ap_done_int                |   9|          2|    1|          2|
    |ap_enable_reg_pp0_iter1    |   9|          2|    1|          2|
    |ap_sig_allocacmp_i_2_load  |   9|          2|   31|         62|
    |col_fifo_blk_n             |   9|          2|    1|          2|
    |gmem1_blk_n_R              |   9|          2|    1|          2|
    |gmem2_blk_n_R              |   9|          2|    1|          2|
    |i_2_fu_64                  |   9|          2|   31|         62|
    |val_fifo_blk_n             |   9|          2|    1|          2|
    +---------------------------+----+-----------+-----+-----------+
    |Total                      |  72|         16|   68|        136|
    +---------------------------+----+-----------+-----+-----------+

    * Register: 
    +-------------------------------------------+----+----+-----+-----------+
    |                    Name                   | FF | LUT| Bits| Const Bits|
    +-------------------------------------------+----+----+-----+-----------+
    |ap_CS_fsm                                  |   1|   0|    1|          0|
    |ap_block_pp0_stage0_subdone_grp1_done_reg  |   1|   0|    1|          0|
    |ap_block_pp0_stage0_subdone_grp2_done_reg  |   1|   0|    1|          0|
    |ap_done_reg                                |   1|   0|    1|          0|
    |ap_enable_reg_pp0_iter1                    |   1|   0|    1|          0|
    |ap_enable_reg_pp0_iter2                    |   1|   0|    1|          0|
    |ap_loop_exit_ready_pp0_iter1_reg           |   1|   0|    1|          0|
    |gmem1_addr_read_reg_180                    |  32|   0|   32|          0|
    |gmem2_addr_read_reg_185                    |  16|   0|   16|          0|
    |i_2_fu_64                                  |  31|   0|   31|          0|
    +-------------------------------------------+----+----+-----+-----------+
    |Total                                      |  86|   0|   86|          0|
    +-------------------------------------------+----+----+-----+-----------+



================================================================
== Interface
================================================================
* Summary: 
+-------------------------+-----+-----+------------+---------------------------------+--------------+
|        RTL Ports        | Dir | Bits|  Protocol  |          Source Object          |    C Type    |
+-------------------------+-----+-----+------------+---------------------------------+--------------+
|ap_clk                   |   in|    1|  ap_ctrl_hs|  spmm_load_csr_Pipeline_LOAD_NNZ|  return value|
|ap_rst                   |   in|    1|  ap_ctrl_hs|  spmm_load_csr_Pipeline_LOAD_NNZ|  return value|
|ap_start                 |   in|    1|  ap_ctrl_hs|  spmm_load_csr_Pipeline_LOAD_NNZ|  return value|
|ap_done                  |  out|    1|  ap_ctrl_hs|  spmm_load_csr_Pipeline_LOAD_NNZ|  return value|
|ap_idle                  |  out|    1|  ap_ctrl_hs|  spmm_load_csr_Pipeline_LOAD_NNZ|  return value|
|ap_ready                 |  out|    1|  ap_ctrl_hs|  spmm_load_csr_Pipeline_LOAD_NNZ|  return value|
|m_axi_gmem1_0_AWVALID    |  out|    1|       m_axi|                            gmem1|       pointer|
|m_axi_gmem1_0_AWREADY    |   in|    1|       m_axi|                            gmem1|       pointer|
|m_axi_gmem1_0_AWADDR     |  out|   64|       m_axi|                            gmem1|       pointer|
|m_axi_gmem1_0_AWID       |  out|    1|       m_axi|                            gmem1|       pointer|
|m_axi_gmem1_0_AWLEN      |  out|   32|       m_axi|                            gmem1|       pointer|
|m_axi_gmem1_0_AWSIZE     |  out|    3|       m_axi|                            gmem1|       pointer|
|m_axi_gmem1_0_AWBURST    |  out|    2|       m_axi|                            gmem1|       pointer|
|m_axi_gmem1_0_AWLOCK     |  out|    2|       m_axi|                            gmem1|       pointer|
|m_axi_gmem1_0_AWCACHE    |  out|    4|       m_axi|                            gmem1|       pointer|
|m_axi_gmem1_0_AWPROT     |  out|    3|       m_axi|                            gmem1|       pointer|
|m_axi_gmem1_0_AWQOS      |  out|    4|       m_axi|                            gmem1|       pointer|
|m_axi_gmem1_0_AWREGION   |  out|    4|       m_axi|                            gmem1|       pointer|
|m_axi_gmem1_0_AWUSER     |  out|    1|       m_axi|                            gmem1|       pointer|
|m_axi_gmem1_0_WVALID     |  out|    1|       m_axi|                            gmem1|       pointer|
|m_axi_gmem1_0_WREADY     |   in|    1|       m_axi|                            gmem1|       pointer|
|m_axi_gmem1_0_WDATA      |  out|   32|       m_axi|                            gmem1|       pointer|
|m_axi_gmem1_0_WSTRB      |  out|    4|       m_axi|                            gmem1|       pointer|
|m_axi_gmem1_0_WLAST      |  out|    1|       m_axi|                            gmem1|       pointer|
|m_axi_gmem1_0_WID        |  out|    1|       m_axi|                            gmem1|       pointer|
|m_axi_gmem1_0_WUSER      |  out|    1|       m_axi|                            gmem1|       pointer|
|m_axi_gmem1_0_ARVALID    |  out|    1|       m_axi|                            gmem1|       pointer|
|m_axi_gmem1_0_ARREADY    |   in|    1|       m_axi|                            gmem1|       pointer|
|m_axi_gmem1_0_ARADDR     |  out|   64|       m_axi|                            gmem1|       pointer|
|m_axi_gmem1_0_ARID       |  out|    1|       m_axi|                            gmem1|       pointer|
|m_axi_gmem1_0_ARLEN      |  out|   32|       m_axi|                            gmem1|       pointer|
|m_axi_gmem1_0_ARSIZE     |  out|    3|       m_axi|                            gmem1|       pointer|
|m_axi_gmem1_0_ARBURST    |  out|    2|       m_axi|                            gmem1|       pointer|
|m_axi_gmem1_0_ARLOCK     |  out|    2|       m_axi|                            gmem1|       pointer|
|m_axi_gmem1_0_ARCACHE    |  out|    4|       m_axi|                            gmem1|       pointer|
|m_axi_gmem1_0_ARPROT     |  out|    3|       m_axi|                            gmem1|       pointer|
|m_axi_gmem1_0_ARQOS      |  out|    4|       m_axi|                            gmem1|       pointer|
|m_axi_gmem1_0_ARREGION   |  out|    4|       m_axi|                            gmem1|       pointer|
|m_axi_gmem1_0_ARUSER     |  out|    1|       m_axi|                            gmem1|       pointer|
|m_axi_gmem1_0_RVALID     |   in|    1|       m_axi|                            gmem1|       pointer|
|m_axi_gmem1_0_RREADY     |  out|    1|       m_axi|                            gmem1|       pointer|
|m_axi_gmem1_0_RDATA      |   in|   32|       m_axi|                            gmem1|       pointer|
|m_axi_gmem1_0_RLAST      |   in|    1|       m_axi|                            gmem1|       pointer|
|m_axi_gmem1_0_RID        |   in|    1|       m_axi|                            gmem1|       pointer|
|m_axi_gmem1_0_RFIFONUM   |   in|    9|       m_axi|                            gmem1|       pointer|
|m_axi_gmem1_0_RUSER      |   in|    1|       m_axi|                            gmem1|       pointer|
|m_axi_gmem1_0_RRESP      |   in|    2|       m_axi|                            gmem1|       pointer|
|m_axi_gmem1_0_BVALID     |   in|    1|       m_axi|                            gmem1|       pointer|
|m_axi_gmem1_0_BREADY     |  out|    1|       m_axi|                            gmem1|       pointer|
|m_axi_gmem1_0_BRESP      |   in|    2|       m_axi|                            gmem1|       pointer|
|m_axi_gmem1_0_BID        |   in|    1|       m_axi|                            gmem1|       pointer|
|m_axi_gmem1_0_BUSER      |   in|    1|       m_axi|                            gmem1|       pointer|
|m_axi_gmem2_0_AWVALID    |  out|    1|       m_axi|                            gmem2|       pointer|
|m_axi_gmem2_0_AWREADY    |   in|    1|       m_axi|                            gmem2|       pointer|
|m_axi_gmem2_0_AWADDR     |  out|   64|       m_axi|                            gmem2|       pointer|
|m_axi_gmem2_0_AWID       |  out|    1|       m_axi|                            gmem2|       pointer|
|m_axi_gmem2_0_AWLEN      |  out|   32|       m_axi|                            gmem2|       pointer|
|m_axi_gmem2_0_AWSIZE     |  out|    3|       m_axi|                            gmem2|       pointer|
|m_axi_gmem2_0_AWBURST    |  out|    2|       m_axi|                            gmem2|       pointer|
|m_axi_gmem2_0_AWLOCK     |  out|    2|       m_axi|                            gmem2|       pointer|
|m_axi_gmem2_0_AWCACHE    |  out|    4|       m_axi|                            gmem2|       pointer|
|m_axi_gmem2_0_AWPROT     |  out|    3|       m_axi|                            gmem2|       pointer|
|m_axi_gmem2_0_AWQOS      |  out|    4|       m_axi|                            gmem2|       pointer|
|m_axi_gmem2_0_AWREGION   |  out|    4|       m_axi|                            gmem2|       pointer|
|m_axi_gmem2_0_AWUSER     |  out|    1|       m_axi|                            gmem2|       pointer|
|m_axi_gmem2_0_WVALID     |  out|    1|       m_axi|                            gmem2|       pointer|
|m_axi_gmem2_0_WREADY     |   in|    1|       m_axi|                            gmem2|       pointer|
|m_axi_gmem2_0_WDATA      |  out|   16|       m_axi|                            gmem2|       pointer|
|m_axi_gmem2_0_WSTRB      |  out|    2|       m_axi|                            gmem2|       pointer|
|m_axi_gmem2_0_WLAST      |  out|    1|       m_axi|                            gmem2|       pointer|
|m_axi_gmem2_0_WID        |  out|    1|       m_axi|                            gmem2|       pointer|
|m_axi_gmem2_0_WUSER      |  out|    1|       m_axi|                            gmem2|       pointer|
|m_axi_gmem2_0_ARVALID    |  out|    1|       m_axi|                            gmem2|       pointer|
|m_axi_gmem2_0_ARREADY    |   in|    1|       m_axi|                            gmem2|       pointer|
|m_axi_gmem2_0_ARADDR     |  out|   64|       m_axi|                            gmem2|       pointer|
|m_axi_gmem2_0_ARID       |  out|    1|       m_axi|                            gmem2|       pointer|
|m_axi_gmem2_0_ARLEN      |  out|   32|       m_axi|                            gmem2|       pointer|
|m_axi_gmem2_0_ARSIZE     |  out|    3|       m_axi|                            gmem2|       pointer|
|m_axi_gmem2_0_ARBURST    |  out|    2|       m_axi|                            gmem2|       pointer|
|m_axi_gmem2_0_ARLOCK     |  out|    2|       m_axi|                            gmem2|       pointer|
|m_axi_gmem2_0_ARCACHE    |  out|    4|       m_axi|                            gmem2|       pointer|
|m_axi_gmem2_0_ARPROT     |  out|    3|       m_axi|                            gmem2|       pointer|
|m_axi_gmem2_0_ARQOS      |  out|    4|       m_axi|                            gmem2|       pointer|
|m_axi_gmem2_0_ARREGION   |  out|    4|       m_axi|                            gmem2|       pointer|
|m_axi_gmem2_0_ARUSER     |  out|    1|       m_axi|                            gmem2|       pointer|
|m_axi_gmem2_0_RVALID     |   in|    1|       m_axi|                            gmem2|       pointer|
|m_axi_gmem2_0_RREADY     |  out|    1|       m_axi|                            gmem2|       pointer|
|m_axi_gmem2_0_RDATA      |   in|   16|       m_axi|                            gmem2|       pointer|
|m_axi_gmem2_0_RLAST      |   in|    1|       m_axi|                            gmem2|       pointer|
|m_axi_gmem2_0_RID        |   in|    1|       m_axi|                            gmem2|       pointer|
|m_axi_gmem2_0_RFIFONUM   |   in|   10|       m_axi|                            gmem2|       pointer|
|m_axi_gmem2_0_RUSER      |   in|    1|       m_axi|                            gmem2|       pointer|
|m_axi_gmem2_0_RRESP      |   in|    2|       m_axi|                            gmem2|       pointer|
|m_axi_gmem2_0_BVALID     |   in|    1|       m_axi|                            gmem2|       pointer|
|m_axi_gmem2_0_BREADY     |  out|    1|       m_axi|                            gmem2|       pointer|
|m_axi_gmem2_0_BRESP      |   in|    2|       m_axi|                            gmem2|       pointer|
|m_axi_gmem2_0_BID        |   in|    1|       m_axi|                            gmem2|       pointer|
|m_axi_gmem2_0_BUSER      |   in|    1|       m_axi|                            gmem2|       pointer|
|col_fifo_din             |  out|   32|     ap_fifo|                         col_fifo|       pointer|
|col_fifo_full_n          |   in|    1|     ap_fifo|                         col_fifo|       pointer|
|col_fifo_write           |  out|    1|     ap_fifo|                         col_fifo|       pointer|
|col_fifo_num_data_valid  |   in|    9|     ap_fifo|                         col_fifo|       pointer|
|col_fifo_fifo_cap        |   in|    9|     ap_fifo|                         col_fifo|       pointer|
|val_fifo_din             |  out|   16|     ap_fifo|                         val_fifo|       pointer|
|val_fifo_full_n          |   in|    1|     ap_fifo|                         val_fifo|       pointer|
|val_fifo_write           |  out|    1|     ap_fifo|                         val_fifo|       pointer|
|val_fifo_num_data_valid  |   in|    9|     ap_fifo|                         val_fifo|       pointer|
|val_fifo_fifo_cap        |   in|    9|     ap_fifo|                         val_fifo|       pointer|
|nnz_total                |   in|   32|     ap_none|                        nnz_total|        scalar|
|sext_ln23                |   in|   62|     ap_none|                        sext_ln23|        scalar|
|sext_ln23_1              |   in|   63|     ap_none|                      sext_ln23_1|        scalar|
+-------------------------+-----+-----+------------+---------------------------------+--------------+

