

================================================================
== Vitis HLS Report for 'spmm_compute_Pipeline_SPMM_WRITE'
================================================================
* Date:           Wed Apr 15 14:24:44 2026

* Version:        2025.2 (Build 6295257 on Nov 14 2025)
* Project:        spmm_stage
* Solution:       hls (Vivado IP Flow Target)
* Product family: zynquplus
* Target device:  xck26-sfvc784-2LV-c


================================================================
== Performance Estimates
================================================================
+ Timing: 
    * Summary: 
    +--------+----------+----------+------------+
    |  Clock |  Target  | Estimated| Uncertainty|
    +--------+----------+----------+------------+
    |ap_clk  |  10.00 ns|  3.102 ns|     2.70 ns|
    +--------+----------+----------+------------+

+ Latency: 
    * Summary: 
    +---------+---------+----------+----------+-----+-----+-------------------+
    |  Latency (cycles) |  Latency (absolute) |  Interval |      Pipeline     |
    |   min   |   max   |    min   |    max   | min | max |        Type       |
    +---------+---------+----------+----------+-----+-----+-------------------+
    |       66|       66|  0.660 us|  0.660 us|    0|    0|  loop pipeline stp|
    +---------+---------+----------+----------+-----+-----+-------------------+

    + Detail: 
        * Instance: 
        N/A

        * Loop: 
        +--------------+---------+---------+----------+-----------+-----------+------+----------+
        |              |  Latency (cycles) | Iteration|  Initiation Interval  | Trip |          |
        |   Loop Name  |   min   |   max   |  Latency |  achieved |   target  | Count| Pipelined|
        +--------------+---------+---------+----------+-----------+-----------+------+----------+
        |- SPMM_WRITE  |       64|       64|         2|          1|          1|    64|       yes|
        +--------------+---------+---------+----------+-----------+-----------+------+----------+



================================================================
== Utilization Estimates
================================================================
* Summary: 
+-----------------+---------+------+--------+--------+-----+
|       Name      | BRAM_18K|  DSP |   FF   |   LUT  | URAM|
+-----------------+---------+------+--------+--------+-----+
|DSP              |        -|     -|       -|       -|    -|
|Expression       |        -|     -|       0|      33|    -|
|FIFO             |        -|     -|       -|       -|    -|
|Instance         |        -|     -|       0|     148|    -|
|Memory           |        -|     -|       -|       -|    -|
|Multiplexer      |        -|     -|       0|      45|    -|
|Register         |        -|     -|      15|       -|    -|
+-----------------+---------+------+--------+--------+-----+
|Total            |        0|     0|      15|     226|    0|
+-----------------+---------+------+--------+--------+-----+
|Available        |      288|  1248|  234240|  117120|   64|
+-----------------+---------+------+--------+--------+-----+
|Utilization (%)  |        0|     0|      ~0|      ~0|    0|
+-----------------+---------+------+--------+--------+-----+

+ Detail: 
    * Instance: 
    +----------------------------+-----------------------+---------+----+---+-----+-----+
    |          Instance          |         Module        | BRAM_18K| DSP| FF| LUT | URAM|
    +----------------------------+-----------------------+---------+----+---+-----+-----+
    |sparsemux_65_5_26_1_1_U187  |sparsemux_65_5_26_1_1  |        0|   0|  0|  148|    0|
    +----------------------------+-----------------------+---------+----+---+-----+-----+
    |Total                       |                       |        0|   0|  0|  148|    0|
    +----------------------------+-----------------------+---------+----+---+-----+-----+

    * DSP: 
    N/A

    * Memory: 
    N/A

    * FIFO: 
    N/A

    * Expression: 
    +---------------------------+----------+----+---+----+------------+------------+
    |       Variable Name       | Operation| DSP| FF| LUT| Bitwidth P0| Bitwidth P1|
    +---------------------------+----------+----+---+----+------------+------------+
    |add_ln80_fu_617_p2         |         +|   0|  0|  14|           7|           1|
    |ap_block_pp0_stage0_01001  |       and|   0|  0|   2|           1|           1|
    |icmp_ln80_fu_611_p2        |      icmp|   0|  0|  15|           7|           8|
    |ap_enable_pp0              |       xor|   0|  0|   2|           1|           2|
    +---------------------------+----------+----+---+----+------------+------------+
    |Total                      |          |   0|  0|  33|          16|          12|
    +---------------------------+----------+----+---+----+------------+------------+

    * Multiplexer: 
    +-------------------------+----+-----------+-----+-----------+
    |           Name          | LUT| Input Size| Bits| Total Bits|
    +-------------------------+----+-----------+-----+-----------+
    |ap_done_int              |   9|          2|    1|          2|
    |ap_enable_reg_pp0_iter1  |   9|          2|    1|          2|
    |ap_sig_allocacmp_f       |   9|          2|    7|         14|
    |f_2_fu_176               |   9|          2|    7|         14|
    |result_fifo_blk_n        |   9|          2|    1|          2|
    +-------------------------+----+-----------+-----+-----------+
    |Total                    |  45|         10|   17|         34|
    +-------------------------+----+-----------+-----+-----------+

    * Register: 
    +-------------------------+---+----+-----+-----------+
    |           Name          | FF| LUT| Bits| Const Bits|
    +-------------------------+---+----+-----+-----------+
    |ap_CS_fsm                |  1|   0|    1|          0|
    |ap_done_reg              |  1|   0|    1|          0|
    |ap_enable_reg_pp0_iter1  |  1|   0|    1|          0|
    |f_2_fu_176               |  7|   0|    7|          0|
    |trunc_ln80_reg_960       |  5|   0|    5|          0|
    +-------------------------+---+----+-----+-----------+
    |Total                    | 15|   0|   15|          0|
    +-------------------------+---+----+-----+-----------+



================================================================
== Interface
================================================================
* Summary: 
+----------------------------+-----+-----+------------+----------------------------------+--------------+
|          RTL Ports         | Dir | Bits|  Protocol  |           Source Object          |    C Type    |
+----------------------------+-----+-----+------------+----------------------------------+--------------+
|ap_clk                      |   in|    1|  ap_ctrl_hs|  spmm_compute_Pipeline_SPMM_WRITE|  return value|
|ap_rst                      |   in|    1|  ap_ctrl_hs|  spmm_compute_Pipeline_SPMM_WRITE|  return value|
|ap_start                    |   in|    1|  ap_ctrl_hs|  spmm_compute_Pipeline_SPMM_WRITE|  return value|
|ap_done                     |  out|    1|  ap_ctrl_hs|  spmm_compute_Pipeline_SPMM_WRITE|  return value|
|ap_idle                     |  out|    1|  ap_ctrl_hs|  spmm_compute_Pipeline_SPMM_WRITE|  return value|
|ap_ready                    |  out|    1|  ap_ctrl_hs|  spmm_compute_Pipeline_SPMM_WRITE|  return value|
|result_fifo_din             |  out|   16|     ap_fifo|                       result_fifo|       pointer|
|result_fifo_full_n          |   in|    1|     ap_fifo|                       result_fifo|       pointer|
|result_fifo_write           |  out|    1|     ap_fifo|                       result_fifo|       pointer|
|result_fifo_num_data_valid  |   in|   32|     ap_fifo|                       result_fifo|       pointer|
|result_fifo_fifo_cap        |   in|   32|     ap_fifo|                       result_fifo|       pointer|
|acc_address0                |  out|    1|   ap_memory|                               acc|         array|
|acc_ce0                     |  out|    1|   ap_memory|                               acc|         array|
|acc_q0                      |   in|   32|   ap_memory|                               acc|         array|
|acc_1_address0              |  out|    1|   ap_memory|                             acc_1|         array|
|acc_1_ce0                   |  out|    1|   ap_memory|                             acc_1|         array|
|acc_1_q0                    |   in|   32|   ap_memory|                             acc_1|         array|
|acc_2_address0              |  out|    1|   ap_memory|                             acc_2|         array|
|acc_2_ce0                   |  out|    1|   ap_memory|                             acc_2|         array|
|acc_2_q0                    |   in|   32|   ap_memory|                             acc_2|         array|
|acc_3_address0              |  out|    1|   ap_memory|                             acc_3|         array|
|acc_3_ce0                   |  out|    1|   ap_memory|                             acc_3|         array|
|acc_3_q0                    |   in|   32|   ap_memory|                             acc_3|         array|
|acc_4_address0              |  out|    1|   ap_memory|                             acc_4|         array|
|acc_4_ce0                   |  out|    1|   ap_memory|                             acc_4|         array|
|acc_4_q0                    |   in|   32|   ap_memory|                             acc_4|         array|
|acc_5_address0              |  out|    1|   ap_memory|                             acc_5|         array|
|acc_5_ce0                   |  out|    1|   ap_memory|                             acc_5|         array|
|acc_5_q0                    |   in|   32|   ap_memory|                             acc_5|         array|
|acc_6_address0              |  out|    1|   ap_memory|                             acc_6|         array|
|acc_6_ce0                   |  out|    1|   ap_memory|                             acc_6|         array|
|acc_6_q0                    |   in|   32|   ap_memory|                             acc_6|         array|
|acc_7_address0              |  out|    1|   ap_memory|                             acc_7|         array|
|acc_7_ce0                   |  out|    1|   ap_memory|                             acc_7|         array|
|acc_7_q0                    |   in|   32|   ap_memory|                             acc_7|         array|
|acc_8_address0              |  out|    1|   ap_memory|                             acc_8|         array|
|acc_8_ce0                   |  out|    1|   ap_memory|                             acc_8|         array|
|acc_8_q0                    |   in|   32|   ap_memory|                             acc_8|         array|
|acc_9_address0              |  out|    1|   ap_memory|                             acc_9|         array|
|acc_9_ce0                   |  out|    1|   ap_memory|                             acc_9|         array|
|acc_9_q0                    |   in|   32|   ap_memory|                             acc_9|         array|
|acc_10_address0             |  out|    1|   ap_memory|                            acc_10|         array|
|acc_10_ce0                  |  out|    1|   ap_memory|                            acc_10|         array|
|acc_10_q0                   |   in|   32|   ap_memory|                            acc_10|         array|
|acc_11_address0             |  out|    1|   ap_memory|                            acc_11|         array|
|acc_11_ce0                  |  out|    1|   ap_memory|                            acc_11|         array|
|acc_11_q0                   |   in|   32|   ap_memory|                            acc_11|         array|
|acc_12_address0             |  out|    1|   ap_memory|                            acc_12|         array|
|acc_12_ce0                  |  out|    1|   ap_memory|                            acc_12|         array|
|acc_12_q0                   |   in|   32|   ap_memory|                            acc_12|         array|
|acc_13_address0             |  out|    1|   ap_memory|                            acc_13|         array|
|acc_13_ce0                  |  out|    1|   ap_memory|                            acc_13|         array|
|acc_13_q0                   |   in|   32|   ap_memory|                            acc_13|         array|
|acc_14_address0             |  out|    1|   ap_memory|                            acc_14|         array|
|acc_14_ce0                  |  out|    1|   ap_memory|                            acc_14|         array|
|acc_14_q0                   |   in|   32|   ap_memory|                            acc_14|         array|
|acc_15_address0             |  out|    1|   ap_memory|                            acc_15|         array|
|acc_15_ce0                  |  out|    1|   ap_memory|                            acc_15|         array|
|acc_15_q0                   |   in|   32|   ap_memory|                            acc_15|         array|
|acc_16_address0             |  out|    1|   ap_memory|                            acc_16|         array|
|acc_16_ce0                  |  out|    1|   ap_memory|                            acc_16|         array|
|acc_16_q0                   |   in|   32|   ap_memory|                            acc_16|         array|
|acc_17_address0             |  out|    1|   ap_memory|                            acc_17|         array|
|acc_17_ce0                  |  out|    1|   ap_memory|                            acc_17|         array|
|acc_17_q0                   |   in|   32|   ap_memory|                            acc_17|         array|
|acc_18_address0             |  out|    1|   ap_memory|                            acc_18|         array|
|acc_18_ce0                  |  out|    1|   ap_memory|                            acc_18|         array|
|acc_18_q0                   |   in|   32|   ap_memory|                            acc_18|         array|
|acc_19_address0             |  out|    1|   ap_memory|                            acc_19|         array|
|acc_19_ce0                  |  out|    1|   ap_memory|                            acc_19|         array|
|acc_19_q0                   |   in|   32|   ap_memory|                            acc_19|         array|
|acc_20_address0             |  out|    1|   ap_memory|                            acc_20|         array|
|acc_20_ce0                  |  out|    1|   ap_memory|                            acc_20|         array|
|acc_20_q0                   |   in|   32|   ap_memory|                            acc_20|         array|
|acc_21_address0             |  out|    1|   ap_memory|                            acc_21|         array|
|acc_21_ce0                  |  out|    1|   ap_memory|                            acc_21|         array|
|acc_21_q0                   |   in|   32|   ap_memory|                            acc_21|         array|
|acc_22_address0             |  out|    1|   ap_memory|                            acc_22|         array|
|acc_22_ce0                  |  out|    1|   ap_memory|                            acc_22|         array|
|acc_22_q0                   |   in|   32|   ap_memory|                            acc_22|         array|
|acc_23_address0             |  out|    1|   ap_memory|                            acc_23|         array|
|acc_23_ce0                  |  out|    1|   ap_memory|                            acc_23|         array|
|acc_23_q0                   |   in|   32|   ap_memory|                            acc_23|         array|
|acc_24_address0             |  out|    1|   ap_memory|                            acc_24|         array|
|acc_24_ce0                  |  out|    1|   ap_memory|                            acc_24|         array|
|acc_24_q0                   |   in|   32|   ap_memory|                            acc_24|         array|
|acc_25_address0             |  out|    1|   ap_memory|                            acc_25|         array|
|acc_25_ce0                  |  out|    1|   ap_memory|                            acc_25|         array|
|acc_25_q0                   |   in|   32|   ap_memory|                            acc_25|         array|
|acc_26_address0             |  out|    1|   ap_memory|                            acc_26|         array|
|acc_26_ce0                  |  out|    1|   ap_memory|                            acc_26|         array|
|acc_26_q0                   |   in|   32|   ap_memory|                            acc_26|         array|
|acc_27_address0             |  out|    1|   ap_memory|                            acc_27|         array|
|acc_27_ce0                  |  out|    1|   ap_memory|                            acc_27|         array|
|acc_27_q0                   |   in|   32|   ap_memory|                            acc_27|         array|
|acc_28_address0             |  out|    1|   ap_memory|                            acc_28|         array|
|acc_28_ce0                  |  out|    1|   ap_memory|                            acc_28|         array|
|acc_28_q0                   |   in|   32|   ap_memory|                            acc_28|         array|
|acc_29_address0             |  out|    1|   ap_memory|                            acc_29|         array|
|acc_29_ce0                  |  out|    1|   ap_memory|                            acc_29|         array|
|acc_29_q0                   |   in|   32|   ap_memory|                            acc_29|         array|
|acc_30_address0             |  out|    1|   ap_memory|                            acc_30|         array|
|acc_30_ce0                  |  out|    1|   ap_memory|                            acc_30|         array|
|acc_30_q0                   |   in|   32|   ap_memory|                            acc_30|         array|
|acc_31_address0             |  out|    1|   ap_memory|                            acc_31|         array|
|acc_31_ce0                  |  out|    1|   ap_memory|                            acc_31|         array|
|acc_31_q0                   |   in|   32|   ap_memory|                            acc_31|         array|
+----------------------------+-----+-----+------------+----------------------------------+--------------+

