Copyright 1986-2022 Xilinx, Inc. All Rights Reserved. Copyright 2022-2025 Advanced Micro Devices, Inc. All Rights Reserved.
--------------------------------------------------------------------------------------------------------------------------------------------------
| Tool Version      : Vivado v.2025.2 (lin64) Build 6299465 Fri Nov 14 12:34:56 MST 2025
| Date              : Fri Apr 17 19:22:43 2026
| Host              : nat-Yoga-Pro-9-16IAH10 running 64-bit Ubuntu 24.04.3 LTS
| Command           : report_timing -max_paths 10 -file ./report/integrated_gcn_approx_timing_paths_routed.rpt
| Design            : bd_0_wrapper
| Device            : xck26-sfvc784
| Speed File        : -2LV  PRODUCTION 1.30 05-15-2022
| Design State      : Routed
| Temperature Grade : C
--------------------------------------------------------------------------------------------------------------------------------------------------

Timing Report

Slack (MET) :             1.798ns  (required time - arrival time)
  Source:                 bd_0_i/hls_inst/inst/grp_gemm_stage_fu_148/gemm_compute_U0/grp_gemm_compute_Pipeline_COMP_KB_COMP_K_COMP_I_fu_1330/lshr_ln3_reg_10341_reg[1]/C
                            (rising edge-triggered cell FDRE clocked by ap_clk  {rise@0.000ns fall@5.000ns period=10.000ns})
  Destination:            bd_0_i/hls_inst/inst/grp_gemm_stage_fu_148/gemm_compute_U0/grp_gemm_compute_Pipeline_COMP_KB_COMP_K_COMP_I_fu_1330/mac_muladd_8s_8s_16s_16_4_1_U334/integrated_gcn_approx_mac_muladd_8s_8s_16s_16_4_1_DSP48_0_U/p_reg_reg/DSP_C_DATA_INST/C[12]
                            (rising edge-triggered cell DSP_C_DATA clocked by ap_clk  {rise@0.000ns fall@5.000ns period=10.000ns})
  Path Group:             ap_clk
  Path Type:              Setup (Max at Slow Process Corner)
  Requirement:            10.000ns  (ap_clk rise@10.000ns - ap_clk rise@0.000ns)
  Data Path Delay:        7.813ns  (logic 0.309ns (3.955%)  route 7.504ns (96.045%))
  Logic Levels:           1  (RAMD32=1)
  Clock Path Skew:        0.012ns (DCD - SCD + CPR)
    Destination Clock Delay (DCD):    0.055ns = ( 10.055 - 10.000 ) 
    Source Clock Delay      (SCD):    0.043ns
    Clock Pessimism Removal (CPR):    0.000ns
  Clock Uncertainty:      0.035ns  ((TSJ^2 + TIJ^2)^1/2 + DJ) / 2 + PE
    Total System Jitter     (TSJ):    0.071ns
    Total Input Jitter      (TIJ):    0.000ns
    Discrete Jitter          (DJ):    0.000ns
    Phase Error              (PE):    0.000ns

    Location             Delay type                Incr(ns)  Path(ns)    Netlist Resource(s)
  -------------------------------------------------------------------    -------------------
                         (clock ap_clk rise edge)     0.000     0.000 r  
                                                      0.000     0.000 r  ap_clk (IN)
                         net (fo=36268, unset)        0.043     0.043    bd_0_i/hls_inst/inst/grp_gemm_stage_fu_148/gemm_compute_U0/grp_gemm_compute_Pipeline_COMP_KB_COMP_K_COMP_I_fu_1330/ap_clk
    SLICE_X32Y98         FDRE                                         r  bd_0_i/hls_inst/inst/grp_gemm_stage_fu_148/gemm_compute_U0/grp_gemm_compute_Pipeline_COMP_KB_COMP_K_COMP_I_fu_1330/lshr_ln3_reg_10341_reg[1]/C
  -------------------------------------------------------------------    -------------------
    SLICE_X32Y98         FDRE (Prop_CFF2_SLICEM_C_Q)
                                                      0.114     0.157 r  bd_0_i/hls_inst/inst/grp_gemm_stage_fu_148/gemm_compute_U0/grp_gemm_compute_Pipeline_COMP_KB_COMP_K_COMP_I_fu_1330/lshr_ln3_reg_10341_reg[1]/Q
                         net (fo=4097, routed)        7.231     7.388    bd_0_i/hls_inst/inst/grp_gemm_stage_fu_148/gemm_compute_U0/XW_block_65_U/ram_reg_0_15_12_12/DPRA1
    SLICE_X20Y166        RAMD32 (Prop_E5LUT_SLICEM_RADR1_O)
                                                      0.195     7.583 r  bd_0_i/hls_inst/inst/grp_gemm_stage_fu_148/gemm_compute_U0/XW_block_65_U/ram_reg_0_15_12_12/DP/O
                         net (fo=1, routed)           0.273     7.856    bd_0_i/hls_inst/inst/grp_gemm_stage_fu_148/gemm_compute_U0/grp_gemm_compute_Pipeline_COMP_KB_COMP_K_COMP_I_fu_1330/mac_muladd_8s_8s_16s_16_4_1_U334/integrated_gcn_approx_mac_muladd_8s_8s_16s_16_4_1_DSP48_0_U/p_reg_reg/C[12]
    DSP48E2_X5Y66        DSP_C_DATA                                   r  bd_0_i/hls_inst/inst/grp_gemm_stage_fu_148/gemm_compute_U0/grp_gemm_compute_Pipeline_COMP_KB_COMP_K_COMP_I_fu_1330/mac_muladd_8s_8s_16s_16_4_1_U334/integrated_gcn_approx_mac_muladd_8s_8s_16s_16_4_1_DSP48_0_U/p_reg_reg/DSP_C_DATA_INST/C[12]
  -------------------------------------------------------------------    -------------------

                         (clock ap_clk rise edge)    10.000    10.000 r  
                                                      0.000    10.000 r  ap_clk (IN)
                         net (fo=36268, unset)        0.055    10.055    bd_0_i/hls_inst/inst/grp_gemm_stage_fu_148/gemm_compute_U0/grp_gemm_compute_Pipeline_COMP_KB_COMP_K_COMP_I_fu_1330/mac_muladd_8s_8s_16s_16_4_1_U334/integrated_gcn_approx_mac_muladd_8s_8s_16s_16_4_1_DSP48_0_U/p_reg_reg/CLK
    DSP48E2_X5Y66        DSP_C_DATA                                   r  bd_0_i/hls_inst/inst/grp_gemm_stage_fu_148/gemm_compute_U0/grp_gemm_compute_Pipeline_COMP_KB_COMP_K_COMP_I_fu_1330/mac_muladd_8s_8s_16s_16_4_1_U334/integrated_gcn_approx_mac_muladd_8s_8s_16s_16_4_1_DSP48_0_U/p_reg_reg/DSP_C_DATA_INST/CLK
                         clock pessimism              0.000    10.055    
                         clock uncertainty           -0.035    10.020    
    DSP48E2_X5Y66        DSP_C_DATA (Setup_DSP_C_DATA_DSP48E2_CLK_C[12])
                                                     -0.366     9.654    bd_0_i/hls_inst/inst/grp_gemm_stage_fu_148/gemm_compute_U0/grp_gemm_compute_Pipeline_COMP_KB_COMP_K_COMP_I_fu_1330/mac_muladd_8s_8s_16s_16_4_1_U334/integrated_gcn_approx_mac_muladd_8s_8s_16s_16_4_1_DSP48_0_U/p_reg_reg/DSP_C_DATA_INST
  -------------------------------------------------------------------
                         required time                          9.654    
                         arrival time                          -7.856    
  -------------------------------------------------------------------
                         slack                                  1.798    

Slack (MET) :             1.834ns  (required time - arrival time)
  Source:                 bd_0_i/hls_inst/inst/grp_gemm_stage_fu_148/gemm_compute_U0/grp_gemm_compute_Pipeline_COMP_KB_COMP_K_COMP_I_fu_1330/lshr_ln3_reg_10341_reg[1]/C
                            (rising edge-triggered cell FDRE clocked by ap_clk  {rise@0.000ns fall@5.000ns period=10.000ns})
  Destination:            bd_0_i/hls_inst/inst/grp_gemm_stage_fu_148/gemm_compute_U0/grp_gemm_compute_Pipeline_COMP_KB_COMP_K_COMP_I_fu_1330/mac_muladd_8s_8s_16s_16_4_1_U334/integrated_gcn_approx_mac_muladd_8s_8s_16s_16_4_1_DSP48_0_U/p_reg_reg/DSP_C_DATA_INST/C[2]
                            (rising edge-triggered cell DSP_C_DATA clocked by ap_clk  {rise@0.000ns fall@5.000ns period=10.000ns})
  Path Group:             ap_clk
  Path Type:              Setup (Max at Slow Process Corner)
  Requirement:            10.000ns  (ap_clk rise@10.000ns - ap_clk rise@0.000ns)
  Data Path Delay:        7.767ns  (logic 0.300ns (3.863%)  route 7.467ns (96.137%))
  Logic Levels:           1  (RAMD32=1)
  Clock Path Skew:        0.012ns (DCD - SCD + CPR)
    Destination Clock Delay (DCD):    0.055ns = ( 10.055 - 10.000 ) 
    Source Clock Delay      (SCD):    0.043ns
    Clock Pessimism Removal (CPR):    0.000ns
  Clock Uncertainty:      0.035ns  ((TSJ^2 + TIJ^2)^1/2 + DJ) / 2 + PE
    Total System Jitter     (TSJ):    0.071ns
    Total Input Jitter      (TIJ):    0.000ns
    Discrete Jitter          (DJ):    0.000ns
    Phase Error              (PE):    0.000ns

    Location             Delay type                Incr(ns)  Path(ns)    Netlist Resource(s)
  -------------------------------------------------------------------    -------------------
                         (clock ap_clk rise edge)     0.000     0.000 r  
                                                      0.000     0.000 r  ap_clk (IN)
                         net (fo=36268, unset)        0.043     0.043    bd_0_i/hls_inst/inst/grp_gemm_stage_fu_148/gemm_compute_U0/grp_gemm_compute_Pipeline_COMP_KB_COMP_K_COMP_I_fu_1330/ap_clk
    SLICE_X32Y98         FDRE                                         r  bd_0_i/hls_inst/inst/grp_gemm_stage_fu_148/gemm_compute_U0/grp_gemm_compute_Pipeline_COMP_KB_COMP_K_COMP_I_fu_1330/lshr_ln3_reg_10341_reg[1]/C
  -------------------------------------------------------------------    -------------------
    SLICE_X32Y98         FDRE (Prop_CFF2_SLICEM_C_Q)
                                                      0.114     0.157 r  bd_0_i/hls_inst/inst/grp_gemm_stage_fu_148/gemm_compute_U0/grp_gemm_compute_Pipeline_COMP_KB_COMP_K_COMP_I_fu_1330/lshr_ln3_reg_10341_reg[1]/Q
                         net (fo=4097, routed)        7.177     7.334    bd_0_i/hls_inst/inst/grp_gemm_stage_fu_148/gemm_compute_U0/XW_block_65_U/ram_reg_0_15_2_2/DPRA1
    SLICE_X20Y165        RAMD32 (Prop_G6LUT_SLICEM_RADR1_O)
                                                      0.186     7.520 r  bd_0_i/hls_inst/inst/grp_gemm_stage_fu_148/gemm_compute_U0/XW_block_65_U/ram_reg_0_15_2_2/DP/O
                         net (fo=1, routed)           0.290     7.810    bd_0_i/hls_inst/inst/grp_gemm_stage_fu_148/gemm_compute_U0/grp_gemm_compute_Pipeline_COMP_KB_COMP_K_COMP_I_fu_1330/mac_muladd_8s_8s_16s_16_4_1_U334/integrated_gcn_approx_mac_muladd_8s_8s_16s_16_4_1_DSP48_0_U/p_reg_reg/C[2]
    DSP48E2_X5Y66        DSP_C_DATA                                   r  bd_0_i/hls_inst/inst/grp_gemm_stage_fu_148/gemm_compute_U0/grp_gemm_compute_Pipeline_COMP_KB_COMP_K_COMP_I_fu_1330/mac_muladd_8s_8s_16s_16_4_1_U334/integrated_gcn_approx_mac_muladd_8s_8s_16s_16_4_1_DSP48_0_U/p_reg_reg/DSP_C_DATA_INST/C[2]
  -------------------------------------------------------------------    -------------------

                         (clock ap_clk rise edge)    10.000    10.000 r  
                                                      0.000    10.000 r  ap_clk (IN)
                         net (fo=36268, unset)        0.055    10.055    bd_0_i/hls_inst/inst/grp_gemm_stage_fu_148/gemm_compute_U0/grp_gemm_compute_Pipeline_COMP_KB_COMP_K_COMP_I_fu_1330/mac_muladd_8s_8s_16s_16_4_1_U334/integrated_gcn_approx_mac_muladd_8s_8s_16s_16_4_1_DSP48_0_U/p_reg_reg/CLK
    DSP48E2_X5Y66        DSP_C_DATA                                   r  bd_0_i/hls_inst/inst/grp_gemm_stage_fu_148/gemm_compute_U0/grp_gemm_compute_Pipeline_COMP_KB_COMP_K_COMP_I_fu_1330/mac_muladd_8s_8s_16s_16_4_1_U334/integrated_gcn_approx_mac_muladd_8s_8s_16s_16_4_1_DSP48_0_U/p_reg_reg/DSP_C_DATA_INST/CLK
                         clock pessimism              0.000    10.055    
                         clock uncertainty           -0.035    10.020    
    DSP48E2_X5Y66        DSP_C_DATA (Setup_DSP_C_DATA_DSP48E2_CLK_C[2])
                                                     -0.376     9.644    bd_0_i/hls_inst/inst/grp_gemm_stage_fu_148/gemm_compute_U0/grp_gemm_compute_Pipeline_COMP_KB_COMP_K_COMP_I_fu_1330/mac_muladd_8s_8s_16s_16_4_1_U334/integrated_gcn_approx_mac_muladd_8s_8s_16s_16_4_1_DSP48_0_U/p_reg_reg/DSP_C_DATA_INST
  -------------------------------------------------------------------
                         required time                          9.644    
                         arrival time                          -7.810    
  -------------------------------------------------------------------
                         slack                                  1.834    

Slack (MET) :             1.881ns  (required time - arrival time)
  Source:                 bd_0_i/hls_inst/inst/grp_gemm_stage_fu_148/gemm_compute_U0/grp_gemm_compute_Pipeline_COMP_KB_COMP_K_COMP_I_fu_1330/lshr_ln3_reg_10341_reg[1]/C
                            (rising edge-triggered cell FDRE clocked by ap_clk  {rise@0.000ns fall@5.000ns period=10.000ns})
  Destination:            bd_0_i/hls_inst/inst/grp_gemm_stage_fu_148/gemm_compute_U0/grp_gemm_compute_Pipeline_COMP_KB_COMP_K_COMP_I_fu_1330/mac_muladd_8s_8s_16s_16_4_1_U334/integrated_gcn_approx_mac_muladd_8s_8s_16s_16_4_1_DSP48_0_U/p_reg_reg/DSP_C_DATA_INST/C[3]
                            (rising edge-triggered cell DSP_C_DATA clocked by ap_clk  {rise@0.000ns fall@5.000ns period=10.000ns})
  Path Group:             ap_clk
  Path Type:              Setup (Max at Slow Process Corner)
  Requirement:            10.000ns  (ap_clk rise@10.000ns - ap_clk rise@0.000ns)
  Data Path Delay:        7.711ns  (logic 0.306ns (3.968%)  route 7.405ns (96.032%))
  Logic Levels:           1  (RAMD32=1)
  Clock Path Skew:        0.012ns (DCD - SCD + CPR)
    Destination Clock Delay (DCD):    0.055ns = ( 10.055 - 10.000 ) 
    Source Clock Delay      (SCD):    0.043ns
    Clock Pessimism Removal (CPR):    0.000ns
  Clock Uncertainty:      0.035ns  ((TSJ^2 + TIJ^2)^1/2 + DJ) / 2 + PE
    Total System Jitter     (TSJ):    0.071ns
    Total Input Jitter      (TIJ):    0.000ns
    Discrete Jitter          (DJ):    0.000ns
    Phase Error              (PE):    0.000ns

    Location             Delay type                Incr(ns)  Path(ns)    Netlist Resource(s)
  -------------------------------------------------------------------    -------------------
                         (clock ap_clk rise edge)     0.000     0.000 r  
                                                      0.000     0.000 r  ap_clk (IN)
                         net (fo=36268, unset)        0.043     0.043    bd_0_i/hls_inst/inst/grp_gemm_stage_fu_148/gemm_compute_U0/grp_gemm_compute_Pipeline_COMP_KB_COMP_K_COMP_I_fu_1330/ap_clk
    SLICE_X32Y98         FDRE                                         r  bd_0_i/hls_inst/inst/grp_gemm_stage_fu_148/gemm_compute_U0/grp_gemm_compute_Pipeline_COMP_KB_COMP_K_COMP_I_fu_1330/lshr_ln3_reg_10341_reg[1]/C
  -------------------------------------------------------------------    -------------------
    SLICE_X32Y98         FDRE (Prop_CFF2_SLICEM_C_Q)
                                                      0.114     0.157 r  bd_0_i/hls_inst/inst/grp_gemm_stage_fu_148/gemm_compute_U0/grp_gemm_compute_Pipeline_COMP_KB_COMP_K_COMP_I_fu_1330/lshr_ln3_reg_10341_reg[1]/Q
                         net (fo=4097, routed)        7.177     7.334    bd_0_i/hls_inst/inst/grp_gemm_stage_fu_148/gemm_compute_U0/XW_block_65_U/ram_reg_0_15_3_3/DPRA1
    SLICE_X20Y165        RAMD32 (Prop_G5LUT_SLICEM_RADR1_O)
                                                      0.192     7.526 r  bd_0_i/hls_inst/inst/grp_gemm_stage_fu_148/gemm_compute_U0/XW_block_65_U/ram_reg_0_15_3_3/DP/O
                         net (fo=1, routed)           0.228     7.754    bd_0_i/hls_inst/inst/grp_gemm_stage_fu_148/gemm_compute_U0/grp_gemm_compute_Pipeline_COMP_KB_COMP_K_COMP_I_fu_1330/mac_muladd_8s_8s_16s_16_4_1_U334/integrated_gcn_approx_mac_muladd_8s_8s_16s_16_4_1_DSP48_0_U/p_reg_reg/C[3]
    DSP48E2_X5Y66        DSP_C_DATA                                   r  bd_0_i/hls_inst/inst/grp_gemm_stage_fu_148/gemm_compute_U0/grp_gemm_compute_Pipeline_COMP_KB_COMP_K_COMP_I_fu_1330/mac_muladd_8s_8s_16s_16_4_1_U334/integrated_gcn_approx_mac_muladd_8s_8s_16s_16_4_1_DSP48_0_U/p_reg_reg/DSP_C_DATA_INST/C[3]
  -------------------------------------------------------------------    -------------------

                         (clock ap_clk rise edge)    10.000    10.000 r  
                                                      0.000    10.000 r  ap_clk (IN)
                         net (fo=36268, unset)        0.055    10.055    bd_0_i/hls_inst/inst/grp_gemm_stage_fu_148/gemm_compute_U0/grp_gemm_compute_Pipeline_COMP_KB_COMP_K_COMP_I_fu_1330/mac_muladd_8s_8s_16s_16_4_1_U334/integrated_gcn_approx_mac_muladd_8s_8s_16s_16_4_1_DSP48_0_U/p_reg_reg/CLK
    DSP48E2_X5Y66        DSP_C_DATA                                   r  bd_0_i/hls_inst/inst/grp_gemm_stage_fu_148/gemm_compute_U0/grp_gemm_compute_Pipeline_COMP_KB_COMP_K_COMP_I_fu_1330/mac_muladd_8s_8s_16s_16_4_1_U334/integrated_gcn_approx_mac_muladd_8s_8s_16s_16_4_1_DSP48_0_U/p_reg_reg/DSP_C_DATA_INST/CLK
                         clock pessimism              0.000    10.055    
                         clock uncertainty           -0.035    10.020    
    DSP48E2_X5Y66        DSP_C_DATA (Setup_DSP_C_DATA_DSP48E2_CLK_C[3])
                                                     -0.385     9.635    bd_0_i/hls_inst/inst/grp_gemm_stage_fu_148/gemm_compute_U0/grp_gemm_compute_Pipeline_COMP_KB_COMP_K_COMP_I_fu_1330/mac_muladd_8s_8s_16s_16_4_1_U334/integrated_gcn_approx_mac_muladd_8s_8s_16s_16_4_1_DSP48_0_U/p_reg_reg/DSP_C_DATA_INST
  -------------------------------------------------------------------
                         required time                          9.635    
                         arrival time                          -7.754    
  -------------------------------------------------------------------
                         slack                                  1.881    

Slack (MET) :             1.892ns  (required time - arrival time)
  Source:                 bd_0_i/hls_inst/inst/grp_gemm_stage_fu_148/gemm_compute_U0/grp_gemm_compute_Pipeline_COMP_KB_COMP_K_COMP_I_fu_1330/lshr_ln3_reg_10341_reg[1]/C
                            (rising edge-triggered cell FDRE clocked by ap_clk  {rise@0.000ns fall@5.000ns period=10.000ns})
  Destination:            bd_0_i/hls_inst/inst/grp_gemm_stage_fu_148/gemm_compute_U0/grp_gemm_compute_Pipeline_COMP_KB_COMP_K_COMP_I_fu_1330/mac_muladd_8s_8s_16s_16_4_1_U334/integrated_gcn_approx_mac_muladd_8s_8s_16s_16_4_1_DSP48_0_U/p_reg_reg/DSP_C_DATA_INST/C[9]
                            (rising edge-triggered cell DSP_C_DATA clocked by ap_clk  {rise@0.000ns fall@5.000ns period=10.000ns})
  Path Group:             ap_clk
  Path Type:              Setup (Max at Slow Process Corner)
  Requirement:            10.000ns  (ap_clk rise@10.000ns - ap_clk rise@0.000ns)
  Data Path Delay:        7.681ns  (logic 0.308ns (4.010%)  route 7.373ns (95.990%))
  Logic Levels:           1  (RAMD32=1)
  Clock Path Skew:        0.012ns (DCD - SCD + CPR)
    Destination Clock Delay (DCD):    0.055ns = ( 10.055 - 10.000 ) 
    Source Clock Delay      (SCD):    0.043ns
    Clock Pessimism Removal (CPR):    0.000ns
  Clock Uncertainty:      0.035ns  ((TSJ^2 + TIJ^2)^1/2 + DJ) / 2 + PE
    Total System Jitter     (TSJ):    0.071ns
    Total Input Jitter      (TIJ):    0.000ns
    Discrete Jitter          (DJ):    0.000ns
    Phase Error              (PE):    0.000ns

    Location             Delay type                Incr(ns)  Path(ns)    Netlist Resource(s)
  -------------------------------------------------------------------    -------------------
                         (clock ap_clk rise edge)     0.000     0.000 r  
                                                      0.000     0.000 r  ap_clk (IN)
                         net (fo=36268, unset)        0.043     0.043    bd_0_i/hls_inst/inst/grp_gemm_stage_fu_148/gemm_compute_U0/grp_gemm_compute_Pipeline_COMP_KB_COMP_K_COMP_I_fu_1330/ap_clk
    SLICE_X32Y98         FDRE                                         r  bd_0_i/hls_inst/inst/grp_gemm_stage_fu_148/gemm_compute_U0/grp_gemm_compute_Pipeline_COMP_KB_COMP_K_COMP_I_fu_1330/lshr_ln3_reg_10341_reg[1]/C
  -------------------------------------------------------------------    -------------------
    SLICE_X32Y98         FDRE (Prop_CFF2_SLICEM_C_Q)
                                                      0.114     0.157 r  bd_0_i/hls_inst/inst/grp_gemm_stage_fu_148/gemm_compute_U0/grp_gemm_compute_Pipeline_COMP_KB_COMP_K_COMP_I_fu_1330/lshr_ln3_reg_10341_reg[1]/Q
                         net (fo=4097, routed)        7.068     7.225    bd_0_i/hls_inst/inst/grp_gemm_stage_fu_148/gemm_compute_U0/XW_block_65_U/ram_reg_0_15_9_9/DPRA1
    SLICE_X20Y165        RAMD32 (Prop_A5LUT_SLICEM_RADR1_O)
                                                      0.194     7.419 r  bd_0_i/hls_inst/inst/grp_gemm_stage_fu_148/gemm_compute_U0/XW_block_65_U/ram_reg_0_15_9_9/DP/O
                         net (fo=1, routed)           0.305     7.724    bd_0_i/hls_inst/inst/grp_gemm_stage_fu_148/gemm_compute_U0/grp_gemm_compute_Pipeline_COMP_KB_COMP_K_COMP_I_fu_1330/mac_muladd_8s_8s_16s_16_4_1_U334/integrated_gcn_approx_mac_muladd_8s_8s_16s_16_4_1_DSP48_0_U/p_reg_reg/C[9]
    DSP48E2_X5Y66        DSP_C_DATA                                   r  bd_0_i/hls_inst/inst/grp_gemm_stage_fu_148/gemm_compute_U0/grp_gemm_compute_Pipeline_COMP_KB_COMP_K_COMP_I_fu_1330/mac_muladd_8s_8s_16s_16_4_1_U334/integrated_gcn_approx_mac_muladd_8s_8s_16s_16_4_1_DSP48_0_U/p_reg_reg/DSP_C_DATA_INST/C[9]
  -------------------------------------------------------------------    -------------------

                         (clock ap_clk rise edge)    10.000    10.000 r  
                                                      0.000    10.000 r  ap_clk (IN)
                         net (fo=36268, unset)        0.055    10.055    bd_0_i/hls_inst/inst/grp_gemm_stage_fu_148/gemm_compute_U0/grp_gemm_compute_Pipeline_COMP_KB_COMP_K_COMP_I_fu_1330/mac_muladd_8s_8s_16s_16_4_1_U334/integrated_gcn_approx_mac_muladd_8s_8s_16s_16_4_1_DSP48_0_U/p_reg_reg/CLK
    DSP48E2_X5Y66        DSP_C_DATA                                   r  bd_0_i/hls_inst/inst/grp_gemm_stage_fu_148/gemm_compute_U0/grp_gemm_compute_Pipeline_COMP_KB_COMP_K_COMP_I_fu_1330/mac_muladd_8s_8s_16s_16_4_1_U334/integrated_gcn_approx_mac_muladd_8s_8s_16s_16_4_1_DSP48_0_U/p_reg_reg/DSP_C_DATA_INST/CLK
                         clock pessimism              0.000    10.055    
                         clock uncertainty           -0.035    10.020    
    DSP48E2_X5Y66        DSP_C_DATA (Setup_DSP_C_DATA_DSP48E2_CLK_C[9])
                                                     -0.404     9.616    bd_0_i/hls_inst/inst/grp_gemm_stage_fu_148/gemm_compute_U0/grp_gemm_compute_Pipeline_COMP_KB_COMP_K_COMP_I_fu_1330/mac_muladd_8s_8s_16s_16_4_1_U334/integrated_gcn_approx_mac_muladd_8s_8s_16s_16_4_1_DSP48_0_U/p_reg_reg/DSP_C_DATA_INST
  -------------------------------------------------------------------
                         required time                          9.616    
                         arrival time                          -7.724    
  -------------------------------------------------------------------
                         slack                                  1.892    

Slack (MET) :             1.902ns  (required time - arrival time)
  Source:                 bd_0_i/hls_inst/inst/grp_gemm_stage_fu_148/gemm_compute_U0/grp_gemm_compute_Pipeline_COMP_KB_COMP_K_COMP_I_fu_1330/lshr_ln3_reg_10341_reg[1]/C
                            (rising edge-triggered cell FDRE clocked by ap_clk  {rise@0.000ns fall@5.000ns period=10.000ns})
  Destination:            bd_0_i/hls_inst/inst/grp_gemm_stage_fu_148/gemm_compute_U0/grp_gemm_compute_Pipeline_COMP_KB_COMP_K_COMP_I_fu_1330/mac_muladd_8s_8s_16s_16_4_1_U334/integrated_gcn_approx_mac_muladd_8s_8s_16s_16_4_1_DSP48_0_U/p_reg_reg/DSP_C_DATA_INST/C[6]
                            (rising edge-triggered cell DSP_C_DATA clocked by ap_clk  {rise@0.000ns fall@5.000ns period=10.000ns})
  Path Group:             ap_clk
  Path Type:              Setup (Max at Slow Process Corner)
  Requirement:            10.000ns  (ap_clk rise@10.000ns - ap_clk rise@0.000ns)
  Data Path Delay:        7.707ns  (logic 0.300ns (3.893%)  route 7.407ns (96.107%))
  Logic Levels:           1  (RAMD32=1)
  Clock Path Skew:        0.012ns (DCD - SCD + CPR)
    Destination Clock Delay (DCD):    0.055ns = ( 10.055 - 10.000 ) 
    Source Clock Delay      (SCD):    0.043ns
    Clock Pessimism Removal (CPR):    0.000ns
  Clock Uncertainty:      0.035ns  ((TSJ^2 + TIJ^2)^1/2 + DJ) / 2 + PE
    Total System Jitter     (TSJ):    0.071ns
    Total Input Jitter      (TIJ):    0.000ns
    Discrete Jitter          (DJ):    0.000ns
    Phase Error              (PE):    0.000ns

    Location             Delay type                Incr(ns)  Path(ns)    Netlist Resource(s)
  -------------------------------------------------------------------    -------------------
                         (clock ap_clk rise edge)     0.000     0.000 r  
                                                      0.000     0.000 r  ap_clk (IN)
                         net (fo=36268, unset)        0.043     0.043    bd_0_i/hls_inst/inst/grp_gemm_stage_fu_148/gemm_compute_U0/grp_gemm_compute_Pipeline_COMP_KB_COMP_K_COMP_I_fu_1330/ap_clk
    SLICE_X32Y98         FDRE                                         r  bd_0_i/hls_inst/inst/grp_gemm_stage_fu_148/gemm_compute_U0/grp_gemm_compute_Pipeline_COMP_KB_COMP_K_COMP_I_fu_1330/lshr_ln3_reg_10341_reg[1]/C
  -------------------------------------------------------------------    -------------------
    SLICE_X32Y98         FDRE (Prop_CFF2_SLICEM_C_Q)
                                                      0.114     0.157 r  bd_0_i/hls_inst/inst/grp_gemm_stage_fu_148/gemm_compute_U0/grp_gemm_compute_Pipeline_COMP_KB_COMP_K_COMP_I_fu_1330/lshr_ln3_reg_10341_reg[1]/Q
                         net (fo=4097, routed)        7.070     7.227    bd_0_i/hls_inst/inst/grp_gemm_stage_fu_148/gemm_compute_U0/XW_block_65_U/ram_reg_0_15_6_6/DPRA1
    SLICE_X20Y165        RAMD32 (Prop_C6LUT_SLICEM_RADR1_O)
                                                      0.186     7.413 r  bd_0_i/hls_inst/inst/grp_gemm_stage_fu_148/gemm_compute_U0/XW_block_65_U/ram_reg_0_15_6_6/DP/O
                         net (fo=1, routed)           0.337     7.750    bd_0_i/hls_inst/inst/grp_gemm_stage_fu_148/gemm_compute_U0/grp_gemm_compute_Pipeline_COMP_KB_COMP_K_COMP_I_fu_1330/mac_muladd_8s_8s_16s_16_4_1_U334/integrated_gcn_approx_mac_muladd_8s_8s_16s_16_4_1_DSP48_0_U/p_reg_reg/C[6]
    DSP48E2_X5Y66        DSP_C_DATA                                   r  bd_0_i/hls_inst/inst/grp_gemm_stage_fu_148/gemm_compute_U0/grp_gemm_compute_Pipeline_COMP_KB_COMP_K_COMP_I_fu_1330/mac_muladd_8s_8s_16s_16_4_1_U334/integrated_gcn_approx_mac_muladd_8s_8s_16s_16_4_1_DSP48_0_U/p_reg_reg/DSP_C_DATA_INST/C[6]
  -------------------------------------------------------------------    -------------------

                         (clock ap_clk rise edge)    10.000    10.000 r  
                                                      0.000    10.000 r  ap_clk (IN)
                         net (fo=36268, unset)        0.055    10.055    bd_0_i/hls_inst/inst/grp_gemm_stage_fu_148/gemm_compute_U0/grp_gemm_compute_Pipeline_COMP_KB_COMP_K_COMP_I_fu_1330/mac_muladd_8s_8s_16s_16_4_1_U334/integrated_gcn_approx_mac_muladd_8s_8s_16s_16_4_1_DSP48_0_U/p_reg_reg/CLK
    DSP48E2_X5Y66        DSP_C_DATA                                   r  bd_0_i/hls_inst/inst/grp_gemm_stage_fu_148/gemm_compute_U0/grp_gemm_compute_Pipeline_COMP_KB_COMP_K_COMP_I_fu_1330/mac_muladd_8s_8s_16s_16_4_1_U334/integrated_gcn_approx_mac_muladd_8s_8s_16s_16_4_1_DSP48_0_U/p_reg_reg/DSP_C_DATA_INST/CLK
                         clock pessimism              0.000    10.055    
                         clock uncertainty           -0.035    10.020    
    DSP48E2_X5Y66        DSP_C_DATA (Setup_DSP_C_DATA_DSP48E2_CLK_C[6])
                                                     -0.368     9.652    bd_0_i/hls_inst/inst/grp_gemm_stage_fu_148/gemm_compute_U0/grp_gemm_compute_Pipeline_COMP_KB_COMP_K_COMP_I_fu_1330/mac_muladd_8s_8s_16s_16_4_1_U334/integrated_gcn_approx_mac_muladd_8s_8s_16s_16_4_1_DSP48_0_U/p_reg_reg/DSP_C_DATA_INST
  -------------------------------------------------------------------
                         required time                          9.652    
                         arrival time                          -7.750    
  -------------------------------------------------------------------
                         slack                                  1.902    

Slack (MET) :             1.976ns  (required time - arrival time)
  Source:                 bd_0_i/hls_inst/inst/grp_gemm_stage_fu_148/gemm_compute_U0/grp_gemm_compute_Pipeline_COMP_KB_COMP_K_COMP_I_fu_1330/lshr_ln3_reg_10341_reg[1]/C
                            (rising edge-triggered cell FDRE clocked by ap_clk  {rise@0.000ns fall@5.000ns period=10.000ns})
  Destination:            bd_0_i/hls_inst/inst/grp_gemm_stage_fu_148/gemm_compute_U0/grp_gemm_compute_Pipeline_COMP_KB_COMP_K_COMP_I_fu_1330/mac_muladd_8s_8s_16s_16_4_1_U334/integrated_gcn_approx_mac_muladd_8s_8s_16s_16_4_1_DSP48_0_U/p_reg_reg/DSP_C_DATA_INST/C[11]
                            (rising edge-triggered cell DSP_C_DATA clocked by ap_clk  {rise@0.000ns fall@5.000ns period=10.000ns})
  Path Group:             ap_clk
  Path Type:              Setup (Max at Slow Process Corner)
  Requirement:            10.000ns  (ap_clk rise@10.000ns - ap_clk rise@0.000ns)
  Data Path Delay:        7.633ns  (logic 0.301ns (3.943%)  route 7.332ns (96.057%))
  Logic Levels:           1  (RAMD32=1)
  Clock Path Skew:        0.012ns (DCD - SCD + CPR)
    Destination Clock Delay (DCD):    0.055ns = ( 10.055 - 10.000 ) 
    Source Clock Delay      (SCD):    0.043ns
    Clock Pessimism Removal (CPR):    0.000ns
  Clock Uncertainty:      0.035ns  ((TSJ^2 + TIJ^2)^1/2 + DJ) / 2 + PE
    Total System Jitter     (TSJ):    0.071ns
    Total Input Jitter      (TIJ):    0.000ns
    Discrete Jitter          (DJ):    0.000ns
    Phase Error              (PE):    0.000ns

    Location             Delay type                Incr(ns)  Path(ns)    Netlist Resource(s)
  -------------------------------------------------------------------    -------------------
                         (clock ap_clk rise edge)     0.000     0.000 r  
                                                      0.000     0.000 r  ap_clk (IN)
                         net (fo=36268, unset)        0.043     0.043    bd_0_i/hls_inst/inst/grp_gemm_stage_fu_148/gemm_compute_U0/grp_gemm_compute_Pipeline_COMP_KB_COMP_K_COMP_I_fu_1330/ap_clk
    SLICE_X32Y98         FDRE                                         r  bd_0_i/hls_inst/inst/grp_gemm_stage_fu_148/gemm_compute_U0/grp_gemm_compute_Pipeline_COMP_KB_COMP_K_COMP_I_fu_1330/lshr_ln3_reg_10341_reg[1]/C
  -------------------------------------------------------------------    -------------------
    SLICE_X32Y98         FDRE (Prop_CFF2_SLICEM_C_Q)
                                                      0.114     0.157 r  bd_0_i/hls_inst/inst/grp_gemm_stage_fu_148/gemm_compute_U0/grp_gemm_compute_Pipeline_COMP_KB_COMP_K_COMP_I_fu_1330/lshr_ln3_reg_10341_reg[1]/Q
                         net (fo=4097, routed)        7.231     7.388    bd_0_i/hls_inst/inst/grp_gemm_stage_fu_148/gemm_compute_U0/XW_block_65_U/ram_reg_0_15_11_11/DPRA1
    SLICE_X20Y166        RAMD32 (Prop_E6LUT_SLICEM_RADR1_O)
                                                      0.187     7.575 r  bd_0_i/hls_inst/inst/grp_gemm_stage_fu_148/gemm_compute_U0/XW_block_65_U/ram_reg_0_15_11_11/DP/O
                         net (fo=1, routed)           0.101     7.676    bd_0_i/hls_inst/inst/grp_gemm_stage_fu_148/gemm_compute_U0/grp_gemm_compute_Pipeline_COMP_KB_COMP_K_COMP_I_fu_1330/mac_muladd_8s_8s_16s_16_4_1_U334/integrated_gcn_approx_mac_muladd_8s_8s_16s_16_4_1_DSP48_0_U/p_reg_reg/C[11]
    DSP48E2_X5Y66        DSP_C_DATA                                   r  bd_0_i/hls_inst/inst/grp_gemm_stage_fu_148/gemm_compute_U0/grp_gemm_compute_Pipeline_COMP_KB_COMP_K_COMP_I_fu_1330/mac_muladd_8s_8s_16s_16_4_1_U334/integrated_gcn_approx_mac_muladd_8s_8s_16s_16_4_1_DSP48_0_U/p_reg_reg/DSP_C_DATA_INST/C[11]
  -------------------------------------------------------------------    -------------------

                         (clock ap_clk rise edge)    10.000    10.000 r  
                                                      0.000    10.000 r  ap_clk (IN)
                         net (fo=36268, unset)        0.055    10.055    bd_0_i/hls_inst/inst/grp_gemm_stage_fu_148/gemm_compute_U0/grp_gemm_compute_Pipeline_COMP_KB_COMP_K_COMP_I_fu_1330/mac_muladd_8s_8s_16s_16_4_1_U334/integrated_gcn_approx_mac_muladd_8s_8s_16s_16_4_1_DSP48_0_U/p_reg_reg/CLK
    DSP48E2_X5Y66        DSP_C_DATA                                   r  bd_0_i/hls_inst/inst/grp_gemm_stage_fu_148/gemm_compute_U0/grp_gemm_compute_Pipeline_COMP_KB_COMP_K_COMP_I_fu_1330/mac_muladd_8s_8s_16s_16_4_1_U334/integrated_gcn_approx_mac_muladd_8s_8s_16s_16_4_1_DSP48_0_U/p_reg_reg/DSP_C_DATA_INST/CLK
                         clock pessimism              0.000    10.055    
                         clock uncertainty           -0.035    10.020    
    DSP48E2_X5Y66        DSP_C_DATA (Setup_DSP_C_DATA_DSP48E2_CLK_C[11])
                                                     -0.368     9.652    bd_0_i/hls_inst/inst/grp_gemm_stage_fu_148/gemm_compute_U0/grp_gemm_compute_Pipeline_COMP_KB_COMP_K_COMP_I_fu_1330/mac_muladd_8s_8s_16s_16_4_1_U334/integrated_gcn_approx_mac_muladd_8s_8s_16s_16_4_1_DSP48_0_U/p_reg_reg/DSP_C_DATA_INST
  -------------------------------------------------------------------
                         required time                          9.652    
                         arrival time                          -7.676    
  -------------------------------------------------------------------
                         slack                                  1.976    

Slack (MET) :             2.034ns  (required time - arrival time)
  Source:                 bd_0_i/hls_inst/inst/grp_gemm_stage_fu_148/gemm_compute_U0/grp_gemm_compute_Pipeline_COMP_KB_COMP_K_COMP_I_fu_1330/lshr_ln3_reg_10341_reg[1]/C
                            (rising edge-triggered cell FDRE clocked by ap_clk  {rise@0.000ns fall@5.000ns period=10.000ns})
  Destination:            bd_0_i/hls_inst/inst/grp_gemm_stage_fu_148/gemm_compute_U0/grp_gemm_compute_Pipeline_COMP_KB_COMP_K_COMP_I_fu_1330/mac_muladd_8s_8s_16s_16_4_1_U334/integrated_gcn_approx_mac_muladd_8s_8s_16s_16_4_1_DSP48_0_U/p_reg_reg/DSP_C_DATA_INST/C[8]
                            (rising edge-triggered cell DSP_C_DATA clocked by ap_clk  {rise@0.000ns fall@5.000ns period=10.000ns})
  Path Group:             ap_clk
  Path Type:              Setup (Max at Slow Process Corner)
  Requirement:            10.000ns  (ap_clk rise@10.000ns - ap_clk rise@0.000ns)
  Data Path Delay:        7.541ns  (logic 0.303ns (4.018%)  route 7.238ns (95.982%))
  Logic Levels:           1  (RAMD32=1)
  Clock Path Skew:        0.012ns (DCD - SCD + CPR)
    Destination Clock Delay (DCD):    0.055ns = ( 10.055 - 10.000 ) 
    Source Clock Delay      (SCD):    0.043ns
    Clock Pessimism Removal (CPR):    0.000ns
  Clock Uncertainty:      0.035ns  ((TSJ^2 + TIJ^2)^1/2 + DJ) / 2 + PE
    Total System Jitter     (TSJ):    0.071ns
    Total Input Jitter      (TIJ):    0.000ns
    Discrete Jitter          (DJ):    0.000ns
    Phase Error              (PE):    0.000ns

    Location             Delay type                Incr(ns)  Path(ns)    Netlist Resource(s)
  -------------------------------------------------------------------    -------------------
                         (clock ap_clk rise edge)     0.000     0.000 r  
                                                      0.000     0.000 r  ap_clk (IN)
                         net (fo=36268, unset)        0.043     0.043    bd_0_i/hls_inst/inst/grp_gemm_stage_fu_148/gemm_compute_U0/grp_gemm_compute_Pipeline_COMP_KB_COMP_K_COMP_I_fu_1330/ap_clk
    SLICE_X32Y98         FDRE                                         r  bd_0_i/hls_inst/inst/grp_gemm_stage_fu_148/gemm_compute_U0/grp_gemm_compute_Pipeline_COMP_KB_COMP_K_COMP_I_fu_1330/lshr_ln3_reg_10341_reg[1]/C
  -------------------------------------------------------------------    -------------------
    SLICE_X32Y98         FDRE (Prop_CFF2_SLICEM_C_Q)
                                                      0.114     0.157 r  bd_0_i/hls_inst/inst/grp_gemm_stage_fu_148/gemm_compute_U0/grp_gemm_compute_Pipeline_COMP_KB_COMP_K_COMP_I_fu_1330/lshr_ln3_reg_10341_reg[1]/Q
                         net (fo=4097, routed)        7.068     7.225    bd_0_i/hls_inst/inst/grp_gemm_stage_fu_148/gemm_compute_U0/XW_block_65_U/ram_reg_0_15_8_8/DPRA1
    SLICE_X20Y165        RAMD32 (Prop_A6LUT_SLICEM_RADR1_O)
                                                      0.189     7.414 r  bd_0_i/hls_inst/inst/grp_gemm_stage_fu_148/gemm_compute_U0/XW_block_65_U/ram_reg_0_15_8_8/DP/O
                         net (fo=1, routed)           0.170     7.584    bd_0_i/hls_inst/inst/grp_gemm_stage_fu_148/gemm_compute_U0/grp_gemm_compute_Pipeline_COMP_KB_COMP_K_COMP_I_fu_1330/mac_muladd_8s_8s_16s_16_4_1_U334/integrated_gcn_approx_mac_muladd_8s_8s_16s_16_4_1_DSP48_0_U/p_reg_reg/C[8]
    DSP48E2_X5Y66        DSP_C_DATA                                   r  bd_0_i/hls_inst/inst/grp_gemm_stage_fu_148/gemm_compute_U0/grp_gemm_compute_Pipeline_COMP_KB_COMP_K_COMP_I_fu_1330/mac_muladd_8s_8s_16s_16_4_1_U334/integrated_gcn_approx_mac_muladd_8s_8s_16s_16_4_1_DSP48_0_U/p_reg_reg/DSP_C_DATA_INST/C[8]
  -------------------------------------------------------------------    -------------------

                         (clock ap_clk rise edge)    10.000    10.000 r  
                                                      0.000    10.000 r  ap_clk (IN)
                         net (fo=36268, unset)        0.055    10.055    bd_0_i/hls_inst/inst/grp_gemm_stage_fu_148/gemm_compute_U0/grp_gemm_compute_Pipeline_COMP_KB_COMP_K_COMP_I_fu_1330/mac_muladd_8s_8s_16s_16_4_1_U334/integrated_gcn_approx_mac_muladd_8s_8s_16s_16_4_1_DSP48_0_U/p_reg_reg/CLK
    DSP48E2_X5Y66        DSP_C_DATA                                   r  bd_0_i/hls_inst/inst/grp_gemm_stage_fu_148/gemm_compute_U0/grp_gemm_compute_Pipeline_COMP_KB_COMP_K_COMP_I_fu_1330/mac_muladd_8s_8s_16s_16_4_1_U334/integrated_gcn_approx_mac_muladd_8s_8s_16s_16_4_1_DSP48_0_U/p_reg_reg/DSP_C_DATA_INST/CLK
                         clock pessimism              0.000    10.055    
                         clock uncertainty           -0.035    10.020    
    DSP48E2_X5Y66        DSP_C_DATA (Setup_DSP_C_DATA_DSP48E2_CLK_C[8])
                                                     -0.402     9.618    bd_0_i/hls_inst/inst/grp_gemm_stage_fu_148/gemm_compute_U0/grp_gemm_compute_Pipeline_COMP_KB_COMP_K_COMP_I_fu_1330/mac_muladd_8s_8s_16s_16_4_1_U334/integrated_gcn_approx_mac_muladd_8s_8s_16s_16_4_1_DSP48_0_U/p_reg_reg/DSP_C_DATA_INST
  -------------------------------------------------------------------
                         required time                          9.618    
                         arrival time                          -7.584    
  -------------------------------------------------------------------
                         slack                                  2.034    

Slack (MET) :             2.069ns  (required time - arrival time)
  Source:                 bd_0_i/hls_inst/inst/grp_gemm_stage_fu_148/gemm_compute_U0/grp_gemm_compute_Pipeline_COMP_KB_COMP_K_COMP_I_fu_1330/lshr_ln3_reg_10341_reg[1]/C
                            (rising edge-triggered cell FDRE clocked by ap_clk  {rise@0.000ns fall@5.000ns period=10.000ns})
  Destination:            bd_0_i/hls_inst/inst/grp_gemm_stage_fu_148/gemm_compute_U0/grp_gemm_compute_Pipeline_COMP_KB_COMP_K_COMP_I_fu_1330/mac_muladd_8s_8s_16s_16_4_1_U334/integrated_gcn_approx_mac_muladd_8s_8s_16s_16_4_1_DSP48_0_U/p_reg_reg/DSP_C_DATA_INST/C[7]
                            (rising edge-triggered cell DSP_C_DATA clocked by ap_clk  {rise@0.000ns fall@5.000ns period=10.000ns})
  Path Group:             ap_clk
  Path Type:              Setup (Max at Slow Process Corner)
  Requirement:            10.000ns  (ap_clk rise@10.000ns - ap_clk rise@0.000ns)
  Data Path Delay:        7.545ns  (logic 0.307ns (4.069%)  route 7.238ns (95.931%))
  Logic Levels:           1  (RAMD32=1)
  Clock Path Skew:        0.012ns (DCD - SCD + CPR)
    Destination Clock Delay (DCD):    0.055ns = ( 10.055 - 10.000 ) 
    Source Clock Delay      (SCD):    0.043ns
    Clock Pessimism Removal (CPR):    0.000ns
  Clock Uncertainty:      0.035ns  ((TSJ^2 + TIJ^2)^1/2 + DJ) / 2 + PE
    Total System Jitter     (TSJ):    0.071ns
    Total Input Jitter      (TIJ):    0.000ns
    Discrete Jitter          (DJ):    0.000ns
    Phase Error              (PE):    0.000ns

    Location             Delay type                Incr(ns)  Path(ns)    Netlist Resource(s)
  -------------------------------------------------------------------    -------------------
                         (clock ap_clk rise edge)     0.000     0.000 r  
                                                      0.000     0.000 r  ap_clk (IN)
                         net (fo=36268, unset)        0.043     0.043    bd_0_i/hls_inst/inst/grp_gemm_stage_fu_148/gemm_compute_U0/grp_gemm_compute_Pipeline_COMP_KB_COMP_K_COMP_I_fu_1330/ap_clk
    SLICE_X32Y98         FDRE                                         r  bd_0_i/hls_inst/inst/grp_gemm_stage_fu_148/gemm_compute_U0/grp_gemm_compute_Pipeline_COMP_KB_COMP_K_COMP_I_fu_1330/lshr_ln3_reg_10341_reg[1]/C
  -------------------------------------------------------------------    -------------------
    SLICE_X32Y98         FDRE (Prop_CFF2_SLICEM_C_Q)
                                                      0.114     0.157 r  bd_0_i/hls_inst/inst/grp_gemm_stage_fu_148/gemm_compute_U0/grp_gemm_compute_Pipeline_COMP_KB_COMP_K_COMP_I_fu_1330/lshr_ln3_reg_10341_reg[1]/Q
                         net (fo=4097, routed)        7.070     7.227    bd_0_i/hls_inst/inst/grp_gemm_stage_fu_148/gemm_compute_U0/XW_block_65_U/ram_reg_0_15_7_7/DPRA1
    SLICE_X20Y165        RAMD32 (Prop_C5LUT_SLICEM_RADR1_O)
                                                      0.193     7.420 r  bd_0_i/hls_inst/inst/grp_gemm_stage_fu_148/gemm_compute_U0/XW_block_65_U/ram_reg_0_15_7_7/DP/O
                         net (fo=1, routed)           0.168     7.588    bd_0_i/hls_inst/inst/grp_gemm_stage_fu_148/gemm_compute_U0/grp_gemm_compute_Pipeline_COMP_KB_COMP_K_COMP_I_fu_1330/mac_muladd_8s_8s_16s_16_4_1_U334/integrated_gcn_approx_mac_muladd_8s_8s_16s_16_4_1_DSP48_0_U/p_reg_reg/C[7]
    DSP48E2_X5Y66        DSP_C_DATA                                   r  bd_0_i/hls_inst/inst/grp_gemm_stage_fu_148/gemm_compute_U0/grp_gemm_compute_Pipeline_COMP_KB_COMP_K_COMP_I_fu_1330/mac_muladd_8s_8s_16s_16_4_1_U334/integrated_gcn_approx_mac_muladd_8s_8s_16s_16_4_1_DSP48_0_U/p_reg_reg/DSP_C_DATA_INST/C[7]
  -------------------------------------------------------------------    -------------------

                         (clock ap_clk rise edge)    10.000    10.000 r  
                                                      0.000    10.000 r  ap_clk (IN)
                         net (fo=36268, unset)        0.055    10.055    bd_0_i/hls_inst/inst/grp_gemm_stage_fu_148/gemm_compute_U0/grp_gemm_compute_Pipeline_COMP_KB_COMP_K_COMP_I_fu_1330/mac_muladd_8s_8s_16s_16_4_1_U334/integrated_gcn_approx_mac_muladd_8s_8s_16s_16_4_1_DSP48_0_U/p_reg_reg/CLK
    DSP48E2_X5Y66        DSP_C_DATA                                   r  bd_0_i/hls_inst/inst/grp_gemm_stage_fu_148/gemm_compute_U0/grp_gemm_compute_Pipeline_COMP_KB_COMP_K_COMP_I_fu_1330/mac_muladd_8s_8s_16s_16_4_1_U334/integrated_gcn_approx_mac_muladd_8s_8s_16s_16_4_1_DSP48_0_U/p_reg_reg/DSP_C_DATA_INST/CLK
                         clock pessimism              0.000    10.055    
                         clock uncertainty           -0.035    10.020    
    DSP48E2_X5Y66        DSP_C_DATA (Setup_DSP_C_DATA_DSP48E2_CLK_C[7])
                                                     -0.363     9.657    bd_0_i/hls_inst/inst/grp_gemm_stage_fu_148/gemm_compute_U0/grp_gemm_compute_Pipeline_COMP_KB_COMP_K_COMP_I_fu_1330/mac_muladd_8s_8s_16s_16_4_1_U334/integrated_gcn_approx_mac_muladd_8s_8s_16s_16_4_1_DSP48_0_U/p_reg_reg/DSP_C_DATA_INST
  -------------------------------------------------------------------
                         required time                          9.657    
                         arrival time                          -7.588    
  -------------------------------------------------------------------
                         slack                                  2.069    

Slack (MET) :             2.092ns  (required time - arrival time)
  Source:                 bd_0_i/hls_inst/inst/grp_gemm_stage_fu_148/gemm_compute_U0/grp_gemm_compute_Pipeline_COMP_KB_COMP_K_COMP_I_fu_1330/lshr_ln3_reg_10341_reg[2]/C
                            (rising edge-triggered cell FDRE clocked by ap_clk  {rise@0.000ns fall@5.000ns period=10.000ns})
  Destination:            bd_0_i/hls_inst/inst/grp_gemm_stage_fu_148/gemm_compute_U0/grp_gemm_compute_Pipeline_COMP_KB_COMP_K_COMP_I_fu_1330/mac_muladd_8s_8s_16s_16_4_1_U466/integrated_gcn_approx_mac_muladd_8s_8s_16s_16_4_1_DSP48_0_U/p_reg_reg/DSP_C_DATA_INST/C[0]
                            (rising edge-triggered cell DSP_C_DATA clocked by ap_clk  {rise@0.000ns fall@5.000ns period=10.000ns})
  Path Group:             ap_clk
  Path Type:              Setup (Max at Slow Process Corner)
  Requirement:            10.000ns  (ap_clk rise@10.000ns - ap_clk rise@0.000ns)
  Data Path Delay:        7.483ns  (logic 0.267ns (3.568%)  route 7.216ns (96.432%))
  Logic Levels:           1  (RAMD32=1)
  Clock Path Skew:        0.012ns (DCD - SCD + CPR)
    Destination Clock Delay (DCD):    0.055ns = ( 10.055 - 10.000 ) 
    Source Clock Delay      (SCD):    0.043ns
    Clock Pessimism Removal (CPR):    0.000ns
  Clock Uncertainty:      0.035ns  ((TSJ^2 + TIJ^2)^1/2 + DJ) / 2 + PE
    Total System Jitter     (TSJ):    0.071ns
    Total Input Jitter      (TIJ):    0.000ns
    Discrete Jitter          (DJ):    0.000ns
    Phase Error              (PE):    0.000ns

    Location             Delay type                Incr(ns)  Path(ns)    Netlist Resource(s)
  -------------------------------------------------------------------    -------------------
                         (clock ap_clk rise edge)     0.000     0.000 r  
                                                      0.000     0.000 r  ap_clk (IN)
                         net (fo=36268, unset)        0.043     0.043    bd_0_i/hls_inst/inst/grp_gemm_stage_fu_148/gemm_compute_U0/grp_gemm_compute_Pipeline_COMP_KB_COMP_K_COMP_I_fu_1330/ap_clk
    SLICE_X32Y98         FDRE                                         r  bd_0_i/hls_inst/inst/grp_gemm_stage_fu_148/gemm_compute_U0/grp_gemm_compute_Pipeline_COMP_KB_COMP_K_COMP_I_fu_1330/lshr_ln3_reg_10341_reg[2]/C
  -------------------------------------------------------------------    -------------------
    SLICE_X32Y98         FDRE (Prop_BFF2_SLICEM_C_Q)
                                                      0.115     0.158 r  bd_0_i/hls_inst/inst/grp_gemm_stage_fu_148/gemm_compute_U0/grp_gemm_compute_Pipeline_COMP_KB_COMP_K_COMP_I_fu_1330/lshr_ln3_reg_10341_reg[2]/Q
                         net (fo=4097, routed)        6.656     6.814    bd_0_i/hls_inst/inst/grp_gemm_stage_fu_148/gemm_compute_U0/XW_block_197_U/ram_reg_0_15_0_0/DPRA2
    SLICE_X31Y187        RAMD32 (Prop_G6LUT_SLICEM_RADR2_O)
                                                      0.152     6.966 r  bd_0_i/hls_inst/inst/grp_gemm_stage_fu_148/gemm_compute_U0/XW_block_197_U/ram_reg_0_15_0_0/DP/O
                         net (fo=1, routed)           0.560     7.526    bd_0_i/hls_inst/inst/grp_gemm_stage_fu_148/gemm_compute_U0/grp_gemm_compute_Pipeline_COMP_KB_COMP_K_COMP_I_fu_1330/mac_muladd_8s_8s_16s_16_4_1_U466/integrated_gcn_approx_mac_muladd_8s_8s_16s_16_4_1_DSP48_0_U/p_reg_reg/C[0]
    DSP48E2_X8Y75        DSP_C_DATA                                   r  bd_0_i/hls_inst/inst/grp_gemm_stage_fu_148/gemm_compute_U0/grp_gemm_compute_Pipeline_COMP_KB_COMP_K_COMP_I_fu_1330/mac_muladd_8s_8s_16s_16_4_1_U466/integrated_gcn_approx_mac_muladd_8s_8s_16s_16_4_1_DSP48_0_U/p_reg_reg/DSP_C_DATA_INST/C[0]
  -------------------------------------------------------------------    -------------------

                         (clock ap_clk rise edge)    10.000    10.000 r  
                                                      0.000    10.000 r  ap_clk (IN)
                         net (fo=36268, unset)        0.055    10.055    bd_0_i/hls_inst/inst/grp_gemm_stage_fu_148/gemm_compute_U0/grp_gemm_compute_Pipeline_COMP_KB_COMP_K_COMP_I_fu_1330/mac_muladd_8s_8s_16s_16_4_1_U466/integrated_gcn_approx_mac_muladd_8s_8s_16s_16_4_1_DSP48_0_U/p_reg_reg/CLK
    DSP48E2_X8Y75        DSP_C_DATA                                   r  bd_0_i/hls_inst/inst/grp_gemm_stage_fu_148/gemm_compute_U0/grp_gemm_compute_Pipeline_COMP_KB_COMP_K_COMP_I_fu_1330/mac_muladd_8s_8s_16s_16_4_1_U466/integrated_gcn_approx_mac_muladd_8s_8s_16s_16_4_1_DSP48_0_U/p_reg_reg/DSP_C_DATA_INST/CLK
                         clock pessimism              0.000    10.055    
                         clock uncertainty           -0.035    10.020    
    DSP48E2_X8Y75        DSP_C_DATA (Setup_DSP_C_DATA_DSP48E2_CLK_C[0])
                                                     -0.402     9.618    bd_0_i/hls_inst/inst/grp_gemm_stage_fu_148/gemm_compute_U0/grp_gemm_compute_Pipeline_COMP_KB_COMP_K_COMP_I_fu_1330/mac_muladd_8s_8s_16s_16_4_1_U466/integrated_gcn_approx_mac_muladd_8s_8s_16s_16_4_1_DSP48_0_U/p_reg_reg/DSP_C_DATA_INST
  -------------------------------------------------------------------
                         required time                          9.618    
                         arrival time                          -7.526    
  -------------------------------------------------------------------
                         slack                                  2.092    

Slack (MET) :             2.097ns  (required time - arrival time)
  Source:                 bd_0_i/hls_inst/inst/grp_gemm_stage_fu_148/gemm_compute_U0/grp_gemm_compute_Pipeline_COMP_KB_COMP_K_COMP_I_fu_1330/lshr_ln3_reg_10341_reg[2]/C
                            (rising edge-triggered cell FDRE clocked by ap_clk  {rise@0.000ns fall@5.000ns period=10.000ns})
  Destination:            bd_0_i/hls_inst/inst/grp_gemm_stage_fu_148/gemm_compute_U0/grp_gemm_compute_Pipeline_COMP_KB_COMP_K_COMP_I_fu_1330/mac_muladd_8s_8s_16s_16_4_1_U466/integrated_gcn_approx_mac_muladd_8s_8s_16s_16_4_1_DSP48_0_U/p_reg_reg/DSP_C_DATA_INST/C[9]
                            (rising edge-triggered cell DSP_C_DATA clocked by ap_clk  {rise@0.000ns fall@5.000ns period=10.000ns})
  Path Group:             ap_clk
  Path Type:              Setup (Max at Slow Process Corner)
  Requirement:            10.000ns  (ap_clk rise@10.000ns - ap_clk rise@0.000ns)
  Data Path Delay:        7.476ns  (logic 0.271ns (3.625%)  route 7.205ns (96.375%))
  Logic Levels:           1  (RAMD32=1)
  Clock Path Skew:        0.012ns (DCD - SCD + CPR)
    Destination Clock Delay (DCD):    0.055ns = ( 10.055 - 10.000 ) 
    Source Clock Delay      (SCD):    0.043ns
    Clock Pessimism Removal (CPR):    0.000ns
  Clock Uncertainty:      0.035ns  ((TSJ^2 + TIJ^2)^1/2 + DJ) / 2 + PE
    Total System Jitter     (TSJ):    0.071ns
    Total Input Jitter      (TIJ):    0.000ns
    Discrete Jitter          (DJ):    0.000ns
    Phase Error              (PE):    0.000ns

    Location             Delay type                Incr(ns)  Path(ns)    Netlist Resource(s)
  -------------------------------------------------------------------    -------------------
                         (clock ap_clk rise edge)     0.000     0.000 r  
                                                      0.000     0.000 r  ap_clk (IN)
                         net (fo=36268, unset)        0.043     0.043    bd_0_i/hls_inst/inst/grp_gemm_stage_fu_148/gemm_compute_U0/grp_gemm_compute_Pipeline_COMP_KB_COMP_K_COMP_I_fu_1330/ap_clk
    SLICE_X32Y98         FDRE                                         r  bd_0_i/hls_inst/inst/grp_gemm_stage_fu_148/gemm_compute_U0/grp_gemm_compute_Pipeline_COMP_KB_COMP_K_COMP_I_fu_1330/lshr_ln3_reg_10341_reg[2]/C
  -------------------------------------------------------------------    -------------------
    SLICE_X32Y98         FDRE (Prop_BFF2_SLICEM_C_Q)
                                                      0.115     0.158 r  bd_0_i/hls_inst/inst/grp_gemm_stage_fu_148/gemm_compute_U0/grp_gemm_compute_Pipeline_COMP_KB_COMP_K_COMP_I_fu_1330/lshr_ln3_reg_10341_reg[2]/Q
                         net (fo=4097, routed)        6.728     6.886    bd_0_i/hls_inst/inst/grp_gemm_stage_fu_148/gemm_compute_U0/XW_block_197_U/ram_reg_0_15_9_9/DPRA2
    SLICE_X31Y185        RAMD32 (Prop_A5LUT_SLICEM_RADR2_O)
                                                      0.156     7.042 r  bd_0_i/hls_inst/inst/grp_gemm_stage_fu_148/gemm_compute_U0/XW_block_197_U/ram_reg_0_15_9_9/DP/O
                         net (fo=1, routed)           0.477     7.519    bd_0_i/hls_inst/inst/grp_gemm_stage_fu_148/gemm_compute_U0/grp_gemm_compute_Pipeline_COMP_KB_COMP_K_COMP_I_fu_1330/mac_muladd_8s_8s_16s_16_4_1_U466/integrated_gcn_approx_mac_muladd_8s_8s_16s_16_4_1_DSP48_0_U/p_reg_reg/C[9]
    DSP48E2_X8Y75        DSP_C_DATA                                   r  bd_0_i/hls_inst/inst/grp_gemm_stage_fu_148/gemm_compute_U0/grp_gemm_compute_Pipeline_COMP_KB_COMP_K_COMP_I_fu_1330/mac_muladd_8s_8s_16s_16_4_1_U466/integrated_gcn_approx_mac_muladd_8s_8s_16s_16_4_1_DSP48_0_U/p_reg_reg/DSP_C_DATA_INST/C[9]
  -------------------------------------------------------------------    -------------------

                         (clock ap_clk rise edge)    10.000    10.000 r  
                                                      0.000    10.000 r  ap_clk (IN)
                         net (fo=36268, unset)        0.055    10.055    bd_0_i/hls_inst/inst/grp_gemm_stage_fu_148/gemm_compute_U0/grp_gemm_compute_Pipeline_COMP_KB_COMP_K_COMP_I_fu_1330/mac_muladd_8s_8s_16s_16_4_1_U466/integrated_gcn_approx_mac_muladd_8s_8s_16s_16_4_1_DSP48_0_U/p_reg_reg/CLK
    DSP48E2_X8Y75        DSP_C_DATA                                   r  bd_0_i/hls_inst/inst/grp_gemm_stage_fu_148/gemm_compute_U0/grp_gemm_compute_Pipeline_COMP_KB_COMP_K_COMP_I_fu_1330/mac_muladd_8s_8s_16s_16_4_1_U466/integrated_gcn_approx_mac_muladd_8s_8s_16s_16_4_1_DSP48_0_U/p_reg_reg/DSP_C_DATA_INST/CLK
                         clock pessimism              0.000    10.055    
                         clock uncertainty           -0.035    10.020    
    DSP48E2_X8Y75        DSP_C_DATA (Setup_DSP_C_DATA_DSP48E2_CLK_C[9])
                                                     -0.404     9.616    bd_0_i/hls_inst/inst/grp_gemm_stage_fu_148/gemm_compute_U0/grp_gemm_compute_Pipeline_COMP_KB_COMP_K_COMP_I_fu_1330/mac_muladd_8s_8s_16s_16_4_1_U466/integrated_gcn_approx_mac_muladd_8s_8s_16s_16_4_1_DSP48_0_U/p_reg_reg/DSP_C_DATA_INST
  -------------------------------------------------------------------
                         required time                          9.616    
                         arrival time                          -7.519    
  -------------------------------------------------------------------
                         slack                                  2.097    




