Copyright 1986-2022 Xilinx, Inc. All Rights Reserved. Copyright 2022-2025 Advanced Micro Devices, Inc. All Rights Reserved.
--------------------------------------------------------------------------------------------------------------------------------------------------
| Tool Version      : Vivado v.2025.2 (lin64) Build 6299465 Fri Nov 14 12:34:56 MST 2025
| Date              : Fri Apr 17 19:17:05 2026
| Host              : nat-Yoga-Pro-9-16IAH10 running 64-bit Ubuntu 24.04.3 LTS
| Command           : report_timing -max_paths 10 -file ./report/integrated_gcn_approx_timing_paths_synth.rpt
| Design            : bd_0_wrapper
| Device            : xck26-sfvc784
| Speed File        : -2LV  PRODUCTION 1.30 05-15-2022
| Design State      : Synthesized
| Temperature Grade : C
--------------------------------------------------------------------------------------------------------------------------------------------------

Timing Report

Slack (MET) :             6.862ns  (required time - arrival time)
  Source:                 bd_0_i/hls_inst/inst/grp_spmm_stage_fu_164/spmm_load_csr_U0/grp_spmm_load_csr_Pipeline_LOAD_NNZ_fu_128/ap_enable_reg_pp0_iter1_reg/C
                            (rising edge-triggered cell FDRE clocked by ap_clk  {rise@0.000ns fall@5.000ns period=10.000ns})
  Destination:            bd_0_i/hls_inst/inst/gmem5_m_axi_U/load_unit_0/bus_wide_gen.rreq_offset/raddr_reg[0]/CE
                            (rising edge-triggered cell FDRE clocked by ap_clk  {rise@0.000ns fall@5.000ns period=10.000ns})
  Path Group:             ap_clk
  Path Type:              Setup (Max at Slow Process Corner)
  Requirement:            10.000ns  (ap_clk rise@10.000ns - ap_clk rise@0.000ns)
  Data Path Delay:        3.012ns  (logic 0.840ns (27.888%)  route 2.172ns (72.112%))
  Logic Levels:           9  (LUT2=1 LUT4=2 LUT5=2 LUT6=4)
  Clock Path Skew:        -0.012ns (DCD - SCD + CPR)
    Destination Clock Delay (DCD):    0.029ns = ( 10.029 - 10.000 ) 
    Source Clock Delay      (SCD):    0.041ns
    Clock Pessimism Removal (CPR):    0.000ns
  Clock Uncertainty:      0.035ns  ((TSJ^2 + TIJ^2)^1/2 + DJ) / 2 + PE
    Total System Jitter     (TSJ):    0.071ns
    Total Input Jitter      (TIJ):    0.000ns
    Discrete Jitter          (DJ):    0.000ns
    Phase Error              (PE):    0.000ns

    Location             Delay type                Incr(ns)  Path(ns)    Netlist Resource(s)
  -------------------------------------------------------------------    -------------------
                         (clock ap_clk rise edge)     0.000     0.000 r  
                                                      0.000     0.000 r  ap_clk (IN)
                         net (fo=36268, unset)        0.041     0.041    bd_0_i/hls_inst/inst/grp_spmm_stage_fu_164/spmm_load_csr_U0/grp_spmm_load_csr_Pipeline_LOAD_NNZ_fu_128/ap_clk
                         FDRE                                         r  bd_0_i/hls_inst/inst/grp_spmm_stage_fu_164/spmm_load_csr_U0/grp_spmm_load_csr_Pipeline_LOAD_NNZ_fu_128/ap_enable_reg_pp0_iter1_reg/C
  -------------------------------------------------------------------    -------------------
                         FDRE (Prop_FDRE_C_Q)         0.114     0.155 r  bd_0_i/hls_inst/inst/grp_spmm_stage_fu_164/spmm_load_csr_U0/grp_spmm_load_csr_Pipeline_LOAD_NNZ_fu_128/ap_enable_reg_pp0_iter1_reg/Q
                         net (fo=14, unplaced)        0.155     0.310    bd_0_i/hls_inst/inst/grp_spmm_stage_fu_164/spmm_load_csr_U0/grp_spmm_load_csr_Pipeline_LOAD_NNZ_fu_128/ap_enable_reg_pp0_iter1
                         LUT5 (Prop_LUT5_I0_O)        0.188     0.498 f  bd_0_i/hls_inst/inst/grp_spmm_stage_fu_164/spmm_load_csr_U0/grp_spmm_load_csr_Pipeline_LOAD_NNZ_fu_128/gmem5_addr_read_reg_185[7]_i_1/O
                         net (fo=9, unplaced)         0.242     0.740    bd_0_i/hls_inst/inst/grp_spmm_stage_fu_164/spmm_load_csr_U0/grp_spmm_load_csr_Pipeline_LOAD_NNZ_fu_128/gmem5_addr_read_reg_185[7]_i_1_n_4
                         LUT6 (Prop_LUT6_I0_O)        0.058     0.798 f  bd_0_i/hls_inst/inst/grp_spmm_stage_fu_164/spmm_load_csr_U0/grp_spmm_load_csr_Pipeline_LOAD_NNZ_fu_128/bus_wide_gen.split_cnt_buf[1]_i_5/O
                         net (fo=7, unplaced)         0.236     1.034    bd_0_i/hls_inst/inst/gmem5_m_axi_U/load_unit_0/bus_wide_gen.rreq_offset/gmem5_0_RREADY
                         LUT4 (Prop_LUT4_I3_O)        0.095     1.129 f  bd_0_i/hls_inst/inst/gmem5_m_axi_U/load_unit_0/bus_wide_gen.rreq_offset/bus_wide_gen.split_cnt_buf[1]_i_2/O
                         net (fo=4, unplaced)         0.223     1.352    bd_0_i/hls_inst/inst/gmem5_m_axi_U/load_unit_0/bus_wide_gen.rreq_offset/U_fifo_srl/E[0]
                         LUT6 (Prop_LUT6_I4_O)        0.058     1.410 f  bd_0_i/hls_inst/inst/gmem5_m_axi_U/load_unit_0/bus_wide_gen.rreq_offset/U_fifo_srl/bus_wide_gen.split_cnt_buf[1]_i_8/O
                         net (fo=1, unplaced)         0.211     1.621    bd_0_i/hls_inst/inst/gmem5_m_axi_U/load_unit_0/bus_wide_gen.rreq_offset/U_fifo_srl/bus_wide_gen.split_cnt_buf[1]_i_8_n_4
                         LUT6 (Prop_LUT6_I0_O)        0.058     1.679 f  bd_0_i/hls_inst/inst/gmem5_m_axi_U/load_unit_0/bus_wide_gen.rreq_offset/U_fifo_srl/bus_wide_gen.split_cnt_buf[1]_i_4/O
                         net (fo=4, unplaced)         0.223     1.902    bd_0_i/hls_inst/inst/gmem5_m_axi_U/load_unit_0/bus_wide_gen.rs_rdata_int/p_21_in
                         LUT2 (Prop_LUT2_I1_O)        0.058     1.960 f  bd_0_i/hls_inst/inst/gmem5_m_axi_U/load_unit_0/bus_wide_gen.rs_rdata_int/FSM_sequential_state[1]_i_2__7/O
                         net (fo=11, unplaced)        0.246     2.206    bd_0_i/hls_inst/inst/gmem5_m_axi_U/load_unit_0/bus_wide_gen.rreq_offset/U_fifo_srl/p_22_in
                         LUT4 (Prop_LUT4_I2_O)        0.058     2.264 f  bd_0_i/hls_inst/inst/gmem5_m_axi_U/load_unit_0/bus_wide_gen.rreq_offset/U_fifo_srl/dout[3]_i_1__1/O
                         net (fo=10, unplaced)        0.244     2.508    bd_0_i/hls_inst/inst/gmem5_m_axi_U/load_unit_0/bus_wide_gen.rreq_offset/pop
                         LUT5 (Prop_LUT5_I0_O)        0.095     2.603 r  bd_0_i/hls_inst/inst/gmem5_m_axi_U/load_unit_0/bus_wide_gen.rreq_offset/raddr[3]_i_4__7/O
                         net (fo=1, unplaced)         0.211     2.814    bd_0_i/hls_inst/inst/gmem5_m_axi_U/load_unit_0/bus_wide_gen.rreq_offset/raddr118_out
                         LUT6 (Prop_LUT6_I5_O)        0.058     2.872 r  bd_0_i/hls_inst/inst/gmem5_m_axi_U/load_unit_0/bus_wide_gen.rreq_offset/raddr[3]_i_1__17/O
                         net (fo=4, unplaced)         0.181     3.053    bd_0_i/hls_inst/inst/gmem5_m_axi_U/load_unit_0/bus_wide_gen.rreq_offset/raddr[3]_i_1__17_n_4
                         FDRE                                         r  bd_0_i/hls_inst/inst/gmem5_m_axi_U/load_unit_0/bus_wide_gen.rreq_offset/raddr_reg[0]/CE
  -------------------------------------------------------------------    -------------------

                         (clock ap_clk rise edge)    10.000    10.000 r  
                                                      0.000    10.000 r  ap_clk (IN)
                         net (fo=36268, unset)        0.029    10.029    bd_0_i/hls_inst/inst/gmem5_m_axi_U/load_unit_0/bus_wide_gen.rreq_offset/ap_clk
                         FDRE                                         r  bd_0_i/hls_inst/inst/gmem5_m_axi_U/load_unit_0/bus_wide_gen.rreq_offset/raddr_reg[0]/C
                         clock pessimism              0.000    10.029    
                         clock uncertainty           -0.035     9.994    
                         FDRE (Setup_FDRE_C_CE)      -0.079     9.915    bd_0_i/hls_inst/inst/gmem5_m_axi_U/load_unit_0/bus_wide_gen.rreq_offset/raddr_reg[0]
  -------------------------------------------------------------------
                         required time                          9.915    
                         arrival time                          -3.053    
  -------------------------------------------------------------------
                         slack                                  6.862    

Slack (MET) :             6.862ns  (required time - arrival time)
  Source:                 bd_0_i/hls_inst/inst/grp_spmm_stage_fu_164/spmm_load_csr_U0/grp_spmm_load_csr_Pipeline_LOAD_NNZ_fu_128/ap_enable_reg_pp0_iter1_reg/C
                            (rising edge-triggered cell FDRE clocked by ap_clk  {rise@0.000ns fall@5.000ns period=10.000ns})
  Destination:            bd_0_i/hls_inst/inst/gmem5_m_axi_U/load_unit_0/bus_wide_gen.rreq_offset/raddr_reg[1]/CE
                            (rising edge-triggered cell FDRE clocked by ap_clk  {rise@0.000ns fall@5.000ns period=10.000ns})
  Path Group:             ap_clk
  Path Type:              Setup (Max at Slow Process Corner)
  Requirement:            10.000ns  (ap_clk rise@10.000ns - ap_clk rise@0.000ns)
  Data Path Delay:        3.012ns  (logic 0.840ns (27.888%)  route 2.172ns (72.112%))
  Logic Levels:           9  (LUT2=1 LUT4=2 LUT5=2 LUT6=4)
  Clock Path Skew:        -0.012ns (DCD - SCD + CPR)
    Destination Clock Delay (DCD):    0.029ns = ( 10.029 - 10.000 ) 
    Source Clock Delay      (SCD):    0.041ns
    Clock Pessimism Removal (CPR):    0.000ns
  Clock Uncertainty:      0.035ns  ((TSJ^2 + TIJ^2)^1/2 + DJ) / 2 + PE
    Total System Jitter     (TSJ):    0.071ns
    Total Input Jitter      (TIJ):    0.000ns
    Discrete Jitter          (DJ):    0.000ns
    Phase Error              (PE):    0.000ns

    Location             Delay type                Incr(ns)  Path(ns)    Netlist Resource(s)
  -------------------------------------------------------------------    -------------------
                         (clock ap_clk rise edge)     0.000     0.000 r  
                                                      0.000     0.000 r  ap_clk (IN)
                         net (fo=36268, unset)        0.041     0.041    bd_0_i/hls_inst/inst/grp_spmm_stage_fu_164/spmm_load_csr_U0/grp_spmm_load_csr_Pipeline_LOAD_NNZ_fu_128/ap_clk
                         FDRE                                         r  bd_0_i/hls_inst/inst/grp_spmm_stage_fu_164/spmm_load_csr_U0/grp_spmm_load_csr_Pipeline_LOAD_NNZ_fu_128/ap_enable_reg_pp0_iter1_reg/C
  -------------------------------------------------------------------    -------------------
                         FDRE (Prop_FDRE_C_Q)         0.114     0.155 r  bd_0_i/hls_inst/inst/grp_spmm_stage_fu_164/spmm_load_csr_U0/grp_spmm_load_csr_Pipeline_LOAD_NNZ_fu_128/ap_enable_reg_pp0_iter1_reg/Q
                         net (fo=14, unplaced)        0.155     0.310    bd_0_i/hls_inst/inst/grp_spmm_stage_fu_164/spmm_load_csr_U0/grp_spmm_load_csr_Pipeline_LOAD_NNZ_fu_128/ap_enable_reg_pp0_iter1
                         LUT5 (Prop_LUT5_I0_O)        0.188     0.498 f  bd_0_i/hls_inst/inst/grp_spmm_stage_fu_164/spmm_load_csr_U0/grp_spmm_load_csr_Pipeline_LOAD_NNZ_fu_128/gmem5_addr_read_reg_185[7]_i_1/O
                         net (fo=9, unplaced)         0.242     0.740    bd_0_i/hls_inst/inst/grp_spmm_stage_fu_164/spmm_load_csr_U0/grp_spmm_load_csr_Pipeline_LOAD_NNZ_fu_128/gmem5_addr_read_reg_185[7]_i_1_n_4
                         LUT6 (Prop_LUT6_I0_O)        0.058     0.798 f  bd_0_i/hls_inst/inst/grp_spmm_stage_fu_164/spmm_load_csr_U0/grp_spmm_load_csr_Pipeline_LOAD_NNZ_fu_128/bus_wide_gen.split_cnt_buf[1]_i_5/O
                         net (fo=7, unplaced)         0.236     1.034    bd_0_i/hls_inst/inst/gmem5_m_axi_U/load_unit_0/bus_wide_gen.rreq_offset/gmem5_0_RREADY
                         LUT4 (Prop_LUT4_I3_O)        0.095     1.129 f  bd_0_i/hls_inst/inst/gmem5_m_axi_U/load_unit_0/bus_wide_gen.rreq_offset/bus_wide_gen.split_cnt_buf[1]_i_2/O
                         net (fo=4, unplaced)         0.223     1.352    bd_0_i/hls_inst/inst/gmem5_m_axi_U/load_unit_0/bus_wide_gen.rreq_offset/U_fifo_srl/E[0]
                         LUT6 (Prop_LUT6_I4_O)        0.058     1.410 f  bd_0_i/hls_inst/inst/gmem5_m_axi_U/load_unit_0/bus_wide_gen.rreq_offset/U_fifo_srl/bus_wide_gen.split_cnt_buf[1]_i_8/O
                         net (fo=1, unplaced)         0.211     1.621    bd_0_i/hls_inst/inst/gmem5_m_axi_U/load_unit_0/bus_wide_gen.rreq_offset/U_fifo_srl/bus_wide_gen.split_cnt_buf[1]_i_8_n_4
                         LUT6 (Prop_LUT6_I0_O)        0.058     1.679 f  bd_0_i/hls_inst/inst/gmem5_m_axi_U/load_unit_0/bus_wide_gen.rreq_offset/U_fifo_srl/bus_wide_gen.split_cnt_buf[1]_i_4/O
                         net (fo=4, unplaced)         0.223     1.902    bd_0_i/hls_inst/inst/gmem5_m_axi_U/load_unit_0/bus_wide_gen.rs_rdata_int/p_21_in
                         LUT2 (Prop_LUT2_I1_O)        0.058     1.960 f  bd_0_i/hls_inst/inst/gmem5_m_axi_U/load_unit_0/bus_wide_gen.rs_rdata_int/FSM_sequential_state[1]_i_2__7/O
                         net (fo=11, unplaced)        0.246     2.206    bd_0_i/hls_inst/inst/gmem5_m_axi_U/load_unit_0/bus_wide_gen.rreq_offset/U_fifo_srl/p_22_in
                         LUT4 (Prop_LUT4_I2_O)        0.058     2.264 f  bd_0_i/hls_inst/inst/gmem5_m_axi_U/load_unit_0/bus_wide_gen.rreq_offset/U_fifo_srl/dout[3]_i_1__1/O
                         net (fo=10, unplaced)        0.244     2.508    bd_0_i/hls_inst/inst/gmem5_m_axi_U/load_unit_0/bus_wide_gen.rreq_offset/pop
                         LUT5 (Prop_LUT5_I0_O)        0.095     2.603 r  bd_0_i/hls_inst/inst/gmem5_m_axi_U/load_unit_0/bus_wide_gen.rreq_offset/raddr[3]_i_4__7/O
                         net (fo=1, unplaced)         0.211     2.814    bd_0_i/hls_inst/inst/gmem5_m_axi_U/load_unit_0/bus_wide_gen.rreq_offset/raddr118_out
                         LUT6 (Prop_LUT6_I5_O)        0.058     2.872 r  bd_0_i/hls_inst/inst/gmem5_m_axi_U/load_unit_0/bus_wide_gen.rreq_offset/raddr[3]_i_1__17/O
                         net (fo=4, unplaced)         0.181     3.053    bd_0_i/hls_inst/inst/gmem5_m_axi_U/load_unit_0/bus_wide_gen.rreq_offset/raddr[3]_i_1__17_n_4
                         FDRE                                         r  bd_0_i/hls_inst/inst/gmem5_m_axi_U/load_unit_0/bus_wide_gen.rreq_offset/raddr_reg[1]/CE
  -------------------------------------------------------------------    -------------------

                         (clock ap_clk rise edge)    10.000    10.000 r  
                                                      0.000    10.000 r  ap_clk (IN)
                         net (fo=36268, unset)        0.029    10.029    bd_0_i/hls_inst/inst/gmem5_m_axi_U/load_unit_0/bus_wide_gen.rreq_offset/ap_clk
                         FDRE                                         r  bd_0_i/hls_inst/inst/gmem5_m_axi_U/load_unit_0/bus_wide_gen.rreq_offset/raddr_reg[1]/C
                         clock pessimism              0.000    10.029    
                         clock uncertainty           -0.035     9.994    
                         FDRE (Setup_FDRE_C_CE)      -0.079     9.915    bd_0_i/hls_inst/inst/gmem5_m_axi_U/load_unit_0/bus_wide_gen.rreq_offset/raddr_reg[1]
  -------------------------------------------------------------------
                         required time                          9.915    
                         arrival time                          -3.053    
  -------------------------------------------------------------------
                         slack                                  6.862    

Slack (MET) :             6.862ns  (required time - arrival time)
  Source:                 bd_0_i/hls_inst/inst/grp_spmm_stage_fu_164/spmm_load_csr_U0/grp_spmm_load_csr_Pipeline_LOAD_NNZ_fu_128/ap_enable_reg_pp0_iter1_reg/C
                            (rising edge-triggered cell FDRE clocked by ap_clk  {rise@0.000ns fall@5.000ns period=10.000ns})
  Destination:            bd_0_i/hls_inst/inst/gmem5_m_axi_U/load_unit_0/bus_wide_gen.rreq_offset/raddr_reg[2]/CE
                            (rising edge-triggered cell FDRE clocked by ap_clk  {rise@0.000ns fall@5.000ns period=10.000ns})
  Path Group:             ap_clk
  Path Type:              Setup (Max at Slow Process Corner)
  Requirement:            10.000ns  (ap_clk rise@10.000ns - ap_clk rise@0.000ns)
  Data Path Delay:        3.012ns  (logic 0.840ns (27.888%)  route 2.172ns (72.112%))
  Logic Levels:           9  (LUT2=1 LUT4=2 LUT5=2 LUT6=4)
  Clock Path Skew:        -0.012ns (DCD - SCD + CPR)
    Destination Clock Delay (DCD):    0.029ns = ( 10.029 - 10.000 ) 
    Source Clock Delay      (SCD):    0.041ns
    Clock Pessimism Removal (CPR):    0.000ns
  Clock Uncertainty:      0.035ns  ((TSJ^2 + TIJ^2)^1/2 + DJ) / 2 + PE
    Total System Jitter     (TSJ):    0.071ns
    Total Input Jitter      (TIJ):    0.000ns
    Discrete Jitter          (DJ):    0.000ns
    Phase Error              (PE):    0.000ns

    Location             Delay type                Incr(ns)  Path(ns)    Netlist Resource(s)
  -------------------------------------------------------------------    -------------------
                         (clock ap_clk rise edge)     0.000     0.000 r  
                                                      0.000     0.000 r  ap_clk (IN)
                         net (fo=36268, unset)        0.041     0.041    bd_0_i/hls_inst/inst/grp_spmm_stage_fu_164/spmm_load_csr_U0/grp_spmm_load_csr_Pipeline_LOAD_NNZ_fu_128/ap_clk
                         FDRE                                         r  bd_0_i/hls_inst/inst/grp_spmm_stage_fu_164/spmm_load_csr_U0/grp_spmm_load_csr_Pipeline_LOAD_NNZ_fu_128/ap_enable_reg_pp0_iter1_reg/C
  -------------------------------------------------------------------    -------------------
                         FDRE (Prop_FDRE_C_Q)         0.114     0.155 r  bd_0_i/hls_inst/inst/grp_spmm_stage_fu_164/spmm_load_csr_U0/grp_spmm_load_csr_Pipeline_LOAD_NNZ_fu_128/ap_enable_reg_pp0_iter1_reg/Q
                         net (fo=14, unplaced)        0.155     0.310    bd_0_i/hls_inst/inst/grp_spmm_stage_fu_164/spmm_load_csr_U0/grp_spmm_load_csr_Pipeline_LOAD_NNZ_fu_128/ap_enable_reg_pp0_iter1
                         LUT5 (Prop_LUT5_I0_O)        0.188     0.498 f  bd_0_i/hls_inst/inst/grp_spmm_stage_fu_164/spmm_load_csr_U0/grp_spmm_load_csr_Pipeline_LOAD_NNZ_fu_128/gmem5_addr_read_reg_185[7]_i_1/O
                         net (fo=9, unplaced)         0.242     0.740    bd_0_i/hls_inst/inst/grp_spmm_stage_fu_164/spmm_load_csr_U0/grp_spmm_load_csr_Pipeline_LOAD_NNZ_fu_128/gmem5_addr_read_reg_185[7]_i_1_n_4
                         LUT6 (Prop_LUT6_I0_O)        0.058     0.798 f  bd_0_i/hls_inst/inst/grp_spmm_stage_fu_164/spmm_load_csr_U0/grp_spmm_load_csr_Pipeline_LOAD_NNZ_fu_128/bus_wide_gen.split_cnt_buf[1]_i_5/O
                         net (fo=7, unplaced)         0.236     1.034    bd_0_i/hls_inst/inst/gmem5_m_axi_U/load_unit_0/bus_wide_gen.rreq_offset/gmem5_0_RREADY
                         LUT4 (Prop_LUT4_I3_O)        0.095     1.129 f  bd_0_i/hls_inst/inst/gmem5_m_axi_U/load_unit_0/bus_wide_gen.rreq_offset/bus_wide_gen.split_cnt_buf[1]_i_2/O
                         net (fo=4, unplaced)         0.223     1.352    bd_0_i/hls_inst/inst/gmem5_m_axi_U/load_unit_0/bus_wide_gen.rreq_offset/U_fifo_srl/E[0]
                         LUT6 (Prop_LUT6_I4_O)        0.058     1.410 f  bd_0_i/hls_inst/inst/gmem5_m_axi_U/load_unit_0/bus_wide_gen.rreq_offset/U_fifo_srl/bus_wide_gen.split_cnt_buf[1]_i_8/O
                         net (fo=1, unplaced)         0.211     1.621    bd_0_i/hls_inst/inst/gmem5_m_axi_U/load_unit_0/bus_wide_gen.rreq_offset/U_fifo_srl/bus_wide_gen.split_cnt_buf[1]_i_8_n_4
                         LUT6 (Prop_LUT6_I0_O)        0.058     1.679 f  bd_0_i/hls_inst/inst/gmem5_m_axi_U/load_unit_0/bus_wide_gen.rreq_offset/U_fifo_srl/bus_wide_gen.split_cnt_buf[1]_i_4/O
                         net (fo=4, unplaced)         0.223     1.902    bd_0_i/hls_inst/inst/gmem5_m_axi_U/load_unit_0/bus_wide_gen.rs_rdata_int/p_21_in
                         LUT2 (Prop_LUT2_I1_O)        0.058     1.960 f  bd_0_i/hls_inst/inst/gmem5_m_axi_U/load_unit_0/bus_wide_gen.rs_rdata_int/FSM_sequential_state[1]_i_2__7/O
                         net (fo=11, unplaced)        0.246     2.206    bd_0_i/hls_inst/inst/gmem5_m_axi_U/load_unit_0/bus_wide_gen.rreq_offset/U_fifo_srl/p_22_in
                         LUT4 (Prop_LUT4_I2_O)        0.058     2.264 f  bd_0_i/hls_inst/inst/gmem5_m_axi_U/load_unit_0/bus_wide_gen.rreq_offset/U_fifo_srl/dout[3]_i_1__1/O
                         net (fo=10, unplaced)        0.244     2.508    bd_0_i/hls_inst/inst/gmem5_m_axi_U/load_unit_0/bus_wide_gen.rreq_offset/pop
                         LUT5 (Prop_LUT5_I0_O)        0.095     2.603 r  bd_0_i/hls_inst/inst/gmem5_m_axi_U/load_unit_0/bus_wide_gen.rreq_offset/raddr[3]_i_4__7/O
                         net (fo=1, unplaced)         0.211     2.814    bd_0_i/hls_inst/inst/gmem5_m_axi_U/load_unit_0/bus_wide_gen.rreq_offset/raddr118_out
                         LUT6 (Prop_LUT6_I5_O)        0.058     2.872 r  bd_0_i/hls_inst/inst/gmem5_m_axi_U/load_unit_0/bus_wide_gen.rreq_offset/raddr[3]_i_1__17/O
                         net (fo=4, unplaced)         0.181     3.053    bd_0_i/hls_inst/inst/gmem5_m_axi_U/load_unit_0/bus_wide_gen.rreq_offset/raddr[3]_i_1__17_n_4
                         FDRE                                         r  bd_0_i/hls_inst/inst/gmem5_m_axi_U/load_unit_0/bus_wide_gen.rreq_offset/raddr_reg[2]/CE
  -------------------------------------------------------------------    -------------------

                         (clock ap_clk rise edge)    10.000    10.000 r  
                                                      0.000    10.000 r  ap_clk (IN)
                         net (fo=36268, unset)        0.029    10.029    bd_0_i/hls_inst/inst/gmem5_m_axi_U/load_unit_0/bus_wide_gen.rreq_offset/ap_clk
                         FDRE                                         r  bd_0_i/hls_inst/inst/gmem5_m_axi_U/load_unit_0/bus_wide_gen.rreq_offset/raddr_reg[2]/C
                         clock pessimism              0.000    10.029    
                         clock uncertainty           -0.035     9.994    
                         FDRE (Setup_FDRE_C_CE)      -0.079     9.915    bd_0_i/hls_inst/inst/gmem5_m_axi_U/load_unit_0/bus_wide_gen.rreq_offset/raddr_reg[2]
  -------------------------------------------------------------------
                         required time                          9.915    
                         arrival time                          -3.053    
  -------------------------------------------------------------------
                         slack                                  6.862    

Slack (MET) :             6.862ns  (required time - arrival time)
  Source:                 bd_0_i/hls_inst/inst/grp_spmm_stage_fu_164/spmm_load_csr_U0/grp_spmm_load_csr_Pipeline_LOAD_NNZ_fu_128/ap_enable_reg_pp0_iter1_reg/C
                            (rising edge-triggered cell FDRE clocked by ap_clk  {rise@0.000ns fall@5.000ns period=10.000ns})
  Destination:            bd_0_i/hls_inst/inst/gmem5_m_axi_U/load_unit_0/bus_wide_gen.rreq_offset/raddr_reg[3]/CE
                            (rising edge-triggered cell FDRE clocked by ap_clk  {rise@0.000ns fall@5.000ns period=10.000ns})
  Path Group:             ap_clk
  Path Type:              Setup (Max at Slow Process Corner)
  Requirement:            10.000ns  (ap_clk rise@10.000ns - ap_clk rise@0.000ns)
  Data Path Delay:        3.012ns  (logic 0.840ns (27.888%)  route 2.172ns (72.112%))
  Logic Levels:           9  (LUT2=1 LUT4=2 LUT5=2 LUT6=4)
  Clock Path Skew:        -0.012ns (DCD - SCD + CPR)
    Destination Clock Delay (DCD):    0.029ns = ( 10.029 - 10.000 ) 
    Source Clock Delay      (SCD):    0.041ns
    Clock Pessimism Removal (CPR):    0.000ns
  Clock Uncertainty:      0.035ns  ((TSJ^2 + TIJ^2)^1/2 + DJ) / 2 + PE
    Total System Jitter     (TSJ):    0.071ns
    Total Input Jitter      (TIJ):    0.000ns
    Discrete Jitter          (DJ):    0.000ns
    Phase Error              (PE):    0.000ns

    Location             Delay type                Incr(ns)  Path(ns)    Netlist Resource(s)
  -------------------------------------------------------------------    -------------------
                         (clock ap_clk rise edge)     0.000     0.000 r  
                                                      0.000     0.000 r  ap_clk (IN)
                         net (fo=36268, unset)        0.041     0.041    bd_0_i/hls_inst/inst/grp_spmm_stage_fu_164/spmm_load_csr_U0/grp_spmm_load_csr_Pipeline_LOAD_NNZ_fu_128/ap_clk
                         FDRE                                         r  bd_0_i/hls_inst/inst/grp_spmm_stage_fu_164/spmm_load_csr_U0/grp_spmm_load_csr_Pipeline_LOAD_NNZ_fu_128/ap_enable_reg_pp0_iter1_reg/C
  -------------------------------------------------------------------    -------------------
                         FDRE (Prop_FDRE_C_Q)         0.114     0.155 r  bd_0_i/hls_inst/inst/grp_spmm_stage_fu_164/spmm_load_csr_U0/grp_spmm_load_csr_Pipeline_LOAD_NNZ_fu_128/ap_enable_reg_pp0_iter1_reg/Q
                         net (fo=14, unplaced)        0.155     0.310    bd_0_i/hls_inst/inst/grp_spmm_stage_fu_164/spmm_load_csr_U0/grp_spmm_load_csr_Pipeline_LOAD_NNZ_fu_128/ap_enable_reg_pp0_iter1
                         LUT5 (Prop_LUT5_I0_O)        0.188     0.498 f  bd_0_i/hls_inst/inst/grp_spmm_stage_fu_164/spmm_load_csr_U0/grp_spmm_load_csr_Pipeline_LOAD_NNZ_fu_128/gmem5_addr_read_reg_185[7]_i_1/O
                         net (fo=9, unplaced)         0.242     0.740    bd_0_i/hls_inst/inst/grp_spmm_stage_fu_164/spmm_load_csr_U0/grp_spmm_load_csr_Pipeline_LOAD_NNZ_fu_128/gmem5_addr_read_reg_185[7]_i_1_n_4
                         LUT6 (Prop_LUT6_I0_O)        0.058     0.798 f  bd_0_i/hls_inst/inst/grp_spmm_stage_fu_164/spmm_load_csr_U0/grp_spmm_load_csr_Pipeline_LOAD_NNZ_fu_128/bus_wide_gen.split_cnt_buf[1]_i_5/O
                         net (fo=7, unplaced)         0.236     1.034    bd_0_i/hls_inst/inst/gmem5_m_axi_U/load_unit_0/bus_wide_gen.rreq_offset/gmem5_0_RREADY
                         LUT4 (Prop_LUT4_I3_O)        0.095     1.129 f  bd_0_i/hls_inst/inst/gmem5_m_axi_U/load_unit_0/bus_wide_gen.rreq_offset/bus_wide_gen.split_cnt_buf[1]_i_2/O
                         net (fo=4, unplaced)         0.223     1.352    bd_0_i/hls_inst/inst/gmem5_m_axi_U/load_unit_0/bus_wide_gen.rreq_offset/U_fifo_srl/E[0]
                         LUT6 (Prop_LUT6_I4_O)        0.058     1.410 f  bd_0_i/hls_inst/inst/gmem5_m_axi_U/load_unit_0/bus_wide_gen.rreq_offset/U_fifo_srl/bus_wide_gen.split_cnt_buf[1]_i_8/O
                         net (fo=1, unplaced)         0.211     1.621    bd_0_i/hls_inst/inst/gmem5_m_axi_U/load_unit_0/bus_wide_gen.rreq_offset/U_fifo_srl/bus_wide_gen.split_cnt_buf[1]_i_8_n_4
                         LUT6 (Prop_LUT6_I0_O)        0.058     1.679 f  bd_0_i/hls_inst/inst/gmem5_m_axi_U/load_unit_0/bus_wide_gen.rreq_offset/U_fifo_srl/bus_wide_gen.split_cnt_buf[1]_i_4/O
                         net (fo=4, unplaced)         0.223     1.902    bd_0_i/hls_inst/inst/gmem5_m_axi_U/load_unit_0/bus_wide_gen.rs_rdata_int/p_21_in
                         LUT2 (Prop_LUT2_I1_O)        0.058     1.960 f  bd_0_i/hls_inst/inst/gmem5_m_axi_U/load_unit_0/bus_wide_gen.rs_rdata_int/FSM_sequential_state[1]_i_2__7/O
                         net (fo=11, unplaced)        0.246     2.206    bd_0_i/hls_inst/inst/gmem5_m_axi_U/load_unit_0/bus_wide_gen.rreq_offset/U_fifo_srl/p_22_in
                         LUT4 (Prop_LUT4_I2_O)        0.058     2.264 f  bd_0_i/hls_inst/inst/gmem5_m_axi_U/load_unit_0/bus_wide_gen.rreq_offset/U_fifo_srl/dout[3]_i_1__1/O
                         net (fo=10, unplaced)        0.244     2.508    bd_0_i/hls_inst/inst/gmem5_m_axi_U/load_unit_0/bus_wide_gen.rreq_offset/pop
                         LUT5 (Prop_LUT5_I0_O)        0.095     2.603 r  bd_0_i/hls_inst/inst/gmem5_m_axi_U/load_unit_0/bus_wide_gen.rreq_offset/raddr[3]_i_4__7/O
                         net (fo=1, unplaced)         0.211     2.814    bd_0_i/hls_inst/inst/gmem5_m_axi_U/load_unit_0/bus_wide_gen.rreq_offset/raddr118_out
                         LUT6 (Prop_LUT6_I5_O)        0.058     2.872 r  bd_0_i/hls_inst/inst/gmem5_m_axi_U/load_unit_0/bus_wide_gen.rreq_offset/raddr[3]_i_1__17/O
                         net (fo=4, unplaced)         0.181     3.053    bd_0_i/hls_inst/inst/gmem5_m_axi_U/load_unit_0/bus_wide_gen.rreq_offset/raddr[3]_i_1__17_n_4
                         FDRE                                         r  bd_0_i/hls_inst/inst/gmem5_m_axi_U/load_unit_0/bus_wide_gen.rreq_offset/raddr_reg[3]/CE
  -------------------------------------------------------------------    -------------------

                         (clock ap_clk rise edge)    10.000    10.000 r  
                                                      0.000    10.000 r  ap_clk (IN)
                         net (fo=36268, unset)        0.029    10.029    bd_0_i/hls_inst/inst/gmem5_m_axi_U/load_unit_0/bus_wide_gen.rreq_offset/ap_clk
                         FDRE                                         r  bd_0_i/hls_inst/inst/gmem5_m_axi_U/load_unit_0/bus_wide_gen.rreq_offset/raddr_reg[3]/C
                         clock pessimism              0.000    10.029    
                         clock uncertainty           -0.035     9.994    
                         FDRE (Setup_FDRE_C_CE)      -0.079     9.915    bd_0_i/hls_inst/inst/gmem5_m_axi_U/load_unit_0/bus_wide_gen.rreq_offset/raddr_reg[3]
  -------------------------------------------------------------------
                         required time                          9.915    
                         arrival time                          -3.053    
  -------------------------------------------------------------------
                         slack                                  6.862    

Slack (MET) :             7.077ns  (required time - arrival time)
  Source:                 bd_0_i/hls_inst/inst/grp_spmm_stage_fu_164/spmm_load_csr_U0/grp_spmm_load_csr_Pipeline_LOAD_NNZ_fu_128/ap_enable_reg_pp0_iter1_reg/C
                            (rising edge-triggered cell FDRE clocked by ap_clk  {rise@0.000ns fall@5.000ns period=10.000ns})
  Destination:            bd_0_i/hls_inst/inst/gmem5_m_axi_U/load_unit_0/bus_wide_gen.rreq_offset/mOutPtr_reg[3]/D
                            (rising edge-triggered cell FDRE clocked by ap_clk  {rise@0.000ns fall@5.000ns period=10.000ns})
  Path Group:             ap_clk
  Path Type:              Setup (Max at Slow Process Corner)
  Requirement:            10.000ns  (ap_clk rise@10.000ns - ap_clk rise@0.000ns)
  Data Path Delay:        2.920ns  (logic 0.840ns (28.767%)  route 2.080ns (71.233%))
  Logic Levels:           9  (LUT2=1 LUT4=3 LUT5=2 LUT6=3)
  Clock Path Skew:        -0.012ns (DCD - SCD + CPR)
    Destination Clock Delay (DCD):    0.029ns = ( 10.029 - 10.000 ) 
    Source Clock Delay      (SCD):    0.041ns
    Clock Pessimism Removal (CPR):    0.000ns
  Clock Uncertainty:      0.035ns  ((TSJ^2 + TIJ^2)^1/2 + DJ) / 2 + PE
    Total System Jitter     (TSJ):    0.071ns
    Total Input Jitter      (TIJ):    0.000ns
    Discrete Jitter          (DJ):    0.000ns
    Phase Error              (PE):    0.000ns

    Location             Delay type                Incr(ns)  Path(ns)    Netlist Resource(s)
  -------------------------------------------------------------------    -------------------
                         (clock ap_clk rise edge)     0.000     0.000 r  
                                                      0.000     0.000 r  ap_clk (IN)
                         net (fo=36268, unset)        0.041     0.041    bd_0_i/hls_inst/inst/grp_spmm_stage_fu_164/spmm_load_csr_U0/grp_spmm_load_csr_Pipeline_LOAD_NNZ_fu_128/ap_clk
                         FDRE                                         r  bd_0_i/hls_inst/inst/grp_spmm_stage_fu_164/spmm_load_csr_U0/grp_spmm_load_csr_Pipeline_LOAD_NNZ_fu_128/ap_enable_reg_pp0_iter1_reg/C
  -------------------------------------------------------------------    -------------------
                         FDRE (Prop_FDRE_C_Q)         0.114     0.155 r  bd_0_i/hls_inst/inst/grp_spmm_stage_fu_164/spmm_load_csr_U0/grp_spmm_load_csr_Pipeline_LOAD_NNZ_fu_128/ap_enable_reg_pp0_iter1_reg/Q
                         net (fo=14, unplaced)        0.155     0.310    bd_0_i/hls_inst/inst/grp_spmm_stage_fu_164/spmm_load_csr_U0/grp_spmm_load_csr_Pipeline_LOAD_NNZ_fu_128/ap_enable_reg_pp0_iter1
                         LUT5 (Prop_LUT5_I0_O)        0.188     0.498 f  bd_0_i/hls_inst/inst/grp_spmm_stage_fu_164/spmm_load_csr_U0/grp_spmm_load_csr_Pipeline_LOAD_NNZ_fu_128/gmem5_addr_read_reg_185[7]_i_1/O
                         net (fo=9, unplaced)         0.242     0.740    bd_0_i/hls_inst/inst/grp_spmm_stage_fu_164/spmm_load_csr_U0/grp_spmm_load_csr_Pipeline_LOAD_NNZ_fu_128/gmem5_addr_read_reg_185[7]_i_1_n_4
                         LUT6 (Prop_LUT6_I0_O)        0.058     0.798 f  bd_0_i/hls_inst/inst/grp_spmm_stage_fu_164/spmm_load_csr_U0/grp_spmm_load_csr_Pipeline_LOAD_NNZ_fu_128/bus_wide_gen.split_cnt_buf[1]_i_5/O
                         net (fo=7, unplaced)         0.236     1.034    bd_0_i/hls_inst/inst/gmem5_m_axi_U/load_unit_0/bus_wide_gen.rreq_offset/gmem5_0_RREADY
                         LUT4 (Prop_LUT4_I3_O)        0.095     1.129 f  bd_0_i/hls_inst/inst/gmem5_m_axi_U/load_unit_0/bus_wide_gen.rreq_offset/bus_wide_gen.split_cnt_buf[1]_i_2/O
                         net (fo=4, unplaced)         0.223     1.352    bd_0_i/hls_inst/inst/gmem5_m_axi_U/load_unit_0/bus_wide_gen.rreq_offset/U_fifo_srl/E[0]
                         LUT6 (Prop_LUT6_I4_O)        0.058     1.410 f  bd_0_i/hls_inst/inst/gmem5_m_axi_U/load_unit_0/bus_wide_gen.rreq_offset/U_fifo_srl/bus_wide_gen.split_cnt_buf[1]_i_8/O
                         net (fo=1, unplaced)         0.211     1.621    bd_0_i/hls_inst/inst/gmem5_m_axi_U/load_unit_0/bus_wide_gen.rreq_offset/U_fifo_srl/bus_wide_gen.split_cnt_buf[1]_i_8_n_4
                         LUT6 (Prop_LUT6_I0_O)        0.058     1.679 f  bd_0_i/hls_inst/inst/gmem5_m_axi_U/load_unit_0/bus_wide_gen.rreq_offset/U_fifo_srl/bus_wide_gen.split_cnt_buf[1]_i_4/O
                         net (fo=4, unplaced)         0.223     1.902    bd_0_i/hls_inst/inst/gmem5_m_axi_U/load_unit_0/bus_wide_gen.rs_rdata_int/p_21_in
                         LUT2 (Prop_LUT2_I1_O)        0.058     1.960 f  bd_0_i/hls_inst/inst/gmem5_m_axi_U/load_unit_0/bus_wide_gen.rs_rdata_int/FSM_sequential_state[1]_i_2__7/O
                         net (fo=11, unplaced)        0.246     2.206    bd_0_i/hls_inst/inst/gmem5_m_axi_U/load_unit_0/bus_wide_gen.rreq_offset/U_fifo_srl/p_22_in
                         LUT4 (Prop_LUT4_I2_O)        0.058     2.264 f  bd_0_i/hls_inst/inst/gmem5_m_axi_U/load_unit_0/bus_wide_gen.rreq_offset/U_fifo_srl/dout[3]_i_1__1/O
                         net (fo=10, unplaced)        0.244     2.508    bd_0_i/hls_inst/inst/gmem5_m_axi_U/load_unit_0/bus_wide_gen.rreq_offset/pop
                         LUT4 (Prop_LUT4_I3_O)        0.058     2.566 r  bd_0_i/hls_inst/inst/gmem5_m_axi_U/load_unit_0/bus_wide_gen.rreq_offset/mOutPtr[4]_i_3__17/O
                         net (fo=6, unplaced)         0.233     2.799    bd_0_i/hls_inst/inst/gmem5_m_axi_U/load_unit_0/bus_wide_gen.rreq_offset/p_17_in_0
                         LUT5 (Prop_LUT5_I0_O)        0.095     2.894 r  bd_0_i/hls_inst/inst/gmem5_m_axi_U/load_unit_0/bus_wide_gen.rreq_offset/mOutPtr[3]_i_1__26/O
                         net (fo=1, unplaced)         0.067     2.961    bd_0_i/hls_inst/inst/gmem5_m_axi_U/load_unit_0/bus_wide_gen.rreq_offset/mOutPtr[3]_i_1__26_n_4
                         FDRE                                         r  bd_0_i/hls_inst/inst/gmem5_m_axi_U/load_unit_0/bus_wide_gen.rreq_offset/mOutPtr_reg[3]/D
  -------------------------------------------------------------------    -------------------

                         (clock ap_clk rise edge)    10.000    10.000 r  
                                                      0.000    10.000 r  ap_clk (IN)
                         net (fo=36268, unset)        0.029    10.029    bd_0_i/hls_inst/inst/gmem5_m_axi_U/load_unit_0/bus_wide_gen.rreq_offset/ap_clk
                         FDRE                                         r  bd_0_i/hls_inst/inst/gmem5_m_axi_U/load_unit_0/bus_wide_gen.rreq_offset/mOutPtr_reg[3]/C
                         clock pessimism              0.000    10.029    
                         clock uncertainty           -0.035     9.994    
                         FDRE (Setup_FDRE_C_D)        0.044    10.038    bd_0_i/hls_inst/inst/gmem5_m_axi_U/load_unit_0/bus_wide_gen.rreq_offset/mOutPtr_reg[3]
  -------------------------------------------------------------------
                         required time                         10.038    
                         arrival time                          -2.961    
  -------------------------------------------------------------------
                         slack                                  7.077    

Slack (MET) :             7.077ns  (required time - arrival time)
  Source:                 bd_0_i/hls_inst/inst/grp_spmm_stage_fu_164/spmm_load_csr_U0/grp_spmm_load_csr_Pipeline_LOAD_NNZ_fu_128/ap_enable_reg_pp0_iter1_reg/C
                            (rising edge-triggered cell FDRE clocked by ap_clk  {rise@0.000ns fall@5.000ns period=10.000ns})
  Destination:            bd_0_i/hls_inst/inst/gmem5_m_axi_U/load_unit_0/bus_wide_gen.rreq_offset/raddr_reg[2]/D
                            (rising edge-triggered cell FDRE clocked by ap_clk  {rise@0.000ns fall@5.000ns period=10.000ns})
  Path Group:             ap_clk
  Path Type:              Setup (Max at Slow Process Corner)
  Requirement:            10.000ns  (ap_clk rise@10.000ns - ap_clk rise@0.000ns)
  Data Path Delay:        2.920ns  (logic 0.840ns (28.767%)  route 2.080ns (71.233%))
  Logic Levels:           9  (LUT2=1 LUT4=3 LUT5=2 LUT6=3)
  Clock Path Skew:        -0.012ns (DCD - SCD + CPR)
    Destination Clock Delay (DCD):    0.029ns = ( 10.029 - 10.000 ) 
    Source Clock Delay      (SCD):    0.041ns
    Clock Pessimism Removal (CPR):    0.000ns
  Clock Uncertainty:      0.035ns  ((TSJ^2 + TIJ^2)^1/2 + DJ) / 2 + PE
    Total System Jitter     (TSJ):    0.071ns
    Total Input Jitter      (TIJ):    0.000ns
    Discrete Jitter          (DJ):    0.000ns
    Phase Error              (PE):    0.000ns

    Location             Delay type                Incr(ns)  Path(ns)    Netlist Resource(s)
  -------------------------------------------------------------------    -------------------
                         (clock ap_clk rise edge)     0.000     0.000 r  
                                                      0.000     0.000 r  ap_clk (IN)
                         net (fo=36268, unset)        0.041     0.041    bd_0_i/hls_inst/inst/grp_spmm_stage_fu_164/spmm_load_csr_U0/grp_spmm_load_csr_Pipeline_LOAD_NNZ_fu_128/ap_clk
                         FDRE                                         r  bd_0_i/hls_inst/inst/grp_spmm_stage_fu_164/spmm_load_csr_U0/grp_spmm_load_csr_Pipeline_LOAD_NNZ_fu_128/ap_enable_reg_pp0_iter1_reg/C
  -------------------------------------------------------------------    -------------------
                         FDRE (Prop_FDRE_C_Q)         0.114     0.155 r  bd_0_i/hls_inst/inst/grp_spmm_stage_fu_164/spmm_load_csr_U0/grp_spmm_load_csr_Pipeline_LOAD_NNZ_fu_128/ap_enable_reg_pp0_iter1_reg/Q
                         net (fo=14, unplaced)        0.155     0.310    bd_0_i/hls_inst/inst/grp_spmm_stage_fu_164/spmm_load_csr_U0/grp_spmm_load_csr_Pipeline_LOAD_NNZ_fu_128/ap_enable_reg_pp0_iter1
                         LUT5 (Prop_LUT5_I0_O)        0.188     0.498 f  bd_0_i/hls_inst/inst/grp_spmm_stage_fu_164/spmm_load_csr_U0/grp_spmm_load_csr_Pipeline_LOAD_NNZ_fu_128/gmem5_addr_read_reg_185[7]_i_1/O
                         net (fo=9, unplaced)         0.242     0.740    bd_0_i/hls_inst/inst/grp_spmm_stage_fu_164/spmm_load_csr_U0/grp_spmm_load_csr_Pipeline_LOAD_NNZ_fu_128/gmem5_addr_read_reg_185[7]_i_1_n_4
                         LUT6 (Prop_LUT6_I0_O)        0.058     0.798 f  bd_0_i/hls_inst/inst/grp_spmm_stage_fu_164/spmm_load_csr_U0/grp_spmm_load_csr_Pipeline_LOAD_NNZ_fu_128/bus_wide_gen.split_cnt_buf[1]_i_5/O
                         net (fo=7, unplaced)         0.236     1.034    bd_0_i/hls_inst/inst/gmem5_m_axi_U/load_unit_0/bus_wide_gen.rreq_offset/gmem5_0_RREADY
                         LUT4 (Prop_LUT4_I3_O)        0.095     1.129 f  bd_0_i/hls_inst/inst/gmem5_m_axi_U/load_unit_0/bus_wide_gen.rreq_offset/bus_wide_gen.split_cnt_buf[1]_i_2/O
                         net (fo=4, unplaced)         0.223     1.352    bd_0_i/hls_inst/inst/gmem5_m_axi_U/load_unit_0/bus_wide_gen.rreq_offset/U_fifo_srl/E[0]
                         LUT6 (Prop_LUT6_I4_O)        0.058     1.410 f  bd_0_i/hls_inst/inst/gmem5_m_axi_U/load_unit_0/bus_wide_gen.rreq_offset/U_fifo_srl/bus_wide_gen.split_cnt_buf[1]_i_8/O
                         net (fo=1, unplaced)         0.211     1.621    bd_0_i/hls_inst/inst/gmem5_m_axi_U/load_unit_0/bus_wide_gen.rreq_offset/U_fifo_srl/bus_wide_gen.split_cnt_buf[1]_i_8_n_4
                         LUT6 (Prop_LUT6_I0_O)        0.058     1.679 f  bd_0_i/hls_inst/inst/gmem5_m_axi_U/load_unit_0/bus_wide_gen.rreq_offset/U_fifo_srl/bus_wide_gen.split_cnt_buf[1]_i_4/O
                         net (fo=4, unplaced)         0.223     1.902    bd_0_i/hls_inst/inst/gmem5_m_axi_U/load_unit_0/bus_wide_gen.rs_rdata_int/p_21_in
                         LUT2 (Prop_LUT2_I1_O)        0.058     1.960 f  bd_0_i/hls_inst/inst/gmem5_m_axi_U/load_unit_0/bus_wide_gen.rs_rdata_int/FSM_sequential_state[1]_i_2__7/O
                         net (fo=11, unplaced)        0.246     2.206    bd_0_i/hls_inst/inst/gmem5_m_axi_U/load_unit_0/bus_wide_gen.rreq_offset/U_fifo_srl/p_22_in
                         LUT4 (Prop_LUT4_I2_O)        0.058     2.264 f  bd_0_i/hls_inst/inst/gmem5_m_axi_U/load_unit_0/bus_wide_gen.rreq_offset/U_fifo_srl/dout[3]_i_1__1/O
                         net (fo=10, unplaced)        0.244     2.508    bd_0_i/hls_inst/inst/gmem5_m_axi_U/load_unit_0/bus_wide_gen.rreq_offset/pop
                         LUT4 (Prop_LUT4_I3_O)        0.058     2.566 r  bd_0_i/hls_inst/inst/gmem5_m_axi_U/load_unit_0/bus_wide_gen.rreq_offset/mOutPtr[4]_i_3__17/O
                         net (fo=6, unplaced)         0.233     2.799    bd_0_i/hls_inst/inst/gmem5_m_axi_U/load_unit_0/bus_wide_gen.rreq_offset/p_17_in_0
                         LUT5 (Prop_LUT5_I1_O)        0.095     2.894 r  bd_0_i/hls_inst/inst/gmem5_m_axi_U/load_unit_0/bus_wide_gen.rreq_offset/raddr[2]_i_1__22/O
                         net (fo=1, unplaced)         0.067     2.961    bd_0_i/hls_inst/inst/gmem5_m_axi_U/load_unit_0/bus_wide_gen.rreq_offset/raddr[2]_i_1__22_n_4
                         FDRE                                         r  bd_0_i/hls_inst/inst/gmem5_m_axi_U/load_unit_0/bus_wide_gen.rreq_offset/raddr_reg[2]/D
  -------------------------------------------------------------------    -------------------

                         (clock ap_clk rise edge)    10.000    10.000 r  
                                                      0.000    10.000 r  ap_clk (IN)
                         net (fo=36268, unset)        0.029    10.029    bd_0_i/hls_inst/inst/gmem5_m_axi_U/load_unit_0/bus_wide_gen.rreq_offset/ap_clk
                         FDRE                                         r  bd_0_i/hls_inst/inst/gmem5_m_axi_U/load_unit_0/bus_wide_gen.rreq_offset/raddr_reg[2]/C
                         clock pessimism              0.000    10.029    
                         clock uncertainty           -0.035     9.994    
                         FDRE (Setup_FDRE_C_D)        0.044    10.038    bd_0_i/hls_inst/inst/gmem5_m_axi_U/load_unit_0/bus_wide_gen.rreq_offset/raddr_reg[2]
  -------------------------------------------------------------------
                         required time                         10.038    
                         arrival time                          -2.961    
  -------------------------------------------------------------------
                         slack                                  7.077    

Slack (MET) :             7.114ns  (required time - arrival time)
  Source:                 bd_0_i/hls_inst/inst/grp_spmm_stage_fu_164/spmm_load_csr_U0/grp_spmm_load_csr_Pipeline_LOAD_NNZ_fu_128/ap_enable_reg_pp0_iter1_reg/C
                            (rising edge-triggered cell FDRE clocked by ap_clk  {rise@0.000ns fall@5.000ns period=10.000ns})
  Destination:            bd_0_i/hls_inst/inst/gmem5_m_axi_U/load_unit_0/bus_wide_gen.rreq_offset/mOutPtr_reg[2]/D
                            (rising edge-triggered cell FDRE clocked by ap_clk  {rise@0.000ns fall@5.000ns period=10.000ns})
  Path Group:             ap_clk
  Path Type:              Setup (Max at Slow Process Corner)
  Requirement:            10.000ns  (ap_clk rise@10.000ns - ap_clk rise@0.000ns)
  Data Path Delay:        2.883ns  (logic 0.803ns (27.853%)  route 2.080ns (72.147%))
  Logic Levels:           9  (LUT2=1 LUT4=4 LUT5=1 LUT6=3)
  Clock Path Skew:        -0.012ns (DCD - SCD + CPR)
    Destination Clock Delay (DCD):    0.029ns = ( 10.029 - 10.000 ) 
    Source Clock Delay      (SCD):    0.041ns
    Clock Pessimism Removal (CPR):    0.000ns
  Clock Uncertainty:      0.035ns  ((TSJ^2 + TIJ^2)^1/2 + DJ) / 2 + PE
    Total System Jitter     (TSJ):    0.071ns
    Total Input Jitter      (TIJ):    0.000ns
    Discrete Jitter          (DJ):    0.000ns
    Phase Error              (PE):    0.000ns

    Location             Delay type                Incr(ns)  Path(ns)    Netlist Resource(s)
  -------------------------------------------------------------------    -------------------
                         (clock ap_clk rise edge)     0.000     0.000 r  
                                                      0.000     0.000 r  ap_clk (IN)
                         net (fo=36268, unset)        0.041     0.041    bd_0_i/hls_inst/inst/grp_spmm_stage_fu_164/spmm_load_csr_U0/grp_spmm_load_csr_Pipeline_LOAD_NNZ_fu_128/ap_clk
                         FDRE                                         r  bd_0_i/hls_inst/inst/grp_spmm_stage_fu_164/spmm_load_csr_U0/grp_spmm_load_csr_Pipeline_LOAD_NNZ_fu_128/ap_enable_reg_pp0_iter1_reg/C
  -------------------------------------------------------------------    -------------------
                         FDRE (Prop_FDRE_C_Q)         0.114     0.155 r  bd_0_i/hls_inst/inst/grp_spmm_stage_fu_164/spmm_load_csr_U0/grp_spmm_load_csr_Pipeline_LOAD_NNZ_fu_128/ap_enable_reg_pp0_iter1_reg/Q
                         net (fo=14, unplaced)        0.155     0.310    bd_0_i/hls_inst/inst/grp_spmm_stage_fu_164/spmm_load_csr_U0/grp_spmm_load_csr_Pipeline_LOAD_NNZ_fu_128/ap_enable_reg_pp0_iter1
                         LUT5 (Prop_LUT5_I0_O)        0.188     0.498 f  bd_0_i/hls_inst/inst/grp_spmm_stage_fu_164/spmm_load_csr_U0/grp_spmm_load_csr_Pipeline_LOAD_NNZ_fu_128/gmem5_addr_read_reg_185[7]_i_1/O
                         net (fo=9, unplaced)         0.242     0.740    bd_0_i/hls_inst/inst/grp_spmm_stage_fu_164/spmm_load_csr_U0/grp_spmm_load_csr_Pipeline_LOAD_NNZ_fu_128/gmem5_addr_read_reg_185[7]_i_1_n_4
                         LUT6 (Prop_LUT6_I0_O)        0.058     0.798 f  bd_0_i/hls_inst/inst/grp_spmm_stage_fu_164/spmm_load_csr_U0/grp_spmm_load_csr_Pipeline_LOAD_NNZ_fu_128/bus_wide_gen.split_cnt_buf[1]_i_5/O
                         net (fo=7, unplaced)         0.236     1.034    bd_0_i/hls_inst/inst/gmem5_m_axi_U/load_unit_0/bus_wide_gen.rreq_offset/gmem5_0_RREADY
                         LUT4 (Prop_LUT4_I3_O)        0.095     1.129 f  bd_0_i/hls_inst/inst/gmem5_m_axi_U/load_unit_0/bus_wide_gen.rreq_offset/bus_wide_gen.split_cnt_buf[1]_i_2/O
                         net (fo=4, unplaced)         0.223     1.352    bd_0_i/hls_inst/inst/gmem5_m_axi_U/load_unit_0/bus_wide_gen.rreq_offset/U_fifo_srl/E[0]
                         LUT6 (Prop_LUT6_I4_O)        0.058     1.410 f  bd_0_i/hls_inst/inst/gmem5_m_axi_U/load_unit_0/bus_wide_gen.rreq_offset/U_fifo_srl/bus_wide_gen.split_cnt_buf[1]_i_8/O
                         net (fo=1, unplaced)         0.211     1.621    bd_0_i/hls_inst/inst/gmem5_m_axi_U/load_unit_0/bus_wide_gen.rreq_offset/U_fifo_srl/bus_wide_gen.split_cnt_buf[1]_i_8_n_4
                         LUT6 (Prop_LUT6_I0_O)        0.058     1.679 f  bd_0_i/hls_inst/inst/gmem5_m_axi_U/load_unit_0/bus_wide_gen.rreq_offset/U_fifo_srl/bus_wide_gen.split_cnt_buf[1]_i_4/O
                         net (fo=4, unplaced)         0.223     1.902    bd_0_i/hls_inst/inst/gmem5_m_axi_U/load_unit_0/bus_wide_gen.rs_rdata_int/p_21_in
                         LUT2 (Prop_LUT2_I1_O)        0.058     1.960 f  bd_0_i/hls_inst/inst/gmem5_m_axi_U/load_unit_0/bus_wide_gen.rs_rdata_int/FSM_sequential_state[1]_i_2__7/O
                         net (fo=11, unplaced)        0.246     2.206    bd_0_i/hls_inst/inst/gmem5_m_axi_U/load_unit_0/bus_wide_gen.rreq_offset/U_fifo_srl/p_22_in
                         LUT4 (Prop_LUT4_I2_O)        0.058     2.264 f  bd_0_i/hls_inst/inst/gmem5_m_axi_U/load_unit_0/bus_wide_gen.rreq_offset/U_fifo_srl/dout[3]_i_1__1/O
                         net (fo=10, unplaced)        0.244     2.508    bd_0_i/hls_inst/inst/gmem5_m_axi_U/load_unit_0/bus_wide_gen.rreq_offset/pop
                         LUT4 (Prop_LUT4_I3_O)        0.058     2.566 r  bd_0_i/hls_inst/inst/gmem5_m_axi_U/load_unit_0/bus_wide_gen.rreq_offset/mOutPtr[4]_i_3__17/O
                         net (fo=6, unplaced)         0.233     2.799    bd_0_i/hls_inst/inst/gmem5_m_axi_U/load_unit_0/bus_wide_gen.rreq_offset/p_17_in_0
                         LUT4 (Prop_LUT4_I0_O)        0.058     2.857 r  bd_0_i/hls_inst/inst/gmem5_m_axi_U/load_unit_0/bus_wide_gen.rreq_offset/mOutPtr[2]_i_1__27/O
                         net (fo=1, unplaced)         0.067     2.924    bd_0_i/hls_inst/inst/gmem5_m_axi_U/load_unit_0/bus_wide_gen.rreq_offset/mOutPtr[2]_i_1__27_n_4
                         FDRE                                         r  bd_0_i/hls_inst/inst/gmem5_m_axi_U/load_unit_0/bus_wide_gen.rreq_offset/mOutPtr_reg[2]/D
  -------------------------------------------------------------------    -------------------

                         (clock ap_clk rise edge)    10.000    10.000 r  
                                                      0.000    10.000 r  ap_clk (IN)
                         net (fo=36268, unset)        0.029    10.029    bd_0_i/hls_inst/inst/gmem5_m_axi_U/load_unit_0/bus_wide_gen.rreq_offset/ap_clk
                         FDRE                                         r  bd_0_i/hls_inst/inst/gmem5_m_axi_U/load_unit_0/bus_wide_gen.rreq_offset/mOutPtr_reg[2]/C
                         clock pessimism              0.000    10.029    
                         clock uncertainty           -0.035     9.994    
                         FDRE (Setup_FDRE_C_D)        0.044    10.038    bd_0_i/hls_inst/inst/gmem5_m_axi_U/load_unit_0/bus_wide_gen.rreq_offset/mOutPtr_reg[2]
  -------------------------------------------------------------------
                         required time                         10.038    
                         arrival time                          -2.924    
  -------------------------------------------------------------------
                         slack                                  7.114    

Slack (MET) :             7.114ns  (required time - arrival time)
  Source:                 bd_0_i/hls_inst/inst/grp_spmm_stage_fu_164/spmm_load_csr_U0/grp_spmm_load_csr_Pipeline_LOAD_NNZ_fu_128/ap_enable_reg_pp0_iter1_reg/C
                            (rising edge-triggered cell FDRE clocked by ap_clk  {rise@0.000ns fall@5.000ns period=10.000ns})
  Destination:            bd_0_i/hls_inst/inst/gmem5_m_axi_U/load_unit_0/bus_wide_gen.rreq_offset/mOutPtr_reg[4]/D
                            (rising edge-triggered cell FDRE clocked by ap_clk  {rise@0.000ns fall@5.000ns period=10.000ns})
  Path Group:             ap_clk
  Path Type:              Setup (Max at Slow Process Corner)
  Requirement:            10.000ns  (ap_clk rise@10.000ns - ap_clk rise@0.000ns)
  Data Path Delay:        2.883ns  (logic 0.803ns (27.853%)  route 2.080ns (72.147%))
  Logic Levels:           9  (LUT2=1 LUT4=3 LUT5=1 LUT6=4)
  Clock Path Skew:        -0.012ns (DCD - SCD + CPR)
    Destination Clock Delay (DCD):    0.029ns = ( 10.029 - 10.000 ) 
    Source Clock Delay      (SCD):    0.041ns
    Clock Pessimism Removal (CPR):    0.000ns
  Clock Uncertainty:      0.035ns  ((TSJ^2 + TIJ^2)^1/2 + DJ) / 2 + PE
    Total System Jitter     (TSJ):    0.071ns
    Total Input Jitter      (TIJ):    0.000ns
    Discrete Jitter          (DJ):    0.000ns
    Phase Error              (PE):    0.000ns

    Location             Delay type                Incr(ns)  Path(ns)    Netlist Resource(s)
  -------------------------------------------------------------------    -------------------
                         (clock ap_clk rise edge)     0.000     0.000 r  
                                                      0.000     0.000 r  ap_clk (IN)
                         net (fo=36268, unset)        0.041     0.041    bd_0_i/hls_inst/inst/grp_spmm_stage_fu_164/spmm_load_csr_U0/grp_spmm_load_csr_Pipeline_LOAD_NNZ_fu_128/ap_clk
                         FDRE                                         r  bd_0_i/hls_inst/inst/grp_spmm_stage_fu_164/spmm_load_csr_U0/grp_spmm_load_csr_Pipeline_LOAD_NNZ_fu_128/ap_enable_reg_pp0_iter1_reg/C
  -------------------------------------------------------------------    -------------------
                         FDRE (Prop_FDRE_C_Q)         0.114     0.155 r  bd_0_i/hls_inst/inst/grp_spmm_stage_fu_164/spmm_load_csr_U0/grp_spmm_load_csr_Pipeline_LOAD_NNZ_fu_128/ap_enable_reg_pp0_iter1_reg/Q
                         net (fo=14, unplaced)        0.155     0.310    bd_0_i/hls_inst/inst/grp_spmm_stage_fu_164/spmm_load_csr_U0/grp_spmm_load_csr_Pipeline_LOAD_NNZ_fu_128/ap_enable_reg_pp0_iter1
                         LUT5 (Prop_LUT5_I0_O)        0.188     0.498 f  bd_0_i/hls_inst/inst/grp_spmm_stage_fu_164/spmm_load_csr_U0/grp_spmm_load_csr_Pipeline_LOAD_NNZ_fu_128/gmem5_addr_read_reg_185[7]_i_1/O
                         net (fo=9, unplaced)         0.242     0.740    bd_0_i/hls_inst/inst/grp_spmm_stage_fu_164/spmm_load_csr_U0/grp_spmm_load_csr_Pipeline_LOAD_NNZ_fu_128/gmem5_addr_read_reg_185[7]_i_1_n_4
                         LUT6 (Prop_LUT6_I0_O)        0.058     0.798 f  bd_0_i/hls_inst/inst/grp_spmm_stage_fu_164/spmm_load_csr_U0/grp_spmm_load_csr_Pipeline_LOAD_NNZ_fu_128/bus_wide_gen.split_cnt_buf[1]_i_5/O
                         net (fo=7, unplaced)         0.236     1.034    bd_0_i/hls_inst/inst/gmem5_m_axi_U/load_unit_0/bus_wide_gen.rreq_offset/gmem5_0_RREADY
                         LUT4 (Prop_LUT4_I3_O)        0.095     1.129 f  bd_0_i/hls_inst/inst/gmem5_m_axi_U/load_unit_0/bus_wide_gen.rreq_offset/bus_wide_gen.split_cnt_buf[1]_i_2/O
                         net (fo=4, unplaced)         0.223     1.352    bd_0_i/hls_inst/inst/gmem5_m_axi_U/load_unit_0/bus_wide_gen.rreq_offset/U_fifo_srl/E[0]
                         LUT6 (Prop_LUT6_I4_O)        0.058     1.410 f  bd_0_i/hls_inst/inst/gmem5_m_axi_U/load_unit_0/bus_wide_gen.rreq_offset/U_fifo_srl/bus_wide_gen.split_cnt_buf[1]_i_8/O
                         net (fo=1, unplaced)         0.211     1.621    bd_0_i/hls_inst/inst/gmem5_m_axi_U/load_unit_0/bus_wide_gen.rreq_offset/U_fifo_srl/bus_wide_gen.split_cnt_buf[1]_i_8_n_4
                         LUT6 (Prop_LUT6_I0_O)        0.058     1.679 f  bd_0_i/hls_inst/inst/gmem5_m_axi_U/load_unit_0/bus_wide_gen.rreq_offset/U_fifo_srl/bus_wide_gen.split_cnt_buf[1]_i_4/O
                         net (fo=4, unplaced)         0.223     1.902    bd_0_i/hls_inst/inst/gmem5_m_axi_U/load_unit_0/bus_wide_gen.rs_rdata_int/p_21_in
                         LUT2 (Prop_LUT2_I1_O)        0.058     1.960 f  bd_0_i/hls_inst/inst/gmem5_m_axi_U/load_unit_0/bus_wide_gen.rs_rdata_int/FSM_sequential_state[1]_i_2__7/O
                         net (fo=11, unplaced)        0.246     2.206    bd_0_i/hls_inst/inst/gmem5_m_axi_U/load_unit_0/bus_wide_gen.rreq_offset/U_fifo_srl/p_22_in
                         LUT4 (Prop_LUT4_I2_O)        0.058     2.264 f  bd_0_i/hls_inst/inst/gmem5_m_axi_U/load_unit_0/bus_wide_gen.rreq_offset/U_fifo_srl/dout[3]_i_1__1/O
                         net (fo=10, unplaced)        0.244     2.508    bd_0_i/hls_inst/inst/gmem5_m_axi_U/load_unit_0/bus_wide_gen.rreq_offset/pop
                         LUT4 (Prop_LUT4_I3_O)        0.058     2.566 r  bd_0_i/hls_inst/inst/gmem5_m_axi_U/load_unit_0/bus_wide_gen.rreq_offset/mOutPtr[4]_i_3__17/O
                         net (fo=6, unplaced)         0.233     2.799    bd_0_i/hls_inst/inst/gmem5_m_axi_U/load_unit_0/bus_wide_gen.rreq_offset/p_17_in_0
                         LUT6 (Prop_LUT6_I0_O)        0.058     2.857 r  bd_0_i/hls_inst/inst/gmem5_m_axi_U/load_unit_0/bus_wide_gen.rreq_offset/mOutPtr[4]_i_2__19/O
                         net (fo=1, unplaced)         0.067     2.924    bd_0_i/hls_inst/inst/gmem5_m_axi_U/load_unit_0/bus_wide_gen.rreq_offset/mOutPtr[4]_i_2__19_n_4
                         FDRE                                         r  bd_0_i/hls_inst/inst/gmem5_m_axi_U/load_unit_0/bus_wide_gen.rreq_offset/mOutPtr_reg[4]/D
  -------------------------------------------------------------------    -------------------

                         (clock ap_clk rise edge)    10.000    10.000 r  
                                                      0.000    10.000 r  ap_clk (IN)
                         net (fo=36268, unset)        0.029    10.029    bd_0_i/hls_inst/inst/gmem5_m_axi_U/load_unit_0/bus_wide_gen.rreq_offset/ap_clk
                         FDRE                                         r  bd_0_i/hls_inst/inst/gmem5_m_axi_U/load_unit_0/bus_wide_gen.rreq_offset/mOutPtr_reg[4]/C
                         clock pessimism              0.000    10.029    
                         clock uncertainty           -0.035     9.994    
                         FDRE (Setup_FDRE_C_D)        0.044    10.038    bd_0_i/hls_inst/inst/gmem5_m_axi_U/load_unit_0/bus_wide_gen.rreq_offset/mOutPtr_reg[4]
  -------------------------------------------------------------------
                         required time                         10.038    
                         arrival time                          -2.924    
  -------------------------------------------------------------------
                         slack                                  7.114    

Slack (MET) :             7.114ns  (required time - arrival time)
  Source:                 bd_0_i/hls_inst/inst/grp_spmm_stage_fu_164/spmm_load_csr_U0/grp_spmm_load_csr_Pipeline_LOAD_NNZ_fu_128/ap_enable_reg_pp0_iter1_reg/C
                            (rising edge-triggered cell FDRE clocked by ap_clk  {rise@0.000ns fall@5.000ns period=10.000ns})
  Destination:            bd_0_i/hls_inst/inst/gmem5_m_axi_U/load_unit_0/bus_wide_gen.rreq_offset/raddr_reg[1]/D
                            (rising edge-triggered cell FDRE clocked by ap_clk  {rise@0.000ns fall@5.000ns period=10.000ns})
  Path Group:             ap_clk
  Path Type:              Setup (Max at Slow Process Corner)
  Requirement:            10.000ns  (ap_clk rise@10.000ns - ap_clk rise@0.000ns)
  Data Path Delay:        2.883ns  (logic 0.803ns (27.853%)  route 2.080ns (72.147%))
  Logic Levels:           9  (LUT2=1 LUT4=4 LUT5=1 LUT6=3)
  Clock Path Skew:        -0.012ns (DCD - SCD + CPR)
    Destination Clock Delay (DCD):    0.029ns = ( 10.029 - 10.000 ) 
    Source Clock Delay      (SCD):    0.041ns
    Clock Pessimism Removal (CPR):    0.000ns
  Clock Uncertainty:      0.035ns  ((TSJ^2 + TIJ^2)^1/2 + DJ) / 2 + PE
    Total System Jitter     (TSJ):    0.071ns
    Total Input Jitter      (TIJ):    0.000ns
    Discrete Jitter          (DJ):    0.000ns
    Phase Error              (PE):    0.000ns

    Location             Delay type                Incr(ns)  Path(ns)    Netlist Resource(s)
  -------------------------------------------------------------------    -------------------
                         (clock ap_clk rise edge)     0.000     0.000 r  
                                                      0.000     0.000 r  ap_clk (IN)
                         net (fo=36268, unset)        0.041     0.041    bd_0_i/hls_inst/inst/grp_spmm_stage_fu_164/spmm_load_csr_U0/grp_spmm_load_csr_Pipeline_LOAD_NNZ_fu_128/ap_clk
                         FDRE                                         r  bd_0_i/hls_inst/inst/grp_spmm_stage_fu_164/spmm_load_csr_U0/grp_spmm_load_csr_Pipeline_LOAD_NNZ_fu_128/ap_enable_reg_pp0_iter1_reg/C
  -------------------------------------------------------------------    -------------------
                         FDRE (Prop_FDRE_C_Q)         0.114     0.155 r  bd_0_i/hls_inst/inst/grp_spmm_stage_fu_164/spmm_load_csr_U0/grp_spmm_load_csr_Pipeline_LOAD_NNZ_fu_128/ap_enable_reg_pp0_iter1_reg/Q
                         net (fo=14, unplaced)        0.155     0.310    bd_0_i/hls_inst/inst/grp_spmm_stage_fu_164/spmm_load_csr_U0/grp_spmm_load_csr_Pipeline_LOAD_NNZ_fu_128/ap_enable_reg_pp0_iter1
                         LUT5 (Prop_LUT5_I0_O)        0.188     0.498 f  bd_0_i/hls_inst/inst/grp_spmm_stage_fu_164/spmm_load_csr_U0/grp_spmm_load_csr_Pipeline_LOAD_NNZ_fu_128/gmem5_addr_read_reg_185[7]_i_1/O
                         net (fo=9, unplaced)         0.242     0.740    bd_0_i/hls_inst/inst/grp_spmm_stage_fu_164/spmm_load_csr_U0/grp_spmm_load_csr_Pipeline_LOAD_NNZ_fu_128/gmem5_addr_read_reg_185[7]_i_1_n_4
                         LUT6 (Prop_LUT6_I0_O)        0.058     0.798 f  bd_0_i/hls_inst/inst/grp_spmm_stage_fu_164/spmm_load_csr_U0/grp_spmm_load_csr_Pipeline_LOAD_NNZ_fu_128/bus_wide_gen.split_cnt_buf[1]_i_5/O
                         net (fo=7, unplaced)         0.236     1.034    bd_0_i/hls_inst/inst/gmem5_m_axi_U/load_unit_0/bus_wide_gen.rreq_offset/gmem5_0_RREADY
                         LUT4 (Prop_LUT4_I3_O)        0.095     1.129 f  bd_0_i/hls_inst/inst/gmem5_m_axi_U/load_unit_0/bus_wide_gen.rreq_offset/bus_wide_gen.split_cnt_buf[1]_i_2/O
                         net (fo=4, unplaced)         0.223     1.352    bd_0_i/hls_inst/inst/gmem5_m_axi_U/load_unit_0/bus_wide_gen.rreq_offset/U_fifo_srl/E[0]
                         LUT6 (Prop_LUT6_I4_O)        0.058     1.410 f  bd_0_i/hls_inst/inst/gmem5_m_axi_U/load_unit_0/bus_wide_gen.rreq_offset/U_fifo_srl/bus_wide_gen.split_cnt_buf[1]_i_8/O
                         net (fo=1, unplaced)         0.211     1.621    bd_0_i/hls_inst/inst/gmem5_m_axi_U/load_unit_0/bus_wide_gen.rreq_offset/U_fifo_srl/bus_wide_gen.split_cnt_buf[1]_i_8_n_4
                         LUT6 (Prop_LUT6_I0_O)        0.058     1.679 f  bd_0_i/hls_inst/inst/gmem5_m_axi_U/load_unit_0/bus_wide_gen.rreq_offset/U_fifo_srl/bus_wide_gen.split_cnt_buf[1]_i_4/O
                         net (fo=4, unplaced)         0.223     1.902    bd_0_i/hls_inst/inst/gmem5_m_axi_U/load_unit_0/bus_wide_gen.rs_rdata_int/p_21_in
                         LUT2 (Prop_LUT2_I1_O)        0.058     1.960 f  bd_0_i/hls_inst/inst/gmem5_m_axi_U/load_unit_0/bus_wide_gen.rs_rdata_int/FSM_sequential_state[1]_i_2__7/O
                         net (fo=11, unplaced)        0.246     2.206    bd_0_i/hls_inst/inst/gmem5_m_axi_U/load_unit_0/bus_wide_gen.rreq_offset/U_fifo_srl/p_22_in
                         LUT4 (Prop_LUT4_I2_O)        0.058     2.264 f  bd_0_i/hls_inst/inst/gmem5_m_axi_U/load_unit_0/bus_wide_gen.rreq_offset/U_fifo_srl/dout[3]_i_1__1/O
                         net (fo=10, unplaced)        0.244     2.508    bd_0_i/hls_inst/inst/gmem5_m_axi_U/load_unit_0/bus_wide_gen.rreq_offset/pop
                         LUT4 (Prop_LUT4_I3_O)        0.058     2.566 r  bd_0_i/hls_inst/inst/gmem5_m_axi_U/load_unit_0/bus_wide_gen.rreq_offset/mOutPtr[4]_i_3__17/O
                         net (fo=6, unplaced)         0.233     2.799    bd_0_i/hls_inst/inst/gmem5_m_axi_U/load_unit_0/bus_wide_gen.rreq_offset/p_17_in_0
                         LUT4 (Prop_LUT4_I2_O)        0.058     2.857 r  bd_0_i/hls_inst/inst/gmem5_m_axi_U/load_unit_0/bus_wide_gen.rreq_offset/raddr[1]_i_1__23/O
                         net (fo=1, unplaced)         0.067     2.924    bd_0_i/hls_inst/inst/gmem5_m_axi_U/load_unit_0/bus_wide_gen.rreq_offset/raddr[1]_i_1__23_n_4
                         FDRE                                         r  bd_0_i/hls_inst/inst/gmem5_m_axi_U/load_unit_0/bus_wide_gen.rreq_offset/raddr_reg[1]/D
  -------------------------------------------------------------------    -------------------

                         (clock ap_clk rise edge)    10.000    10.000 r  
                                                      0.000    10.000 r  ap_clk (IN)
                         net (fo=36268, unset)        0.029    10.029    bd_0_i/hls_inst/inst/gmem5_m_axi_U/load_unit_0/bus_wide_gen.rreq_offset/ap_clk
                         FDRE                                         r  bd_0_i/hls_inst/inst/gmem5_m_axi_U/load_unit_0/bus_wide_gen.rreq_offset/raddr_reg[1]/C
                         clock pessimism              0.000    10.029    
                         clock uncertainty           -0.035     9.994    
                         FDRE (Setup_FDRE_C_D)        0.044    10.038    bd_0_i/hls_inst/inst/gmem5_m_axi_U/load_unit_0/bus_wide_gen.rreq_offset/raddr_reg[1]
  -------------------------------------------------------------------
                         required time                         10.038    
                         arrival time                          -2.924    
  -------------------------------------------------------------------
                         slack                                  7.114    

Slack (MET) :             7.114ns  (required time - arrival time)
  Source:                 bd_0_i/hls_inst/inst/grp_spmm_stage_fu_164/spmm_load_csr_U0/grp_spmm_load_csr_Pipeline_LOAD_NNZ_fu_128/ap_enable_reg_pp0_iter1_reg/C
                            (rising edge-triggered cell FDRE clocked by ap_clk  {rise@0.000ns fall@5.000ns period=10.000ns})
  Destination:            bd_0_i/hls_inst/inst/gmem5_m_axi_U/load_unit_0/bus_wide_gen.rreq_offset/raddr_reg[3]/D
                            (rising edge-triggered cell FDRE clocked by ap_clk  {rise@0.000ns fall@5.000ns period=10.000ns})
  Path Group:             ap_clk
  Path Type:              Setup (Max at Slow Process Corner)
  Requirement:            10.000ns  (ap_clk rise@10.000ns - ap_clk rise@0.000ns)
  Data Path Delay:        2.883ns  (logic 0.803ns (27.853%)  route 2.080ns (72.147%))
  Logic Levels:           9  (LUT2=1 LUT4=3 LUT5=1 LUT6=4)
  Clock Path Skew:        -0.012ns (DCD - SCD + CPR)
    Destination Clock Delay (DCD):    0.029ns = ( 10.029 - 10.000 ) 
    Source Clock Delay      (SCD):    0.041ns
    Clock Pessimism Removal (CPR):    0.000ns
  Clock Uncertainty:      0.035ns  ((TSJ^2 + TIJ^2)^1/2 + DJ) / 2 + PE
    Total System Jitter     (TSJ):    0.071ns
    Total Input Jitter      (TIJ):    0.000ns
    Discrete Jitter          (DJ):    0.000ns
    Phase Error              (PE):    0.000ns

    Location             Delay type                Incr(ns)  Path(ns)    Netlist Resource(s)
  -------------------------------------------------------------------    -------------------
                         (clock ap_clk rise edge)     0.000     0.000 r  
                                                      0.000     0.000 r  ap_clk (IN)
                         net (fo=36268, unset)        0.041     0.041    bd_0_i/hls_inst/inst/grp_spmm_stage_fu_164/spmm_load_csr_U0/grp_spmm_load_csr_Pipeline_LOAD_NNZ_fu_128/ap_clk
                         FDRE                                         r  bd_0_i/hls_inst/inst/grp_spmm_stage_fu_164/spmm_load_csr_U0/grp_spmm_load_csr_Pipeline_LOAD_NNZ_fu_128/ap_enable_reg_pp0_iter1_reg/C
  -------------------------------------------------------------------    -------------------
                         FDRE (Prop_FDRE_C_Q)         0.114     0.155 r  bd_0_i/hls_inst/inst/grp_spmm_stage_fu_164/spmm_load_csr_U0/grp_spmm_load_csr_Pipeline_LOAD_NNZ_fu_128/ap_enable_reg_pp0_iter1_reg/Q
                         net (fo=14, unplaced)        0.155     0.310    bd_0_i/hls_inst/inst/grp_spmm_stage_fu_164/spmm_load_csr_U0/grp_spmm_load_csr_Pipeline_LOAD_NNZ_fu_128/ap_enable_reg_pp0_iter1
                         LUT5 (Prop_LUT5_I0_O)        0.188     0.498 f  bd_0_i/hls_inst/inst/grp_spmm_stage_fu_164/spmm_load_csr_U0/grp_spmm_load_csr_Pipeline_LOAD_NNZ_fu_128/gmem5_addr_read_reg_185[7]_i_1/O
                         net (fo=9, unplaced)         0.242     0.740    bd_0_i/hls_inst/inst/grp_spmm_stage_fu_164/spmm_load_csr_U0/grp_spmm_load_csr_Pipeline_LOAD_NNZ_fu_128/gmem5_addr_read_reg_185[7]_i_1_n_4
                         LUT6 (Prop_LUT6_I0_O)        0.058     0.798 f  bd_0_i/hls_inst/inst/grp_spmm_stage_fu_164/spmm_load_csr_U0/grp_spmm_load_csr_Pipeline_LOAD_NNZ_fu_128/bus_wide_gen.split_cnt_buf[1]_i_5/O
                         net (fo=7, unplaced)         0.236     1.034    bd_0_i/hls_inst/inst/gmem5_m_axi_U/load_unit_0/bus_wide_gen.rreq_offset/gmem5_0_RREADY
                         LUT4 (Prop_LUT4_I3_O)        0.095     1.129 f  bd_0_i/hls_inst/inst/gmem5_m_axi_U/load_unit_0/bus_wide_gen.rreq_offset/bus_wide_gen.split_cnt_buf[1]_i_2/O
                         net (fo=4, unplaced)         0.223     1.352    bd_0_i/hls_inst/inst/gmem5_m_axi_U/load_unit_0/bus_wide_gen.rreq_offset/U_fifo_srl/E[0]
                         LUT6 (Prop_LUT6_I4_O)        0.058     1.410 f  bd_0_i/hls_inst/inst/gmem5_m_axi_U/load_unit_0/bus_wide_gen.rreq_offset/U_fifo_srl/bus_wide_gen.split_cnt_buf[1]_i_8/O
                         net (fo=1, unplaced)         0.211     1.621    bd_0_i/hls_inst/inst/gmem5_m_axi_U/load_unit_0/bus_wide_gen.rreq_offset/U_fifo_srl/bus_wide_gen.split_cnt_buf[1]_i_8_n_4
                         LUT6 (Prop_LUT6_I0_O)        0.058     1.679 f  bd_0_i/hls_inst/inst/gmem5_m_axi_U/load_unit_0/bus_wide_gen.rreq_offset/U_fifo_srl/bus_wide_gen.split_cnt_buf[1]_i_4/O
                         net (fo=4, unplaced)         0.223     1.902    bd_0_i/hls_inst/inst/gmem5_m_axi_U/load_unit_0/bus_wide_gen.rs_rdata_int/p_21_in
                         LUT2 (Prop_LUT2_I1_O)        0.058     1.960 f  bd_0_i/hls_inst/inst/gmem5_m_axi_U/load_unit_0/bus_wide_gen.rs_rdata_int/FSM_sequential_state[1]_i_2__7/O
                         net (fo=11, unplaced)        0.246     2.206    bd_0_i/hls_inst/inst/gmem5_m_axi_U/load_unit_0/bus_wide_gen.rreq_offset/U_fifo_srl/p_22_in
                         LUT4 (Prop_LUT4_I2_O)        0.058     2.264 f  bd_0_i/hls_inst/inst/gmem5_m_axi_U/load_unit_0/bus_wide_gen.rreq_offset/U_fifo_srl/dout[3]_i_1__1/O
                         net (fo=10, unplaced)        0.244     2.508    bd_0_i/hls_inst/inst/gmem5_m_axi_U/load_unit_0/bus_wide_gen.rreq_offset/pop
                         LUT4 (Prop_LUT4_I3_O)        0.058     2.566 r  bd_0_i/hls_inst/inst/gmem5_m_axi_U/load_unit_0/bus_wide_gen.rreq_offset/mOutPtr[4]_i_3__17/O
                         net (fo=6, unplaced)         0.233     2.799    bd_0_i/hls_inst/inst/gmem5_m_axi_U/load_unit_0/bus_wide_gen.rreq_offset/p_17_in_0
                         LUT6 (Prop_LUT6_I1_O)        0.058     2.857 r  bd_0_i/hls_inst/inst/gmem5_m_axi_U/load_unit_0/bus_wide_gen.rreq_offset/raddr[3]_i_2__15/O
                         net (fo=1, unplaced)         0.067     2.924    bd_0_i/hls_inst/inst/gmem5_m_axi_U/load_unit_0/bus_wide_gen.rreq_offset/raddr[3]_i_2__15_n_4
                         FDRE                                         r  bd_0_i/hls_inst/inst/gmem5_m_axi_U/load_unit_0/bus_wide_gen.rreq_offset/raddr_reg[3]/D
  -------------------------------------------------------------------    -------------------

                         (clock ap_clk rise edge)    10.000    10.000 r  
                                                      0.000    10.000 r  ap_clk (IN)
                         net (fo=36268, unset)        0.029    10.029    bd_0_i/hls_inst/inst/gmem5_m_axi_U/load_unit_0/bus_wide_gen.rreq_offset/ap_clk
                         FDRE                                         r  bd_0_i/hls_inst/inst/gmem5_m_axi_U/load_unit_0/bus_wide_gen.rreq_offset/raddr_reg[3]/C
                         clock pessimism              0.000    10.029    
                         clock uncertainty           -0.035     9.994    
                         FDRE (Setup_FDRE_C_D)        0.044    10.038    bd_0_i/hls_inst/inst/gmem5_m_axi_U/load_unit_0/bus_wide_gen.rreq_offset/raddr_reg[3]
  -------------------------------------------------------------------
                         required time                         10.038    
                         arrival time                          -2.924    
  -------------------------------------------------------------------
                         slack                                  7.114    




