Copyright 1986-2022 Xilinx, Inc. All Rights Reserved. Copyright 2022-2025 Advanced Micro Devices, Inc. All Rights Reserved.
--------------------------------------------------------------------------------------------------------------------------------------------------
| Tool Version      : Vivado v.2025.2 (lin64) Build 6299465 Fri Nov 14 12:34:56 MST 2025
| Date              : Fri Apr 17 19:17:00 2026
| Host              : nat-Yoga-Pro-9-16IAH10 running 64-bit Ubuntu 24.04.3 LTS
| Command           : report_timing_summary -file ./report/integrated_gcn_approx_timing_synth.rpt
| Design            : bd_0_wrapper
| Device            : xck26-sfvc784
| Speed File        : -2LV  PRODUCTION 1.30 05-15-2022
| Design State      : Synthesized
| Temperature Grade : C
--------------------------------------------------------------------------------------------------------------------------------------------------

Timing Summary Report

------------------------------------------------------------------------------------------------
| Timer Settings
| --------------
------------------------------------------------------------------------------------------------

  Enable Multi Corner Analysis               :  Yes
  Enable Pessimism Removal                   :  Yes
  Pessimism Removal Resolution               :  Nearest Common Node
  Enable Input Delay Default Clock           :  No
  Enable Preset / Clear Arcs                 :  No
  Disable Flight Delays                      :  No
  Ignore I/O Paths                           :  No
  Timing Early Launch at Borrowing Latches   :  No
  Borrow Time for Max Delay Exceptions       :  Yes
  Merge Timing Exceptions                    :  Yes
  Inter-SLR Compensation                     :  Conservative

  Corner  Analyze    Analyze    
  Name    Max Paths  Min Paths  
  ------  ---------  ---------  
  Slow    Yes        Yes        
  Fast    Yes        Yes        


------------------------------------------------------------------------------------------------
| Report Methodology
| ------------------
------------------------------------------------------------------------------------------------

No report available as report_methodology has not been run prior. Run report_methodology on the current design for the summary of methodology violations.



check_timing report

Table of Contents
-----------------
1. checking no_clock (0)
2. checking constant_clock (0)
3. checking pulse_width_clock (0)
4. checking unconstrained_internal_endpoints (0)
5. checking no_input_delay (1743)
6. checking no_output_delay (1720)
7. checking multiple_clock (0)
8. checking generated_clocks (0)
9. checking loops (0)
10. checking partial_input_delay (0)
11. checking partial_output_delay (0)
12. checking latch_loops (0)

1. checking no_clock (0)
------------------------
 There are 0 register/latch pins with no clock.


2. checking constant_clock (0)
------------------------------
 There are 0 register/latch pins with constant_clock.


3. checking pulse_width_clock (0)
---------------------------------
 There are 0 register/latch pins which need pulse_width check


4. checking unconstrained_internal_endpoints (0)
------------------------------------------------
 There are 0 pins that are not constrained for maximum delay.

 There are 0 pins that are not constrained for maximum delay due to constant clock.


5. checking no_input_delay (1743)
---------------------------------
 There are 1743 input ports with no input delay specified. (HIGH)

 There are 0 input ports with no input delay but user has a false path constraint.


6. checking no_output_delay (1720)
----------------------------------
 There are 1720 ports with no output delay specified. (HIGH)

 There are 0 ports with no output delay but user has a false path constraint

 There are 0 ports with no output delay but with a timing clock defined on it or propagating through it


7. checking multiple_clock (0)
------------------------------
 There are 0 register/latch pins with multiple clocks.


8. checking generated_clocks (0)
--------------------------------
 There are 0 generated clocks that are not connected to a clock source.


9. checking loops (0)
---------------------
 There are 0 combinational loops in the design.


10. checking partial_input_delay (0)
------------------------------------
 There are 0 input ports with partial input delay specified.


11. checking partial_output_delay (0)
-------------------------------------
 There are 0 ports with partial output delay specified.


12. checking latch_loops (0)
----------------------------
 There are 0 combinational latch loops in the design through latch input



------------------------------------------------------------------------------------------------
| Design Timing Summary
| ---------------------
------------------------------------------------------------------------------------------------

    WNS(ns)      TNS(ns)  TNS Failing Endpoints  TNS Total Endpoints      WHS(ns)      THS(ns)  THS Failing Endpoints  THS Total Endpoints     WPWS(ns)     TPWS(ns)  TPWS Failing Endpoints  TPWS Total Endpoints  
    -------      -------  ---------------------  -------------------      -------      -------  ---------------------  -------------------     --------     --------  ----------------------  --------------------  
      6.862        0.000                      0               171918        0.031        0.000                      0               171918        4.238        0.000                       0                 35240  


All user specified timing constraints are met.


------------------------------------------------------------------------------------------------
| Clock Summary
| -------------
------------------------------------------------------------------------------------------------

Clock   Waveform(ns)       Period(ns)      Frequency(MHz)
-----   ------------       ----------      --------------
ap_clk  {0.000 5.000}      10.000          100.000         


------------------------------------------------------------------------------------------------
| Intra Clock Table
| -----------------
------------------------------------------------------------------------------------------------

Clock             WNS(ns)      TNS(ns)  TNS Failing Endpoints  TNS Total Endpoints      WHS(ns)      THS(ns)  THS Failing Endpoints  THS Total Endpoints     WPWS(ns)     TPWS(ns)  TPWS Failing Endpoints  TPWS Total Endpoints  
-----             -------      -------  ---------------------  -------------------      -------      -------  ---------------------  -------------------     --------     --------  ----------------------  --------------------  
ap_clk              6.862        0.000                      0               171918        0.031        0.000                      0               171918        4.238        0.000                       0                 35240  


------------------------------------------------------------------------------------------------
| Inter Clock Table
| -----------------
------------------------------------------------------------------------------------------------

From Clock    To Clock          WNS(ns)      TNS(ns)  TNS Failing Endpoints  TNS Total Endpoints      WHS(ns)      THS(ns)  THS Failing Endpoints  THS Total Endpoints  
----------    --------          -------      -------  ---------------------  -------------------      -------      -------  ---------------------  -------------------  


------------------------------------------------------------------------------------------------
| Other Path Groups Table
| -----------------------
------------------------------------------------------------------------------------------------

Path Group    From Clock    To Clock          WNS(ns)      TNS(ns)  TNS Failing Endpoints  TNS Total Endpoints      WHS(ns)      THS(ns)  THS Failing Endpoints  THS Total Endpoints  
----------    ----------    --------          -------      -------  ---------------------  -------------------      -------      -------  ---------------------  -------------------  


------------------------------------------------------------------------------------------------
| Timing Details
| --------------
------------------------------------------------------------------------------------------------


---------------------------------------------------------------------------------------------------
From Clock:  ap_clk
  To Clock:  ap_clk

Setup :            0  Failing Endpoints,  Worst Slack        6.862ns,  Total Violation        0.000ns
Hold  :            0  Failing Endpoints,  Worst Slack        0.031ns,  Total Violation        0.000ns
PW    :            0  Failing Endpoints,  Worst Slack        4.238ns,  Total Violation        0.000ns
---------------------------------------------------------------------------------------------------


Max Delay Paths
--------------------------------------------------------------------------------------
Slack (MET) :             6.862ns  (required time - arrival time)
  Source:                 bd_0_i/hls_inst/inst/grp_spmm_stage_fu_164/spmm_load_csr_U0/grp_spmm_load_csr_Pipeline_LOAD_NNZ_fu_128/ap_enable_reg_pp0_iter1_reg/C
                            (rising edge-triggered cell FDRE clocked by ap_clk  {rise@0.000ns fall@5.000ns period=10.000ns})
  Destination:            bd_0_i/hls_inst/inst/gmem5_m_axi_U/load_unit_0/bus_wide_gen.rreq_offset/raddr_reg[0]/CE
                            (rising edge-triggered cell FDRE clocked by ap_clk  {rise@0.000ns fall@5.000ns period=10.000ns})
  Path Group:             ap_clk
  Path Type:              Setup (Max at Slow Process Corner)
  Requirement:            10.000ns  (ap_clk rise@10.000ns - ap_clk rise@0.000ns)
  Data Path Delay:        3.012ns  (logic 0.840ns (27.888%)  route 2.172ns (72.112%))
  Logic Levels:           9  (LUT2=1 LUT4=2 LUT5=2 LUT6=4)
  Clock Path Skew:        -0.012ns (DCD - SCD + CPR)
    Destination Clock Delay (DCD):    0.029ns = ( 10.029 - 10.000 ) 
    Source Clock Delay      (SCD):    0.041ns
    Clock Pessimism Removal (CPR):    0.000ns
  Clock Uncertainty:      0.035ns  ((TSJ^2 + TIJ^2)^1/2 + DJ) / 2 + PE
    Total System Jitter     (TSJ):    0.071ns
    Total Input Jitter      (TIJ):    0.000ns
    Discrete Jitter          (DJ):    0.000ns
    Phase Error              (PE):    0.000ns

    Location             Delay type                Incr(ns)  Path(ns)    Netlist Resource(s)
  -------------------------------------------------------------------    -------------------
                         (clock ap_clk rise edge)     0.000     0.000 r  
                                                      0.000     0.000 r  ap_clk (IN)
                         net (fo=36268, unset)        0.041     0.041    bd_0_i/hls_inst/inst/grp_spmm_stage_fu_164/spmm_load_csr_U0/grp_spmm_load_csr_Pipeline_LOAD_NNZ_fu_128/ap_clk
                         FDRE                                         r  bd_0_i/hls_inst/inst/grp_spmm_stage_fu_164/spmm_load_csr_U0/grp_spmm_load_csr_Pipeline_LOAD_NNZ_fu_128/ap_enable_reg_pp0_iter1_reg/C
  -------------------------------------------------------------------    -------------------
                         FDRE (Prop_FDRE_C_Q)         0.114     0.155 r  bd_0_i/hls_inst/inst/grp_spmm_stage_fu_164/spmm_load_csr_U0/grp_spmm_load_csr_Pipeline_LOAD_NNZ_fu_128/ap_enable_reg_pp0_iter1_reg/Q
                         net (fo=14, unplaced)        0.155     0.310    bd_0_i/hls_inst/inst/grp_spmm_stage_fu_164/spmm_load_csr_U0/grp_spmm_load_csr_Pipeline_LOAD_NNZ_fu_128/ap_enable_reg_pp0_iter1
                         LUT5 (Prop_LUT5_I0_O)        0.188     0.498 f  bd_0_i/hls_inst/inst/grp_spmm_stage_fu_164/spmm_load_csr_U0/grp_spmm_load_csr_Pipeline_LOAD_NNZ_fu_128/gmem5_addr_read_reg_185[7]_i_1/O
                         net (fo=9, unplaced)         0.242     0.740    bd_0_i/hls_inst/inst/grp_spmm_stage_fu_164/spmm_load_csr_U0/grp_spmm_load_csr_Pipeline_LOAD_NNZ_fu_128/gmem5_addr_read_reg_185[7]_i_1_n_4
                         LUT6 (Prop_LUT6_I0_O)        0.058     0.798 f  bd_0_i/hls_inst/inst/grp_spmm_stage_fu_164/spmm_load_csr_U0/grp_spmm_load_csr_Pipeline_LOAD_NNZ_fu_128/bus_wide_gen.split_cnt_buf[1]_i_5/O
                         net (fo=7, unplaced)         0.236     1.034    bd_0_i/hls_inst/inst/gmem5_m_axi_U/load_unit_0/bus_wide_gen.rreq_offset/gmem5_0_RREADY
                         LUT4 (Prop_LUT4_I3_O)        0.095     1.129 f  bd_0_i/hls_inst/inst/gmem5_m_axi_U/load_unit_0/bus_wide_gen.rreq_offset/bus_wide_gen.split_cnt_buf[1]_i_2/O
                         net (fo=4, unplaced)         0.223     1.352    bd_0_i/hls_inst/inst/gmem5_m_axi_U/load_unit_0/bus_wide_gen.rreq_offset/U_fifo_srl/E[0]
                         LUT6 (Prop_LUT6_I4_O)        0.058     1.410 f  bd_0_i/hls_inst/inst/gmem5_m_axi_U/load_unit_0/bus_wide_gen.rreq_offset/U_fifo_srl/bus_wide_gen.split_cnt_buf[1]_i_8/O
                         net (fo=1, unplaced)         0.211     1.621    bd_0_i/hls_inst/inst/gmem5_m_axi_U/load_unit_0/bus_wide_gen.rreq_offset/U_fifo_srl/bus_wide_gen.split_cnt_buf[1]_i_8_n_4
                         LUT6 (Prop_LUT6_I0_O)        0.058     1.679 f  bd_0_i/hls_inst/inst/gmem5_m_axi_U/load_unit_0/bus_wide_gen.rreq_offset/U_fifo_srl/bus_wide_gen.split_cnt_buf[1]_i_4/O
                         net (fo=4, unplaced)         0.223     1.902    bd_0_i/hls_inst/inst/gmem5_m_axi_U/load_unit_0/bus_wide_gen.rs_rdata_int/p_21_in
                         LUT2 (Prop_LUT2_I1_O)        0.058     1.960 f  bd_0_i/hls_inst/inst/gmem5_m_axi_U/load_unit_0/bus_wide_gen.rs_rdata_int/FSM_sequential_state[1]_i_2__7/O
                         net (fo=11, unplaced)        0.246     2.206    bd_0_i/hls_inst/inst/gmem5_m_axi_U/load_unit_0/bus_wide_gen.rreq_offset/U_fifo_srl/p_22_in
                         LUT4 (Prop_LUT4_I2_O)        0.058     2.264 f  bd_0_i/hls_inst/inst/gmem5_m_axi_U/load_unit_0/bus_wide_gen.rreq_offset/U_fifo_srl/dout[3]_i_1__1/O
                         net (fo=10, unplaced)        0.244     2.508    bd_0_i/hls_inst/inst/gmem5_m_axi_U/load_unit_0/bus_wide_gen.rreq_offset/pop
                         LUT5 (Prop_LUT5_I0_O)        0.095     2.603 r  bd_0_i/hls_inst/inst/gmem5_m_axi_U/load_unit_0/bus_wide_gen.rreq_offset/raddr[3]_i_4__7/O
                         net (fo=1, unplaced)         0.211     2.814    bd_0_i/hls_inst/inst/gmem5_m_axi_U/load_unit_0/bus_wide_gen.rreq_offset/raddr118_out
                         LUT6 (Prop_LUT6_I5_O)        0.058     2.872 r  bd_0_i/hls_inst/inst/gmem5_m_axi_U/load_unit_0/bus_wide_gen.rreq_offset/raddr[3]_i_1__17/O
                         net (fo=4, unplaced)         0.181     3.053    bd_0_i/hls_inst/inst/gmem5_m_axi_U/load_unit_0/bus_wide_gen.rreq_offset/raddr[3]_i_1__17_n_4
                         FDRE                                         r  bd_0_i/hls_inst/inst/gmem5_m_axi_U/load_unit_0/bus_wide_gen.rreq_offset/raddr_reg[0]/CE
  -------------------------------------------------------------------    -------------------

                         (clock ap_clk rise edge)    10.000    10.000 r  
                                                      0.000    10.000 r  ap_clk (IN)
                         net (fo=36268, unset)        0.029    10.029    bd_0_i/hls_inst/inst/gmem5_m_axi_U/load_unit_0/bus_wide_gen.rreq_offset/ap_clk
                         FDRE                                         r  bd_0_i/hls_inst/inst/gmem5_m_axi_U/load_unit_0/bus_wide_gen.rreq_offset/raddr_reg[0]/C
                         clock pessimism              0.000    10.029    
                         clock uncertainty           -0.035     9.994    
                         FDRE (Setup_FDRE_C_CE)      -0.079     9.915    bd_0_i/hls_inst/inst/gmem5_m_axi_U/load_unit_0/bus_wide_gen.rreq_offset/raddr_reg[0]
  -------------------------------------------------------------------
                         required time                          9.915    
                         arrival time                          -3.053    
  -------------------------------------------------------------------
                         slack                                  6.862    





Min Delay Paths
--------------------------------------------------------------------------------------
Slack (MET) :             0.031ns  (arrival time - required time)
  Source:                 bd_0_i/hls_inst/inst/grp_spmm_stage_fu_164/val_fifo_U/waddr_reg[3]/C
                            (rising edge-triggered cell FDRE clocked by ap_clk  {rise@0.000ns fall@5.000ns period=10.000ns})
  Destination:            bd_0_i/hls_inst/inst/grp_spmm_stage_fu_164/val_fifo_U/U_integrated_gcn_approx_fifo_w8_d256_A_ram/mem_reg_0_63_0_6/RAMA/WADR3
                            (rising edge-triggered cell RAMD64E clocked by ap_clk  {rise@0.000ns fall@5.000ns period=10.000ns})
  Path Group:             ap_clk
  Path Type:              Hold (Min at Fast Process Corner)
  Requirement:            0.000ns  (ap_clk rise@0.000ns - ap_clk rise@0.000ns)
  Data Path Delay:        0.164ns  (logic 0.084ns (51.220%)  route 0.080ns (48.780%))
  Logic Levels:           0  
  Clock Path Skew:        0.043ns (DCD - SCD - CPR)
    Destination Clock Delay (DCD):    0.057ns
    Source Clock Delay      (SCD):    0.014ns
    Clock Pessimism Removal (CPR):    -0.000ns

    Location             Delay type                Incr(ns)  Path(ns)    Netlist Resource(s)
  -------------------------------------------------------------------    -------------------
                         (clock ap_clk rise edge)     0.000     0.000 r  
                                                      0.000     0.000 r  ap_clk (IN)
                         net (fo=36268, unset)        0.014     0.014    bd_0_i/hls_inst/inst/grp_spmm_stage_fu_164/val_fifo_U/ap_clk
                         FDRE                                         r  bd_0_i/hls_inst/inst/grp_spmm_stage_fu_164/val_fifo_U/waddr_reg[3]/C
  -------------------------------------------------------------------    -------------------
                         FDRE (Prop_FDRE_C_Q)         0.084     0.098 r  bd_0_i/hls_inst/inst/grp_spmm_stage_fu_164/val_fifo_U/waddr_reg[3]/Q
                         net (fo=52, unplaced)        0.080     0.178    bd_0_i/hls_inst/inst/grp_spmm_stage_fu_164/val_fifo_U/U_integrated_gcn_approx_fifo_w8_d256_A_ram/mem_reg_0_63_0_6/ADDRH3
                         RAMD64E                                      r  bd_0_i/hls_inst/inst/grp_spmm_stage_fu_164/val_fifo_U/U_integrated_gcn_approx_fifo_w8_d256_A_ram/mem_reg_0_63_0_6/RAMA/WADR3
  -------------------------------------------------------------------    -------------------

                         (clock ap_clk rise edge)     0.000     0.000 r  
                                                      0.000     0.000 r  ap_clk (IN)
                         net (fo=36268, unset)        0.057     0.057    bd_0_i/hls_inst/inst/grp_spmm_stage_fu_164/val_fifo_U/U_integrated_gcn_approx_fifo_w8_d256_A_ram/mem_reg_0_63_0_6/WCLK
                         RAMD64E                                      r  bd_0_i/hls_inst/inst/grp_spmm_stage_fu_164/val_fifo_U/U_integrated_gcn_approx_fifo_w8_d256_A_ram/mem_reg_0_63_0_6/RAMA/CLK
                         clock pessimism              0.000     0.057    
                         RAMD64E (Hold_RAMD64E_CLK_WADR3)
                                                      0.090     0.147    bd_0_i/hls_inst/inst/grp_spmm_stage_fu_164/val_fifo_U/U_integrated_gcn_approx_fifo_w8_d256_A_ram/mem_reg_0_63_0_6/RAMA
  -------------------------------------------------------------------
                         required time                         -0.147    
                         arrival time                           0.178    
  -------------------------------------------------------------------
                         slack                                  0.031    





Pulse Width Checks
--------------------------------------------------------------------------------------
Clock Name:         ap_clk
Waveform(ns):       { 0.000 5.000 }
Period(ns):         10.000
Sources:            { ap_clk }

Check Type        Corner  Lib Pin             Reference Pin  Required(ns)  Actual(ns)  Slack(ns)  Location  Pin
Min Period        n/a     RAMB36E2/CLKARDCLK  n/a            1.960         10.000      8.040                bd_0_i/hls_inst/inst/gmem0_m_axi_U/load_unit_0/buff_rdata/U_fifo_mem/mem_reg_0/CLKARDCLK
Low Pulse Width   Slow    SRL16E/CLK          n/a            0.762         5.000       4.238                bd_0_i/hls_inst/inst/bus_read/ost_ctrl_gen[0].fifo_burst/U_fifo_srl/mem_reg[14][0]_srl15/CLK
High Pulse Width  Slow    SRL16E/CLK          n/a            0.762         5.000       4.238                bd_0_i/hls_inst/inst/bus_read/ost_ctrl_gen[0].fifo_burst/U_fifo_srl/mem_reg[14][0]_srl15/CLK



