Copyright 1986-2022 Xilinx, Inc. All Rights Reserved. Copyright 2022-2025 Advanced Micro Devices, Inc. All Rights Reserved.
--------------------------------------------------------------------------------------------------------------------------------------------------
| Tool Version      : Vivado v.2025.2 (lin64) Build 6299465 Fri Nov 14 12:34:56 MST 2025
| Date              : Fri Apr 17 19:22:35 2026
| Host              : nat-Yoga-Pro-9-16IAH10 running 64-bit Ubuntu 24.04.3 LTS
| Command           : report_timing_summary -file ./report/integrated_gcn_approx_timing_routed.rpt
| Design            : bd_0_wrapper
| Device            : xck26-sfvc784
| Speed File        : -2LV  PRODUCTION 1.30 05-15-2022
| Design State      : Routed
| Temperature Grade : C
--------------------------------------------------------------------------------------------------------------------------------------------------

Timing Summary Report

------------------------------------------------------------------------------------------------
| Timer Settings
| --------------
------------------------------------------------------------------------------------------------

  Enable Multi Corner Analysis               :  Yes
  Enable Pessimism Removal                   :  Yes
  Pessimism Removal Resolution               :  Nearest Common Node
  Enable Input Delay Default Clock           :  No
  Enable Preset / Clear Arcs                 :  No
  Disable Flight Delays                      :  No
  Ignore I/O Paths                           :  No
  Timing Early Launch at Borrowing Latches   :  No
  Borrow Time for Max Delay Exceptions       :  Yes
  Merge Timing Exceptions                    :  Yes
  Inter-SLR Compensation                     :  Conservative

  Corner  Analyze    Analyze    
  Name    Max Paths  Min Paths  
  ------  ---------  ---------  
  Slow    Yes        Yes        
  Fast    Yes        Yes        


------------------------------------------------------------------------------------------------
| Report Methodology
| ------------------
------------------------------------------------------------------------------------------------

Rule       Severity  Description                    Violations  
---------  --------  -----------------------------  ----------  
TIMING-18  Warning   Missing input or output delay  1000        

Note: This report is based on the most recent report_methodology run and may not be up-to-date. Run report_methodology on the current design for the latest report.



check_timing report

Table of Contents
-----------------
1. checking no_clock (0)
2. checking constant_clock (0)
3. checking pulse_width_clock (0)
4. checking unconstrained_internal_endpoints (0)
5. checking no_input_delay (1743)
6. checking no_output_delay (1720)
7. checking multiple_clock (0)
8. checking generated_clocks (0)
9. checking loops (0)
10. checking partial_input_delay (0)
11. checking partial_output_delay (0)
12. checking latch_loops (0)

1. checking no_clock (0)
------------------------
 There are 0 register/latch pins with no clock.


2. checking constant_clock (0)
------------------------------
 There are 0 register/latch pins with constant_clock.


3. checking pulse_width_clock (0)
---------------------------------
 There are 0 register/latch pins which need pulse_width check


4. checking unconstrained_internal_endpoints (0)
------------------------------------------------
 There are 0 pins that are not constrained for maximum delay.

 There are 0 pins that are not constrained for maximum delay due to constant clock.


5. checking no_input_delay (1743)
---------------------------------
 There are 1743 input ports with no input delay specified. (HIGH)

 There are 0 input ports with no input delay but user has a false path constraint.


6. checking no_output_delay (1720)
----------------------------------
 There are 1720 ports with no output delay specified. (HIGH)

 There are 0 ports with no output delay but user has a false path constraint

 There are 0 ports with no output delay but with a timing clock defined on it or propagating through it


7. checking multiple_clock (0)
------------------------------
 There are 0 register/latch pins with multiple clocks.


8. checking generated_clocks (0)
--------------------------------
 There are 0 generated clocks that are not connected to a clock source.


9. checking loops (0)
---------------------
 There are 0 combinational loops in the design.


10. checking partial_input_delay (0)
------------------------------------
 There are 0 input ports with partial input delay specified.


11. checking partial_output_delay (0)
-------------------------------------
 There are 0 ports with partial output delay specified.


12. checking latch_loops (0)
----------------------------
 There are 0 combinational latch loops in the design through latch input



------------------------------------------------------------------------------------------------
| Design Timing Summary
| ---------------------
------------------------------------------------------------------------------------------------

    WNS(ns)      TNS(ns)  TNS Failing Endpoints  TNS Total Endpoints      WHS(ns)      THS(ns)  THS Failing Endpoints  THS Total Endpoints     WPWS(ns)     TPWS(ns)  TPWS Failing Endpoints  TPWS Total Endpoints  
    -------      -------  ---------------------  -------------------      -------      -------  ---------------------  -------------------     --------     --------  ----------------------  --------------------  
      1.798        0.000                      0               171943        0.014        0.000                      0               171943        4.238        0.000                       0                 35240  


All user specified timing constraints are met.


------------------------------------------------------------------------------------------------
| Clock Summary
| -------------
------------------------------------------------------------------------------------------------

Clock   Waveform(ns)       Period(ns)      Frequency(MHz)
-----   ------------       ----------      --------------
ap_clk  {0.000 5.000}      10.000          100.000         


------------------------------------------------------------------------------------------------
| Intra Clock Table
| -----------------
------------------------------------------------------------------------------------------------

Clock             WNS(ns)      TNS(ns)  TNS Failing Endpoints  TNS Total Endpoints      WHS(ns)      THS(ns)  THS Failing Endpoints  THS Total Endpoints     WPWS(ns)     TPWS(ns)  TPWS Failing Endpoints  TPWS Total Endpoints  
-----             -------      -------  ---------------------  -------------------      -------      -------  ---------------------  -------------------     --------     --------  ----------------------  --------------------  
ap_clk              1.798        0.000                      0               171943        0.014        0.000                      0               171943        4.238        0.000                       0                 35240  


------------------------------------------------------------------------------------------------
| Inter Clock Table
| -----------------
------------------------------------------------------------------------------------------------

From Clock    To Clock          WNS(ns)      TNS(ns)  TNS Failing Endpoints  TNS Total Endpoints      WHS(ns)      THS(ns)  THS Failing Endpoints  THS Total Endpoints  
----------    --------          -------      -------  ---------------------  -------------------      -------      -------  ---------------------  -------------------  


------------------------------------------------------------------------------------------------
| Other Path Groups Table
| -----------------------
------------------------------------------------------------------------------------------------

Path Group    From Clock    To Clock          WNS(ns)      TNS(ns)  TNS Failing Endpoints  TNS Total Endpoints      WHS(ns)      THS(ns)  THS Failing Endpoints  THS Total Endpoints  
----------    ----------    --------          -------      -------  ---------------------  -------------------      -------      -------  ---------------------  -------------------  


------------------------------------------------------------------------------------------------
| Timing Details
| --------------
------------------------------------------------------------------------------------------------


---------------------------------------------------------------------------------------------------
From Clock:  ap_clk
  To Clock:  ap_clk

Setup :            0  Failing Endpoints,  Worst Slack        1.798ns,  Total Violation        0.000ns
Hold  :            0  Failing Endpoints,  Worst Slack        0.014ns,  Total Violation        0.000ns
PW    :            0  Failing Endpoints,  Worst Slack        4.238ns,  Total Violation        0.000ns
---------------------------------------------------------------------------------------------------


Max Delay Paths
--------------------------------------------------------------------------------------
Slack (MET) :             1.798ns  (required time - arrival time)
  Source:                 bd_0_i/hls_inst/inst/grp_gemm_stage_fu_148/gemm_compute_U0/grp_gemm_compute_Pipeline_COMP_KB_COMP_K_COMP_I_fu_1330/lshr_ln3_reg_10341_reg[1]/C
                            (rising edge-triggered cell FDRE clocked by ap_clk  {rise@0.000ns fall@5.000ns period=10.000ns})
  Destination:            bd_0_i/hls_inst/inst/grp_gemm_stage_fu_148/gemm_compute_U0/grp_gemm_compute_Pipeline_COMP_KB_COMP_K_COMP_I_fu_1330/mac_muladd_8s_8s_16s_16_4_1_U334/integrated_gcn_approx_mac_muladd_8s_8s_16s_16_4_1_DSP48_0_U/p_reg_reg/DSP_C_DATA_INST/C[12]
                            (rising edge-triggered cell DSP_C_DATA clocked by ap_clk  {rise@0.000ns fall@5.000ns period=10.000ns})
  Path Group:             ap_clk
  Path Type:              Setup (Max at Slow Process Corner)
  Requirement:            10.000ns  (ap_clk rise@10.000ns - ap_clk rise@0.000ns)
  Data Path Delay:        7.813ns  (logic 0.309ns (3.955%)  route 7.504ns (96.045%))
  Logic Levels:           1  (RAMD32=1)
  Clock Path Skew:        0.012ns (DCD - SCD + CPR)
    Destination Clock Delay (DCD):    0.055ns = ( 10.055 - 10.000 ) 
    Source Clock Delay      (SCD):    0.043ns
    Clock Pessimism Removal (CPR):    0.000ns
  Clock Uncertainty:      0.035ns  ((TSJ^2 + TIJ^2)^1/2 + DJ) / 2 + PE
    Total System Jitter     (TSJ):    0.071ns
    Total Input Jitter      (TIJ):    0.000ns
    Discrete Jitter          (DJ):    0.000ns
    Phase Error              (PE):    0.000ns

    Location             Delay type                Incr(ns)  Path(ns)    Netlist Resource(s)
  -------------------------------------------------------------------    -------------------
                         (clock ap_clk rise edge)     0.000     0.000 r  
                                                      0.000     0.000 r  ap_clk (IN)
                         net (fo=36268, unset)        0.043     0.043    bd_0_i/hls_inst/inst/grp_gemm_stage_fu_148/gemm_compute_U0/grp_gemm_compute_Pipeline_COMP_KB_COMP_K_COMP_I_fu_1330/ap_clk
    SLICE_X32Y98         FDRE                                         r  bd_0_i/hls_inst/inst/grp_gemm_stage_fu_148/gemm_compute_U0/grp_gemm_compute_Pipeline_COMP_KB_COMP_K_COMP_I_fu_1330/lshr_ln3_reg_10341_reg[1]/C
  -------------------------------------------------------------------    -------------------
    SLICE_X32Y98         FDRE (Prop_CFF2_SLICEM_C_Q)
                                                      0.114     0.157 r  bd_0_i/hls_inst/inst/grp_gemm_stage_fu_148/gemm_compute_U0/grp_gemm_compute_Pipeline_COMP_KB_COMP_K_COMP_I_fu_1330/lshr_ln3_reg_10341_reg[1]/Q
                         net (fo=4097, routed)        7.231     7.388    bd_0_i/hls_inst/inst/grp_gemm_stage_fu_148/gemm_compute_U0/XW_block_65_U/ram_reg_0_15_12_12/DPRA1
    SLICE_X20Y166        RAMD32 (Prop_E5LUT_SLICEM_RADR1_O)
                                                      0.195     7.583 r  bd_0_i/hls_inst/inst/grp_gemm_stage_fu_148/gemm_compute_U0/XW_block_65_U/ram_reg_0_15_12_12/DP/O
                         net (fo=1, routed)           0.273     7.856    bd_0_i/hls_inst/inst/grp_gemm_stage_fu_148/gemm_compute_U0/grp_gemm_compute_Pipeline_COMP_KB_COMP_K_COMP_I_fu_1330/mac_muladd_8s_8s_16s_16_4_1_U334/integrated_gcn_approx_mac_muladd_8s_8s_16s_16_4_1_DSP48_0_U/p_reg_reg/C[12]
    DSP48E2_X5Y66        DSP_C_DATA                                   r  bd_0_i/hls_inst/inst/grp_gemm_stage_fu_148/gemm_compute_U0/grp_gemm_compute_Pipeline_COMP_KB_COMP_K_COMP_I_fu_1330/mac_muladd_8s_8s_16s_16_4_1_U334/integrated_gcn_approx_mac_muladd_8s_8s_16s_16_4_1_DSP48_0_U/p_reg_reg/DSP_C_DATA_INST/C[12]
  -------------------------------------------------------------------    -------------------

                         (clock ap_clk rise edge)    10.000    10.000 r  
                                                      0.000    10.000 r  ap_clk (IN)
                         net (fo=36268, unset)        0.055    10.055    bd_0_i/hls_inst/inst/grp_gemm_stage_fu_148/gemm_compute_U0/grp_gemm_compute_Pipeline_COMP_KB_COMP_K_COMP_I_fu_1330/mac_muladd_8s_8s_16s_16_4_1_U334/integrated_gcn_approx_mac_muladd_8s_8s_16s_16_4_1_DSP48_0_U/p_reg_reg/CLK
    DSP48E2_X5Y66        DSP_C_DATA                                   r  bd_0_i/hls_inst/inst/grp_gemm_stage_fu_148/gemm_compute_U0/grp_gemm_compute_Pipeline_COMP_KB_COMP_K_COMP_I_fu_1330/mac_muladd_8s_8s_16s_16_4_1_U334/integrated_gcn_approx_mac_muladd_8s_8s_16s_16_4_1_DSP48_0_U/p_reg_reg/DSP_C_DATA_INST/CLK
                         clock pessimism              0.000    10.055    
                         clock uncertainty           -0.035    10.020    
    DSP48E2_X5Y66        DSP_C_DATA (Setup_DSP_C_DATA_DSP48E2_CLK_C[12])
                                                     -0.366     9.654    bd_0_i/hls_inst/inst/grp_gemm_stage_fu_148/gemm_compute_U0/grp_gemm_compute_Pipeline_COMP_KB_COMP_K_COMP_I_fu_1330/mac_muladd_8s_8s_16s_16_4_1_U334/integrated_gcn_approx_mac_muladd_8s_8s_16s_16_4_1_DSP48_0_U/p_reg_reg/DSP_C_DATA_INST
  -------------------------------------------------------------------
                         required time                          9.654    
                         arrival time                          -7.856    
  -------------------------------------------------------------------
                         slack                                  1.798    





Min Delay Paths
--------------------------------------------------------------------------------------
Slack (MET) :             0.014ns  (arrival time - required time)
  Source:                 bd_0_i/hls_inst/inst/grp_spmm_stage_fu_164/spmm_store_U0/out_vec_fu_110_reg[148]/C
                            (rising edge-triggered cell FDRE clocked by ap_clk  {rise@0.000ns fall@5.000ns period=10.000ns})
  Destination:            bd_0_i/hls_inst/inst/gmem6_m_axi_U/store_unit_0/buff_wdata/U_fifo_srl/mem_reg[30][148]_srl31/D
                            (rising edge-triggered cell SRLC32E clocked by ap_clk  {rise@0.000ns fall@5.000ns period=10.000ns})
  Path Group:             ap_clk
  Path Type:              Hold (Min at Fast Process Corner)
  Requirement:            0.000ns  (ap_clk rise@0.000ns - ap_clk rise@0.000ns)
  Data Path Delay:        0.114ns  (logic 0.083ns (72.807%)  route 0.031ns (27.193%))
  Logic Levels:           0  
  Clock Path Skew:        0.043ns (DCD - SCD - CPR)
    Destination Clock Delay (DCD):    0.057ns
    Source Clock Delay      (SCD):    0.014ns
    Clock Pessimism Removal (CPR):    -0.000ns

    Location             Delay type                Incr(ns)  Path(ns)    Netlist Resource(s)
  -------------------------------------------------------------------    -------------------
                         (clock ap_clk rise edge)     0.000     0.000 r  
                                                      0.000     0.000 r  ap_clk (IN)
                         net (fo=36268, unset)        0.014     0.014    bd_0_i/hls_inst/inst/grp_spmm_stage_fu_164/spmm_store_U0/ap_clk
    SLICE_X58Y46         FDRE                                         r  bd_0_i/hls_inst/inst/grp_spmm_stage_fu_164/spmm_store_U0/out_vec_fu_110_reg[148]/C
  -------------------------------------------------------------------    -------------------
    SLICE_X58Y46         FDRE (Prop_CFF_SLICEM_C_Q)
                                                      0.083     0.097 r  bd_0_i/hls_inst/inst/grp_spmm_stage_fu_164/spmm_store_U0/out_vec_fu_110_reg[148]/Q
                         net (fo=2, routed)           0.031     0.128    bd_0_i/hls_inst/inst/gmem6_m_axi_U/store_unit_0/buff_wdata/U_fifo_srl/dout_reg[511]_0[148]
    SLICE_X58Y45         SRLC32E                                      r  bd_0_i/hls_inst/inst/gmem6_m_axi_U/store_unit_0/buff_wdata/U_fifo_srl/mem_reg[30][148]_srl31/D
  -------------------------------------------------------------------    -------------------

                         (clock ap_clk rise edge)     0.000     0.000 r  
                                                      0.000     0.000 r  ap_clk (IN)
                         net (fo=36268, unset)        0.057     0.057    bd_0_i/hls_inst/inst/gmem6_m_axi_U/store_unit_0/buff_wdata/U_fifo_srl/ap_clk
    SLICE_X58Y45         SRLC32E                                      r  bd_0_i/hls_inst/inst/gmem6_m_axi_U/store_unit_0/buff_wdata/U_fifo_srl/mem_reg[30][148]_srl31/CLK
                         clock pessimism              0.000     0.057    
    SLICE_X58Y45         SRLC32E (Hold_H6LUT_SLICEM_CLK_D)
                                                      0.057     0.114    bd_0_i/hls_inst/inst/gmem6_m_axi_U/store_unit_0/buff_wdata/U_fifo_srl/mem_reg[30][148]_srl31
  -------------------------------------------------------------------
                         required time                         -0.114    
                         arrival time                           0.128    
  -------------------------------------------------------------------
                         slack                                  0.014    





Pulse Width Checks
--------------------------------------------------------------------------------------
Clock Name:         ap_clk
Waveform(ns):       { 0.000 5.000 }
Period(ns):         10.000
Sources:            { ap_clk }

Check Type        Corner  Lib Pin             Reference Pin  Required(ns)  Actual(ns)  Slack(ns)  Location      Pin
Min Period        n/a     RAMB36E2/CLKARDCLK  n/a            1.960         10.000      8.040      RAMB36_X0Y18  bd_0_i/hls_inst/inst/gmem0_m_axi_U/load_unit_0/buff_rdata/U_fifo_mem/mem_reg_0/CLKARDCLK
Low Pulse Width   Slow    SRL16E/CLK          n/a            0.762         5.000       4.238      SLICE_X21Y77  bd_0_i/hls_inst/inst/bus_read/ost_ctrl_gen[0].fifo_burst/U_fifo_srl/mem_reg[14][0]_srl15/CLK
High Pulse Width  Slow    SRL16E/CLK          n/a            0.762         5.000       4.238      SLICE_X21Y77  bd_0_i/hls_inst/inst/bus_read/ost_ctrl_gen[0].fifo_burst/U_fifo_srl/mem_reg[14][0]_srl15/CLK



