Copyright 1986-2022 Xilinx, Inc. All Rights Reserved. Copyright 2022-2025 Advanced Micro Devices, Inc. All Rights Reserved.
-------------------------------------------------------------------------------------------------------------------------------------------------
| Tool Version : Vivado v.2025.2 (lin64) Build 6299465 Fri Nov 14 12:34:56 MST 2025
| Date         : Fri Apr 17 19:22:29 2026
| Host         : nat-Yoga-Pro-9-16IAH10 running 64-bit Ubuntu 24.04.3 LTS
| Command      : report_utilization -hierarchical -hierarchical_depth 9 -file ./report/integrated_gcn_approx_utilization_hierarchical_routed.rpt
| Design       : bd_0_wrapper
| Device       : xck26-sfvc784-2LV-c
| Speed File   : -2LV
| Design State : Routed
-------------------------------------------------------------------------------------------------------------------------------------------------

Utilization Design Information

Table of Contents
-----------------
1. Utilization by Hierarchy

1. Utilization by Hierarchy
---------------------------

+-------------------------------------------------------------------------+-----------------------------------------------------------------------------------+------------+------------+---------+------+-------+--------+--------+------+------------+
|                                 Instance                                |                                       Module                                      | Total LUTs | Logic LUTs | LUTRAMs | SRLs |  FFs  | RAMB36 | RAMB18 | URAM | DSP Blocks |
+-------------------------------------------------------------------------+-----------------------------------------------------------------------------------+------------+------------+---------+------+-------+--------+--------+------+------------+
| bd_0_wrapper                                                            |                                                                             (top) |      22376 |      15293 |    5482 | 1601 | 21755 |     21 |     39 |    0 |        257 |
|   bd_0_i                                                                |                                                                              bd_0 |      22376 |      15293 |    5482 | 1601 | 21755 |     21 |     39 |    0 |        257 |
|     hls_inst                                                            |                                                                   bd_0_hls_inst_0 |      22376 |      15293 |    5482 | 1601 | 21755 |     21 |     39 |    0 |        257 |
|       inst                                                              |                                             bd_0_hls_inst_0_integrated_gcn_approx |      22376 |      15293 |    5482 | 1601 | 21755 |     21 |     39 |    0 |        257 |
|         (inst)                                                          |                                             bd_0_hls_inst_0_integrated_gcn_approx |         11 |          5 |       0 |    6 |   465 |      0 |      0 |    0 |          0 |
|         control_s_axi_U                                                 |                               bd_0_hls_inst_0_integrated_gcn_approx_control_s_axi |        437 |        437 |       0 |    0 |   490 |      0 |      0 |    0 |          0 |
|         gmem0_m_axi_U                                                   |                                 bd_0_hls_inst_0_integrated_gcn_approx_gmem0_m_axi |        892 |        859 |       0 |   33 |  1669 |      7 |      1 |    0 |          0 |
|           bus_read                                                      |                            bd_0_hls_inst_0_integrated_gcn_approx_gmem0_m_axi_read |        788 |        788 |       0 |    0 |  1497 |      0 |      0 |    0 |          0 |
|             rreq_burst_conv                                             |                 bd_0_hls_inst_0_integrated_gcn_approx_gmem0_m_axi_burst_converter |        225 |        225 |       0 |    0 |   425 |      0 |      0 |    0 |          0 |
|               burst_sequential                                          |                bd_0_hls_inst_0_integrated_gcn_approx_gmem0_m_axi_burst_sequential |        225 |        225 |       0 |    0 |   425 |      0 |      0 |    0 |          0 |
|                 (burst_sequential)                                      |                bd_0_hls_inst_0_integrated_gcn_approx_gmem0_m_axi_burst_sequential |        119 |        119 |       0 |    0 |   300 |      0 |      0 |    0 |          0 |
|                 rs_req                                                  |                       bd_0_hls_inst_0_integrated_gcn_approx_gmem0_m_axi_reg_slice |        107 |        107 |       0 |    0 |   125 |      0 |      0 |    0 |          0 |
|             rs_rdata                                                    |       bd_0_hls_inst_0_integrated_gcn_approx_gmem0_m_axi_reg_slice__parameterized0 |        525 |        525 |       0 |    0 |  1041 |      0 |      0 |    0 |          0 |
|           load_unit_0                                                   |                            bd_0_hls_inst_0_integrated_gcn_approx_gmem0_m_axi_load |        106 |         73 |       0 |   33 |   172 |      7 |      1 |    0 |          0 |
|             (load_unit_0)                                               |                            bd_0_hls_inst_0_integrated_gcn_approx_gmem0_m_axi_load |          1 |          1 |       0 |    0 |    62 |      0 |      0 |    0 |          0 |
|             buff_rdata                                                  |            bd_0_hls_inst_0_integrated_gcn_approx_gmem0_m_axi_fifo__parameterized0 |         53 |         53 |       0 |    0 |    37 |      7 |      1 |    0 |          0 |
|             fifo_rreq                                                   |                            bd_0_hls_inst_0_integrated_gcn_approx_gmem0_m_axi_fifo |         53 |         20 |       0 |   33 |    73 |      0 |      0 |    0 |          0 |
|               U_fifo_srl                                                |                             bd_0_hls_inst_0_integrated_gcn_approx_gmem0_m_axi_srl |         37 |          4 |       0 |   33 |    59 |      0 |      0 |    0 |          0 |
|         gmem1_m_axi_U                                                   |                                 bd_0_hls_inst_0_integrated_gcn_approx_gmem1_m_axi |        908 |        872 |       0 |   36 |  1686 |      7 |      1 |    0 |          0 |
|           load_unit_0                                                   |                            bd_0_hls_inst_0_integrated_gcn_approx_gmem1_m_axi_load |        107 |         71 |       0 |   36 |   180 |      7 |      1 |    0 |          0 |
|             (load_unit_0)                                               |                            bd_0_hls_inst_0_integrated_gcn_approx_gmem1_m_axi_load |          0 |          0 |       0 |    0 |    67 |      0 |      0 |    0 |          0 |
|             fifo_rreq                                                   |                            bd_0_hls_inst_0_integrated_gcn_approx_gmem1_m_axi_fifo |         59 |         23 |       0 |   36 |    76 |      0 |      0 |    0 |          0 |
|               U_fifo_srl                                                |                             bd_0_hls_inst_0_integrated_gcn_approx_gmem1_m_axi_srl |         42 |          6 |       0 |   36 |    62 |      0 |      0 |    0 |          0 |
|           bus_read                                                      |                            bd_0_hls_inst_0_integrated_gcn_approx_gmem1_m_axi_read |        802 |        802 |       0 |    0 |  1506 |      0 |      0 |    0 |          0 |
|             rreq_burst_conv                                             |                 bd_0_hls_inst_0_integrated_gcn_approx_gmem1_m_axi_burst_converter |        237 |        237 |       0 |    0 |   434 |      0 |      0 |    0 |          0 |
|               burst_sequential                                          |                bd_0_hls_inst_0_integrated_gcn_approx_gmem1_m_axi_burst_sequential |        237 |        237 |       0 |    0 |   434 |      0 |      0 |    0 |          0 |
|                 (burst_sequential)                                      |                bd_0_hls_inst_0_integrated_gcn_approx_gmem1_m_axi_burst_sequential |        122 |        122 |       0 |    0 |   299 |      0 |      0 |    0 |          0 |
|                 rs_req                                                  |                       bd_0_hls_inst_0_integrated_gcn_approx_gmem1_m_axi_reg_slice |        115 |        115 |       0 |    0 |   135 |      0 |      0 |    0 |          0 |
|             rs_rdata                                                    |       bd_0_hls_inst_0_integrated_gcn_approx_gmem1_m_axi_reg_slice__parameterized0 |        530 |        530 |       0 |    0 |  1041 |      0 |      0 |    0 |          0 |
|         gmem2_m_axi_U                                                   |                                 bd_0_hls_inst_0_integrated_gcn_approx_gmem2_m_axi |       2055 |       1375 |       0 |  680 |  3717 |      7 |      1 |    0 |          0 |
|           bus_read                                                      |                            bd_0_hls_inst_0_integrated_gcn_approx_gmem2_m_axi_read |        790 |        790 |       0 |    0 |  1497 |      0 |      0 |    0 |          0 |
|             rreq_burst_conv                                             |             bd_0_hls_inst_0_integrated_gcn_approx_gmem2_m_axi_burst_converter_883 |        227 |        227 |       0 |    0 |   425 |      0 |      0 |    0 |          0 |
|               burst_sequential                                          |            bd_0_hls_inst_0_integrated_gcn_approx_gmem2_m_axi_burst_sequential_884 |        227 |        227 |       0 |    0 |   425 |      0 |      0 |    0 |          0 |
|                 (burst_sequential)                                      |            bd_0_hls_inst_0_integrated_gcn_approx_gmem2_m_axi_burst_sequential_884 |        118 |        118 |       0 |    0 |   300 |      0 |      0 |    0 |          0 |
|                 rs_req                                                  |                   bd_0_hls_inst_0_integrated_gcn_approx_gmem2_m_axi_reg_slice_885 |        109 |        109 |       0 |    0 |   125 |      0 |      0 |    0 |          0 |
|             rs_rdata                                                    |       bd_0_hls_inst_0_integrated_gcn_approx_gmem2_m_axi_reg_slice__parameterized3 |        525 |        525 |       0 |    0 |  1041 |      0 |      0 |    0 |          0 |
|           bus_write                                                     |                           bd_0_hls_inst_0_integrated_gcn_approx_gmem2_m_axi_write |        395 |        362 |       0 |   33 |  1252 |      0 |      0 |    0 |          0 |
|             wreq_burst_conv                                             |                 bd_0_hls_inst_0_integrated_gcn_approx_gmem2_m_axi_burst_converter |        225 |        225 |       0 |    0 |   425 |      0 |      0 |    0 |          0 |
|               burst_sequential                                          |                bd_0_hls_inst_0_integrated_gcn_approx_gmem2_m_axi_burst_sequential |        225 |        225 |       0 |    0 |   425 |      0 |      0 |    0 |          0 |
|                 (burst_sequential)                                      |                bd_0_hls_inst_0_integrated_gcn_approx_gmem2_m_axi_burst_sequential |        118 |        118 |       0 |    0 |   300 |      0 |      0 |    0 |          0 |
|                 rs_req                                                  |                       bd_0_hls_inst_0_integrated_gcn_approx_gmem2_m_axi_reg_slice |        107 |        107 |       0 |    0 |   125 |      0 |      0 |    0 |          0 |
|             wreq_throttle                                               |                        bd_0_hls_inst_0_integrated_gcn_approx_gmem2_m_axi_throttle |        145 |        113 |       0 |   32 |   804 |      0 |      0 |    0 |          0 |
|               (wreq_throttle)                                           |                        bd_0_hls_inst_0_integrated_gcn_approx_gmem2_m_axi_throttle |          6 |          6 |       0 |    0 |   587 |      0 |      0 |    0 |          0 |
|               fifo_burst_gen[0].fifo_req                                |            bd_0_hls_inst_0_integrated_gcn_approx_gmem2_m_axi_fifo__parameterized5 |         52 |         20 |       0 |   32 |    75 |      0 |      0 |    0 |          0 |
|                 U_fifo_srl                                              |             bd_0_hls_inst_0_integrated_gcn_approx_gmem2_m_axi_srl__parameterized4 |         33 |          1 |       0 |   32 |    58 |      0 |      0 |    0 |          0 |
|               rs_req                                                    |       bd_0_hls_inst_0_integrated_gcn_approx_gmem2_m_axi_reg_slice__parameterized1 |         70 |         70 |       0 |    0 |   129 |      0 |      0 |    0 |          0 |
|           load_unit_0                                                   |                            bd_0_hls_inst_0_integrated_gcn_approx_gmem2_m_axi_load |        141 |        108 |       0 |   33 |   172 |      7 |      1 |    0 |          0 |
|             (load_unit_0)                                               |                            bd_0_hls_inst_0_integrated_gcn_approx_gmem2_m_axi_load |          1 |          1 |       0 |    0 |    62 |      0 |      0 |    0 |          0 |
|             buff_rdata                                                  |            bd_0_hls_inst_0_integrated_gcn_approx_gmem2_m_axi_fifo__parameterized4 |         89 |         89 |       0 |    0 |    37 |      7 |      1 |    0 |          0 |
|               (buff_rdata)                                              |            bd_0_hls_inst_0_integrated_gcn_approx_gmem2_m_axi_fifo__parameterized4 |         82 |         82 |       0 |    0 |    37 |      0 |      0 |    0 |          0 |
|             fifo_rreq                                                   |        bd_0_hls_inst_0_integrated_gcn_approx_gmem2_m_axi_fifo__parameterized0_877 |         52 |         19 |       0 |   33 |    73 |      0 |      0 |    0 |          0 |
|               U_fifo_srl                                                |         bd_0_hls_inst_0_integrated_gcn_approx_gmem2_m_axi_srl__parameterized0_878 |         37 |          4 |       0 |   33 |    59 |      0 |      0 |    0 |          0 |
|           store_unit_0                                                  |                           bd_0_hls_inst_0_integrated_gcn_approx_gmem2_m_axi_store |        731 |        117 |       0 |  614 |   796 |      0 |      0 |    0 |          0 |
|             (store_unit_0)                                              |                           bd_0_hls_inst_0_integrated_gcn_approx_gmem2_m_axi_store |          2 |          2 |       0 |    0 |    74 |      0 |      0 |    0 |          0 |
|             buff_wdata                                                  |            bd_0_hls_inst_0_integrated_gcn_approx_gmem2_m_axi_fifo__parameterized1 |        602 |         26 |       0 |  576 |   599 |      0 |      0 |    0 |          0 |
|               U_fifo_srl                                                |             bd_0_hls_inst_0_integrated_gcn_approx_gmem2_m_axi_srl__parameterized1 |        577 |          1 |       0 |  576 |   576 |      0 |      0 |    0 |          0 |
|             fifo_wreq                                                   |            bd_0_hls_inst_0_integrated_gcn_approx_gmem2_m_axi_fifo__parameterized0 |         50 |         17 |       0 |   33 |    73 |      0 |      0 |    0 |          0 |
|               U_fifo_srl                                                |             bd_0_hls_inst_0_integrated_gcn_approx_gmem2_m_axi_srl__parameterized0 |         36 |          3 |       0 |   33 |    59 |      0 |      0 |    0 |          0 |
|         gmem3_m_axi_U                                                   |                                 bd_0_hls_inst_0_integrated_gcn_approx_gmem3_m_axi |        451 |        414 |       0 |   37 |   772 |      0 |      1 |    0 |          0 |
|           bus_read                                                      |                            bd_0_hls_inst_0_integrated_gcn_approx_gmem3_m_axi_read |        342 |        342 |       0 |    0 |   580 |      0 |      0 |    0 |          0 |
|             rreq_burst_conv                                             |                 bd_0_hls_inst_0_integrated_gcn_approx_gmem3_m_axi_burst_converter |        267 |        267 |       0 |    0 |   478 |      0 |      0 |    0 |          0 |
|               burst_sequential                                          |                bd_0_hls_inst_0_integrated_gcn_approx_gmem3_m_axi_burst_sequential |        267 |        267 |       0 |    0 |   478 |      0 |      0 |    0 |          0 |
|                 (burst_sequential)                                      |                bd_0_hls_inst_0_integrated_gcn_approx_gmem3_m_axi_burst_sequential |        153 |        153 |       0 |    0 |   329 |      0 |      0 |    0 |          0 |
|                 rs_req                                                  |                       bd_0_hls_inst_0_integrated_gcn_approx_gmem3_m_axi_reg_slice |        114 |        114 |       0 |    0 |   149 |      0 |      0 |    0 |          0 |
|             rs_rdata                                                    |       bd_0_hls_inst_0_integrated_gcn_approx_gmem3_m_axi_reg_slice__parameterized0 |         39 |         39 |       0 |    0 |    71 |      0 |      0 |    0 |          0 |
|           load_unit_0                                                   |                            bd_0_hls_inst_0_integrated_gcn_approx_gmem3_m_axi_load |        110 |         73 |       0 |   37 |   192 |      0 |      1 |    0 |          0 |
|             (load_unit_0)                                               |                            bd_0_hls_inst_0_integrated_gcn_approx_gmem3_m_axi_load |          1 |          1 |       0 |    0 |    74 |      0 |      0 |    0 |          0 |
|             fifo_rreq                                                   |                            bd_0_hls_inst_0_integrated_gcn_approx_gmem3_m_axi_fifo |         64 |         27 |       0 |   37 |    81 |      0 |      0 |    0 |          0 |
|               U_fifo_srl                                                |                             bd_0_hls_inst_0_integrated_gcn_approx_gmem3_m_axi_srl |         46 |          9 |       0 |   37 |    67 |      0 |      0 |    0 |          0 |
|         gmem4_m_axi_U                                                   |                                 bd_0_hls_inst_0_integrated_gcn_approx_gmem4_m_axi |        517 |        469 |       0 |   48 |   861 |      0 |      1 |    0 |          0 |
|           bus_read                                                      |                            bd_0_hls_inst_0_integrated_gcn_approx_gmem4_m_axi_read |        365 |        365 |       0 |    0 |   623 |      0 |      0 |    0 |          0 |
|             rreq_burst_conv                                             |                 bd_0_hls_inst_0_integrated_gcn_approx_gmem4_m_axi_burst_converter |        290 |        290 |       0 |    0 |   521 |      0 |      0 |    0 |          0 |
|               burst_sequential                                          |                bd_0_hls_inst_0_integrated_gcn_approx_gmem4_m_axi_burst_sequential |        290 |        290 |       0 |    0 |   521 |      0 |      0 |    0 |          0 |
|                 (burst_sequential)                                      |                bd_0_hls_inst_0_integrated_gcn_approx_gmem4_m_axi_burst_sequential |        143 |        143 |       0 |    0 |   332 |      0 |      0 |    0 |          0 |
|                 rs_req                                                  |                       bd_0_hls_inst_0_integrated_gcn_approx_gmem4_m_axi_reg_slice |        147 |        147 |       0 |    0 |   189 |      0 |      0 |    0 |          0 |
|             rs_rdata                                                    |       bd_0_hls_inst_0_integrated_gcn_approx_gmem4_m_axi_reg_slice__parameterized0 |         39 |         39 |       0 |    0 |    71 |      0 |      0 |    0 |          0 |
|           load_unit_0                                                   |                            bd_0_hls_inst_0_integrated_gcn_approx_gmem4_m_axi_load |        153 |        105 |       0 |   48 |   238 |      0 |      1 |    0 |          0 |
|             (load_unit_0)                                               |                            bd_0_hls_inst_0_integrated_gcn_approx_gmem4_m_axi_load |          1 |          1 |       0 |    0 |    94 |      0 |      0 |    0 |          0 |
|             fifo_rreq                                                   |                            bd_0_hls_inst_0_integrated_gcn_approx_gmem4_m_axi_fifo |        106 |         58 |       0 |   48 |   107 |      0 |      0 |    0 |          0 |
|               U_fifo_srl                                                |                             bd_0_hls_inst_0_integrated_gcn_approx_gmem4_m_axi_srl |         89 |         41 |       0 |   48 |    93 |      0 |      0 |    0 |          0 |
|         gmem5_m_axi_U                                                   |                                 bd_0_hls_inst_0_integrated_gcn_approx_gmem5_m_axi |        654 |        602 |       0 |   52 |  1004 |      0 |      1 |    0 |          0 |
|           bus_read                                                      |                            bd_0_hls_inst_0_integrated_gcn_approx_gmem5_m_axi_read |        384 |        384 |       0 |    0 |   631 |      0 |      0 |    0 |          0 |
|             rreq_burst_conv                                             |                 bd_0_hls_inst_0_integrated_gcn_approx_gmem5_m_axi_burst_converter |        308 |        308 |       0 |    0 |   529 |      0 |      0 |    0 |          0 |
|               burst_sequential                                          |                bd_0_hls_inst_0_integrated_gcn_approx_gmem5_m_axi_burst_sequential |        308 |        308 |       0 |    0 |   529 |      0 |      0 |    0 |          0 |
|                 (burst_sequential)                                      |                bd_0_hls_inst_0_integrated_gcn_approx_gmem5_m_axi_burst_sequential |        143 |        143 |       0 |    0 |   332 |      0 |      0 |    0 |          0 |
|                 rs_req                                                  |       bd_0_hls_inst_0_integrated_gcn_approx_gmem5_m_axi_reg_slice__parameterized0 |        165 |        165 |       0 |    0 |   197 |      0 |      0 |    0 |          0 |
|             rs_rdata                                                    |       bd_0_hls_inst_0_integrated_gcn_approx_gmem5_m_axi_reg_slice__parameterized1 |         39 |         39 |       0 |    0 |    71 |      0 |      0 |    0 |          0 |
|           load_unit_0                                                   |                            bd_0_hls_inst_0_integrated_gcn_approx_gmem5_m_axi_load |        271 |        219 |       0 |   52 |   373 |      0 |      1 |    0 |          0 |
|             (load_unit_0)                                               |                            bd_0_hls_inst_0_integrated_gcn_approx_gmem5_m_axi_load |          0 |          0 |       0 |    0 |   135 |      0 |      0 |    0 |          0 |
|             bus_wide_gen.rs_rdata_int                                   |                       bd_0_hls_inst_0_integrated_gcn_approx_gmem5_m_axi_reg_slice |         73 |         73 |       0 |    0 |    71 |      0 |      0 |    0 |          0 |
|             fifo_rreq                                                   |            bd_0_hls_inst_0_integrated_gcn_approx_gmem5_m_axi_fifo__parameterized0 |        105 |         57 |       0 |   48 |   109 |      0 |      0 |    0 |          0 |
|               U_fifo_srl                                                |             bd_0_hls_inst_0_integrated_gcn_approx_gmem5_m_axi_srl__parameterized0 |         88 |         40 |       0 |   48 |    95 |      0 |      0 |    0 |          0 |
|         gmem6_m_axi_U                                                   |                                 bd_0_hls_inst_0_integrated_gcn_approx_gmem6_m_axi |       1124 |        477 |       0 |  647 |  2043 |      0 |      0 |    0 |          0 |
|           bus_write                                                     |                           bd_0_hls_inst_0_integrated_gcn_approx_gmem6_m_axi_write |        399 |        366 |       0 |   33 |  1252 |      0 |      0 |    0 |          0 |
|             wreq_burst_conv                                             |                 bd_0_hls_inst_0_integrated_gcn_approx_gmem6_m_axi_burst_converter |        225 |        225 |       0 |    0 |   425 |      0 |      0 |    0 |          0 |
|               burst_sequential                                          |                bd_0_hls_inst_0_integrated_gcn_approx_gmem6_m_axi_burst_sequential |        225 |        225 |       0 |    0 |   425 |      0 |      0 |    0 |          0 |
|                 (burst_sequential)                                      |                bd_0_hls_inst_0_integrated_gcn_approx_gmem6_m_axi_burst_sequential |        118 |        118 |       0 |    0 |   300 |      0 |      0 |    0 |          0 |
|                 rs_req                                                  |                       bd_0_hls_inst_0_integrated_gcn_approx_gmem6_m_axi_reg_slice |        107 |        107 |       0 |    0 |   125 |      0 |      0 |    0 |          0 |
|             wreq_throttle                                               |                        bd_0_hls_inst_0_integrated_gcn_approx_gmem6_m_axi_throttle |        149 |        117 |       0 |   32 |   804 |      0 |      0 |    0 |          0 |
|               (wreq_throttle)                                           |                        bd_0_hls_inst_0_integrated_gcn_approx_gmem6_m_axi_throttle |          7 |          7 |       0 |    0 |   587 |      0 |      0 |    0 |          0 |
|               fifo_burst_gen[0].fifo_req                                |            bd_0_hls_inst_0_integrated_gcn_approx_gmem6_m_axi_fifo__parameterized4 |         53 |         21 |       0 |   32 |    75 |      0 |      0 |    0 |          0 |
|                 U_fifo_srl                                              |             bd_0_hls_inst_0_integrated_gcn_approx_gmem6_m_axi_srl__parameterized4 |         33 |          1 |       0 |   32 |    58 |      0 |      0 |    0 |          0 |
|               rs_req                                                    |       bd_0_hls_inst_0_integrated_gcn_approx_gmem6_m_axi_reg_slice__parameterized1 |         70 |         70 |       0 |    0 |   129 |      0 |      0 |    0 |          0 |
|           store_unit_0                                                  |                           bd_0_hls_inst_0_integrated_gcn_approx_gmem6_m_axi_store |        728 |        114 |       0 |  614 |   791 |      0 |      0 |    0 |          0 |
|             (store_unit_0)                                              |                           bd_0_hls_inst_0_integrated_gcn_approx_gmem6_m_axi_store |          2 |          2 |       0 |    0 |    74 |      0 |      0 |    0 |          0 |
|             buff_wdata                                                  |            bd_0_hls_inst_0_integrated_gcn_approx_gmem6_m_axi_fifo__parameterized1 |        601 |         25 |       0 |  576 |   599 |      0 |      0 |    0 |          0 |
|               U_fifo_srl                                                |             bd_0_hls_inst_0_integrated_gcn_approx_gmem6_m_axi_srl__parameterized1 |        576 |          0 |       0 |  576 |   576 |      0 |      0 |    0 |          0 |
|             fifo_wreq                                                   |            bd_0_hls_inst_0_integrated_gcn_approx_gmem6_m_axi_fifo__parameterized0 |         49 |         16 |       0 |   33 |    70 |      0 |      0 |    0 |          0 |
|               U_fifo_srl                                                |             bd_0_hls_inst_0_integrated_gcn_approx_gmem6_m_axi_srl__parameterized0 |         37 |          4 |       0 |   33 |    59 |      0 |      0 |    0 |          0 |
|         grp_gemm_stage_fu_148                                           |                                  bd_0_hls_inst_0_integrated_gcn_approx_gemm_stage |       9904 |       4884 |    4984 |   36 |  6375 |      0 |      0 |    0 |        257 |
|           gemm_write_U0                                                 |                                  bd_0_hls_inst_0_integrated_gcn_approx_gemm_write |         81 |         79 |       0 |    2 |   608 |      0 |      0 |    0 |          0 |
|             (gemm_write_U0)                                             |                                  bd_0_hls_inst_0_integrated_gcn_approx_gemm_write |         46 |         44 |       0 |    2 |   607 |      0 |      0 |    0 |          0 |
|           W_stream_U                                                    |                             bd_0_hls_inst_0_integrated_gcn_approx_fifo_w512_d16_A |        316 |         20 |     296 |    0 |   537 |      0 |      0 |    0 |          0 |
|             U_integrated_gcn_approx_fifo_w512_d16_A_ram                 |                     bd_0_hls_inst_0_integrated_gcn_approx_fifo_w512_d16_A_ram_871 |        297 |          1 |     296 |    0 |   512 |      0 |      0 |    0 |          0 |
|           XW_stream_U                                                   |                          bd_0_hls_inst_0_integrated_gcn_approx_fifo_w512_d16_A_97 |        309 |         13 |     296 |    0 |   533 |      0 |      0 |    0 |          0 |
|             U_integrated_gcn_approx_fifo_w512_d16_A_ram                 |                     bd_0_hls_inst_0_integrated_gcn_approx_fifo_w512_d16_A_ram_870 |        296 |          0 |     296 |    0 |   512 |      0 |      0 |    0 |          0 |
|           X_stream_U                                                    |                          bd_0_hls_inst_0_integrated_gcn_approx_fifo_w512_d16_A_98 |        317 |         21 |     296 |    0 |   539 |      0 |      0 |    0 |          0 |
|             U_integrated_gcn_approx_fifo_w512_d16_A_ram                 |                         bd_0_hls_inst_0_integrated_gcn_approx_fifo_w512_d16_A_ram |        298 |          2 |     296 |    0 |   512 |      0 |      0 |    0 |          0 |
|           gemm_compute_U0                                               |                                bd_0_hls_inst_0_integrated_gcn_approx_gemm_compute |       8672 |       4575 |    4096 |    1 |  3842 |      0 |      0 |    0 |        256 |
|             (gemm_compute_U0)                                           |                                bd_0_hls_inst_0_integrated_gcn_approx_gemm_compute |       2080 |       2080 |       0 |    0 |    50 |      0 |      0 |    0 |          0 |
|             grp_gemm_compute_Pipeline_COMP_EMIT_fu_1594                 |             bd_0_hls_inst_0_integrated_gcn_approx_gemm_compute_Pipeline_COMP_EMIT |       1947 |       1947 |       0 |    0 |    30 |      0 |      0 |    0 |          0 |
|               (grp_gemm_compute_Pipeline_COMP_EMIT_fu_1594)             |             bd_0_hls_inst_0_integrated_gcn_approx_gemm_compute_Pipeline_COMP_EMIT |       1857 |       1857 |       0 |    0 |    28 |      0 |      0 |    0 |          0 |
|               flow_control_loop_pipe_sequential_init_U                  |  bd_0_hls_inst_0_integrated_gcn_approx_flow_control_loop_pipe_sequential_init_869 |         90 |         90 |       0 |    0 |     2 |      0 |      0 |    0 |          0 |
|             grp_gemm_compute_Pipeline_COMP_INIT_fu_1070                 |             bd_0_hls_inst_0_integrated_gcn_approx_gemm_compute_Pipeline_COMP_INIT |        222 |        222 |       0 |    0 |     9 |      0 |      0 |    0 |          0 |
|               flow_control_loop_pipe_sequential_init_U                  |  bd_0_hls_inst_0_integrated_gcn_approx_flow_control_loop_pipe_sequential_init_868 |        220 |        220 |       0 |    0 |     2 |      0 |      0 |    0 |          0 |
|             grp_gemm_compute_Pipeline_COMP_KB_COMP_K_COMP_I_fu_1330     | bd_0_hls_inst_0_integrated_gcn_approx_gemm_compute_Pipeline_COMP_KB_COMP_K_COMP_I |        328 |        327 |       0 |    1 |   681 |      0 |      0 |    0 |        256 |
|               (grp_gemm_compute_Pipeline_COMP_KB_COMP_K_COMP_I_fu_1330) | bd_0_hls_inst_0_integrated_gcn_approx_gemm_compute_Pipeline_COMP_KB_COMP_K_COMP_I |        144 |        143 |       0 |    1 |   679 |      0 |      0 |    0 |          0 |
|           gemm_read_W_U0                                                |                                 bd_0_hls_inst_0_integrated_gcn_approx_gemm_read_W |         73 |         72 |       0 |    1 |   117 |      0 |      0 |    0 |          0 |
|             (gemm_read_W_U0)                                            |                                 bd_0_hls_inst_0_integrated_gcn_approx_gemm_read_W |         17 |         16 |       0 |    1 |   116 |      0 |      0 |    0 |          0 |
|             flow_control_loop_pipe_U                                    |                  bd_0_hls_inst_0_integrated_gcn_approx_flow_control_loop_pipe_101 |         57 |         57 |       0 |    0 |     1 |      0 |      0 |    0 |          0 |
|           gemm_read_X_U0                                                |                                 bd_0_hls_inst_0_integrated_gcn_approx_gemm_read_X |        127 |         95 |       0 |   32 |   188 |      0 |      0 |    0 |          1 |
|             (gemm_read_X_U0)                                            |                                 bd_0_hls_inst_0_integrated_gcn_approx_gemm_read_X |         59 |         27 |       0 |   32 |   187 |      0 |      0 |    0 |          0 |
|             flow_control_loop_pipe_U                                    |                  bd_0_hls_inst_0_integrated_gcn_approx_flow_control_loop_pipe_100 |         58 |         58 |       0 |    0 |     1 |      0 |      0 |    0 |          0 |
|         grp_spmm_stage_fu_164                                           |                                  bd_0_hls_inst_0_integrated_gcn_approx_spmm_stage |       5430 |       4906 |     498 |   26 |  2673 |      0 |     33 |    0 |          0 |
|           spmm_compute_U0                                               |                                bd_0_hls_inst_0_integrated_gcn_approx_spmm_compute |       4390 |       3932 |     458 |    0 |  1721 |      0 |     32 |    0 |          0 |
|             (spmm_compute_U0)                                           |                                bd_0_hls_inst_0_integrated_gcn_approx_spmm_compute |         91 |         91 |       0 |    0 |   343 |      0 |      0 |    0 |          0 |
|             grp_spmm_compute_Pipeline_SPMM_MAC_fu_1525                  |              bd_0_hls_inst_0_integrated_gcn_approx_spmm_compute_Pipeline_SPMM_MAC |        611 |        611 |       0 |    0 |   527 |      0 |      0 |    0 |          0 |
|               (grp_spmm_compute_Pipeline_SPMM_MAC_fu_1525)              |              bd_0_hls_inst_0_integrated_gcn_approx_spmm_compute_Pipeline_SPMM_MAC |        601 |        601 |       0 |    0 |    13 |      0 |      0 |    0 |          0 |
|             grp_spmm_compute_Pipeline_SPMM_WRITE_fu_1487                |            bd_0_hls_inst_0_integrated_gcn_approx_spmm_compute_Pipeline_SPMM_WRITE |        143 |        143 |       0 |    0 |    15 |      0 |      0 |    0 |          0 |
|               (grp_spmm_compute_Pipeline_SPMM_WRITE_fu_1487)            |            bd_0_hls_inst_0_integrated_gcn_approx_spmm_compute_Pipeline_SPMM_WRITE |        125 |        125 |       0 |    0 |    13 |      0 |      0 |    0 |          0 |
|             h_buf_10_U                                                  |            bd_0_hls_inst_0_integrated_gcn_approx_spmm_compute_h_buf_RAM_AUTO_1R1W |         95 |         95 |       0 |    0 |     0 |      0 |      1 |    0 |          0 |
|             h_buf_11_U                                                  |         bd_0_hls_inst_0_integrated_gcn_approx_spmm_compute_h_buf_RAM_AUTO_1R1W_32 |         95 |         95 |       0 |    0 |     0 |      0 |      1 |    0 |          0 |
|             h_buf_12_U                                                  |         bd_0_hls_inst_0_integrated_gcn_approx_spmm_compute_h_buf_RAM_AUTO_1R1W_33 |         95 |         95 |       0 |    0 |     0 |      0 |      1 |    0 |          0 |
|             h_buf_13_U                                                  |         bd_0_hls_inst_0_integrated_gcn_approx_spmm_compute_h_buf_RAM_AUTO_1R1W_34 |         95 |         95 |       0 |    0 |     0 |      0 |      1 |    0 |          0 |
|             h_buf_14_U                                                  |         bd_0_hls_inst_0_integrated_gcn_approx_spmm_compute_h_buf_RAM_AUTO_1R1W_35 |         95 |         95 |       0 |    0 |     0 |      0 |      1 |    0 |          0 |
|             h_buf_15_U                                                  |         bd_0_hls_inst_0_integrated_gcn_approx_spmm_compute_h_buf_RAM_AUTO_1R1W_36 |         95 |         95 |       0 |    0 |     0 |      0 |      1 |    0 |          0 |
|             h_buf_16_U                                                  |         bd_0_hls_inst_0_integrated_gcn_approx_spmm_compute_h_buf_RAM_AUTO_1R1W_37 |         95 |         95 |       0 |    0 |     0 |      0 |      1 |    0 |          0 |
|             h_buf_17_U                                                  |         bd_0_hls_inst_0_integrated_gcn_approx_spmm_compute_h_buf_RAM_AUTO_1R1W_38 |         95 |         95 |       0 |    0 |     0 |      0 |      1 |    0 |          0 |
|             h_buf_18_U                                                  |         bd_0_hls_inst_0_integrated_gcn_approx_spmm_compute_h_buf_RAM_AUTO_1R1W_39 |         95 |         95 |       0 |    0 |     0 |      0 |      1 |    0 |          0 |
|             h_buf_19_U                                                  |         bd_0_hls_inst_0_integrated_gcn_approx_spmm_compute_h_buf_RAM_AUTO_1R1W_40 |         95 |         95 |       0 |    0 |     0 |      0 |      1 |    0 |          0 |
|             h_buf_1_U                                                   |         bd_0_hls_inst_0_integrated_gcn_approx_spmm_compute_h_buf_RAM_AUTO_1R1W_41 |         95 |         95 |       0 |    0 |     0 |      0 |      1 |    0 |          0 |
|             h_buf_20_U                                                  |         bd_0_hls_inst_0_integrated_gcn_approx_spmm_compute_h_buf_RAM_AUTO_1R1W_42 |         95 |         95 |       0 |    0 |     0 |      0 |      1 |    0 |          0 |
|             h_buf_21_U                                                  |         bd_0_hls_inst_0_integrated_gcn_approx_spmm_compute_h_buf_RAM_AUTO_1R1W_43 |         95 |         95 |       0 |    0 |     0 |      0 |      1 |    0 |          0 |
|             h_buf_22_U                                                  |         bd_0_hls_inst_0_integrated_gcn_approx_spmm_compute_h_buf_RAM_AUTO_1R1W_44 |         95 |         95 |       0 |    0 |     0 |      0 |      1 |    0 |          0 |
|             h_buf_23_U                                                  |         bd_0_hls_inst_0_integrated_gcn_approx_spmm_compute_h_buf_RAM_AUTO_1R1W_45 |         95 |         95 |       0 |    0 |     0 |      0 |      1 |    0 |          0 |
|             h_buf_24_U                                                  |         bd_0_hls_inst_0_integrated_gcn_approx_spmm_compute_h_buf_RAM_AUTO_1R1W_46 |         95 |         95 |       0 |    0 |     0 |      0 |      1 |    0 |          0 |
|             h_buf_25_U                                                  |         bd_0_hls_inst_0_integrated_gcn_approx_spmm_compute_h_buf_RAM_AUTO_1R1W_47 |         95 |         95 |       0 |    0 |     0 |      0 |      1 |    0 |          0 |
|             h_buf_26_U                                                  |         bd_0_hls_inst_0_integrated_gcn_approx_spmm_compute_h_buf_RAM_AUTO_1R1W_48 |         95 |         95 |       0 |    0 |     0 |      0 |      1 |    0 |          0 |
|             h_buf_27_U                                                  |         bd_0_hls_inst_0_integrated_gcn_approx_spmm_compute_h_buf_RAM_AUTO_1R1W_49 |         95 |         95 |       0 |    0 |     0 |      0 |      1 |    0 |          0 |
|             h_buf_28_U                                                  |         bd_0_hls_inst_0_integrated_gcn_approx_spmm_compute_h_buf_RAM_AUTO_1R1W_50 |         95 |         95 |       0 |    0 |     0 |      0 |      1 |    0 |          0 |
|             h_buf_29_U                                                  |         bd_0_hls_inst_0_integrated_gcn_approx_spmm_compute_h_buf_RAM_AUTO_1R1W_51 |         95 |         95 |       0 |    0 |     0 |      0 |      1 |    0 |          0 |
|             h_buf_2_U                                                   |         bd_0_hls_inst_0_integrated_gcn_approx_spmm_compute_h_buf_RAM_AUTO_1R1W_52 |         95 |         95 |       0 |    0 |     0 |      0 |      1 |    0 |          0 |
|             h_buf_30_U                                                  |         bd_0_hls_inst_0_integrated_gcn_approx_spmm_compute_h_buf_RAM_AUTO_1R1W_53 |         95 |         95 |       0 |    0 |     0 |      0 |      1 |    0 |          0 |
|             h_buf_31_U                                                  |         bd_0_hls_inst_0_integrated_gcn_approx_spmm_compute_h_buf_RAM_AUTO_1R1W_54 |         96 |         96 |       0 |    0 |     0 |      0 |      1 |    0 |          0 |
|             h_buf_3_U                                                   |         bd_0_hls_inst_0_integrated_gcn_approx_spmm_compute_h_buf_RAM_AUTO_1R1W_55 |         95 |         95 |       0 |    0 |     0 |      0 |      1 |    0 |          0 |
|             h_buf_4_U                                                   |         bd_0_hls_inst_0_integrated_gcn_approx_spmm_compute_h_buf_RAM_AUTO_1R1W_56 |         95 |         95 |       0 |    0 |     0 |      0 |      1 |    0 |          0 |
|             h_buf_5_U                                                   |         bd_0_hls_inst_0_integrated_gcn_approx_spmm_compute_h_buf_RAM_AUTO_1R1W_57 |         95 |         95 |       0 |    0 |     0 |      0 |      1 |    0 |          0 |
|             h_buf_6_U                                                   |         bd_0_hls_inst_0_integrated_gcn_approx_spmm_compute_h_buf_RAM_AUTO_1R1W_58 |         95 |         95 |       0 |    0 |     0 |      0 |      1 |    0 |          0 |
|             h_buf_7_U                                                   |         bd_0_hls_inst_0_integrated_gcn_approx_spmm_compute_h_buf_RAM_AUTO_1R1W_59 |         95 |         95 |       0 |    0 |     0 |      0 |      1 |    0 |          0 |
|             h_buf_8_U                                                   |         bd_0_hls_inst_0_integrated_gcn_approx_spmm_compute_h_buf_RAM_AUTO_1R1W_60 |         95 |         95 |       0 |    0 |     0 |      0 |      1 |    0 |          0 |
|             h_buf_9_U                                                   |         bd_0_hls_inst_0_integrated_gcn_approx_spmm_compute_h_buf_RAM_AUTO_1R1W_61 |         95 |         95 |       0 |    0 |     0 |      0 |      1 |    0 |          0 |
|             h_buf_U                                                     |         bd_0_hls_inst_0_integrated_gcn_approx_spmm_compute_h_buf_RAM_AUTO_1R1W_62 |         94 |         94 |       0 |    0 |     0 |      0 |      1 |    0 |          0 |
|           spmm_load_csr_U0                                              |                               bd_0_hls_inst_0_integrated_gcn_approx_spmm_load_csr |        242 |        242 |       0 |    0 |   206 |      0 |      0 |    0 |          0 |
|             (spmm_load_csr_U0)                                          |                               bd_0_hls_inst_0_integrated_gcn_approx_spmm_load_csr |        133 |        133 |       0 |    0 |    79 |      0 |      0 |    0 |          0 |
|             grp_spmm_load_csr_Pipeline_LOAD_NNZ_fu_128                  |             bd_0_hls_inst_0_integrated_gcn_approx_spmm_load_csr_Pipeline_LOAD_NNZ |         82 |         82 |       0 |    0 |    78 |      0 |      0 |    0 |          0 |
|               (grp_spmm_load_csr_Pipeline_LOAD_NNZ_fu_128)              |             bd_0_hls_inst_0_integrated_gcn_approx_spmm_load_csr_Pipeline_LOAD_NNZ |         10 |         10 |       0 |    0 |    76 |      0 |      0 |    0 |          0 |
|               flow_control_loop_pipe_sequential_init_U                  |    bd_0_hls_inst_0_integrated_gcn_approx_flow_control_loop_pipe_sequential_init_0 |         73 |         73 |       0 |    0 |     2 |      0 |      0 |    0 |          0 |
|           spmm_store_U0                                                 |                                  bd_0_hls_inst_0_integrated_gcn_approx_spmm_store |        596 |        594 |       0 |    2 |   632 |      0 |      0 |    0 |          0 |
|             (spmm_store_U0)                                             |                                  bd_0_hls_inst_0_integrated_gcn_approx_spmm_store |        530 |        528 |       0 |    2 |   631 |      0 |      0 |    0 |          0 |
|             flow_control_loop_pipe_U                                    |                      bd_0_hls_inst_0_integrated_gcn_approx_flow_control_loop_pipe |         66 |         66 |       0 |    0 |     1 |      0 |      0 |    0 |          0 |
|           val_fifo_U                                                    |                              bd_0_hls_inst_0_integrated_gcn_approx_fifo_w8_d256_A |         94 |         54 |      40 |    0 |    45 |      0 |      0 |    0 |          0 |
|             U_integrated_gcn_approx_fifo_w8_d256_A_ram                  |                          bd_0_hls_inst_0_integrated_gcn_approx_fifo_w8_d256_A_ram |         52 |         12 |      40 |    0 |     8 |      0 |      0 |    0 |          0 |
+-------------------------------------------------------------------------+-----------------------------------------------------------------------------------+------------+------------+---------+------+-------+--------+--------+------+------------+
* Note: The sum of lower-level cells may be larger than their parent cells total, due to cross-hierarchy LUT combining


