Copyright 1986-2022 Xilinx, Inc. All Rights Reserved. Copyright 2022-2025 Advanced Micro Devices, Inc. All Rights Reserved.
---------------------------------------------------------------------------------------------------------------------------------------------
| Tool Version : Vivado v.2025.2 (lin64) Build 6299465 Fri Nov 14 12:34:56 MST 2025
| Date         : Wed Apr 15 13:00:27 2026
| Host         : nat-Yoga-Pro-9-16IAH10 running 64-bit Ubuntu 24.04.3 LTS
| Command      : report_utilization -hierarchical -hierarchical_depth 7 -file ./report/gemm_stage_utilization_hierarchical_synth.rpt
| Design       : bd_0_wrapper
| Device       : xck26-sfvc784-2LV-c
| Speed File   : -2LV
| Design State : Synthesized
---------------------------------------------------------------------------------------------------------------------------------------------

Utilization Design Information

Table of Contents
-----------------
1. Utilization by Hierarchy

1. Utilization by Hierarchy
---------------------------

+----------------------------------------------------------------------------+-----------------------------------------------------------------------------+------------+------------+---------+------+-------+--------+--------+------+------------+
|                                  Instance                                  |                                    Module                                   | Total LUTs | Logic LUTs | LUTRAMs | SRLs |  FFs  | RAMB36 | RAMB18 | URAM | DSP Blocks |
+----------------------------------------------------------------------------+-----------------------------------------------------------------------------+------------+------------+---------+------+-------+--------+--------+------+------------+
| bd_0_wrapper                                                               |                                                                       (top) |      33009 |      14794 |   17272 |  943 | 20720 |     14 |      2 |    0 |        258 |
|   bd_0_i                                                                   |                                                                        bd_0 |      33009 |      14794 |   17272 |  943 | 20720 |     14 |      2 |    0 |        258 |
|     hls_inst                                                               |                                                             bd_0_hls_inst_0 |      33009 |      14794 |   17272 |  943 | 20720 |     14 |      2 |    0 |        258 |
|       inst                                                                 |                                                  bd_0_hls_inst_0_gemm_stage |      33009 |      14794 |   17272 |  943 | 20720 |     14 |      2 |    0 |        258 |
|         gmem2_m_axi_U                                                      |                                      bd_0_hls_inst_0_gemm_stage_gmem2_m_axi |       1183 |        484 |       0 |  699 |  2043 |      0 |      0 |    0 |          0 |
|           bus_write                                                        |                                bd_0_hls_inst_0_gemm_stage_gmem2_m_axi_write |        433 |        374 |       0 |   59 |  1252 |      0 |      0 |    0 |          0 |
|             wreq_burst_conv                                                |                      bd_0_hls_inst_0_gemm_stage_gmem2_m_axi_burst_converter |        230 |        230 |       0 |    0 |   425 |      0 |      0 |    0 |          0 |
|               burst_sequential                                             |                     bd_0_hls_inst_0_gemm_stage_gmem2_m_axi_burst_sequential |        230 |        230 |       0 |    0 |   425 |      0 |      0 |    0 |          0 |
|             wreq_throttle                                                  |                             bd_0_hls_inst_0_gemm_stage_gmem2_m_axi_throttle |        175 |        117 |       0 |   58 |   804 |      0 |      0 |    0 |          0 |
|               (wreq_throttle)                                              |                             bd_0_hls_inst_0_gemm_stage_gmem2_m_axi_throttle |          6 |          6 |       0 |    0 |   587 |      0 |      0 |    0 |          0 |
|               fifo_burst_gen[0].fifo_req                                   |                 bd_0_hls_inst_0_gemm_stage_gmem2_m_axi_fifo__parameterized4 |         81 |         23 |       0 |   58 |    75 |      0 |      0 |    0 |          0 |
|               rs_req                                                       |            bd_0_hls_inst_0_gemm_stage_gmem2_m_axi_reg_slice__parameterized1 |         70 |         70 |       0 |    0 |   129 |      0 |      0 |    0 |          0 |
|           store_unit_0                                                     |                                bd_0_hls_inst_0_gemm_stage_gmem2_m_axi_store |        750 |        110 |       0 |  640 |   791 |      0 |      0 |    0 |          0 |
|             (store_unit_0)                                                 |                                bd_0_hls_inst_0_gemm_stage_gmem2_m_axi_store |          2 |          2 |       0 |    0 |    74 |      0 |      0 |    0 |          0 |
|             buff_wdata                                                     |                 bd_0_hls_inst_0_gemm_stage_gmem2_m_axi_fifo__parameterized1 |        602 |         26 |       0 |  576 |   599 |      0 |      0 |    0 |          0 |
|               U_fifo_srl                                                   |                  bd_0_hls_inst_0_gemm_stage_gmem2_m_axi_srl__parameterized1 |        577 |          1 |       0 |  576 |   576 |      0 |      0 |    0 |          0 |
|             fifo_wreq                                                      |                 bd_0_hls_inst_0_gemm_stage_gmem2_m_axi_fifo__parameterized0 |         71 |         12 |       0 |   59 |    70 |      0 |      0 |    0 |          0 |
|               U_fifo_srl                                                   |                  bd_0_hls_inst_0_gemm_stage_gmem2_m_axi_srl__parameterized0 |         61 |          2 |       0 |   59 |    59 |      0 |      0 |    0 |          0 |
|         H_temp_c_U                                                         |                                    bd_0_hls_inst_0_gemm_stage_fifo_w64_d4_S |         65 |          7 |       0 |   58 |     7 |      0 |      0 |    0 |          0 |
|           U_gemm_stage_fifo_w64_d4_S_ShiftReg                              |                           bd_0_hls_inst_0_gemm_stage_fifo_w64_d4_S_ShiftReg |         58 |          0 |       0 |   58 |     0 |      0 |      0 |    0 |          0 |
|         W_stream_U                                                         |                                  bd_0_hls_inst_0_gemm_stage_fifo_w512_d16_A |        318 |         22 |     296 |    0 |   537 |      0 |      0 |    0 |          0 |
|           U_gemm_stage_fifo_w512_d16_A_ram                                 |                          bd_0_hls_inst_0_gemm_stage_fifo_w512_d16_A_ram_776 |        297 |          1 |     296 |    0 |   512 |      0 |      0 |    0 |          0 |
|         XW_stream_U                                                        |                                bd_0_hls_inst_0_gemm_stage_fifo_w512_d16_A_0 |        317 |         21 |     296 |    0 |   533 |      0 |      0 |    0 |          0 |
|           U_gemm_stage_fifo_w512_d16_A_ram                                 |                          bd_0_hls_inst_0_gemm_stage_fifo_w512_d16_A_ram_775 |        297 |          1 |     296 |    0 |   512 |      0 |      0 |    0 |          0 |
|         X_stream_U                                                         |                                bd_0_hls_inst_0_gemm_stage_fifo_w512_d16_A_1 |        313 |         17 |     296 |    0 |   533 |      0 |      0 |    0 |          0 |
|           U_gemm_stage_fifo_w512_d16_A_ram                                 |                              bd_0_hls_inst_0_gemm_stage_fifo_w512_d16_A_ram |        297 |          1 |     296 |    0 |   512 |      0 |      0 |    0 |          0 |
|         control_s_axi_U                                                    |                                    bd_0_hls_inst_0_gemm_stage_control_s_axi |        205 |        205 |       0 |    0 |   233 |      0 |      0 |    0 |          0 |
|         gemm_compute_U0                                                    |                                     bd_0_hls_inst_0_gemm_stage_gemm_compute |      28349 |      11965 |   16384 |    0 | 12428 |      0 |      0 |    0 |        256 |
|           (gemm_compute_U0)                                                |                                     bd_0_hls_inst_0_gemm_stage_gemm_compute |         21 |         21 |       0 |    0 |  2097 |      0 |      0 |    0 |          0 |
|           XW_block_100_U                                                   |              bd_0_hls_inst_0_gemm_stage_gemm_compute_XW_block_RAM_AUTO_1R1W |         64 |          0 |      64 |    0 |    16 |      0 |      0 |    0 |          0 |
|           XW_block_101_U                                                   |            bd_0_hls_inst_0_gemm_stage_gemm_compute_XW_block_RAM_AUTO_1R1W_7 |         64 |          0 |      64 |    0 |    16 |      0 |      0 |    0 |          0 |
|           XW_block_102_U                                                   |            bd_0_hls_inst_0_gemm_stage_gemm_compute_XW_block_RAM_AUTO_1R1W_8 |         64 |          0 |      64 |    0 |    16 |      0 |      0 |    0 |          0 |
|           XW_block_103_U                                                   |            bd_0_hls_inst_0_gemm_stage_gemm_compute_XW_block_RAM_AUTO_1R1W_9 |         64 |          0 |      64 |    0 |    16 |      0 |      0 |    0 |          0 |
|           XW_block_104_U                                                   |           bd_0_hls_inst_0_gemm_stage_gemm_compute_XW_block_RAM_AUTO_1R1W_10 |         64 |          0 |      64 |    0 |    16 |      0 |      0 |    0 |          0 |
|           XW_block_105_U                                                   |           bd_0_hls_inst_0_gemm_stage_gemm_compute_XW_block_RAM_AUTO_1R1W_11 |         64 |          0 |      64 |    0 |    16 |      0 |      0 |    0 |          0 |
|           XW_block_106_U                                                   |           bd_0_hls_inst_0_gemm_stage_gemm_compute_XW_block_RAM_AUTO_1R1W_12 |         64 |          0 |      64 |    0 |    16 |      0 |      0 |    0 |          0 |
|           XW_block_107_U                                                   |           bd_0_hls_inst_0_gemm_stage_gemm_compute_XW_block_RAM_AUTO_1R1W_13 |         64 |          0 |      64 |    0 |    16 |      0 |      0 |    0 |          0 |
|           XW_block_108_U                                                   |           bd_0_hls_inst_0_gemm_stage_gemm_compute_XW_block_RAM_AUTO_1R1W_14 |         64 |          0 |      64 |    0 |    16 |      0 |      0 |    0 |          0 |
|           XW_block_109_U                                                   |           bd_0_hls_inst_0_gemm_stage_gemm_compute_XW_block_RAM_AUTO_1R1W_15 |         64 |          0 |      64 |    0 |    16 |      0 |      0 |    0 |          0 |
|           XW_block_10_U                                                    |           bd_0_hls_inst_0_gemm_stage_gemm_compute_XW_block_RAM_AUTO_1R1W_16 |         64 |          0 |      64 |    0 |    16 |      0 |      0 |    0 |          0 |
|           XW_block_110_U                                                   |           bd_0_hls_inst_0_gemm_stage_gemm_compute_XW_block_RAM_AUTO_1R1W_17 |         64 |          0 |      64 |    0 |    16 |      0 |      0 |    0 |          0 |
|           XW_block_111_U                                                   |           bd_0_hls_inst_0_gemm_stage_gemm_compute_XW_block_RAM_AUTO_1R1W_18 |         64 |          0 |      64 |    0 |    16 |      0 |      0 |    0 |          0 |
|           XW_block_112_U                                                   |           bd_0_hls_inst_0_gemm_stage_gemm_compute_XW_block_RAM_AUTO_1R1W_19 |         64 |          0 |      64 |    0 |    16 |      0 |      0 |    0 |          0 |
|           XW_block_113_U                                                   |           bd_0_hls_inst_0_gemm_stage_gemm_compute_XW_block_RAM_AUTO_1R1W_20 |         64 |          0 |      64 |    0 |    16 |      0 |      0 |    0 |          0 |
|           XW_block_114_U                                                   |           bd_0_hls_inst_0_gemm_stage_gemm_compute_XW_block_RAM_AUTO_1R1W_21 |         64 |          0 |      64 |    0 |    16 |      0 |      0 |    0 |          0 |
|           XW_block_115_U                                                   |           bd_0_hls_inst_0_gemm_stage_gemm_compute_XW_block_RAM_AUTO_1R1W_22 |         64 |          0 |      64 |    0 |    16 |      0 |      0 |    0 |          0 |
|           XW_block_116_U                                                   |           bd_0_hls_inst_0_gemm_stage_gemm_compute_XW_block_RAM_AUTO_1R1W_23 |         64 |          0 |      64 |    0 |    16 |      0 |      0 |    0 |          0 |
|           XW_block_117_U                                                   |           bd_0_hls_inst_0_gemm_stage_gemm_compute_XW_block_RAM_AUTO_1R1W_24 |         64 |          0 |      64 |    0 |    16 |      0 |      0 |    0 |          0 |
|           XW_block_118_U                                                   |           bd_0_hls_inst_0_gemm_stage_gemm_compute_XW_block_RAM_AUTO_1R1W_25 |         64 |          0 |      64 |    0 |    16 |      0 |      0 |    0 |          0 |
|           XW_block_119_U                                                   |           bd_0_hls_inst_0_gemm_stage_gemm_compute_XW_block_RAM_AUTO_1R1W_26 |         64 |          0 |      64 |    0 |    16 |      0 |      0 |    0 |          0 |
|           XW_block_11_U                                                    |           bd_0_hls_inst_0_gemm_stage_gemm_compute_XW_block_RAM_AUTO_1R1W_27 |         64 |          0 |      64 |    0 |    16 |      0 |      0 |    0 |          0 |
|           XW_block_120_U                                                   |           bd_0_hls_inst_0_gemm_stage_gemm_compute_XW_block_RAM_AUTO_1R1W_28 |         64 |          0 |      64 |    0 |    16 |      0 |      0 |    0 |          0 |
|           XW_block_121_U                                                   |           bd_0_hls_inst_0_gemm_stage_gemm_compute_XW_block_RAM_AUTO_1R1W_29 |         64 |          0 |      64 |    0 |    16 |      0 |      0 |    0 |          0 |
|           XW_block_122_U                                                   |           bd_0_hls_inst_0_gemm_stage_gemm_compute_XW_block_RAM_AUTO_1R1W_30 |         64 |          0 |      64 |    0 |    16 |      0 |      0 |    0 |          0 |
|           XW_block_123_U                                                   |           bd_0_hls_inst_0_gemm_stage_gemm_compute_XW_block_RAM_AUTO_1R1W_31 |         64 |          0 |      64 |    0 |    16 |      0 |      0 |    0 |          0 |
|           XW_block_124_U                                                   |           bd_0_hls_inst_0_gemm_stage_gemm_compute_XW_block_RAM_AUTO_1R1W_32 |         64 |          0 |      64 |    0 |    16 |      0 |      0 |    0 |          0 |
|           XW_block_125_U                                                   |           bd_0_hls_inst_0_gemm_stage_gemm_compute_XW_block_RAM_AUTO_1R1W_33 |         64 |          0 |      64 |    0 |    16 |      0 |      0 |    0 |          0 |
|           XW_block_126_U                                                   |           bd_0_hls_inst_0_gemm_stage_gemm_compute_XW_block_RAM_AUTO_1R1W_34 |         64 |          0 |      64 |    0 |    16 |      0 |      0 |    0 |          0 |
|           XW_block_127_U                                                   |           bd_0_hls_inst_0_gemm_stage_gemm_compute_XW_block_RAM_AUTO_1R1W_35 |         64 |          0 |      64 |    0 |    16 |      0 |      0 |    0 |          0 |
|           XW_block_128_U                                                   |           bd_0_hls_inst_0_gemm_stage_gemm_compute_XW_block_RAM_AUTO_1R1W_36 |         64 |          0 |      64 |    0 |    16 |      0 |      0 |    0 |          0 |
|           XW_block_129_U                                                   |           bd_0_hls_inst_0_gemm_stage_gemm_compute_XW_block_RAM_AUTO_1R1W_37 |         64 |          0 |      64 |    0 |    16 |      0 |      0 |    0 |          0 |
|           XW_block_12_U                                                    |           bd_0_hls_inst_0_gemm_stage_gemm_compute_XW_block_RAM_AUTO_1R1W_38 |         64 |          0 |      64 |    0 |    16 |      0 |      0 |    0 |          0 |
|           XW_block_130_U                                                   |           bd_0_hls_inst_0_gemm_stage_gemm_compute_XW_block_RAM_AUTO_1R1W_39 |         64 |          0 |      64 |    0 |    16 |      0 |      0 |    0 |          0 |
|           XW_block_131_U                                                   |           bd_0_hls_inst_0_gemm_stage_gemm_compute_XW_block_RAM_AUTO_1R1W_40 |         64 |          0 |      64 |    0 |    16 |      0 |      0 |    0 |          0 |
|           XW_block_132_U                                                   |           bd_0_hls_inst_0_gemm_stage_gemm_compute_XW_block_RAM_AUTO_1R1W_41 |         64 |          0 |      64 |    0 |    16 |      0 |      0 |    0 |          0 |
|           XW_block_133_U                                                   |           bd_0_hls_inst_0_gemm_stage_gemm_compute_XW_block_RAM_AUTO_1R1W_42 |         64 |          0 |      64 |    0 |    16 |      0 |      0 |    0 |          0 |
|           XW_block_134_U                                                   |           bd_0_hls_inst_0_gemm_stage_gemm_compute_XW_block_RAM_AUTO_1R1W_43 |         64 |          0 |      64 |    0 |    16 |      0 |      0 |    0 |          0 |
|           XW_block_135_U                                                   |           bd_0_hls_inst_0_gemm_stage_gemm_compute_XW_block_RAM_AUTO_1R1W_44 |         64 |          0 |      64 |    0 |    16 |      0 |      0 |    0 |          0 |
|           XW_block_136_U                                                   |           bd_0_hls_inst_0_gemm_stage_gemm_compute_XW_block_RAM_AUTO_1R1W_45 |         64 |          0 |      64 |    0 |    16 |      0 |      0 |    0 |          0 |
|           XW_block_137_U                                                   |           bd_0_hls_inst_0_gemm_stage_gemm_compute_XW_block_RAM_AUTO_1R1W_46 |         64 |          0 |      64 |    0 |    16 |      0 |      0 |    0 |          0 |
|           XW_block_138_U                                                   |           bd_0_hls_inst_0_gemm_stage_gemm_compute_XW_block_RAM_AUTO_1R1W_47 |         64 |          0 |      64 |    0 |    16 |      0 |      0 |    0 |          0 |
|           XW_block_139_U                                                   |           bd_0_hls_inst_0_gemm_stage_gemm_compute_XW_block_RAM_AUTO_1R1W_48 |         64 |          0 |      64 |    0 |    16 |      0 |      0 |    0 |          0 |
|           XW_block_13_U                                                    |           bd_0_hls_inst_0_gemm_stage_gemm_compute_XW_block_RAM_AUTO_1R1W_49 |         64 |          0 |      64 |    0 |    16 |      0 |      0 |    0 |          0 |
|           XW_block_140_U                                                   |           bd_0_hls_inst_0_gemm_stage_gemm_compute_XW_block_RAM_AUTO_1R1W_50 |         64 |          0 |      64 |    0 |    16 |      0 |      0 |    0 |          0 |
|           XW_block_141_U                                                   |           bd_0_hls_inst_0_gemm_stage_gemm_compute_XW_block_RAM_AUTO_1R1W_51 |         64 |          0 |      64 |    0 |    16 |      0 |      0 |    0 |          0 |
|           XW_block_142_U                                                   |           bd_0_hls_inst_0_gemm_stage_gemm_compute_XW_block_RAM_AUTO_1R1W_52 |         64 |          0 |      64 |    0 |    16 |      0 |      0 |    0 |          0 |
|           XW_block_143_U                                                   |           bd_0_hls_inst_0_gemm_stage_gemm_compute_XW_block_RAM_AUTO_1R1W_53 |         64 |          0 |      64 |    0 |    16 |      0 |      0 |    0 |          0 |
|           XW_block_144_U                                                   |           bd_0_hls_inst_0_gemm_stage_gemm_compute_XW_block_RAM_AUTO_1R1W_54 |         64 |          0 |      64 |    0 |    16 |      0 |      0 |    0 |          0 |
|           XW_block_145_U                                                   |           bd_0_hls_inst_0_gemm_stage_gemm_compute_XW_block_RAM_AUTO_1R1W_55 |         64 |          0 |      64 |    0 |    16 |      0 |      0 |    0 |          0 |
|           XW_block_146_U                                                   |           bd_0_hls_inst_0_gemm_stage_gemm_compute_XW_block_RAM_AUTO_1R1W_56 |         64 |          0 |      64 |    0 |    16 |      0 |      0 |    0 |          0 |
|           XW_block_147_U                                                   |           bd_0_hls_inst_0_gemm_stage_gemm_compute_XW_block_RAM_AUTO_1R1W_57 |         64 |          0 |      64 |    0 |    16 |      0 |      0 |    0 |          0 |
|           XW_block_148_U                                                   |           bd_0_hls_inst_0_gemm_stage_gemm_compute_XW_block_RAM_AUTO_1R1W_58 |         64 |          0 |      64 |    0 |    16 |      0 |      0 |    0 |          0 |
|           XW_block_149_U                                                   |           bd_0_hls_inst_0_gemm_stage_gemm_compute_XW_block_RAM_AUTO_1R1W_59 |         64 |          0 |      64 |    0 |    16 |      0 |      0 |    0 |          0 |
|           XW_block_14_U                                                    |           bd_0_hls_inst_0_gemm_stage_gemm_compute_XW_block_RAM_AUTO_1R1W_60 |         64 |          0 |      64 |    0 |    16 |      0 |      0 |    0 |          0 |
|           XW_block_150_U                                                   |           bd_0_hls_inst_0_gemm_stage_gemm_compute_XW_block_RAM_AUTO_1R1W_61 |         64 |          0 |      64 |    0 |    16 |      0 |      0 |    0 |          0 |
|           XW_block_151_U                                                   |           bd_0_hls_inst_0_gemm_stage_gemm_compute_XW_block_RAM_AUTO_1R1W_62 |         64 |          0 |      64 |    0 |    16 |      0 |      0 |    0 |          0 |
|           XW_block_152_U                                                   |           bd_0_hls_inst_0_gemm_stage_gemm_compute_XW_block_RAM_AUTO_1R1W_63 |         64 |          0 |      64 |    0 |    16 |      0 |      0 |    0 |          0 |
|           XW_block_153_U                                                   |           bd_0_hls_inst_0_gemm_stage_gemm_compute_XW_block_RAM_AUTO_1R1W_64 |         64 |          0 |      64 |    0 |    16 |      0 |      0 |    0 |          0 |
|           XW_block_154_U                                                   |           bd_0_hls_inst_0_gemm_stage_gemm_compute_XW_block_RAM_AUTO_1R1W_65 |         64 |          0 |      64 |    0 |    16 |      0 |      0 |    0 |          0 |
|           XW_block_155_U                                                   |           bd_0_hls_inst_0_gemm_stage_gemm_compute_XW_block_RAM_AUTO_1R1W_66 |         64 |          0 |      64 |    0 |    16 |      0 |      0 |    0 |          0 |
|           XW_block_156_U                                                   |           bd_0_hls_inst_0_gemm_stage_gemm_compute_XW_block_RAM_AUTO_1R1W_67 |         64 |          0 |      64 |    0 |    16 |      0 |      0 |    0 |          0 |
|           XW_block_157_U                                                   |           bd_0_hls_inst_0_gemm_stage_gemm_compute_XW_block_RAM_AUTO_1R1W_68 |         64 |          0 |      64 |    0 |    16 |      0 |      0 |    0 |          0 |
|           XW_block_158_U                                                   |           bd_0_hls_inst_0_gemm_stage_gemm_compute_XW_block_RAM_AUTO_1R1W_69 |         64 |          0 |      64 |    0 |    16 |      0 |      0 |    0 |          0 |
|           XW_block_159_U                                                   |           bd_0_hls_inst_0_gemm_stage_gemm_compute_XW_block_RAM_AUTO_1R1W_70 |         64 |          0 |      64 |    0 |    16 |      0 |      0 |    0 |          0 |
|           XW_block_15_U                                                    |           bd_0_hls_inst_0_gemm_stage_gemm_compute_XW_block_RAM_AUTO_1R1W_71 |         64 |          0 |      64 |    0 |    16 |      0 |      0 |    0 |          0 |
|           XW_block_160_U                                                   |           bd_0_hls_inst_0_gemm_stage_gemm_compute_XW_block_RAM_AUTO_1R1W_72 |         64 |          0 |      64 |    0 |    16 |      0 |      0 |    0 |          0 |
|           XW_block_161_U                                                   |           bd_0_hls_inst_0_gemm_stage_gemm_compute_XW_block_RAM_AUTO_1R1W_73 |         64 |          0 |      64 |    0 |    16 |      0 |      0 |    0 |          0 |
|           XW_block_162_U                                                   |           bd_0_hls_inst_0_gemm_stage_gemm_compute_XW_block_RAM_AUTO_1R1W_74 |         64 |          0 |      64 |    0 |    16 |      0 |      0 |    0 |          0 |
|           XW_block_163_U                                                   |           bd_0_hls_inst_0_gemm_stage_gemm_compute_XW_block_RAM_AUTO_1R1W_75 |         64 |          0 |      64 |    0 |    16 |      0 |      0 |    0 |          0 |
|           XW_block_164_U                                                   |           bd_0_hls_inst_0_gemm_stage_gemm_compute_XW_block_RAM_AUTO_1R1W_76 |         64 |          0 |      64 |    0 |    16 |      0 |      0 |    0 |          0 |
|           XW_block_165_U                                                   |           bd_0_hls_inst_0_gemm_stage_gemm_compute_XW_block_RAM_AUTO_1R1W_77 |         64 |          0 |      64 |    0 |    16 |      0 |      0 |    0 |          0 |
|           XW_block_166_U                                                   |           bd_0_hls_inst_0_gemm_stage_gemm_compute_XW_block_RAM_AUTO_1R1W_78 |         64 |          0 |      64 |    0 |    16 |      0 |      0 |    0 |          0 |
|           XW_block_167_U                                                   |           bd_0_hls_inst_0_gemm_stage_gemm_compute_XW_block_RAM_AUTO_1R1W_79 |         64 |          0 |      64 |    0 |    16 |      0 |      0 |    0 |          0 |
|           XW_block_168_U                                                   |           bd_0_hls_inst_0_gemm_stage_gemm_compute_XW_block_RAM_AUTO_1R1W_80 |         64 |          0 |      64 |    0 |    16 |      0 |      0 |    0 |          0 |
|           XW_block_169_U                                                   |           bd_0_hls_inst_0_gemm_stage_gemm_compute_XW_block_RAM_AUTO_1R1W_81 |         64 |          0 |      64 |    0 |    16 |      0 |      0 |    0 |          0 |
|           XW_block_16_U                                                    |           bd_0_hls_inst_0_gemm_stage_gemm_compute_XW_block_RAM_AUTO_1R1W_82 |         64 |          0 |      64 |    0 |    16 |      0 |      0 |    0 |          0 |
|           XW_block_170_U                                                   |           bd_0_hls_inst_0_gemm_stage_gemm_compute_XW_block_RAM_AUTO_1R1W_83 |         64 |          0 |      64 |    0 |    16 |      0 |      0 |    0 |          0 |
|           XW_block_171_U                                                   |           bd_0_hls_inst_0_gemm_stage_gemm_compute_XW_block_RAM_AUTO_1R1W_84 |         64 |          0 |      64 |    0 |    16 |      0 |      0 |    0 |          0 |
|           XW_block_172_U                                                   |           bd_0_hls_inst_0_gemm_stage_gemm_compute_XW_block_RAM_AUTO_1R1W_85 |         64 |          0 |      64 |    0 |    16 |      0 |      0 |    0 |          0 |
|           XW_block_173_U                                                   |           bd_0_hls_inst_0_gemm_stage_gemm_compute_XW_block_RAM_AUTO_1R1W_86 |         64 |          0 |      64 |    0 |    16 |      0 |      0 |    0 |          0 |
|           XW_block_174_U                                                   |           bd_0_hls_inst_0_gemm_stage_gemm_compute_XW_block_RAM_AUTO_1R1W_87 |         64 |          0 |      64 |    0 |    16 |      0 |      0 |    0 |          0 |
|           XW_block_175_U                                                   |           bd_0_hls_inst_0_gemm_stage_gemm_compute_XW_block_RAM_AUTO_1R1W_88 |         64 |          0 |      64 |    0 |    16 |      0 |      0 |    0 |          0 |
|           XW_block_176_U                                                   |           bd_0_hls_inst_0_gemm_stage_gemm_compute_XW_block_RAM_AUTO_1R1W_89 |         64 |          0 |      64 |    0 |    16 |      0 |      0 |    0 |          0 |
|           XW_block_177_U                                                   |           bd_0_hls_inst_0_gemm_stage_gemm_compute_XW_block_RAM_AUTO_1R1W_90 |         64 |          0 |      64 |    0 |    16 |      0 |      0 |    0 |          0 |
|           XW_block_178_U                                                   |           bd_0_hls_inst_0_gemm_stage_gemm_compute_XW_block_RAM_AUTO_1R1W_91 |         64 |          0 |      64 |    0 |    16 |      0 |      0 |    0 |          0 |
|           XW_block_179_U                                                   |           bd_0_hls_inst_0_gemm_stage_gemm_compute_XW_block_RAM_AUTO_1R1W_92 |         64 |          0 |      64 |    0 |    16 |      0 |      0 |    0 |          0 |
|           XW_block_17_U                                                    |           bd_0_hls_inst_0_gemm_stage_gemm_compute_XW_block_RAM_AUTO_1R1W_93 |         64 |          0 |      64 |    0 |    16 |      0 |      0 |    0 |          0 |
|           XW_block_180_U                                                   |           bd_0_hls_inst_0_gemm_stage_gemm_compute_XW_block_RAM_AUTO_1R1W_94 |         64 |          0 |      64 |    0 |    16 |      0 |      0 |    0 |          0 |
|           XW_block_181_U                                                   |           bd_0_hls_inst_0_gemm_stage_gemm_compute_XW_block_RAM_AUTO_1R1W_95 |         64 |          0 |      64 |    0 |    16 |      0 |      0 |    0 |          0 |
|           XW_block_182_U                                                   |           bd_0_hls_inst_0_gemm_stage_gemm_compute_XW_block_RAM_AUTO_1R1W_96 |         64 |          0 |      64 |    0 |    16 |      0 |      0 |    0 |          0 |
|           XW_block_183_U                                                   |           bd_0_hls_inst_0_gemm_stage_gemm_compute_XW_block_RAM_AUTO_1R1W_97 |         64 |          0 |      64 |    0 |    16 |      0 |      0 |    0 |          0 |
|           XW_block_184_U                                                   |           bd_0_hls_inst_0_gemm_stage_gemm_compute_XW_block_RAM_AUTO_1R1W_98 |         64 |          0 |      64 |    0 |    16 |      0 |      0 |    0 |          0 |
|           XW_block_185_U                                                   |           bd_0_hls_inst_0_gemm_stage_gemm_compute_XW_block_RAM_AUTO_1R1W_99 |         64 |          0 |      64 |    0 |    16 |      0 |      0 |    0 |          0 |
|           XW_block_186_U                                                   |          bd_0_hls_inst_0_gemm_stage_gemm_compute_XW_block_RAM_AUTO_1R1W_100 |         64 |          0 |      64 |    0 |    16 |      0 |      0 |    0 |          0 |
|           XW_block_187_U                                                   |          bd_0_hls_inst_0_gemm_stage_gemm_compute_XW_block_RAM_AUTO_1R1W_101 |         64 |          0 |      64 |    0 |    16 |      0 |      0 |    0 |          0 |
|           XW_block_188_U                                                   |          bd_0_hls_inst_0_gemm_stage_gemm_compute_XW_block_RAM_AUTO_1R1W_102 |         64 |          0 |      64 |    0 |    16 |      0 |      0 |    0 |          0 |
|           XW_block_189_U                                                   |          bd_0_hls_inst_0_gemm_stage_gemm_compute_XW_block_RAM_AUTO_1R1W_103 |         64 |          0 |      64 |    0 |    16 |      0 |      0 |    0 |          0 |
|           XW_block_18_U                                                    |          bd_0_hls_inst_0_gemm_stage_gemm_compute_XW_block_RAM_AUTO_1R1W_104 |         64 |          0 |      64 |    0 |    16 |      0 |      0 |    0 |          0 |
|           XW_block_190_U                                                   |          bd_0_hls_inst_0_gemm_stage_gemm_compute_XW_block_RAM_AUTO_1R1W_105 |         64 |          0 |      64 |    0 |    16 |      0 |      0 |    0 |          0 |
|           XW_block_191_U                                                   |          bd_0_hls_inst_0_gemm_stage_gemm_compute_XW_block_RAM_AUTO_1R1W_106 |         64 |          0 |      64 |    0 |    16 |      0 |      0 |    0 |          0 |
|           XW_block_192_U                                                   |          bd_0_hls_inst_0_gemm_stage_gemm_compute_XW_block_RAM_AUTO_1R1W_107 |         64 |          0 |      64 |    0 |    16 |      0 |      0 |    0 |          0 |
|           XW_block_193_U                                                   |          bd_0_hls_inst_0_gemm_stage_gemm_compute_XW_block_RAM_AUTO_1R1W_108 |         64 |          0 |      64 |    0 |    16 |      0 |      0 |    0 |          0 |
|           XW_block_194_U                                                   |          bd_0_hls_inst_0_gemm_stage_gemm_compute_XW_block_RAM_AUTO_1R1W_109 |         64 |          0 |      64 |    0 |    16 |      0 |      0 |    0 |          0 |
|           XW_block_195_U                                                   |          bd_0_hls_inst_0_gemm_stage_gemm_compute_XW_block_RAM_AUTO_1R1W_110 |         64 |          0 |      64 |    0 |    16 |      0 |      0 |    0 |          0 |
|           XW_block_196_U                                                   |          bd_0_hls_inst_0_gemm_stage_gemm_compute_XW_block_RAM_AUTO_1R1W_111 |         64 |          0 |      64 |    0 |    16 |      0 |      0 |    0 |          0 |
|           XW_block_197_U                                                   |          bd_0_hls_inst_0_gemm_stage_gemm_compute_XW_block_RAM_AUTO_1R1W_112 |         64 |          0 |      64 |    0 |    16 |      0 |      0 |    0 |          0 |
|           XW_block_198_U                                                   |          bd_0_hls_inst_0_gemm_stage_gemm_compute_XW_block_RAM_AUTO_1R1W_113 |         64 |          0 |      64 |    0 |    16 |      0 |      0 |    0 |          0 |
|           XW_block_199_U                                                   |          bd_0_hls_inst_0_gemm_stage_gemm_compute_XW_block_RAM_AUTO_1R1W_114 |         64 |          0 |      64 |    0 |    16 |      0 |      0 |    0 |          0 |
|           XW_block_19_U                                                    |          bd_0_hls_inst_0_gemm_stage_gemm_compute_XW_block_RAM_AUTO_1R1W_115 |         64 |          0 |      64 |    0 |    16 |      0 |      0 |    0 |          0 |
|           XW_block_1_U                                                     |          bd_0_hls_inst_0_gemm_stage_gemm_compute_XW_block_RAM_AUTO_1R1W_116 |         64 |          0 |      64 |    0 |    16 |      0 |      0 |    0 |          0 |
|           XW_block_200_U                                                   |          bd_0_hls_inst_0_gemm_stage_gemm_compute_XW_block_RAM_AUTO_1R1W_117 |         64 |          0 |      64 |    0 |    16 |      0 |      0 |    0 |          0 |
|           XW_block_201_U                                                   |          bd_0_hls_inst_0_gemm_stage_gemm_compute_XW_block_RAM_AUTO_1R1W_118 |         64 |          0 |      64 |    0 |    16 |      0 |      0 |    0 |          0 |
|           XW_block_202_U                                                   |          bd_0_hls_inst_0_gemm_stage_gemm_compute_XW_block_RAM_AUTO_1R1W_119 |         64 |          0 |      64 |    0 |    16 |      0 |      0 |    0 |          0 |
|           XW_block_203_U                                                   |          bd_0_hls_inst_0_gemm_stage_gemm_compute_XW_block_RAM_AUTO_1R1W_120 |         64 |          0 |      64 |    0 |    16 |      0 |      0 |    0 |          0 |
|           XW_block_204_U                                                   |          bd_0_hls_inst_0_gemm_stage_gemm_compute_XW_block_RAM_AUTO_1R1W_121 |         64 |          0 |      64 |    0 |    16 |      0 |      0 |    0 |          0 |
|           XW_block_205_U                                                   |          bd_0_hls_inst_0_gemm_stage_gemm_compute_XW_block_RAM_AUTO_1R1W_122 |         64 |          0 |      64 |    0 |    16 |      0 |      0 |    0 |          0 |
|           XW_block_206_U                                                   |          bd_0_hls_inst_0_gemm_stage_gemm_compute_XW_block_RAM_AUTO_1R1W_123 |         64 |          0 |      64 |    0 |    16 |      0 |      0 |    0 |          0 |
|           XW_block_207_U                                                   |          bd_0_hls_inst_0_gemm_stage_gemm_compute_XW_block_RAM_AUTO_1R1W_124 |         64 |          0 |      64 |    0 |    16 |      0 |      0 |    0 |          0 |
|           XW_block_208_U                                                   |          bd_0_hls_inst_0_gemm_stage_gemm_compute_XW_block_RAM_AUTO_1R1W_125 |         64 |          0 |      64 |    0 |    16 |      0 |      0 |    0 |          0 |
|           XW_block_209_U                                                   |          bd_0_hls_inst_0_gemm_stage_gemm_compute_XW_block_RAM_AUTO_1R1W_126 |         64 |          0 |      64 |    0 |    16 |      0 |      0 |    0 |          0 |
|           XW_block_20_U                                                    |          bd_0_hls_inst_0_gemm_stage_gemm_compute_XW_block_RAM_AUTO_1R1W_127 |         64 |          0 |      64 |    0 |    16 |      0 |      0 |    0 |          0 |
|           XW_block_210_U                                                   |          bd_0_hls_inst_0_gemm_stage_gemm_compute_XW_block_RAM_AUTO_1R1W_128 |         64 |          0 |      64 |    0 |    16 |      0 |      0 |    0 |          0 |
|           XW_block_211_U                                                   |          bd_0_hls_inst_0_gemm_stage_gemm_compute_XW_block_RAM_AUTO_1R1W_129 |         64 |          0 |      64 |    0 |    16 |      0 |      0 |    0 |          0 |
|           XW_block_212_U                                                   |          bd_0_hls_inst_0_gemm_stage_gemm_compute_XW_block_RAM_AUTO_1R1W_130 |         64 |          0 |      64 |    0 |    16 |      0 |      0 |    0 |          0 |
|           XW_block_213_U                                                   |          bd_0_hls_inst_0_gemm_stage_gemm_compute_XW_block_RAM_AUTO_1R1W_131 |         64 |          0 |      64 |    0 |    16 |      0 |      0 |    0 |          0 |
|           XW_block_214_U                                                   |          bd_0_hls_inst_0_gemm_stage_gemm_compute_XW_block_RAM_AUTO_1R1W_132 |         64 |          0 |      64 |    0 |    16 |      0 |      0 |    0 |          0 |
|           XW_block_215_U                                                   |          bd_0_hls_inst_0_gemm_stage_gemm_compute_XW_block_RAM_AUTO_1R1W_133 |         64 |          0 |      64 |    0 |    16 |      0 |      0 |    0 |          0 |
|           XW_block_216_U                                                   |          bd_0_hls_inst_0_gemm_stage_gemm_compute_XW_block_RAM_AUTO_1R1W_134 |         64 |          0 |      64 |    0 |    16 |      0 |      0 |    0 |          0 |
|           XW_block_217_U                                                   |          bd_0_hls_inst_0_gemm_stage_gemm_compute_XW_block_RAM_AUTO_1R1W_135 |         64 |          0 |      64 |    0 |    16 |      0 |      0 |    0 |          0 |
|           XW_block_218_U                                                   |          bd_0_hls_inst_0_gemm_stage_gemm_compute_XW_block_RAM_AUTO_1R1W_136 |         64 |          0 |      64 |    0 |    16 |      0 |      0 |    0 |          0 |
|           XW_block_219_U                                                   |          bd_0_hls_inst_0_gemm_stage_gemm_compute_XW_block_RAM_AUTO_1R1W_137 |         64 |          0 |      64 |    0 |    16 |      0 |      0 |    0 |          0 |
|           XW_block_21_U                                                    |          bd_0_hls_inst_0_gemm_stage_gemm_compute_XW_block_RAM_AUTO_1R1W_138 |         64 |          0 |      64 |    0 |    16 |      0 |      0 |    0 |          0 |
|           XW_block_220_U                                                   |          bd_0_hls_inst_0_gemm_stage_gemm_compute_XW_block_RAM_AUTO_1R1W_139 |         64 |          0 |      64 |    0 |    16 |      0 |      0 |    0 |          0 |
|           XW_block_221_U                                                   |          bd_0_hls_inst_0_gemm_stage_gemm_compute_XW_block_RAM_AUTO_1R1W_140 |         64 |          0 |      64 |    0 |    16 |      0 |      0 |    0 |          0 |
|           XW_block_222_U                                                   |          bd_0_hls_inst_0_gemm_stage_gemm_compute_XW_block_RAM_AUTO_1R1W_141 |         64 |          0 |      64 |    0 |    16 |      0 |      0 |    0 |          0 |
|           XW_block_223_U                                                   |          bd_0_hls_inst_0_gemm_stage_gemm_compute_XW_block_RAM_AUTO_1R1W_142 |         64 |          0 |      64 |    0 |    16 |      0 |      0 |    0 |          0 |
|           XW_block_224_U                                                   |          bd_0_hls_inst_0_gemm_stage_gemm_compute_XW_block_RAM_AUTO_1R1W_143 |         64 |          0 |      64 |    0 |    16 |      0 |      0 |    0 |          0 |
|           XW_block_225_U                                                   |          bd_0_hls_inst_0_gemm_stage_gemm_compute_XW_block_RAM_AUTO_1R1W_144 |         64 |          0 |      64 |    0 |    16 |      0 |      0 |    0 |          0 |
|           XW_block_226_U                                                   |          bd_0_hls_inst_0_gemm_stage_gemm_compute_XW_block_RAM_AUTO_1R1W_145 |         64 |          0 |      64 |    0 |    16 |      0 |      0 |    0 |          0 |
|           XW_block_227_U                                                   |          bd_0_hls_inst_0_gemm_stage_gemm_compute_XW_block_RAM_AUTO_1R1W_146 |         64 |          0 |      64 |    0 |    16 |      0 |      0 |    0 |          0 |
|           XW_block_228_U                                                   |          bd_0_hls_inst_0_gemm_stage_gemm_compute_XW_block_RAM_AUTO_1R1W_147 |         64 |          0 |      64 |    0 |    16 |      0 |      0 |    0 |          0 |
|           XW_block_229_U                                                   |          bd_0_hls_inst_0_gemm_stage_gemm_compute_XW_block_RAM_AUTO_1R1W_148 |         64 |          0 |      64 |    0 |    16 |      0 |      0 |    0 |          0 |
|           XW_block_22_U                                                    |          bd_0_hls_inst_0_gemm_stage_gemm_compute_XW_block_RAM_AUTO_1R1W_149 |         64 |          0 |      64 |    0 |    16 |      0 |      0 |    0 |          0 |
|           XW_block_230_U                                                   |          bd_0_hls_inst_0_gemm_stage_gemm_compute_XW_block_RAM_AUTO_1R1W_150 |         64 |          0 |      64 |    0 |    16 |      0 |      0 |    0 |          0 |
|           XW_block_231_U                                                   |          bd_0_hls_inst_0_gemm_stage_gemm_compute_XW_block_RAM_AUTO_1R1W_151 |         64 |          0 |      64 |    0 |    16 |      0 |      0 |    0 |          0 |
|           XW_block_232_U                                                   |          bd_0_hls_inst_0_gemm_stage_gemm_compute_XW_block_RAM_AUTO_1R1W_152 |         64 |          0 |      64 |    0 |    16 |      0 |      0 |    0 |          0 |
|           XW_block_233_U                                                   |          bd_0_hls_inst_0_gemm_stage_gemm_compute_XW_block_RAM_AUTO_1R1W_153 |         64 |          0 |      64 |    0 |    16 |      0 |      0 |    0 |          0 |
|           XW_block_234_U                                                   |          bd_0_hls_inst_0_gemm_stage_gemm_compute_XW_block_RAM_AUTO_1R1W_154 |         64 |          0 |      64 |    0 |    16 |      0 |      0 |    0 |          0 |
|           XW_block_235_U                                                   |          bd_0_hls_inst_0_gemm_stage_gemm_compute_XW_block_RAM_AUTO_1R1W_155 |         64 |          0 |      64 |    0 |    16 |      0 |      0 |    0 |          0 |
|           XW_block_236_U                                                   |          bd_0_hls_inst_0_gemm_stage_gemm_compute_XW_block_RAM_AUTO_1R1W_156 |         64 |          0 |      64 |    0 |    16 |      0 |      0 |    0 |          0 |
|           XW_block_237_U                                                   |          bd_0_hls_inst_0_gemm_stage_gemm_compute_XW_block_RAM_AUTO_1R1W_157 |         64 |          0 |      64 |    0 |    16 |      0 |      0 |    0 |          0 |
|           XW_block_238_U                                                   |          bd_0_hls_inst_0_gemm_stage_gemm_compute_XW_block_RAM_AUTO_1R1W_158 |         64 |          0 |      64 |    0 |    16 |      0 |      0 |    0 |          0 |
|           XW_block_239_U                                                   |          bd_0_hls_inst_0_gemm_stage_gemm_compute_XW_block_RAM_AUTO_1R1W_159 |         64 |          0 |      64 |    0 |    16 |      0 |      0 |    0 |          0 |
|           XW_block_23_U                                                    |          bd_0_hls_inst_0_gemm_stage_gemm_compute_XW_block_RAM_AUTO_1R1W_160 |         64 |          0 |      64 |    0 |    16 |      0 |      0 |    0 |          0 |
|           XW_block_240_U                                                   |          bd_0_hls_inst_0_gemm_stage_gemm_compute_XW_block_RAM_AUTO_1R1W_161 |         64 |          0 |      64 |    0 |    16 |      0 |      0 |    0 |          0 |
|           XW_block_241_U                                                   |          bd_0_hls_inst_0_gemm_stage_gemm_compute_XW_block_RAM_AUTO_1R1W_162 |         64 |          0 |      64 |    0 |    16 |      0 |      0 |    0 |          0 |
|           XW_block_242_U                                                   |          bd_0_hls_inst_0_gemm_stage_gemm_compute_XW_block_RAM_AUTO_1R1W_163 |         64 |          0 |      64 |    0 |    16 |      0 |      0 |    0 |          0 |
|           XW_block_243_U                                                   |          bd_0_hls_inst_0_gemm_stage_gemm_compute_XW_block_RAM_AUTO_1R1W_164 |         64 |          0 |      64 |    0 |    16 |      0 |      0 |    0 |          0 |
|           XW_block_244_U                                                   |          bd_0_hls_inst_0_gemm_stage_gemm_compute_XW_block_RAM_AUTO_1R1W_165 |         64 |          0 |      64 |    0 |    16 |      0 |      0 |    0 |          0 |
|           XW_block_245_U                                                   |          bd_0_hls_inst_0_gemm_stage_gemm_compute_XW_block_RAM_AUTO_1R1W_166 |         64 |          0 |      64 |    0 |    16 |      0 |      0 |    0 |          0 |
|           XW_block_246_U                                                   |          bd_0_hls_inst_0_gemm_stage_gemm_compute_XW_block_RAM_AUTO_1R1W_167 |         64 |          0 |      64 |    0 |    16 |      0 |      0 |    0 |          0 |
|           XW_block_247_U                                                   |          bd_0_hls_inst_0_gemm_stage_gemm_compute_XW_block_RAM_AUTO_1R1W_168 |         64 |          0 |      64 |    0 |    16 |      0 |      0 |    0 |          0 |
|           XW_block_248_U                                                   |          bd_0_hls_inst_0_gemm_stage_gemm_compute_XW_block_RAM_AUTO_1R1W_169 |         64 |          0 |      64 |    0 |    16 |      0 |      0 |    0 |          0 |
|           XW_block_249_U                                                   |          bd_0_hls_inst_0_gemm_stage_gemm_compute_XW_block_RAM_AUTO_1R1W_170 |         64 |          0 |      64 |    0 |    16 |      0 |      0 |    0 |          0 |
|           XW_block_24_U                                                    |          bd_0_hls_inst_0_gemm_stage_gemm_compute_XW_block_RAM_AUTO_1R1W_171 |         64 |          0 |      64 |    0 |    16 |      0 |      0 |    0 |          0 |
|           XW_block_250_U                                                   |          bd_0_hls_inst_0_gemm_stage_gemm_compute_XW_block_RAM_AUTO_1R1W_172 |         64 |          0 |      64 |    0 |    16 |      0 |      0 |    0 |          0 |
|           XW_block_251_U                                                   |          bd_0_hls_inst_0_gemm_stage_gemm_compute_XW_block_RAM_AUTO_1R1W_173 |         64 |          0 |      64 |    0 |    16 |      0 |      0 |    0 |          0 |
|           XW_block_252_U                                                   |          bd_0_hls_inst_0_gemm_stage_gemm_compute_XW_block_RAM_AUTO_1R1W_174 |         64 |          0 |      64 |    0 |    16 |      0 |      0 |    0 |          0 |
|           XW_block_253_U                                                   |          bd_0_hls_inst_0_gemm_stage_gemm_compute_XW_block_RAM_AUTO_1R1W_175 |         64 |          0 |      64 |    0 |    16 |      0 |      0 |    0 |          0 |
|           XW_block_254_U                                                   |          bd_0_hls_inst_0_gemm_stage_gemm_compute_XW_block_RAM_AUTO_1R1W_176 |         64 |          0 |      64 |    0 |    16 |      0 |      0 |    0 |          0 |
|           XW_block_255_U                                                   |          bd_0_hls_inst_0_gemm_stage_gemm_compute_XW_block_RAM_AUTO_1R1W_177 |         64 |          0 |      64 |    0 |    16 |      0 |      0 |    0 |          0 |
|           XW_block_25_U                                                    |          bd_0_hls_inst_0_gemm_stage_gemm_compute_XW_block_RAM_AUTO_1R1W_178 |         64 |          0 |      64 |    0 |    16 |      0 |      0 |    0 |          0 |
|           XW_block_26_U                                                    |          bd_0_hls_inst_0_gemm_stage_gemm_compute_XW_block_RAM_AUTO_1R1W_179 |         64 |          0 |      64 |    0 |    16 |      0 |      0 |    0 |          0 |
|           XW_block_27_U                                                    |          bd_0_hls_inst_0_gemm_stage_gemm_compute_XW_block_RAM_AUTO_1R1W_180 |         64 |          0 |      64 |    0 |    16 |      0 |      0 |    0 |          0 |
|           XW_block_28_U                                                    |          bd_0_hls_inst_0_gemm_stage_gemm_compute_XW_block_RAM_AUTO_1R1W_181 |         64 |          0 |      64 |    0 |    16 |      0 |      0 |    0 |          0 |
|           XW_block_29_U                                                    |          bd_0_hls_inst_0_gemm_stage_gemm_compute_XW_block_RAM_AUTO_1R1W_182 |         64 |          0 |      64 |    0 |    16 |      0 |      0 |    0 |          0 |
|           XW_block_2_U                                                     |          bd_0_hls_inst_0_gemm_stage_gemm_compute_XW_block_RAM_AUTO_1R1W_183 |         64 |          0 |      64 |    0 |    16 |      0 |      0 |    0 |          0 |
|           XW_block_30_U                                                    |          bd_0_hls_inst_0_gemm_stage_gemm_compute_XW_block_RAM_AUTO_1R1W_184 |         64 |          0 |      64 |    0 |    16 |      0 |      0 |    0 |          0 |
|           XW_block_31_U                                                    |          bd_0_hls_inst_0_gemm_stage_gemm_compute_XW_block_RAM_AUTO_1R1W_185 |         64 |          0 |      64 |    0 |    16 |      0 |      0 |    0 |          0 |
|           XW_block_32_U                                                    |          bd_0_hls_inst_0_gemm_stage_gemm_compute_XW_block_RAM_AUTO_1R1W_186 |         64 |          0 |      64 |    0 |    16 |      0 |      0 |    0 |          0 |
|           XW_block_33_U                                                    |          bd_0_hls_inst_0_gemm_stage_gemm_compute_XW_block_RAM_AUTO_1R1W_187 |         64 |          0 |      64 |    0 |    16 |      0 |      0 |    0 |          0 |
|           XW_block_34_U                                                    |          bd_0_hls_inst_0_gemm_stage_gemm_compute_XW_block_RAM_AUTO_1R1W_188 |         64 |          0 |      64 |    0 |    16 |      0 |      0 |    0 |          0 |
|           XW_block_35_U                                                    |          bd_0_hls_inst_0_gemm_stage_gemm_compute_XW_block_RAM_AUTO_1R1W_189 |         64 |          0 |      64 |    0 |    16 |      0 |      0 |    0 |          0 |
|           XW_block_36_U                                                    |          bd_0_hls_inst_0_gemm_stage_gemm_compute_XW_block_RAM_AUTO_1R1W_190 |         64 |          0 |      64 |    0 |    16 |      0 |      0 |    0 |          0 |
|           XW_block_37_U                                                    |          bd_0_hls_inst_0_gemm_stage_gemm_compute_XW_block_RAM_AUTO_1R1W_191 |         64 |          0 |      64 |    0 |    16 |      0 |      0 |    0 |          0 |
|           XW_block_38_U                                                    |          bd_0_hls_inst_0_gemm_stage_gemm_compute_XW_block_RAM_AUTO_1R1W_192 |         64 |          0 |      64 |    0 |    16 |      0 |      0 |    0 |          0 |
|           XW_block_39_U                                                    |          bd_0_hls_inst_0_gemm_stage_gemm_compute_XW_block_RAM_AUTO_1R1W_193 |         64 |          0 |      64 |    0 |    16 |      0 |      0 |    0 |          0 |
|           XW_block_3_U                                                     |          bd_0_hls_inst_0_gemm_stage_gemm_compute_XW_block_RAM_AUTO_1R1W_194 |         64 |          0 |      64 |    0 |    16 |      0 |      0 |    0 |          0 |
|           XW_block_40_U                                                    |          bd_0_hls_inst_0_gemm_stage_gemm_compute_XW_block_RAM_AUTO_1R1W_195 |         64 |          0 |      64 |    0 |    16 |      0 |      0 |    0 |          0 |
|           XW_block_41_U                                                    |          bd_0_hls_inst_0_gemm_stage_gemm_compute_XW_block_RAM_AUTO_1R1W_196 |         64 |          0 |      64 |    0 |    16 |      0 |      0 |    0 |          0 |
|           XW_block_42_U                                                    |          bd_0_hls_inst_0_gemm_stage_gemm_compute_XW_block_RAM_AUTO_1R1W_197 |         64 |          0 |      64 |    0 |    16 |      0 |      0 |    0 |          0 |
|           XW_block_43_U                                                    |          bd_0_hls_inst_0_gemm_stage_gemm_compute_XW_block_RAM_AUTO_1R1W_198 |         64 |          0 |      64 |    0 |    16 |      0 |      0 |    0 |          0 |
|           XW_block_44_U                                                    |          bd_0_hls_inst_0_gemm_stage_gemm_compute_XW_block_RAM_AUTO_1R1W_199 |         64 |          0 |      64 |    0 |    16 |      0 |      0 |    0 |          0 |
|           XW_block_45_U                                                    |          bd_0_hls_inst_0_gemm_stage_gemm_compute_XW_block_RAM_AUTO_1R1W_200 |         64 |          0 |      64 |    0 |    16 |      0 |      0 |    0 |          0 |
|           XW_block_46_U                                                    |          bd_0_hls_inst_0_gemm_stage_gemm_compute_XW_block_RAM_AUTO_1R1W_201 |         64 |          0 |      64 |    0 |    16 |      0 |      0 |    0 |          0 |
|           XW_block_47_U                                                    |          bd_0_hls_inst_0_gemm_stage_gemm_compute_XW_block_RAM_AUTO_1R1W_202 |         64 |          0 |      64 |    0 |    16 |      0 |      0 |    0 |          0 |
|           XW_block_48_U                                                    |          bd_0_hls_inst_0_gemm_stage_gemm_compute_XW_block_RAM_AUTO_1R1W_203 |         64 |          0 |      64 |    0 |    16 |      0 |      0 |    0 |          0 |
|           XW_block_49_U                                                    |          bd_0_hls_inst_0_gemm_stage_gemm_compute_XW_block_RAM_AUTO_1R1W_204 |         64 |          0 |      64 |    0 |    16 |      0 |      0 |    0 |          0 |
|           XW_block_4_U                                                     |          bd_0_hls_inst_0_gemm_stage_gemm_compute_XW_block_RAM_AUTO_1R1W_205 |         64 |          0 |      64 |    0 |    16 |      0 |      0 |    0 |          0 |
|           XW_block_50_U                                                    |          bd_0_hls_inst_0_gemm_stage_gemm_compute_XW_block_RAM_AUTO_1R1W_206 |         64 |          0 |      64 |    0 |    16 |      0 |      0 |    0 |          0 |
|           XW_block_51_U                                                    |          bd_0_hls_inst_0_gemm_stage_gemm_compute_XW_block_RAM_AUTO_1R1W_207 |         64 |          0 |      64 |    0 |    16 |      0 |      0 |    0 |          0 |
|           XW_block_52_U                                                    |          bd_0_hls_inst_0_gemm_stage_gemm_compute_XW_block_RAM_AUTO_1R1W_208 |         64 |          0 |      64 |    0 |    16 |      0 |      0 |    0 |          0 |
|           XW_block_53_U                                                    |          bd_0_hls_inst_0_gemm_stage_gemm_compute_XW_block_RAM_AUTO_1R1W_209 |         64 |          0 |      64 |    0 |    16 |      0 |      0 |    0 |          0 |
|           XW_block_54_U                                                    |          bd_0_hls_inst_0_gemm_stage_gemm_compute_XW_block_RAM_AUTO_1R1W_210 |         64 |          0 |      64 |    0 |    16 |      0 |      0 |    0 |          0 |
|           XW_block_55_U                                                    |          bd_0_hls_inst_0_gemm_stage_gemm_compute_XW_block_RAM_AUTO_1R1W_211 |         64 |          0 |      64 |    0 |    16 |      0 |      0 |    0 |          0 |
|           XW_block_56_U                                                    |          bd_0_hls_inst_0_gemm_stage_gemm_compute_XW_block_RAM_AUTO_1R1W_212 |         64 |          0 |      64 |    0 |    16 |      0 |      0 |    0 |          0 |
|           XW_block_57_U                                                    |          bd_0_hls_inst_0_gemm_stage_gemm_compute_XW_block_RAM_AUTO_1R1W_213 |         64 |          0 |      64 |    0 |    16 |      0 |      0 |    0 |          0 |
|           XW_block_58_U                                                    |          bd_0_hls_inst_0_gemm_stage_gemm_compute_XW_block_RAM_AUTO_1R1W_214 |         64 |          0 |      64 |    0 |    16 |      0 |      0 |    0 |          0 |
|           XW_block_59_U                                                    |          bd_0_hls_inst_0_gemm_stage_gemm_compute_XW_block_RAM_AUTO_1R1W_215 |         64 |          0 |      64 |    0 |    16 |      0 |      0 |    0 |          0 |
|           XW_block_5_U                                                     |          bd_0_hls_inst_0_gemm_stage_gemm_compute_XW_block_RAM_AUTO_1R1W_216 |         64 |          0 |      64 |    0 |    16 |      0 |      0 |    0 |          0 |
|           XW_block_60_U                                                    |          bd_0_hls_inst_0_gemm_stage_gemm_compute_XW_block_RAM_AUTO_1R1W_217 |         64 |          0 |      64 |    0 |    16 |      0 |      0 |    0 |          0 |
|           XW_block_61_U                                                    |          bd_0_hls_inst_0_gemm_stage_gemm_compute_XW_block_RAM_AUTO_1R1W_218 |         64 |          0 |      64 |    0 |    16 |      0 |      0 |    0 |          0 |
|           XW_block_62_U                                                    |          bd_0_hls_inst_0_gemm_stage_gemm_compute_XW_block_RAM_AUTO_1R1W_219 |         64 |          0 |      64 |    0 |    16 |      0 |      0 |    0 |          0 |
|           XW_block_63_U                                                    |          bd_0_hls_inst_0_gemm_stage_gemm_compute_XW_block_RAM_AUTO_1R1W_220 |         64 |          0 |      64 |    0 |    16 |      0 |      0 |    0 |          0 |
|           XW_block_64_U                                                    |          bd_0_hls_inst_0_gemm_stage_gemm_compute_XW_block_RAM_AUTO_1R1W_221 |         64 |          0 |      64 |    0 |    16 |      0 |      0 |    0 |          0 |
|           XW_block_65_U                                                    |          bd_0_hls_inst_0_gemm_stage_gemm_compute_XW_block_RAM_AUTO_1R1W_222 |         64 |          0 |      64 |    0 |    16 |      0 |      0 |    0 |          0 |
|           XW_block_66_U                                                    |          bd_0_hls_inst_0_gemm_stage_gemm_compute_XW_block_RAM_AUTO_1R1W_223 |         64 |          0 |      64 |    0 |    16 |      0 |      0 |    0 |          0 |
|           XW_block_67_U                                                    |          bd_0_hls_inst_0_gemm_stage_gemm_compute_XW_block_RAM_AUTO_1R1W_224 |         64 |          0 |      64 |    0 |    16 |      0 |      0 |    0 |          0 |
|           XW_block_68_U                                                    |          bd_0_hls_inst_0_gemm_stage_gemm_compute_XW_block_RAM_AUTO_1R1W_225 |         64 |          0 |      64 |    0 |    16 |      0 |      0 |    0 |          0 |
|           XW_block_69_U                                                    |          bd_0_hls_inst_0_gemm_stage_gemm_compute_XW_block_RAM_AUTO_1R1W_226 |         64 |          0 |      64 |    0 |    16 |      0 |      0 |    0 |          0 |
|           XW_block_6_U                                                     |          bd_0_hls_inst_0_gemm_stage_gemm_compute_XW_block_RAM_AUTO_1R1W_227 |         64 |          0 |      64 |    0 |    16 |      0 |      0 |    0 |          0 |
|           XW_block_70_U                                                    |          bd_0_hls_inst_0_gemm_stage_gemm_compute_XW_block_RAM_AUTO_1R1W_228 |         64 |          0 |      64 |    0 |    16 |      0 |      0 |    0 |          0 |
|           XW_block_71_U                                                    |          bd_0_hls_inst_0_gemm_stage_gemm_compute_XW_block_RAM_AUTO_1R1W_229 |         64 |          0 |      64 |    0 |    16 |      0 |      0 |    0 |          0 |
|           XW_block_72_U                                                    |          bd_0_hls_inst_0_gemm_stage_gemm_compute_XW_block_RAM_AUTO_1R1W_230 |         64 |          0 |      64 |    0 |    16 |      0 |      0 |    0 |          0 |
|           XW_block_73_U                                                    |          bd_0_hls_inst_0_gemm_stage_gemm_compute_XW_block_RAM_AUTO_1R1W_231 |         64 |          0 |      64 |    0 |    16 |      0 |      0 |    0 |          0 |
|           XW_block_74_U                                                    |          bd_0_hls_inst_0_gemm_stage_gemm_compute_XW_block_RAM_AUTO_1R1W_232 |         64 |          0 |      64 |    0 |    16 |      0 |      0 |    0 |          0 |
|           XW_block_75_U                                                    |          bd_0_hls_inst_0_gemm_stage_gemm_compute_XW_block_RAM_AUTO_1R1W_233 |         64 |          0 |      64 |    0 |    16 |      0 |      0 |    0 |          0 |
|           XW_block_76_U                                                    |          bd_0_hls_inst_0_gemm_stage_gemm_compute_XW_block_RAM_AUTO_1R1W_234 |         64 |          0 |      64 |    0 |    16 |      0 |      0 |    0 |          0 |
|           XW_block_77_U                                                    |          bd_0_hls_inst_0_gemm_stage_gemm_compute_XW_block_RAM_AUTO_1R1W_235 |         64 |          0 |      64 |    0 |    16 |      0 |      0 |    0 |          0 |
|           XW_block_78_U                                                    |          bd_0_hls_inst_0_gemm_stage_gemm_compute_XW_block_RAM_AUTO_1R1W_236 |         64 |          0 |      64 |    0 |    16 |      0 |      0 |    0 |          0 |
|           XW_block_79_U                                                    |          bd_0_hls_inst_0_gemm_stage_gemm_compute_XW_block_RAM_AUTO_1R1W_237 |         64 |          0 |      64 |    0 |    16 |      0 |      0 |    0 |          0 |
|           XW_block_7_U                                                     |          bd_0_hls_inst_0_gemm_stage_gemm_compute_XW_block_RAM_AUTO_1R1W_238 |         64 |          0 |      64 |    0 |    16 |      0 |      0 |    0 |          0 |
|           XW_block_80_U                                                    |          bd_0_hls_inst_0_gemm_stage_gemm_compute_XW_block_RAM_AUTO_1R1W_239 |         64 |          0 |      64 |    0 |    16 |      0 |      0 |    0 |          0 |
|           XW_block_81_U                                                    |          bd_0_hls_inst_0_gemm_stage_gemm_compute_XW_block_RAM_AUTO_1R1W_240 |         64 |          0 |      64 |    0 |    16 |      0 |      0 |    0 |          0 |
|           XW_block_82_U                                                    |          bd_0_hls_inst_0_gemm_stage_gemm_compute_XW_block_RAM_AUTO_1R1W_241 |         64 |          0 |      64 |    0 |    16 |      0 |      0 |    0 |          0 |
|           XW_block_83_U                                                    |          bd_0_hls_inst_0_gemm_stage_gemm_compute_XW_block_RAM_AUTO_1R1W_242 |         64 |          0 |      64 |    0 |    16 |      0 |      0 |    0 |          0 |
|           XW_block_84_U                                                    |          bd_0_hls_inst_0_gemm_stage_gemm_compute_XW_block_RAM_AUTO_1R1W_243 |         64 |          0 |      64 |    0 |    16 |      0 |      0 |    0 |          0 |
|           XW_block_85_U                                                    |          bd_0_hls_inst_0_gemm_stage_gemm_compute_XW_block_RAM_AUTO_1R1W_244 |         64 |          0 |      64 |    0 |    16 |      0 |      0 |    0 |          0 |
|           XW_block_86_U                                                    |          bd_0_hls_inst_0_gemm_stage_gemm_compute_XW_block_RAM_AUTO_1R1W_245 |         64 |          0 |      64 |    0 |    16 |      0 |      0 |    0 |          0 |
|           XW_block_87_U                                                    |          bd_0_hls_inst_0_gemm_stage_gemm_compute_XW_block_RAM_AUTO_1R1W_246 |         64 |          0 |      64 |    0 |    16 |      0 |      0 |    0 |          0 |
|           XW_block_88_U                                                    |          bd_0_hls_inst_0_gemm_stage_gemm_compute_XW_block_RAM_AUTO_1R1W_247 |         64 |          0 |      64 |    0 |    16 |      0 |      0 |    0 |          0 |
|           XW_block_89_U                                                    |          bd_0_hls_inst_0_gemm_stage_gemm_compute_XW_block_RAM_AUTO_1R1W_248 |         64 |          0 |      64 |    0 |    16 |      0 |      0 |    0 |          0 |
|           XW_block_8_U                                                     |          bd_0_hls_inst_0_gemm_stage_gemm_compute_XW_block_RAM_AUTO_1R1W_249 |         64 |          0 |      64 |    0 |    16 |      0 |      0 |    0 |          0 |
|           XW_block_90_U                                                    |          bd_0_hls_inst_0_gemm_stage_gemm_compute_XW_block_RAM_AUTO_1R1W_250 |         64 |          0 |      64 |    0 |    16 |      0 |      0 |    0 |          0 |
|           XW_block_91_U                                                    |          bd_0_hls_inst_0_gemm_stage_gemm_compute_XW_block_RAM_AUTO_1R1W_251 |         64 |          0 |      64 |    0 |    16 |      0 |      0 |    0 |          0 |
|           XW_block_92_U                                                    |          bd_0_hls_inst_0_gemm_stage_gemm_compute_XW_block_RAM_AUTO_1R1W_252 |         64 |          0 |      64 |    0 |    16 |      0 |      0 |    0 |          0 |
|           XW_block_93_U                                                    |          bd_0_hls_inst_0_gemm_stage_gemm_compute_XW_block_RAM_AUTO_1R1W_253 |         64 |          0 |      64 |    0 |    16 |      0 |      0 |    0 |          0 |
|           XW_block_94_U                                                    |          bd_0_hls_inst_0_gemm_stage_gemm_compute_XW_block_RAM_AUTO_1R1W_254 |         64 |          0 |      64 |    0 |    16 |      0 |      0 |    0 |          0 |
|           XW_block_95_U                                                    |          bd_0_hls_inst_0_gemm_stage_gemm_compute_XW_block_RAM_AUTO_1R1W_255 |         64 |          0 |      64 |    0 |    16 |      0 |      0 |    0 |          0 |
|           XW_block_96_U                                                    |          bd_0_hls_inst_0_gemm_stage_gemm_compute_XW_block_RAM_AUTO_1R1W_256 |         64 |          0 |      64 |    0 |    16 |      0 |      0 |    0 |          0 |
|           XW_block_97_U                                                    |          bd_0_hls_inst_0_gemm_stage_gemm_compute_XW_block_RAM_AUTO_1R1W_257 |         64 |          0 |      64 |    0 |    16 |      0 |      0 |    0 |          0 |
|           XW_block_98_U                                                    |          bd_0_hls_inst_0_gemm_stage_gemm_compute_XW_block_RAM_AUTO_1R1W_258 |         64 |          0 |      64 |    0 |    16 |      0 |      0 |    0 |          0 |
|           XW_block_99_U                                                    |          bd_0_hls_inst_0_gemm_stage_gemm_compute_XW_block_RAM_AUTO_1R1W_259 |         64 |          0 |      64 |    0 |    16 |      0 |      0 |    0 |          0 |
|           XW_block_9_U                                                     |          bd_0_hls_inst_0_gemm_stage_gemm_compute_XW_block_RAM_AUTO_1R1W_260 |         64 |          0 |      64 |    0 |    16 |      0 |      0 |    0 |          0 |
|           XW_block_U                                                       |          bd_0_hls_inst_0_gemm_stage_gemm_compute_XW_block_RAM_AUTO_1R1W_261 |         64 |          0 |      64 |    0 |    16 |      0 |      0 |    0 |          0 |
|           grp_gemm_compute_Pipeline_COMP_EMIT_VITIS_LOOP_119_4_fu_2398     | bd_0_hls_inst_0_gemm_stage_gemm_compute_Pipeline_COMP_EMIT_VITIS_LOOP_119_4 |       1975 |       1975 |       0 |    0 |  4146 |      0 |      0 |    0 |          0 |
|             (grp_gemm_compute_Pipeline_COMP_EMIT_VITIS_LOOP_119_4_fu_2398) | bd_0_hls_inst_0_gemm_stage_gemm_compute_Pipeline_COMP_EMIT_VITIS_LOOP_119_4 |       1815 |       1815 |       0 |    0 |  4144 |      0 |      0 |    0 |          0 |
|             flow_control_loop_pipe_sequential_init_U                       |       bd_0_hls_inst_0_gemm_stage_flow_control_loop_pipe_sequential_init_774 |        160 |        160 |       0 |    0 |     2 |      0 |      0 |    0 |          0 |
|           grp_gemm_compute_Pipeline_COMP_INIT_fu_2138                      |                  bd_0_hls_inst_0_gemm_stage_gemm_compute_Pipeline_COMP_INIT |        396 |        396 |       0 |    0 |     9 |      0 |      0 |    0 |          0 |
|             flow_control_loop_pipe_sequential_init_U                       |       bd_0_hls_inst_0_gemm_stage_flow_control_loop_pipe_sequential_init_773 |        394 |        394 |       0 |    0 |     2 |      0 |      0 |    0 |          0 |
|           grp_gemm_compute_Pipeline_COMP_I_fu_2924                         |                     bd_0_hls_inst_0_gemm_stage_gemm_compute_Pipeline_COMP_I |       8251 |       8251 |       0 |    0 |    24 |      0 |      0 |    0 |        256 |
|           grp_gemm_compute_Pipeline_COMP_LOAD_XW_fu_2660                   |               bd_0_hls_inst_0_gemm_stage_gemm_compute_Pipeline_COMP_LOAD_XW |       1322 |       1322 |       0 |    0 |  2056 |      0 |      0 |    0 |          0 |
|             (grp_gemm_compute_Pipeline_COMP_LOAD_XW_fu_2660)               |               bd_0_hls_inst_0_gemm_stage_gemm_compute_Pipeline_COMP_LOAD_XW |        258 |        258 |       0 |    0 |  2054 |      0 |      0 |    0 |          0 |
|             flow_control_loop_pipe_sequential_init_U                       |           bd_0_hls_inst_0_gemm_stage_flow_control_loop_pipe_sequential_init |       1064 |       1064 |       0 |    0 |     2 |      0 |      0 |    0 |          0 |
|         gemm_read_W_U0                                                     |                                      bd_0_hls_inst_0_gemm_stage_gemm_read_W |         78 |         78 |       0 |    0 |   125 |      0 |      0 |    0 |          0 |
|           (gemm_read_W_U0)                                                 |                                      bd_0_hls_inst_0_gemm_stage_gemm_read_W |         27 |         27 |       0 |    0 |   124 |      0 |      0 |    0 |          0 |
|           flow_control_loop_pipe_U                                         |                           bd_0_hls_inst_0_gemm_stage_flow_control_loop_pipe |         51 |         51 |       0 |    0 |     1 |      0 |      0 |    0 |          0 |
|         gemm_read_X_U0                                                     |                                      bd_0_hls_inst_0_gemm_stage_gemm_read_X |        184 |        123 |       0 |   61 |   214 |      0 |      0 |    0 |          2 |
|           (gemm_read_X_U0)                                                 |                                      bd_0_hls_inst_0_gemm_stage_gemm_read_X |        130 |         69 |       0 |   61 |   212 |      0 |      0 |    0 |          0 |
|         gemm_write_U0                                                      |                                       bd_0_hls_inst_0_gemm_stage_gemm_write |        109 |        107 |       0 |    2 |   699 |      0 |      0 |    0 |          0 |
|           (gemm_write_U0)                                                  |                                       bd_0_hls_inst_0_gemm_stage_gemm_write |         83 |         81 |       0 |    2 |   697 |      0 |      0 |    0 |          0 |
|         gmem0_m_axi_U                                                      |                                      bd_0_hls_inst_0_gemm_stage_gmem0_m_axi |        930 |        871 |       0 |   59 |  1669 |      7 |      1 |    0 |          0 |
|           bus_read                                                         |                                 bd_0_hls_inst_0_gemm_stage_gmem0_m_axi_read |        797 |        797 |       0 |    0 |  1497 |      0 |      0 |    0 |          0 |
|             rreq_burst_conv                                                |                      bd_0_hls_inst_0_gemm_stage_gmem0_m_axi_burst_converter |        231 |        231 |       0 |    0 |   425 |      0 |      0 |    0 |          0 |
|               burst_sequential                                             |                     bd_0_hls_inst_0_gemm_stage_gmem0_m_axi_burst_sequential |        231 |        231 |       0 |    0 |   425 |      0 |      0 |    0 |          0 |
|             rs_rdata                                                       |            bd_0_hls_inst_0_gemm_stage_gmem0_m_axi_reg_slice__parameterized0 |        530 |        530 |       0 |    0 |  1041 |      0 |      0 |    0 |          0 |
|           load_unit_0                                                      |                                 bd_0_hls_inst_0_gemm_stage_gmem0_m_axi_load |        133 |         74 |       0 |   59 |   172 |      7 |      1 |    0 |          0 |
|             (load_unit_0)                                                  |                                 bd_0_hls_inst_0_gemm_stage_gmem0_m_axi_load |          1 |          1 |       0 |    0 |    62 |      0 |      0 |    0 |          0 |
|             buff_rdata                                                     |                 bd_0_hls_inst_0_gemm_stage_gmem0_m_axi_fifo__parameterized0 |         55 |         55 |       0 |    0 |    37 |      7 |      1 |    0 |          0 |
|             fifo_rreq                                                      |                                 bd_0_hls_inst_0_gemm_stage_gmem0_m_axi_fifo |         77 |         18 |       0 |   59 |    73 |      0 |      0 |    0 |          0 |
|               U_fifo_srl                                                   |                                  bd_0_hls_inst_0_gemm_stage_gmem0_m_axi_srl |         61 |          2 |       0 |   59 |    59 |      0 |      0 |    0 |          0 |
|         gmem1_m_axi_U                                                      |                                      bd_0_hls_inst_0_gemm_stage_gmem1_m_axi |        940 |        878 |       0 |   62 |  1686 |      7 |      1 |    0 |          0 |
|           bus_read                                                         |                                 bd_0_hls_inst_0_gemm_stage_gmem1_m_axi_read |        803 |        803 |       0 |    0 |  1506 |      0 |      0 |    0 |          0 |
|             rreq_burst_conv                                                |                      bd_0_hls_inst_0_gemm_stage_gmem1_m_axi_burst_converter |        237 |        237 |       0 |    0 |   434 |      0 |      0 |    0 |          0 |
|               burst_sequential                                             |                     bd_0_hls_inst_0_gemm_stage_gmem1_m_axi_burst_sequential |        237 |        237 |       0 |    0 |   434 |      0 |      0 |    0 |          0 |
|             rs_rdata                                                       |            bd_0_hls_inst_0_gemm_stage_gmem1_m_axi_reg_slice__parameterized0 |        530 |        530 |       0 |    0 |  1041 |      0 |      0 |    0 |          0 |
|           load_unit_0                                                      |                                 bd_0_hls_inst_0_gemm_stage_gmem1_m_axi_load |        137 |         75 |       0 |   62 |   180 |      7 |      1 |    0 |          0 |
|             (load_unit_0)                                                  |                                 bd_0_hls_inst_0_gemm_stage_gmem1_m_axi_load |          1 |          1 |       0 |    0 |    67 |      0 |      0 |    0 |          0 |
|             buff_rdata                                                     |                 bd_0_hls_inst_0_gemm_stage_gmem1_m_axi_fifo__parameterized0 |         52 |         52 |       0 |    0 |    37 |      7 |      1 |    0 |          0 |
|             fifo_rreq                                                      |                                 bd_0_hls_inst_0_gemm_stage_gmem1_m_axi_fifo |         84 |         22 |       0 |   62 |    76 |      0 |      0 |    0 |          0 |
|               U_fifo_srl                                                   |                                  bd_0_hls_inst_0_gemm_stage_gmem1_m_axi_srl |         68 |          6 |       0 |   62 |    62 |      0 |      0 |    0 |          0 |
+----------------------------------------------------------------------------+-----------------------------------------------------------------------------+------------+------------+---------+------+-------+--------+--------+------+------------+


