Copyright 1986-2022 Xilinx, Inc. All Rights Reserved. Copyright 2022-2025 Advanced Micro Devices, Inc. All Rights Reserved.
---------------------------------------------------------------------------------------------------------------------------------------------
| Tool Version : Vivado v.2025.2 (lin64) Build 6299465 Fri Nov 14 12:34:56 MST 2025
| Date         : Wed Apr 15 13:16:52 2026
| Host         : nat-Yoga-Pro-9-16IAH10 running 64-bit Ubuntu 24.04.3 LTS
| Command      : report_utilization -hierarchical -hierarchical_depth 7 -file ./report/gemm_stage_utilization_hierarchical_routed.rpt
| Design       : bd_0_wrapper
| Device       : xck26-sfvc784-2LV-c
| Speed File   : -2LV
| Design State : Routed
---------------------------------------------------------------------------------------------------------------------------------------------

Utilization Design Information

Table of Contents
-----------------
1. Utilization by Hierarchy

1. Utilization by Hierarchy
---------------------------

+----------------------------------------------------------------------------+-----------------------------------------------------------------------------+------------+------------+---------+------+-------+--------+--------+------+------------+
|                                  Instance                                  |                                    Module                                   | Total LUTs | Logic LUTs | LUTRAMs | SRLs |  FFs  | RAMB36 | RAMB18 | URAM | DSP Blocks |
+----------------------------------------------------------------------------+-----------------------------------------------------------------------------+------------+------------+---------+------+-------+--------+--------+------+------------+
| bd_0_wrapper                                                               |                                                                       (top) |      20351 |      10485 |    9080 |  786 | 20721 |     14 |      2 |    0 |        258 |
|   bd_0_i                                                                   |                                                                        bd_0 |      20351 |      10485 |    9080 |  786 | 20721 |     14 |      2 |    0 |        258 |
|     hls_inst                                                               |                                                             bd_0_hls_inst_0 |      20351 |      10485 |    9080 |  786 | 20721 |     14 |      2 |    0 |        258 |
|       inst                                                                 |                                                  bd_0_hls_inst_0_gemm_stage |      20351 |      10485 |    9080 |  786 | 20721 |     14 |      2 |    0 |        258 |
|         gmem2_m_axi_U                                                      |                                      bd_0_hls_inst_0_gemm_stage_gmem2_m_axi |       1118 |        471 |       0 |  647 |  2043 |      0 |      0 |    0 |          0 |
|           bus_write                                                        |                                bd_0_hls_inst_0_gemm_stage_gmem2_m_axi_write |        399 |        366 |       0 |   33 |  1252 |      0 |      0 |    0 |          0 |
|             wreq_burst_conv                                                |                      bd_0_hls_inst_0_gemm_stage_gmem2_m_axi_burst_converter |        225 |        225 |       0 |    0 |   425 |      0 |      0 |    0 |          0 |
|               burst_sequential                                             |                     bd_0_hls_inst_0_gemm_stage_gmem2_m_axi_burst_sequential |        225 |        225 |       0 |    0 |   425 |      0 |      0 |    0 |          0 |
|             wreq_throttle                                                  |                             bd_0_hls_inst_0_gemm_stage_gmem2_m_axi_throttle |        146 |        114 |       0 |   32 |   804 |      0 |      0 |    0 |          0 |
|               (wreq_throttle)                                              |                             bd_0_hls_inst_0_gemm_stage_gmem2_m_axi_throttle |          6 |          6 |       0 |    0 |   587 |      0 |      0 |    0 |          0 |
|               fifo_burst_gen[0].fifo_req                                   |                 bd_0_hls_inst_0_gemm_stage_gmem2_m_axi_fifo__parameterized4 |         53 |         21 |       0 |   32 |    75 |      0 |      0 |    0 |          0 |
|               rs_req                                                       |            bd_0_hls_inst_0_gemm_stage_gmem2_m_axi_reg_slice__parameterized1 |         70 |         70 |       0 |    0 |   129 |      0 |      0 |    0 |          0 |
|           store_unit_0                                                     |                                bd_0_hls_inst_0_gemm_stage_gmem2_m_axi_store |        720 |        106 |       0 |  614 |   791 |      0 |      0 |    0 |          0 |
|             (store_unit_0)                                                 |                                bd_0_hls_inst_0_gemm_stage_gmem2_m_axi_store |          2 |          2 |       0 |    0 |    74 |      0 |      0 |    0 |          0 |
|             buff_wdata                                                     |                 bd_0_hls_inst_0_gemm_stage_gmem2_m_axi_fifo__parameterized1 |        601 |         25 |       0 |  576 |   599 |      0 |      0 |    0 |          0 |
|               U_fifo_srl                                                   |                  bd_0_hls_inst_0_gemm_stage_gmem2_m_axi_srl__parameterized1 |        577 |          1 |       0 |  576 |   576 |      0 |      0 |    0 |          0 |
|             fifo_wreq                                                      |                 bd_0_hls_inst_0_gemm_stage_gmem2_m_axi_fifo__parameterized0 |         45 |         12 |       0 |   33 |    70 |      0 |      0 |    0 |          0 |
|               U_fifo_srl                                                   |                  bd_0_hls_inst_0_gemm_stage_gmem2_m_axi_srl__parameterized0 |         35 |          2 |       0 |   33 |    59 |      0 |      0 |    0 |          0 |
|         W_stream_U                                                         |                                  bd_0_hls_inst_0_gemm_stage_fifo_w512_d16_A |        316 |         20 |     296 |    0 |   537 |      0 |      0 |    0 |          0 |
|           U_gemm_stage_fifo_w512_d16_A_ram                                 |                          bd_0_hls_inst_0_gemm_stage_fifo_w512_d16_A_ram_776 |        297 |          1 |     296 |    0 |   512 |      0 |      0 |    0 |          0 |
|         XW_stream_U                                                        |                                bd_0_hls_inst_0_gemm_stage_fifo_w512_d16_A_0 |        317 |         21 |     296 |    0 |   533 |      0 |      0 |    0 |          0 |
|           U_gemm_stage_fifo_w512_d16_A_ram                                 |                          bd_0_hls_inst_0_gemm_stage_fifo_w512_d16_A_ram_775 |        297 |          1 |     296 |    0 |   512 |      0 |      0 |    0 |          0 |
|         X_stream_U                                                         |                                bd_0_hls_inst_0_gemm_stage_fifo_w512_d16_A_1 |        313 |         17 |     296 |    0 |   533 |      0 |      0 |    0 |          0 |
|           U_gemm_stage_fifo_w512_d16_A_ram                                 |                              bd_0_hls_inst_0_gemm_stage_fifo_w512_d16_A_ram |        297 |          1 |     296 |    0 |   512 |      0 |      0 |    0 |          0 |
|         control_s_axi_U                                                    |                                    bd_0_hls_inst_0_gemm_stage_control_s_axi |        204 |        204 |       0 |    0 |   233 |      0 |      0 |    0 |          0 |
|         gemm_compute_U0                                                    |                                     bd_0_hls_inst_0_gemm_stage_gemm_compute |      15903 |       7711 |    8192 |    0 | 12429 |      0 |      0 |    0 |        256 |
|           (gemm_compute_U0)                                                |                                     bd_0_hls_inst_0_gemm_stage_gemm_compute |         21 |         21 |       0 |    0 |  2098 |      0 |      0 |    0 |          0 |
|           grp_gemm_compute_Pipeline_COMP_EMIT_VITIS_LOOP_119_4_fu_2398     | bd_0_hls_inst_0_gemm_stage_gemm_compute_Pipeline_COMP_EMIT_VITIS_LOOP_119_4 |       1901 |       1901 |       0 |    0 |  4146 |      0 |      0 |    0 |          0 |
|             (grp_gemm_compute_Pipeline_COMP_EMIT_VITIS_LOOP_119_4_fu_2398) | bd_0_hls_inst_0_gemm_stage_gemm_compute_Pipeline_COMP_EMIT_VITIS_LOOP_119_4 |       1808 |       1808 |       0 |    0 |  4144 |      0 |      0 |    0 |          0 |
|             flow_control_loop_pipe_sequential_init_U                       |       bd_0_hls_inst_0_gemm_stage_flow_control_loop_pipe_sequential_init_774 |         93 |         93 |       0 |    0 |     2 |      0 |      0 |    0 |          0 |
|           grp_gemm_compute_Pipeline_COMP_INIT_fu_2138                      |                  bd_0_hls_inst_0_gemm_stage_gemm_compute_Pipeline_COMP_INIT |        331 |        331 |       0 |    0 |     9 |      0 |      0 |    0 |          0 |
|             flow_control_loop_pipe_sequential_init_U                       |       bd_0_hls_inst_0_gemm_stage_flow_control_loop_pipe_sequential_init_773 |        329 |        329 |       0 |    0 |     2 |      0 |      0 |    0 |          0 |
|           grp_gemm_compute_Pipeline_COMP_I_fu_2924                         |                     bd_0_hls_inst_0_gemm_stage_gemm_compute_Pipeline_COMP_I |       4142 |       4142 |       0 |    0 |    24 |      0 |      0 |    0 |        256 |
|           grp_gemm_compute_Pipeline_COMP_LOAD_XW_fu_2660                   |               bd_0_hls_inst_0_gemm_stage_gemm_compute_Pipeline_COMP_LOAD_XW |       1322 |       1322 |       0 |    0 |  2056 |      0 |      0 |    0 |          0 |
|             (grp_gemm_compute_Pipeline_COMP_LOAD_XW_fu_2660)               |               bd_0_hls_inst_0_gemm_stage_gemm_compute_Pipeline_COMP_LOAD_XW |        258 |        258 |       0 |    0 |  2054 |      0 |      0 |    0 |          0 |
|             flow_control_loop_pipe_sequential_init_U                       |           bd_0_hls_inst_0_gemm_stage_flow_control_loop_pipe_sequential_init |       1064 |       1064 |       0 |    0 |     2 |      0 |      0 |    0 |          0 |
|         gemm_read_W_U0                                                     |                                      bd_0_hls_inst_0_gemm_stage_gemm_read_W |         77 |         77 |       0 |    0 |   125 |      0 |      0 |    0 |          0 |
|           (gemm_read_W_U0)                                                 |                                      bd_0_hls_inst_0_gemm_stage_gemm_read_W |         27 |         27 |       0 |    0 |   124 |      0 |      0 |    0 |          0 |
|           flow_control_loop_pipe_U                                         |                           bd_0_hls_inst_0_gemm_stage_flow_control_loop_pipe |         50 |         50 |       0 |    0 |     1 |      0 |      0 |    0 |          0 |
|         gemm_read_X_U0                                                     |                                      bd_0_hls_inst_0_gemm_stage_gemm_read_X |        153 |        119 |       0 |   34 |   214 |      0 |      0 |    0 |          2 |
|           (gemm_read_X_U0)                                                 |                                      bd_0_hls_inst_0_gemm_stage_gemm_read_X |        101 |         67 |       0 |   34 |   212 |      0 |      0 |    0 |          0 |
|         gemm_write_U0                                                      |                                       bd_0_hls_inst_0_gemm_stage_gemm_write |        107 |        105 |       0 |    2 |   699 |      0 |      0 |    0 |          0 |
|           (gemm_write_U0)                                                  |                                       bd_0_hls_inst_0_gemm_stage_gemm_write |         81 |         79 |       0 |    2 |   697 |      0 |      0 |    0 |          0 |
|         gmem0_m_axi_U                                                      |                                      bd_0_hls_inst_0_gemm_stage_gmem0_m_axi |        889 |        856 |       0 |   33 |  1669 |      7 |      1 |    0 |          0 |
|           bus_read                                                         |                                 bd_0_hls_inst_0_gemm_stage_gmem0_m_axi_read |        788 |        788 |       0 |    0 |  1497 |      0 |      0 |    0 |          0 |
|             rreq_burst_conv                                                |                      bd_0_hls_inst_0_gemm_stage_gmem0_m_axi_burst_converter |        227 |        227 |       0 |    0 |   425 |      0 |      0 |    0 |          0 |
|               burst_sequential                                             |                     bd_0_hls_inst_0_gemm_stage_gmem0_m_axi_burst_sequential |        227 |        227 |       0 |    0 |   425 |      0 |      0 |    0 |          0 |
|             rs_rdata                                                       |            bd_0_hls_inst_0_gemm_stage_gmem0_m_axi_reg_slice__parameterized0 |        525 |        525 |       0 |    0 |  1041 |      0 |      0 |    0 |          0 |
|           load_unit_0                                                      |                                 bd_0_hls_inst_0_gemm_stage_gmem0_m_axi_load |        103 |         70 |       0 |   33 |   172 |      7 |      1 |    0 |          0 |
|             (load_unit_0)                                                  |                                 bd_0_hls_inst_0_gemm_stage_gmem0_m_axi_load |          1 |          1 |       0 |    0 |    62 |      0 |      0 |    0 |          0 |
|             buff_rdata                                                     |                 bd_0_hls_inst_0_gemm_stage_gmem0_m_axi_fifo__parameterized0 |         53 |         53 |       0 |    0 |    37 |      7 |      1 |    0 |          0 |
|             fifo_rreq                                                      |                                 bd_0_hls_inst_0_gemm_stage_gmem0_m_axi_fifo |         50 |         17 |       0 |   33 |    73 |      0 |      0 |    0 |          0 |
|               U_fifo_srl                                                   |                                  bd_0_hls_inst_0_gemm_stage_gmem0_m_axi_srl |         35 |          2 |       0 |   33 |    59 |      0 |      0 |    0 |          0 |
|         gmem1_m_axi_U                                                      |                                      bd_0_hls_inst_0_gemm_stage_gmem1_m_axi |        901 |        865 |       0 |   36 |  1686 |      7 |      1 |    0 |          0 |
|           bus_read                                                         |                                 bd_0_hls_inst_0_gemm_stage_gmem1_m_axi_read |        795 |        795 |       0 |    0 |  1506 |      0 |      0 |    0 |          0 |
|             rreq_burst_conv                                                |                      bd_0_hls_inst_0_gemm_stage_gmem1_m_axi_burst_converter |        234 |        234 |       0 |    0 |   434 |      0 |      0 |    0 |          0 |
|               burst_sequential                                             |                     bd_0_hls_inst_0_gemm_stage_gmem1_m_axi_burst_sequential |        234 |        234 |       0 |    0 |   434 |      0 |      0 |    0 |          0 |
|             rs_rdata                                                       |            bd_0_hls_inst_0_gemm_stage_gmem1_m_axi_reg_slice__parameterized0 |        525 |        525 |       0 |    0 |  1041 |      0 |      0 |    0 |          0 |
|           load_unit_0                                                      |                                 bd_0_hls_inst_0_gemm_stage_gmem1_m_axi_load |        106 |         70 |       0 |   36 |   180 |      7 |      1 |    0 |          0 |
|             (load_unit_0)                                                  |                                 bd_0_hls_inst_0_gemm_stage_gmem1_m_axi_load |          1 |          1 |       0 |    0 |    67 |      0 |      0 |    0 |          0 |
|             fifo_rreq                                                      |                                 bd_0_hls_inst_0_gemm_stage_gmem1_m_axi_fifo |         57 |         21 |       0 |   36 |    76 |      0 |      0 |    0 |          0 |
|               U_fifo_srl                                                   |                                  bd_0_hls_inst_0_gemm_stage_gmem1_m_axi_srl |         42 |          6 |       0 |   36 |    62 |      0 |      0 |    0 |          0 |
+----------------------------------------------------------------------------+-----------------------------------------------------------------------------+------------+------------+---------+------+-------+--------+--------+------+------------+
* Note: The sum of lower-level cells may be larger than their parent cells total, due to cross-hierarchy LUT combining


