Copyright 1986-2022 Xilinx, Inc. All Rights Reserved. Copyright 2022-2025 Advanced Micro Devices, Inc. All Rights Reserved.
--------------------------------------------------------------------------------------------------------------------------------------------------
| Tool Version      : Vivado v.2025.2 (lin64) Build 6299465 Fri Nov 14 12:34:56 MST 2025
| Date              : Wed Apr 15 13:00:40 2026
| Host              : nat-Yoga-Pro-9-16IAH10 running 64-bit Ubuntu 24.04.3 LTS
| Command           : report_timing_summary -file ./report/gemm_stage_timing_synth.rpt
| Design            : bd_0_wrapper
| Device            : xck26-sfvc784
| Speed File        : -2LV  PRODUCTION 1.30 05-15-2022
| Design State      : Synthesized
| Temperature Grade : C
--------------------------------------------------------------------------------------------------------------------------------------------------

Timing Summary Report

------------------------------------------------------------------------------------------------
| Timer Settings
| --------------
------------------------------------------------------------------------------------------------

  Enable Multi Corner Analysis               :  Yes
  Enable Pessimism Removal                   :  Yes
  Pessimism Removal Resolution               :  Nearest Common Node
  Enable Input Delay Default Clock           :  No
  Enable Preset / Clear Arcs                 :  No
  Disable Flight Delays                      :  No
  Ignore I/O Paths                           :  No
  Timing Early Launch at Borrowing Latches   :  No
  Borrow Time for Max Delay Exceptions       :  Yes
  Merge Timing Exceptions                    :  Yes
  Inter-SLR Compensation                     :  Conservative

  Corner  Analyze    Analyze    
  Name    Max Paths  Min Paths  
  ------  ---------  ---------  
  Slow    Yes        Yes        
  Fast    Yes        Yes        


------------------------------------------------------------------------------------------------
| Report Methodology
| ------------------
------------------------------------------------------------------------------------------------

No report available as report_methodology has not been run prior. Run report_methodology on the current design for the summary of methodology violations.



check_timing report

Table of Contents
-----------------
1. checking no_clock (0)
2. checking constant_clock (0)
3. checking pulse_width_clock (0)
4. checking unconstrained_internal_endpoints (0)
5. checking no_input_delay (1086)
6. checking no_output_delay (810)
7. checking multiple_clock (0)
8. checking generated_clocks (0)
9. checking loops (0)
10. checking partial_input_delay (0)
11. checking partial_output_delay (0)
12. checking latch_loops (0)

1. checking no_clock (0)
------------------------
 There are 0 register/latch pins with no clock.


2. checking constant_clock (0)
------------------------------
 There are 0 register/latch pins with constant_clock.


3. checking pulse_width_clock (0)
---------------------------------
 There are 0 register/latch pins which need pulse_width check


4. checking unconstrained_internal_endpoints (0)
------------------------------------------------
 There are 0 pins that are not constrained for maximum delay.

 There are 0 pins that are not constrained for maximum delay due to constant clock.


5. checking no_input_delay (1086)
---------------------------------
 There are 1086 input ports with no input delay specified. (HIGH)

 There are 0 input ports with no input delay but user has a false path constraint.


6. checking no_output_delay (810)
---------------------------------
 There are 810 ports with no output delay specified. (HIGH)

 There are 0 ports with no output delay but user has a false path constraint

 There are 0 ports with no output delay but with a timing clock defined on it or propagating through it


7. checking multiple_clock (0)
------------------------------
 There are 0 register/latch pins with multiple clocks.


8. checking generated_clocks (0)
--------------------------------
 There are 0 generated clocks that are not connected to a clock source.


9. checking loops (0)
---------------------
 There are 0 combinational loops in the design.


10. checking partial_input_delay (0)
------------------------------------
 There are 0 input ports with partial input delay specified.


11. checking partial_output_delay (0)
-------------------------------------
 There are 0 ports with partial output delay specified.


12. checking latch_loops (0)
----------------------------
 There are 0 combinational latch loops in the design through latch input



------------------------------------------------------------------------------------------------
| Design Timing Summary
| ---------------------
------------------------------------------------------------------------------------------------

    WNS(ns)      TNS(ns)  TNS Failing Endpoints  TNS Total Endpoints      WHS(ns)      THS(ns)  THS Failing Endpoints  THS Total Endpoints     WPWS(ns)     TPWS(ns)  TPWS Failing Endpoints  TPWS Total Endpoints  
    -------      -------  ---------------------  -------------------      -------      -------  ---------------------  -------------------     --------     --------  ----------------------  --------------------  
      4.619        0.000                      0               212045        0.058        0.000                      0               212045        4.238        0.000                       0                 40367  


All user specified timing constraints are met.


------------------------------------------------------------------------------------------------
| Clock Summary
| -------------
------------------------------------------------------------------------------------------------

Clock   Waveform(ns)       Period(ns)      Frequency(MHz)
-----   ------------       ----------      --------------
ap_clk  {0.000 5.000}      10.000          100.000         


------------------------------------------------------------------------------------------------
| Intra Clock Table
| -----------------
------------------------------------------------------------------------------------------------

Clock             WNS(ns)      TNS(ns)  TNS Failing Endpoints  TNS Total Endpoints      WHS(ns)      THS(ns)  THS Failing Endpoints  THS Total Endpoints     WPWS(ns)     TPWS(ns)  TPWS Failing Endpoints  TPWS Total Endpoints  
-----             -------      -------  ---------------------  -------------------      -------      -------  ---------------------  -------------------     --------     --------  ----------------------  --------------------  
ap_clk              4.619        0.000                      0               212045        0.058        0.000                      0               212045        4.238        0.000                       0                 40367  


------------------------------------------------------------------------------------------------
| Inter Clock Table
| -----------------
------------------------------------------------------------------------------------------------

From Clock    To Clock          WNS(ns)      TNS(ns)  TNS Failing Endpoints  TNS Total Endpoints      WHS(ns)      THS(ns)  THS Failing Endpoints  THS Total Endpoints  
----------    --------          -------      -------  ---------------------  -------------------      -------      -------  ---------------------  -------------------  


------------------------------------------------------------------------------------------------
| Other Path Groups Table
| -----------------------
------------------------------------------------------------------------------------------------

Path Group    From Clock    To Clock          WNS(ns)      TNS(ns)  TNS Failing Endpoints  TNS Total Endpoints      WHS(ns)      THS(ns)  THS Failing Endpoints  THS Total Endpoints  
----------    ----------    --------          -------      -------  ---------------------  -------------------      -------      -------  ---------------------  -------------------  


------------------------------------------------------------------------------------------------
| Timing Details
| --------------
------------------------------------------------------------------------------------------------


---------------------------------------------------------------------------------------------------
From Clock:  ap_clk
  To Clock:  ap_clk

Setup :            0  Failing Endpoints,  Worst Slack        4.619ns,  Total Violation        0.000ns
Hold  :            0  Failing Endpoints,  Worst Slack        0.058ns,  Total Violation        0.000ns
PW    :            0  Failing Endpoints,  Worst Slack        4.238ns,  Total Violation        0.000ns
---------------------------------------------------------------------------------------------------


Max Delay Paths
--------------------------------------------------------------------------------------
Slack (MET) :             4.619ns  (required time - arrival time)
  Source:                 bd_0_i/hls_inst/inst/gemm_read_X_U0/ap_enable_reg_pp0_iter4_reg/C
                            (rising edge-triggered cell FDRE clocked by ap_clk  {rise@0.000ns fall@5.000ns period=10.000ns})
  Destination:            bd_0_i/hls_inst/inst/gemm_read_X_U0/trunc_ln_reg_663_reg[56]/D
                            (rising edge-triggered cell FDRE clocked by ap_clk  {rise@0.000ns fall@5.000ns period=10.000ns})
  Path Group:             ap_clk
  Path Type:              Setup (Max at Slow Process Corner)
  Requirement:            10.000ns  (ap_clk rise@10.000ns - ap_clk rise@0.000ns)
  Data Path Delay:        5.378ns  (logic 4.288ns (79.732%)  route 1.090ns (20.268%))
  Logic Levels:           19  (CARRY8=7 DSP_A_B_DATA=1 DSP_ALU=2 DSP_C_DATA=1 DSP_M_DATA=1 DSP_MULTIPLIER=1 DSP_OUTPUT=2 DSP_PREADD_DATA=1 LUT2=1 LUT4=1 LUT5=1)
  Clock Path Skew:        -0.011ns (DCD - SCD + CPR)
    Destination Clock Delay (DCD):    0.030ns = ( 10.030 - 10.000 ) 
    Source Clock Delay      (SCD):    0.041ns
    Clock Pessimism Removal (CPR):    0.000ns
  Clock Uncertainty:      0.035ns  ((TSJ^2 + TIJ^2)^1/2 + DJ) / 2 + PE
    Total System Jitter     (TSJ):    0.071ns
    Total Input Jitter      (TIJ):    0.000ns
    Discrete Jitter          (DJ):    0.000ns
    Phase Error              (PE):    0.000ns

    Location             Delay type                Incr(ns)  Path(ns)    Netlist Resource(s)
  -------------------------------------------------------------------    -------------------
                         (clock ap_clk rise edge)     0.000     0.000 r  
                                                      0.000     0.000 r  ap_clk (IN)
                         net (fo=41390, unset)        0.041     0.041    bd_0_i/hls_inst/inst/gemm_read_X_U0/ap_clk
                         FDRE                                         r  bd_0_i/hls_inst/inst/gemm_read_X_U0/ap_enable_reg_pp0_iter4_reg/C
  -------------------------------------------------------------------    -------------------
                         FDRE (Prop_FDRE_C_Q)         0.114     0.155 f  bd_0_i/hls_inst/inst/gemm_read_X_U0/ap_enable_reg_pp0_iter4_reg/Q
                         net (fo=28, unplaced)        0.164     0.319    bd_0_i/hls_inst/inst/gemm_read_X_U0/mul_5ns_14ns_17_1_1_U3/ap_enable_reg_pp0_iter4
                         LUT4 (Prop_LUT4_I0_O)        0.194     0.513 r  bd_0_i/hls_inst/inst/gemm_read_X_U0/mul_5ns_14ns_17_1_1_U3/tmp_product_i_8/O
                         net (fo=14, unplaced)        0.252     0.765    bd_0_i/hls_inst/inst/gemm_read_X_U0/mul_5ns_14ns_17_1_1_U3/ap_enable_reg_pp0_iter4_reg
                         LUT5 (Prop_LUT5_I3_O)        0.058     0.823 f  bd_0_i/hls_inst/inst/gemm_read_X_U0/mul_5ns_14ns_17_1_1_U3/tmp_product_i_2/O
                         net (fo=2, unplaced)         0.177     1.000    bd_0_i/hls_inst/inst/gemm_read_X_U0/mul_5ns_14ns_17_1_1_U3/tmp_product/A[3]
                         DSP_A_B_DATA (Prop_DSP_A_B_DATA_A[3]_A2_DATA[3])
                                                      0.258     1.258 r  bd_0_i/hls_inst/inst/gemm_read_X_U0/mul_5ns_14ns_17_1_1_U3/tmp_product/DSP_A_B_DATA_INST/A2_DATA[3]
                         net (fo=1, unplaced)         0.000     1.258    bd_0_i/hls_inst/inst/gemm_read_X_U0/mul_5ns_14ns_17_1_1_U3/tmp_product/DSP_A_B_DATA.A2_DATA<3>
                         DSP_PREADD_DATA (Prop_DSP_PREADD_DATA_A2_DATA[3]_A2A1[3])
                                                      0.114     1.372 r  bd_0_i/hls_inst/inst/gemm_read_X_U0/mul_5ns_14ns_17_1_1_U3/tmp_product/DSP_PREADD_DATA_INST/A2A1[3]
                         net (fo=1, unplaced)         0.000     1.372    bd_0_i/hls_inst/inst/gemm_read_X_U0/mul_5ns_14ns_17_1_1_U3/tmp_product/DSP_PREADD_DATA.A2A1<3>
                         DSP_MULTIPLIER (Prop_DSP_MULTIPLIER_A2A1[3]_U[7])
                                                      0.700     2.072 f  bd_0_i/hls_inst/inst/gemm_read_X_U0/mul_5ns_14ns_17_1_1_U3/tmp_product/DSP_MULTIPLIER_INST/U[7]
                         net (fo=1, unplaced)         0.000     2.072    bd_0_i/hls_inst/inst/gemm_read_X_U0/mul_5ns_14ns_17_1_1_U3/tmp_product/DSP_MULTIPLIER.U<7>
                         DSP_M_DATA (Prop_DSP_M_DATA_U[7]_U_DATA[7])
                                                      0.067     2.139 r  bd_0_i/hls_inst/inst/gemm_read_X_U0/mul_5ns_14ns_17_1_1_U3/tmp_product/DSP_M_DATA_INST/U_DATA[7]
                         net (fo=1, unplaced)         0.000     2.139    bd_0_i/hls_inst/inst/gemm_read_X_U0/mul_5ns_14ns_17_1_1_U3/tmp_product/DSP_M_DATA.U_DATA<7>
                         DSP_ALU (Prop_DSP_ALU_U_DATA[7]_ALU_OUT[7])
                                                      0.727     2.866 f  bd_0_i/hls_inst/inst/gemm_read_X_U0/mul_5ns_14ns_17_1_1_U3/tmp_product/DSP_ALU_INST/ALU_OUT[7]
                         net (fo=1, unplaced)         0.000     2.866    bd_0_i/hls_inst/inst/gemm_read_X_U0/mul_5ns_14ns_17_1_1_U3/tmp_product/DSP_ALU.ALU_OUT<7>
                         DSP_OUTPUT (Prop_DSP_OUTPUT_ALU_OUT[7]_P[7])
                                                      0.146     3.012 r  bd_0_i/hls_inst/inst/gemm_read_X_U0/mul_5ns_14ns_17_1_1_U3/tmp_product/DSP_OUTPUT_INST/P[7]
                         net (fo=1, unplaced)         0.141     3.153    bd_0_i/hls_inst/inst/gemm_read_X_U0/mac_muladd_7ns_7ns_17s_17_1_1_U4/gemm_stage_mac_muladd_7ns_7ns_17s_17_1_1_DSP48_0_U/p/C[7]
                         DSP_C_DATA (Prop_DSP_C_DATA_C[7]_C_DATA[7])
                                                      0.135     3.288 r  bd_0_i/hls_inst/inst/gemm_read_X_U0/mac_muladd_7ns_7ns_17s_17_1_1_U4/gemm_stage_mac_muladd_7ns_7ns_17s_17_1_1_DSP48_0_U/p/DSP_C_DATA_INST/C_DATA[7]
                         net (fo=2, unplaced)         0.000     3.288    bd_0_i/hls_inst/inst/gemm_read_X_U0/mac_muladd_7ns_7ns_17s_17_1_1_U4/gemm_stage_mac_muladd_7ns_7ns_17s_17_1_1_DSP48_0_U/p/DSP_C_DATA.C_DATA<7>
                         DSP_ALU (Prop_DSP_ALU_C_DATA[7]_ALU_OUT[7])
                                                      0.786     4.074 f  bd_0_i/hls_inst/inst/gemm_read_X_U0/mac_muladd_7ns_7ns_17s_17_1_1_U4/gemm_stage_mac_muladd_7ns_7ns_17s_17_1_1_DSP48_0_U/p/DSP_ALU_INST/ALU_OUT[7]
                         net (fo=1, unplaced)         0.000     4.074    bd_0_i/hls_inst/inst/gemm_read_X_U0/mac_muladd_7ns_7ns_17s_17_1_1_U4/gemm_stage_mac_muladd_7ns_7ns_17s_17_1_1_DSP48_0_U/p/DSP_ALU.ALU_OUT<7>
                         DSP_OUTPUT (Prop_DSP_OUTPUT_ALU_OUT[7]_P[7])
                                                      0.146     4.220 r  bd_0_i/hls_inst/inst/gemm_read_X_U0/mac_muladd_7ns_7ns_17s_17_1_1_U4/gemm_stage_mac_muladd_7ns_7ns_17s_17_1_1_DSP48_0_U/p/DSP_OUTPUT_INST/P[7]
                         net (fo=2, unplaced)         0.262     4.482    bd_0_i/hls_inst/inst/gemm_read_X_U0/gemm_stage_mac_muladd_7ns_7ns_17s_17_1_1_DSP48_0_U/p__0[7]
                         LUT2 (Prop_LUT2_I0_O)        0.083     4.565 r  bd_0_i/hls_inst/inst/gemm_read_X_U0/trunc_ln_reg_663[14]_i_9/O
                         net (fo=1, unplaced)         0.025     4.590    bd_0_i/hls_inst/inst/gemm_read_X_U0/trunc_ln_reg_663[14]_i_9_n_3
                         CARRY8 (Prop_CARRY8_S[0]_CO[7])
                                                      0.289     4.879 r  bd_0_i/hls_inst/inst/gemm_read_X_U0/trunc_ln_reg_663_reg[14]_i_1/CO[7]
                         net (fo=1, unplaced)         0.006     4.885    bd_0_i/hls_inst/inst/gemm_read_X_U0/trunc_ln_reg_663_reg[14]_i_1_n_3
                         CARRY8 (Prop_CARRY8_CI_CO[7])
                                                      0.073     4.958 r  bd_0_i/hls_inst/inst/gemm_read_X_U0/trunc_ln_reg_663_reg[22]_i_1/CO[7]
                         net (fo=1, unplaced)         0.006     4.964    bd_0_i/hls_inst/inst/gemm_read_X_U0/trunc_ln_reg_663_reg[22]_i_1_n_3
                         CARRY8 (Prop_CARRY8_CI_CO[7])
                                                      0.073     5.037 r  bd_0_i/hls_inst/inst/gemm_read_X_U0/trunc_ln_reg_663_reg[30]_i_1/CO[7]
                         net (fo=1, unplaced)         0.006     5.043    bd_0_i/hls_inst/inst/gemm_read_X_U0/trunc_ln_reg_663_reg[30]_i_1_n_3
                         CARRY8 (Prop_CARRY8_CI_CO[7])
                                                      0.073     5.116 r  bd_0_i/hls_inst/inst/gemm_read_X_U0/trunc_ln_reg_663_reg[38]_i_1/CO[7]
                         net (fo=1, unplaced)         0.006     5.122    bd_0_i/hls_inst/inst/gemm_read_X_U0/trunc_ln_reg_663_reg[38]_i_1_n_3
                         CARRY8 (Prop_CARRY8_CI_CO[7])
                                                      0.073     5.195 r  bd_0_i/hls_inst/inst/gemm_read_X_U0/trunc_ln_reg_663_reg[46]_i_1/CO[7]
                         net (fo=1, unplaced)         0.006     5.201    bd_0_i/hls_inst/inst/gemm_read_X_U0/trunc_ln_reg_663_reg[46]_i_1_n_3
                         CARRY8 (Prop_CARRY8_CI_CO[7])
                                                      0.073     5.274 r  bd_0_i/hls_inst/inst/gemm_read_X_U0/trunc_ln_reg_663_reg[54]_i_1/CO[7]
                         net (fo=1, unplaced)         0.006     5.280    bd_0_i/hls_inst/inst/gemm_read_X_U0/trunc_ln_reg_663_reg[54]_i_1_n_3
                         CARRY8 (Prop_CARRY8_CI_O[1])
                                                      0.106     5.386 r  bd_0_i/hls_inst/inst/gemm_read_X_U0/trunc_ln_reg_663_reg[57]_i_1/O[1]
                         net (fo=1, unplaced)         0.033     5.419    bd_0_i/hls_inst/inst/gemm_read_X_U0/add_ln27_1_fu_447_p2[62]
                         FDRE                                         r  bd_0_i/hls_inst/inst/gemm_read_X_U0/trunc_ln_reg_663_reg[56]/D
  -------------------------------------------------------------------    -------------------

                         (clock ap_clk rise edge)    10.000    10.000 r  
                                                      0.000    10.000 r  ap_clk (IN)
                         net (fo=41390, unset)        0.030    10.030    bd_0_i/hls_inst/inst/gemm_read_X_U0/ap_clk
                         FDRE                                         r  bd_0_i/hls_inst/inst/gemm_read_X_U0/trunc_ln_reg_663_reg[56]/C
                         clock pessimism              0.000    10.030    
                         clock uncertainty           -0.035     9.995    
                         FDRE (Setup_FDRE_C_D)        0.043    10.038    bd_0_i/hls_inst/inst/gemm_read_X_U0/trunc_ln_reg_663_reg[56]
  -------------------------------------------------------------------
                         required time                         10.038    
                         arrival time                          -5.419    
  -------------------------------------------------------------------
                         slack                                  4.619    





Min Delay Paths
--------------------------------------------------------------------------------------
Slack (MET) :             0.058ns  (arrival time - required time)
  Source:                 bd_0_i/hls_inst/inst/W_stream_U/waddr_reg[3]/C
                            (rising edge-triggered cell FDRE clocked by ap_clk  {rise@0.000ns fall@5.000ns period=10.000ns})
  Destination:            bd_0_i/hls_inst/inst/W_stream_U/U_gemm_stage_fifo_w512_d16_A_ram/mem_reg_0_15_0_13/RAMA/WADR3
                            (rising edge-triggered cell RAMD32 clocked by ap_clk  {rise@0.000ns fall@5.000ns period=10.000ns})
  Path Group:             ap_clk
  Path Type:              Hold (Min at Fast Process Corner)
  Requirement:            0.000ns  (ap_clk rise@0.000ns - ap_clk rise@0.000ns)
  Data Path Delay:        0.191ns  (logic 0.084ns (43.979%)  route 0.107ns (56.021%))
  Logic Levels:           0  
  Clock Path Skew:        0.043ns (DCD - SCD - CPR)
    Destination Clock Delay (DCD):    0.057ns
    Source Clock Delay      (SCD):    0.014ns
    Clock Pessimism Removal (CPR):    -0.000ns

    Location             Delay type                Incr(ns)  Path(ns)    Netlist Resource(s)
  -------------------------------------------------------------------    -------------------
                         (clock ap_clk rise edge)     0.000     0.000 r  
                                                      0.000     0.000 r  ap_clk (IN)
                         net (fo=41390, unset)        0.014     0.014    bd_0_i/hls_inst/inst/W_stream_U/ap_clk
                         FDRE                                         r  bd_0_i/hls_inst/inst/W_stream_U/waddr_reg[3]/C
  -------------------------------------------------------------------    -------------------
                         FDRE (Prop_FDRE_C_Q)         0.084     0.098 r  bd_0_i/hls_inst/inst/W_stream_U/waddr_reg[3]/Q
                         net (fo=596, unplaced)       0.107     0.205    bd_0_i/hls_inst/inst/W_stream_U/U_gemm_stage_fifo_w512_d16_A_ram/mem_reg_0_15_0_13/ADDRH3
                         RAMD32                                       r  bd_0_i/hls_inst/inst/W_stream_U/U_gemm_stage_fifo_w512_d16_A_ram/mem_reg_0_15_0_13/RAMA/WADR3
  -------------------------------------------------------------------    -------------------

                         (clock ap_clk rise edge)     0.000     0.000 r  
                                                      0.000     0.000 r  ap_clk (IN)
                         net (fo=41390, unset)        0.057     0.057    bd_0_i/hls_inst/inst/W_stream_U/U_gemm_stage_fifo_w512_d16_A_ram/mem_reg_0_15_0_13/WCLK
                         RAMD32                                       r  bd_0_i/hls_inst/inst/W_stream_U/U_gemm_stage_fifo_w512_d16_A_ram/mem_reg_0_15_0_13/RAMA/CLK
                         clock pessimism              0.000     0.057    
                         RAMD32 (Hold_RAMD32_CLK_WADR3)
                                                      0.090     0.147    bd_0_i/hls_inst/inst/W_stream_U/U_gemm_stage_fifo_w512_d16_A_ram/mem_reg_0_15_0_13/RAMA
  -------------------------------------------------------------------
                         required time                         -0.147    
                         arrival time                           0.205    
  -------------------------------------------------------------------
                         slack                                  0.058    





Pulse Width Checks
--------------------------------------------------------------------------------------
Clock Name:         ap_clk
Waveform(ns):       { 0.000 5.000 }
Period(ns):         10.000
Sources:            { ap_clk }

Check Type        Corner  Lib Pin             Reference Pin  Required(ns)  Actual(ns)  Slack(ns)  Location  Pin
Min Period        n/a     RAMB36E2/CLKARDCLK  n/a            1.960         10.000      8.040                bd_0_i/hls_inst/inst/gmem0_m_axi_U/load_unit_0/buff_rdata/U_fifo_mem/mem_reg_0/CLKARDCLK
Low Pulse Width   Slow    SRL16E/CLK          n/a            0.762         5.000       4.238                bd_0_i/hls_inst/inst/bus_read/ost_ctrl_gen[0].fifo_burst/U_fifo_srl/mem_reg[14][0]_srl15/CLK
High Pulse Width  Slow    SRL16E/CLK          n/a            0.762         5.000       4.238                bd_0_i/hls_inst/inst/bus_read/ost_ctrl_gen[0].fifo_burst/U_fifo_srl/mem_reg[14][0]_srl15/CLK



