Copyright 1986-2022 Xilinx, Inc. All Rights Reserved. Copyright 2022-2025 Advanced Micro Devices, Inc. All Rights Reserved.
--------------------------------------------------------------------------------------------------------------------------------------------------
| Tool Version      : Vivado v.2025.2 (lin64) Build 6299465 Fri Nov 14 12:34:56 MST 2025
| Date              : Wed Apr 15 13:17:05 2026
| Host              : nat-Yoga-Pro-9-16IAH10 running 64-bit Ubuntu 24.04.3 LTS
| Command           : report_timing -max_paths 10 -file ./report/gemm_stage_timing_paths_routed.rpt
| Design            : bd_0_wrapper
| Device            : xck26-sfvc784
| Speed File        : -2LV  PRODUCTION 1.30 05-15-2022
| Design State      : Routed
| Temperature Grade : C
--------------------------------------------------------------------------------------------------------------------------------------------------

Timing Report

Slack (MET) :             1.736ns  (required time - arrival time)
  Source:                 bd_0_i/hls_inst/inst/gmem2_m_axi_U/store_unit_0/buff_wdata/raddr_reg[2]_rep/C
                            (rising edge-triggered cell FDRE clocked by ap_clk  {rise@0.000ns fall@5.000ns period=10.000ns})
  Destination:            bd_0_i/hls_inst/inst/gmem2_m_axi_U/store_unit_0/buff_wdata/U_fifo_srl/dout_reg[30]/D
                            (rising edge-triggered cell FDRE clocked by ap_clk  {rise@0.000ns fall@5.000ns period=10.000ns})
  Path Group:             ap_clk
  Path Type:              Setup (Max at Slow Process Corner)
  Requirement:            10.000ns  (ap_clk rise@10.000ns - ap_clk rise@0.000ns)
  Data Path Delay:        8.260ns  (logic 0.252ns (3.051%)  route 8.008ns (96.949%))
  Logic Levels:           1  (SRLC32E=1)
  Clock Path Skew:        -0.012ns (DCD - SCD + CPR)
    Destination Clock Delay (DCD):    0.031ns = ( 10.031 - 10.000 ) 
    Source Clock Delay      (SCD):    0.043ns
    Clock Pessimism Removal (CPR):    0.000ns
  Clock Uncertainty:      0.035ns  ((TSJ^2 + TIJ^2)^1/2 + DJ) / 2 + PE
    Total System Jitter     (TSJ):    0.071ns
    Total Input Jitter      (TIJ):    0.000ns
    Discrete Jitter          (DJ):    0.000ns
    Phase Error              (PE):    0.000ns

    Location             Delay type                Incr(ns)  Path(ns)    Netlist Resource(s)
  -------------------------------------------------------------------    -------------------
                         (clock ap_clk rise edge)     0.000     0.000 r  
                                                      0.000     0.000 r  ap_clk (IN)
                         net (fo=41391, unset)        0.043     0.043    bd_0_i/hls_inst/inst/gmem2_m_axi_U/store_unit_0/buff_wdata/ap_clk
    SLICE_X21Y119        FDRE                                         r  bd_0_i/hls_inst/inst/gmem2_m_axi_U/store_unit_0/buff_wdata/raddr_reg[2]_rep/C
  -------------------------------------------------------------------    -------------------
    SLICE_X21Y119        FDRE (Prop_HFF2_SLICEM_C_Q)
                                                      0.114     0.157 r  bd_0_i/hls_inst/inst/gmem2_m_axi_U/store_unit_0/buff_wdata/raddr_reg[2]_rep/Q
                         net (fo=576, routed)         7.546     7.703    bd_0_i/hls_inst/inst/gmem2_m_axi_U/store_unit_0/buff_wdata/U_fifo_srl/A[2]
    SLICE_X32Y8          SRLC32E (Prop_H6LUT_SLICEM_A[2]_Q)
                                                      0.138     7.841 r  bd_0_i/hls_inst/inst/gmem2_m_axi_U/store_unit_0/buff_wdata/U_fifo_srl/mem_reg[30][30]_srl31/Q
                         net (fo=1, routed)           0.462     8.303    bd_0_i/hls_inst/inst/gmem2_m_axi_U/store_unit_0/buff_wdata/U_fifo_srl/mem_reg[30][30]_srl31_n_3
    SLICE_X32Y5          FDRE                                         r  bd_0_i/hls_inst/inst/gmem2_m_axi_U/store_unit_0/buff_wdata/U_fifo_srl/dout_reg[30]/D
  -------------------------------------------------------------------    -------------------

                         (clock ap_clk rise edge)    10.000    10.000 r  
                                                      0.000    10.000 r  ap_clk (IN)
                         net (fo=41391, unset)        0.031    10.031    bd_0_i/hls_inst/inst/gmem2_m_axi_U/store_unit_0/buff_wdata/U_fifo_srl/ap_clk
    SLICE_X32Y5          FDRE                                         r  bd_0_i/hls_inst/inst/gmem2_m_axi_U/store_unit_0/buff_wdata/U_fifo_srl/dout_reg[30]/C
                         clock pessimism              0.000    10.031    
                         clock uncertainty           -0.035     9.996    
    SLICE_X32Y5          FDRE (Setup_FFF_SLICEM_C_D)
                                                      0.043    10.039    bd_0_i/hls_inst/inst/gmem2_m_axi_U/store_unit_0/buff_wdata/U_fifo_srl/dout_reg[30]
  -------------------------------------------------------------------
                         required time                         10.039    
                         arrival time                          -8.303    
  -------------------------------------------------------------------
                         slack                                  1.736    

Slack (MET) :             1.880ns  (required time - arrival time)
  Source:                 bd_0_i/hls_inst/inst/gemm_compute_U0/grp_gemm_compute_Pipeline_COMP_I_fu_2924/i_outer_fu_840_reg[5]/C
                            (rising edge-triggered cell FDRE clocked by ap_clk  {rise@0.000ns fall@5.000ns period=10.000ns})
  Destination:            bd_0_i/hls_inst/inst/gemm_compute_U0/grp_gemm_compute_Pipeline_COMP_I_fu_2924/mac_muladd_16s_16s_32s_32_4_1_U651/gemm_stage_mac_muladd_16s_16s_32s_32_4_1_DSP48_0_U/p_reg_reg/DSP_A_B_DATA_INST/A[8]
                            (rising edge-triggered cell DSP_A_B_DATA clocked by ap_clk  {rise@0.000ns fall@5.000ns period=10.000ns})
  Path Group:             ap_clk
  Path Type:              Setup (Max at Slow Process Corner)
  Requirement:            10.000ns  (ap_clk rise@10.000ns - ap_clk rise@0.000ns)
  Data Path Delay:        7.582ns  (logic 0.444ns (5.856%)  route 7.138ns (94.144%))
  Logic Levels:           2  (LUT3=1 MUXF8=1)
  Clock Path Skew:        0.012ns (DCD - SCD + CPR)
    Destination Clock Delay (DCD):    0.055ns = ( 10.055 - 10.000 ) 
    Source Clock Delay      (SCD):    0.043ns
    Clock Pessimism Removal (CPR):    0.000ns
  Clock Uncertainty:      0.035ns  ((TSJ^2 + TIJ^2)^1/2 + DJ) / 2 + PE
    Total System Jitter     (TSJ):    0.071ns
    Total Input Jitter      (TIJ):    0.000ns
    Discrete Jitter          (DJ):    0.000ns
    Phase Error              (PE):    0.000ns

    Location             Delay type                Incr(ns)  Path(ns)    Netlist Resource(s)
  -------------------------------------------------------------------    -------------------
                         (clock ap_clk rise edge)     0.000     0.000 r  
                                                      0.000     0.000 r  ap_clk (IN)
                         net (fo=41391, unset)        0.043     0.043    bd_0_i/hls_inst/inst/gemm_compute_U0/grp_gemm_compute_Pipeline_COMP_I_fu_2924/ap_clk
    SLICE_X17Y36         FDRE                                         r  bd_0_i/hls_inst/inst/gemm_compute_U0/grp_gemm_compute_Pipeline_COMP_I_fu_2924/i_outer_fu_840_reg[5]/C
  -------------------------------------------------------------------    -------------------
    SLICE_X17Y36         FDRE (Prop_DFF2_SLICEM_C_Q)
                                                      0.115     0.158 r  bd_0_i/hls_inst/inst/gemm_compute_U0/grp_gemm_compute_Pipeline_COMP_I_fu_2924/i_outer_fu_840_reg[5]/Q
                         net (fo=4, routed)           0.285     0.443    bd_0_i/hls_inst/inst/gemm_compute_U0/grp_gemm_compute_Pipeline_COMP_I_fu_2924/flow_control_loop_pipe_sequential_init_U/i_outer_fu_840_reg[6]_0
    SLICE_X17Y36         LUT3 (Prop_A5LUT_SLICEM_I0_O)
                                                      0.225     0.668 r  bd_0_i/hls_inst/inst/gemm_compute_U0/grp_gemm_compute_Pipeline_COMP_I_fu_2924/flow_control_loop_pipe_sequential_init_U/p_reg_reg_i_35__2/O
                         net (fo=64, routed)          0.925     1.592    bd_0_i/hls_inst/inst/gemm_compute_U0/grp_gemm_compute_Pipeline_COMP_LOAD_XW_fu_2660/DSP_A_B_DATA_INST
    SLICE_X14Y9          MUXF8 (Prop_F8MUX_TOP_SLICEL_S_O)
                                                      0.104     1.696 r  bd_0_i/hls_inst/inst/gemm_compute_U0/grp_gemm_compute_Pipeline_COMP_LOAD_XW_fu_2660/p_reg_reg_i_8__0/O
                         net (fo=64, routed)          5.928     7.625    bd_0_i/hls_inst/inst/gemm_compute_U0/grp_gemm_compute_Pipeline_COMP_I_fu_2924/mac_muladd_16s_16s_32s_32_4_1_U651/gemm_stage_mac_muladd_16s_16s_32s_32_4_1_DSP48_0_U/p_reg_reg/A[8]
    DSP48E2_X12Y49       DSP_A_B_DATA                                 r  bd_0_i/hls_inst/inst/gemm_compute_U0/grp_gemm_compute_Pipeline_COMP_I_fu_2924/mac_muladd_16s_16s_32s_32_4_1_U651/gemm_stage_mac_muladd_16s_16s_32s_32_4_1_DSP48_0_U/p_reg_reg/DSP_A_B_DATA_INST/A[8]
  -------------------------------------------------------------------    -------------------

                         (clock ap_clk rise edge)    10.000    10.000 r  
                                                      0.000    10.000 r  ap_clk (IN)
                         net (fo=41391, unset)        0.055    10.055    bd_0_i/hls_inst/inst/gemm_compute_U0/grp_gemm_compute_Pipeline_COMP_I_fu_2924/mac_muladd_16s_16s_32s_32_4_1_U651/gemm_stage_mac_muladd_16s_16s_32s_32_4_1_DSP48_0_U/p_reg_reg/CLK
    DSP48E2_X12Y49       DSP_A_B_DATA                                 r  bd_0_i/hls_inst/inst/gemm_compute_U0/grp_gemm_compute_Pipeline_COMP_I_fu_2924/mac_muladd_16s_16s_32s_32_4_1_U651/gemm_stage_mac_muladd_16s_16s_32s_32_4_1_DSP48_0_U/p_reg_reg/DSP_A_B_DATA_INST/CLK
                         clock pessimism              0.000    10.055    
                         clock uncertainty           -0.035    10.020    
    DSP48E2_X12Y49       DSP_A_B_DATA (Setup_DSP_A_B_DATA_DSP48E2_CLK_A[8])
                                                     -0.515     9.505    bd_0_i/hls_inst/inst/gemm_compute_U0/grp_gemm_compute_Pipeline_COMP_I_fu_2924/mac_muladd_16s_16s_32s_32_4_1_U651/gemm_stage_mac_muladd_16s_16s_32s_32_4_1_DSP48_0_U/p_reg_reg/DSP_A_B_DATA_INST
  -------------------------------------------------------------------
                         required time                          9.505    
                         arrival time                          -7.625    
  -------------------------------------------------------------------
                         slack                                  1.880    

Slack (MET) :             1.907ns  (required time - arrival time)
  Source:                 bd_0_i/hls_inst/inst/gemm_compute_U0/grp_gemm_compute_Pipeline_COMP_I_fu_2924/i_outer_fu_840_reg[2]/C
                            (rising edge-triggered cell FDRE clocked by ap_clk  {rise@0.000ns fall@5.000ns period=10.000ns})
  Destination:            bd_0_i/hls_inst/inst/gemm_compute_U0/grp_gemm_compute_Pipeline_COMP_I_fu_2924/mac_muladd_16s_16s_32s_32_4_1_U587/gemm_stage_mac_muladd_16s_16s_32s_32_4_1_DSP48_0_U/p_reg_reg/DSP_A_B_DATA_INST/A[11]
                            (rising edge-triggered cell DSP_A_B_DATA clocked by ap_clk  {rise@0.000ns fall@5.000ns period=10.000ns})
  Path Group:             ap_clk
  Path Type:              Setup (Max at Slow Process Corner)
  Requirement:            10.000ns  (ap_clk rise@10.000ns - ap_clk rise@0.000ns)
  Data Path Delay:        7.563ns  (logic 0.554ns (7.325%)  route 7.009ns (92.675%))
  Logic Levels:           4  (LUT3=1 LUT6=1 MUXF7=1 MUXF8=1)
  Clock Path Skew:        0.012ns (DCD - SCD + CPR)
    Destination Clock Delay (DCD):    0.055ns = ( 10.055 - 10.000 ) 
    Source Clock Delay      (SCD):    0.043ns
    Clock Pessimism Removal (CPR):    0.000ns
  Clock Uncertainty:      0.035ns  ((TSJ^2 + TIJ^2)^1/2 + DJ) / 2 + PE
    Total System Jitter     (TSJ):    0.071ns
    Total Input Jitter      (TIJ):    0.000ns
    Discrete Jitter          (DJ):    0.000ns
    Phase Error              (PE):    0.000ns

    Location             Delay type                Incr(ns)  Path(ns)    Netlist Resource(s)
  -------------------------------------------------------------------    -------------------
                         (clock ap_clk rise edge)     0.000     0.000 r  
                                                      0.000     0.000 r  ap_clk (IN)
                         net (fo=41391, unset)        0.043     0.043    bd_0_i/hls_inst/inst/gemm_compute_U0/grp_gemm_compute_Pipeline_COMP_I_fu_2924/ap_clk
    SLICE_X17Y38         FDRE                                         r  bd_0_i/hls_inst/inst/gemm_compute_U0/grp_gemm_compute_Pipeline_COMP_I_fu_2924/i_outer_fu_840_reg[2]/C
  -------------------------------------------------------------------    -------------------
    SLICE_X17Y38         FDRE (Prop_HFF2_SLICEM_C_Q)
                                                      0.114     0.157 r  bd_0_i/hls_inst/inst/gemm_compute_U0/grp_gemm_compute_Pipeline_COMP_I_fu_2924/i_outer_fu_840_reg[2]/Q
                         net (fo=7, routed)           0.190     0.347    bd_0_i/hls_inst/inst/gemm_compute_U0/grp_gemm_compute_Pipeline_COMP_I_fu_2924/flow_control_loop_pipe_sequential_init_U/i_outer_fu_840_reg[2]_3
    SLICE_X17Y37         LUT3 (Prop_C6LUT_SLICEM_I0_O)
                                                      0.186     0.533 r  bd_0_i/hls_inst/inst/gemm_compute_U0/grp_gemm_compute_Pipeline_COMP_I_fu_2924/flow_control_loop_pipe_sequential_init_U/p_reg_reg_i_133/O
                         net (fo=64, routed)          0.612     1.146    bd_0_i/hls_inst/inst/gemm_compute_U0/grp_gemm_compute_Pipeline_COMP_LOAD_XW_fu_2660/p_reg_reg_i_67__1_1
    SLICE_X15Y27         LUT6 (Prop_D6LUT_SLICEL_I4_O)
                                                      0.136     1.282 r  bd_0_i/hls_inst/inst/gemm_compute_U0/grp_gemm_compute_Pipeline_COMP_LOAD_XW_fu_2660/p_reg_reg_i_84__1/O
                         net (fo=1, routed)           0.013     1.295    bd_0_i/hls_inst/inst/gemm_compute_U0/grp_gemm_compute_Pipeline_COMP_LOAD_XW_fu_2660/p_reg_reg_i_84__1_n_3
    SLICE_X15Y27         MUXF7 (Prop_F7MUX_CD_SLICEL_I0_O)
                                                      0.087     1.382 r  bd_0_i/hls_inst/inst/gemm_compute_U0/grp_gemm_compute_Pipeline_COMP_LOAD_XW_fu_2660/p_reg_reg_i_44__1/O
                         net (fo=1, routed)           0.000     1.382    bd_0_i/hls_inst/inst/gemm_compute_U0/grp_gemm_compute_Pipeline_COMP_LOAD_XW_fu_2660/p_reg_reg_i_44__1_n_3
    SLICE_X15Y27         MUXF8 (Prop_F8MUX_BOT_SLICEL_I0_O)
                                                      0.031     1.413 r  bd_0_i/hls_inst/inst/gemm_compute_U0/grp_gemm_compute_Pipeline_COMP_LOAD_XW_fu_2660/p_reg_reg_i_23__1/O
                         net (fo=64, routed)          6.193     7.606    bd_0_i/hls_inst/inst/gemm_compute_U0/grp_gemm_compute_Pipeline_COMP_I_fu_2924/mac_muladd_16s_16s_32s_32_4_1_U587/gemm_stage_mac_muladd_16s_16s_32s_32_4_1_DSP48_0_U/p_reg_reg/A[11]
    DSP48E2_X12Y56       DSP_A_B_DATA                                 r  bd_0_i/hls_inst/inst/gemm_compute_U0/grp_gemm_compute_Pipeline_COMP_I_fu_2924/mac_muladd_16s_16s_32s_32_4_1_U587/gemm_stage_mac_muladd_16s_16s_32s_32_4_1_DSP48_0_U/p_reg_reg/DSP_A_B_DATA_INST/A[11]
  -------------------------------------------------------------------    -------------------

                         (clock ap_clk rise edge)    10.000    10.000 r  
                                                      0.000    10.000 r  ap_clk (IN)
                         net (fo=41391, unset)        0.055    10.055    bd_0_i/hls_inst/inst/gemm_compute_U0/grp_gemm_compute_Pipeline_COMP_I_fu_2924/mac_muladd_16s_16s_32s_32_4_1_U587/gemm_stage_mac_muladd_16s_16s_32s_32_4_1_DSP48_0_U/p_reg_reg/CLK
    DSP48E2_X12Y56       DSP_A_B_DATA                                 r  bd_0_i/hls_inst/inst/gemm_compute_U0/grp_gemm_compute_Pipeline_COMP_I_fu_2924/mac_muladd_16s_16s_32s_32_4_1_U587/gemm_stage_mac_muladd_16s_16s_32s_32_4_1_DSP48_0_U/p_reg_reg/DSP_A_B_DATA_INST/CLK
                         clock pessimism              0.000    10.055    
                         clock uncertainty           -0.035    10.020    
    DSP48E2_X12Y56       DSP_A_B_DATA (Setup_DSP_A_B_DATA_DSP48E2_CLK_A[11])
                                                     -0.507     9.513    bd_0_i/hls_inst/inst/gemm_compute_U0/grp_gemm_compute_Pipeline_COMP_I_fu_2924/mac_muladd_16s_16s_32s_32_4_1_U587/gemm_stage_mac_muladd_16s_16s_32s_32_4_1_DSP48_0_U/p_reg_reg/DSP_A_B_DATA_INST
  -------------------------------------------------------------------
                         required time                          9.513    
                         arrival time                          -7.606    
  -------------------------------------------------------------------
                         slack                                  1.907    

Slack (MET) :             1.915ns  (required time - arrival time)
  Source:                 bd_0_i/hls_inst/inst/gmem2_m_axi_U/store_unit_0/buff_wdata/raddr_reg[2]_rep/C
                            (rising edge-triggered cell FDRE clocked by ap_clk  {rise@0.000ns fall@5.000ns period=10.000ns})
  Destination:            bd_0_i/hls_inst/inst/gmem2_m_axi_U/store_unit_0/buff_wdata/U_fifo_srl/dout_reg[37]/D
                            (rising edge-triggered cell FDRE clocked by ap_clk  {rise@0.000ns fall@5.000ns period=10.000ns})
  Path Group:             ap_clk
  Path Type:              Setup (Max at Slow Process Corner)
  Requirement:            10.000ns  (ap_clk rise@10.000ns - ap_clk rise@0.000ns)
  Data Path Delay:        8.084ns  (logic 0.251ns (3.105%)  route 7.833ns (96.895%))
  Logic Levels:           1  (SRLC32E=1)
  Clock Path Skew:        -0.012ns (DCD - SCD + CPR)
    Destination Clock Delay (DCD):    0.031ns = ( 10.031 - 10.000 ) 
    Source Clock Delay      (SCD):    0.043ns
    Clock Pessimism Removal (CPR):    0.000ns
  Clock Uncertainty:      0.035ns  ((TSJ^2 + TIJ^2)^1/2 + DJ) / 2 + PE
    Total System Jitter     (TSJ):    0.071ns
    Total Input Jitter      (TIJ):    0.000ns
    Discrete Jitter          (DJ):    0.000ns
    Phase Error              (PE):    0.000ns

    Location             Delay type                Incr(ns)  Path(ns)    Netlist Resource(s)
  -------------------------------------------------------------------    -------------------
                         (clock ap_clk rise edge)     0.000     0.000 r  
                                                      0.000     0.000 r  ap_clk (IN)
                         net (fo=41391, unset)        0.043     0.043    bd_0_i/hls_inst/inst/gmem2_m_axi_U/store_unit_0/buff_wdata/ap_clk
    SLICE_X21Y119        FDRE                                         r  bd_0_i/hls_inst/inst/gmem2_m_axi_U/store_unit_0/buff_wdata/raddr_reg[2]_rep/C
  -------------------------------------------------------------------    -------------------
    SLICE_X21Y119        FDRE (Prop_HFF2_SLICEM_C_Q)
                                                      0.114     0.157 r  bd_0_i/hls_inst/inst/gmem2_m_axi_U/store_unit_0/buff_wdata/raddr_reg[2]_rep/Q
                         net (fo=576, routed)         7.542     7.699    bd_0_i/hls_inst/inst/gmem2_m_axi_U/store_unit_0/buff_wdata/U_fifo_srl/A[2]
    SLICE_X32Y8          SRLC32E (Prop_G6LUT_SLICEM_A[2]_Q)
                                                      0.137     7.836 r  bd_0_i/hls_inst/inst/gmem2_m_axi_U/store_unit_0/buff_wdata/U_fifo_srl/mem_reg[30][37]_srl31/Q
                         net (fo=1, routed)           0.291     8.127    bd_0_i/hls_inst/inst/gmem2_m_axi_U/store_unit_0/buff_wdata/U_fifo_srl/mem_reg[30][37]_srl31_n_3
    SLICE_X32Y5          FDRE                                         r  bd_0_i/hls_inst/inst/gmem2_m_axi_U/store_unit_0/buff_wdata/U_fifo_srl/dout_reg[37]/D
  -------------------------------------------------------------------    -------------------

                         (clock ap_clk rise edge)    10.000    10.000 r  
                                                      0.000    10.000 r  ap_clk (IN)
                         net (fo=41391, unset)        0.031    10.031    bd_0_i/hls_inst/inst/gmem2_m_axi_U/store_unit_0/buff_wdata/U_fifo_srl/ap_clk
    SLICE_X32Y5          FDRE                                         r  bd_0_i/hls_inst/inst/gmem2_m_axi_U/store_unit_0/buff_wdata/U_fifo_srl/dout_reg[37]/C
                         clock pessimism              0.000    10.031    
                         clock uncertainty           -0.035     9.996    
    SLICE_X32Y5          FDRE (Setup_GFF2_SLICEM_C_D)
                                                      0.046    10.042    bd_0_i/hls_inst/inst/gmem2_m_axi_U/store_unit_0/buff_wdata/U_fifo_srl/dout_reg[37]
  -------------------------------------------------------------------
                         required time                         10.042    
                         arrival time                          -8.127    
  -------------------------------------------------------------------
                         slack                                  1.915    

Slack (MET) :             1.917ns  (required time - arrival time)
  Source:                 bd_0_i/hls_inst/inst/gmem2_m_axi_U/store_unit_0/buff_wdata/raddr_reg[2]_rep/C
                            (rising edge-triggered cell FDRE clocked by ap_clk  {rise@0.000ns fall@5.000ns period=10.000ns})
  Destination:            bd_0_i/hls_inst/inst/gmem2_m_axi_U/store_unit_0/buff_wdata/U_fifo_srl/dout_reg[31]/D
                            (rising edge-triggered cell FDRE clocked by ap_clk  {rise@0.000ns fall@5.000ns period=10.000ns})
  Path Group:             ap_clk
  Path Type:              Setup (Max at Slow Process Corner)
  Requirement:            10.000ns  (ap_clk rise@10.000ns - ap_clk rise@0.000ns)
  Data Path Delay:        8.078ns  (logic 0.251ns (3.107%)  route 7.827ns (96.893%))
  Logic Levels:           1  (SRLC32E=1)
  Clock Path Skew:        -0.013ns (DCD - SCD + CPR)
    Destination Clock Delay (DCD):    0.030ns = ( 10.030 - 10.000 ) 
    Source Clock Delay      (SCD):    0.043ns
    Clock Pessimism Removal (CPR):    0.000ns
  Clock Uncertainty:      0.035ns  ((TSJ^2 + TIJ^2)^1/2 + DJ) / 2 + PE
    Total System Jitter     (TSJ):    0.071ns
    Total Input Jitter      (TIJ):    0.000ns
    Discrete Jitter          (DJ):    0.000ns
    Phase Error              (PE):    0.000ns

    Location             Delay type                Incr(ns)  Path(ns)    Netlist Resource(s)
  -------------------------------------------------------------------    -------------------
                         (clock ap_clk rise edge)     0.000     0.000 r  
                                                      0.000     0.000 r  ap_clk (IN)
                         net (fo=41391, unset)        0.043     0.043    bd_0_i/hls_inst/inst/gmem2_m_axi_U/store_unit_0/buff_wdata/ap_clk
    SLICE_X21Y119        FDRE                                         r  bd_0_i/hls_inst/inst/gmem2_m_axi_U/store_unit_0/buff_wdata/raddr_reg[2]_rep/C
  -------------------------------------------------------------------    -------------------
    SLICE_X21Y119        FDRE (Prop_HFF2_SLICEM_C_Q)
                                                      0.114     0.157 r  bd_0_i/hls_inst/inst/gmem2_m_axi_U/store_unit_0/buff_wdata/raddr_reg[2]_rep/Q
                         net (fo=576, routed)         7.436     7.593    bd_0_i/hls_inst/inst/gmem2_m_axi_U/store_unit_0/buff_wdata/U_fifo_srl/A[2]
    SLICE_X32Y3          SRLC32E (Prop_G6LUT_SLICEM_A[2]_Q)
                                                      0.137     7.730 r  bd_0_i/hls_inst/inst/gmem2_m_axi_U/store_unit_0/buff_wdata/U_fifo_srl/mem_reg[30][31]_srl31/Q
                         net (fo=1, routed)           0.391     8.121    bd_0_i/hls_inst/inst/gmem2_m_axi_U/store_unit_0/buff_wdata/U_fifo_srl/mem_reg[30][31]_srl31_n_3
    SLICE_X34Y4          FDRE                                         r  bd_0_i/hls_inst/inst/gmem2_m_axi_U/store_unit_0/buff_wdata/U_fifo_srl/dout_reg[31]/D
  -------------------------------------------------------------------    -------------------

                         (clock ap_clk rise edge)    10.000    10.000 r  
                                                      0.000    10.000 r  ap_clk (IN)
                         net (fo=41391, unset)        0.030    10.030    bd_0_i/hls_inst/inst/gmem2_m_axi_U/store_unit_0/buff_wdata/U_fifo_srl/ap_clk
    SLICE_X34Y4          FDRE                                         r  bd_0_i/hls_inst/inst/gmem2_m_axi_U/store_unit_0/buff_wdata/U_fifo_srl/dout_reg[31]/C
                         clock pessimism              0.000    10.030    
                         clock uncertainty           -0.035     9.995    
    SLICE_X34Y4          FDRE (Setup_AFF_SLICEM_C_D)
                                                      0.044    10.039    bd_0_i/hls_inst/inst/gmem2_m_axi_U/store_unit_0/buff_wdata/U_fifo_srl/dout_reg[31]
  -------------------------------------------------------------------
                         required time                         10.039    
                         arrival time                          -8.121    
  -------------------------------------------------------------------
                         slack                                  1.917    

Slack (MET) :             1.919ns  (required time - arrival time)
  Source:                 bd_0_i/hls_inst/inst/gmem2_m_axi_U/store_unit_0/buff_wdata/raddr_reg[2]_rep/C
                            (rising edge-triggered cell FDRE clocked by ap_clk  {rise@0.000ns fall@5.000ns period=10.000ns})
  Destination:            bd_0_i/hls_inst/inst/gmem2_m_axi_U/store_unit_0/buff_wdata/U_fifo_srl/dout_reg[35]/D
                            (rising edge-triggered cell FDRE clocked by ap_clk  {rise@0.000ns fall@5.000ns period=10.000ns})
  Path Group:             ap_clk
  Path Type:              Setup (Max at Slow Process Corner)
  Requirement:            10.000ns  (ap_clk rise@10.000ns - ap_clk rise@0.000ns)
  Data Path Delay:        8.076ns  (logic 0.249ns (3.083%)  route 7.827ns (96.917%))
  Logic Levels:           1  (SRLC32E=1)
  Clock Path Skew:        -0.013ns (DCD - SCD + CPR)
    Destination Clock Delay (DCD):    0.030ns = ( 10.030 - 10.000 ) 
    Source Clock Delay      (SCD):    0.043ns
    Clock Pessimism Removal (CPR):    0.000ns
  Clock Uncertainty:      0.035ns  ((TSJ^2 + TIJ^2)^1/2 + DJ) / 2 + PE
    Total System Jitter     (TSJ):    0.071ns
    Total Input Jitter      (TIJ):    0.000ns
    Discrete Jitter          (DJ):    0.000ns
    Phase Error              (PE):    0.000ns

    Location             Delay type                Incr(ns)  Path(ns)    Netlist Resource(s)
  -------------------------------------------------------------------    -------------------
                         (clock ap_clk rise edge)     0.000     0.000 r  
                                                      0.000     0.000 r  ap_clk (IN)
                         net (fo=41391, unset)        0.043     0.043    bd_0_i/hls_inst/inst/gmem2_m_axi_U/store_unit_0/buff_wdata/ap_clk
    SLICE_X21Y119        FDRE                                         r  bd_0_i/hls_inst/inst/gmem2_m_axi_U/store_unit_0/buff_wdata/raddr_reg[2]_rep/C
  -------------------------------------------------------------------    -------------------
    SLICE_X21Y119        FDRE (Prop_HFF2_SLICEM_C_Q)
                                                      0.114     0.157 r  bd_0_i/hls_inst/inst/gmem2_m_axi_U/store_unit_0/buff_wdata/raddr_reg[2]_rep/Q
                         net (fo=576, routed)         7.323     7.480    bd_0_i/hls_inst/inst/gmem2_m_axi_U/store_unit_0/buff_wdata/U_fifo_srl/A[2]
    SLICE_X32Y3          SRLC32E (Prop_F6LUT_SLICEM_A[2]_Q)
                                                      0.135     7.615 r  bd_0_i/hls_inst/inst/gmem2_m_axi_U/store_unit_0/buff_wdata/U_fifo_srl/mem_reg[30][35]_srl31/Q
                         net (fo=1, routed)           0.504     8.119    bd_0_i/hls_inst/inst/gmem2_m_axi_U/store_unit_0/buff_wdata/U_fifo_srl/mem_reg[30][35]_srl31_n_3
    SLICE_X34Y4          FDRE                                         r  bd_0_i/hls_inst/inst/gmem2_m_axi_U/store_unit_0/buff_wdata/U_fifo_srl/dout_reg[35]/D
  -------------------------------------------------------------------    -------------------

                         (clock ap_clk rise edge)    10.000    10.000 r  
                                                      0.000    10.000 r  ap_clk (IN)
                         net (fo=41391, unset)        0.030    10.030    bd_0_i/hls_inst/inst/gmem2_m_axi_U/store_unit_0/buff_wdata/U_fifo_srl/ap_clk
    SLICE_X34Y4          FDRE                                         r  bd_0_i/hls_inst/inst/gmem2_m_axi_U/store_unit_0/buff_wdata/U_fifo_srl/dout_reg[35]/C
                         clock pessimism              0.000    10.030    
                         clock uncertainty           -0.035     9.995    
    SLICE_X34Y4          FDRE (Setup_BFF_SLICEM_C_D)
                                                      0.043    10.038    bd_0_i/hls_inst/inst/gmem2_m_axi_U/store_unit_0/buff_wdata/U_fifo_srl/dout_reg[35]
  -------------------------------------------------------------------
                         required time                         10.038    
                         arrival time                          -8.119    
  -------------------------------------------------------------------
                         slack                                  1.919    

Slack (MET) :             1.944ns  (required time - arrival time)
  Source:                 bd_0_i/hls_inst/inst/gmem2_m_axi_U/store_unit_0/buff_wdata/raddr_reg[2]_rep/C
                            (rising edge-triggered cell FDRE clocked by ap_clk  {rise@0.000ns fall@5.000ns period=10.000ns})
  Destination:            bd_0_i/hls_inst/inst/gmem2_m_axi_U/store_unit_0/buff_wdata/U_fifo_srl/dout_reg[28]/D
                            (rising edge-triggered cell FDRE clocked by ap_clk  {rise@0.000ns fall@5.000ns period=10.000ns})
  Path Group:             ap_clk
  Path Type:              Setup (Max at Slow Process Corner)
  Requirement:            10.000ns  (ap_clk rise@10.000ns - ap_clk rise@0.000ns)
  Data Path Delay:        8.052ns  (logic 0.252ns (3.129%)  route 7.800ns (96.871%))
  Logic Levels:           1  (SRLC32E=1)
  Clock Path Skew:        -0.012ns (DCD - SCD + CPR)
    Destination Clock Delay (DCD):    0.031ns = ( 10.031 - 10.000 ) 
    Source Clock Delay      (SCD):    0.043ns
    Clock Pessimism Removal (CPR):    0.000ns
  Clock Uncertainty:      0.035ns  ((TSJ^2 + TIJ^2)^1/2 + DJ) / 2 + PE
    Total System Jitter     (TSJ):    0.071ns
    Total Input Jitter      (TIJ):    0.000ns
    Discrete Jitter          (DJ):    0.000ns
    Phase Error              (PE):    0.000ns

    Location             Delay type                Incr(ns)  Path(ns)    Netlist Resource(s)
  -------------------------------------------------------------------    -------------------
                         (clock ap_clk rise edge)     0.000     0.000 r  
                                                      0.000     0.000 r  ap_clk (IN)
                         net (fo=41391, unset)        0.043     0.043    bd_0_i/hls_inst/inst/gmem2_m_axi_U/store_unit_0/buff_wdata/ap_clk
    SLICE_X21Y119        FDRE                                         r  bd_0_i/hls_inst/inst/gmem2_m_axi_U/store_unit_0/buff_wdata/raddr_reg[2]_rep/C
  -------------------------------------------------------------------    -------------------
    SLICE_X21Y119        FDRE (Prop_HFF2_SLICEM_C_Q)
                                                      0.114     0.157 r  bd_0_i/hls_inst/inst/gmem2_m_axi_U/store_unit_0/buff_wdata/raddr_reg[2]_rep/Q
                         net (fo=576, routed)         7.438     7.595    bd_0_i/hls_inst/inst/gmem2_m_axi_U/store_unit_0/buff_wdata/U_fifo_srl/A[2]
    SLICE_X32Y3          SRLC32E (Prop_H6LUT_SLICEM_A[2]_Q)
                                                      0.138     7.733 r  bd_0_i/hls_inst/inst/gmem2_m_axi_U/store_unit_0/buff_wdata/U_fifo_srl/mem_reg[30][28]_srl31/Q
                         net (fo=1, routed)           0.362     8.095    bd_0_i/hls_inst/inst/gmem2_m_axi_U/store_unit_0/buff_wdata/U_fifo_srl/mem_reg[30][28]_srl31_n_3
    SLICE_X32Y5          FDRE                                         r  bd_0_i/hls_inst/inst/gmem2_m_axi_U/store_unit_0/buff_wdata/U_fifo_srl/dout_reg[28]/D
  -------------------------------------------------------------------    -------------------

                         (clock ap_clk rise edge)    10.000    10.000 r  
                                                      0.000    10.000 r  ap_clk (IN)
                         net (fo=41391, unset)        0.031    10.031    bd_0_i/hls_inst/inst/gmem2_m_axi_U/store_unit_0/buff_wdata/U_fifo_srl/ap_clk
    SLICE_X32Y5          FDRE                                         r  bd_0_i/hls_inst/inst/gmem2_m_axi_U/store_unit_0/buff_wdata/U_fifo_srl/dout_reg[28]/C
                         clock pessimism              0.000    10.031    
                         clock uncertainty           -0.035     9.996    
    SLICE_X32Y5          FDRE (Setup_EFF_SLICEM_C_D)
                                                      0.044    10.040    bd_0_i/hls_inst/inst/gmem2_m_axi_U/store_unit_0/buff_wdata/U_fifo_srl/dout_reg[28]
  -------------------------------------------------------------------
                         required time                         10.040    
                         arrival time                          -8.095    
  -------------------------------------------------------------------
                         slack                                  1.944    

Slack (MET) :             1.948ns  (required time - arrival time)
  Source:                 bd_0_i/hls_inst/inst/gmem2_m_axi_U/store_unit_0/buff_wdata/raddr_reg[2]_rep/C
                            (rising edge-triggered cell FDRE clocked by ap_clk  {rise@0.000ns fall@5.000ns period=10.000ns})
  Destination:            bd_0_i/hls_inst/inst/gmem2_m_axi_U/store_unit_0/buff_wdata/U_fifo_srl/dout_reg[32]/D
                            (rising edge-triggered cell FDRE clocked by ap_clk  {rise@0.000ns fall@5.000ns period=10.000ns})
  Path Group:             ap_clk
  Path Type:              Setup (Max at Slow Process Corner)
  Requirement:            10.000ns  (ap_clk rise@10.000ns - ap_clk rise@0.000ns)
  Data Path Delay:        8.049ns  (logic 0.251ns (3.118%)  route 7.798ns (96.882%))
  Logic Levels:           1  (SRLC32E=1)
  Clock Path Skew:        -0.012ns (DCD - SCD + CPR)
    Destination Clock Delay (DCD):    0.031ns = ( 10.031 - 10.000 ) 
    Source Clock Delay      (SCD):    0.043ns
    Clock Pessimism Removal (CPR):    0.000ns
  Clock Uncertainty:      0.035ns  ((TSJ^2 + TIJ^2)^1/2 + DJ) / 2 + PE
    Total System Jitter     (TSJ):    0.071ns
    Total Input Jitter      (TIJ):    0.000ns
    Discrete Jitter          (DJ):    0.000ns
    Phase Error              (PE):    0.000ns

    Location             Delay type                Incr(ns)  Path(ns)    Netlist Resource(s)
  -------------------------------------------------------------------    -------------------
                         (clock ap_clk rise edge)     0.000     0.000 r  
                                                      0.000     0.000 r  ap_clk (IN)
                         net (fo=41391, unset)        0.043     0.043    bd_0_i/hls_inst/inst/gmem2_m_axi_U/store_unit_0/buff_wdata/ap_clk
    SLICE_X21Y119        FDRE                                         r  bd_0_i/hls_inst/inst/gmem2_m_axi_U/store_unit_0/buff_wdata/raddr_reg[2]_rep/C
  -------------------------------------------------------------------    -------------------
    SLICE_X21Y119        FDRE (Prop_HFF2_SLICEM_C_Q)
                                                      0.114     0.157 r  bd_0_i/hls_inst/inst/gmem2_m_axi_U/store_unit_0/buff_wdata/raddr_reg[2]_rep/Q
                         net (fo=576, routed)         7.495     7.652    bd_0_i/hls_inst/inst/gmem2_m_axi_U/store_unit_0/buff_wdata/U_fifo_srl/A[2]
    SLICE_X31Y4          SRLC32E (Prop_G6LUT_SLICEM_A[2]_Q)
                                                      0.137     7.789 r  bd_0_i/hls_inst/inst/gmem2_m_axi_U/store_unit_0/buff_wdata/U_fifo_srl/mem_reg[30][32]_srl31/Q
                         net (fo=1, routed)           0.303     8.092    bd_0_i/hls_inst/inst/gmem2_m_axi_U/store_unit_0/buff_wdata/U_fifo_srl/mem_reg[30][32]_srl31_n_3
    SLICE_X32Y5          FDRE                                         r  bd_0_i/hls_inst/inst/gmem2_m_axi_U/store_unit_0/buff_wdata/U_fifo_srl/dout_reg[32]/D
  -------------------------------------------------------------------    -------------------

                         (clock ap_clk rise edge)    10.000    10.000 r  
                                                      0.000    10.000 r  ap_clk (IN)
                         net (fo=41391, unset)        0.031    10.031    bd_0_i/hls_inst/inst/gmem2_m_axi_U/store_unit_0/buff_wdata/U_fifo_srl/ap_clk
    SLICE_X32Y5          FDRE                                         r  bd_0_i/hls_inst/inst/gmem2_m_axi_U/store_unit_0/buff_wdata/U_fifo_srl/dout_reg[32]/C
                         clock pessimism              0.000    10.031    
                         clock uncertainty           -0.035     9.996    
    SLICE_X32Y5          FDRE (Setup_FFF2_SLICEM_C_D)
                                                      0.045    10.041    bd_0_i/hls_inst/inst/gmem2_m_axi_U/store_unit_0/buff_wdata/U_fifo_srl/dout_reg[32]
  -------------------------------------------------------------------
                         required time                         10.041    
                         arrival time                          -8.092    
  -------------------------------------------------------------------
                         slack                                  1.948    

Slack (MET) :             1.951ns  (required time - arrival time)
  Source:                 bd_0_i/hls_inst/inst/gmem2_m_axi_U/store_unit_0/buff_wdata/raddr_reg[2]_rep/C
                            (rising edge-triggered cell FDRE clocked by ap_clk  {rise@0.000ns fall@5.000ns period=10.000ns})
  Destination:            bd_0_i/hls_inst/inst/gmem2_m_axi_U/store_unit_0/buff_wdata/U_fifo_srl/dout_reg[29]/D
                            (rising edge-triggered cell FDRE clocked by ap_clk  {rise@0.000ns fall@5.000ns period=10.000ns})
  Path Group:             ap_clk
  Path Type:              Setup (Max at Slow Process Corner)
  Requirement:            10.000ns  (ap_clk rise@10.000ns - ap_clk rise@0.000ns)
  Data Path Delay:        8.046ns  (logic 0.252ns (3.132%)  route 7.794ns (96.868%))
  Logic Levels:           1  (SRLC32E=1)
  Clock Path Skew:        -0.012ns (DCD - SCD + CPR)
    Destination Clock Delay (DCD):    0.031ns = ( 10.031 - 10.000 ) 
    Source Clock Delay      (SCD):    0.043ns
    Clock Pessimism Removal (CPR):    0.000ns
  Clock Uncertainty:      0.035ns  ((TSJ^2 + TIJ^2)^1/2 + DJ) / 2 + PE
    Total System Jitter     (TSJ):    0.071ns
    Total Input Jitter      (TIJ):    0.000ns
    Discrete Jitter          (DJ):    0.000ns
    Phase Error              (PE):    0.000ns

    Location             Delay type                Incr(ns)  Path(ns)    Netlist Resource(s)
  -------------------------------------------------------------------    -------------------
                         (clock ap_clk rise edge)     0.000     0.000 r  
                                                      0.000     0.000 r  ap_clk (IN)
                         net (fo=41391, unset)        0.043     0.043    bd_0_i/hls_inst/inst/gmem2_m_axi_U/store_unit_0/buff_wdata/ap_clk
    SLICE_X21Y119        FDRE                                         r  bd_0_i/hls_inst/inst/gmem2_m_axi_U/store_unit_0/buff_wdata/raddr_reg[2]_rep/C
  -------------------------------------------------------------------    -------------------
    SLICE_X21Y119        FDRE (Prop_HFF2_SLICEM_C_Q)
                                                      0.114     0.157 r  bd_0_i/hls_inst/inst/gmem2_m_axi_U/store_unit_0/buff_wdata/raddr_reg[2]_rep/Q
                         net (fo=576, routed)         7.499     7.656    bd_0_i/hls_inst/inst/gmem2_m_axi_U/store_unit_0/buff_wdata/U_fifo_srl/A[2]
    SLICE_X31Y4          SRLC32E (Prop_H6LUT_SLICEM_A[2]_Q)
                                                      0.138     7.794 r  bd_0_i/hls_inst/inst/gmem2_m_axi_U/store_unit_0/buff_wdata/U_fifo_srl/mem_reg[30][29]_srl31/Q
                         net (fo=1, routed)           0.295     8.089    bd_0_i/hls_inst/inst/gmem2_m_axi_U/store_unit_0/buff_wdata/U_fifo_srl/mem_reg[30][29]_srl31_n_3
    SLICE_X32Y5          FDRE                                         r  bd_0_i/hls_inst/inst/gmem2_m_axi_U/store_unit_0/buff_wdata/U_fifo_srl/dout_reg[29]/D
  -------------------------------------------------------------------    -------------------

                         (clock ap_clk rise edge)    10.000    10.000 r  
                                                      0.000    10.000 r  ap_clk (IN)
                         net (fo=41391, unset)        0.031    10.031    bd_0_i/hls_inst/inst/gmem2_m_axi_U/store_unit_0/buff_wdata/U_fifo_srl/ap_clk
    SLICE_X32Y5          FDRE                                         r  bd_0_i/hls_inst/inst/gmem2_m_axi_U/store_unit_0/buff_wdata/U_fifo_srl/dout_reg[29]/C
                         clock pessimism              0.000    10.031    
                         clock uncertainty           -0.035     9.996    
    SLICE_X32Y5          FDRE (Setup_EFF2_SLICEM_C_D)
                                                      0.045    10.041    bd_0_i/hls_inst/inst/gmem2_m_axi_U/store_unit_0/buff_wdata/U_fifo_srl/dout_reg[29]
  -------------------------------------------------------------------
                         required time                         10.041    
                         arrival time                          -8.089    
  -------------------------------------------------------------------
                         slack                                  1.951    

Slack (MET) :             1.982ns  (required time - arrival time)
  Source:                 bd_0_i/hls_inst/inst/gemm_compute_U0/grp_gemm_compute_Pipeline_COMP_I_fu_2924/i_outer_fu_840_reg[5]/C
                            (rising edge-triggered cell FDRE clocked by ap_clk  {rise@0.000ns fall@5.000ns period=10.000ns})
  Destination:            bd_0_i/hls_inst/inst/gemm_compute_U0/grp_gemm_compute_Pipeline_COMP_I_fu_2924/mac_muladd_16s_16s_32s_32_4_1_U619/gemm_stage_mac_muladd_16s_16s_32s_32_4_1_DSP48_0_U/p_reg_reg/DSP_A_B_DATA_INST/A[28]
                            (rising edge-triggered cell DSP_A_B_DATA clocked by ap_clk  {rise@0.000ns fall@5.000ns period=10.000ns})
  Path Group:             ap_clk
  Path Type:              Setup (Max at Slow Process Corner)
  Requirement:            10.000ns  (ap_clk rise@10.000ns - ap_clk rise@0.000ns)
  Data Path Delay:        7.438ns  (logic 0.444ns (5.970%)  route 6.994ns (94.030%))
  Logic Levels:           2  (LUT3=1 MUXF8=1)
  Clock Path Skew:        0.012ns (DCD - SCD + CPR)
    Destination Clock Delay (DCD):    0.055ns = ( 10.055 - 10.000 ) 
    Source Clock Delay      (SCD):    0.043ns
    Clock Pessimism Removal (CPR):    0.000ns
  Clock Uncertainty:      0.035ns  ((TSJ^2 + TIJ^2)^1/2 + DJ) / 2 + PE
    Total System Jitter     (TSJ):    0.071ns
    Total Input Jitter      (TIJ):    0.000ns
    Discrete Jitter          (DJ):    0.000ns
    Phase Error              (PE):    0.000ns

    Location             Delay type                Incr(ns)  Path(ns)    Netlist Resource(s)
  -------------------------------------------------------------------    -------------------
                         (clock ap_clk rise edge)     0.000     0.000 r  
                                                      0.000     0.000 r  ap_clk (IN)
                         net (fo=41391, unset)        0.043     0.043    bd_0_i/hls_inst/inst/gemm_compute_U0/grp_gemm_compute_Pipeline_COMP_I_fu_2924/ap_clk
    SLICE_X17Y36         FDRE                                         r  bd_0_i/hls_inst/inst/gemm_compute_U0/grp_gemm_compute_Pipeline_COMP_I_fu_2924/i_outer_fu_840_reg[5]/C
  -------------------------------------------------------------------    -------------------
    SLICE_X17Y36         FDRE (Prop_DFF2_SLICEM_C_Q)
                                                      0.115     0.158 r  bd_0_i/hls_inst/inst/gemm_compute_U0/grp_gemm_compute_Pipeline_COMP_I_fu_2924/i_outer_fu_840_reg[5]/Q
                         net (fo=4, routed)           0.285     0.443    bd_0_i/hls_inst/inst/gemm_compute_U0/grp_gemm_compute_Pipeline_COMP_I_fu_2924/flow_control_loop_pipe_sequential_init_U/i_outer_fu_840_reg[6]_0
    SLICE_X17Y36         LUT3 (Prop_A5LUT_SLICEM_I0_O)
                                                      0.225     0.668 r  bd_0_i/hls_inst/inst/gemm_compute_U0/grp_gemm_compute_Pipeline_COMP_I_fu_2924/flow_control_loop_pipe_sequential_init_U/p_reg_reg_i_35__2/O
                         net (fo=64, routed)          0.897     1.565    bd_0_i/hls_inst/inst/gemm_compute_U0/grp_gemm_compute_Pipeline_COMP_LOAD_XW_fu_2660/DSP_A_B_DATA_INST
    SLICE_X19Y12         MUXF8 (Prop_F8MUX_TOP_SLICEL_S_O)
                                                      0.104     1.669 r  bd_0_i/hls_inst/inst/gemm_compute_U0/grp_gemm_compute_Pipeline_COMP_LOAD_XW_fu_2660/p_reg_reg_i_1__0/O
                         net (fo=960, routed)         5.812     7.481    bd_0_i/hls_inst/inst/gemm_compute_U0/grp_gemm_compute_Pipeline_COMP_I_fu_2924/mac_muladd_16s_16s_32s_32_4_1_U619/gemm_stage_mac_muladd_16s_16s_32s_32_4_1_DSP48_0_U/p_reg_reg/A[28]
    DSP48E2_X12Y50       DSP_A_B_DATA                                 r  bd_0_i/hls_inst/inst/gemm_compute_U0/grp_gemm_compute_Pipeline_COMP_I_fu_2924/mac_muladd_16s_16s_32s_32_4_1_U619/gemm_stage_mac_muladd_16s_16s_32s_32_4_1_DSP48_0_U/p_reg_reg/DSP_A_B_DATA_INST/A[28]
  -------------------------------------------------------------------    -------------------

                         (clock ap_clk rise edge)    10.000    10.000 r  
                                                      0.000    10.000 r  ap_clk (IN)
                         net (fo=41391, unset)        0.055    10.055    bd_0_i/hls_inst/inst/gemm_compute_U0/grp_gemm_compute_Pipeline_COMP_I_fu_2924/mac_muladd_16s_16s_32s_32_4_1_U619/gemm_stage_mac_muladd_16s_16s_32s_32_4_1_DSP48_0_U/p_reg_reg/CLK
    DSP48E2_X12Y50       DSP_A_B_DATA                                 r  bd_0_i/hls_inst/inst/gemm_compute_U0/grp_gemm_compute_Pipeline_COMP_I_fu_2924/mac_muladd_16s_16s_32s_32_4_1_U619/gemm_stage_mac_muladd_16s_16s_32s_32_4_1_DSP48_0_U/p_reg_reg/DSP_A_B_DATA_INST/CLK
                         clock pessimism              0.000    10.055    
                         clock uncertainty           -0.035    10.020    
    DSP48E2_X12Y50       DSP_A_B_DATA (Setup_DSP_A_B_DATA_DSP48E2_CLK_A[28])
                                                     -0.557     9.463    bd_0_i/hls_inst/inst/gemm_compute_U0/grp_gemm_compute_Pipeline_COMP_I_fu_2924/mac_muladd_16s_16s_32s_32_4_1_U619/gemm_stage_mac_muladd_16s_16s_32s_32_4_1_DSP48_0_U/p_reg_reg/DSP_A_B_DATA_INST
  -------------------------------------------------------------------
                         required time                          9.463    
                         arrival time                          -7.481    
  -------------------------------------------------------------------
                         slack                                  1.982    




