Copyright 1986-2022 Xilinx, Inc. All Rights Reserved. Copyright 2022-2025 Advanced Micro Devices, Inc. All Rights Reserved.
--------------------------------------------------------------------------------------------------------------------------------------------------
| Tool Version      : Vivado v.2025.2 (lin64) Build 6299465 Fri Nov 14 12:34:56 MST 2025
| Date              : Wed Apr 15 15:23:33 2026
| Host              : nat-Yoga-Pro-9-16IAH10 running 64-bit Ubuntu 24.04.3 LTS
| Command           : report_timing_summary -file ./report/naive_spmm_stage_timing_synth.rpt
| Design            : bd_0_wrapper
| Device            : xck26-sfvc784
| Speed File        : -2LV  PRODUCTION 1.30 05-15-2022
| Design State      : Synthesized
| Temperature Grade : C
--------------------------------------------------------------------------------------------------------------------------------------------------

Timing Summary Report

------------------------------------------------------------------------------------------------
| Timer Settings
| --------------
------------------------------------------------------------------------------------------------

  Enable Multi Corner Analysis               :  Yes
  Enable Pessimism Removal                   :  Yes
  Pessimism Removal Resolution               :  Nearest Common Node
  Enable Input Delay Default Clock           :  No
  Enable Preset / Clear Arcs                 :  No
  Disable Flight Delays                      :  No
  Ignore I/O Paths                           :  No
  Timing Early Launch at Borrowing Latches   :  No
  Borrow Time for Max Delay Exceptions       :  Yes
  Merge Timing Exceptions                    :  Yes
  Inter-SLR Compensation                     :  Conservative

  Corner  Analyze    Analyze    
  Name    Max Paths  Min Paths  
  ------  ---------  ---------  
  Slow    Yes        Yes        
  Fast    Yes        Yes        


------------------------------------------------------------------------------------------------
| Report Methodology
| ------------------
------------------------------------------------------------------------------------------------

No report available as report_methodology has not been run prior. Run report_methodology on the current design for the summary of methodology violations.



check_timing report

Table of Contents
-----------------
1. checking no_clock (0)
2. checking constant_clock (0)
3. checking pulse_width_clock (0)
4. checking unconstrained_internal_endpoints (0)
5. checking no_input_delay (198)
6. checking no_output_delay (418)
7. checking multiple_clock (0)
8. checking generated_clocks (0)
9. checking loops (0)
10. checking partial_input_delay (0)
11. checking partial_output_delay (0)
12. checking latch_loops (0)

1. checking no_clock (0)
------------------------
 There are 0 register/latch pins with no clock.


2. checking constant_clock (0)
------------------------------
 There are 0 register/latch pins with constant_clock.


3. checking pulse_width_clock (0)
---------------------------------
 There are 0 register/latch pins which need pulse_width check


4. checking unconstrained_internal_endpoints (0)
------------------------------------------------
 There are 0 pins that are not constrained for maximum delay.

 There are 0 pins that are not constrained for maximum delay due to constant clock.


5. checking no_input_delay (198)
--------------------------------
 There are 198 input ports with no input delay specified. (HIGH)

 There are 0 input ports with no input delay but user has a false path constraint.


6. checking no_output_delay (418)
---------------------------------
 There are 418 ports with no output delay specified. (HIGH)

 There are 0 ports with no output delay but user has a false path constraint

 There are 0 ports with no output delay but with a timing clock defined on it or propagating through it


7. checking multiple_clock (0)
------------------------------
 There are 0 register/latch pins with multiple clocks.


8. checking generated_clocks (0)
--------------------------------
 There are 0 generated clocks that are not connected to a clock source.


9. checking loops (0)
---------------------
 There are 0 combinational loops in the design.


10. checking partial_input_delay (0)
------------------------------------
 There are 0 input ports with partial input delay specified.


11. checking partial_output_delay (0)
-------------------------------------
 There are 0 ports with partial output delay specified.


12. checking latch_loops (0)
----------------------------
 There are 0 combinational latch loops in the design through latch input



------------------------------------------------------------------------------------------------
| Design Timing Summary
| ---------------------
------------------------------------------------------------------------------------------------

    WNS(ns)      TNS(ns)  TNS Failing Endpoints  TNS Total Endpoints      WHS(ns)      THS(ns)  THS Failing Endpoints  THS Total Endpoints     WPWS(ns)     TPWS(ns)  TPWS Failing Endpoints  TPWS Total Endpoints  
    -------      -------  ---------------------  -------------------      -------      -------  ---------------------  -------------------     --------     --------  ----------------------  --------------------  
      4.175        0.000                      0                21436        0.078        0.000                      0                21436        4.238        0.000                       0                 10665  


All user specified timing constraints are met.


------------------------------------------------------------------------------------------------
| Clock Summary
| -------------
------------------------------------------------------------------------------------------------

Clock   Waveform(ns)       Period(ns)      Frequency(MHz)
-----   ------------       ----------      --------------
ap_clk  {0.000 5.000}      10.000          100.000         


------------------------------------------------------------------------------------------------
| Intra Clock Table
| -----------------
------------------------------------------------------------------------------------------------

Clock             WNS(ns)      TNS(ns)  TNS Failing Endpoints  TNS Total Endpoints      WHS(ns)      THS(ns)  THS Failing Endpoints  THS Total Endpoints     WPWS(ns)     TPWS(ns)  TPWS Failing Endpoints  TPWS Total Endpoints  
-----             -------      -------  ---------------------  -------------------      -------      -------  ---------------------  -------------------     --------     --------  ----------------------  --------------------  
ap_clk              4.175        0.000                      0                21436        0.078        0.000                      0                21436        4.238        0.000                       0                 10665  


------------------------------------------------------------------------------------------------
| Inter Clock Table
| -----------------
------------------------------------------------------------------------------------------------

From Clock    To Clock          WNS(ns)      TNS(ns)  TNS Failing Endpoints  TNS Total Endpoints      WHS(ns)      THS(ns)  THS Failing Endpoints  THS Total Endpoints  
----------    --------          -------      -------  ---------------------  -------------------      -------      -------  ---------------------  -------------------  


------------------------------------------------------------------------------------------------
| Other Path Groups Table
| -----------------------
------------------------------------------------------------------------------------------------

Path Group    From Clock    To Clock          WNS(ns)      TNS(ns)  TNS Failing Endpoints  TNS Total Endpoints      WHS(ns)      THS(ns)  THS Failing Endpoints  THS Total Endpoints  
----------    ----------    --------          -------      -------  ---------------------  -------------------      -------      -------  ---------------------  -------------------  


------------------------------------------------------------------------------------------------
| Timing Details
| --------------
------------------------------------------------------------------------------------------------


---------------------------------------------------------------------------------------------------
From Clock:  ap_clk
  To Clock:  ap_clk

Setup :            0  Failing Endpoints,  Worst Slack        4.175ns,  Total Violation        0.000ns
Hold  :            0  Failing Endpoints,  Worst Slack        0.078ns,  Total Violation        0.000ns
PW    :            0  Failing Endpoints,  Worst Slack        4.238ns,  Total Violation        0.000ns
---------------------------------------------------------------------------------------------------


Max Delay Paths
--------------------------------------------------------------------------------------
Slack (MET) :             4.175ns  (required time - arrival time)
  Source:                 bd_0_i/hls_inst/inst/grp_naive_spmm_stage_Pipeline_SPMM_NNZ_fu_1046/ap_CS_fsm_reg[28]/C
                            (rising edge-triggered cell FDRE clocked by ap_clk  {rise@0.000ns fall@5.000ns period=10.000ns})
  Destination:            bd_0_i/hls_inst/inst/grp_naive_spmm_stage_Pipeline_SPMM_NNZ_fu_1046/conv_i_i13_1625_fu_422_reg[31]/D
                            (rising edge-triggered cell FDRE clocked by ap_clk  {rise@0.000ns fall@5.000ns period=10.000ns})
  Path Group:             ap_clk
  Path Type:              Setup (Max at Slow Process Corner)
  Requirement:            10.000ns  (ap_clk rise@10.000ns - ap_clk rise@0.000ns)
  Data Path Delay:        5.822ns  (logic 4.051ns (69.581%)  route 1.771ns (30.419%))
  Logic Levels:           19  (CARRY8=5 DSP_A_B_DATA=1 DSP_ALU=2 DSP_M_DATA=1 DSP_MULTIPLIER=1 DSP_OUTPUT=2 DSP_PREADD_DATA=1 LUT2=1 LUT3=1 LUT4=2 LUT5=1 LUT6=1)
  Clock Path Skew:        -0.012ns (DCD - SCD + CPR)
    Destination Clock Delay (DCD):    0.029ns = ( 10.029 - 10.000 ) 
    Source Clock Delay      (SCD):    0.041ns
    Clock Pessimism Removal (CPR):    0.000ns
  Clock Uncertainty:      0.035ns  ((TSJ^2 + TIJ^2)^1/2 + DJ) / 2 + PE
    Total System Jitter     (TSJ):    0.071ns
    Total Input Jitter      (TIJ):    0.000ns
    Discrete Jitter          (DJ):    0.000ns
    Phase Error              (PE):    0.000ns

    Location             Delay type                Incr(ns)  Path(ns)    Netlist Resource(s)
  -------------------------------------------------------------------    -------------------
                         (clock ap_clk rise edge)     0.000     0.000 r  
                                                      0.000     0.000 r  ap_clk (IN)
                         net (fo=10674, unset)        0.041     0.041    bd_0_i/hls_inst/inst/grp_naive_spmm_stage_Pipeline_SPMM_NNZ_fu_1046/ap_clk
                         FDRE                                         r  bd_0_i/hls_inst/inst/grp_naive_spmm_stage_Pipeline_SPMM_NNZ_fu_1046/ap_CS_fsm_reg[28]/C
  -------------------------------------------------------------------    -------------------
                         FDRE (Prop_FDRE_C_Q)         0.114     0.155 r  bd_0_i/hls_inst/inst/grp_naive_spmm_stage_Pipeline_SPMM_NNZ_fu_1046/ap_CS_fsm_reg[28]/Q
                         net (fo=3, unplaced)         0.113     0.268    bd_0_i/hls_inst/inst/grp_naive_spmm_stage_Pipeline_SPMM_NNZ_fu_1046/mul_26s_26s_52_1_1_U2/ap_CS_fsm_pp0_stage28
                         LUT4 (Prop_LUT4_I0_O)        0.152     0.420 r  bd_0_i/hls_inst/inst/grp_naive_spmm_stage_Pipeline_SPMM_NNZ_fu_1046/mul_26s_26s_52_1_1_U2/tmp_product_i_65/O
                         net (fo=1, unplaced)         0.211     0.631    bd_0_i/hls_inst/inst/grp_naive_spmm_stage_Pipeline_SPMM_NNZ_fu_1046/mul_26s_26s_52_1_1_U2/tmp_product_i_65_n_0
                         LUT5 (Prop_LUT5_I4_O)        0.058     0.689 r  bd_0_i/hls_inst/inst/grp_naive_spmm_stage_Pipeline_SPMM_NNZ_fu_1046/mul_26s_26s_52_1_1_U2/tmp_product_i_51/O
                         net (fo=3, unplaced)         0.217     0.906    bd_0_i/hls_inst/inst/grp_naive_spmm_stage_Pipeline_SPMM_NNZ_fu_1046/mul_26s_26s_52_1_1_U2/ap_CS_fsm_reg[20]
                         LUT4 (Prop_LUT4_I1_O)        0.058     0.964 r  bd_0_i/hls_inst/inst/grp_naive_spmm_stage_Pipeline_SPMM_NNZ_fu_1046/mul_26s_26s_52_1_1_U2/tmp_product_i_39/O
                         net (fo=16, unplaced)        0.255     1.219    bd_0_i/hls_inst/inst/grp_naive_spmm_stage_Pipeline_SPMM_NNZ_fu_1046/mul_26s_26s_52_1_1_U2/tmp_product_i_39_n_0
                         LUT6 (Prop_LUT6_I4_O)        0.058     1.277 f  bd_0_i/hls_inst/inst/grp_naive_spmm_stage_Pipeline_SPMM_NNZ_fu_1046/mul_26s_26s_52_1_1_U2/tmp_product_i_11/O
                         net (fo=1, unplaced)         0.248     1.525    bd_0_i/hls_inst/inst/grp_naive_spmm_stage_Pipeline_SPMM_NNZ_fu_1046/mul_26s_26s_52_1_1_U2/tmp_product/A[24]
                         DSP_A_B_DATA (Prop_DSP_A_B_DATA_A[24]_A2_DATA[24])
                                                      0.258     1.783 r  bd_0_i/hls_inst/inst/grp_naive_spmm_stage_Pipeline_SPMM_NNZ_fu_1046/mul_26s_26s_52_1_1_U2/tmp_product/DSP_A_B_DATA_INST/A2_DATA[24]
                         net (fo=1, unplaced)         0.000     1.783    bd_0_i/hls_inst/inst/grp_naive_spmm_stage_Pipeline_SPMM_NNZ_fu_1046/mul_26s_26s_52_1_1_U2/tmp_product/DSP_A_B_DATA.A2_DATA<24>
                         DSP_PREADD_DATA (Prop_DSP_PREADD_DATA_A2_DATA[24]_A2A1[24])
                                                      0.114     1.897 r  bd_0_i/hls_inst/inst/grp_naive_spmm_stage_Pipeline_SPMM_NNZ_fu_1046/mul_26s_26s_52_1_1_U2/tmp_product/DSP_PREADD_DATA_INST/A2A1[24]
                         net (fo=1, unplaced)         0.000     1.897    bd_0_i/hls_inst/inst/grp_naive_spmm_stage_Pipeline_SPMM_NNZ_fu_1046/mul_26s_26s_52_1_1_U2/tmp_product/DSP_PREADD_DATA.A2A1<24>
                         DSP_MULTIPLIER (Prop_DSP_MULTIPLIER_A2A1[24]_U[42])
                                                      0.700     2.597 f  bd_0_i/hls_inst/inst/grp_naive_spmm_stage_Pipeline_SPMM_NNZ_fu_1046/mul_26s_26s_52_1_1_U2/tmp_product/DSP_MULTIPLIER_INST/U[42]
                         net (fo=1, unplaced)         0.000     2.597    bd_0_i/hls_inst/inst/grp_naive_spmm_stage_Pipeline_SPMM_NNZ_fu_1046/mul_26s_26s_52_1_1_U2/tmp_product/DSP_MULTIPLIER.U<42>
                         DSP_M_DATA (Prop_DSP_M_DATA_U[42]_U_DATA[42])
                                                      0.067     2.664 r  bd_0_i/hls_inst/inst/grp_naive_spmm_stage_Pipeline_SPMM_NNZ_fu_1046/mul_26s_26s_52_1_1_U2/tmp_product/DSP_M_DATA_INST/U_DATA[42]
                         net (fo=1, unplaced)         0.000     2.664    bd_0_i/hls_inst/inst/grp_naive_spmm_stage_Pipeline_SPMM_NNZ_fu_1046/mul_26s_26s_52_1_1_U2/tmp_product/DSP_M_DATA.U_DATA<42>
                         DSP_ALU (Prop_DSP_ALU_U_DATA[42]_ALU_OUT[47])
                                                      0.727     3.391 f  bd_0_i/hls_inst/inst/grp_naive_spmm_stage_Pipeline_SPMM_NNZ_fu_1046/mul_26s_26s_52_1_1_U2/tmp_product/DSP_ALU_INST/ALU_OUT[47]
                         net (fo=1, unplaced)         0.000     3.391    bd_0_i/hls_inst/inst/grp_naive_spmm_stage_Pipeline_SPMM_NNZ_fu_1046/mul_26s_26s_52_1_1_U2/tmp_product/DSP_ALU.ALU_OUT<47>
                         DSP_OUTPUT (Prop_DSP_OUTPUT_ALU_OUT[47]_PCOUT[47])
                                                      0.167     3.558 r  bd_0_i/hls_inst/inst/grp_naive_spmm_stage_Pipeline_SPMM_NNZ_fu_1046/mul_26s_26s_52_1_1_U2/tmp_product/DSP_OUTPUT_INST/PCOUT[47]
                         net (fo=1, unplaced)         0.014     3.572    bd_0_i/hls_inst/inst/grp_naive_spmm_stage_Pipeline_SPMM_NNZ_fu_1046/mul_26s_26s_52_1_1_U2/tmp_product__0/PCIN[47]
                         DSP_ALU (Prop_DSP_ALU_PCIN[47]_ALU_OUT[6])
                                                      0.739     4.311 f  bd_0_i/hls_inst/inst/grp_naive_spmm_stage_Pipeline_SPMM_NNZ_fu_1046/mul_26s_26s_52_1_1_U2/tmp_product__0/DSP_ALU_INST/ALU_OUT[6]
                         net (fo=1, unplaced)         0.000     4.311    bd_0_i/hls_inst/inst/grp_naive_spmm_stage_Pipeline_SPMM_NNZ_fu_1046/mul_26s_26s_52_1_1_U2/tmp_product__0/DSP_ALU.ALU_OUT<6>
                         DSP_OUTPUT (Prop_DSP_OUTPUT_ALU_OUT[6]_P[6])
                                                      0.146     4.457 r  bd_0_i/hls_inst/inst/grp_naive_spmm_stage_Pipeline_SPMM_NNZ_fu_1046/mul_26s_26s_52_1_1_U2/tmp_product__0/DSP_OUTPUT_INST/P[6]
                         net (fo=64, unplaced)        0.385     4.842    bd_0_i/hls_inst/inst/grp_naive_spmm_stage_Pipeline_SPMM_NNZ_fu_1046/mul_26s_26s_52_1_1_U2/grp_fu_1498_p2[23]
                         LUT2 (Prop_LUT2_I1_O)        0.057     4.899 r  bd_0_i/hls_inst/inst/grp_naive_spmm_stage_Pipeline_SPMM_NNZ_fu_1046/mul_26s_26s_52_1_1_U2/conv_i_i13_1625_fu_422[6]_i_6/O
                         net (fo=1, unplaced)         0.026     4.925    bd_0_i/hls_inst/inst/grp_naive_spmm_stage_Pipeline_SPMM_NNZ_fu_1046/mul_26s_26s_52_1_1_U2/conv_i_i13_1625_fu_422[6]_i_6_n_0
                         CARRY8 (Prop_CARRY8_S[4]_CO[7])
                                                      0.244     5.169 r  bd_0_i/hls_inst/inst/grp_naive_spmm_stage_Pipeline_SPMM_NNZ_fu_1046/mul_26s_26s_52_1_1_U2/conv_i_i13_1625_fu_422_reg[6]_i_2/CO[7]
                         net (fo=1, unplaced)         0.006     5.175    bd_0_i/hls_inst/inst/grp_naive_spmm_stage_Pipeline_SPMM_NNZ_fu_1046/mul_26s_26s_52_1_1_U2/conv_i_i13_1625_fu_422_reg[6]_i_2_n_0
                         CARRY8 (Prop_CARRY8_CI_CO[7])
                                                      0.073     5.248 r  bd_0_i/hls_inst/inst/grp_naive_spmm_stage_Pipeline_SPMM_NNZ_fu_1046/mul_26s_26s_52_1_1_U2/conv_i_i13_1625_fu_422_reg[14]_i_2/CO[7]
                         net (fo=1, unplaced)         0.006     5.254    bd_0_i/hls_inst/inst/grp_naive_spmm_stage_Pipeline_SPMM_NNZ_fu_1046/mul_26s_26s_52_1_1_U2/conv_i_i13_1625_fu_422_reg[14]_i_2_n_0
                         CARRY8 (Prop_CARRY8_CI_CO[7])
                                                      0.073     5.327 r  bd_0_i/hls_inst/inst/grp_naive_spmm_stage_Pipeline_SPMM_NNZ_fu_1046/mul_26s_26s_52_1_1_U2/conv_i_i13_1625_fu_422_reg[22]_i_2/CO[7]
                         net (fo=1, unplaced)         0.006     5.333    bd_0_i/hls_inst/inst/grp_naive_spmm_stage_Pipeline_SPMM_NNZ_fu_1046/mul_26s_26s_52_1_1_U2/conv_i_i13_1625_fu_422_reg[22]_i_2_n_0
                         CARRY8 (Prop_CARRY8_CI_CO[7])
                                                      0.073     5.406 r  bd_0_i/hls_inst/inst/grp_naive_spmm_stage_Pipeline_SPMM_NNZ_fu_1046/mul_26s_26s_52_1_1_U2/conv_i_i13_1625_fu_422_reg[30]_i_2/CO[7]
                         net (fo=1, unplaced)         0.006     5.412    bd_0_i/hls_inst/inst/grp_naive_spmm_stage_Pipeline_SPMM_NNZ_fu_1046/mul_26s_26s_52_1_1_U2/conv_i_i13_1625_fu_422_reg[30]_i_2_n_0
                         CARRY8 (Prop_CARRY8_CI_O[0])
                                                      0.078     5.490 r  bd_0_i/hls_inst/inst/grp_naive_spmm_stage_Pipeline_SPMM_NNZ_fu_1046/mul_26s_26s_52_1_1_U2/conv_i_i13_1625_fu_422_reg[31]_i_4/O[0]
                         net (fo=1, unplaced)         0.211     5.701    bd_0_i/hls_inst/inst/grp_naive_spmm_stage_Pipeline_SPMM_NNZ_fu_1046/flow_control_loop_pipe_sequential_init_U/add_ln37_16_fu_2667_p2[31]
                         LUT3 (Prop_LUT3_I2_O)        0.095     5.796 r  bd_0_i/hls_inst/inst/grp_naive_spmm_stage_Pipeline_SPMM_NNZ_fu_1046/flow_control_loop_pipe_sequential_init_U/conv_i_i13_1625_fu_422[31]_i_2/O
                         net (fo=1, unplaced)         0.067     5.863    bd_0_i/hls_inst/inst/grp_naive_spmm_stage_Pipeline_SPMM_NNZ_fu_1046/flow_control_loop_pipe_sequential_init_U_n_577
                         FDRE                                         r  bd_0_i/hls_inst/inst/grp_naive_spmm_stage_Pipeline_SPMM_NNZ_fu_1046/conv_i_i13_1625_fu_422_reg[31]/D
  -------------------------------------------------------------------    -------------------

                         (clock ap_clk rise edge)    10.000    10.000 r  
                                                      0.000    10.000 r  ap_clk (IN)
                         net (fo=10674, unset)        0.029    10.029    bd_0_i/hls_inst/inst/grp_naive_spmm_stage_Pipeline_SPMM_NNZ_fu_1046/ap_clk
                         FDRE                                         r  bd_0_i/hls_inst/inst/grp_naive_spmm_stage_Pipeline_SPMM_NNZ_fu_1046/conv_i_i13_1625_fu_422_reg[31]/C
                         clock pessimism              0.000    10.029    
                         clock uncertainty           -0.035     9.994    
                         FDRE (Setup_FDRE_C_D)        0.044    10.038    bd_0_i/hls_inst/inst/grp_naive_spmm_stage_Pipeline_SPMM_NNZ_fu_1046/conv_i_i13_1625_fu_422_reg[31]
  -------------------------------------------------------------------
                         required time                         10.038    
                         arrival time                          -5.863    
  -------------------------------------------------------------------
                         slack                                  4.175    





Min Delay Paths
--------------------------------------------------------------------------------------
Slack (MET) :             0.078ns  (arrival time - required time)
  Source:                 bd_0_i/hls_inst/inst/grp_naive_spmm_stage_Pipeline_SPMM_WRITE_fu_1191/trunc_ln5_reg_160_reg[0]/C
                            (rising edge-triggered cell FDRE clocked by ap_clk  {rise@0.000ns fall@5.000ns period=10.000ns})
  Destination:            bd_0_i/hls_inst/inst/gmem4_m_axi_U/store_unit_0/bus_wide_gen.buff_wdata_in/U_fifo_srl/mem_reg[30][0]_srl31/D
                            (rising edge-triggered cell SRLC32E clocked by ap_clk  {rise@0.000ns fall@5.000ns period=10.000ns})
  Path Group:             ap_clk
  Path Type:              Hold (Min at Fast Process Corner)
  Requirement:            0.000ns  (ap_clk rise@0.000ns - ap_clk rise@0.000ns)
  Data Path Delay:        0.160ns  (logic 0.084ns (52.500%)  route 0.076ns (47.500%))
  Logic Levels:           0  
  Clock Path Skew:        0.043ns (DCD - SCD - CPR)
    Destination Clock Delay (DCD):    0.057ns
    Source Clock Delay      (SCD):    0.014ns
    Clock Pessimism Removal (CPR):    -0.000ns

    Location             Delay type                Incr(ns)  Path(ns)    Netlist Resource(s)
  -------------------------------------------------------------------    -------------------
                         (clock ap_clk rise edge)     0.000     0.000 r  
                                                      0.000     0.000 r  ap_clk (IN)
                         net (fo=10674, unset)        0.014     0.014    bd_0_i/hls_inst/inst/grp_naive_spmm_stage_Pipeline_SPMM_WRITE_fu_1191/ap_clk
                         FDRE                                         r  bd_0_i/hls_inst/inst/grp_naive_spmm_stage_Pipeline_SPMM_WRITE_fu_1191/trunc_ln5_reg_160_reg[0]/C
  -------------------------------------------------------------------    -------------------
                         FDRE (Prop_FDRE_C_Q)         0.084     0.098 r  bd_0_i/hls_inst/inst/grp_naive_spmm_stage_Pipeline_SPMM_WRITE_fu_1191/trunc_ln5_reg_160_reg[0]/Q
                         net (fo=1, unplaced)         0.076     0.174    bd_0_i/hls_inst/inst/gmem4_m_axi_U/store_unit_0/bus_wide_gen.buff_wdata_in/U_fifo_srl/dout_reg[15]_0[0]
                         SRLC32E                                      r  bd_0_i/hls_inst/inst/gmem4_m_axi_U/store_unit_0/bus_wide_gen.buff_wdata_in/U_fifo_srl/mem_reg[30][0]_srl31/D
  -------------------------------------------------------------------    -------------------

                         (clock ap_clk rise edge)     0.000     0.000 r  
                                                      0.000     0.000 r  ap_clk (IN)
                         net (fo=10674, unset)        0.057     0.057    bd_0_i/hls_inst/inst/gmem4_m_axi_U/store_unit_0/bus_wide_gen.buff_wdata_in/U_fifo_srl/ap_clk
                         SRLC32E                                      r  bd_0_i/hls_inst/inst/gmem4_m_axi_U/store_unit_0/bus_wide_gen.buff_wdata_in/U_fifo_srl/mem_reg[30][0]_srl31/CLK
                         clock pessimism              0.000     0.057    
                         SRLC32E (Hold_SRLC32E_CLK_D)
                                                      0.039     0.096    bd_0_i/hls_inst/inst/gmem4_m_axi_U/store_unit_0/bus_wide_gen.buff_wdata_in/U_fifo_srl/mem_reg[30][0]_srl31
  -------------------------------------------------------------------
                         required time                         -0.096    
                         arrival time                           0.174    
  -------------------------------------------------------------------
                         slack                                  0.078    





Pulse Width Checks
--------------------------------------------------------------------------------------
Clock Name:         ap_clk
Waveform(ns):       { 0.000 5.000 }
Period(ns):         10.000
Sources:            { ap_clk }

Check Type        Corner  Lib Pin             Reference Pin  Required(ns)  Actual(ns)  Slack(ns)  Location  Pin
Min Period        n/a     RAMB36E2/CLKARDCLK  n/a            1.960         10.000      8.040                bd_0_i/hls_inst/inst/acc_U/ram_reg_bram_0/CLKARDCLK
Low Pulse Width   Slow    SRL16E/CLK          n/a            0.762         5.000       4.238                bd_0_i/hls_inst/inst/bus_read/ost_ctrl_gen[0].fifo_burst/U_fifo_srl/mem_reg[14][0]_srl15/CLK
High Pulse Width  Slow    SRL16E/CLK          n/a            0.762         5.000       4.238                bd_0_i/hls_inst/inst/bus_read/ost_ctrl_gen[0].fifo_burst/U_fifo_srl/mem_reg[14][0]_srl15/CLK



