
*** Running vivado
    with args -log bd_0_wrapper.vdi -applog -m64 -product Vivado -messageDb vivado.pb -mode batch -source bd_0_wrapper.tcl -notrace


****** Vivado v2025.2 (64-bit)
  **** SW Build 6299465 on Fri Nov 14 12:34:56 MST 2025
  **** IP Build 6300035 on Fri Nov 14 10:48:45 MST 2025
  **** SharedData Build 6298862 on Thu Nov 13 04:50:51 MST 2025
  **** Start of session at: Thu Apr 16 10:23:05 2026
    ** Copyright 1986-2022 Xilinx, Inc. All Rights Reserved.
    ** Copyright 2022-2025 Advanced Micro Devices, Inc. All Rights Reserved.

source bd_0_wrapper.tcl -notrace
INFO: Dispatch client connection id - 34441
Command: open_checkpoint /home/nat/dev/trinners/mai_proj/hls/thesis-gcn-accelerator/vitis/integrated_gcn/integrated_gcn_approx/integrated_gcn_approx/hls/impl/verilog/project.runs/impl_1/bd_0_wrapper.dcp
INFO: [Device 21-403] Loading part xck26-sfvc784-2LV-c
Netlist sorting complete. Time (s): cpu = 00:00:00.49 ; elapsed = 00:00:00.49 . Memory (MB): peak = 2601.457 ; gain = 0.000 ; free physical = 41336 ; free virtual = 59641
INFO: [Netlist 29-17] Analyzing 5086 Unisim elements for replacement
INFO: [Netlist 29-28] Unisim Transformation completed in 1 CPU seconds
INFO: [Project 1-479] Netlist was created with Vivado 2025.2
INFO: [Project 1-570] Preparing netlist for logic optimization
Read ShapeDB Complete: Time (s): cpu = 00:00:00.12 ; elapsed = 00:00:00.12 . Memory (MB): peak = 2601.457 ; gain = 0.000 ; free physical = 41371 ; free virtual = 59643
INFO: [Timing 38-478] Restoring timing data from binary archive.
INFO: [Timing 38-479] Binary timing data restore complete.
INFO: [Project 1-856] Restoring constraints from binary archive.
INFO: [Project 1-853] Binary constraint restore complete.
Netlist sorting complete. Time (s): cpu = 00:00:00.01 ; elapsed = 00:00:00.01 . Memory (MB): peak = 3413.902 ; gain = 0.000 ; free physical = 40807 ; free virtual = 58971
INFO: [Project 1-111] Unisim Transformation Summary:
  A total of 4152 instances were transformed.
  DSP48E2 => DSP48E2 (DSP_ALU, DSP_A_B_DATA, DSP_C_DATA, DSP_MULTIPLIER, DSP_M_DATA, DSP_OUTPUT, DSP_PREADD, DSP_PREADD_DATA): 1 instance 
  RAM16X1D => RAM32X1D (RAMD32(x2)): 4032 instances
  RAM32M16 => RAM32M16 (RAMD32(x14), RAMS32(x2)): 111 instances
  RAM64M8 => RAM64M8 (RAMD64E(x8)): 4 instances
  RAM64X1D => RAM64X1D (RAMD64E(x2)): 4 instances

INFO: [Project 1-604] Checkpoint was created with Vivado v2025.2 (64-bit) build 6299465
open_checkpoint: Time (s): cpu = 00:00:25 ; elapsed = 00:00:22 . Memory (MB): peak = 3413.938 ; gain = 1903.027 ; free physical = 40783 ; free virtual = 58948
INFO: [IP_Flow 19-234] Refreshing IP repositories
INFO: [IP_Flow 19-1700] Loaded user IP repository '/home/nat/dev/trinners/mai_proj/hls/thesis-gcn-accelerator/vitis/integrated_gcn/integrated_gcn_approx/integrated_gcn_approx/hls/impl/ip'.
INFO: [IP_Flow 19-2313] Loaded Vivado IP repository '/opt/Xilinx/2025.2/data/ip'.
Command: opt_design
Attempting to get a license for feature 'Implementation' and/or device 'xck26'
INFO: [Common 17-349] Got license for feature 'Implementation' and/or device 'xck26'
Running DRC as a precondition to command opt_design

Starting DRC Task
INFO: [DRC 23-27] Running DRC with 8 threads
WARNING: [DRC 23-814] Not all possible (connectivity based) DRCs may have been run because this design is seen as Out of Context.
INFO: [Project 1-461] DRC finished with 0 Errors
INFO: [Project 1-462] Please refer to the DRC report (report_drc) for more information.

Time (s): cpu = 00:00:02 ; elapsed = 00:00:00.83 . Memory (MB): peak = 3519.965 ; gain = 103.094 ; free physical = 40505 ; free virtual = 58831

Starting Cache Timing Information Task
Ending Cache Timing Information Task | Checksum: 16c0b85d7

Time (s): cpu = 00:00:00.34 ; elapsed = 00:00:00.33 . Memory (MB): peak = 3519.965 ; gain = 0.000 ; free physical = 40474 ; free virtual = 58799

Starting Logic Optimization Task

Phase 1 Initialization

Phase 1.1 Core Generation And Design Setup
Phase 1.1 Core Generation And Design Setup | Checksum: 16c0b85d7

Time (s): cpu = 00:00:00.04 ; elapsed = 00:00:00.05 . Memory (MB): peak = 3880.777 ; gain = 0.000 ; free physical = 40122 ; free virtual = 58447

Phase 1.2 Setup Constraints And Sort Netlist
Phase 1.2 Setup Constraints And Sort Netlist | Checksum: 16c0b85d7

Time (s): cpu = 00:00:00.07 ; elapsed = 00:00:00.07 . Memory (MB): peak = 3880.777 ; gain = 0.000 ; free physical = 40121 ; free virtual = 58447
Phase 1 Initialization | Checksum: 16c0b85d7

Time (s): cpu = 00:00:00.07 ; elapsed = 00:00:00.07 . Memory (MB): peak = 3880.777 ; gain = 0.000 ; free physical = 40121 ; free virtual = 58447

Phase 2 Timer Update And Timing Data Collection

Phase 2.1 Detect if minReqCache needed
Phase 2.1 Detect if minReqCache needed | Checksum: 16c0b85d7

Time (s): cpu = 00:00:00.17 ; elapsed = 00:00:00.19 . Memory (MB): peak = 3899.746 ; gain = 18.969 ; free physical = 40094 ; free virtual = 58419

Phase 2.2 Timer Update
Phase 2.2 Timer Update | Checksum: 16c0b85d7

Time (s): cpu = 00:00:00.22 ; elapsed = 00:00:00.23 . Memory (MB): peak = 3899.746 ; gain = 18.969 ; free physical = 40094 ; free virtual = 58419
Phase 2 Timer Update And Timing Data Collection | Checksum: 16c0b85d7

Time (s): cpu = 00:00:00.22 ; elapsed = 00:00:00.24 . Memory (MB): peak = 3899.746 ; gain = 18.969 ; free physical = 40094 ; free virtual = 58419

Phase 3 Retarget
INFO: [Opt 31-1851] Number of loadless carry chains removed were: 0
INFO: [Opt 31-1834] Total Chains To Be Transformed Were: 0 AND Number of Transformed insts Created are: 0
INFO: [Opt 31-1566] Pulled 3 inverters resulting in an inversion of 33 pins
INFO: [Opt 31-138] Pushed 2 inverter(s) to 8422 load pin(s).
INFO: [Opt 31-49] Retargeted 0 cell(s).
Phase 3 Retarget | Checksum: ccf4df64

Time (s): cpu = 00:00:01 ; elapsed = 00:00:01 . Memory (MB): peak = 3955.773 ; gain = 74.996 ; free physical = 40093 ; free virtual = 58419
Retarget | Checksum: ccf4df64
INFO: [Opt 31-389] Phase Retarget created 0 cells and removed 4 cells
INFO: [Opt 31-1021] In phase Retarget, 8 netlist objects are constrained preventing optimization. Please run opt_design with -debug_log to get more detail. 

Phase 4 Constant propagation
INFO: [Opt 31-138] Pushed 0 inverter(s) to 0 load pin(s).
Phase 4 Constant propagation | Checksum: 15cdb0e8c

Time (s): cpu = 00:00:01 ; elapsed = 00:00:01 . Memory (MB): peak = 3955.773 ; gain = 74.996 ; free physical = 40098 ; free virtual = 58423
Constant propagation | Checksum: 15cdb0e8c
INFO: [Opt 31-389] Phase Constant propagation created 11 cells and removed 473 cells
INFO: [Opt 31-1021] In phase Constant propagation, 8 netlist objects are constrained preventing optimization. Please run opt_design with -debug_log to get more detail. 

Phase 5 Sweep
INFO: [Constraints 18-11670] Building netlist checker database with flags, 0x8
Done building netlist checker database: Time (s): cpu = 00:00:00.01 ; elapsed = 00:00:00.01 . Memory (MB): peak = 3955.773 ; gain = 0.000 ; free physical = 40098 ; free virtual = 58423
INFO: [Constraints 18-11670] Building netlist checker database with flags, 0x8
Done building netlist checker database: Time (s): cpu = 00:00:00.01 ; elapsed = 00:00:00.01 . Memory (MB): peak = 3955.773 ; gain = 0.000 ; free physical = 40098 ; free virtual = 58423
Phase 5 Sweep | Checksum: 131a8010d

Time (s): cpu = 00:00:02 ; elapsed = 00:00:02 . Memory (MB): peak = 3955.773 ; gain = 74.996 ; free physical = 40098 ; free virtual = 58423
Sweep | Checksum: 131a8010d
INFO: [Opt 31-389] Phase Sweep created 0 cells and removed 0 cells
INFO: [Opt 31-1021] In phase Sweep, 16 netlist objects are constrained preventing optimization. Please run opt_design with -debug_log to get more detail. 

Phase 6 BUFG optimization
INFO: [Opt 31-1077] Phase BUFG optimization inserted 0 global clock buffer(s) for CLOCK_LOW_FANOUT.
Phase 6 BUFG optimization | Checksum: 131a8010d

Time (s): cpu = 00:00:02 ; elapsed = 00:00:02 . Memory (MB): peak = 3987.789 ; gain = 107.012 ; free physical = 40098 ; free virtual = 58422
BUFG optimization | Checksum: 131a8010d
INFO: [Opt 31-662] Phase BUFG optimization created 0 cells of which 0 are BUFGs and removed 0 cells.

Phase 7 Shift Register Optimization
INFO: [Opt 31-1064] SRL Remap converted 0 SRLs to 0 registers and converted 0 registers of register chains to 0 SRLs
Phase 7 Shift Register Optimization | Checksum: 131a8010d

Time (s): cpu = 00:00:02 ; elapsed = 00:00:02 . Memory (MB): peak = 3987.789 ; gain = 107.012 ; free physical = 40097 ; free virtual = 58422
Shift Register Optimization | Checksum: 131a8010d
INFO: [Opt 31-389] Phase Shift Register Optimization created 0 cells and removed 0 cells

Phase 8 Post Processing Netlist
Phase 8 Post Processing Netlist | Checksum: 131a8010d

Time (s): cpu = 00:00:02 ; elapsed = 00:00:02 . Memory (MB): peak = 3987.789 ; gain = 107.012 ; free physical = 40097 ; free virtual = 58422
Post Processing Netlist | Checksum: 131a8010d
INFO: [Opt 31-389] Phase Post Processing Netlist created 0 cells and removed 0 cells
INFO: [Opt 31-1021] In phase Post Processing Netlist, 8 netlist objects are constrained preventing optimization. Please run opt_design with -debug_log to get more detail. 

Phase 9 Finalization

Phase 9.1 Finalizing Design Cores and Updating Shapes
Phase 9.1 Finalizing Design Cores and Updating Shapes | Checksum: 155bc1087

Time (s): cpu = 00:00:03 ; elapsed = 00:00:02 . Memory (MB): peak = 3987.789 ; gain = 107.012 ; free physical = 40106 ; free virtual = 58432

Phase 9.2 Verifying Netlist Connectivity

Starting Connectivity Check Task

Time (s): cpu = 00:00:00.07 ; elapsed = 00:00:00.07 . Memory (MB): peak = 3987.789 ; gain = 0.000 ; free physical = 40106 ; free virtual = 58432
Phase 9.2 Verifying Netlist Connectivity | Checksum: 155bc1087

Time (s): cpu = 00:00:03 ; elapsed = 00:00:03 . Memory (MB): peak = 3987.789 ; gain = 107.012 ; free physical = 40106 ; free virtual = 58432
Phase 9 Finalization | Checksum: 155bc1087

Time (s): cpu = 00:00:03 ; elapsed = 00:00:03 . Memory (MB): peak = 3987.789 ; gain = 107.012 ; free physical = 40106 ; free virtual = 58432
Opt_design Change Summary
=========================


-------------------------------------------------------------------------------------------------------------------------
|  Phase                        |  #Cells created  |  #Cells Removed  |  #Constrained objects preventing optimizations  |
-------------------------------------------------------------------------------------------------------------------------
|  Retarget                     |               0  |               4  |                                              8  |
|  Constant propagation         |              11  |             473  |                                              8  |
|  Sweep                        |               0  |               0  |                                             16  |
|  BUFG optimization            |               0  |               0  |                                              0  |
|  Shift Register Optimization  |               0  |               0  |                                              0  |
|  Post Processing Netlist      |               0  |               0  |                                              8  |
-------------------------------------------------------------------------------------------------------------------------


Ending Logic Optimization Task | Checksum: 155bc1087

Time (s): cpu = 00:00:03 ; elapsed = 00:00:03 . Memory (MB): peak = 3987.789 ; gain = 107.012 ; free physical = 40106 ; free virtual = 58432

Starting Power Optimization Task
INFO: [Pwropt 34-132] Skipping clock gating for clocks with a period < 2.00 ns.
INFO: [Pwropt 34-9] Applying IDT optimizations ...
INFO: [Pwropt 34-10] Applying ODC optimizations ...
INFO: [Timing 38-35] Done setting XDC timing constraints.
Running Vector-less Activity Propagation...

Finished Running Vector-less Activity Propagation


Starting PowerOpt Patch Enables Task
INFO: [Pwropt 34-162] WRITE_MODE attribute of 0 BRAM(s) out of a total of 60 has been updated to save power. Run report_power_opt to get a complete listing of the BRAMs updated.
INFO: [Pwropt 34-201] Structural ODC has moved 35 WE to EN ports
Number of BRAM Ports augmented: 0 newly gated: 60 Total Ports: 120
Ending PowerOpt Patch Enables Task | Checksum: 22b9480af

Time (s): cpu = 00:00:00.27 ; elapsed = 00:00:00.2 . Memory (MB): peak = 4155.840 ; gain = 0.000 ; free physical = 40058 ; free virtual = 58374
Ending Power Optimization Task | Checksum: 22b9480af

Time (s): cpu = 00:00:18 ; elapsed = 00:00:05 . Memory (MB): peak = 4155.840 ; gain = 168.051 ; free physical = 40044 ; free virtual = 58373

Starting Final Cleanup Task

Starting Logic Optimization Task
INFO: [Timing 38-35] Done setting XDC timing constraints.
Ending Logic Optimization Task | Checksum: 1a0776c07

Time (s): cpu = 00:00:04 ; elapsed = 00:00:02 . Memory (MB): peak = 4155.840 ; gain = 0.000 ; free physical = 40054 ; free virtual = 58380
Ending Final Cleanup Task | Checksum: 1a0776c07

Time (s): cpu = 00:00:05 ; elapsed = 00:00:03 . Memory (MB): peak = 4155.840 ; gain = 0.000 ; free physical = 40054 ; free virtual = 58380
Netlist sorting complete. Time (s): cpu = 00:00:00.01 ; elapsed = 00:00:00.01 . Memory (MB): peak = 4155.840 ; gain = 0.000 ; free physical = 40054 ; free virtual = 58380
INFO: [Common 17-83] Releasing license: Implementation
46 Infos, 1 Warnings, 0 Critical Warnings and 0 Errors encountered.
opt_design completed successfully
opt_design: Time (s): cpu = 00:00:30 ; elapsed = 00:00:13 . Memory (MB): peak = 4155.840 ; gain = 738.969 ; free physical = 40054 ; free virtual = 58380
INFO: [Vivado 12-24828] Executing command : report_drc -file bd_0_wrapper_drc_opted.rpt -pb bd_0_wrapper_drc_opted.pb -rpx bd_0_wrapper_drc_opted.rpx
Command: report_drc -file bd_0_wrapper_drc_opted.rpt -pb bd_0_wrapper_drc_opted.pb -rpx bd_0_wrapper_drc_opted.rpx
INFO: [IP_Flow 19-1839] IP Catalog is up to date.
INFO: [Timing 38-35] Done setting XDC timing constraints.
WARNING: [Timing 38-242] The property HD.CLK_SRC of clock port "ap_clk" is not set. In out-of-context mode, this prevents timing estimation for clock delay/skew
Resolution: Set the HD.CLK_SRC property of the out-of-context port to the location of the clock buffer instance in the top-level design
INFO: [DRC 23-27] Running DRC with 8 threads
WARNING: [DRC 23-814] Not all possible (connectivity based) DRCs may have been run because this design is seen as Out of Context.
INFO: [Vivado_Tcl 2-168] The results of DRC are in file /home/nat/dev/trinners/mai_proj/hls/thesis-gcn-accelerator/vitis/integrated_gcn/integrated_gcn_approx/integrated_gcn_approx/hls/impl/verilog/project.runs/impl_1/bd_0_wrapper_drc_opted.rpt.
report_drc completed successfully
report_drc: Time (s): cpu = 00:00:29 ; elapsed = 00:00:15 . Memory (MB): peak = 4439.934 ; gain = 284.094 ; free physical = 39809 ; free virtual = 57999
generate_parallel_reports: Time (s): cpu = 00:00:29 ; elapsed = 00:00:15 . Memory (MB): peak = 4439.934 ; gain = 284.094 ; free physical = 39809 ; free virtual = 57999
INFO: [Timing 38-480] Writing timing data to binary archive.
Write ShapeDB Complete: Time (s): cpu = 00:00:00.37 ; elapsed = 00:00:00.1 . Memory (MB): peak = 4439.934 ; gain = 0.000 ; free physical = 39796 ; free virtual = 58005
INFO: [Common 17-1381] The checkpoint '/home/nat/dev/trinners/mai_proj/hls/thesis-gcn-accelerator/vitis/integrated_gcn/integrated_gcn_approx/integrated_gcn_approx/hls/impl/verilog/project.runs/impl_1/bd_0_wrapper_opt.dcp' has been generated.
Command: place_design
Attempting to get a license for feature 'Implementation' and/or device 'xck26'
INFO: [Common 17-349] Got license for feature 'Implementation' and/or device 'xck26'
INFO: [Common 17-83] Releasing license: Implementation
INFO: [DRC 23-27] Running DRC with 8 threads
WARNING: [DRC 23-814] Not all possible (connectivity based) DRCs may have been run because this design is seen as Out of Context.
INFO: [Vivado_Tcl 4-198] DRC finished with 0 Errors
INFO: [Vivado_Tcl 4-199] Please refer to the DRC report (report_drc) for more information.
Running DRC as a precondition to command place_design
INFO: [DRC 23-27] Running DRC with 8 threads
WARNING: [DRC 23-814] Not all possible (connectivity based) DRCs may have been run because this design is seen as Out of Context.
INFO: [Vivado_Tcl 4-198] DRC finished with 0 Errors
INFO: [Vivado_Tcl 4-199] Please refer to the DRC report (report_drc) for more information.
INFO: [Place 30-611] Multithreading enabled for place_design using a maximum of 8 CPUs

Starting Placer Task

Phase 1 Placer Initialization

Phase 1.1 Placer Initialization Netlist Sorting
Netlist sorting complete. Time (s): cpu = 00:00:00.01 ; elapsed = 00:00:00.01 . Memory (MB): peak = 4439.934 ; gain = 0.000 ; free physical = 39813 ; free virtual = 58026
Phase 1.1 Placer Initialization Netlist Sorting | Checksum: caab1fdf

Time (s): cpu = 00:00:00.05 ; elapsed = 00:00:00.04 . Memory (MB): peak = 4439.934 ; gain = 0.000 ; free physical = 39813 ; free virtual = 58026
Netlist sorting complete. Time (s): cpu = 00:00:00.01 ; elapsed = 00:00:00.01 . Memory (MB): peak = 4439.934 ; gain = 0.000 ; free physical = 39813 ; free virtual = 58026

Phase 1.2 IO Placement/ Clock Placement/ Build Placer Device
Phase 1.2 IO Placement/ Clock Placement/ Build Placer Device | Checksum: 130208ce6

Time (s): cpu = 00:00:14 ; elapsed = 00:00:09 . Memory (MB): peak = 4439.934 ; gain = 0.000 ; free physical = 39747 ; free virtual = 58063

Phase 1.3 Build Placer Netlist Model
Phase 1.3 Build Placer Netlist Model | Checksum: 1ef640560

Time (s): cpu = 00:00:31 ; elapsed = 00:00:17 . Memory (MB): peak = 4471.949 ; gain = 32.016 ; free physical = 39815 ; free virtual = 58019

Phase 1.4 Constrain Clocks/Macros
Phase 1.4 Constrain Clocks/Macros | Checksum: 1ef640560

Time (s): cpu = 00:00:31 ; elapsed = 00:00:17 . Memory (MB): peak = 4471.949 ; gain = 32.016 ; free physical = 39815 ; free virtual = 58019
Phase 1 Placer Initialization | Checksum: 1ef640560

Time (s): cpu = 00:00:31 ; elapsed = 00:00:17 . Memory (MB): peak = 4471.949 ; gain = 32.016 ; free physical = 39815 ; free virtual = 58019

Phase 2 Global Placement

Phase 2.1 Floorplanning

Phase 2.1.1 Partition Driven Placement

Phase 2.1.1.1 PBP: Partition Driven Placement
Phase 2.1.1.1 PBP: Partition Driven Placement | Checksum: 1eb8f8162

Time (s): cpu = 00:01:04 ; elapsed = 00:00:31 . Memory (MB): peak = 4471.949 ; gain = 32.016 ; free physical = 39713 ; free virtual = 58083

Phase 2.1.1.2 PBP: Clock Region Placement
INFO: [Place 30-3164] Check ILP status : ILP-based clock placer is skipped.
Phase 2.1.1.2 PBP: Clock Region Placement | Checksum: 1eb8f8162

Time (s): cpu = 00:01:05 ; elapsed = 00:00:31 . Memory (MB): peak = 4471.949 ; gain = 32.016 ; free physical = 39714 ; free virtual = 58083

Phase 2.1.1.3 PBP: Compute Congestion
Phase 2.1.1.3 PBP: Compute Congestion | Checksum: 1eb8f8162

Time (s): cpu = 00:01:15 ; elapsed = 00:00:34 . Memory (MB): peak = 4951.934 ; gain = 512.000 ; free physical = 38636 ; free virtual = 57433

Phase 2.1.1.4 PBP: UpdateTiming
Phase 2.1.1.4 PBP: UpdateTiming | Checksum: 1efa4081c

Time (s): cpu = 00:01:20 ; elapsed = 00:00:36 . Memory (MB): peak = 4983.949 ; gain = 544.016 ; free physical = 38633 ; free virtual = 57430

Phase 2.1.1.5 PBP: Add part constraints
Phase 2.1.1.5 PBP: Add part constraints | Checksum: 1efa4081c

Time (s): cpu = 00:01:20 ; elapsed = 00:00:36 . Memory (MB): peak = 4983.949 ; gain = 544.016 ; free physical = 38633 ; free virtual = 57430
Phase 2.1.1 Partition Driven Placement | Checksum: 1efa4081c

Time (s): cpu = 00:01:20 ; elapsed = 00:00:36 . Memory (MB): peak = 4983.949 ; gain = 544.016 ; free physical = 38633 ; free virtual = 57430
Phase 2.1 Floorplanning | Checksum: 13f113349

Time (s): cpu = 00:01:20 ; elapsed = 00:00:36 . Memory (MB): peak = 4983.949 ; gain = 544.016 ; free physical = 38633 ; free virtual = 57430

Phase 2.2 Update Timing before SLR Path Opt
Phase 2.2 Update Timing before SLR Path Opt | Checksum: 13f113349

Time (s): cpu = 00:01:20 ; elapsed = 00:00:36 . Memory (MB): peak = 4983.949 ; gain = 544.016 ; free physical = 38633 ; free virtual = 57430

Phase 2.3 Post-Processing in Floorplanning
Phase 2.3 Post-Processing in Floorplanning | Checksum: 13f113349

Time (s): cpu = 00:01:20 ; elapsed = 00:00:36 . Memory (MB): peak = 4983.949 ; gain = 544.016 ; free physical = 38632 ; free virtual = 57429

Phase 2.4 Global Place Phase1
Phase 2.4 Global Place Phase1 | Checksum: 1ceaea41f

Time (s): cpu = 00:02:42 ; elapsed = 00:01:01 . Memory (MB): peak = 5101.953 ; gain = 662.020 ; free physical = 38651 ; free virtual = 57428

Phase 2.5 Global Place Phase2

Phase 2.5.1 UpdateTiming Before Physical Synthesis
Phase 2.5.1 UpdateTiming Before Physical Synthesis | Checksum: 2609e8c79

Time (s): cpu = 00:02:47 ; elapsed = 00:01:03 . Memory (MB): peak = 5101.953 ; gain = 662.020 ; free physical = 38652 ; free virtual = 57429

Phase 2.5.2 Physical Synthesis In Placer
INFO: [Physopt 32-1035] Found 0 LUTNM shape to break, 5104 LUT instances to create LUTNM shape
INFO: [Physopt 32-1044] Break lutnm for timing: one critical 0, two critical 0, total 0, new lutff created 0
INFO: [Physopt 32-1138] End 1 Pass. Optimized 2449 nets or LUTs. Breaked 0 LUT, combined 2449 existing LUTs and moved 0 existing LUT
INFO: [Physopt 32-670] No setup violation found.  Equivalent Driver Rewiring was not performed.
INFO: [Physopt 32-65] No nets found for high-fanout optimization.
INFO: [Physopt 32-232] Optimized 0 net. Created 0 new instance.
INFO: [Physopt 32-775] End 1 Pass. Optimized 0 net or cell. Created 0 new cell, deleted 0 existing cell and moved 0 existing cell
INFO: [Physopt 32-670] No setup violation found.  DSP Register Optimization was not performed.
INFO: [Physopt 32-670] No setup violation found.  Shift Register to Pipeline Optimization was not performed.
INFO: [Physopt 32-670] No setup violation found.  Shift Register Optimization was not performed.
INFO: [Physopt 32-670] No setup violation found.  BRAM Register Optimization was not performed.
INFO: [Physopt 32-670] No setup violation found.  URAM Register Optimization was not performed.
INFO: [Physopt 32-949] No candidate nets found for dynamic/static region interface net replication
INFO: [Physopt 32-775] End 1 Pass. Optimized 0 net or cell. Created 0 new cell, deleted 0 existing cell and moved 0 existing cell
Netlist sorting complete. Time (s): cpu = 00:00:00.01 ; elapsed = 00:00:00.02 . Memory (MB): peak = 5101.953 ; gain = 0.000 ; free physical = 38504 ; free virtual = 57334

Summary of Physical Synthesis Optimizations
============================================


-----------------------------------------------------------------------------------------------------------------------------------------------------------
|  Optimization                                     |  Added Cells  |  Removed Cells  |  Optimized Cells/Nets  |  Dont Touch  |  Iterations  |  Elapsed   |
-----------------------------------------------------------------------------------------------------------------------------------------------------------
|  LUT Combining                                    |            0  |           2449  |                  2449  |           0  |           1  |  00:00:01  |
|  Retime                                           |            0  |              0  |                     0  |           0  |           1  |  00:00:00  |
|  Equivalent Driver Rewiring                       |            0  |              0  |                     0  |           0  |           0  |  00:00:00  |
|  Very High Fanout                                 |            0  |              0  |                     0  |           0  |           1  |  00:00:00  |
|  DSP Register                                     |            0  |              0  |                     0  |           0  |           0  |  00:00:00  |
|  Shift Register to Pipeline                       |            0  |              0  |                     0  |           0  |           0  |  00:00:00  |
|  Shift Register                                   |            0  |              0  |                     0  |           0  |           0  |  00:00:00  |
|  BRAM Register                                    |            0  |              0  |                     0  |           0  |           0  |  00:00:00  |
|  URAM Register                                    |            0  |              0  |                     0  |           0  |           0  |  00:00:00  |
|  Dynamic/Static Region Interface Net Replication  |            0  |              0  |                     0  |           0  |           1  |  00:00:00  |
|  Total                                            |            0  |           2449  |                  2449  |           0  |           4  |  00:00:01  |
-----------------------------------------------------------------------------------------------------------------------------------------------------------


Phase 2.5.2 Physical Synthesis In Placer | Checksum: 2b23bd2d9

Time (s): cpu = 00:02:54 ; elapsed = 00:01:06 . Memory (MB): peak = 5101.953 ; gain = 662.020 ; free physical = 38504 ; free virtual = 57334
Phase 2.5 Global Place Phase2 | Checksum: 1da067c38

Time (s): cpu = 00:03:07 ; elapsed = 00:01:10 . Memory (MB): peak = 5101.953 ; gain = 662.020 ; free physical = 38642 ; free virtual = 57330
Phase 2 Global Placement | Checksum: 1da067c38

Time (s): cpu = 00:03:07 ; elapsed = 00:01:10 . Memory (MB): peak = 5101.953 ; gain = 662.020 ; free physical = 38661 ; free virtual = 57333

Phase 3 Detail Placement

Phase 3.1 Commit Multi Column Macros
Phase 3.1 Commit Multi Column Macros | Checksum: 2be0cef29

Time (s): cpu = 00:03:23 ; elapsed = 00:01:15 . Memory (MB): peak = 5101.953 ; gain = 662.020 ; free physical = 38548 ; free virtual = 57346

Phase 3.2 Commit Most Macros & LUTRAMs
Phase 3.2 Commit Most Macros & LUTRAMs | Checksum: 31ebcae7a

Time (s): cpu = 00:03:33 ; elapsed = 00:01:19 . Memory (MB): peak = 5101.953 ; gain = 662.020 ; free physical = 38529 ; free virtual = 57337

Phase 3.3 Small Shape DP

Phase 3.3.1 Small Shape Clustering
Phase 3.3.1 Small Shape Clustering | Checksum: 341ed3139

Time (s): cpu = 00:03:47 ; elapsed = 00:01:23 . Memory (MB): peak = 5101.953 ; gain = 662.020 ; free physical = 38581 ; free virtual = 57358

Phase 3.3.2 Slice Area Swap

Phase 3.3.2.1 Slice Area Swap Initial
Phase 3.3.2.1 Slice Area Swap Initial | Checksum: 2c7db7db2

Time (s): cpu = 00:03:55 ; elapsed = 00:01:29 . Memory (MB): peak = 5101.953 ; gain = 662.020 ; free physical = 38663 ; free virtual = 57444
Phase 3.3.2 Slice Area Swap | Checksum: 2c7db7db2

Time (s): cpu = 00:03:55 ; elapsed = 00:01:29 . Memory (MB): peak = 5101.953 ; gain = 662.020 ; free physical = 38663 ; free virtual = 57444
Phase 3.3 Small Shape DP | Checksum: 2b3e4d527

Time (s): cpu = 00:04:09 ; elapsed = 00:01:33 . Memory (MB): peak = 5101.953 ; gain = 662.020 ; free physical = 38733 ; free virtual = 57470

Phase 3.4 Re-assign LUT pins
Phase 3.4 Re-assign LUT pins | Checksum: 2d486627b

Time (s): cpu = 00:04:12 ; elapsed = 00:01:36 . Memory (MB): peak = 5101.953 ; gain = 662.020 ; free physical = 38591 ; free virtual = 57382

Phase 3.5 Pipeline Register Optimization
Phase 3.5 Pipeline Register Optimization | Checksum: 3079252ad

Time (s): cpu = 00:04:13 ; elapsed = 00:01:37 . Memory (MB): peak = 5101.953 ; gain = 662.020 ; free physical = 38593 ; free virtual = 57383
Phase 3 Detail Placement | Checksum: 3079252ad

Time (s): cpu = 00:04:14 ; elapsed = 00:01:37 . Memory (MB): peak = 5101.953 ; gain = 662.020 ; free physical = 38593 ; free virtual = 57382

Phase 4 Post Placement Optimization and Clean-Up

Phase 4.1 Post Commit Optimization
INFO: [Timing 38-35] Done setting XDC timing constraints.

Phase 4.1.1 Post Placement Optimization
Post Placement Optimization Initialization | Checksum: 293328a8e

Phase 4.1.1.1 BUFG Insertion

Starting Physical Synthesis Task

Phase 1 Physical Synthesis Initialization
INFO: [Physopt 32-721] Multithreading enabled for phys_opt_design using a maximum of 8 CPUs
INFO: [Physopt 32-619] Estimated Timing Summary | WNS=4.202 | TNS=0.000 |
Phase 1 Physical Synthesis Initialization | Checksum: 228b2e787

Time (s): cpu = 00:00:02 ; elapsed = 00:00:00.4 . Memory (MB): peak = 5101.953 ; gain = 0.000 ; free physical = 38170 ; free virtual = 57281
INFO: [Place 30-3162] Check ILP status : ILP-based clock placer completed successfully.
INFO: [Place 30-3162] Check ILP status : ILP-based clock placer completed successfully.
INFO: [Place 46-35] Processed net bd_0_i/hls_inst/inst/grp_gemm_stage_fu_148/gemm_compute_U0/grp_gemm_compute_Pipeline_COMP_KB_COMP_K_COMP_I_fu_1330/ap_block_pp0_stage0_subdone_grp0_done_reg_reg_inv_n_4, inserted BUFG to drive 5081 loads.
INFO: [Place 46-45] Replicated bufg driver bd_0_i/hls_inst/inst/grp_gemm_stage_fu_148/gemm_compute_U0/grp_gemm_compute_Pipeline_COMP_KB_COMP_K_COMP_I_fu_1330/ap_block_pp0_stage0_subdone_grp0_done_reg_reg_inv_replica
INFO: [Place 46-35] Processed net bd_0_i/hls_inst/inst/grp_gemm_stage_fu_148/gemm_compute_U0/grp_gemm_compute_Pipeline_COMP_KB_COMP_K_COMP_I_fu_1330/E[0], inserted BUFG to drive 3584 loads.
INFO: [Place 46-35] Processed net bd_0_i/hls_inst/inst/grp_gemm_stage_fu_148/gemm_compute_U0/grp_gemm_compute_Pipeline_COMP_EMIT_fu_1594/XW_block_255_ce0, inserted BUFG to drive 3072 loads.
INFO: [Place 46-56] BUFG insertion identified 3 candidate nets. Inserted BUFG: 3, Replicated BUFG Driver: 1, Skipped due to Placement/Routing Conflicts: 0, Skipped due to Timing Degradation: 0, Skipped due to netlist editing failed: 0.
Ending Physical Synthesis Task | Checksum: 2c90c01e7

Time (s): cpu = 00:00:06 ; elapsed = 00:00:03 . Memory (MB): peak = 5101.953 ; gain = 0.000 ; free physical = 37834 ; free virtual = 56993
Phase 4.1.1.1 BUFG Insertion | Checksum: 31a9687ac

Time (s): cpu = 00:04:50 ; elapsed = 00:01:48 . Memory (MB): peak = 5101.953 ; gain = 662.020 ; free physical = 37821 ; free virtual = 57038

Phase 4.1.1.2 Post Placement Timing Optimization
INFO: [Place 30-746] Post Placement Timing Summary WNS=4.202. For the most accurate timing information please run report_timing.
Phase 4.1.1.2 Post Placement Timing Optimization | Checksum: 2ac8e5179

Time (s): cpu = 00:04:51 ; elapsed = 00:01:48 . Memory (MB): peak = 5101.953 ; gain = 662.020 ; free physical = 37714 ; free virtual = 56934

Time (s): cpu = 00:04:51 ; elapsed = 00:01:48 . Memory (MB): peak = 5101.953 ; gain = 662.020 ; free physical = 37714 ; free virtual = 56934
Phase 4.1 Post Commit Optimization | Checksum: 2ac8e5179

Time (s): cpu = 00:04:51 ; elapsed = 00:01:48 . Memory (MB): peak = 5101.953 ; gain = 662.020 ; free physical = 37758 ; free virtual = 56874
Netlist sorting complete. Time (s): cpu = 00:00:00.05 ; elapsed = 00:00:00.05 . Memory (MB): peak = 5101.953 ; gain = 0.000 ; free physical = 37513 ; free virtual = 56628

Phase 4.2 Post Placement Cleanup
Phase 4.2 Post Placement Cleanup | Checksum: 22182423c

Time (s): cpu = 00:05:03 ; elapsed = 00:01:53 . Memory (MB): peak = 5101.953 ; gain = 662.020 ; free physical = 37489 ; free virtual = 56636

Phase 4.3 Placer Reporting

Phase 4.3.1 Print Estimated Congestion
INFO: [Place 30-612] Post-Placement Estimated Congestion 
 ________________________________________________________________________
|           | Global Congestion | Long Congestion   | Short Congestion  |
| Direction | Region Size       | Region Size       | Region Size       |
|___________|___________________|___________________|___________________|
|      North|                1x1|                1x1|                1x1|
|___________|___________________|___________________|___________________|
|      South|                1x1|                1x1|                2x2|
|___________|___________________|___________________|___________________|
|       East|                1x1|                1x1|                1x1|
|___________|___________________|___________________|___________________|
|       West|                1x1|                1x1|                1x1|
|___________|___________________|___________________|___________________|

Phase 4.3.1 Print Estimated Congestion | Checksum: 22182423c

Time (s): cpu = 00:05:04 ; elapsed = 00:01:53 . Memory (MB): peak = 5101.953 ; gain = 662.020 ; free physical = 37483 ; free virtual = 56630
Phase 4.3 Placer Reporting | Checksum: 22182423c

Time (s): cpu = 00:05:05 ; elapsed = 00:01:53 . Memory (MB): peak = 5101.953 ; gain = 662.020 ; free physical = 37482 ; free virtual = 56629

Phase 4.4 Final Placement Cleanup
Netlist sorting complete. Time (s): cpu = 00:00:00.02 ; elapsed = 00:00:00.02 . Memory (MB): peak = 5101.953 ; gain = 0.000 ; free physical = 37482 ; free virtual = 56629

Time (s): cpu = 00:05:05 ; elapsed = 00:01:53 . Memory (MB): peak = 5101.953 ; gain = 662.020 ; free physical = 37482 ; free virtual = 56629
Phase 4 Post Placement Optimization and Clean-Up | Checksum: 1d65ebed4

Time (s): cpu = 00:05:06 ; elapsed = 00:01:53 . Memory (MB): peak = 5101.953 ; gain = 662.020 ; free physical = 37495 ; free virtual = 56641
Ending Placer Task | Checksum: 185982684

Time (s): cpu = 00:05:06 ; elapsed = 00:01:53 . Memory (MB): peak = 5101.953 ; gain = 662.020 ; free physical = 37514 ; free virtual = 56645
89 Infos, 5 Warnings, 0 Critical Warnings and 0 Errors encountered.
place_design completed successfully
place_design: Time (s): cpu = 00:05:21 ; elapsed = 00:02:00 . Memory (MB): peak = 5101.953 ; gain = 662.020 ; free physical = 37514 ; free virtual = 56645
INFO: [Vivado 12-24838] Running report commands "report_control_sets, report_io, report_utilization" in parallel.
Running report generation with 3 threads.
INFO: [Vivado 12-24828] Executing command : report_io -file bd_0_wrapper_io_placed.rpt
report_io: Time (s): cpu = 00:00:00.4 ; elapsed = 00:00:00.21 . Memory (MB): peak = 5101.953 ; gain = 0.000 ; free physical = 37460 ; free virtual = 56604
INFO: [Vivado 12-24828] Executing command : report_control_sets -verbose -file bd_0_wrapper_control_sets_placed.rpt
report_control_sets: Time (s): cpu = 00:00:00.45 ; elapsed = 00:00:00.24 . Memory (MB): peak = 5101.953 ; gain = 0.000 ; free physical = 37460 ; free virtual = 56604
INFO: [Vivado 12-24828] Executing command : report_utilization -file bd_0_wrapper_utilization_placed.rpt -pb bd_0_wrapper_utilization_placed.pb
INFO: [Timing 38-480] Writing timing data to binary archive.
Write ShapeDB Complete: Time (s): cpu = 00:00:00.61 ; elapsed = 00:00:00.13 . Memory (MB): peak = 5101.953 ; gain = 0.000 ; free physical = 37501 ; free virtual = 56609
Wrote PlaceDB: Time (s): cpu = 00:00:04 ; elapsed = 00:00:02 . Memory (MB): peak = 5101.953 ; gain = 0.000 ; free physical = 37490 ; free virtual = 56637
Wrote PulsedLatchDB: Time (s): cpu = 00:00:00 ; elapsed = 00:00:00 . Memory (MB): peak = 5101.953 ; gain = 0.000 ; free physical = 37490 ; free virtual = 56637
Writing XDEF routing.
Writing XDEF routing logical nets.
Writing XDEF routing special nets.
Wrote RouteStorage: Time (s): cpu = 00:00:00.11 ; elapsed = 00:00:00.12 . Memory (MB): peak = 5101.953 ; gain = 0.000 ; free physical = 37482 ; free virtual = 56629
Wrote Netlist Cache: Time (s): cpu = 00:00:00.05 ; elapsed = 00:00:00.05 . Memory (MB): peak = 5101.953 ; gain = 0.000 ; free physical = 37482 ; free virtual = 56636
Wrote Device Cache: Time (s): cpu = 00:00:00.01 ; elapsed = 00:00:00.01 . Memory (MB): peak = 5101.953 ; gain = 0.000 ; free physical = 37474 ; free virtual = 56632
Write Physdb Complete: Time (s): cpu = 00:00:04 ; elapsed = 00:00:02 . Memory (MB): peak = 5101.953 ; gain = 0.000 ; free physical = 37476 ; free virtual = 56631
INFO: [Common 17-1381] The checkpoint '/home/nat/dev/trinners/mai_proj/hls/thesis-gcn-accelerator/vitis/integrated_gcn/integrated_gcn_approx/integrated_gcn_approx/hls/impl/verilog/project.runs/impl_1/bd_0_wrapper_placed.dcp' has been generated.
Command: phys_opt_design
Attempting to get a license for feature 'Implementation' and/or device 'xck26'
INFO: [Common 17-349] Got license for feature 'Implementation' and/or device 'xck26'

Starting Initial Update Timing Task
WARNING: [Timing 38-242] The property HD.CLK_SRC of clock port "ap_clk" is not set. In out-of-context mode, this prevents timing estimation for clock delay/skew
Resolution: Set the HD.CLK_SRC property of the out-of-context port to the location of the clock buffer instance in the top-level design

Time (s): cpu = 00:00:14 ; elapsed = 00:00:03 . Memory (MB): peak = 5101.953 ; gain = 0.000 ; free physical = 37651 ; free virtual = 56744
INFO: [Vivado_Tcl 4-2279] Estimated Timing Summary | WNS= 4.198 | TNS= 0.000 | 
INFO: [Vivado_Tcl 4-383] Design worst setup slack (WNS) is greater than or equal to 0.000 ns. All physical synthesis setup optimizations will be skipped.
INFO: [Vivado_Tcl 4-232] No setup violation found. The netlist was not modified.
INFO: [Common 17-83] Releasing license: Implementation
100 Infos, 6 Warnings, 0 Critical Warnings and 0 Errors encountered.
phys_opt_design completed successfully
INFO: [Timing 38-480] Writing timing data to binary archive.
Write ShapeDB Complete: Time (s): cpu = 00:00:00.54 ; elapsed = 00:00:00.12 . Memory (MB): peak = 5101.953 ; gain = 0.000 ; free physical = 37606 ; free virtual = 56726
Wrote PlaceDB: Time (s): cpu = 00:00:04 ; elapsed = 00:00:02 . Memory (MB): peak = 5101.953 ; gain = 0.000 ; free physical = 37392 ; free virtual = 56585
Wrote PulsedLatchDB: Time (s): cpu = 00:00:00 ; elapsed = 00:00:00 . Memory (MB): peak = 5101.953 ; gain = 0.000 ; free physical = 37392 ; free virtual = 56585
Writing XDEF routing.
Writing XDEF routing logical nets.
Writing XDEF routing special nets.
Wrote RouteStorage: Time (s): cpu = 00:00:00.09 ; elapsed = 00:00:00.09 . Memory (MB): peak = 5101.953 ; gain = 0.000 ; free physical = 37393 ; free virtual = 56585
Wrote Netlist Cache: Time (s): cpu = 00:00:00.05 ; elapsed = 00:00:00.06 . Memory (MB): peak = 5101.953 ; gain = 0.000 ; free physical = 37381 ; free virtual = 56581
Wrote Device Cache: Time (s): cpu = 00:00:00.01 ; elapsed = 00:00:00 . Memory (MB): peak = 5101.953 ; gain = 0.000 ; free physical = 37381 ; free virtual = 56583
Write Physdb Complete: Time (s): cpu = 00:00:04 ; elapsed = 00:00:02 . Memory (MB): peak = 5101.953 ; gain = 0.000 ; free physical = 37381 ; free virtual = 56583
INFO: [Common 17-1381] The checkpoint '/home/nat/dev/trinners/mai_proj/hls/thesis-gcn-accelerator/vitis/integrated_gcn/integrated_gcn_approx/integrated_gcn_approx/hls/impl/verilog/project.runs/impl_1/bd_0_wrapper_physopt.dcp' has been generated.
Command: route_design
Attempting to get a license for feature 'Implementation' and/or device 'xck26'
INFO: [Common 17-349] Got license for feature 'Implementation' and/or device 'xck26'


Starting Routing Task
INFO: [Route 35-254] Multithreading enabled for route_design using a maximum of 8 CPUs

Phase 1 Build RT Design
Checksum: PlaceDB: c39340c1 ConstDB: 0 ShapeSum: 86f96eb4 RouteDB: 3b0b770f
Nodegraph reading from file.  Time (s): cpu = 00:00:00.25 ; elapsed = 00:00:00.27 . Memory (MB): peak = 5101.953 ; gain = 0.000 ; free physical = 37461 ; free virtual = 56611
WARNING: [Route 35-197] Clock port "ap_clk" does not have an associated HD.CLK_SRC. Without this constraint, timing analysis may not be accurate and upstream checks cannot be done to ensure correct clock placement.
WARNING: [Route 35-198] Port "ap_rst_n" does not have an associated HD.PARTPIN_LOCS, which will prevent the partial routing of the signal "ap_rst_n". Without this partial route, timing analysis to/from this port will not be accurate, and no routing information for this port can be exported.
WARNING: [Route 35-198] Port "m_axi_gmem1_rdata[380]" does not have an associated HD.PARTPIN_LOCS, which will prevent the partial routing of the signal "m_axi_gmem1_rdata[380]". Without this partial route, timing analysis to/from this port will not be accurate, and no routing information for this port can be exported.
WARNING: [Route 35-198] Port "m_axi_gmem1_rdata[371]" does not have an associated HD.PARTPIN_LOCS, which will prevent the partial routing of the signal "m_axi_gmem1_rdata[371]". Without this partial route, timing analysis to/from this port will not be accurate, and no routing information for this port can be exported.
WARNING: [Route 35-198] Port "m_axi_gmem1_rdata[375]" does not have an associated HD.PARTPIN_LOCS, which will prevent the partial routing of the signal "m_axi_gmem1_rdata[375]". Without this partial route, timing analysis to/from this port will not be accurate, and no routing information for this port can be exported.
WARNING: [Route 35-198] Port "m_axi_gmem1_rdata[391]" does not have an associated HD.PARTPIN_LOCS, which will prevent the partial routing of the signal "m_axi_gmem1_rdata[391]". Without this partial route, timing analysis to/from this port will not be accurate, and no routing information for this port can be exported.
WARNING: [Route 35-198] Port "m_axi_gmem1_rdata[373]" does not have an associated HD.PARTPIN_LOCS, which will prevent the partial routing of the signal "m_axi_gmem1_rdata[373]". Without this partial route, timing analysis to/from this port will not be accurate, and no routing information for this port can be exported.
WARNING: [Route 35-198] Port "m_axi_gmem1_rdata[387]" does not have an associated HD.PARTPIN_LOCS, which will prevent the partial routing of the signal "m_axi_gmem1_rdata[387]". Without this partial route, timing analysis to/from this port will not be accurate, and no routing information for this port can be exported.
WARNING: [Route 35-198] Port "m_axi_gmem1_rdata[389]" does not have an associated HD.PARTPIN_LOCS, which will prevent the partial routing of the signal "m_axi_gmem1_rdata[389]". Without this partial route, timing analysis to/from this port will not be accurate, and no routing information for this port can be exported.
WARNING: [Route 35-198] Port "m_axi_gmem1_rdata[405]" does not have an associated HD.PARTPIN_LOCS, which will prevent the partial routing of the signal "m_axi_gmem1_rdata[405]". Without this partial route, timing analysis to/from this port will not be accurate, and no routing information for this port can be exported.
WARNING: [Route 35-198] Port "m_axi_gmem1_rdata[407]" does not have an associated HD.PARTPIN_LOCS, which will prevent the partial routing of the signal "m_axi_gmem1_rdata[407]". Without this partial route, timing analysis to/from this port will not be accurate, and no routing information for this port can be exported.
WARNING: [Route 35-198] Port "m_axi_gmem1_rdata[363]" does not have an associated HD.PARTPIN_LOCS, which will prevent the partial routing of the signal "m_axi_gmem1_rdata[363]". Without this partial route, timing analysis to/from this port will not be accurate, and no routing information for this port can be exported.
WARNING: [Route 35-198] Port "m_axi_gmem1_rdata[365]" does not have an associated HD.PARTPIN_LOCS, which will prevent the partial routing of the signal "m_axi_gmem1_rdata[365]". Without this partial route, timing analysis to/from this port will not be accurate, and no routing information for this port can be exported.
WARNING: [Route 35-198] Port "m_axi_gmem1_rdata[379]" does not have an associated HD.PARTPIN_LOCS, which will prevent the partial routing of the signal "m_axi_gmem1_rdata[379]". Without this partial route, timing analysis to/from this port will not be accurate, and no routing information for this port can be exported.
WARNING: [Route 35-198] Port "m_axi_gmem1_rdata[399]" does not have an associated HD.PARTPIN_LOCS, which will prevent the partial routing of the signal "m_axi_gmem1_rdata[399]". Without this partial route, timing analysis to/from this port will not be accurate, and no routing information for this port can be exported.
WARNING: [Route 35-198] Port "m_axi_gmem1_rdata[401]" does not have an associated HD.PARTPIN_LOCS, which will prevent the partial routing of the signal "m_axi_gmem1_rdata[401]". Without this partial route, timing analysis to/from this port will not be accurate, and no routing information for this port can be exported.
WARNING: [Route 35-198] Port "m_axi_gmem1_rdata[413]" does not have an associated HD.PARTPIN_LOCS, which will prevent the partial routing of the signal "m_axi_gmem1_rdata[413]". Without this partial route, timing analysis to/from this port will not be accurate, and no routing information for this port can be exported.
WARNING: [Route 35-198] Port "m_axi_gmem1_rdata[423]" does not have an associated HD.PARTPIN_LOCS, which will prevent the partial routing of the signal "m_axi_gmem1_rdata[423]". Without this partial route, timing analysis to/from this port will not be accurate, and no routing information for this port can be exported.
WARNING: [Route 35-198] Port "m_axi_gmem1_rdata[369]" does not have an associated HD.PARTPIN_LOCS, which will prevent the partial routing of the signal "m_axi_gmem1_rdata[369]". Without this partial route, timing analysis to/from this port will not be accurate, and no routing information for this port can be exported.
WARNING: [Route 35-198] Port "m_axi_gmem1_rdata[385]" does not have an associated HD.PARTPIN_LOCS, which will prevent the partial routing of the signal "m_axi_gmem1_rdata[385]". Without this partial route, timing analysis to/from this port will not be accurate, and no routing information for this port can be exported.
WARNING: [Route 35-198] Port "m_axi_gmem1_rdata[395]" does not have an associated HD.PARTPIN_LOCS, which will prevent the partial routing of the signal "m_axi_gmem1_rdata[395]". Without this partial route, timing analysis to/from this port will not be accurate, and no routing information for this port can be exported.
WARNING: [Route 35-198] Port "m_axi_gmem1_rdata[403]" does not have an associated HD.PARTPIN_LOCS, which will prevent the partial routing of the signal "m_axi_gmem1_rdata[403]". Without this partial route, timing analysis to/from this port will not be accurate, and no routing information for this port can be exported.
WARNING: [Route 35-198] Port "m_axi_gmem1_rdata[411]" does not have an associated HD.PARTPIN_LOCS, which will prevent the partial routing of the signal "m_axi_gmem1_rdata[411]". Without this partial route, timing analysis to/from this port will not be accurate, and no routing information for this port can be exported.
WARNING: [Route 35-198] Port "m_axi_gmem1_rdata[417]" does not have an associated HD.PARTPIN_LOCS, which will prevent the partial routing of the signal "m_axi_gmem1_rdata[417]". Without this partial route, timing analysis to/from this port will not be accurate, and no routing information for this port can be exported.
WARNING: [Route 35-198] Port "m_axi_gmem1_rdata[421]" does not have an associated HD.PARTPIN_LOCS, which will prevent the partial routing of the signal "m_axi_gmem1_rdata[421]". Without this partial route, timing analysis to/from this port will not be accurate, and no routing information for this port can be exported.
WARNING: [Route 35-198] Port "m_axi_gmem1_rdata[398]" does not have an associated HD.PARTPIN_LOCS, which will prevent the partial routing of the signal "m_axi_gmem1_rdata[398]". Without this partial route, timing analysis to/from this port will not be accurate, and no routing information for this port can be exported.
WARNING: [Route 35-198] Port "m_axi_gmem1_rdata[404]" does not have an associated HD.PARTPIN_LOCS, which will prevent the partial routing of the signal "m_axi_gmem1_rdata[404]". Without this partial route, timing analysis to/from this port will not be accurate, and no routing information for this port can be exported.
WARNING: [Route 35-198] Port "m_axi_gmem1_rdata[424]" does not have an associated HD.PARTPIN_LOCS, which will prevent the partial routing of the signal "m_axi_gmem1_rdata[424]". Without this partial route, timing analysis to/from this port will not be accurate, and no routing information for this port can be exported.
WARNING: [Route 35-198] Port "m_axi_gmem1_rdata[428]" does not have an associated HD.PARTPIN_LOCS, which will prevent the partial routing of the signal "m_axi_gmem1_rdata[428]". Without this partial route, timing analysis to/from this port will not be accurate, and no routing information for this port can be exported.
WARNING: [Route 35-198] Port "m_axi_gmem1_rdata[430]" does not have an associated HD.PARTPIN_LOCS, which will prevent the partial routing of the signal "m_axi_gmem1_rdata[430]". Without this partial route, timing analysis to/from this port will not be accurate, and no routing information for this port can be exported.
WARNING: [Route 35-198] Port "m_axi_gmem1_rdata[406]" does not have an associated HD.PARTPIN_LOCS, which will prevent the partial routing of the signal "m_axi_gmem1_rdata[406]". Without this partial route, timing analysis to/from this port will not be accurate, and no routing information for this port can be exported.
WARNING: [Route 35-198] Port "m_axi_gmem1_rdata[425]" does not have an associated HD.PARTPIN_LOCS, which will prevent the partial routing of the signal "m_axi_gmem1_rdata[425]". Without this partial route, timing analysis to/from this port will not be accurate, and no routing information for this port can be exported.
WARNING: [Route 35-198] Port "m_axi_gmem1_rdata[431]" does not have an associated HD.PARTPIN_LOCS, which will prevent the partial routing of the signal "m_axi_gmem1_rdata[431]". Without this partial route, timing analysis to/from this port will not be accurate, and no routing information for this port can be exported.
WARNING: [Route 35-198] Port "m_axi_gmem1_rdata[475]" does not have an associated HD.PARTPIN_LOCS, which will prevent the partial routing of the signal "m_axi_gmem1_rdata[475]". Without this partial route, timing analysis to/from this port will not be accurate, and no routing information for this port can be exported.
WARNING: [Route 35-198] Port "m_axi_gmem1_rdata[479]" does not have an associated HD.PARTPIN_LOCS, which will prevent the partial routing of the signal "m_axi_gmem1_rdata[479]". Without this partial route, timing analysis to/from this port will not be accurate, and no routing information for this port can be exported.
WARNING: [Route 35-198] Port "m_axi_gmem1_rdata[361]" does not have an associated HD.PARTPIN_LOCS, which will prevent the partial routing of the signal "m_axi_gmem1_rdata[361]". Without this partial route, timing analysis to/from this port will not be accurate, and no routing information for this port can be exported.
WARNING: [Route 35-198] Port "m_axi_gmem1_rdata[370]" does not have an associated HD.PARTPIN_LOCS, which will prevent the partial routing of the signal "m_axi_gmem1_rdata[370]". Without this partial route, timing analysis to/from this port will not be accurate, and no routing information for this port can be exported.
WARNING: [Route 35-198] Port "m_axi_gmem1_rdata[419]" does not have an associated HD.PARTPIN_LOCS, which will prevent the partial routing of the signal "m_axi_gmem1_rdata[419]". Without this partial route, timing analysis to/from this port will not be accurate, and no routing information for this port can be exported.
WARNING: [Route 35-198] Port "m_axi_gmem1_rdata[374]" does not have an associated HD.PARTPIN_LOCS, which will prevent the partial routing of the signal "m_axi_gmem1_rdata[374]". Without this partial route, timing analysis to/from this port will not be accurate, and no routing information for this port can be exported.
WARNING: [Route 35-198] Port "m_axi_gmem1_rdata[377]" does not have an associated HD.PARTPIN_LOCS, which will prevent the partial routing of the signal "m_axi_gmem1_rdata[377]". Without this partial route, timing analysis to/from this port will not be accurate, and no routing information for this port can be exported.
WARNING: [Route 35-198] Port "m_axi_gmem1_rdata[409]" does not have an associated HD.PARTPIN_LOCS, which will prevent the partial routing of the signal "m_axi_gmem1_rdata[409]". Without this partial route, timing analysis to/from this port will not be accurate, and no routing information for this port can be exported.
WARNING: [Route 35-198] Port "m_axi_gmem1_rdata[384]" does not have an associated HD.PARTPIN_LOCS, which will prevent the partial routing of the signal "m_axi_gmem1_rdata[384]". Without this partial route, timing analysis to/from this port will not be accurate, and no routing information for this port can be exported.
WARNING: [Route 35-198] Port "m_axi_gmem1_rdata[408]" does not have an associated HD.PARTPIN_LOCS, which will prevent the partial routing of the signal "m_axi_gmem1_rdata[408]". Without this partial route, timing analysis to/from this port will not be accurate, and no routing information for this port can be exported.
WARNING: [Route 35-198] Port "m_axi_gmem1_rdata[410]" does not have an associated HD.PARTPIN_LOCS, which will prevent the partial routing of the signal "m_axi_gmem1_rdata[410]". Without this partial route, timing analysis to/from this port will not be accurate, and no routing information for this port can be exported.
WARNING: [Route 35-198] Port "m_axi_gmem1_rdata[412]" does not have an associated HD.PARTPIN_LOCS, which will prevent the partial routing of the signal "m_axi_gmem1_rdata[412]". Without this partial route, timing analysis to/from this port will not be accurate, and no routing information for this port can be exported.
WARNING: [Route 35-198] Port "m_axi_gmem1_rdata[461]" does not have an associated HD.PARTPIN_LOCS, which will prevent the partial routing of the signal "m_axi_gmem1_rdata[461]". Without this partial route, timing analysis to/from this port will not be accurate, and no routing information for this port can be exported.
WARNING: [Route 35-198] Port "m_axi_gmem1_rdata[372]" does not have an associated HD.PARTPIN_LOCS, which will prevent the partial routing of the signal "m_axi_gmem1_rdata[372]". Without this partial route, timing analysis to/from this port will not be accurate, and no routing information for this port can be exported.
WARNING: [Route 35-198] Port "m_axi_gmem1_rdata[396]" does not have an associated HD.PARTPIN_LOCS, which will prevent the partial routing of the signal "m_axi_gmem1_rdata[396]". Without this partial route, timing analysis to/from this port will not be accurate, and no routing information for this port can be exported.
WARNING: [Route 35-198] Port "m_axi_gmem1_rdata[416]" does not have an associated HD.PARTPIN_LOCS, which will prevent the partial routing of the signal "m_axi_gmem1_rdata[416]". Without this partial route, timing analysis to/from this port will not be accurate, and no routing information for this port can be exported.
WARNING: [Route 35-198] Port "m_axi_gmem1_rdata[418]" does not have an associated HD.PARTPIN_LOCS, which will prevent the partial routing of the signal "m_axi_gmem1_rdata[418]". Without this partial route, timing analysis to/from this port will not be accurate, and no routing information for this port can be exported.
WARNING: [Route 35-198] Port "m_axi_gmem1_rdata[420]" does not have an associated HD.PARTPIN_LOCS, which will prevent the partial routing of the signal "m_axi_gmem1_rdata[420]". Without this partial route, timing analysis to/from this port will not be accurate, and no routing information for this port can be exported.
WARNING: [Route 35-198] Port "m_axi_gmem1_rdata[501]" does not have an associated HD.PARTPIN_LOCS, which will prevent the partial routing of the signal "m_axi_gmem1_rdata[501]". Without this partial route, timing analysis to/from this port will not be accurate, and no routing information for this port can be exported.
WARNING: [Route 35-198] Port "m_axi_gmem1_rdata[360]" does not have an associated HD.PARTPIN_LOCS, which will prevent the partial routing of the signal "m_axi_gmem1_rdata[360]". Without this partial route, timing analysis to/from this port will not be accurate, and no routing information for this port can be exported.
WARNING: [Route 35-198] Port "m_axi_gmem1_rdata[397]" does not have an associated HD.PARTPIN_LOCS, which will prevent the partial routing of the signal "m_axi_gmem1_rdata[397]". Without this partial route, timing analysis to/from this port will not be accurate, and no routing information for this port can be exported.
WARNING: [Route 35-198] Port "m_axi_gmem1_rdata[415]" does not have an associated HD.PARTPIN_LOCS, which will prevent the partial routing of the signal "m_axi_gmem1_rdata[415]". Without this partial route, timing analysis to/from this port will not be accurate, and no routing information for this port can be exported.
WARNING: [Route 35-198] Port "m_axi_gmem1_rdata[422]" does not have an associated HD.PARTPIN_LOCS, which will prevent the partial routing of the signal "m_axi_gmem1_rdata[422]". Without this partial route, timing analysis to/from this port will not be accurate, and no routing information for this port can be exported.
WARNING: [Route 35-198] Port "m_axi_gmem1_rdata[427]" does not have an associated HD.PARTPIN_LOCS, which will prevent the partial routing of the signal "m_axi_gmem1_rdata[427]". Without this partial route, timing analysis to/from this port will not be accurate, and no routing information for this port can be exported.
WARNING: [Route 35-198] Port "m_axi_gmem1_rdata[429]" does not have an associated HD.PARTPIN_LOCS, which will prevent the partial routing of the signal "m_axi_gmem1_rdata[429]". Without this partial route, timing analysis to/from this port will not be accurate, and no routing information for this port can be exported.
WARNING: [Route 35-198] Port "m_axi_gmem2_wready" does not have an associated HD.PARTPIN_LOCS, which will prevent the partial routing of the signal "m_axi_gmem2_wready". Without this partial route, timing analysis to/from this port will not be accurate, and no routing information for this port can be exported.
WARNING: [Route 35-198] Port "m_axi_gmem1_rdata[362]" does not have an associated HD.PARTPIN_LOCS, which will prevent the partial routing of the signal "m_axi_gmem1_rdata[362]". Without this partial route, timing analysis to/from this port will not be accurate, and no routing information for this port can be exported.
WARNING: [Route 35-198] Port "m_axi_gmem1_rdata[392]" does not have an associated HD.PARTPIN_LOCS, which will prevent the partial routing of the signal "m_axi_gmem1_rdata[392]". Without this partial route, timing analysis to/from this port will not be accurate, and no routing information for this port can be exported.
WARNING: [Route 35-198] Port "m_axi_gmem1_rdata[414]" does not have an associated HD.PARTPIN_LOCS, which will prevent the partial routing of the signal "m_axi_gmem1_rdata[414]". Without this partial route, timing analysis to/from this port will not be accurate, and no routing information for this port can be exported.
WARNING: [Route 35-198] Port "m_axi_gmem1_rdata[455]" does not have an associated HD.PARTPIN_LOCS, which will prevent the partial routing of the signal "m_axi_gmem1_rdata[455]". Without this partial route, timing analysis to/from this port will not be accurate, and no routing information for this port can be exported.
WARNING: [Route 35-198] Port "m_axi_gmem1_rdata[459]" does not have an associated HD.PARTPIN_LOCS, which will prevent the partial routing of the signal "m_axi_gmem1_rdata[459]". Without this partial route, timing analysis to/from this port will not be accurate, and no routing information for this port can be exported.
WARNING: [Route 35-198] Port "m_axi_gmem1_rdata[477]" does not have an associated HD.PARTPIN_LOCS, which will prevent the partial routing of the signal "m_axi_gmem1_rdata[477]". Without this partial route, timing analysis to/from this port will not be accurate, and no routing information for this port can be exported.
WARNING: [Route 35-198] Port "m_axi_gmem1_rdata[364]" does not have an associated HD.PARTPIN_LOCS, which will prevent the partial routing of the signal "m_axi_gmem1_rdata[364]". Without this partial route, timing analysis to/from this port will not be accurate, and no routing information for this port can be exported.
WARNING: [Route 35-198] Port "m_axi_gmem1_rdata[367]" does not have an associated HD.PARTPIN_LOCS, which will prevent the partial routing of the signal "m_axi_gmem1_rdata[367]". Without this partial route, timing analysis to/from this port will not be accurate, and no routing information for this port can be exported.
WARNING: [Route 35-198] Port "m_axi_gmem1_rdata[381]" does not have an associated HD.PARTPIN_LOCS, which will prevent the partial routing of the signal "m_axi_gmem1_rdata[381]". Without this partial route, timing analysis to/from this port will not be accurate, and no routing information for this port can be exported.
WARNING: [Route 35-198] Port "m_axi_gmem1_rdata[388]" does not have an associated HD.PARTPIN_LOCS, which will prevent the partial routing of the signal "m_axi_gmem1_rdata[388]". Without this partial route, timing analysis to/from this port will not be accurate, and no routing information for this port can be exported.
WARNING: [Route 35-198] Port "m_axi_gmem1_rdata[393]" does not have an associated HD.PARTPIN_LOCS, which will prevent the partial routing of the signal "m_axi_gmem1_rdata[393]". Without this partial route, timing analysis to/from this port will not be accurate, and no routing information for this port can be exported.
WARNING: [Route 35-198] Port "m_axi_gmem1_rdata[394]" does not have an associated HD.PARTPIN_LOCS, which will prevent the partial routing of the signal "m_axi_gmem1_rdata[394]". Without this partial route, timing analysis to/from this port will not be accurate, and no routing information for this port can be exported.
WARNING: [Route 35-198] Port "m_axi_gmem1_rdata[491]" does not have an associated HD.PARTPIN_LOCS, which will prevent the partial routing of the signal "m_axi_gmem1_rdata[491]". Without this partial route, timing analysis to/from this port will not be accurate, and no routing information for this port can be exported.
WARNING: [Route 35-198] Port "m_axi_gmem1_rdata[493]" does not have an associated HD.PARTPIN_LOCS, which will prevent the partial routing of the signal "m_axi_gmem1_rdata[493]". Without this partial route, timing analysis to/from this port will not be accurate, and no routing information for this port can be exported.
WARNING: [Route 35-198] Port "m_axi_gmem1_rdata[366]" does not have an associated HD.PARTPIN_LOCS, which will prevent the partial routing of the signal "m_axi_gmem1_rdata[366]". Without this partial route, timing analysis to/from this port will not be accurate, and no routing information for this port can be exported.
WARNING: [Route 35-198] Port "m_axi_gmem1_rdata[368]" does not have an associated HD.PARTPIN_LOCS, which will prevent the partial routing of the signal "m_axi_gmem1_rdata[368]". Without this partial route, timing analysis to/from this port will not be accurate, and no routing information for this port can be exported.
WARNING: [Route 35-198] Port "m_axi_gmem1_rdata[376]" does not have an associated HD.PARTPIN_LOCS, which will prevent the partial routing of the signal "m_axi_gmem1_rdata[376]". Without this partial route, timing analysis to/from this port will not be accurate, and no routing information for this port can be exported.
WARNING: [Route 35-198] Port "m_axi_gmem1_rdata[383]" does not have an associated HD.PARTPIN_LOCS, which will prevent the partial routing of the signal "m_axi_gmem1_rdata[383]". Without this partial route, timing analysis to/from this port will not be accurate, and no routing information for this port can be exported.
WARNING: [Route 35-198] Port "m_axi_gmem1_rdata[400]" does not have an associated HD.PARTPIN_LOCS, which will prevent the partial routing of the signal "m_axi_gmem1_rdata[400]". Without this partial route, timing analysis to/from this port will not be accurate, and no routing information for this port can be exported.
WARNING: [Route 35-198] Port "m_axi_gmem1_rdata[426]" does not have an associated HD.PARTPIN_LOCS, which will prevent the partial routing of the signal "m_axi_gmem1_rdata[426]". Without this partial route, timing analysis to/from this port will not be accurate, and no routing information for this port can be exported.
WARNING: [Route 35-198] Port "m_axi_gmem2_awready" does not have an associated HD.PARTPIN_LOCS, which will prevent the partial routing of the signal "m_axi_gmem2_awready". Without this partial route, timing analysis to/from this port will not be accurate, and no routing information for this port can be exported.
WARNING: [Route 35-198] Port "m_axi_gmem1_rdata[445]" does not have an associated HD.PARTPIN_LOCS, which will prevent the partial routing of the signal "m_axi_gmem1_rdata[445]". Without this partial route, timing analysis to/from this port will not be accurate, and no routing information for this port can be exported.
WARNING: [Route 35-198] Port "m_axi_gmem1_rdata[457]" does not have an associated HD.PARTPIN_LOCS, which will prevent the partial routing of the signal "m_axi_gmem1_rdata[457]". Without this partial route, timing analysis to/from this port will not be accurate, and no routing information for this port can be exported.
WARNING: [Route 35-198] Port "m_axi_gmem1_rdata[463]" does not have an associated HD.PARTPIN_LOCS, which will prevent the partial routing of the signal "m_axi_gmem1_rdata[463]". Without this partial route, timing analysis to/from this port will not be accurate, and no routing information for this port can be exported.
WARNING: [Route 35-198] Port "m_axi_gmem1_rdata[473]" does not have an associated HD.PARTPIN_LOCS, which will prevent the partial routing of the signal "m_axi_gmem1_rdata[473]". Without this partial route, timing analysis to/from this port will not be accurate, and no routing information for this port can be exported.
WARNING: [Route 35-198] Port "m_axi_gmem1_rdata[485]" does not have an associated HD.PARTPIN_LOCS, which will prevent the partial routing of the signal "m_axi_gmem1_rdata[485]". Without this partial route, timing analysis to/from this port will not be accurate, and no routing information for this port can be exported.
WARNING: [Route 35-198] Port "m_axi_gmem1_rdata[441]" does not have an associated HD.PARTPIN_LOCS, which will prevent the partial routing of the signal "m_axi_gmem1_rdata[441]". Without this partial route, timing analysis to/from this port will not be accurate, and no routing information for this port can be exported.
WARNING: [Route 35-198] Port "m_axi_gmem1_rdata[446]" does not have an associated HD.PARTPIN_LOCS, which will prevent the partial routing of the signal "m_axi_gmem1_rdata[446]". Without this partial route, timing analysis to/from this port will not be accurate, and no routing information for this port can be exported.
WARNING: [Route 35-198] Port "m_axi_gmem1_rdata[451]" does not have an associated HD.PARTPIN_LOCS, which will prevent the partial routing of the signal "m_axi_gmem1_rdata[451]". Without this partial route, timing analysis to/from this port will not be accurate, and no routing information for this port can be exported.
WARNING: [Route 35-198] Port "m_axi_gmem1_rdata[453]" does not have an associated HD.PARTPIN_LOCS, which will prevent the partial routing of the signal "m_axi_gmem1_rdata[453]". Without this partial route, timing analysis to/from this port will not be accurate, and no routing information for this port can be exported.
WARNING: [Route 35-198] Port "m_axi_gmem1_rdata[467]" does not have an associated HD.PARTPIN_LOCS, which will prevent the partial routing of the signal "m_axi_gmem1_rdata[467]". Without this partial route, timing analysis to/from this port will not be accurate, and no routing information for this port can be exported.
WARNING: [Route 35-198] Port "m_axi_gmem1_rdata[471]" does not have an associated HD.PARTPIN_LOCS, which will prevent the partial routing of the signal "m_axi_gmem1_rdata[471]". Without this partial route, timing analysis to/from this port will not be accurate, and no routing information for this port can be exported.
WARNING: [Route 35-198] Port "m_axi_gmem1_rdata[489]" does not have an associated HD.PARTPIN_LOCS, which will prevent the partial routing of the signal "m_axi_gmem1_rdata[489]". Without this partial route, timing analysis to/from this port will not be accurate, and no routing information for this port can be exported.
WARNING: [Route 35-198] Port "m_axi_gmem1_rdata[495]" does not have an associated HD.PARTPIN_LOCS, which will prevent the partial routing of the signal "m_axi_gmem1_rdata[495]". Without this partial route, timing analysis to/from this port will not be accurate, and no routing information for this port can be exported.
WARNING: [Route 35-198] Port "m_axi_gmem1_rdata[378]" does not have an associated HD.PARTPIN_LOCS, which will prevent the partial routing of the signal "m_axi_gmem1_rdata[378]". Without this partial route, timing analysis to/from this port will not be accurate, and no routing information for this port can be exported.
WARNING: [Route 35-198] Port "m_axi_gmem1_rdata[382]" does not have an associated HD.PARTPIN_LOCS, which will prevent the partial routing of the signal "m_axi_gmem1_rdata[382]". Without this partial route, timing analysis to/from this port will not be accurate, and no routing information for this port can be exported.
WARNING: [Route 35-198] Port "m_axi_gmem1_rdata[386]" does not have an associated HD.PARTPIN_LOCS, which will prevent the partial routing of the signal "m_axi_gmem1_rdata[386]". Without this partial route, timing analysis to/from this port will not be accurate, and no routing information for this port can be exported.
WARNING: [Route 35-198] Port "m_axi_gmem1_rdata[390]" does not have an associated HD.PARTPIN_LOCS, which will prevent the partial routing of the signal "m_axi_gmem1_rdata[390]". Without this partial route, timing analysis to/from this port will not be accurate, and no routing information for this port can be exported.
WARNING: [Route 35-198] Port "m_axi_gmem1_rdata[402]" does not have an associated HD.PARTPIN_LOCS, which will prevent the partial routing of the signal "m_axi_gmem1_rdata[402]". Without this partial route, timing analysis to/from this port will not be accurate, and no routing information for this port can be exported.
WARNING: [Route 35-198] Port "m_axi_gmem1_rdata[435]" does not have an associated HD.PARTPIN_LOCS, which will prevent the partial routing of the signal "m_axi_gmem1_rdata[435]". Without this partial route, timing analysis to/from this port will not be accurate, and no routing information for this port can be exported.
WARNING: [Route 35-198] Port "m_axi_gmem1_rdata[447]" does not have an associated HD.PARTPIN_LOCS, which will prevent the partial routing of the signal "m_axi_gmem1_rdata[447]". Without this partial route, timing analysis to/from this port will not be accurate, and no routing information for this port can be exported.
WARNING: [Route 35-198] Port "m_axi_gmem1_rdata[439]" does not have an associated HD.PARTPIN_LOCS, which will prevent the partial routing of the signal "m_axi_gmem1_rdata[439]". Without this partial route, timing analysis to/from this port will not be accurate, and no routing information for this port can be exported.
INFO: [Common 17-14] Message 'Route 35-198' appears 100 times and further instances of the messages will be disabled. Use the Tcl command set_msg_config to change the current settings.
Post Restoration Checksum: NetGraph: ff9cc254 | NumContArr: f28d6f2e | Constraints: 8bf8396e | Timing: c2a8fa9d
Phase 1 Build RT Design | Checksum: 340cb658d

Time (s): cpu = 00:00:21 ; elapsed = 00:00:04 . Memory (MB): peak = 5101.953 ; gain = 0.000 ; free physical = 37621 ; free virtual = 56720

Phase 2 Router Initialization

Phase 2.1 Fix Topology Constraints
Phase 2.1 Fix Topology Constraints | Checksum: 340cb658d

Time (s): cpu = 00:00:21 ; elapsed = 00:00:04 . Memory (MB): peak = 5101.953 ; gain = 0.000 ; free physical = 37622 ; free virtual = 56720

Phase 2.2 Pre Route Cleanup
Phase 2.2 Pre Route Cleanup | Checksum: 340cb658d

Time (s): cpu = 00:00:22 ; elapsed = 00:00:04 . Memory (MB): peak = 5101.953 ; gain = 0.000 ; free physical = 37622 ; free virtual = 56720

Phase 2.3 Global Clock Net Routing
 Number of Nodes with overlaps = 0
Phase 2.3 Global Clock Net Routing | Checksum: 2d5a6ae73

Time (s): cpu = 00:00:26 ; elapsed = 00:00:07 . Memory (MB): peak = 5101.953 ; gain = 0.000 ; free physical = 37567 ; free virtual = 56676

Phase 2.4 Update Timing
Phase 2.4 Update Timing | Checksum: 143ced643

Time (s): cpu = 00:00:39 ; elapsed = 00:00:10 . Memory (MB): peak = 5101.953 ; gain = 0.000 ; free physical = 37608 ; free virtual = 56717
INFO: [Route 35-416] Intermediate Timing Summary | WNS=4.355  | TNS=0.000  | WHS=-0.036 | THS=-1.012 |


Phase 2.5 Soft Constraint Pins - Fast Budgeting
Phase 2.5 Soft Constraint Pins - Fast Budgeting | Checksum: 1ecd9026b

Time (s): cpu = 00:00:52 ; elapsed = 00:00:14 . Memory (MB): peak = 5101.953 ; gain = 0.000 ; free physical = 37611 ; free virtual = 56777

Router Utilization Summary
  Global Vertical Routing Utilization    = 0.0015777 %
  Global Horizontal Routing Utilization  = 0.000141595 %
  Routable Net Status*
  *Does not include unroutable nets such as driverless and loadless.
  Run report_route_status for detailed report.
  Number of Failed Nets               = 88545
    (Failed Nets is the sum of unrouted and partially routed nets)
  Number of Unrouted Nets             = 68567
  Number of Partially Routed Nets     = 19978
  Number of Node Overlaps             = 5

Phase 2 Router Initialization | Checksum: 20cc1b10d

Time (s): cpu = 00:00:54 ; elapsed = 00:00:15 . Memory (MB): peak = 5101.953 ; gain = 0.000 ; free physical = 37749 ; free virtual = 56861

Phase 3 Global Routing
Phase 3 Global Routing | Checksum: 20cc1b10d

Time (s): cpu = 00:00:55 ; elapsed = 00:00:15 . Memory (MB): peak = 5101.953 ; gain = 0.000 ; free physical = 37754 ; free virtual = 56860

Phase 4 Initial Routing

Phase 4.1 Initial Net Routing Pass
Phase 4.1 Initial Net Routing Pass | Checksum: 1543bb02b

Time (s): cpu = 00:01:36 ; elapsed = 00:00:32 . Memory (MB): peak = 5101.953 ; gain = 0.000 ; free physical = 37574 ; free virtual = 57006
Phase 4 Initial Routing | Checksum: 1e1b6607b

Time (s): cpu = 00:01:37 ; elapsed = 00:00:32 . Memory (MB): peak = 5101.953 ; gain = 0.000 ; free physical = 37620 ; free virtual = 57019

Phase 5 Rip-up And Reroute

Phase 5.1 Global Iteration 0
INFO: [Route 35-443] CLB routing congestion detected. Several CLBs have high routing utilization, which can impact timing closure. Congested CLBs and Nets are dumped in: iter_3_CongestedCLBsAndNets.txt
 Number of Nodes with overlaps = 15480
 Number of Nodes with overlaps = 743
 Number of Nodes with overlaps = 38
 Number of Nodes with overlaps = 2
 Number of Nodes with overlaps = 0
INFO: [Route 35-416] Intermediate Timing Summary | WNS=1.265  | TNS=0.000  | WHS=0.022  | THS=0.000  |

Phase 5.1 Global Iteration 0 | Checksum: 133411370

Time (s): cpu = 00:04:58 ; elapsed = 00:01:48 . Memory (MB): peak = 5101.953 ; gain = 0.000 ; free physical = 38051 ; free virtual = 57187

Phase 5.2 Additional Iteration for Hold
Phase 5.2 Additional Iteration for Hold | Checksum: 1aa8ac16a

Time (s): cpu = 00:04:59 ; elapsed = 00:01:48 . Memory (MB): peak = 5101.953 ; gain = 0.000 ; free physical = 38052 ; free virtual = 57187
Phase 5 Rip-up And Reroute | Checksum: 1aa8ac16a

Time (s): cpu = 00:04:59 ; elapsed = 00:01:48 . Memory (MB): peak = 5101.953 ; gain = 0.000 ; free physical = 38052 ; free virtual = 57187

Phase 6 Delay and Skew Optimization

Phase 6.1 Delay CleanUp
Phase 6.1 Delay CleanUp | Checksum: 1aa8ac16a

Time (s): cpu = 00:05:00 ; elapsed = 00:01:49 . Memory (MB): peak = 5101.953 ; gain = 0.000 ; free physical = 38052 ; free virtual = 57187

Phase 6.2 Clock Skew Optimization
Phase 6.2 Clock Skew Optimization | Checksum: 1aa8ac16a

Time (s): cpu = 00:05:00 ; elapsed = 00:01:49 . Memory (MB): peak = 5101.953 ; gain = 0.000 ; free physical = 38052 ; free virtual = 57187
Phase 6 Delay and Skew Optimization | Checksum: 1aa8ac16a

Time (s): cpu = 00:05:00 ; elapsed = 00:01:49 . Memory (MB): peak = 5101.953 ; gain = 0.000 ; free physical = 38052 ; free virtual = 57187

Phase 7 Post Hold Fix

Phase 7.1 Hold Fix Iter
INFO: [Route 35-416] Intermediate Timing Summary | WNS=1.265  | TNS=0.000  | WHS=0.022  | THS=0.000  |

Phase 7.1 Hold Fix Iter | Checksum: 1105a968f

Time (s): cpu = 00:05:09 ; elapsed = 00:01:50 . Memory (MB): peak = 5101.953 ; gain = 0.000 ; free physical = 38004 ; free virtual = 57166
Phase 7 Post Hold Fix | Checksum: 1105a968f

Time (s): cpu = 00:05:10 ; elapsed = 00:01:51 . Memory (MB): peak = 5101.953 ; gain = 0.000 ; free physical = 37999 ; free virtual = 57163

Phase 8 Leaf Clock Prog Delay Opt
Phase 8 Leaf Clock Prog Delay Opt | Checksum: 1c491837b

Time (s): cpu = 00:05:16 ; elapsed = 00:01:52 . Memory (MB): peak = 5101.953 ; gain = 0.000 ; free physical = 37975 ; free virtual = 57165

Phase 9 Route finalize

Router Utilization Summary
  Global Vertical Routing Utilization    = 8.60258 %
  Global Horizontal Routing Utilization  = 8.83316 %
  Routable Net Status*
  *Does not include unroutable nets such as driverless and loadless.
  Run report_route_status for detailed report.
  Number of Failed Nets               = 0
    (Failed Nets is the sum of unrouted and partially routed nets)
  Number of Unrouted Nets             = 0
  Number of Partially Routed Nets     = 0
  Number of Node Overlaps             = 0

Phase 9 Route finalize | Checksum: 1c491837b

Time (s): cpu = 00:05:17 ; elapsed = 00:01:52 . Memory (MB): peak = 5101.953 ; gain = 0.000 ; free physical = 37951 ; free virtual = 57149

Phase 10 Verifying routed nets

 Verification completed successfully
Phase 10 Verifying routed nets | Checksum: 1c491837b

Time (s): cpu = 00:05:18 ; elapsed = 00:01:52 . Memory (MB): peak = 5101.953 ; gain = 0.000 ; free physical = 37950 ; free virtual = 57149

Phase 11 Depositing Routes
Phase 11 Depositing Routes | Checksum: 1c491837b

Time (s): cpu = 00:05:22 ; elapsed = 00:01:55 . Memory (MB): peak = 5101.953 ; gain = 0.000 ; free physical = 37973 ; free virtual = 57177

Phase 12 Resolve XTalk
Phase 12 Resolve XTalk | Checksum: 1c491837b

Time (s): cpu = 00:05:22 ; elapsed = 00:01:55 . Memory (MB): peak = 5101.953 ; gain = 0.000 ; free physical = 37979 ; free virtual = 57183

Phase 13 Post Process Routing
Phase 13 Post Process Routing | Checksum: 1c491837b

Time (s): cpu = 00:05:24 ; elapsed = 00:01:55 . Memory (MB): peak = 5101.953 ; gain = 0.000 ; free physical = 37954 ; free virtual = 57179

Phase 14 Post Router Timing
INFO: [Route 35-57] Estimated Timing Summary | WNS=1.265  | TNS=0.000  | WHS=0.022  | THS=0.000  |

INFO: [Route 35-327] The final timing numbers are based on the router estimated timing analysis. For a complete and accurate timing signoff, please run report_timing_summary.
Phase 14 Post Router Timing | Checksum: 1c491837b

Time (s): cpu = 00:05:24 ; elapsed = 00:01:55 . Memory (MB): peak = 5101.953 ; gain = 0.000 ; free physical = 37949 ; free virtual = 57176
Total Elapsed time in route_design: 115.44 secs

Phase 15 Post-Route Event Processing
Phase 15 Post-Route Event Processing | Checksum: d35d7bdc

Time (s): cpu = 00:05:25 ; elapsed = 00:01:56 . Memory (MB): peak = 5101.953 ; gain = 0.000 ; free physical = 37941 ; free virtual = 57174
INFO: [Route 35-16] Router Completed Successfully
Ending Routing Task | Checksum: d35d7bdc

Time (s): cpu = 00:05:26 ; elapsed = 00:01:56 . Memory (MB): peak = 5101.953 ; gain = 0.000 ; free physical = 37931 ; free virtual = 57170

Routing Is Done.
INFO: [Common 17-83] Releasing license: Implementation
113 Infos, 107 Warnings, 0 Critical Warnings and 0 Errors encountered.
route_design completed successfully
route_design: Time (s): cpu = 00:05:27 ; elapsed = 00:01:57 . Memory (MB): peak = 5101.953 ; gain = 0.000 ; free physical = 37918 ; free virtual = 57168
INFO: [Vivado 12-24828] Executing command : report_drc -file bd_0_wrapper_drc_routed.rpt -pb bd_0_wrapper_drc_routed.pb -rpx bd_0_wrapper_drc_routed.rpx
Command: report_drc -file bd_0_wrapper_drc_routed.rpt -pb bd_0_wrapper_drc_routed.pb -rpx bd_0_wrapper_drc_routed.rpx
INFO: [IP_Flow 19-1839] IP Catalog is up to date.
WARNING: [Timing 38-242] The property HD.CLK_SRC of clock port "ap_clk" is not set. In out-of-context mode, this prevents timing estimation for clock delay/skew
Resolution: Set the HD.CLK_SRC property of the out-of-context port to the location of the clock buffer instance in the top-level design
INFO: [DRC 23-27] Running DRC with 8 threads
WARNING: [DRC 23-814] Not all possible (connectivity based) DRCs may have been run because this design is seen as Out of Context.
INFO: [Vivado_Tcl 2-168] The results of DRC are in file /home/nat/dev/trinners/mai_proj/hls/thesis-gcn-accelerator/vitis/integrated_gcn/integrated_gcn_approx/integrated_gcn_approx/hls/impl/verilog/project.runs/impl_1/bd_0_wrapper_drc_routed.rpt.
report_drc completed successfully
report_drc: Time (s): cpu = 00:00:34 ; elapsed = 00:00:13 . Memory (MB): peak = 5101.953 ; gain = 0.000 ; free physical = 37855 ; free virtual = 57145
INFO: [Vivado 12-24828] Executing command : report_methodology -file bd_0_wrapper_methodology_drc_routed.rpt -pb bd_0_wrapper_methodology_drc_routed.pb -rpx bd_0_wrapper_methodology_drc_routed.rpx
Command: report_methodology -file bd_0_wrapper_methodology_drc_routed.rpt -pb bd_0_wrapper_methodology_drc_routed.pb -rpx bd_0_wrapper_methodology_drc_routed.rpx
INFO: [Timing 38-35] Done setting XDC timing constraints.
INFO: [DRC 23-133] Running Methodology with 8 threads
WARNING: [DRC 23-814] Not all possible (connectivity based) DRCs may have been run because this design is seen as Out of Context.
INFO: [Vivado_Tcl 2-1520] The results of Report Methodology are in file /home/nat/dev/trinners/mai_proj/hls/thesis-gcn-accelerator/vitis/integrated_gcn/integrated_gcn_approx/integrated_gcn_approx/hls/impl/verilog/project.runs/impl_1/bd_0_wrapper_methodology_drc_routed.rpt.
report_methodology completed successfully
INFO: [Vivado 12-24828] Executing command : report_timing_summary -max_paths 10 -routable_nets -report_unconstrained -file bd_0_wrapper_timing_summary_routed.rpt -pb bd_0_wrapper_timing_summary_routed.pb -rpx bd_0_wrapper_timing_summary_routed.rpx -warn_on_violation 
INFO: [Timing 38-35] Done setting XDC timing constraints.
INFO: [Timing 38-91] UpdateTimingParams: Speed grade: -2LV, Temperature grade: C, Delay Type: min_max.
INFO: [Timing 38-191] Multithreading enabled for timing update using a maximum of 8 CPUs
INFO: [Vivado 12-24838] Running report commands "report_bus_skew, report_incremental_reuse, report_route_status" in parallel.
Running report generation with 3 threads.
INFO: [Vivado 12-24828] Executing command : report_incremental_reuse -file bd_0_wrapper_incremental_reuse_routed.rpt
INFO: [Vivado_Tcl 4-1062] Incremental flow is disabled. No incremental reuse Info to report.
INFO: [Vivado 12-24828] Executing command : report_bus_skew -warn_on_violation -file bd_0_wrapper_bus_skew_routed.rpt -pb bd_0_wrapper_bus_skew_routed.pb -rpx bd_0_wrapper_bus_skew_routed.rpx
INFO: [Timing 38-91] UpdateTimingParams: Speed grade: -2LV, Temperature grade: C, Delay Type: min_max.
INFO: [Timing 38-191] Multithreading enabled for timing update using a maximum of 8 CPUs
INFO: [Vivado 12-24828] Executing command : report_route_status -file bd_0_wrapper_route_status.rpt -pb bd_0_wrapper_route_status.pb
INFO: [Vivado 12-24828] Executing command : report_power -file bd_0_wrapper_power_routed.rpt -pb bd_0_wrapper_power_summary_routed.pb -rpx bd_0_wrapper_power_routed.rpx
Command: report_power -file bd_0_wrapper_power_routed.rpt -pb bd_0_wrapper_power_summary_routed.pb -rpx bd_0_wrapper_power_routed.rpx
Running Vector-less Activity Propagation...

Finished Running Vector-less Activity Propagation
133 Infos, 110 Warnings, 0 Critical Warnings and 0 Errors encountered.
report_power completed successfully
report_power: Time (s): cpu = 00:00:23 ; elapsed = 00:00:10 . Memory (MB): peak = 5103.953 ; gain = 2.000 ; free physical = 37142 ; free virtual = 56633
INFO: [Vivado 12-24828] Executing command : report_clock_utilization -file bd_0_wrapper_clock_utilization_routed.rpt
generate_parallel_reports: Time (s): cpu = 00:01:21 ; elapsed = 00:00:32 . Memory (MB): peak = 5103.953 ; gain = 2.000 ; free physical = 37241 ; free virtual = 56653
INFO: [Timing 38-480] Writing timing data to binary archive.
Write ShapeDB Complete: Time (s): cpu = 00:00:00.58 ; elapsed = 00:00:00.12 . Memory (MB): peak = 5103.953 ; gain = 0.000 ; free physical = 37192 ; free virtual = 56649
Wrote PlaceDB: Time (s): cpu = 00:00:04 ; elapsed = 00:00:01 . Memory (MB): peak = 5103.953 ; gain = 0.000 ; free physical = 37147 ; free virtual = 56671
Wrote PulsedLatchDB: Time (s): cpu = 00:00:00 ; elapsed = 00:00:00 . Memory (MB): peak = 5103.953 ; gain = 0.000 ; free physical = 37147 ; free virtual = 56671
Writing XDEF routing.
Writing XDEF routing logical nets.
Writing XDEF routing special nets.
Wrote RouteStorage: Time (s): cpu = 00:00:02 ; elapsed = 00:00:00.76 . Memory (MB): peak = 5103.953 ; gain = 0.000 ; free physical = 37140 ; free virtual = 56677
Wrote Netlist Cache: Time (s): cpu = 00:00:00.05 ; elapsed = 00:00:00.05 . Memory (MB): peak = 5103.953 ; gain = 0.000 ; free physical = 37140 ; free virtual = 56684
Wrote Device Cache: Time (s): cpu = 00:00:00 ; elapsed = 00:00:00.01 . Memory (MB): peak = 5103.953 ; gain = 0.000 ; free physical = 37137 ; free virtual = 56683
Write Physdb Complete: Time (s): cpu = 00:00:05 ; elapsed = 00:00:02 . Memory (MB): peak = 5103.953 ; gain = 0.000 ; free physical = 37137 ; free virtual = 56683
INFO: [Common 17-1381] The checkpoint '/home/nat/dev/trinners/mai_proj/hls/thesis-gcn-accelerator/vitis/integrated_gcn/integrated_gcn_approx/integrated_gcn_approx/hls/impl/verilog/project.runs/impl_1/bd_0_wrapper_routed.dcp' has been generated.
INFO: [Common 17-206] Exiting Vivado at Thu Apr 16 10:28:39 2026...
