

================================================================
== Vitis HLS Report for 'gemm_write'
================================================================
* Date:           Thu Apr 16 11:31:53 2026

* Version:        2025.2 (Build 6295257 on Nov 14 2025)
* Project:        integrated_gcn
* Solution:       hls (Vivado IP Flow Target)
* Product family: zynquplus
* Target device:  xck26-sfvc784-2LV-c


================================================================
== Performance Estimates
================================================================
+ Timing: 
    * Summary: 
    +--------+----------+----------+------------+
    |  Clock |  Target  | Estimated| Uncertainty|
    +--------+----------+----------+------------+
    |ap_clk  |  10.00 ns|  7.300 ns|     2.70 ns|
    +--------+----------+----------+------------+

+ Latency: 
    * Summary: 
    +---------+---------+-----------+-----------+------+------+------------------------------------------------+
    |  Latency (cycles) |   Latency (absolute)  |   Interval  |                    Pipeline                    |
    |   min   |   max   |    min    |    max    |  min |  max |                      Type                      |
    +---------+---------+-----------+-----------+------+------+------------------------------------------------+
    |     5512|     5512|  55.120 us|  55.120 us|  5505|  5505|  loop auto-rewind stp (delay=0 clock cycles(s))|
    +---------+---------+-----------+-----------+------+------+------------------------------------------------+

    + Detail: 
        * Instance: 
        N/A

        * Loop: 
        +------------------------------------------------------+---------+---------+----------+-----------+-----------+------+----------+
        |                                                      |  Latency (cycles) | Iteration|  Initiation Interval  | Trip |          |
        |                       Loop Name                      |   min   |   max   |  Latency |  achieved |   target  | Count| Pipelined|
        +------------------------------------------------------+---------+---------+----------+-----------+-----------+------+----------+
        |- VITIS_LOOP_165_1_VITIS_LOOP_167_3_VITIS_LOOP_168_4  |     5510|     5510|         8|          1|          1|  5504|       yes|
        +------------------------------------------------------+---------+---------+----------+-----------+-----------+------+----------+

============================================================
+ Verbose Summary: Synthesis Manager
============================================================
InlineROM: 1
ExposeGlobal: 0
============================================================
+ Verbose Summary: CDFG Model
============================================================
IsTopModel: 0
ResetActiveHigh: 1
IsCombinational: 2
IsDatapathOnly: 0
HasWiredReturn: 1
HasMFsm: 2
HasVarLatency: 1
IsPipeline: 0
IsRtlPipelined: 0
IsInstanceOverlapped: 0
IsDontTouch: 0
HasImplIP: 0
IsGatedGlobalClock: 0

+ Individual pipeline summary: 
  * Pipeline-0: initiation interval (II) = 1, depth = 8


============================================================
+ Verbose Summary: Schedule
============================================================
* Number of FSM states : 8
* Pipeline : 1
  Pipeline-0 : II = 1, D = 8, States = { 1 2 3 4 5 6 7 8 }
* Dataflow Pipeline: 0

* FSM state transitions: 
1 --> 2 
2 --> 3 
3 --> 4 
4 --> 5 
5 --> 6 
6 --> 7 
7 --> 8 
8 --> 

* FSM state operations: 

State 1 <SV = 0> <Delay = 4.52>
ST_1 : Operation 11 [1/1] (0.00ns)   --->   "%jj = alloca i32 1" [src/integrated-gcn/integrated_gcn.cpp:168]   --->   Operation 11 'alloca' 'jj' <Predicate = true> <Delay = 0.00>
ST_1 : Operation 12 [1/1] (0.00ns)   --->   "%i = alloca i32 1" [src/integrated-gcn/integrated_gcn.cpp:167]   --->   Operation 12 'alloca' 'i' <Predicate = true> <Delay = 0.00>
ST_1 : Operation 13 [1/1] (0.00ns)   --->   "%indvar_flatten = alloca i32 1"   --->   Operation 13 'alloca' 'indvar_flatten' <Predicate = true> <Delay = 0.00>
ST_1 : Operation 14 [1/1] (0.00ns)   --->   "%ib = alloca i32 1" [src/integrated-gcn/integrated_gcn.cpp:165]   --->   Operation 14 'alloca' 'ib' <Predicate = true> <Delay = 0.00>
ST_1 : Operation 15 [1/1] (0.00ns)   --->   "%indvar_flatten13 = alloca i32 1"   --->   Operation 15 'alloca' 'indvar_flatten13' <Predicate = true> <Delay = 0.00>
ST_1 : Operation 16 [1/1] (0.00ns)   --->   "%specstablecontent_ln0 = specstablecontent void @_ssdm_op_SpecStableContent, i64 %H_temp, i1 1, void @p_str"   --->   Operation 16 'specstablecontent' 'specstablecontent_ln0' <Predicate = true> <Delay = 0.00>
ST_1 : Operation 17 [1/1] (0.00ns)   --->   "%specinterface_ln0 = specinterface void @_ssdm_op_SpecInterface, i512 %XW_stream, void @empty_8, i32 0, i32 0, void @empty_23, i32 0, i32 0, void @empty_23, void @empty_23, void @empty_23, i32 0, i32 0, i32 0, i32 0, void @empty_23, void @empty_23, i32 4294967295, i32 0, i32 0, i32 0"   --->   Operation 17 'specinterface' 'specinterface_ln0' <Predicate = true> <Delay = 0.00>
ST_1 : Operation 18 [1/1] (0.00ns)   --->   "%specinterface_ln0 = specinterface void @_ssdm_op_SpecInterface, i512 %gmem2, void @empty_12, i32 0, i32 0, void @empty_23, i32 0, i32 0, void @empty_21, void @empty_32, void @empty_23, i32 16, i32 16, i32 16, i32 16, void @empty_23, void @empty_23, i32 4294967295, i32 0, i32 0, i32 64"   --->   Operation 18 'specinterface' 'specinterface_ln0' <Predicate = true> <Delay = 0.00>
ST_1 : Operation 19 [1/1] (0.00ns)   --->   "%H_temp_read = read i64 @_ssdm_op_Read.ap_auto.i64, i64 %H_temp" [src/integrated-gcn/integrated_gcn.cpp:162]   --->   Operation 19 'read' 'H_temp_read' <Predicate = true> <Delay = 0.00>
ST_1 : Operation 20 [1/1] (0.42ns)   --->   "%store_ln0 = store i13 0, i13 %indvar_flatten13"   --->   Operation 20 'store' 'store_ln0' <Predicate = true> <Delay = 0.42>
ST_1 : Operation 21 [1/1] (0.42ns)   --->   "%store_ln165 = store i6 0, i6 %ib" [src/integrated-gcn/integrated_gcn.cpp:165]   --->   Operation 21 'store' 'store_ln165' <Predicate = true> <Delay = 0.42>
ST_1 : Operation 22 [1/1] (0.42ns)   --->   "%store_ln0 = store i9 0, i9 %indvar_flatten"   --->   Operation 22 'store' 'store_ln0' <Predicate = true> <Delay = 0.42>
ST_1 : Operation 23 [1/1] (0.42ns)   --->   "%store_ln167 = store i7 0, i7 %i" [src/integrated-gcn/integrated_gcn.cpp:167]   --->   Operation 23 'store' 'store_ln167' <Predicate = true> <Delay = 0.42>
ST_1 : Operation 24 [1/1] (0.42ns)   --->   "%store_ln168 = store i2 0, i2 %jj" [src/integrated-gcn/integrated_gcn.cpp:168]   --->   Operation 24 'store' 'store_ln168' <Predicate = true> <Delay = 0.42>
ST_1 : Operation 25 [1/1] (0.42ns)   --->   "%br_ln165 = br void %for.body12" [src/integrated-gcn/integrated_gcn.cpp:165]   --->   Operation 25 'br' 'br_ln165' <Predicate = true> <Delay = 0.42>
ST_1 : Operation 26 [1/1] (0.00ns)   --->   "%first_iter_0 = phi i1 1, void %entry, i1 0, void %new.latch.for.inc"   --->   Operation 26 'phi' 'first_iter_0' <Predicate = true> <Delay = 0.00>
ST_1 : Operation 27 [1/1] (0.00ns)   --->   "%jj_1 = load i2 %jj" [src/integrated-gcn/integrated_gcn.cpp:168]   --->   Operation 27 'load' 'jj_1' <Predicate = true> <Delay = 0.00>
ST_1 : Operation 28 [1/1] (0.00ns)   --->   "%indvar_flatten_load = load i9 %indvar_flatten" [src/integrated-gcn/integrated_gcn.cpp:167]   --->   Operation 28 'load' 'indvar_flatten_load' <Predicate = true> <Delay = 0.00>
ST_1 : Operation 29 [1/1] (0.00ns)   --->   "%indvar_flatten13_load = load i13 %indvar_flatten13" [src/integrated-gcn/integrated_gcn.cpp:165]   --->   Operation 29 'load' 'indvar_flatten13_load' <Predicate = true> <Delay = 0.00>
ST_1 : Operation 30 [1/1] (0.82ns)   --->   "%icmp_ln165 = icmp_eq  i13 %indvar_flatten13_load, i13 5504" [src/integrated-gcn/integrated_gcn.cpp:165]   --->   Operation 30 'icmp' 'icmp_ln165' <Predicate = true> <Delay = 0.82> <CoreInst = "Cmp">   --->   Core 9 'Cmp' <Latency = 0> <II = 1> <Delay = 0.82> <FuncUnit> <Opcode : 'seteq' 'setne' 'setle' 'setge' 'setlt' 'setgt'> <InPorts = 2> <OutPorts = 1>
ST_1 : Operation 31 [1/1] (0.82ns)   --->   "%add_ln165 = add i13 %indvar_flatten13_load, i13 1" [src/integrated-gcn/integrated_gcn.cpp:165]   --->   Operation 31 'add' 'add_ln165' <Predicate = true> <Delay = 0.82> <CoreInst = "Adder">   --->   Core 1 'Adder' <Latency = 0> <II = 1> <Delay = 0.82> <FuncUnit> <Opcode : 'add' 'sub'> <InPorts = 2> <OutPorts = 1>
ST_1 : Operation 32 [1/1] (0.00ns)   --->   "%br_ln165 = br i1 %icmp_ln165, void %for.inc26, void %for.end28" [src/integrated-gcn/integrated_gcn.cpp:165]   --->   Operation 32 'br' 'br_ln165' <Predicate = true> <Delay = 0.00>
ST_1 : Operation 33 [1/1] (0.00ns)   --->   "%i_load = load i7 %i" [src/integrated-gcn/integrated_gcn.cpp:165]   --->   Operation 33 'load' 'i_load' <Predicate = (!icmp_ln165)> <Delay = 0.00>
ST_1 : Operation 34 [1/1] (0.00ns)   --->   "%ib_load = load i6 %ib" [src/integrated-gcn/integrated_gcn.cpp:165]   --->   Operation 34 'load' 'ib_load' <Predicate = (!icmp_ln165)> <Delay = 0.00>
ST_1 : Operation 35 [1/1] (0.77ns)   --->   "%icmp_ln167 = icmp_eq  i9 %indvar_flatten_load, i9 128" [src/integrated-gcn/integrated_gcn.cpp:167]   --->   Operation 35 'icmp' 'icmp_ln167' <Predicate = (!icmp_ln165)> <Delay = 0.77> <CoreInst = "Cmp">   --->   Core 9 'Cmp' <Latency = 0> <II = 1> <Delay = 0.77> <FuncUnit> <Opcode : 'seteq' 'setne' 'setle' 'setge' 'setlt' 'setgt'> <InPorts = 2> <OutPorts = 1>
ST_1 : Operation 36 [1/1] (0.36ns)   --->   "%select_ln165 = select i1 %icmp_ln167, i7 0, i7 %i_load" [src/integrated-gcn/integrated_gcn.cpp:165]   --->   Operation 36 'select' 'select_ln165' <Predicate = (!icmp_ln165)> <Delay = 0.36> <CoreInst = "Sel">   --->   Core 73 'Sel' <Latency = 0> <II = 1> <Delay = 0.36> <FuncUnit> <Opcode : 'select'> <InPorts = 3> <OutPorts = 1>
ST_1 : Operation 37 [1/1] (0.00ns) (grouped into LUT with out node first_iter_0_mid2)   --->   "%or_ln165 = or i1 %icmp_ln167, i1 %first_iter_0" [src/integrated-gcn/integrated_gcn.cpp:165]   --->   Operation 37 'or' 'or_ln165' <Predicate = (!icmp_ln165)> <Delay = 0.00> <CoreInst = "LogicGate">   --->   Core 74 'LogicGate' <Latency = 0> <II = 1> <Delay = 0.28> <FuncUnit> <Opcode : 'and' 'or' 'xor'> <InPorts = 2> <OutPorts = 1>
ST_1 : Operation 38 [1/1] (0.00ns) (grouped into LUT with out node and_ln165)   --->   "%xor_ln165 = xor i1 %icmp_ln167, i1 1" [src/integrated-gcn/integrated_gcn.cpp:165]   --->   Operation 38 'xor' 'xor_ln165' <Predicate = (!icmp_ln165)> <Delay = 0.00> <CoreInst = "LogicGate">   --->   Core 74 'LogicGate' <Latency = 0> <II = 1> <Delay = 0.28> <FuncUnit> <Opcode : 'and' 'or' 'xor'> <InPorts = 2> <OutPorts = 1>
ST_1 : Operation 39 [1/1] (0.54ns)   --->   "%icmp_ln168 = icmp_eq  i2 %jj_1, i2 2" [src/integrated-gcn/integrated_gcn.cpp:168]   --->   Operation 39 'icmp' 'icmp_ln168' <Predicate = (!icmp_ln165)> <Delay = 0.54> <CoreInst = "Cmp">   --->   Core 9 'Cmp' <Latency = 0> <II = 1> <Delay = 0.54> <FuncUnit> <Opcode : 'seteq' 'setne' 'setle' 'setge' 'setlt' 'setgt'> <InPorts = 2> <OutPorts = 1>
ST_1 : Operation 40 [1/1] (0.28ns) (out node of the LUT)   --->   "%and_ln165 = and i1 %icmp_ln168, i1 %xor_ln165" [src/integrated-gcn/integrated_gcn.cpp:165]   --->   Operation 40 'and' 'and_ln165' <Predicate = (!icmp_ln165)> <Delay = 0.28> <CoreInst = "LogicGate">   --->   Core 74 'LogicGate' <Latency = 0> <II = 1> <Delay = 0.28> <FuncUnit> <Opcode : 'and' 'or' 'xor'> <InPorts = 2> <OutPorts = 1>
ST_1 : Operation 41 [1/1] (0.78ns)   --->   "%add_ln165_1 = add i6 %ib_load, i6 1" [src/integrated-gcn/integrated_gcn.cpp:165]   --->   Operation 41 'add' 'add_ln165_1' <Predicate = (!icmp_ln165)> <Delay = 0.78> <CoreInst = "Adder">   --->   Core 1 'Adder' <Latency = 0> <II = 1> <Delay = 0.78> <FuncUnit> <Opcode : 'add' 'sub'> <InPorts = 2> <OutPorts = 1>
ST_1 : Operation 42 [1/1] (0.38ns)   --->   "%select_ln165_1 = select i1 %icmp_ln167, i6 %add_ln165_1, i6 %ib_load" [src/integrated-gcn/integrated_gcn.cpp:165]   --->   Operation 42 'select' 'select_ln165_1' <Predicate = (!icmp_ln165)> <Delay = 0.38> <CoreInst = "Sel">   --->   Core 73 'Sel' <Latency = 0> <II = 1> <Delay = 0.38> <FuncUnit> <Opcode : 'select'> <InPorts = 3> <OutPorts = 1>
ST_1 : Operation 43 [1/1] (0.77ns)   --->   "%add_ln167 = add i7 %select_ln165, i7 1" [src/integrated-gcn/integrated_gcn.cpp:167]   --->   Operation 43 'add' 'add_ln167' <Predicate = (!icmp_ln165)> <Delay = 0.77> <CoreInst = "Adder">   --->   Core 1 'Adder' <Latency = 0> <II = 1> <Delay = 0.77> <FuncUnit> <Opcode : 'add' 'sub'> <InPorts = 2> <OutPorts = 1>
ST_1 : Operation 44 [1/1] (0.28ns) (out node of the LUT)   --->   "%first_iter_0_mid2 = or i1 %and_ln165, i1 %or_ln165" [src/integrated-gcn/integrated_gcn.cpp:165]   --->   Operation 44 'or' 'first_iter_0_mid2' <Predicate = (!icmp_ln165)> <Delay = 0.28> <CoreInst = "LogicGate">   --->   Core 74 'LogicGate' <Latency = 0> <II = 1> <Delay = 0.28> <FuncUnit> <Opcode : 'and' 'or' 'xor'> <InPorts = 2> <OutPorts = 1>
ST_1 : Operation 45 [1/1] (0.36ns)   --->   "%select_ln167 = select i1 %and_ln165, i7 %add_ln167, i7 %select_ln165" [src/integrated-gcn/integrated_gcn.cpp:167]   --->   Operation 45 'select' 'select_ln167' <Predicate = (!icmp_ln165)> <Delay = 0.36> <CoreInst = "Sel">   --->   Core 73 'Sel' <Latency = 0> <II = 1> <Delay = 0.36> <FuncUnit> <Opcode : 'select'> <InPorts = 3> <OutPorts = 1>
ST_1 : Operation 46 [1/1] (0.00ns)   --->   "%shl_ln = bitconcatenate i12 @_ssdm_op_BitConcatenate.i12.i6.i6, i6 %select_ln165_1, i6 0" [src/integrated-gcn/integrated_gcn.cpp:171]   --->   Operation 46 'bitconcatenate' 'shl_ln' <Predicate = (!icmp_ln165)> <Delay = 0.00>
ST_1 : Operation 47 [1/1] (0.00ns)   --->   "%zext_ln167 = zext i7 %select_ln167" [src/integrated-gcn/integrated_gcn.cpp:167]   --->   Operation 47 'zext' 'zext_ln167' <Predicate = (!icmp_ln165)> <Delay = 0.00>
ST_1 : Operation 48 [1/1] (0.00ns)   --->   "%trunc_ln171 = trunc i7 %select_ln167" [src/integrated-gcn/integrated_gcn.cpp:171]   --->   Operation 48 'trunc' 'trunc_ln171' <Predicate = (!icmp_ln165)> <Delay = 0.00>
ST_1 : Operation 49 [1/1] (0.00ns)   --->   "%shl_ln171_2 = bitconcatenate i19 @_ssdm_op_BitConcatenate.i19.i6.i6.i7, i6 %select_ln165_1, i6 %trunc_ln171, i7 0" [src/integrated-gcn/integrated_gcn.cpp:171]   --->   Operation 49 'bitconcatenate' 'shl_ln171_2' <Predicate = (!icmp_ln165)> <Delay = 0.00>
ST_1 : Operation 50 [1/1] (0.00ns)   --->   "%zext_ln171 = zext i19 %shl_ln171_2" [src/integrated-gcn/integrated_gcn.cpp:171]   --->   Operation 50 'zext' 'zext_ln171' <Predicate = (!icmp_ln165)> <Delay = 0.00>
ST_1 : Operation 51 [1/1] (1.08ns)   --->   "%add_ln171 = add i64 %zext_ln171, i64 %H_temp_read" [src/integrated-gcn/integrated_gcn.cpp:171]   --->   Operation 51 'add' 'add_ln171' <Predicate = (!icmp_ln165)> <Delay = 1.08> <CoreInst = "Adder">   --->   Core 1 'Adder' <Latency = 0> <II = 1> <Delay = 1.08> <FuncUnit> <Opcode : 'add' 'sub'> <InPorts = 2> <OutPorts = 1>
ST_1 : Operation 52 [1/1] (0.80ns)   --->   "%add_ln171_1 = add i12 %shl_ln, i12 %zext_ln167" [src/integrated-gcn/integrated_gcn.cpp:171]   --->   Operation 52 'add' 'add_ln171_1' <Predicate = (!icmp_ln165)> <Delay = 0.80> <CoreInst = "Adder">   --->   Core 1 'Adder' <Latency = 0> <II = 1> <Delay = 0.80> <FuncUnit> <Opcode : 'add' 'sub'> <InPorts = 2> <OutPorts = 1>
ST_1 : Operation 53 [1/1] (0.80ns)   --->   "%icmp_ln171 = icmp_ult  i12 %add_ln171_1, i12 2708" [src/integrated-gcn/integrated_gcn.cpp:171]   --->   Operation 53 'icmp' 'icmp_ln171' <Predicate = (!icmp_ln165)> <Delay = 0.80> <CoreInst = "Cmp">   --->   Core 9 'Cmp' <Latency = 0> <II = 1> <Delay = 0.80> <FuncUnit> <Opcode : 'seteq' 'setne' 'setle' 'setge' 'setlt' 'setgt'> <InPorts = 2> <OutPorts = 1>
ST_1 : Operation 54 [1/1] (0.20ns)   --->   "%select_ln168 = select i1 %icmp_ln171, i64 2, i64 0" [src/integrated-gcn/integrated_gcn.cpp:168]   --->   Operation 54 'select' 'select_ln168' <Predicate = (!icmp_ln165)> <Delay = 0.20> <CoreInst = "Sel">   --->   Core 73 'Sel' <Latency = 0> <II = 1> <Delay = 0.20> <FuncUnit> <Opcode : 'select'> <InPorts = 3> <OutPorts = 1>
ST_1 : Operation 55 [1/1] (0.00ns)   --->   "%trunc_ln = partselect i58 @_ssdm_op_PartSelect.i58.i64.i32.i32, i64 %add_ln171, i32 6, i32 63" [src/integrated-gcn/integrated_gcn.cpp:168]   --->   Operation 55 'partselect' 'trunc_ln' <Predicate = (!icmp_ln165)> <Delay = 0.00>
ST_1 : Operation 56 [1/1] (0.00ns)   --->   "%br_ln168 = br i1 %first_iter_0_mid2, void %for.body12.split, void %new.body.VITIS_LOOP_168_4" [src/integrated-gcn/integrated_gcn.cpp:168]   --->   Operation 56 'br' 'br_ln168' <Predicate = (!icmp_ln165)> <Delay = 0.00>
ST_1 : Operation 57 [1/1] (0.00ns)   --->   "%br_ln171 = br i1 %icmp_ln171, void %for.inc, void %if.then" [src/integrated-gcn/integrated_gcn.cpp:171]   --->   Operation 57 'br' 'br_ln171' <Predicate = (!icmp_ln165)> <Delay = 0.00>
ST_1 : Operation 58 [1/1] (0.54ns)   --->   "%add_ln168 = add i2 %jj_1, i2 1" [src/integrated-gcn/integrated_gcn.cpp:168]   --->   Operation 58 'add' 'add_ln168' <Predicate = (!icmp_ln165)> <Delay = 0.54> <CoreInst = "Adder">   --->   Core 1 'Adder' <Latency = 0> <II = 1> <Delay = 0.54> <FuncUnit> <Opcode : 'add' 'sub'> <InPorts = 2> <OutPorts = 1>
ST_1 : Operation 59 [1/1] (0.00ns) (grouped into LUT with out node select_ln168_1)   --->   "%or_ln168 = or i1 %and_ln165, i1 %icmp_ln167" [src/integrated-gcn/integrated_gcn.cpp:168]   --->   Operation 59 'or' 'or_ln168' <Predicate = (!icmp_ln165)> <Delay = 0.00> <CoreInst = "LogicGate">   --->   Core 74 'LogicGate' <Latency = 0> <II = 1> <Delay = 0.28> <FuncUnit> <Opcode : 'and' 'or' 'xor'> <InPorts = 2> <OutPorts = 1>
ST_1 : Operation 60 [1/1] (0.28ns) (out node of the LUT)   --->   "%select_ln168_1 = select i1 %or_ln168, i2 1, i2 %add_ln168" [src/integrated-gcn/integrated_gcn.cpp:168]   --->   Operation 60 'select' 'select_ln168_1' <Predicate = (!icmp_ln165)> <Delay = 0.28> <CoreInst = "Sel">   --->   Core 73 'Sel' <Latency = 0> <II = 1> <Delay = 0.17> <FuncUnit> <Opcode : 'select'> <InPorts = 3> <OutPorts = 1>
ST_1 : Operation 61 [1/1] (0.54ns)   --->   "%icmp_ln168_1 = icmp_eq  i2 %select_ln168_1, i2 2" [src/integrated-gcn/integrated_gcn.cpp:168]   --->   Operation 61 'icmp' 'icmp_ln168_1' <Predicate = (!icmp_ln165)> <Delay = 0.54> <CoreInst = "Cmp">   --->   Core 9 'Cmp' <Latency = 0> <II = 1> <Delay = 0.54> <FuncUnit> <Opcode : 'seteq' 'setne' 'setle' 'setge' 'setlt' 'setgt'> <InPorts = 2> <OutPorts = 1>
ST_1 : Operation 62 [1/1] (0.00ns)   --->   "%br_ln168 = br i1 %icmp_ln168_1, void %new.latch.for.inc, void %last.iter.for.inc" [src/integrated-gcn/integrated_gcn.cpp:168]   --->   Operation 62 'br' 'br_ln168' <Predicate = (!icmp_ln165)> <Delay = 0.00>
ST_1 : Operation 63 [1/1] (0.77ns)   --->   "%add_ln167_1 = add i9 %indvar_flatten_load, i9 1" [src/integrated-gcn/integrated_gcn.cpp:167]   --->   Operation 63 'add' 'add_ln167_1' <Predicate = (!icmp_ln165)> <Delay = 0.77> <CoreInst = "Adder">   --->   Core 1 'Adder' <Latency = 0> <II = 1> <Delay = 0.77> <FuncUnit> <Opcode : 'add' 'sub'> <InPorts = 2> <OutPorts = 1>
ST_1 : Operation 64 [1/1] (0.39ns)   --->   "%select_ln167_1 = select i1 %icmp_ln167, i9 1, i9 %add_ln167_1" [src/integrated-gcn/integrated_gcn.cpp:167]   --->   Operation 64 'select' 'select_ln167_1' <Predicate = (!icmp_ln165)> <Delay = 0.39> <CoreInst = "Sel">   --->   Core 73 'Sel' <Latency = 0> <II = 1> <Delay = 0.39> <FuncUnit> <Opcode : 'select'> <InPorts = 3> <OutPorts = 1>
ST_1 : Operation 65 [1/1] (0.42ns)   --->   "%store_ln165 = store i13 %add_ln165, i13 %indvar_flatten13" [src/integrated-gcn/integrated_gcn.cpp:165]   --->   Operation 65 'store' 'store_ln165' <Predicate = (!icmp_ln165)> <Delay = 0.42>
ST_1 : Operation 66 [1/1] (0.42ns)   --->   "%store_ln165 = store i6 %select_ln165_1, i6 %ib" [src/integrated-gcn/integrated_gcn.cpp:165]   --->   Operation 66 'store' 'store_ln165' <Predicate = (!icmp_ln165)> <Delay = 0.42>
ST_1 : Operation 67 [1/1] (0.42ns)   --->   "%store_ln167 = store i9 %select_ln167_1, i9 %indvar_flatten" [src/integrated-gcn/integrated_gcn.cpp:167]   --->   Operation 67 'store' 'store_ln167' <Predicate = (!icmp_ln165)> <Delay = 0.42>
ST_1 : Operation 68 [1/1] (0.42ns)   --->   "%store_ln167 = store i7 %select_ln167, i7 %i" [src/integrated-gcn/integrated_gcn.cpp:167]   --->   Operation 68 'store' 'store_ln167' <Predicate = (!icmp_ln165)> <Delay = 0.42>
ST_1 : Operation 69 [1/1] (0.42ns)   --->   "%store_ln168 = store i2 %select_ln168_1, i2 %jj" [src/integrated-gcn/integrated_gcn.cpp:168]   --->   Operation 69 'store' 'store_ln168' <Predicate = (!icmp_ln165)> <Delay = 0.42>
ST_1 : Operation 70 [1/1] (0.00ns)   --->   "%br_ln168 = br void %for.body12" [src/integrated-gcn/integrated_gcn.cpp:168]   --->   Operation 70 'br' 'br_ln168' <Predicate = (!icmp_ln165)> <Delay = 0.00>

State 2 <SV = 1> <Delay = 7.30>
ST_2 : Operation 71 [1/1] (0.00ns)   --->   "%specloopname_ln0 = specloopname void @_ssdm_op_SpecLoopName, void @VITIS_LOOP_165_1_VITIS_LOOP_167_3_VITIS_LOOP_168_4_str"   --->   Operation 71 'specloopname' 'specloopname_ln0' <Predicate = true> <Delay = 0.00>
ST_2 : Operation 72 [1/1] (0.00ns)   --->   "%speclooptripcount_ln0 = speclooptripcount void @_ssdm_op_SpecLoopTripCount, i64 5504, i64 5504, i64 5504"   --->   Operation 72 'speclooptripcount' 'speclooptripcount_ln0' <Predicate = true> <Delay = 0.00>
ST_2 : Operation 73 [1/1] (0.00ns)   --->   "%sext_ln168 = sext i58 %trunc_ln" [src/integrated-gcn/integrated_gcn.cpp:168]   --->   Operation 73 'sext' 'sext_ln168' <Predicate = true> <Delay = 0.00>
ST_2 : Operation 74 [1/1] (0.00ns)   --->   "%gmem2_addr = getelementptr i512 %gmem2, i64 %sext_ln168" [src/integrated-gcn/integrated_gcn.cpp:168]   --->   Operation 74 'getelementptr' 'gmem2_addr' <Predicate = true> <Delay = 0.00>
ST_2 : Operation 75 [1/1] ( I:7.30ns O:7.30ns )   --->   "%empty = writereq i1 @_ssdm_op_WriteReq.m_axi.p1i512, i512 %gmem2_addr, i64 %select_ln168" [src/integrated-gcn/integrated_gcn.cpp:168]   --->   Operation 75 'writereq' 'empty' <Predicate = (first_iter_0_mid2)> <Delay = 7.30> <CoreInst = "m_axi">   --->   Core 119 'm_axi' <Latency = 9> <II = 1> <Delay = 1.00> <Adapter> <Opcode : 'readrequnaligned' 'writerequnaligned' 'read' 'write' 'readreq' 'writereq' 'writeresp'>
ST_2 : Operation 76 [1/1] (0.00ns)   --->   "%br_ln168 = br void %for.body12.split" [src/integrated-gcn/integrated_gcn.cpp:168]   --->   Operation 76 'br' 'br_ln168' <Predicate = (first_iter_0_mid2)> <Delay = 0.00>
ST_2 : Operation 77 [1/1] (0.00ns)   --->   "%specpipeline_ln169 = specpipeline void @_ssdm_op_SpecPipeline, i32 1, i32 0, i32 0, i32 0, i32 4294967295, void @empty_23" [src/integrated-gcn/integrated_gcn.cpp:169]   --->   Operation 77 'specpipeline' 'specpipeline_ln169' <Predicate = true> <Delay = 0.00>
ST_2 : Operation 78 [1/1] ( I:1.62ns O:1.62ns )   --->   "%XW_stream_read = read i512 @_ssdm_op_Read.ap_fifo.volatile.i512P0A, i512 %XW_stream" [src/integrated-gcn/integrated_gcn.cpp:170]   --->   Operation 78 'read' 'XW_stream_read' <Predicate = true> <Delay = 1.62> <CoreInst = "FIFO">   --->   Core 77 'FIFO' <Latency = 0> <II = 1> <Delay = 1.62> <Storage> <Opcode : 'read' 'write' 'nbread' 'nbwrite'> <Ports = 0> <Width = 512> <Depth = 16> <FIFO>

State 3 <SV = 2> <Delay = 7.30>
ST_3 : Operation 79 [1/1] ( I:7.30ns O:7.30ns )   --->   "%write_ln173 = write void @_ssdm_op_Write.m_axi.p1i512.i512, i512 %gmem2_addr, i512 %XW_stream_read, i64 18446744073709551615" [src/integrated-gcn/integrated_gcn.cpp:173]   --->   Operation 79 'write' 'write_ln173' <Predicate = (icmp_ln171)> <Delay = 7.30> <CoreInst = "m_axi">   --->   Core 119 'm_axi' <Latency = 5> <II = 1> <Delay = 1.00> <Adapter> <Opcode : 'readrequnaligned' 'writerequnaligned' 'read' 'write' 'readreq' 'writereq' 'writeresp'>
ST_3 : Operation 80 [1/1] (0.00ns)   --->   "%br_ln172 = br void %for.inc" [src/integrated-gcn/integrated_gcn.cpp:172]   --->   Operation 80 'br' 'br_ln172' <Predicate = (icmp_ln171)> <Delay = 0.00>

State 4 <SV = 3> <Delay = 0.00>
ST_4 : Operation 81 [5/5] (7.30ns)   --->   "%empty_116 = writeresp i1 @_ssdm_op_WriteResp.m_axi.p1i512, i512 %gmem2_addr" [src/integrated-gcn/integrated_gcn.cpp:167]   --->   Operation 81 'writeresp' 'empty_116' <Predicate = (icmp_ln168_1)> <Delay = 7.30> <CoreInst = "m_axi">   --->   Core 119 'm_axi' <Latency = 3> <II = 1> <Delay = 1.00> <Adapter> <Opcode : 'readrequnaligned' 'writerequnaligned' 'read' 'write' 'readreq' 'writereq' 'writeresp'>

State 5 <SV = 4> <Delay = 0.00>
ST_5 : Operation 82 [4/5] (7.30ns)   --->   "%empty_116 = writeresp i1 @_ssdm_op_WriteResp.m_axi.p1i512, i512 %gmem2_addr" [src/integrated-gcn/integrated_gcn.cpp:167]   --->   Operation 82 'writeresp' 'empty_116' <Predicate = (icmp_ln168_1)> <Delay = 7.30> <CoreInst = "m_axi">   --->   Core 119 'm_axi' <Latency = 3> <II = 1> <Delay = 1.00> <Adapter> <Opcode : 'readrequnaligned' 'writerequnaligned' 'read' 'write' 'readreq' 'writereq' 'writeresp'>

State 6 <SV = 5> <Delay = 0.00>
ST_6 : Operation 83 [3/5] (7.30ns)   --->   "%empty_116 = writeresp i1 @_ssdm_op_WriteResp.m_axi.p1i512, i512 %gmem2_addr" [src/integrated-gcn/integrated_gcn.cpp:167]   --->   Operation 83 'writeresp' 'empty_116' <Predicate = (icmp_ln168_1)> <Delay = 7.30> <CoreInst = "m_axi">   --->   Core 119 'm_axi' <Latency = 3> <II = 1> <Delay = 1.00> <Adapter> <Opcode : 'readrequnaligned' 'writerequnaligned' 'read' 'write' 'readreq' 'writereq' 'writeresp'>

State 7 <SV = 6> <Delay = 0.42>
ST_7 : Operation 84 [2/5] (7.30ns)   --->   "%empty_116 = writeresp i1 @_ssdm_op_WriteResp.m_axi.p1i512, i512 %gmem2_addr" [src/integrated-gcn/integrated_gcn.cpp:167]   --->   Operation 84 'writeresp' 'empty_116' <Predicate = (icmp_ln168_1)> <Delay = 7.30> <CoreInst = "m_axi">   --->   Core 119 'm_axi' <Latency = 3> <II = 1> <Delay = 1.00> <Adapter> <Opcode : 'readrequnaligned' 'writerequnaligned' 'read' 'write' 'readreq' 'writereq' 'writeresp'>
ST_7 : Operation 87 [1/1] (0.42ns)   --->   "%ret_ln178 = ret" [src/integrated-gcn/integrated_gcn.cpp:178]   --->   Operation 87 'ret' 'ret_ln178' <Predicate = (icmp_ln165)> <Delay = 0.42>

State 8 <SV = 7> <Delay = 7.30>
ST_8 : Operation 85 [1/5] ( I:7.30ns O:7.30ns )   --->   "%empty_116 = writeresp i1 @_ssdm_op_WriteResp.m_axi.p1i512, i512 %gmem2_addr" [src/integrated-gcn/integrated_gcn.cpp:167]   --->   Operation 85 'writeresp' 'empty_116' <Predicate = (icmp_ln168_1)> <Delay = 7.30> <CoreInst = "m_axi">   --->   Core 119 'm_axi' <Latency = 3> <II = 1> <Delay = 1.00> <Adapter> <Opcode : 'readrequnaligned' 'writerequnaligned' 'read' 'write' 'readreq' 'writereq' 'writeresp'>
ST_8 : Operation 86 [1/1] (0.00ns)   --->   "%br_ln168 = br void %new.latch.for.inc" [src/integrated-gcn/integrated_gcn.cpp:168]   --->   Operation 86 'br' 'br_ln168' <Predicate = (icmp_ln168_1)> <Delay = 0.00>


============================================================
+ Verbose Summary: Binding
============================================================
STG Binding: 
---------------- STG Properties BEGIN ----------------
- Is combinational: 0
- Is one-state seq: 0
- Is datapath-only: 0
- Is pipelined: 0
- Is top level: 0
Port [ Return ] is wired: 1; IO mode=ap_ctrl_hs:ce=0
Port [ XW_stream]:  wired=1; compound=1; hidden=0; nouse=0; global=0; static=0; extern=0; dir=0; type=3; pingpong=0; private_global=0; IO mode=ap_fifo:ce=0
Port [ gmem2]:  wired=1; compound=1; hidden=0; nouse=0; global=0; static=0; extern=0; dir=1; type=4; pingpong=0; private_global=0; IO mode=m_axi:ce=0
Port [ H_temp]:  wired=1; compound=0; hidden=0; nouse=0; global=0; static=0; extern=0; dir=0; type=0; pingpong=0; private_global=0; IO mode=ap_stable:ce=0
---------------- STG Properties END ------------------

---------------- Datapath Model BEGIN ----------------

<LifeTime>
<method=bitvector/>
jj                    (alloca           ) [ 010000000]
i                     (alloca           ) [ 010000000]
indvar_flatten        (alloca           ) [ 010000000]
ib                    (alloca           ) [ 010000000]
indvar_flatten13      (alloca           ) [ 010000000]
specstablecontent_ln0 (specstablecontent) [ 000000000]
specinterface_ln0     (specinterface    ) [ 000000000]
specinterface_ln0     (specinterface    ) [ 000000000]
H_temp_read           (read             ) [ 000000000]
store_ln0             (store            ) [ 000000000]
store_ln165           (store            ) [ 000000000]
store_ln0             (store            ) [ 000000000]
store_ln167           (store            ) [ 000000000]
store_ln168           (store            ) [ 000000000]
br_ln165              (br               ) [ 000000000]
first_iter_0          (phi              ) [ 010000000]
jj_1                  (load             ) [ 000000000]
indvar_flatten_load   (load             ) [ 000000000]
indvar_flatten13_load (load             ) [ 000000000]
icmp_ln165            (icmp             ) [ 011111111]
add_ln165             (add              ) [ 000000000]
br_ln165              (br               ) [ 000000000]
i_load                (load             ) [ 000000000]
ib_load               (load             ) [ 000000000]
icmp_ln167            (icmp             ) [ 000000000]
select_ln165          (select           ) [ 000000000]
or_ln165              (or               ) [ 000000000]
xor_ln165             (xor              ) [ 000000000]
icmp_ln168            (icmp             ) [ 000000000]
and_ln165             (and              ) [ 000000000]
add_ln165_1           (add              ) [ 000000000]
select_ln165_1        (select           ) [ 000000000]
add_ln167             (add              ) [ 000000000]
first_iter_0_mid2     (or               ) [ 011000000]
select_ln167          (select           ) [ 000000000]
shl_ln                (bitconcatenate   ) [ 000000000]
zext_ln167            (zext             ) [ 000000000]
trunc_ln171           (trunc            ) [ 000000000]
shl_ln171_2           (bitconcatenate   ) [ 000000000]
zext_ln171            (zext             ) [ 000000000]
add_ln171             (add              ) [ 000000000]
add_ln171_1           (add              ) [ 000000000]
icmp_ln171            (icmp             ) [ 011100000]
select_ln168          (select           ) [ 011000000]
trunc_ln              (partselect       ) [ 011000000]
br_ln168              (br               ) [ 000000000]
br_ln171              (br               ) [ 000000000]
add_ln168             (add              ) [ 000000000]
or_ln168              (or               ) [ 000000000]
select_ln168_1        (select           ) [ 000000000]
icmp_ln168_1          (icmp             ) [ 011111111]
br_ln168              (br               ) [ 000000000]
add_ln167_1           (add              ) [ 000000000]
select_ln167_1        (select           ) [ 000000000]
store_ln165           (store            ) [ 000000000]
store_ln165           (store            ) [ 000000000]
store_ln167           (store            ) [ 000000000]
store_ln167           (store            ) [ 000000000]
store_ln168           (store            ) [ 000000000]
br_ln168              (br               ) [ 010000000]
specloopname_ln0      (specloopname     ) [ 000000000]
speclooptripcount_ln0 (speclooptripcount) [ 000000000]
sext_ln168            (sext             ) [ 000000000]
gmem2_addr            (getelementptr    ) [ 010111111]
empty                 (writereq         ) [ 000000000]
br_ln168              (br               ) [ 000000000]
specpipeline_ln169    (specpipeline     ) [ 000000000]
XW_stream_read        (read             ) [ 010100000]
write_ln173           (write            ) [ 000000000]
br_ln172              (br               ) [ 000000000]
empty_116             (writeresp        ) [ 000000000]
br_ln168              (br               ) [ 000000000]
ret_ln178             (ret              ) [ 000000000]
</LifeTime>

<model>

<comp_list>
<comp id="0" class="1000" name="XW_stream">
<pin_list>
<pin id="1" dir="1" index="0" bw="1" slack="0"/>
</pin_list>
<bind>
<StgValue><ssdm name="XW_stream"/></StgValue>
</bind>
</comp>

<comp id="2" class="1000" name="gmem2">
<pin_list>
<pin id="3" dir="1" index="0" bw="1" slack="0"/>
</pin_list>
<bind>
<StgValue><ssdm name="gmem2"/><MemPortTyVec>1 </MemPortTyVec>
</StgValue>
</bind>
</comp>

<comp id="4" class="1000" name="H_temp">
<pin_list>
<pin id="5" dir="1" index="0" bw="1" slack="0"/>
</pin_list>
<bind>
<StgValue><ssdm name="H_temp"/></StgValue>
</bind>
</comp>

<comp id="6" class="1001" name="const_6">
<pin_list>
<pin id="7" dir="1" index="0" bw="1" slack="0"/>
</pin_list>
<bind>
<StgValue><ssdm name=""/></StgValue>
</bind>
</comp>

<comp id="8" class="1001" name="const_8">
<pin_list>
<pin id="9" dir="1" index="0" bw="1" slack="2147483647"/>
</pin_list>
<bind>
<StgValue><ssdm name="_ssdm_op_SpecStableContent"/></StgValue>
</bind>
</comp>

<comp id="10" class="1001" name="const_10">
<pin_list>
<pin id="11" dir="1" index="0" bw="1" slack="0"/>
</pin_list>
<bind>
<StgValue><ssdm name=""/></StgValue>
</bind>
</comp>

<comp id="12" class="1001" name="const_12">
<pin_list>
<pin id="13" dir="1" index="0" bw="1" slack="2147483647"/>
</pin_list>
<bind>
<StgValue><ssdm name="p_str"/></StgValue>
</bind>
</comp>

<comp id="14" class="1001" name="const_14">
<pin_list>
<pin id="15" dir="1" index="0" bw="1" slack="2147483647"/>
</pin_list>
<bind>
<StgValue><ssdm name="_ssdm_op_SpecInterface"/></StgValue>
</bind>
</comp>

<comp id="16" class="1001" name="const_16">
<pin_list>
<pin id="17" dir="1" index="0" bw="1" slack="2147483647"/>
</pin_list>
<bind>
<StgValue><ssdm name="empty_8"/></StgValue>
</bind>
</comp>

<comp id="18" class="1001" name="const_18">
<pin_list>
<pin id="19" dir="1" index="0" bw="1" slack="2147483647"/>
</pin_list>
<bind>
<StgValue><ssdm name=""/></StgValue>
</bind>
</comp>

<comp id="20" class="1001" name="const_20">
<pin_list>
<pin id="21" dir="1" index="0" bw="1" slack="2147483647"/>
</pin_list>
<bind>
<StgValue><ssdm name="empty_23"/></StgValue>
</bind>
</comp>

<comp id="22" class="1001" name="const_22">
<pin_list>
<pin id="23" dir="1" index="0" bw="1" slack="2147483647"/>
</pin_list>
<bind>
<StgValue><ssdm name=""/></StgValue>
</bind>
</comp>

<comp id="24" class="1001" name="const_24">
<pin_list>
<pin id="25" dir="1" index="0" bw="1" slack="2147483647"/>
</pin_list>
<bind>
<StgValue><ssdm name="empty_12"/></StgValue>
</bind>
</comp>

<comp id="26" class="1001" name="const_26">
<pin_list>
<pin id="27" dir="1" index="0" bw="1" slack="2147483647"/>
</pin_list>
<bind>
<StgValue><ssdm name="empty_21"/></StgValue>
</bind>
</comp>

<comp id="28" class="1001" name="const_28">
<pin_list>
<pin id="29" dir="1" index="0" bw="1" slack="2147483647"/>
</pin_list>
<bind>
<StgValue><ssdm name="empty_32"/></StgValue>
</bind>
</comp>

<comp id="30" class="1001" name="const_30">
<pin_list>
<pin id="31" dir="1" index="0" bw="1" slack="2147483647"/>
</pin_list>
<bind>
<StgValue><ssdm name=""/></StgValue>
</bind>
</comp>

<comp id="32" class="1001" name="const_32">
<pin_list>
<pin id="33" dir="1" index="0" bw="1" slack="2147483647"/>
</pin_list>
<bind>
<StgValue><ssdm name=""/></StgValue>
</bind>
</comp>

<comp id="34" class="1001" name="const_34">
<pin_list>
<pin id="35" dir="1" index="0" bw="1" slack="0"/>
</pin_list>
<bind>
<StgValue><ssdm name="_ssdm_op_Read.ap_auto.i64"/></StgValue>
</bind>
</comp>

<comp id="36" class="1001" name="const_36">
<pin_list>
<pin id="37" dir="1" index="0" bw="1" slack="0"/>
</pin_list>
<bind>
<StgValue><ssdm name=""/></StgValue>
</bind>
</comp>

<comp id="38" class="1001" name="const_38">
<pin_list>
<pin id="39" dir="1" index="0" bw="1" slack="0"/>
</pin_list>
<bind>
<StgValue><ssdm name=""/></StgValue>
</bind>
</comp>

<comp id="40" class="1001" name="const_40">
<pin_list>
<pin id="41" dir="1" index="0" bw="1" slack="0"/>
</pin_list>
<bind>
<StgValue><ssdm name=""/></StgValue>
</bind>
</comp>

<comp id="42" class="1001" name="const_42">
<pin_list>
<pin id="43" dir="1" index="0" bw="1" slack="0"/>
</pin_list>
<bind>
<StgValue><ssdm name=""/></StgValue>
</bind>
</comp>

<comp id="44" class="1001" name="const_44">
<pin_list>
<pin id="45" dir="1" index="0" bw="1" slack="0"/>
</pin_list>
<bind>
<StgValue><ssdm name=""/></StgValue>
</bind>
</comp>

<comp id="46" class="1001" name="const_46">
<pin_list>
<pin id="47" dir="1" index="0" bw="1" slack="0"/>
</pin_list>
<bind>
<StgValue><ssdm name=""/></StgValue>
</bind>
</comp>

<comp id="48" class="1001" name="const_48">
<pin_list>
<pin id="49" dir="1" index="0" bw="1" slack="0"/>
</pin_list>
<bind>
<StgValue><ssdm name=""/></StgValue>
</bind>
</comp>

<comp id="50" class="1001" name="const_50">
<pin_list>
<pin id="51" dir="1" index="0" bw="1" slack="0"/>
</pin_list>
<bind>
<StgValue><ssdm name=""/></StgValue>
</bind>
</comp>

<comp id="52" class="1001" name="const_52">
<pin_list>
<pin id="53" dir="1" index="0" bw="1" slack="0"/>
</pin_list>
<bind>
<StgValue><ssdm name=""/></StgValue>
</bind>
</comp>

<comp id="54" class="1001" name="const_54">
<pin_list>
<pin id="55" dir="1" index="0" bw="1" slack="0"/>
</pin_list>
<bind>
<StgValue><ssdm name=""/></StgValue>
</bind>
</comp>

<comp id="56" class="1001" name="const_56">
<pin_list>
<pin id="57" dir="1" index="0" bw="1" slack="0"/>
</pin_list>
<bind>
<StgValue><ssdm name=""/></StgValue>
</bind>
</comp>

<comp id="58" class="1001" name="const_58">
<pin_list>
<pin id="59" dir="1" index="0" bw="1" slack="0"/>
</pin_list>
<bind>
<StgValue><ssdm name=""/></StgValue>
</bind>
</comp>

<comp id="60" class="1001" name="const_60">
<pin_list>
<pin id="61" dir="1" index="0" bw="1" slack="0"/>
</pin_list>
<bind>
<StgValue><ssdm name="_ssdm_op_BitConcatenate.i12.i6.i6"/></StgValue>
</bind>
</comp>

<comp id="62" class="1001" name="const_62">
<pin_list>
<pin id="63" dir="1" index="0" bw="1" slack="0"/>
</pin_list>
<bind>
<StgValue><ssdm name="_ssdm_op_BitConcatenate.i19.i6.i6.i7"/></StgValue>
</bind>
</comp>

<comp id="64" class="1001" name="const_64">
<pin_list>
<pin id="65" dir="1" index="0" bw="1" slack="0"/>
</pin_list>
<bind>
<StgValue><ssdm name=""/></StgValue>
</bind>
</comp>

<comp id="66" class="1001" name="const_66">
<pin_list>
<pin id="67" dir="1" index="0" bw="1" slack="0"/>
</pin_list>
<bind>
<StgValue><ssdm name=""/></StgValue>
</bind>
</comp>

<comp id="68" class="1001" name="const_68">
<pin_list>
<pin id="69" dir="1" index="0" bw="1" slack="0"/>
</pin_list>
<bind>
<StgValue><ssdm name=""/></StgValue>
</bind>
</comp>

<comp id="70" class="1001" name="const_70">
<pin_list>
<pin id="71" dir="1" index="0" bw="1" slack="0"/>
</pin_list>
<bind>
<StgValue><ssdm name="_ssdm_op_PartSelect.i58.i64.i32.i32"/></StgValue>
</bind>
</comp>

<comp id="72" class="1001" name="const_72">
<pin_list>
<pin id="73" dir="1" index="0" bw="1" slack="0"/>
</pin_list>
<bind>
<StgValue><ssdm name=""/></StgValue>
</bind>
</comp>

<comp id="74" class="1001" name="const_74">
<pin_list>
<pin id="75" dir="1" index="0" bw="1" slack="0"/>
</pin_list>
<bind>
<StgValue><ssdm name=""/></StgValue>
</bind>
</comp>

<comp id="76" class="1001" name="const_76">
<pin_list>
<pin id="77" dir="1" index="0" bw="1" slack="0"/>
</pin_list>
<bind>
<StgValue><ssdm name=""/></StgValue>
</bind>
</comp>

<comp id="78" class="1001" name="const_78">
<pin_list>
<pin id="79" dir="1" index="0" bw="1" slack="0"/>
</pin_list>
<bind>
<StgValue><ssdm name=""/></StgValue>
</bind>
</comp>

<comp id="80" class="1001" name="const_80">
<pin_list>
<pin id="81" dir="1" index="0" bw="1" slack="2147483647"/>
</pin_list>
<bind>
<StgValue><ssdm name="_ssdm_op_SpecLoopName"/></StgValue>
</bind>
</comp>

<comp id="82" class="1001" name="const_82">
<pin_list>
<pin id="83" dir="1" index="0" bw="1" slack="2147483647"/>
</pin_list>
<bind>
<StgValue><ssdm name="VITIS_LOOP_165_1_VITIS_LOOP_167_3_VITIS_LOOP_168_4_str"/></StgValue>
</bind>
</comp>

<comp id="84" class="1001" name="const_84">
<pin_list>
<pin id="85" dir="1" index="0" bw="1" slack="2147483647"/>
</pin_list>
<bind>
<StgValue><ssdm name="_ssdm_op_SpecLoopTripCount"/></StgValue>
</bind>
</comp>

<comp id="86" class="1001" name="const_86">
<pin_list>
<pin id="87" dir="1" index="0" bw="1" slack="2147483647"/>
</pin_list>
<bind>
<StgValue><ssdm name=""/></StgValue>
</bind>
</comp>

<comp id="88" class="1001" name="const_88">
<pin_list>
<pin id="89" dir="1" index="0" bw="1" slack="0"/>
</pin_list>
<bind>
<StgValue><ssdm name="_ssdm_op_WriteReq.m_axi.p1i512"/></StgValue>
</bind>
</comp>

<comp id="90" class="1001" name="const_90">
<pin_list>
<pin id="91" dir="1" index="0" bw="1" slack="2147483647"/>
</pin_list>
<bind>
<StgValue><ssdm name="_ssdm_op_SpecPipeline"/></StgValue>
</bind>
</comp>

<comp id="92" class="1001" name="const_92">
<pin_list>
<pin id="93" dir="1" index="0" bw="1" slack="0"/>
</pin_list>
<bind>
<StgValue><ssdm name="_ssdm_op_Read.ap_fifo.volatile.i512P0A"/></StgValue>
</bind>
</comp>

<comp id="94" class="1001" name="const_94">
<pin_list>
<pin id="95" dir="1" index="0" bw="1" slack="0"/>
</pin_list>
<bind>
<StgValue><ssdm name="_ssdm_op_Write.m_axi.p1i512.i512"/></StgValue>
</bind>
</comp>

<comp id="96" class="1001" name="const_96">
<pin_list>
<pin id="97" dir="1" index="0" bw="1" slack="0"/>
</pin_list>
<bind>
<StgValue><ssdm name=""/></StgValue>
</bind>
</comp>

<comp id="98" class="1001" name="const_98">
<pin_list>
<pin id="99" dir="1" index="0" bw="1" slack="0"/>
</pin_list>
<bind>
<StgValue><ssdm name="_ssdm_op_WriteResp.m_axi.p1i512"/></StgValue>
</bind>
</comp>

<comp id="100" class="1004" name="jj_fu_100">
<pin_list>
<pin id="101" dir="0" index="0" bw="1" slack="0"/>
<pin id="102" dir="1" index="1" bw="2" slack="0"/>
</pin_list>
<bind>
<opcode="alloca(26) " fcode="alloca"/>
<opset="jj/1 "/>
</bind>
</comp>

<comp id="104" class="1004" name="i_fu_104">
<pin_list>
<pin id="105" dir="0" index="0" bw="1" slack="0"/>
<pin id="106" dir="1" index="1" bw="7" slack="0"/>
</pin_list>
<bind>
<opcode="alloca(26) " fcode="alloca"/>
<opset="i/1 "/>
</bind>
</comp>

<comp id="108" class="1004" name="indvar_flatten_fu_108">
<pin_list>
<pin id="109" dir="0" index="0" bw="1" slack="0"/>
<pin id="110" dir="1" index="1" bw="9" slack="0"/>
</pin_list>
<bind>
<opcode="alloca(26) " fcode="alloca"/>
<opset="indvar_flatten/1 "/>
</bind>
</comp>

<comp id="112" class="1004" name="ib_fu_112">
<pin_list>
<pin id="113" dir="0" index="0" bw="1" slack="0"/>
<pin id="114" dir="1" index="1" bw="6" slack="0"/>
</pin_list>
<bind>
<opcode="alloca(26) " fcode="alloca"/>
<opset="ib/1 "/>
</bind>
</comp>

<comp id="116" class="1004" name="indvar_flatten13_fu_116">
<pin_list>
<pin id="117" dir="0" index="0" bw="1" slack="0"/>
<pin id="118" dir="1" index="1" bw="13" slack="0"/>
</pin_list>
<bind>
<opcode="alloca(26) " fcode="alloca"/>
<opset="indvar_flatten13/1 "/>
</bind>
</comp>

<comp id="120" class="1004" name="H_temp_read_read_fu_120">
<pin_list>
<pin id="121" dir="0" index="0" bw="64" slack="0"/>
<pin id="122" dir="0" index="1" bw="64" slack="0"/>
<pin id="123" dir="1" index="2" bw="64" slack="0"/>
</pin_list>
<bind>
<opcode="read(1150) " fcode="read"/>
<opset="H_temp_read/1 "/>
</bind>
</comp>

<comp id="126" class="1004" name="XW_stream_read_read_fu_126">
<pin_list>
<pin id="127" dir="0" index="0" bw="512" slack="0"/>
<pin id="128" dir="0" index="1" bw="512" slack="0"/>
<pin id="129" dir="1" index="2" bw="512" slack="1"/>
</pin_list>
<bind>
<opcode="read(1150) " fcode="read"/>
<opset="XW_stream_read/2 "/>
</bind>
</comp>

<comp id="132" class="1004" name="empty_writereq_fu_132">
<pin_list>
<pin id="133" dir="0" index="0" bw="1" slack="0"/>
<pin id="134" dir="0" index="1" bw="512" slack="0"/>
<pin id="135" dir="0" index="2" bw="3" slack="1"/>
<pin id="136" dir="1" index="3" bw="1" slack="2147483647"/>
</pin_list>
<bind>
<opcode="writereq(1155) " fcode="writereq"/>
<opset="empty/2 "/>
</bind>
</comp>

<comp id="138" class="1004" name="write_ln173_write_fu_138">
<pin_list>
<pin id="139" dir="0" index="0" bw="0" slack="0"/>
<pin id="140" dir="0" index="1" bw="512" slack="1"/>
<pin id="141" dir="0" index="2" bw="512" slack="1"/>
<pin id="142" dir="0" index="3" bw="1" slack="0"/>
<pin id="143" dir="1" index="4" bw="0" slack="2147483647"/>
</pin_list>
<bind>
<opcode="write(1151) " fcode="write"/>
<opset="write_ln173/3 "/>
</bind>
</comp>

<comp id="146" class="1004" name="grp_writeresp_fu_146">
<pin_list>
<pin id="147" dir="0" index="0" bw="1" slack="0"/>
<pin id="148" dir="0" index="1" bw="512" slack="2"/>
<pin id="149" dir="1" index="2" bw="1" slack="2147483647"/>
</pin_list>
<bind>
<opcode="writeresp(1158) " fcode="writeresp"/>
<opset="empty_116/4 "/>
</bind>
</comp>

<comp id="151" class="1005" name="first_iter_0_reg_151">
<pin_list>
<pin id="152" dir="0" index="0" bw="1" slack="2147483647"/>
<pin id="153" dir="1" index="1" bw="1" slack="2147483647"/>
</pin_list>
<bind>
<opset="first_iter_0 (phireg) "/>
</bind>
</comp>

<comp id="154" class="1004" name="first_iter_0_phi_fu_154">
<pin_list>
<pin id="155" dir="0" index="0" bw="1" slack="0"/>
<pin id="156" dir="0" index="1" bw="0" slack="2147483647"/>
<pin id="157" dir="0" index="2" bw="1" slack="0"/>
<pin id="158" dir="0" index="3" bw="0" slack="2147483647"/>
<pin id="159" dir="1" index="4" bw="1" slack="0"/>
</pin_list>
<bind>
<opcode="phi(47) " fcode="phi"/>
<opset="first_iter_0/1 "/>
</bind>
</comp>

<comp id="162" class="1004" name="store_ln0_store_fu_162">
<pin_list>
<pin id="163" dir="0" index="0" bw="1" slack="0"/>
<pin id="164" dir="0" index="1" bw="13" slack="0"/>
<pin id="165" dir="1" index="2" bw="0" slack="2147483647"/>
</pin_list>
<bind>
<opcode="store(28) " fcode="store"/>
<opset="store_ln0/1 "/>
</bind>
</comp>

<comp id="167" class="1004" name="store_ln165_store_fu_167">
<pin_list>
<pin id="168" dir="0" index="0" bw="1" slack="0"/>
<pin id="169" dir="0" index="1" bw="6" slack="0"/>
<pin id="170" dir="1" index="2" bw="0" slack="2147483647"/>
</pin_list>
<bind>
<opcode="store(28) " fcode="store"/>
<opset="store_ln165/1 "/>
</bind>
</comp>

<comp id="172" class="1004" name="store_ln0_store_fu_172">
<pin_list>
<pin id="173" dir="0" index="0" bw="1" slack="0"/>
<pin id="174" dir="0" index="1" bw="9" slack="0"/>
<pin id="175" dir="1" index="2" bw="0" slack="2147483647"/>
</pin_list>
<bind>
<opcode="store(28) " fcode="store"/>
<opset="store_ln0/1 "/>
</bind>
</comp>

<comp id="177" class="1004" name="store_ln167_store_fu_177">
<pin_list>
<pin id="178" dir="0" index="0" bw="1" slack="0"/>
<pin id="179" dir="0" index="1" bw="7" slack="0"/>
<pin id="180" dir="1" index="2" bw="0" slack="2147483647"/>
</pin_list>
<bind>
<opcode="store(28) " fcode="store"/>
<opset="store_ln167/1 "/>
</bind>
</comp>

<comp id="182" class="1004" name="store_ln168_store_fu_182">
<pin_list>
<pin id="183" dir="0" index="0" bw="1" slack="0"/>
<pin id="184" dir="0" index="1" bw="2" slack="0"/>
<pin id="185" dir="1" index="2" bw="0" slack="2147483647"/>
</pin_list>
<bind>
<opcode="store(28) " fcode="store"/>
<opset="store_ln168/1 "/>
</bind>
</comp>

<comp id="187" class="1004" name="jj_1_load_fu_187">
<pin_list>
<pin id="188" dir="0" index="0" bw="2" slack="0"/>
<pin id="189" dir="1" index="1" bw="2" slack="0"/>
</pin_list>
<bind>
<opcode="load(27) " fcode="load"/>
<opset="jj_1/1 "/>
</bind>
</comp>

<comp id="190" class="1004" name="indvar_flatten_load_load_fu_190">
<pin_list>
<pin id="191" dir="0" index="0" bw="9" slack="0"/>
<pin id="192" dir="1" index="1" bw="9" slack="0"/>
</pin_list>
<bind>
<opcode="load(27) " fcode="load"/>
<opset="indvar_flatten_load/1 "/>
</bind>
</comp>

<comp id="193" class="1004" name="indvar_flatten13_load_load_fu_193">
<pin_list>
<pin id="194" dir="0" index="0" bw="13" slack="0"/>
<pin id="195" dir="1" index="1" bw="13" slack="0"/>
</pin_list>
<bind>
<opcode="load(27) " fcode="load"/>
<opset="indvar_flatten13_load/1 "/>
</bind>
</comp>

<comp id="196" class="1004" name="icmp_ln165_fu_196">
<pin_list>
<pin id="197" dir="0" index="0" bw="13" slack="0"/>
<pin id="198" dir="0" index="1" bw="13" slack="0"/>
<pin id="199" dir="1" index="2" bw="1" slack="1"/>
</pin_list>
<bind>
<opcode="icmp(45) " fcode="icmp"/>
<opset="icmp_ln165/1 "/>
</bind>
</comp>

<comp id="202" class="1004" name="add_ln165_fu_202">
<pin_list>
<pin id="203" dir="0" index="0" bw="13" slack="0"/>
<pin id="204" dir="0" index="1" bw="1" slack="0"/>
<pin id="205" dir="1" index="2" bw="13" slack="0"/>
</pin_list>
<bind>
<opcode="add(8) " fcode="add"/>
<opset="add_ln165/1 "/>
</bind>
</comp>

<comp id="208" class="1004" name="i_load_load_fu_208">
<pin_list>
<pin id="209" dir="0" index="0" bw="7" slack="0"/>
<pin id="210" dir="1" index="1" bw="7" slack="0"/>
</pin_list>
<bind>
<opcode="load(27) " fcode="load"/>
<opset="i_load/1 "/>
</bind>
</comp>

<comp id="211" class="1004" name="ib_load_load_fu_211">
<pin_list>
<pin id="212" dir="0" index="0" bw="6" slack="0"/>
<pin id="213" dir="1" index="1" bw="6" slack="0"/>
</pin_list>
<bind>
<opcode="load(27) " fcode="load"/>
<opset="ib_load/1 "/>
</bind>
</comp>

<comp id="214" class="1004" name="icmp_ln167_fu_214">
<pin_list>
<pin id="215" dir="0" index="0" bw="9" slack="0"/>
<pin id="216" dir="0" index="1" bw="9" slack="0"/>
<pin id="217" dir="1" index="2" bw="1" slack="0"/>
</pin_list>
<bind>
<opcode="icmp(45) " fcode="icmp"/>
<opset="icmp_ln167/1 "/>
</bind>
</comp>

<comp id="220" class="1004" name="select_ln165_fu_220">
<pin_list>
<pin id="221" dir="0" index="0" bw="1" slack="0"/>
<pin id="222" dir="0" index="1" bw="1" slack="0"/>
<pin id="223" dir="0" index="2" bw="7" slack="0"/>
<pin id="224" dir="1" index="3" bw="7" slack="0"/>
</pin_list>
<bind>
<opcode="select(49) " fcode="select"/>
<opset="select_ln165/1 "/>
</bind>
</comp>

<comp id="228" class="1004" name="or_ln165_fu_228">
<pin_list>
<pin id="229" dir="0" index="0" bw="1" slack="0"/>
<pin id="230" dir="0" index="1" bw="1" slack="0"/>
<pin id="231" dir="1" index="2" bw="1" slack="0"/>
</pin_list>
<bind>
<opcode="or(24) " fcode="or"/>
<opset="or_ln165/1 "/>
</bind>
</comp>

<comp id="234" class="1004" name="xor_ln165_fu_234">
<pin_list>
<pin id="235" dir="0" index="0" bw="1" slack="0"/>
<pin id="236" dir="0" index="1" bw="1" slack="0"/>
<pin id="237" dir="1" index="2" bw="1" slack="0"/>
</pin_list>
<bind>
<opcode="xor(25) " fcode="xor"/>
<opset="xor_ln165/1 "/>
</bind>
</comp>

<comp id="240" class="1004" name="icmp_ln168_fu_240">
<pin_list>
<pin id="241" dir="0" index="0" bw="2" slack="0"/>
<pin id="242" dir="0" index="1" bw="2" slack="0"/>
<pin id="243" dir="1" index="2" bw="1" slack="0"/>
</pin_list>
<bind>
<opcode="icmp(45) " fcode="icmp"/>
<opset="icmp_ln168/1 "/>
</bind>
</comp>

<comp id="246" class="1004" name="and_ln165_fu_246">
<pin_list>
<pin id="247" dir="0" index="0" bw="1" slack="0"/>
<pin id="248" dir="0" index="1" bw="1" slack="0"/>
<pin id="249" dir="1" index="2" bw="1" slack="0"/>
</pin_list>
<bind>
<opcode="and(23) " fcode="and"/>
<opset="and_ln165/1 "/>
</bind>
</comp>

<comp id="252" class="1004" name="add_ln165_1_fu_252">
<pin_list>
<pin id="253" dir="0" index="0" bw="6" slack="0"/>
<pin id="254" dir="0" index="1" bw="1" slack="0"/>
<pin id="255" dir="1" index="2" bw="6" slack="0"/>
</pin_list>
<bind>
<opcode="add(8) " fcode="add"/>
<opset="add_ln165_1/1 "/>
</bind>
</comp>

<comp id="258" class="1004" name="select_ln165_1_fu_258">
<pin_list>
<pin id="259" dir="0" index="0" bw="1" slack="0"/>
<pin id="260" dir="0" index="1" bw="6" slack="0"/>
<pin id="261" dir="0" index="2" bw="6" slack="0"/>
<pin id="262" dir="1" index="3" bw="6" slack="0"/>
</pin_list>
<bind>
<opcode="select(49) " fcode="select"/>
<opset="select_ln165_1/1 "/>
</bind>
</comp>

<comp id="266" class="1004" name="add_ln167_fu_266">
<pin_list>
<pin id="267" dir="0" index="0" bw="7" slack="0"/>
<pin id="268" dir="0" index="1" bw="1" slack="0"/>
<pin id="269" dir="1" index="2" bw="7" slack="0"/>
</pin_list>
<bind>
<opcode="add(8) " fcode="add"/>
<opset="add_ln167/1 "/>
</bind>
</comp>

<comp id="272" class="1004" name="first_iter_0_mid2_fu_272">
<pin_list>
<pin id="273" dir="0" index="0" bw="1" slack="0"/>
<pin id="274" dir="0" index="1" bw="1" slack="0"/>
<pin id="275" dir="1" index="2" bw="1" slack="1"/>
</pin_list>
<bind>
<opcode="or(24) " fcode="or"/>
<opset="first_iter_0_mid2/1 "/>
</bind>
</comp>

<comp id="278" class="1004" name="select_ln167_fu_278">
<pin_list>
<pin id="279" dir="0" index="0" bw="1" slack="0"/>
<pin id="280" dir="0" index="1" bw="7" slack="0"/>
<pin id="281" dir="0" index="2" bw="7" slack="0"/>
<pin id="282" dir="1" index="3" bw="7" slack="0"/>
</pin_list>
<bind>
<opcode="select(49) " fcode="select"/>
<opset="select_ln167/1 "/>
</bind>
</comp>

<comp id="286" class="1004" name="shl_ln_fu_286">
<pin_list>
<pin id="287" dir="0" index="0" bw="12" slack="0"/>
<pin id="288" dir="0" index="1" bw="6" slack="0"/>
<pin id="289" dir="0" index="2" bw="1" slack="0"/>
<pin id="290" dir="1" index="3" bw="12" slack="0"/>
</pin_list>
<bind>
<opcode="bitconcatenate(1004) " fcode="bitconcatenate"/>
<opset="shl_ln/1 "/>
</bind>
</comp>

<comp id="294" class="1004" name="zext_ln167_fu_294">
<pin_list>
<pin id="295" dir="0" index="0" bw="7" slack="0"/>
<pin id="296" dir="1" index="1" bw="12" slack="0"/>
</pin_list>
<bind>
<opcode="zext(34) " fcode="zext"/>
<opset="zext_ln167/1 "/>
</bind>
</comp>

<comp id="298" class="1004" name="trunc_ln171_fu_298">
<pin_list>
<pin id="299" dir="0" index="0" bw="7" slack="0"/>
<pin id="300" dir="1" index="1" bw="6" slack="0"/>
</pin_list>
<bind>
<opcode="trunc(33) " fcode="trunc"/>
<opset="trunc_ln171/1 "/>
</bind>
</comp>

<comp id="302" class="1004" name="shl_ln171_2_fu_302">
<pin_list>
<pin id="303" dir="0" index="0" bw="19" slack="0"/>
<pin id="304" dir="0" index="1" bw="6" slack="0"/>
<pin id="305" dir="0" index="2" bw="6" slack="0"/>
<pin id="306" dir="0" index="3" bw="1" slack="0"/>
<pin id="307" dir="1" index="4" bw="19" slack="0"/>
</pin_list>
<bind>
<opcode="bitconcatenate(1004) " fcode="bitconcatenate"/>
<opset="shl_ln171_2/1 "/>
</bind>
</comp>

<comp id="312" class="1004" name="zext_ln171_fu_312">
<pin_list>
<pin id="313" dir="0" index="0" bw="19" slack="0"/>
<pin id="314" dir="1" index="1" bw="64" slack="0"/>
</pin_list>
<bind>
<opcode="zext(34) " fcode="zext"/>
<opset="zext_ln171/1 "/>
</bind>
</comp>

<comp id="316" class="1004" name="add_ln171_fu_316">
<pin_list>
<pin id="317" dir="0" index="0" bw="19" slack="0"/>
<pin id="318" dir="0" index="1" bw="64" slack="0"/>
<pin id="319" dir="1" index="2" bw="64" slack="0"/>
</pin_list>
<bind>
<opcode="add(8) " fcode="add"/>
<opset="add_ln171/1 "/>
</bind>
</comp>

<comp id="322" class="1004" name="add_ln171_1_fu_322">
<pin_list>
<pin id="323" dir="0" index="0" bw="12" slack="0"/>
<pin id="324" dir="0" index="1" bw="7" slack="0"/>
<pin id="325" dir="1" index="2" bw="12" slack="0"/>
</pin_list>
<bind>
<opcode="add(8) " fcode="add"/>
<opset="add_ln171_1/1 "/>
</bind>
</comp>

<comp id="328" class="1004" name="icmp_ln171_fu_328">
<pin_list>
<pin id="329" dir="0" index="0" bw="12" slack="0"/>
<pin id="330" dir="0" index="1" bw="12" slack="0"/>
<pin id="331" dir="1" index="2" bw="1" slack="0"/>
</pin_list>
<bind>
<opcode="icmp(45) " fcode="icmp"/>
<opset="icmp_ln171/1 "/>
</bind>
</comp>

<comp id="334" class="1004" name="select_ln168_fu_334">
<pin_list>
<pin id="335" dir="0" index="0" bw="1" slack="0"/>
<pin id="336" dir="0" index="1" bw="3" slack="0"/>
<pin id="337" dir="0" index="2" bw="1" slack="0"/>
<pin id="338" dir="1" index="3" bw="64" slack="1"/>
</pin_list>
<bind>
<opcode="select(49) " fcode="select"/>
<opset="select_ln168/1 "/>
</bind>
</comp>

<comp id="342" class="1004" name="trunc_ln_fu_342">
<pin_list>
<pin id="343" dir="0" index="0" bw="58" slack="0"/>
<pin id="344" dir="0" index="1" bw="64" slack="0"/>
<pin id="345" dir="0" index="2" bw="4" slack="0"/>
<pin id="346" dir="0" index="3" bw="7" slack="0"/>
<pin id="347" dir="1" index="4" bw="58" slack="1"/>
</pin_list>
<bind>
<opcode="partselect(1002) " fcode="partselect"/>
<opset="trunc_ln/1 "/>
</bind>
</comp>

<comp id="352" class="1004" name="add_ln168_fu_352">
<pin_list>
<pin id="353" dir="0" index="0" bw="2" slack="0"/>
<pin id="354" dir="0" index="1" bw="1" slack="0"/>
<pin id="355" dir="1" index="2" bw="2" slack="0"/>
</pin_list>
<bind>
<opcode="add(8) " fcode="add"/>
<opset="add_ln168/1 "/>
</bind>
</comp>

<comp id="358" class="1004" name="or_ln168_fu_358">
<pin_list>
<pin id="359" dir="0" index="0" bw="1" slack="0"/>
<pin id="360" dir="0" index="1" bw="1" slack="0"/>
<pin id="361" dir="1" index="2" bw="1" slack="0"/>
</pin_list>
<bind>
<opcode="or(24) " fcode="or"/>
<opset="or_ln168/1 "/>
</bind>
</comp>

<comp id="364" class="1004" name="select_ln168_1_fu_364">
<pin_list>
<pin id="365" dir="0" index="0" bw="1" slack="0"/>
<pin id="366" dir="0" index="1" bw="1" slack="0"/>
<pin id="367" dir="0" index="2" bw="2" slack="0"/>
<pin id="368" dir="1" index="3" bw="2" slack="0"/>
</pin_list>
<bind>
<opcode="select(49) " fcode="select"/>
<opset="select_ln168_1/1 "/>
</bind>
</comp>

<comp id="372" class="1004" name="icmp_ln168_1_fu_372">
<pin_list>
<pin id="373" dir="0" index="0" bw="2" slack="0"/>
<pin id="374" dir="0" index="1" bw="2" slack="0"/>
<pin id="375" dir="1" index="2" bw="1" slack="3"/>
</pin_list>
<bind>
<opcode="icmp(45) " fcode="icmp"/>
<opset="icmp_ln168_1/1 "/>
</bind>
</comp>

<comp id="378" class="1004" name="add_ln167_1_fu_378">
<pin_list>
<pin id="379" dir="0" index="0" bw="9" slack="0"/>
<pin id="380" dir="0" index="1" bw="1" slack="0"/>
<pin id="381" dir="1" index="2" bw="9" slack="0"/>
</pin_list>
<bind>
<opcode="add(8) " fcode="add"/>
<opset="add_ln167_1/1 "/>
</bind>
</comp>

<comp id="384" class="1004" name="select_ln167_1_fu_384">
<pin_list>
<pin id="385" dir="0" index="0" bw="1" slack="0"/>
<pin id="386" dir="0" index="1" bw="1" slack="0"/>
<pin id="387" dir="0" index="2" bw="9" slack="0"/>
<pin id="388" dir="1" index="3" bw="9" slack="0"/>
</pin_list>
<bind>
<opcode="select(49) " fcode="select"/>
<opset="select_ln167_1/1 "/>
</bind>
</comp>

<comp id="392" class="1004" name="store_ln165_store_fu_392">
<pin_list>
<pin id="393" dir="0" index="0" bw="13" slack="0"/>
<pin id="394" dir="0" index="1" bw="13" slack="0"/>
<pin id="395" dir="1" index="2" bw="0" slack="2147483647"/>
</pin_list>
<bind>
<opcode="store(28) " fcode="store"/>
<opset="store_ln165/1 "/>
</bind>
</comp>

<comp id="397" class="1004" name="store_ln165_store_fu_397">
<pin_list>
<pin id="398" dir="0" index="0" bw="6" slack="0"/>
<pin id="399" dir="0" index="1" bw="6" slack="0"/>
<pin id="400" dir="1" index="2" bw="0" slack="2147483647"/>
</pin_list>
<bind>
<opcode="store(28) " fcode="store"/>
<opset="store_ln165/1 "/>
</bind>
</comp>

<comp id="402" class="1004" name="store_ln167_store_fu_402">
<pin_list>
<pin id="403" dir="0" index="0" bw="9" slack="0"/>
<pin id="404" dir="0" index="1" bw="9" slack="0"/>
<pin id="405" dir="1" index="2" bw="0" slack="2147483647"/>
</pin_list>
<bind>
<opcode="store(28) " fcode="store"/>
<opset="store_ln167/1 "/>
</bind>
</comp>

<comp id="407" class="1004" name="store_ln167_store_fu_407">
<pin_list>
<pin id="408" dir="0" index="0" bw="7" slack="0"/>
<pin id="409" dir="0" index="1" bw="7" slack="0"/>
<pin id="410" dir="1" index="2" bw="0" slack="2147483647"/>
</pin_list>
<bind>
<opcode="store(28) " fcode="store"/>
<opset="store_ln167/1 "/>
</bind>
</comp>

<comp id="412" class="1004" name="store_ln168_store_fu_412">
<pin_list>
<pin id="413" dir="0" index="0" bw="2" slack="0"/>
<pin id="414" dir="0" index="1" bw="2" slack="0"/>
<pin id="415" dir="1" index="2" bw="0" slack="2147483647"/>
</pin_list>
<bind>
<opcode="store(28) " fcode="store"/>
<opset="store_ln168/1 "/>
</bind>
</comp>

<comp id="417" class="1004" name="sext_ln168_fu_417">
<pin_list>
<pin id="418" dir="0" index="0" bw="58" slack="1"/>
<pin id="419" dir="1" index="1" bw="64" slack="0"/>
</pin_list>
<bind>
<opcode="sext(35) " fcode="sext"/>
<opset="sext_ln168/2 "/>
</bind>
</comp>

<comp id="420" class="1004" name="gmem2_addr_fu_420">
<pin_list>
<pin id="421" dir="0" index="0" bw="512" slack="0"/>
<pin id="422" dir="0" index="1" bw="58" slack="0"/>
<pin id="423" dir="1" index="2" bw="512" slack="0"/>
</pin_list>
<bind>
<opcode="getelementptr(29) " fcode="getelementptr"/>
<opset="gmem2_addr/2 "/>
</bind>
</comp>

<comp id="427" class="1005" name="jj_reg_427">
<pin_list>
<pin id="428" dir="0" index="0" bw="2" slack="0"/>
<pin id="429" dir="1" index="1" bw="2" slack="0"/>
</pin_list>
<bind>
<opset="jj "/>
</bind>
</comp>

<comp id="434" class="1005" name="i_reg_434">
<pin_list>
<pin id="435" dir="0" index="0" bw="7" slack="0"/>
<pin id="436" dir="1" index="1" bw="7" slack="0"/>
</pin_list>
<bind>
<opset="i "/>
</bind>
</comp>

<comp id="441" class="1005" name="indvar_flatten_reg_441">
<pin_list>
<pin id="442" dir="0" index="0" bw="9" slack="0"/>
<pin id="443" dir="1" index="1" bw="9" slack="0"/>
</pin_list>
<bind>
<opset="indvar_flatten "/>
</bind>
</comp>

<comp id="448" class="1005" name="ib_reg_448">
<pin_list>
<pin id="449" dir="0" index="0" bw="6" slack="0"/>
<pin id="450" dir="1" index="1" bw="6" slack="0"/>
</pin_list>
<bind>
<opset="ib "/>
</bind>
</comp>

<comp id="455" class="1005" name="indvar_flatten13_reg_455">
<pin_list>
<pin id="456" dir="0" index="0" bw="13" slack="0"/>
<pin id="457" dir="1" index="1" bw="13" slack="0"/>
</pin_list>
<bind>
<opset="indvar_flatten13 "/>
</bind>
</comp>

<comp id="462" class="1005" name="icmp_ln165_reg_462">
<pin_list>
<pin id="463" dir="0" index="0" bw="1" slack="1"/>
<pin id="464" dir="1" index="1" bw="1" slack="2147483647"/>
</pin_list>
<bind>
<opset="icmp_ln165 "/>
</bind>
</comp>

<comp id="466" class="1005" name="first_iter_0_mid2_reg_466">
<pin_list>
<pin id="467" dir="0" index="0" bw="1" slack="1"/>
<pin id="468" dir="1" index="1" bw="1" slack="2147483647"/>
</pin_list>
<bind>
<opset="first_iter_0_mid2 "/>
</bind>
</comp>

<comp id="470" class="1005" name="icmp_ln171_reg_470">
<pin_list>
<pin id="471" dir="0" index="0" bw="1" slack="2"/>
<pin id="472" dir="1" index="1" bw="1" slack="2147483647"/>
</pin_list>
<bind>
<opset="icmp_ln171 "/>
</bind>
</comp>

<comp id="474" class="1005" name="select_ln168_reg_474">
<pin_list>
<pin id="475" dir="0" index="0" bw="64" slack="1"/>
<pin id="476" dir="1" index="1" bw="64" slack="1"/>
</pin_list>
<bind>
<opset="select_ln168 "/>
</bind>
</comp>

<comp id="479" class="1005" name="trunc_ln_reg_479">
<pin_list>
<pin id="480" dir="0" index="0" bw="58" slack="1"/>
<pin id="481" dir="1" index="1" bw="58" slack="1"/>
</pin_list>
<bind>
<opset="trunc_ln "/>
</bind>
</comp>

<comp id="484" class="1005" name="icmp_ln168_1_reg_484">
<pin_list>
<pin id="485" dir="0" index="0" bw="1" slack="3"/>
<pin id="486" dir="1" index="1" bw="1" slack="2147483647"/>
</pin_list>
<bind>
<opset="icmp_ln168_1 "/>
</bind>
</comp>

<comp id="488" class="1005" name="gmem2_addr_reg_488">
<pin_list>
<pin id="489" dir="0" index="0" bw="512" slack="1"/>
<pin id="490" dir="1" index="1" bw="512" slack="1"/>
</pin_list>
<bind>
<opset="gmem2_addr "/>
</bind>
</comp>

<comp id="494" class="1005" name="XW_stream_read_reg_494">
<pin_list>
<pin id="495" dir="0" index="0" bw="512" slack="1"/>
<pin id="496" dir="1" index="1" bw="512" slack="1"/>
</pin_list>
<bind>
<opset="XW_stream_read "/>
</bind>
</comp>

</comp_list>

<net_list>
<net id="103"><net_src comp="6" pin="0"/><net_sink comp="100" pin=0"/></net>

<net id="107"><net_src comp="6" pin="0"/><net_sink comp="104" pin=0"/></net>

<net id="111"><net_src comp="6" pin="0"/><net_sink comp="108" pin=0"/></net>

<net id="115"><net_src comp="6" pin="0"/><net_sink comp="112" pin=0"/></net>

<net id="119"><net_src comp="6" pin="0"/><net_sink comp="116" pin=0"/></net>

<net id="124"><net_src comp="34" pin="0"/><net_sink comp="120" pin=0"/></net>

<net id="125"><net_src comp="4" pin="0"/><net_sink comp="120" pin=1"/></net>

<net id="130"><net_src comp="92" pin="0"/><net_sink comp="126" pin=0"/></net>

<net id="131"><net_src comp="0" pin="0"/><net_sink comp="126" pin=1"/></net>

<net id="137"><net_src comp="88" pin="0"/><net_sink comp="132" pin=0"/></net>

<net id="144"><net_src comp="94" pin="0"/><net_sink comp="138" pin=0"/></net>

<net id="145"><net_src comp="96" pin="0"/><net_sink comp="138" pin=3"/></net>

<net id="150"><net_src comp="98" pin="0"/><net_sink comp="146" pin=0"/></net>

<net id="160"><net_src comp="10" pin="0"/><net_sink comp="154" pin=0"/></net>

<net id="161"><net_src comp="46" pin="0"/><net_sink comp="154" pin=2"/></net>

<net id="166"><net_src comp="36" pin="0"/><net_sink comp="162" pin=0"/></net>

<net id="171"><net_src comp="38" pin="0"/><net_sink comp="167" pin=0"/></net>

<net id="176"><net_src comp="40" pin="0"/><net_sink comp="172" pin=0"/></net>

<net id="181"><net_src comp="42" pin="0"/><net_sink comp="177" pin=0"/></net>

<net id="186"><net_src comp="44" pin="0"/><net_sink comp="182" pin=0"/></net>

<net id="200"><net_src comp="193" pin="1"/><net_sink comp="196" pin=0"/></net>

<net id="201"><net_src comp="48" pin="0"/><net_sink comp="196" pin=1"/></net>

<net id="206"><net_src comp="193" pin="1"/><net_sink comp="202" pin=0"/></net>

<net id="207"><net_src comp="50" pin="0"/><net_sink comp="202" pin=1"/></net>

<net id="218"><net_src comp="190" pin="1"/><net_sink comp="214" pin=0"/></net>

<net id="219"><net_src comp="52" pin="0"/><net_sink comp="214" pin=1"/></net>

<net id="225"><net_src comp="214" pin="2"/><net_sink comp="220" pin=0"/></net>

<net id="226"><net_src comp="42" pin="0"/><net_sink comp="220" pin=1"/></net>

<net id="227"><net_src comp="208" pin="1"/><net_sink comp="220" pin=2"/></net>

<net id="232"><net_src comp="214" pin="2"/><net_sink comp="228" pin=0"/></net>

<net id="233"><net_src comp="154" pin="4"/><net_sink comp="228" pin=1"/></net>

<net id="238"><net_src comp="214" pin="2"/><net_sink comp="234" pin=0"/></net>

<net id="239"><net_src comp="10" pin="0"/><net_sink comp="234" pin=1"/></net>

<net id="244"><net_src comp="187" pin="1"/><net_sink comp="240" pin=0"/></net>

<net id="245"><net_src comp="54" pin="0"/><net_sink comp="240" pin=1"/></net>

<net id="250"><net_src comp="240" pin="2"/><net_sink comp="246" pin=0"/></net>

<net id="251"><net_src comp="234" pin="2"/><net_sink comp="246" pin=1"/></net>

<net id="256"><net_src comp="211" pin="1"/><net_sink comp="252" pin=0"/></net>

<net id="257"><net_src comp="56" pin="0"/><net_sink comp="252" pin=1"/></net>

<net id="263"><net_src comp="214" pin="2"/><net_sink comp="258" pin=0"/></net>

<net id="264"><net_src comp="252" pin="2"/><net_sink comp="258" pin=1"/></net>

<net id="265"><net_src comp="211" pin="1"/><net_sink comp="258" pin=2"/></net>

<net id="270"><net_src comp="220" pin="3"/><net_sink comp="266" pin=0"/></net>

<net id="271"><net_src comp="58" pin="0"/><net_sink comp="266" pin=1"/></net>

<net id="276"><net_src comp="246" pin="2"/><net_sink comp="272" pin=0"/></net>

<net id="277"><net_src comp="228" pin="2"/><net_sink comp="272" pin=1"/></net>

<net id="283"><net_src comp="246" pin="2"/><net_sink comp="278" pin=0"/></net>

<net id="284"><net_src comp="266" pin="2"/><net_sink comp="278" pin=1"/></net>

<net id="285"><net_src comp="220" pin="3"/><net_sink comp="278" pin=2"/></net>

<net id="291"><net_src comp="60" pin="0"/><net_sink comp="286" pin=0"/></net>

<net id="292"><net_src comp="258" pin="3"/><net_sink comp="286" pin=1"/></net>

<net id="293"><net_src comp="38" pin="0"/><net_sink comp="286" pin=2"/></net>

<net id="297"><net_src comp="278" pin="3"/><net_sink comp="294" pin=0"/></net>

<net id="301"><net_src comp="278" pin="3"/><net_sink comp="298" pin=0"/></net>

<net id="308"><net_src comp="62" pin="0"/><net_sink comp="302" pin=0"/></net>

<net id="309"><net_src comp="258" pin="3"/><net_sink comp="302" pin=1"/></net>

<net id="310"><net_src comp="298" pin="1"/><net_sink comp="302" pin=2"/></net>

<net id="311"><net_src comp="42" pin="0"/><net_sink comp="302" pin=3"/></net>

<net id="315"><net_src comp="302" pin="4"/><net_sink comp="312" pin=0"/></net>

<net id="320"><net_src comp="312" pin="1"/><net_sink comp="316" pin=0"/></net>

<net id="321"><net_src comp="120" pin="2"/><net_sink comp="316" pin=1"/></net>

<net id="326"><net_src comp="286" pin="3"/><net_sink comp="322" pin=0"/></net>

<net id="327"><net_src comp="294" pin="1"/><net_sink comp="322" pin=1"/></net>

<net id="332"><net_src comp="322" pin="2"/><net_sink comp="328" pin=0"/></net>

<net id="333"><net_src comp="64" pin="0"/><net_sink comp="328" pin=1"/></net>

<net id="339"><net_src comp="328" pin="2"/><net_sink comp="334" pin=0"/></net>

<net id="340"><net_src comp="66" pin="0"/><net_sink comp="334" pin=1"/></net>

<net id="341"><net_src comp="68" pin="0"/><net_sink comp="334" pin=2"/></net>

<net id="348"><net_src comp="70" pin="0"/><net_sink comp="342" pin=0"/></net>

<net id="349"><net_src comp="316" pin="2"/><net_sink comp="342" pin=1"/></net>

<net id="350"><net_src comp="72" pin="0"/><net_sink comp="342" pin=2"/></net>

<net id="351"><net_src comp="74" pin="0"/><net_sink comp="342" pin=3"/></net>

<net id="356"><net_src comp="187" pin="1"/><net_sink comp="352" pin=0"/></net>

<net id="357"><net_src comp="76" pin="0"/><net_sink comp="352" pin=1"/></net>

<net id="362"><net_src comp="246" pin="2"/><net_sink comp="358" pin=0"/></net>

<net id="363"><net_src comp="214" pin="2"/><net_sink comp="358" pin=1"/></net>

<net id="369"><net_src comp="358" pin="2"/><net_sink comp="364" pin=0"/></net>

<net id="370"><net_src comp="76" pin="0"/><net_sink comp="364" pin=1"/></net>

<net id="371"><net_src comp="352" pin="2"/><net_sink comp="364" pin=2"/></net>

<net id="376"><net_src comp="364" pin="3"/><net_sink comp="372" pin=0"/></net>

<net id="377"><net_src comp="54" pin="0"/><net_sink comp="372" pin=1"/></net>

<net id="382"><net_src comp="190" pin="1"/><net_sink comp="378" pin=0"/></net>

<net id="383"><net_src comp="78" pin="0"/><net_sink comp="378" pin=1"/></net>

<net id="389"><net_src comp="214" pin="2"/><net_sink comp="384" pin=0"/></net>

<net id="390"><net_src comp="78" pin="0"/><net_sink comp="384" pin=1"/></net>

<net id="391"><net_src comp="378" pin="2"/><net_sink comp="384" pin=2"/></net>

<net id="396"><net_src comp="202" pin="2"/><net_sink comp="392" pin=0"/></net>

<net id="401"><net_src comp="258" pin="3"/><net_sink comp="397" pin=0"/></net>

<net id="406"><net_src comp="384" pin="3"/><net_sink comp="402" pin=0"/></net>

<net id="411"><net_src comp="278" pin="3"/><net_sink comp="407" pin=0"/></net>

<net id="416"><net_src comp="364" pin="3"/><net_sink comp="412" pin=0"/></net>

<net id="424"><net_src comp="2" pin="0"/><net_sink comp="420" pin=0"/></net>

<net id="425"><net_src comp="417" pin="1"/><net_sink comp="420" pin=1"/></net>

<net id="426"><net_src comp="420" pin="2"/><net_sink comp="132" pin=1"/></net>

<net id="430"><net_src comp="100" pin="1"/><net_sink comp="427" pin=0"/></net>

<net id="431"><net_src comp="427" pin="1"/><net_sink comp="182" pin=1"/></net>

<net id="432"><net_src comp="427" pin="1"/><net_sink comp="187" pin=0"/></net>

<net id="433"><net_src comp="427" pin="1"/><net_sink comp="412" pin=1"/></net>

<net id="437"><net_src comp="104" pin="1"/><net_sink comp="434" pin=0"/></net>

<net id="438"><net_src comp="434" pin="1"/><net_sink comp="177" pin=1"/></net>

<net id="439"><net_src comp="434" pin="1"/><net_sink comp="208" pin=0"/></net>

<net id="440"><net_src comp="434" pin="1"/><net_sink comp="407" pin=1"/></net>

<net id="444"><net_src comp="108" pin="1"/><net_sink comp="441" pin=0"/></net>

<net id="445"><net_src comp="441" pin="1"/><net_sink comp="172" pin=1"/></net>

<net id="446"><net_src comp="441" pin="1"/><net_sink comp="190" pin=0"/></net>

<net id="447"><net_src comp="441" pin="1"/><net_sink comp="402" pin=1"/></net>

<net id="451"><net_src comp="112" pin="1"/><net_sink comp="448" pin=0"/></net>

<net id="452"><net_src comp="448" pin="1"/><net_sink comp="167" pin=1"/></net>

<net id="453"><net_src comp="448" pin="1"/><net_sink comp="211" pin=0"/></net>

<net id="454"><net_src comp="448" pin="1"/><net_sink comp="397" pin=1"/></net>

<net id="458"><net_src comp="116" pin="1"/><net_sink comp="455" pin=0"/></net>

<net id="459"><net_src comp="455" pin="1"/><net_sink comp="162" pin=1"/></net>

<net id="460"><net_src comp="455" pin="1"/><net_sink comp="193" pin=0"/></net>

<net id="461"><net_src comp="455" pin="1"/><net_sink comp="392" pin=1"/></net>

<net id="465"><net_src comp="196" pin="2"/><net_sink comp="462" pin=0"/></net>

<net id="469"><net_src comp="272" pin="2"/><net_sink comp="466" pin=0"/></net>

<net id="473"><net_src comp="328" pin="2"/><net_sink comp="470" pin=0"/></net>

<net id="477"><net_src comp="334" pin="3"/><net_sink comp="474" pin=0"/></net>

<net id="478"><net_src comp="474" pin="1"/><net_sink comp="132" pin=2"/></net>

<net id="482"><net_src comp="342" pin="4"/><net_sink comp="479" pin=0"/></net>

<net id="483"><net_src comp="479" pin="1"/><net_sink comp="417" pin=0"/></net>

<net id="487"><net_src comp="372" pin="2"/><net_sink comp="484" pin=0"/></net>

<net id="491"><net_src comp="420" pin="2"/><net_sink comp="488" pin=0"/></net>

<net id="492"><net_src comp="488" pin="1"/><net_sink comp="138" pin=1"/></net>

<net id="493"><net_src comp="488" pin="1"/><net_sink comp="146" pin=1"/></net>

<net id="497"><net_src comp="126" pin="2"/><net_sink comp="494" pin=0"/></net>

<net id="498"><net_src comp="494" pin="1"/><net_sink comp="138" pin=2"/></net>

</net_list>

</model> 
---------------- Datapath Model END ------------------

* FSMD analyzer results:
  - Output states:
	Port: gmem2 | {2 3 4 5 6 7 8 }
 - Input state : 
	Port: gemm_write : XW_stream | {2 }
	Port: gemm_write : H_temp | {1 }
  - Chain level:
	State 1
		store_ln0 : 1
		store_ln165 : 1
		store_ln0 : 1
		store_ln167 : 1
		store_ln168 : 1
		first_iter_0 : 1
		jj_1 : 1
		indvar_flatten_load : 1
		indvar_flatten13_load : 1
		icmp_ln165 : 2
		add_ln165 : 2
		br_ln165 : 3
		i_load : 1
		ib_load : 1
		icmp_ln167 : 2
		select_ln165 : 3
		or_ln165 : 3
		xor_ln165 : 3
		icmp_ln168 : 2
		and_ln165 : 3
		add_ln165_1 : 2
		select_ln165_1 : 3
		add_ln167 : 4
		first_iter_0_mid2 : 3
		select_ln167 : 3
		shl_ln : 4
		zext_ln167 : 4
		trunc_ln171 : 4
		shl_ln171_2 : 5
		zext_ln171 : 6
		add_ln171 : 7
		add_ln171_1 : 5
		icmp_ln171 : 6
		select_ln168 : 7
		trunc_ln : 8
		br_ln168 : 3
		br_ln171 : 7
		add_ln168 : 2
		or_ln168 : 3
		select_ln168_1 : 3
		icmp_ln168_1 : 4
		br_ln168 : 5
		add_ln167_1 : 2
		select_ln167_1 : 3
		store_ln165 : 3
		store_ln165 : 4
		store_ln167 : 4
		store_ln167 : 4
		store_ln168 : 4
	State 2
		gmem2_addr : 1
		empty : 2
	State 3
	State 4
	State 5
	State 6
	State 7
	State 8


============================================================
+ Verbose Summary: Datapath Resource usage 
============================================================

* Functional unit list:
|----------|----------------------------|---------|---------|
| Operation|       Functional Unit      |    FF   |   LUT   |
|----------|----------------------------|---------|---------|
|          |      add_ln165_fu_202      |    0    |    20   |
|          |     add_ln165_1_fu_252     |    0    |    13   |
|          |      add_ln167_fu_266      |    0    |    14   |
|    add   |      add_ln171_fu_316      |    0    |    71   |
|          |     add_ln171_1_fu_322     |    0    |    19   |
|          |      add_ln168_fu_352      |    0    |    9    |
|          |     add_ln167_1_fu_378     |    0    |    16   |
|----------|----------------------------|---------|---------|
|          |      icmp_ln165_fu_196     |    0    |    20   |
|          |      icmp_ln167_fu_214     |    0    |    16   |
|   icmp   |      icmp_ln168_fu_240     |    0    |    9    |
|          |      icmp_ln171_fu_328     |    0    |    19   |
|          |     icmp_ln168_1_fu_372    |    0    |    9    |
|----------|----------------------------|---------|---------|
|          |     select_ln165_fu_220    |    0    |    7    |
|          |    select_ln165_1_fu_258   |    0    |    6    |
|  select  |     select_ln167_fu_278    |    0    |    7    |
|          |     select_ln168_fu_334    |    0    |    3    |
|          |    select_ln168_1_fu_364   |    0    |    2    |
|          |    select_ln167_1_fu_384   |    0    |    9    |
|----------|----------------------------|---------|---------|
|          |       or_ln165_fu_228      |    0    |    2    |
|    or    |  first_iter_0_mid2_fu_272  |    0    |    2    |
|          |       or_ln168_fu_358      |    0    |    2    |
|----------|----------------------------|---------|---------|
|    xor   |      xor_ln165_fu_234      |    0    |    2    |
|----------|----------------------------|---------|---------|
|    and   |      and_ln165_fu_246      |    0    |    2    |
|----------|----------------------------|---------|---------|
|   read   |   H_temp_read_read_fu_120  |    0    |    0    |
|          | XW_stream_read_read_fu_126 |    0    |    0    |
|----------|----------------------------|---------|---------|
| writereq |    empty_writereq_fu_132   |    0    |    0    |
|----------|----------------------------|---------|---------|
|   write  |  write_ln173_write_fu_138  |    0    |    0    |
|----------|----------------------------|---------|---------|
| writeresp|    grp_writeresp_fu_146    |    0    |    0    |
|----------|----------------------------|---------|---------|
|bitconcatenate|        shl_ln_fu_286       |    0    |    0    |
|          |     shl_ln171_2_fu_302     |    0    |    0    |
|----------|----------------------------|---------|---------|
|   zext   |      zext_ln167_fu_294     |    0    |    0    |
|          |      zext_ln171_fu_312     |    0    |    0    |
|----------|----------------------------|---------|---------|
|   trunc  |     trunc_ln171_fu_298     |    0    |    0    |
|----------|----------------------------|---------|---------|
|partselect|       trunc_ln_fu_342      |    0    |    0    |
|----------|----------------------------|---------|---------|
|   sext   |      sext_ln168_fu_417     |    0    |    0    |
|----------|----------------------------|---------|---------|
|   Total  |                            |    0    |   279   |
|----------|----------------------------|---------|---------|

Memories:
N/A

* Register list:
+-------------------------+--------+
|                         |   FF   |
+-------------------------+--------+
|  XW_stream_read_reg_494 |   512  |
|first_iter_0_mid2_reg_466|    1   |
|   first_iter_0_reg_151  |    1   |
|    gmem2_addr_reg_488   |   512  |
|        i_reg_434        |    7   |
|        ib_reg_448       |    6   |
|    icmp_ln165_reg_462   |    1   |
|   icmp_ln168_1_reg_484  |    1   |
|    icmp_ln171_reg_470   |    1   |
| indvar_flatten13_reg_455|   13   |
|  indvar_flatten_reg_441 |    9   |
|        jj_reg_427       |    2   |
|   select_ln168_reg_474  |   64   |
|     trunc_ln_reg_479    |   58   |
+-------------------------+--------+
|          Total          |  1188  |
+-------------------------+--------+

* Multiplexer (MUX) list: 
|--------|------|------|------|--------|
|  Comp  |  Pin | Size |  BW  | S x BW |
|--------|------|------|------|--------|
|  Total |      |      |      |    0   |
|--------|------|------|------|--------|



* Summary:
+-----------+--------+--------+
|           |   FF   |   LUT  |
+-----------+--------+--------+
|  Function |    0   |   279  |
|   Memory  |    -   |    -   |
|Multiplexer|    -   |    -   |
|  Register |  1188  |    -   |
+-----------+--------+--------+
|   Total   |  1188  |   279  |
+-----------+--------+--------+
