

================================================================
== Vitis HLS Report for 'gemm_stage'
================================================================
* Date:           Thu Apr 16 11:31:53 2026

* Version:        2025.2 (Build 6295257 on Nov 14 2025)
* Project:        integrated_gcn
* Solution:       hls (Vivado IP Flow Target)
* Product family: zynquplus
* Target device:  xck26-sfvc784-2LV-c


================================================================
== Performance Estimates
================================================================
+ Timing: 
    * Summary: 
    +--------+----------+----------+------------+
    |  Clock |  Target  | Estimated| Uncertainty|
    +--------+----------+----------+------------+
    |ap_clk  |  10.00 ns|  7.300 ns|     2.70 ns|
    +--------+----------+----------+------------+

+ Latency: 
    * Summary: 
    +---------+---------+-----------+-----------+---------+---------+----------+
    |  Latency (cycles) |   Latency (absolute)  |      Interval     | Pipeline |
    |   min   |   max   |    min    |    max    |   min   |   max   |   Type   |
    +---------+---------+-----------+-----------+---------+---------+----------+
    |  1782919|  1782919|  17.829 ms|  17.829 ms|  1782911|  1782911|  dataflow|
    +---------+---------+-----------+-----------+---------+---------+----------+

    + Detail: 
        * Instance: 
        N/A

        * Loop: 
        N/A

============================================================
+ Verbose Summary: Synthesis Manager
============================================================
InlineROM: 1
ExposeGlobal: 0
============================================================
+ Verbose Summary: CDFG Model
============================================================
IsTopModel: 0
ResetActiveHigh: 1
IsCombinational: 2
IsDatapathOnly: 0
HasWiredReturn: 1
HasMFsm: 0
HasVarLatency: 1
IsPipeline: 0
IsRtlPipelined: 0
IsInstanceOverlapped: 0
IsDontTouch: 0
HasImplIP: 0
IsGatedGlobalClock: 0


============================================================
+ Verbose Summary: Schedule
============================================================
* Number of FSM states : 6
* Pipeline : 0
* Dataflow Pipeline: 1
  DF-Pipeline-0: Size = 6, States = { 1 2 3 4 5 6 }

* FSM state transitions: 
1 --> 2 
2 --> 3 
3 --> 4 
4 --> 5 
5 --> 6 
6 --> 

* FSM state operations: 

State 1 <SV = 0> <Delay = 0.00>
ST_1 : Operation 7 [1/1] (0.00ns)   --->   "%W_read = read i64 @_ssdm_op_Read.ap_auto.i64, i64 %W"   --->   Operation 7 'read' 'W_read' <Predicate = true> <Delay = 0.00>
ST_1 : Operation 8 [1/1] (0.00ns)   --->   "%X_read = read i64 @_ssdm_op_Read.ap_auto.i64, i64 %X"   --->   Operation 8 'read' 'X_read' <Predicate = true> <Delay = 0.00>
ST_1 : Operation 9 [1/1] (0.00ns)   --->   "%X_stream = alloca i64 1" [src/integrated-gcn/integrated_gcn.cpp:187]   --->   Operation 9 'alloca' 'X_stream' <Predicate = true> <Delay = 0.00> <CoreInst = "FIFO">   --->   Core 77 'FIFO' <Latency = 0> <II = 1> <Delay = 1.62> <Storage> <Opcode : 'read' 'write' 'nbread' 'nbwrite'> <Ports = 0> <Width = 512> <Depth = 16> <FIFO>
ST_1 : Operation 10 [1/1] (0.00ns)   --->   "%W_stream = alloca i64 1" [src/integrated-gcn/integrated_gcn.cpp:188]   --->   Operation 10 'alloca' 'W_stream' <Predicate = true> <Delay = 0.00> <CoreInst = "FIFO">   --->   Core 77 'FIFO' <Latency = 0> <II = 1> <Delay = 1.62> <Storage> <Opcode : 'read' 'write' 'nbread' 'nbwrite'> <Ports = 0> <Width = 512> <Depth = 16> <FIFO>
ST_1 : Operation 11 [1/1] (0.00ns)   --->   "%XW_stream = alloca i64 1" [src/integrated-gcn/integrated_gcn.cpp:189]   --->   Operation 11 'alloca' 'XW_stream' <Predicate = true> <Delay = 0.00> <CoreInst = "FIFO">   --->   Core 77 'FIFO' <Latency = 0> <II = 1> <Delay = 1.62> <Storage> <Opcode : 'read' 'write' 'nbread' 'nbwrite'> <Ports = 0> <Width = 512> <Depth = 16> <FIFO>
ST_1 : Operation 12 [2/2] (0.00ns)   --->   "%call_ln194 = call void @gemm_read_X, i512 %gmem0, i64 %X_read, i512 %X_stream" [src/integrated-gcn/integrated_gcn.cpp:194]   --->   Operation 12 'call' 'call_ln194' <Predicate = true> <Delay = 0.00> <CoreType = "Generic">   --->   Generic Core
ST_1 : Operation 13 [2/2] (0.00ns)   --->   "%call_ln195 = call void @gemm_read_W, i512 %gmem1, i64 %W_read, i512 %W_stream" [src/integrated-gcn/integrated_gcn.cpp:195]   --->   Operation 13 'call' 'call_ln195' <Predicate = true> <Delay = 0.00> <CoreType = "Generic">   --->   Generic Core

State 2 <SV = 1> <Delay = 0.00>
ST_2 : Operation 14 [1/2] (0.00ns)   --->   "%call_ln194 = call void @gemm_read_X, i512 %gmem0, i64 %X_read, i512 %X_stream" [src/integrated-gcn/integrated_gcn.cpp:194]   --->   Operation 14 'call' 'call_ln194' <Predicate = true> <Delay = 0.00> <CoreType = "Generic">   --->   Generic Core
ST_2 : Operation 15 [1/2] (0.00ns)   --->   "%call_ln195 = call void @gemm_read_W, i512 %gmem1, i64 %W_read, i512 %W_stream" [src/integrated-gcn/integrated_gcn.cpp:195]   --->   Operation 15 'call' 'call_ln195' <Predicate = true> <Delay = 0.00> <CoreType = "Generic">   --->   Generic Core

State 3 <SV = 2> <Delay = 0.00>
ST_3 : Operation 16 [2/2] (0.00ns)   --->   "%call_ln196 = call void @gemm_compute, i512 %X_stream, i512 %W_stream, i512 %XW_stream" [src/integrated-gcn/integrated_gcn.cpp:196]   --->   Operation 16 'call' 'call_ln196' <Predicate = true> <Delay = 0.00> <CoreType = "Generic">   --->   Generic Core

State 4 <SV = 3> <Delay = 0.78>
ST_4 : Operation 17 [1/2] (0.78ns)   --->   "%call_ln196 = call void @gemm_compute, i512 %X_stream, i512 %W_stream, i512 %XW_stream" [src/integrated-gcn/integrated_gcn.cpp:196]   --->   Operation 17 'call' 'call_ln196' <Predicate = true> <Delay = 0.78> <CoreType = "Generic">   --->   Generic Core

State 5 <SV = 4> <Delay = 1.08>
ST_5 : Operation 18 [1/1] (0.00ns)   --->   "%H_temp_read = read i64 @_ssdm_op_Read.ap_auto.i64, i64 %H_temp"   --->   Operation 18 'read' 'H_temp_read' <Predicate = true> <Delay = 0.00>
ST_5 : Operation 19 [2/2] (1.08ns)   --->   "%call_ln197 = call void @gemm_write, i512 %XW_stream, i512 %gmem2, i64 %H_temp_read" [src/integrated-gcn/integrated_gcn.cpp:197]   --->   Operation 19 'call' 'call_ln197' <Predicate = true> <Delay = 1.08> <CoreType = "Generic">   --->   Generic Core

State 6 <SV = 5> <Delay = 0.00>
ST_6 : Operation 20 [1/1] (0.00ns)   --->   "%specstablecontent_ln186 = specstablecontent void @_ssdm_op_SpecStableContent, i64 %H_temp, i1 1, void @p_str" [src/integrated-gcn/integrated_gcn.cpp:186]   --->   Operation 20 'specstablecontent' 'specstablecontent_ln186' <Predicate = true> <Delay = 0.00>
ST_6 : Operation 21 [1/1] (0.00ns)   --->   "%specstablecontent_ln186 = specstablecontent void @_ssdm_op_SpecStableContent, i64 %W, i1 1, void @p_str" [src/integrated-gcn/integrated_gcn.cpp:186]   --->   Operation 21 'specstablecontent' 'specstablecontent_ln186' <Predicate = true> <Delay = 0.00>
ST_6 : Operation 22 [1/1] (0.00ns)   --->   "%specstablecontent_ln186 = specstablecontent void @_ssdm_op_SpecStableContent, i512 %gmem1, i1 1, void @p_str" [src/integrated-gcn/integrated_gcn.cpp:186]   --->   Operation 22 'specstablecontent' 'specstablecontent_ln186' <Predicate = true> <Delay = 0.00>
ST_6 : Operation 23 [1/1] (0.00ns)   --->   "%specstablecontent_ln186 = specstablecontent void @_ssdm_op_SpecStableContent, i64 %X, i1 1, void @p_str" [src/integrated-gcn/integrated_gcn.cpp:186]   --->   Operation 23 'specstablecontent' 'specstablecontent_ln186' <Predicate = true> <Delay = 0.00>
ST_6 : Operation 24 [1/1] (0.00ns)   --->   "%specstablecontent_ln186 = specstablecontent void @_ssdm_op_SpecStableContent, i512 %gmem0, i1 1, void @p_str" [src/integrated-gcn/integrated_gcn.cpp:186]   --->   Operation 24 'specstablecontent' 'specstablecontent_ln186' <Predicate = true> <Delay = 0.00>
ST_6 : Operation 25 [1/1] (0.00ns)   --->   "%specdataflowpipeline_ln186 = specdataflowpipeline void @_ssdm_op_SpecDataflowPipeline, i32 4294967295, i32 0, void @empty_23" [src/integrated-gcn/integrated_gcn.cpp:186]   --->   Operation 25 'specdataflowpipeline' 'specdataflowpipeline_ln186' <Predicate = true> <Delay = 0.00>
ST_6 : Operation 26 [1/1] (0.00ns)   --->   "%specinterface_ln0 = specinterface void @_ssdm_op_SpecInterface, i512 %gmem2, void @empty_12, i32 0, i32 0, void @empty_23, i32 0, i32 0, void @empty_21, void @empty_32, void @empty_23, i32 16, i32 16, i32 16, i32 16, void @empty_23, void @empty_23, i32 4294967295, i32 0, i32 0, i32 64"   --->   Operation 26 'specinterface' 'specinterface_ln0' <Predicate = true> <Delay = 0.00>
ST_6 : Operation 27 [1/1] (0.00ns)   --->   "%specinterface_ln0 = specinterface void @_ssdm_op_SpecInterface, i512 %gmem1, void @empty_12, i32 0, i32 0, void @empty_23, i32 0, i32 0, void @empty_11, void @empty_32, void @empty_23, i32 16, i32 16, i32 16, i32 16, void @empty_23, void @empty_23, i32 4294967295, i32 0, i32 0, i32 64"   --->   Operation 27 'specinterface' 'specinterface_ln0' <Predicate = true> <Delay = 0.00>
ST_6 : Operation 28 [1/1] (0.00ns)   --->   "%specinterface_ln0 = specinterface void @_ssdm_op_SpecInterface, i512 %gmem0, void @empty_12, i32 0, i32 0, void @empty_23, i32 0, i32 0, void @empty_33, void @empty_32, void @empty_23, i32 16, i32 16, i32 16, i32 16, void @empty_23, void @empty_23, i32 4294967295, i32 0, i32 0, i32 64"   --->   Operation 28 'specinterface' 'specinterface_ln0' <Predicate = true> <Delay = 0.00>
ST_6 : Operation 29 [1/1] (0.00ns)   --->   "%empty = specchannel i32 @_ssdm_op_SpecChannel, void @X_stream_str, i32 1, void @p_str, void @p_str, i32 16, i32 16, i512 %X_stream, i512 %X_stream"   --->   Operation 29 'specchannel' 'empty' <Predicate = true> <Delay = 0.00>
ST_6 : Operation 30 [1/1] (0.00ns)   --->   "%specinterface_ln0 = specinterface void @_ssdm_op_SpecInterface, i512 %X_stream, void @empty_8, i32 0, i32 0, void @empty_23, i32 0, i32 0, void @empty_23, void @empty_23, void @empty_23, i32 0, i32 0, i32 0, i32 0, void @empty_23, void @empty_23, i32 4294967295, i32 0, i32 0, i32 0"   --->   Operation 30 'specinterface' 'specinterface_ln0' <Predicate = true> <Delay = 0.00>
ST_6 : Operation 31 [1/1] (0.00ns)   --->   "%empty_117 = specchannel i32 @_ssdm_op_SpecChannel, void @W_stream_str, i32 1, void @p_str, void @p_str, i32 16, i32 16, i512 %W_stream, i512 %W_stream"   --->   Operation 31 'specchannel' 'empty_117' <Predicate = true> <Delay = 0.00>
ST_6 : Operation 32 [1/1] (0.00ns)   --->   "%specinterface_ln0 = specinterface void @_ssdm_op_SpecInterface, i512 %W_stream, void @empty_8, i32 0, i32 0, void @empty_23, i32 0, i32 0, void @empty_23, void @empty_23, void @empty_23, i32 0, i32 0, i32 0, i32 0, void @empty_23, void @empty_23, i32 4294967295, i32 0, i32 0, i32 0"   --->   Operation 32 'specinterface' 'specinterface_ln0' <Predicate = true> <Delay = 0.00>
ST_6 : Operation 33 [1/1] (0.00ns)   --->   "%empty_118 = specchannel i32 @_ssdm_op_SpecChannel, void @XW_stream_str, i32 1, void @p_str, void @p_str, i32 16, i32 16, i512 %XW_stream, i512 %XW_stream"   --->   Operation 33 'specchannel' 'empty_118' <Predicate = true> <Delay = 0.00>
ST_6 : Operation 34 [1/1] (0.00ns)   --->   "%specinterface_ln0 = specinterface void @_ssdm_op_SpecInterface, i512 %XW_stream, void @empty_8, i32 0, i32 0, void @empty_23, i32 0, i32 0, void @empty_23, void @empty_23, void @empty_23, i32 0, i32 0, i32 0, i32 0, void @empty_23, void @empty_23, i32 4294967295, i32 0, i32 0, i32 0"   --->   Operation 34 'specinterface' 'specinterface_ln0' <Predicate = true> <Delay = 0.00>
ST_6 : Operation 35 [1/2] (0.00ns)   --->   "%call_ln197 = call void @gemm_write, i512 %XW_stream, i512 %gmem2, i64 %H_temp_read" [src/integrated-gcn/integrated_gcn.cpp:197]   --->   Operation 35 'call' 'call_ln197' <Predicate = true> <Delay = 0.00> <CoreType = "Generic">   --->   Generic Core
ST_6 : Operation 36 [1/1] (0.00ns)   --->   "%ret_ln198 = ret" [src/integrated-gcn/integrated_gcn.cpp:198]   --->   Operation 36 'ret' 'ret_ln198' <Predicate = true> <Delay = 0.00>


============================================================
+ Verbose Summary: Timing violations
============================================================
Target clock period: 10.000ns, clock uncertainty: 2.700ns.

 <State 1>: 0.000ns
The critical path consists of the following:

 <State 2>: 0.000ns
The critical path consists of the following:

 <State 3>: 0.000ns
The critical path consists of the following:

 <State 4>: 0.781ns
The critical path consists of the following:
	'call' operation ('call_ln196', src/integrated-gcn/integrated_gcn.cpp:196) to 'gemm_compute' [30]  (0.781 ns)

 <State 5>: 1.085ns
The critical path consists of the following:
	wire read operation ('H_temp_read') on port 'H_temp' [16]  (0.000 ns)
	'call' operation ('call_ln197', src/integrated-gcn/integrated_gcn.cpp:197) to 'gemm_write' [31]  (1.085 ns)

 <State 6>: 0.000ns
The critical path consists of the following:


============================================================
+ Verbose Summary: Binding
============================================================
N/A
* FSMD analyzer results:
  - Output states:
 - Input state : 
  - Chain level:
	State 1
	State 2
	State 3
	State 4
	State 5
	State 6


============================================================
+ Verbose Summary: Datapath Resource usage 
============================================================
N/A
