In file included from /home/nat/dev/trinners/mai_proj/hls/thesis-gcn-accelerator/src/integrated-gcn/integrated_gcn.cpp:5:
In file included from /home/nat/dev/trinners/mai_proj/hls/thesis-gcn-accelerator/src/integrated-gcn/integrated_gcn.h:9:
/opt/Xilinx/2025.2/Vitis/common/technology/autopilot/hls_vector.h:145:1: warning: HLS pragma dump _XLX_SEP_ PragmaIsValid=1_XLX_SEP_ PragmaType=aggregate_XLX_SEP_ PragmaContext=hls_XLX_SEP_ PragmaFunction=pragma_XLX_SEP_ PragmaOptions=variable=this_XLX_SEP_ [-Wdump-hls-pragmas]
#pragma HLS AGGREGATE variable=this
^
/opt/Xilinx/2025.2/Vitis/common/technology/autopilot/hls_vector.h:177:1: warning: HLS pragma dump _XLX_SEP_ PragmaIsValid=1_XLX_SEP_ PragmaType=unroll_XLX_SEP_ PragmaContext=hls_XLX_SEP_ PragmaFunction=vector<_T, _N>_XLX_SEP_ PragmaOptions=_XLX_SEP_ [-Wdump-hls-pragmas]
#pragma HLS UNROLL
^
/opt/Xilinx/2025.2/Vitis/common/technology/autopilot/hls_vector.h:193:1: warning: HLS pragma dump _XLX_SEP_ PragmaIsValid=1_XLX_SEP_ PragmaType=unroll_XLX_SEP_ PragmaContext=hls_XLX_SEP_ PragmaFunction=vector<_T, _N>_XLX_SEP_ PragmaOptions=_XLX_SEP_ [-Wdump-hls-pragmas]
#pragma HLS UNROLL
^
/opt/Xilinx/2025.2/Vitis/common/technology/autopilot/hls_vector.h:207:1: warning: HLS pragma dump _XLX_SEP_ PragmaIsValid=1_XLX_SEP_ PragmaType=unroll_XLX_SEP_ PragmaContext=hls_XLX_SEP_ PragmaFunction=vector<_T, _N>_XLX_SEP_ PragmaOptions=_XLX_SEP_ [-Wdump-hls-pragmas]
#pragma HLS UNROLL
^
/opt/Xilinx/2025.2/Vitis/common/technology/autopilot/hls_vector.h:232:1: warning: HLS pragma dump _XLX_SEP_ PragmaIsValid=1_XLX_SEP_ PragmaType=unroll_XLX_SEP_ PragmaContext=hls_XLX_SEP_ PragmaFunction=operator++_XLX_SEP_ PragmaOptions=_XLX_SEP_ [-Wdump-hls-pragmas]
#pragma HLS UNROLL
^
/opt/Xilinx/2025.2/Vitis/common/technology/autopilot/hls_vector.h:233:1: warning: HLS pragma dump _XLX_SEP_ PragmaIsValid=1_XLX_SEP_ PragmaType=unroll_XLX_SEP_ PragmaContext=hls_XLX_SEP_ PragmaFunction=operator--_XLX_SEP_ PragmaOptions=_XLX_SEP_ [-Wdump-hls-pragmas]
#pragma HLS UNROLL
^
/opt/Xilinx/2025.2/Vitis/common/technology/autopilot/hls_vector.h:261:1: warning: HLS pragma dump _XLX_SEP_ PragmaIsValid=1_XLX_SEP_ PragmaType=unroll_XLX_SEP_ PragmaContext=hls_XLX_SEP_ PragmaFunction=operator+=_XLX_SEP_ PragmaOptions=_XLX_SEP_ [-Wdump-hls-pragmas]
#pragma HLS UNROLL
^
/opt/Xilinx/2025.2/Vitis/common/technology/autopilot/hls_vector.h:262:1: warning: HLS pragma dump _XLX_SEP_ PragmaIsValid=1_XLX_SEP_ PragmaType=unroll_XLX_SEP_ PragmaContext=hls_XLX_SEP_ PragmaFunction=operator-=_XLX_SEP_ PragmaOptions=_XLX_SEP_ [-Wdump-hls-pragmas]
#pragma HLS UNROLL
^
/opt/Xilinx/2025.2/Vitis/common/technology/autopilot/hls_vector.h:263:1: warning: HLS pragma dump _XLX_SEP_ PragmaIsValid=1_XLX_SEP_ PragmaType=unroll_XLX_SEP_ PragmaContext=hls_XLX_SEP_ PragmaFunction=operator*=_XLX_SEP_ PragmaOptions=_XLX_SEP_ [-Wdump-hls-pragmas]
#pragma HLS UNROLL
^
/opt/Xilinx/2025.2/Vitis/common/technology/autopilot/hls_vector.h:264:1: warning: HLS pragma dump _XLX_SEP_ PragmaIsValid=1_XLX_SEP_ PragmaType=unroll_XLX_SEP_ PragmaContext=hls_XLX_SEP_ PragmaFunction=operator/=_XLX_SEP_ PragmaOptions=_XLX_SEP_ [-Wdump-hls-pragmas]
#pragma HLS UNROLL
^
/opt/Xilinx/2025.2/Vitis/common/technology/autopilot/hls_vector.h:265:1: warning: HLS pragma dump _XLX_SEP_ PragmaIsValid=1_XLX_SEP_ PragmaType=unroll_XLX_SEP_ PragmaContext=hls_XLX_SEP_ PragmaFunction=operator%=_XLX_SEP_ PragmaOptions=_XLX_SEP_ [-Wdump-hls-pragmas]
#pragma HLS UNROLL
^
/opt/Xilinx/2025.2/Vitis/common/technology/autopilot/hls_vector.h:266:1: warning: HLS pragma dump _XLX_SEP_ PragmaIsValid=1_XLX_SEP_ PragmaType=unroll_XLX_SEP_ PragmaContext=hls_XLX_SEP_ PragmaFunction=operator&=_XLX_SEP_ PragmaOptions=_XLX_SEP_ [-Wdump-hls-pragmas]
#pragma HLS UNROLL
^
/opt/Xilinx/2025.2/Vitis/common/technology/autopilot/hls_vector.h:267:1: warning: HLS pragma dump _XLX_SEP_ PragmaIsValid=1_XLX_SEP_ PragmaType=unroll_XLX_SEP_ PragmaContext=hls_XLX_SEP_ PragmaFunction=operator|=_XLX_SEP_ PragmaOptions=_XLX_SEP_ [-Wdump-hls-pragmas]
#pragma HLS UNROLL
^
/opt/Xilinx/2025.2/Vitis/common/technology/autopilot/hls_vector.h:268:1: warning: HLS pragma dump _XLX_SEP_ PragmaIsValid=1_XLX_SEP_ PragmaType=unroll_XLX_SEP_ PragmaContext=hls_XLX_SEP_ PragmaFunction=operator^=_XLX_SEP_ PragmaOptions=_XLX_SEP_ [-Wdump-hls-pragmas]
#pragma HLS UNROLL
^
/opt/Xilinx/2025.2/Vitis/common/technology/autopilot/hls_vector.h:269:1: warning: HLS pragma dump _XLX_SEP_ PragmaIsValid=1_XLX_SEP_ PragmaType=unroll_XLX_SEP_ PragmaContext=hls_XLX_SEP_ PragmaFunction=operator<<=_XLX_SEP_ PragmaOptions=_XLX_SEP_ [-Wdump-hls-pragmas]
#pragma HLS UNROLL
^
/opt/Xilinx/2025.2/Vitis/common/technology/autopilot/hls_vector.h:270:1: warning: HLS pragma dump _XLX_SEP_ PragmaIsValid=1_XLX_SEP_ PragmaType=unroll_XLX_SEP_ PragmaContext=hls_XLX_SEP_ PragmaFunction=operator>>=_XLX_SEP_ PragmaOptions=_XLX_SEP_ [-Wdump-hls-pragmas]
#pragma HLS UNROLL
^
/opt/Xilinx/2025.2/Vitis/common/technology/autopilot/hls_vector.h:285:1: warning: HLS pragma dump _XLX_SEP_ PragmaIsValid=1_XLX_SEP_ PragmaType=unroll_XLX_SEP_ PragmaContext=hls_XLX_SEP_ PragmaFunction=reduce_add_XLX_SEP_ PragmaOptions=_XLX_SEP_ [-Wdump-hls-pragmas]
#pragma HLS UNROLL
^
/opt/Xilinx/2025.2/Vitis/common/technology/autopilot/hls_vector.h:286:1: warning: HLS pragma dump _XLX_SEP_ PragmaIsValid=1_XLX_SEP_ PragmaType=unroll_XLX_SEP_ PragmaContext=hls_XLX_SEP_ PragmaFunction=reduce_mult_XLX_SEP_ PragmaOptions=_XLX_SEP_ [-Wdump-hls-pragmas]
#pragma HLS UNROLL
^
/opt/Xilinx/2025.2/Vitis/common/technology/autopilot/hls_vector.h:287:1: warning: HLS pragma dump _XLX_SEP_ PragmaIsValid=1_XLX_SEP_ PragmaType=unroll_XLX_SEP_ PragmaContext=hls_XLX_SEP_ PragmaFunction=reduce_and_XLX_SEP_ PragmaOptions=_XLX_SEP_ [-Wdump-hls-pragmas]
#pragma HLS UNROLL
^
/opt/Xilinx/2025.2/Vitis/common/technology/autopilot/hls_vector.h:288:1: warning: HLS pragma dump _XLX_SEP_ PragmaIsValid=1_XLX_SEP_ PragmaType=unroll_XLX_SEP_ PragmaContext=hls_XLX_SEP_ PragmaFunction=reduce_or_XLX_SEP_ PragmaOptions=_XLX_SEP_ [-Wdump-hls-pragmas]
#pragma HLS UNROLL
^
/opt/Xilinx/2025.2/Vitis/common/technology/autopilot/hls_vector.h:289:1: warning: HLS pragma dump _XLX_SEP_ PragmaIsValid=1_XLX_SEP_ PragmaType=unroll_XLX_SEP_ PragmaContext=hls_XLX_SEP_ PragmaFunction=reduce_xor_XLX_SEP_ PragmaOptions=_XLX_SEP_ [-Wdump-hls-pragmas]
#pragma HLS UNROLL
^
/opt/Xilinx/2025.2/Vitis/common/technology/autopilot/hls_vector.h:320:1: warning: HLS pragma dump _XLX_SEP_ PragmaIsValid=1_XLX_SEP_ PragmaType=unroll_XLX_SEP_ PragmaContext=hls_XLX_SEP_ PragmaFunction=operator<_XLX_SEP_ PragmaOptions=_XLX_SEP_ [-Wdump-hls-pragmas]
#pragma HLS UNROLL
^
/opt/Xilinx/2025.2/Vitis/common/technology/autopilot/hls_vector.h:321:1: warning: HLS pragma dump _XLX_SEP_ PragmaIsValid=1_XLX_SEP_ PragmaType=unroll_XLX_SEP_ PragmaContext=hls_XLX_SEP_ PragmaFunction=operator<=_XLX_SEP_ PragmaOptions=_XLX_SEP_ [-Wdump-hls-pragmas]
#pragma HLS UNROLL
^
/opt/Xilinx/2025.2/Vitis/common/technology/autopilot/hls_vector.h:322:1: warning: HLS pragma dump _XLX_SEP_ PragmaIsValid=1_XLX_SEP_ PragmaType=unroll_XLX_SEP_ PragmaContext=hls_XLX_SEP_ PragmaFunction=operator==_XLX_SEP_ PragmaOptions=_XLX_SEP_ [-Wdump-hls-pragmas]
#pragma HLS UNROLL
^
/opt/Xilinx/2025.2/Vitis/common/technology/autopilot/hls_vector.h:323:1: warning: HLS pragma dump _XLX_SEP_ PragmaIsValid=1_XLX_SEP_ PragmaType=unroll_XLX_SEP_ PragmaContext=hls_XLX_SEP_ PragmaFunction=operator!=_XLX_SEP_ PragmaOptions=_XLX_SEP_ [-Wdump-hls-pragmas]
#pragma HLS UNROLL
^
/opt/Xilinx/2025.2/Vitis/common/technology/autopilot/hls_vector.h:324:1: warning: HLS pragma dump _XLX_SEP_ PragmaIsValid=1_XLX_SEP_ PragmaType=unroll_XLX_SEP_ PragmaContext=hls_XLX_SEP_ PragmaFunction=operator>=_XLX_SEP_ PragmaOptions=_XLX_SEP_ [-Wdump-hls-pragmas]
#pragma HLS UNROLL
^
/opt/Xilinx/2025.2/Vitis/common/technology/autopilot/hls_vector.h:325:1: warning: HLS pragma dump _XLX_SEP_ PragmaIsValid=1_XLX_SEP_ PragmaType=unroll_XLX_SEP_ PragmaContext=hls_XLX_SEP_ PragmaFunction=operator>_XLX_SEP_ PragmaOptions=_XLX_SEP_ [-Wdump-hls-pragmas]
#pragma HLS UNROLL
^
/home/nat/dev/trinners/mai_proj/hls/thesis-gcn-accelerator/src/integrated-gcn/integrated_gcn.cpp:40:1: warning: HLS pragma dump _XLX_SEP_ PragmaIsValid=1_XLX_SEP_ PragmaType=pipeline_XLX_SEP_ PragmaContext=hls_XLX_SEP_ PragmaFunction=gemm_read_X_XLX_SEP_ PragmaOptions=II=1_XLX_SEP_ [-Wdump-hls-pragmas]
#pragma HLS PIPELINE II=1
^
/home/nat/dev/trinners/mai_proj/hls/thesis-gcn-accelerator/src/integrated-gcn/integrated_gcn.cpp:60:1: warning: HLS pragma dump _XLX_SEP_ PragmaIsValid=1_XLX_SEP_ PragmaType=pipeline_XLX_SEP_ PragmaContext=hls_XLX_SEP_ PragmaFunction=gemm_read_W_XLX_SEP_ PragmaOptions=II=1_XLX_SEP_ [-Wdump-hls-pragmas]
#pragma HLS PIPELINE II=1
^
/home/nat/dev/trinners/mai_proj/hls/thesis-gcn-accelerator/src/integrated-gcn/integrated_gcn.cpp:85:1: warning: HLS pragma dump _XLX_SEP_ PragmaIsValid=1_XLX_SEP_ PragmaType=array_partition_XLX_SEP_ PragmaContext=hls_XLX_SEP_ PragmaFunction=gemm_compute_XLX_SEP_ PragmaOptions=dim=2 type=complete variable=XW_block_XLX_SEP_ [-Wdump-hls-pragmas]
#pragma HLS ARRAY_PARTITION dim=2 type=complete variable=XW_block
^
/home/nat/dev/trinners/mai_proj/hls/thesis-gcn-accelerator/src/integrated-gcn/integrated_gcn.cpp:86:1: warning: HLS pragma dump _XLX_SEP_ PragmaIsValid=1_XLX_SEP_ PragmaType=array_partition_XLX_SEP_ PragmaContext=hls_XLX_SEP_ PragmaFunction=gemm_compute_XLX_SEP_ PragmaOptions=dim=1 type=cyclic factor=4 variable=XW_block_XLX_SEP_ [-Wdump-hls-pragmas]
#pragma HLS ARRAY_PARTITION dim=1 type=cyclic factor=4 variable=XW_block
^
/home/nat/dev/trinners/mai_proj/hls/thesis-gcn-accelerator/src/integrated-gcn/integrated_gcn.cpp:87:1: warning: HLS pragma dump _XLX_SEP_ PragmaIsValid=1_XLX_SEP_ PragmaType=array_partition_XLX_SEP_ PragmaContext=hls_XLX_SEP_ PragmaFunction=gemm_compute_XLX_SEP_ PragmaOptions=dim=1 type=complete variable=W_line_XLX_SEP_ [-Wdump-hls-pragmas]
#pragma HLS ARRAY_PARTITION dim=1 type=complete variable=W_line
^
/home/nat/dev/trinners/mai_proj/hls/thesis-gcn-accelerator/src/integrated-gcn/integrated_gcn.cpp:88:1: warning: HLS pragma dump _XLX_SEP_ PragmaIsValid=1_XLX_SEP_ PragmaType=array_partition_XLX_SEP_ PragmaContext=hls_XLX_SEP_ PragmaFunction=gemm_compute_XLX_SEP_ PragmaOptions=dim=1 type=complete variable=X_line_XLX_SEP_ [-Wdump-hls-pragmas]
#pragma HLS ARRAY_PARTITION dim=1 type=complete variable=X_line
^
/home/nat/dev/trinners/mai_proj/hls/thesis-gcn-accelerator/src/integrated-gcn/integrated_gcn.cpp:97:1: warning: HLS pragma dump _XLX_SEP_ PragmaIsValid=1_XLX_SEP_ PragmaType=pipeline_XLX_SEP_ PragmaContext=hls_XLX_SEP_ PragmaFunction=gemm_compute_XLX_SEP_ PragmaOptions=II=1_XLX_SEP_ [-Wdump-hls-pragmas]
#pragma HLS PIPELINE II=1
^
/home/nat/dev/trinners/mai_proj/hls/thesis-gcn-accelerator/src/integrated-gcn/integrated_gcn.cpp:99:1: warning: HLS pragma dump _XLX_SEP_ PragmaIsValid=1_XLX_SEP_ PragmaType=unroll_XLX_SEP_ PragmaContext=hls_XLX_SEP_ PragmaFunction=gemm_compute_XLX_SEP_ PragmaOptions=_XLX_SEP_ [-Wdump-hls-pragmas]
#pragma HLS UNROLL
^
/home/nat/dev/trinners/mai_proj/hls/thesis-gcn-accelerator/src/integrated-gcn/integrated_gcn.cpp:116:1: warning: HLS pragma dump _XLX_SEP_ PragmaIsValid=1_XLX_SEP_ PragmaType=pipeline_XLX_SEP_ PragmaContext=hls_XLX_SEP_ PragmaFunction=gemm_compute_XLX_SEP_ PragmaOptions=II=1_XLX_SEP_ [-Wdump-hls-pragmas]
#pragma HLS PIPELINE II=1
^
/home/nat/dev/trinners/mai_proj/hls/thesis-gcn-accelerator/src/integrated-gcn/integrated_gcn.cpp:120:1: warning: HLS pragma dump _XLX_SEP_ PragmaIsValid=1_XLX_SEP_ PragmaType=unroll_XLX_SEP_ PragmaContext=hls_XLX_SEP_ PragmaFunction=gemm_compute_XLX_SEP_ PragmaOptions=_XLX_SEP_ [-Wdump-hls-pragmas]
#pragma HLS UNROLL
^
/home/nat/dev/trinners/mai_proj/hls/thesis-gcn-accelerator/src/integrated-gcn/integrated_gcn.cpp:129:1: warning: HLS pragma dump _XLX_SEP_ PragmaIsValid=1_XLX_SEP_ PragmaType=pipeline_XLX_SEP_ PragmaContext=hls_XLX_SEP_ PragmaFunction=gemm_compute_XLX_SEP_ PragmaOptions=II=1_XLX_SEP_ [-Wdump-hls-pragmas]
#pragma HLS PIPELINE II=1
^
/home/nat/dev/trinners/mai_proj/hls/thesis-gcn-accelerator/src/integrated-gcn/integrated_gcn.cpp:131:1: warning: HLS pragma dump _XLX_SEP_ PragmaIsValid=1_XLX_SEP_ PragmaType=unroll_XLX_SEP_ PragmaContext=hls_XLX_SEP_ PragmaFunction=gemm_compute_XLX_SEP_ PragmaOptions=_XLX_SEP_ [-Wdump-hls-pragmas]
#pragma HLS UNROLL
^
/home/nat/dev/trinners/mai_proj/hls/thesis-gcn-accelerator/src/integrated-gcn/integrated_gcn.cpp:135:1: warning: HLS pragma dump _XLX_SEP_ PragmaIsValid=1_XLX_SEP_ PragmaType=unroll_XLX_SEP_ PragmaContext=hls_XLX_SEP_ PragmaFunction=gemm_compute_XLX_SEP_ PragmaOptions=_XLX_SEP_ [-Wdump-hls-pragmas]
#pragma HLS UNROLL
^
/home/nat/dev/trinners/mai_proj/hls/thesis-gcn-accelerator/src/integrated-gcn/integrated_gcn.cpp:147:1: warning: HLS pragma dump _XLX_SEP_ PragmaIsValid=1_XLX_SEP_ PragmaType=pipeline_XLX_SEP_ PragmaContext=hls_XLX_SEP_ PragmaFunction=gemm_compute_XLX_SEP_ PragmaOptions=II=1_XLX_SEP_ [-Wdump-hls-pragmas]
#pragma HLS PIPELINE II=1
^
/home/nat/dev/trinners/mai_proj/hls/thesis-gcn-accelerator/src/integrated-gcn/integrated_gcn.cpp:150:1: warning: HLS pragma dump _XLX_SEP_ PragmaIsValid=1_XLX_SEP_ PragmaType=unroll_XLX_SEP_ PragmaContext=hls_XLX_SEP_ PragmaFunction=gemm_compute_XLX_SEP_ PragmaOptions=_XLX_SEP_ [-Wdump-hls-pragmas]
#pragma HLS UNROLL
^
/home/nat/dev/trinners/mai_proj/hls/thesis-gcn-accelerator/src/integrated-gcn/integrated_gcn.cpp:169:1: warning: HLS pragma dump _XLX_SEP_ PragmaIsValid=1_XLX_SEP_ PragmaType=pipeline_XLX_SEP_ PragmaContext=hls_XLX_SEP_ PragmaFunction=gemm_write_XLX_SEP_ PragmaOptions=II=1_XLX_SEP_ [-Wdump-hls-pragmas]
#pragma HLS PIPELINE II=1
^
/home/nat/dev/trinners/mai_proj/hls/thesis-gcn-accelerator/src/integrated-gcn/integrated_gcn.cpp:186:1: warning: HLS pragma dump _XLX_SEP_ PragmaIsValid=1_XLX_SEP_ PragmaType=dataflow_XLX_SEP_ PragmaContext=hls_XLX_SEP_ PragmaFunction=gemm_stage_XLX_SEP_ PragmaOptions=_XLX_SEP_ [-Wdump-hls-pragmas]
#pragma HLS DATAFLOW
^
/home/nat/dev/trinners/mai_proj/hls/thesis-gcn-accelerator/src/integrated-gcn/integrated_gcn.cpp:190:1: warning: HLS pragma dump _XLX_SEP_ PragmaIsValid=1_XLX_SEP_ PragmaType=stream_XLX_SEP_ PragmaContext=hls_XLX_SEP_ PragmaFunction=gemm_stage_XLX_SEP_ PragmaOptions=variable=X_stream depth=16_XLX_SEP_ [-Wdump-hls-pragmas]
#pragma HLS STREAM variable=X_stream depth=16
^
/home/nat/dev/trinners/mai_proj/hls/thesis-gcn-accelerator/src/integrated-gcn/integrated_gcn.cpp:191:1: warning: HLS pragma dump _XLX_SEP_ PragmaIsValid=1_XLX_SEP_ PragmaType=stream_XLX_SEP_ PragmaContext=hls_XLX_SEP_ PragmaFunction=gemm_stage_XLX_SEP_ PragmaOptions=variable=W_stream depth=16_XLX_SEP_ [-Wdump-hls-pragmas]
#pragma HLS STREAM variable=W_stream depth=16
^
/home/nat/dev/trinners/mai_proj/hls/thesis-gcn-accelerator/src/integrated-gcn/integrated_gcn.cpp:192:1: warning: HLS pragma dump _XLX_SEP_ PragmaIsValid=1_XLX_SEP_ PragmaType=stream_XLX_SEP_ PragmaContext=hls_XLX_SEP_ PragmaFunction=gemm_stage_XLX_SEP_ PragmaOptions=variable=XW_stream depth=16_XLX_SEP_ [-Wdump-hls-pragmas]
#pragma HLS STREAM variable=XW_stream depth=16
^
/home/nat/dev/trinners/mai_proj/hls/thesis-gcn-accelerator/src/integrated-gcn/integrated_gcn.cpp:211:1: warning: HLS pragma dump _XLX_SEP_ PragmaIsValid=1_XLX_SEP_ PragmaType=pipeline_XLX_SEP_ PragmaContext=hls_XLX_SEP_ PragmaFunction=spmm_load_csr_XLX_SEP_ PragmaOptions=II=1_XLX_SEP_ [-Wdump-hls-pragmas]
#pragma HLS PIPELINE II=1
^
/home/nat/dev/trinners/mai_proj/hls/thesis-gcn-accelerator/src/integrated-gcn/integrated_gcn.cpp:217:1: warning: HLS pragma dump _XLX_SEP_ PragmaIsValid=1_XLX_SEP_ PragmaType=pipeline_XLX_SEP_ PragmaContext=hls_XLX_SEP_ PragmaFunction=spmm_load_csr_XLX_SEP_ PragmaOptions=II=1_XLX_SEP_ [-Wdump-hls-pragmas]
#pragma HLS PIPELINE II=1
^
/home/nat/dev/trinners/mai_proj/hls/thesis-gcn-accelerator/src/integrated-gcn/integrated_gcn.cpp:232:1: warning: HLS pragma dump _XLX_SEP_ PragmaIsValid=1_XLX_SEP_ PragmaType=array_partition_XLX_SEP_ PragmaContext=hls_XLX_SEP_ PragmaFunction=spmm_compute_XLX_SEP_ PragmaOptions=variable=acc cyclic factor=32_XLX_SEP_ [-Wdump-hls-pragmas]
#pragma HLS ARRAY_PARTITION variable=acc cyclic factor=32
^
/home/nat/dev/trinners/mai_proj/hls/thesis-gcn-accelerator/src/integrated-gcn/integrated_gcn.cpp:233:1: warning: HLS pragma dump _XLX_SEP_ PragmaIsValid=1_XLX_SEP_ PragmaType=array_partition_XLX_SEP_ PragmaContext=hls_XLX_SEP_ PragmaFunction=spmm_compute_XLX_SEP_ PragmaOptions=variable=h_buf cyclic factor=32_XLX_SEP_ [-Wdump-hls-pragmas]
#pragma HLS ARRAY_PARTITION variable=h_buf cyclic factor=32
^
/home/nat/dev/trinners/mai_proj/hls/thesis-gcn-accelerator/src/integrated-gcn/integrated_gcn.cpp:242:1: warning: HLS pragma dump _XLX_SEP_ PragmaIsValid=1_XLX_SEP_ PragmaType=pipeline_XLX_SEP_ PragmaContext=hls_XLX_SEP_ PragmaFunction=spmm_compute_XLX_SEP_ PragmaOptions=II=1_XLX_SEP_ [-Wdump-hls-pragmas]
#pragma HLS PIPELINE II=1
^
/home/nat/dev/trinners/mai_proj/hls/thesis-gcn-accelerator/src/integrated-gcn/integrated_gcn.cpp:243:1: warning: HLS pragma dump _XLX_SEP_ PragmaIsValid=1_XLX_SEP_ PragmaType=unroll_XLX_SEP_ PragmaContext=hls_XLX_SEP_ PragmaFunction=spmm_compute_XLX_SEP_ PragmaOptions=factor=32_XLX_SEP_ [-Wdump-hls-pragmas]
#pragma HLS UNROLL factor=32
^
/home/nat/dev/trinners/mai_proj/hls/thesis-gcn-accelerator/src/integrated-gcn/integrated_gcn.cpp:249:1: warning: HLS pragma dump _XLX_SEP_ PragmaIsValid=1_XLX_SEP_ PragmaType=loop_tripcount_XLX_SEP_ PragmaContext=hls_XLX_SEP_ PragmaFunction=spmm_compute_XLX_SEP_ PragmaOptions=min=1 max=168 avg=4_XLX_SEP_ [-Wdump-hls-pragmas]
#pragma HLS LOOP_TRIPCOUNT min=1 max=168 avg=4
^
/home/nat/dev/trinners/mai_proj/hls/thesis-gcn-accelerator/src/integrated-gcn/integrated_gcn.cpp:256:1: warning: HLS pragma dump _XLX_SEP_ PragmaIsValid=1_XLX_SEP_ PragmaType=pipeline_XLX_SEP_ PragmaContext=hls_XLX_SEP_ PragmaFunction=spmm_compute_XLX_SEP_ PragmaOptions=II=1_XLX_SEP_ [-Wdump-hls-pragmas]
#pragma HLS PIPELINE II=1
^
/home/nat/dev/trinners/mai_proj/hls/thesis-gcn-accelerator/src/integrated-gcn/integrated_gcn.cpp:259:1: warning: HLS pragma dump _XLX_SEP_ PragmaIsValid=1_XLX_SEP_ PragmaType=unroll_XLX_SEP_ PragmaContext=hls_XLX_SEP_ PragmaFunction=spmm_compute_XLX_SEP_ PragmaOptions=_XLX_SEP_ [-Wdump-hls-pragmas]
#pragma HLS UNROLL
^
/home/nat/dev/trinners/mai_proj/hls/thesis-gcn-accelerator/src/integrated-gcn/integrated_gcn.cpp:266:1: warning: HLS pragma dump _XLX_SEP_ PragmaIsValid=1_XLX_SEP_ PragmaType=pipeline_XLX_SEP_ PragmaContext=hls_XLX_SEP_ PragmaFunction=spmm_compute_XLX_SEP_ PragmaOptions=II=1_XLX_SEP_ [-Wdump-hls-pragmas]
#pragma HLS PIPELINE II=1
^
/home/nat/dev/trinners/mai_proj/hls/thesis-gcn-accelerator/src/integrated-gcn/integrated_gcn.cpp:267:1: warning: HLS pragma dump _XLX_SEP_ PragmaIsValid=1_XLX_SEP_ PragmaType=unroll_XLX_SEP_ PragmaContext=hls_XLX_SEP_ PragmaFunction=spmm_compute_XLX_SEP_ PragmaOptions=factor=32_XLX_SEP_ [-Wdump-hls-pragmas]
#pragma HLS UNROLL factor=32
^
/home/nat/dev/trinners/mai_proj/hls/thesis-gcn-accelerator/src/integrated-gcn/integrated_gcn.cpp:275:1: warning: HLS pragma dump _XLX_SEP_ PragmaIsValid=1_XLX_SEP_ PragmaType=pipeline_XLX_SEP_ PragmaContext=hls_XLX_SEP_ PragmaFunction=spmm_compute_XLX_SEP_ PragmaOptions=II=1_XLX_SEP_ [-Wdump-hls-pragmas]
#pragma HLS PIPELINE II=1
^
/home/nat/dev/trinners/mai_proj/hls/thesis-gcn-accelerator/src/integrated-gcn/integrated_gcn.cpp:292:1: warning: HLS pragma dump _XLX_SEP_ PragmaIsValid=1_XLX_SEP_ PragmaType=pipeline_XLX_SEP_ PragmaContext=hls_XLX_SEP_ PragmaFunction=spmm_store_XLX_SEP_ PragmaOptions=II=1_XLX_SEP_ [-Wdump-hls-pragmas]
#pragma HLS PIPELINE II=1
^
/home/nat/dev/trinners/mai_proj/hls/thesis-gcn-accelerator/src/integrated-gcn/integrated_gcn.cpp:311:1: warning: HLS pragma dump _XLX_SEP_ PragmaIsValid=1_XLX_SEP_ PragmaType=dataflow_XLX_SEP_ PragmaContext=hls_XLX_SEP_ PragmaFunction=spmm_stage_XLX_SEP_ PragmaOptions=_XLX_SEP_ [-Wdump-hls-pragmas]
#pragma HLS DATAFLOW
^
/home/nat/dev/trinners/mai_proj/hls/thesis-gcn-accelerator/src/integrated-gcn/integrated_gcn.cpp:318:1: warning: HLS pragma dump _XLX_SEP_ PragmaIsValid=1_XLX_SEP_ PragmaType=stream_XLX_SEP_ PragmaContext=hls_XLX_SEP_ PragmaFunction=spmm_stage_XLX_SEP_ PragmaOptions=variable=row_fifo depth=16_XLX_SEP_ [-Wdump-hls-pragmas]
#pragma HLS STREAM variable=row_fifo depth=16
^
/home/nat/dev/trinners/mai_proj/hls/thesis-gcn-accelerator/src/integrated-gcn/integrated_gcn.cpp:319:1: warning: HLS pragma dump _XLX_SEP_ PragmaIsValid=1_XLX_SEP_ PragmaType=stream_XLX_SEP_ PragmaContext=hls_XLX_SEP_ PragmaFunction=spmm_stage_XLX_SEP_ PragmaOptions=variable=col_fifo depth=256_XLX_SEP_ [-Wdump-hls-pragmas]
#pragma HLS STREAM variable=col_fifo depth=256
^
/home/nat/dev/trinners/mai_proj/hls/thesis-gcn-accelerator/src/integrated-gcn/integrated_gcn.cpp:320:1: warning: HLS pragma dump _XLX_SEP_ PragmaIsValid=1_XLX_SEP_ PragmaType=stream_XLX_SEP_ PragmaContext=hls_XLX_SEP_ PragmaFunction=spmm_stage_XLX_SEP_ PragmaOptions=variable=val_fifo depth=256_XLX_SEP_ [-Wdump-hls-pragmas]
#pragma HLS STREAM variable=val_fifo depth=256
^
/home/nat/dev/trinners/mai_proj/hls/thesis-gcn-accelerator/src/integrated-gcn/integrated_gcn.cpp:321:1: warning: HLS pragma dump _XLX_SEP_ PragmaIsValid=1_XLX_SEP_ PragmaType=stream_XLX_SEP_ PragmaContext=hls_XLX_SEP_ PragmaFunction=spmm_stage_XLX_SEP_ PragmaOptions=variable=result_fifo depth=32_XLX_SEP_ [-Wdump-hls-pragmas]
#pragma HLS STREAM variable=result_fifo depth=32
^
/home/nat/dev/trinners/mai_proj/hls/thesis-gcn-accelerator/src/integrated-gcn/integrated_gcn.cpp:345:1: warning: HLS pragma dump _XLX_SEP_ PragmaIsValid=1_XLX_SEP_ PragmaType=aggregate_XLX_SEP_ PragmaContext=hls_XLX_SEP_ PragmaFunction=integrated_gcn_XLX_SEP_ PragmaOptions=variable = X_XLX_SEP_ [-Wdump-hls-pragmas]
#pragma HLS aggregate variable = X
^
/home/nat/dev/trinners/mai_proj/hls/thesis-gcn-accelerator/src/integrated-gcn/integrated_gcn.cpp:347:1: warning: HLS pragma dump _XLX_SEP_ PragmaIsValid=1_XLX_SEP_ PragmaType=aggregate_XLX_SEP_ PragmaContext=hls_XLX_SEP_ PragmaFunction=integrated_gcn_XLX_SEP_ PragmaOptions=variable = W_XLX_SEP_ [-Wdump-hls-pragmas]
#pragma HLS aggregate variable = W
^
/home/nat/dev/trinners/mai_proj/hls/thesis-gcn-accelerator/src/integrated-gcn/integrated_gcn.cpp:349:1: warning: HLS pragma dump _XLX_SEP_ PragmaIsValid=1_XLX_SEP_ PragmaType=aggregate_XLX_SEP_ PragmaContext=hls_XLX_SEP_ PragmaFunction=integrated_gcn_XLX_SEP_ PragmaOptions=variable = H_temp_XLX_SEP_ [-Wdump-hls-pragmas]
#pragma HLS aggregate variable = H_temp
^
/home/nat/dev/trinners/mai_proj/hls/thesis-gcn-accelerator/src/integrated-gcn/integrated_gcn.cpp:351:1: warning: HLS pragma dump _XLX_SEP_ PragmaIsValid=1_XLX_SEP_ PragmaType=aggregate_XLX_SEP_ PragmaContext=hls_XLX_SEP_ PragmaFunction=integrated_gcn_XLX_SEP_ PragmaOptions=variable = H_out_XLX_SEP_ [-Wdump-hls-pragmas]
#pragma HLS aggregate variable = H_out
^
directive:1:1: warning: HLS pragma dump _XLX_SEP_ PragmaIsValid=1_XLX_SEP_ PragmaType=top_XLX_SEP_ PragmaContext=directive_XLX_SEP_ PragmaFunction=integrated_gcn_XLX_SEP_ PragmaOptions=name=integrated_gcn_XLX_SEP_ [-Wdump-hls-pragmas]
#pragma HLSDIRECTIVE TOP name=integrated_gcn
^
/home/nat/dev/trinners/mai_proj/hls/thesis-gcn-accelerator/src/integrated-gcn/integrated_gcn.cpp:345:1: warning: HLS pragma dump _XLX_SEP_ PragmaIsValid=1_XLX_SEP_ PragmaType=interface_XLX_SEP_ PragmaContext=hls_XLX_SEP_ PragmaFunction=integrated_gcn_XLX_SEP_ PragmaOptions=mode=m_axi bundle=gmem0 port=X_XLX_SEP_ [-Wdump-hls-pragmas]
#pragma HLS INTERFACE mode=m_axi bundle=gmem0 port=X
^
/home/nat/dev/trinners/mai_proj/hls/thesis-gcn-accelerator/src/integrated-gcn/integrated_gcn.cpp:346:1: warning: HLS pragma dump _XLX_SEP_ PragmaIsValid=1_XLX_SEP_ PragmaType=interface_XLX_SEP_ PragmaContext=hls_XLX_SEP_ PragmaFunction=integrated_gcn_XLX_SEP_ PragmaOptions=mode=m_axi bundle=gmem1 port=W_XLX_SEP_ [-Wdump-hls-pragmas]
#pragma HLS INTERFACE mode=m_axi bundle=gmem1 port=W
^
/home/nat/dev/trinners/mai_proj/hls/thesis-gcn-accelerator/src/integrated-gcn/integrated_gcn.cpp:347:1: warning: HLS pragma dump _XLX_SEP_ PragmaIsValid=1_XLX_SEP_ PragmaType=interface_XLX_SEP_ PragmaContext=hls_XLX_SEP_ PragmaFunction=integrated_gcn_XLX_SEP_ PragmaOptions=mode=m_axi bundle=gmem2 port=H_temp_XLX_SEP_ [-Wdump-hls-pragmas]
#pragma HLS INTERFACE mode=m_axi bundle=gmem2 port=H_temp
^
/home/nat/dev/trinners/mai_proj/hls/thesis-gcn-accelerator/src/integrated-gcn/integrated_gcn.cpp:348:1: warning: HLS pragma dump _XLX_SEP_ PragmaIsValid=1_XLX_SEP_ PragmaType=interface_XLX_SEP_ PragmaContext=hls_XLX_SEP_ PragmaFunction=integrated_gcn_XLX_SEP_ PragmaOptions=mode=m_axi bundle=gmem3 port=row_length_XLX_SEP_ [-Wdump-hls-pragmas]
#pragma HLS INTERFACE mode=m_axi bundle=gmem3 port=row_length
^
/home/nat/dev/trinners/mai_proj/hls/thesis-gcn-accelerator/src/integrated-gcn/integrated_gcn.cpp:349:1: warning: HLS pragma dump _XLX_SEP_ PragmaIsValid=1_XLX_SEP_ PragmaType=interface_XLX_SEP_ PragmaContext=hls_XLX_SEP_ PragmaFunction=integrated_gcn_XLX_SEP_ PragmaOptions=mode=m_axi bundle=gmem4 port=colind_XLX_SEP_ [-Wdump-hls-pragmas]
#pragma HLS INTERFACE mode=m_axi bundle=gmem4 port=colind
^
/home/nat/dev/trinners/mai_proj/hls/thesis-gcn-accelerator/src/integrated-gcn/integrated_gcn.cpp:350:1: warning: HLS pragma dump _XLX_SEP_ PragmaIsValid=1_XLX_SEP_ PragmaType=interface_XLX_SEP_ PragmaContext=hls_XLX_SEP_ PragmaFunction=integrated_gcn_XLX_SEP_ PragmaOptions=mode=m_axi bundle=gmem5 port=values_XLX_SEP_ [-Wdump-hls-pragmas]
#pragma HLS INTERFACE mode=m_axi bundle=gmem5 port=values
^
/home/nat/dev/trinners/mai_proj/hls/thesis-gcn-accelerator/src/integrated-gcn/integrated_gcn.cpp:351:1: warning: HLS pragma dump _XLX_SEP_ PragmaIsValid=1_XLX_SEP_ PragmaType=interface_XLX_SEP_ PragmaContext=hls_XLX_SEP_ PragmaFunction=integrated_gcn_XLX_SEP_ PragmaOptions=mode=m_axi bundle=gmem6 port=H_out_XLX_SEP_ [-Wdump-hls-pragmas]
#pragma HLS INTERFACE mode=m_axi bundle=gmem6 port=H_out
^
77 warnings generated.
