

================================================================
== Vitis HLS Report for 'spmm_compute'
================================================================
* Date:           Thu Apr 16 11:31:53 2026

* Version:        2025.2 (Build 6295257 on Nov 14 2025)
* Project:        integrated_gcn
* Solution:       hls (Vivado IP Flow Target)
* Product family: zynquplus
* Target device:  xck26-sfvc784-2LV-c


================================================================
== Performance Estimates
================================================================
+ Timing: 
    * Summary: 
    +--------+----------+----------+------------+
    |  Clock |  Target  | Estimated| Uncertainty|
    +--------+----------+----------+------------+
    |ap_clk  |  10.00 ns|  7.300 ns|     2.70 ns|
    +--------+----------+----------+------------+

+ Latency: 
    * Summary: 
    +---------+----------+----------+-----------+--------+----------+---------+
    |  Latency (cycles)  |  Latency (absolute)  |      Interval     | Pipeline|
    |   min   |    max   |    min   |    max    |   min  |    max   |   Type  |
    +---------+----------+----------+-----------+--------+----------+---------+
    |   259969|  10209161|  2.600 ms|  0.102 sec|  259969|  10209161|       no|
    +---------+----------+----------+-----------+--------+----------+---------+

    + Detail: 
        * Instance: 
        N/A

        * Loop: 
        +-------------+---------+----------+-----------+-----------+-----------+---------+----------+
        |             |  Latency (cycles)  | Iteration |  Initiation Interval  |   Trip  |          |
        |  Loop Name  |   min   |    max   |  Latency  |  achieved |   target  |  Count  | Pipelined|
        +-------------+---------+----------+-----------+-----------+-----------+---------+----------+
        |- SPMM_ROW   |   259968|  10209160|  96 ~ 3770|          -|          -|     2708|        no|
        | + SPMM_NNZ  |       22|      3696|         22|          -|          -|  1 ~ 168|        no|
        +-------------+---------+----------+-----------+-----------+-----------+---------+----------+

============================================================
+ Verbose Summary: Synthesis Manager
============================================================
InlineROM: 1
ExposeGlobal: 0
============================================================
+ Verbose Summary: CDFG Model
============================================================
IsTopModel: 0
ResetActiveHigh: 1
IsCombinational: 2
IsDatapathOnly: 0
HasWiredReturn: 1
HasMFsm: 0
HasVarLatency: 1
IsPipeline: 0
IsRtlPipelined: 0
IsInstanceOverlapped: 0
IsDontTouch: 0
HasImplIP: 0
IsGatedGlobalClock: 0


============================================================
+ Verbose Summary: Schedule
============================================================
* Number of FSM states : 17
* Pipeline : 0
* Dataflow Pipeline: 0

* FSM state transitions: 
1 --> 2 
2 --> 3 
3 --> 4 
4 --> 5 17 
5 --> 6 
6 --> 7 
7 --> 8 
8 --> 9 
9 --> 10 
10 --> 11 
11 --> 12 
12 --> 13 
13 --> 14 
14 --> 15 
15 --> 16 
16 --> 4 
17 --> 2 

* FSM state operations: 

State 1 <SV = 0> <Delay = 0.42>
ST_1 : Operation 18 [1/1] (0.00ns)   --->   "%i = alloca i32 1" [src/integrated-gcn/integrated_gcn.cpp:236]   --->   Operation 18 'alloca' 'i' <Predicate = true> <Delay = 0.00>
ST_1 : Operation 19 [1/1] (0.00ns)   --->   "%specstablecontent_ln0 = specstablecontent void @_ssdm_op_SpecStableContent, i64 %H_temp, i1 1, void @p_str"   --->   Operation 19 'specstablecontent' 'specstablecontent_ln0' <Predicate = true> <Delay = 0.00>
ST_1 : Operation 20 [1/1] (0.00ns)   --->   "%specstablecontent_ln0 = specstablecontent void @_ssdm_op_SpecStableContent, i512 %gmem2, i1 1, void @p_str"   --->   Operation 20 'specstablecontent' 'specstablecontent_ln0' <Predicate = true> <Delay = 0.00>
ST_1 : Operation 21 [1/1] (0.00ns)   --->   "%specinterface_ln0 = specinterface void @_ssdm_op_SpecInterface, i16 %result_fifo, void @empty_8, i32 0, i32 0, void @empty_23, i32 0, i32 0, void @empty_23, void @empty_23, void @empty_23, i32 0, i32 0, i32 0, i32 0, void @empty_23, void @empty_23, i32 4294967295, i32 0, i32 0, i32 0"   --->   Operation 21 'specinterface' 'specinterface_ln0' <Predicate = true> <Delay = 0.00>
ST_1 : Operation 22 [1/1] (0.00ns)   --->   "%specinterface_ln0 = specinterface void @_ssdm_op_SpecInterface, i16 %val_fifo, void @empty_8, i32 0, i32 0, void @empty_23, i32 0, i32 0, void @empty_23, void @empty_23, void @empty_23, i32 0, i32 0, i32 0, i32 0, void @empty_23, void @empty_23, i32 4294967295, i32 0, i32 0, i32 0"   --->   Operation 22 'specinterface' 'specinterface_ln0' <Predicate = true> <Delay = 0.00>
ST_1 : Operation 23 [1/1] (0.00ns)   --->   "%specinterface_ln0 = specinterface void @_ssdm_op_SpecInterface, i32 %col_fifo, void @empty_8, i32 0, i32 0, void @empty_23, i32 0, i32 0, void @empty_23, void @empty_23, void @empty_23, i32 0, i32 0, i32 0, i32 0, void @empty_23, void @empty_23, i32 4294967295, i32 0, i32 0, i32 0"   --->   Operation 23 'specinterface' 'specinterface_ln0' <Predicate = true> <Delay = 0.00>
ST_1 : Operation 24 [1/1] (0.00ns)   --->   "%specinterface_ln0 = specinterface void @_ssdm_op_SpecInterface, i32 %row_fifo, void @empty_8, i32 0, i32 0, void @empty_23, i32 0, i32 0, void @empty_23, void @empty_23, void @empty_23, i32 0, i32 0, i32 0, i32 0, void @empty_23, void @empty_23, i32 4294967295, i32 0, i32 0, i32 0"   --->   Operation 24 'specinterface' 'specinterface_ln0' <Predicate = true> <Delay = 0.00>
ST_1 : Operation 25 [1/1] (0.00ns)   --->   "%specinterface_ln0 = specinterface void @_ssdm_op_SpecInterface, i512 %gmem2, void @empty_12, i32 0, i32 0, void @empty_23, i32 0, i32 0, void @empty_21, void @empty_32, void @empty_23, i32 16, i32 16, i32 16, i32 16, void @empty_23, void @empty_23, i32 4294967295, i32 0, i32 0, i32 64"   --->   Operation 25 'specinterface' 'specinterface_ln0' <Predicate = true> <Delay = 0.00>
ST_1 : Operation 26 [1/1] (0.00ns)   --->   "%H_temp_read = read i64 @_ssdm_op_Read.ap_auto.i64, i64 %H_temp"   --->   Operation 26 'read' 'H_temp_read' <Predicate = true> <Delay = 0.00>
ST_1 : Operation 27 [1/1] (0.00ns)   --->   "%acc = alloca i64 1" [src/integrated-gcn/integrated_gcn.cpp:230]   --->   Operation 27 'alloca' 'acc' <Predicate = true> <Delay = 0.00>
ST_1 : Operation 28 [1/1] (0.00ns)   --->   "%acc_1 = alloca i64 1" [src/integrated-gcn/integrated_gcn.cpp:230]   --->   Operation 28 'alloca' 'acc_1' <Predicate = true> <Delay = 0.00>
ST_1 : Operation 29 [1/1] (0.00ns)   --->   "%acc_2 = alloca i64 1" [src/integrated-gcn/integrated_gcn.cpp:230]   --->   Operation 29 'alloca' 'acc_2' <Predicate = true> <Delay = 0.00>
ST_1 : Operation 30 [1/1] (0.00ns)   --->   "%acc_3 = alloca i64 1" [src/integrated-gcn/integrated_gcn.cpp:230]   --->   Operation 30 'alloca' 'acc_3' <Predicate = true> <Delay = 0.00>
ST_1 : Operation 31 [1/1] (0.00ns)   --->   "%acc_4 = alloca i64 1" [src/integrated-gcn/integrated_gcn.cpp:230]   --->   Operation 31 'alloca' 'acc_4' <Predicate = true> <Delay = 0.00>
ST_1 : Operation 32 [1/1] (0.00ns)   --->   "%acc_5 = alloca i64 1" [src/integrated-gcn/integrated_gcn.cpp:230]   --->   Operation 32 'alloca' 'acc_5' <Predicate = true> <Delay = 0.00>
ST_1 : Operation 33 [1/1] (0.00ns)   --->   "%acc_6 = alloca i64 1" [src/integrated-gcn/integrated_gcn.cpp:230]   --->   Operation 33 'alloca' 'acc_6' <Predicate = true> <Delay = 0.00>
ST_1 : Operation 34 [1/1] (0.00ns)   --->   "%acc_7 = alloca i64 1" [src/integrated-gcn/integrated_gcn.cpp:230]   --->   Operation 34 'alloca' 'acc_7' <Predicate = true> <Delay = 0.00>
ST_1 : Operation 35 [1/1] (0.00ns)   --->   "%acc_8 = alloca i64 1" [src/integrated-gcn/integrated_gcn.cpp:230]   --->   Operation 35 'alloca' 'acc_8' <Predicate = true> <Delay = 0.00>
ST_1 : Operation 36 [1/1] (0.00ns)   --->   "%acc_9 = alloca i64 1" [src/integrated-gcn/integrated_gcn.cpp:230]   --->   Operation 36 'alloca' 'acc_9' <Predicate = true> <Delay = 0.00>
ST_1 : Operation 37 [1/1] (0.00ns)   --->   "%acc_10 = alloca i64 1" [src/integrated-gcn/integrated_gcn.cpp:230]   --->   Operation 37 'alloca' 'acc_10' <Predicate = true> <Delay = 0.00>
ST_1 : Operation 38 [1/1] (0.00ns)   --->   "%acc_11 = alloca i64 1" [src/integrated-gcn/integrated_gcn.cpp:230]   --->   Operation 38 'alloca' 'acc_11' <Predicate = true> <Delay = 0.00>
ST_1 : Operation 39 [1/1] (0.00ns)   --->   "%acc_12 = alloca i64 1" [src/integrated-gcn/integrated_gcn.cpp:230]   --->   Operation 39 'alloca' 'acc_12' <Predicate = true> <Delay = 0.00>
ST_1 : Operation 40 [1/1] (0.00ns)   --->   "%acc_13 = alloca i64 1" [src/integrated-gcn/integrated_gcn.cpp:230]   --->   Operation 40 'alloca' 'acc_13' <Predicate = true> <Delay = 0.00>
ST_1 : Operation 41 [1/1] (0.00ns)   --->   "%acc_14 = alloca i64 1" [src/integrated-gcn/integrated_gcn.cpp:230]   --->   Operation 41 'alloca' 'acc_14' <Predicate = true> <Delay = 0.00>
ST_1 : Operation 42 [1/1] (0.00ns)   --->   "%acc_15 = alloca i64 1" [src/integrated-gcn/integrated_gcn.cpp:230]   --->   Operation 42 'alloca' 'acc_15' <Predicate = true> <Delay = 0.00>
ST_1 : Operation 43 [1/1] (0.00ns)   --->   "%acc_16 = alloca i64 1" [src/integrated-gcn/integrated_gcn.cpp:230]   --->   Operation 43 'alloca' 'acc_16' <Predicate = true> <Delay = 0.00>
ST_1 : Operation 44 [1/1] (0.00ns)   --->   "%acc_17 = alloca i64 1" [src/integrated-gcn/integrated_gcn.cpp:230]   --->   Operation 44 'alloca' 'acc_17' <Predicate = true> <Delay = 0.00>
ST_1 : Operation 45 [1/1] (0.00ns)   --->   "%acc_18 = alloca i64 1" [src/integrated-gcn/integrated_gcn.cpp:230]   --->   Operation 45 'alloca' 'acc_18' <Predicate = true> <Delay = 0.00>
ST_1 : Operation 46 [1/1] (0.00ns)   --->   "%acc_19 = alloca i64 1" [src/integrated-gcn/integrated_gcn.cpp:230]   --->   Operation 46 'alloca' 'acc_19' <Predicate = true> <Delay = 0.00>
ST_1 : Operation 47 [1/1] (0.00ns)   --->   "%acc_20 = alloca i64 1" [src/integrated-gcn/integrated_gcn.cpp:230]   --->   Operation 47 'alloca' 'acc_20' <Predicate = true> <Delay = 0.00>
ST_1 : Operation 48 [1/1] (0.00ns)   --->   "%acc_21 = alloca i64 1" [src/integrated-gcn/integrated_gcn.cpp:230]   --->   Operation 48 'alloca' 'acc_21' <Predicate = true> <Delay = 0.00>
ST_1 : Operation 49 [1/1] (0.00ns)   --->   "%acc_22 = alloca i64 1" [src/integrated-gcn/integrated_gcn.cpp:230]   --->   Operation 49 'alloca' 'acc_22' <Predicate = true> <Delay = 0.00>
ST_1 : Operation 50 [1/1] (0.00ns)   --->   "%acc_23 = alloca i64 1" [src/integrated-gcn/integrated_gcn.cpp:230]   --->   Operation 50 'alloca' 'acc_23' <Predicate = true> <Delay = 0.00>
ST_1 : Operation 51 [1/1] (0.00ns)   --->   "%acc_24 = alloca i64 1" [src/integrated-gcn/integrated_gcn.cpp:230]   --->   Operation 51 'alloca' 'acc_24' <Predicate = true> <Delay = 0.00>
ST_1 : Operation 52 [1/1] (0.00ns)   --->   "%acc_25 = alloca i64 1" [src/integrated-gcn/integrated_gcn.cpp:230]   --->   Operation 52 'alloca' 'acc_25' <Predicate = true> <Delay = 0.00>
ST_1 : Operation 53 [1/1] (0.00ns)   --->   "%acc_26 = alloca i64 1" [src/integrated-gcn/integrated_gcn.cpp:230]   --->   Operation 53 'alloca' 'acc_26' <Predicate = true> <Delay = 0.00>
ST_1 : Operation 54 [1/1] (0.00ns)   --->   "%acc_27 = alloca i64 1" [src/integrated-gcn/integrated_gcn.cpp:230]   --->   Operation 54 'alloca' 'acc_27' <Predicate = true> <Delay = 0.00>
ST_1 : Operation 55 [1/1] (0.00ns)   --->   "%acc_28 = alloca i64 1" [src/integrated-gcn/integrated_gcn.cpp:230]   --->   Operation 55 'alloca' 'acc_28' <Predicate = true> <Delay = 0.00>
ST_1 : Operation 56 [1/1] (0.00ns)   --->   "%acc_29 = alloca i64 1" [src/integrated-gcn/integrated_gcn.cpp:230]   --->   Operation 56 'alloca' 'acc_29' <Predicate = true> <Delay = 0.00>
ST_1 : Operation 57 [1/1] (0.00ns)   --->   "%acc_30 = alloca i64 1" [src/integrated-gcn/integrated_gcn.cpp:230]   --->   Operation 57 'alloca' 'acc_30' <Predicate = true> <Delay = 0.00>
ST_1 : Operation 58 [1/1] (0.00ns)   --->   "%acc_31 = alloca i64 1" [src/integrated-gcn/integrated_gcn.cpp:230]   --->   Operation 58 'alloca' 'acc_31' <Predicate = true> <Delay = 0.00>
ST_1 : Operation 59 [1/1] (0.00ns)   --->   "%h_buf = alloca i64 1" [src/integrated-gcn/integrated_gcn.cpp:231]   --->   Operation 59 'alloca' 'h_buf' <Predicate = true> <Delay = 0.00>
ST_1 : Operation 60 [1/1] (0.00ns)   --->   "%h_buf_1 = alloca i64 1" [src/integrated-gcn/integrated_gcn.cpp:231]   --->   Operation 60 'alloca' 'h_buf_1' <Predicate = true> <Delay = 0.00>
ST_1 : Operation 61 [1/1] (0.00ns)   --->   "%h_buf_2 = alloca i64 1" [src/integrated-gcn/integrated_gcn.cpp:231]   --->   Operation 61 'alloca' 'h_buf_2' <Predicate = true> <Delay = 0.00>
ST_1 : Operation 62 [1/1] (0.00ns)   --->   "%h_buf_3 = alloca i64 1" [src/integrated-gcn/integrated_gcn.cpp:231]   --->   Operation 62 'alloca' 'h_buf_3' <Predicate = true> <Delay = 0.00>
ST_1 : Operation 63 [1/1] (0.00ns)   --->   "%h_buf_4 = alloca i64 1" [src/integrated-gcn/integrated_gcn.cpp:231]   --->   Operation 63 'alloca' 'h_buf_4' <Predicate = true> <Delay = 0.00>
ST_1 : Operation 64 [1/1] (0.00ns)   --->   "%h_buf_5 = alloca i64 1" [src/integrated-gcn/integrated_gcn.cpp:231]   --->   Operation 64 'alloca' 'h_buf_5' <Predicate = true> <Delay = 0.00>
ST_1 : Operation 65 [1/1] (0.00ns)   --->   "%h_buf_6 = alloca i64 1" [src/integrated-gcn/integrated_gcn.cpp:231]   --->   Operation 65 'alloca' 'h_buf_6' <Predicate = true> <Delay = 0.00>
ST_1 : Operation 66 [1/1] (0.00ns)   --->   "%h_buf_7 = alloca i64 1" [src/integrated-gcn/integrated_gcn.cpp:231]   --->   Operation 66 'alloca' 'h_buf_7' <Predicate = true> <Delay = 0.00>
ST_1 : Operation 67 [1/1] (0.00ns)   --->   "%h_buf_8 = alloca i64 1" [src/integrated-gcn/integrated_gcn.cpp:231]   --->   Operation 67 'alloca' 'h_buf_8' <Predicate = true> <Delay = 0.00>
ST_1 : Operation 68 [1/1] (0.00ns)   --->   "%h_buf_9 = alloca i64 1" [src/integrated-gcn/integrated_gcn.cpp:231]   --->   Operation 68 'alloca' 'h_buf_9' <Predicate = true> <Delay = 0.00>
ST_1 : Operation 69 [1/1] (0.00ns)   --->   "%h_buf_10 = alloca i64 1" [src/integrated-gcn/integrated_gcn.cpp:231]   --->   Operation 69 'alloca' 'h_buf_10' <Predicate = true> <Delay = 0.00>
ST_1 : Operation 70 [1/1] (0.00ns)   --->   "%h_buf_11 = alloca i64 1" [src/integrated-gcn/integrated_gcn.cpp:231]   --->   Operation 70 'alloca' 'h_buf_11' <Predicate = true> <Delay = 0.00>
ST_1 : Operation 71 [1/1] (0.00ns)   --->   "%h_buf_12 = alloca i64 1" [src/integrated-gcn/integrated_gcn.cpp:231]   --->   Operation 71 'alloca' 'h_buf_12' <Predicate = true> <Delay = 0.00>
ST_1 : Operation 72 [1/1] (0.00ns)   --->   "%h_buf_13 = alloca i64 1" [src/integrated-gcn/integrated_gcn.cpp:231]   --->   Operation 72 'alloca' 'h_buf_13' <Predicate = true> <Delay = 0.00>
ST_1 : Operation 73 [1/1] (0.00ns)   --->   "%h_buf_14 = alloca i64 1" [src/integrated-gcn/integrated_gcn.cpp:231]   --->   Operation 73 'alloca' 'h_buf_14' <Predicate = true> <Delay = 0.00>
ST_1 : Operation 74 [1/1] (0.00ns)   --->   "%h_buf_15 = alloca i64 1" [src/integrated-gcn/integrated_gcn.cpp:231]   --->   Operation 74 'alloca' 'h_buf_15' <Predicate = true> <Delay = 0.00>
ST_1 : Operation 75 [1/1] (0.00ns)   --->   "%h_buf_16 = alloca i64 1" [src/integrated-gcn/integrated_gcn.cpp:231]   --->   Operation 75 'alloca' 'h_buf_16' <Predicate = true> <Delay = 0.00>
ST_1 : Operation 76 [1/1] (0.00ns)   --->   "%h_buf_17 = alloca i64 1" [src/integrated-gcn/integrated_gcn.cpp:231]   --->   Operation 76 'alloca' 'h_buf_17' <Predicate = true> <Delay = 0.00>
ST_1 : Operation 77 [1/1] (0.00ns)   --->   "%h_buf_18 = alloca i64 1" [src/integrated-gcn/integrated_gcn.cpp:231]   --->   Operation 77 'alloca' 'h_buf_18' <Predicate = true> <Delay = 0.00>
ST_1 : Operation 78 [1/1] (0.00ns)   --->   "%h_buf_19 = alloca i64 1" [src/integrated-gcn/integrated_gcn.cpp:231]   --->   Operation 78 'alloca' 'h_buf_19' <Predicate = true> <Delay = 0.00>
ST_1 : Operation 79 [1/1] (0.00ns)   --->   "%h_buf_20 = alloca i64 1" [src/integrated-gcn/integrated_gcn.cpp:231]   --->   Operation 79 'alloca' 'h_buf_20' <Predicate = true> <Delay = 0.00>
ST_1 : Operation 80 [1/1] (0.00ns)   --->   "%h_buf_21 = alloca i64 1" [src/integrated-gcn/integrated_gcn.cpp:231]   --->   Operation 80 'alloca' 'h_buf_21' <Predicate = true> <Delay = 0.00>
ST_1 : Operation 81 [1/1] (0.00ns)   --->   "%h_buf_22 = alloca i64 1" [src/integrated-gcn/integrated_gcn.cpp:231]   --->   Operation 81 'alloca' 'h_buf_22' <Predicate = true> <Delay = 0.00>
ST_1 : Operation 82 [1/1] (0.00ns)   --->   "%h_buf_23 = alloca i64 1" [src/integrated-gcn/integrated_gcn.cpp:231]   --->   Operation 82 'alloca' 'h_buf_23' <Predicate = true> <Delay = 0.00>
ST_1 : Operation 83 [1/1] (0.00ns)   --->   "%h_buf_24 = alloca i64 1" [src/integrated-gcn/integrated_gcn.cpp:231]   --->   Operation 83 'alloca' 'h_buf_24' <Predicate = true> <Delay = 0.00>
ST_1 : Operation 84 [1/1] (0.00ns)   --->   "%h_buf_25 = alloca i64 1" [src/integrated-gcn/integrated_gcn.cpp:231]   --->   Operation 84 'alloca' 'h_buf_25' <Predicate = true> <Delay = 0.00>
ST_1 : Operation 85 [1/1] (0.00ns)   --->   "%h_buf_26 = alloca i64 1" [src/integrated-gcn/integrated_gcn.cpp:231]   --->   Operation 85 'alloca' 'h_buf_26' <Predicate = true> <Delay = 0.00>
ST_1 : Operation 86 [1/1] (0.00ns)   --->   "%h_buf_27 = alloca i64 1" [src/integrated-gcn/integrated_gcn.cpp:231]   --->   Operation 86 'alloca' 'h_buf_27' <Predicate = true> <Delay = 0.00>
ST_1 : Operation 87 [1/1] (0.00ns)   --->   "%h_buf_28 = alloca i64 1" [src/integrated-gcn/integrated_gcn.cpp:231]   --->   Operation 87 'alloca' 'h_buf_28' <Predicate = true> <Delay = 0.00>
ST_1 : Operation 88 [1/1] (0.00ns)   --->   "%h_buf_29 = alloca i64 1" [src/integrated-gcn/integrated_gcn.cpp:231]   --->   Operation 88 'alloca' 'h_buf_29' <Predicate = true> <Delay = 0.00>
ST_1 : Operation 89 [1/1] (0.00ns)   --->   "%h_buf_30 = alloca i64 1" [src/integrated-gcn/integrated_gcn.cpp:231]   --->   Operation 89 'alloca' 'h_buf_30' <Predicate = true> <Delay = 0.00>
ST_1 : Operation 90 [1/1] (0.00ns)   --->   "%h_buf_31 = alloca i64 1" [src/integrated-gcn/integrated_gcn.cpp:231]   --->   Operation 90 'alloca' 'h_buf_31' <Predicate = true> <Delay = 0.00>
ST_1 : Operation 91 [1/1] (0.42ns)   --->   "%store_ln236 = store i12 0, i12 %i" [src/integrated-gcn/integrated_gcn.cpp:236]   --->   Operation 91 'store' 'store_ln236' <Predicate = true> <Delay = 0.42>
ST_1 : Operation 92 [1/1] (0.00ns)   --->   "%br_ln236 = br void %SPMM_INIT" [src/integrated-gcn/integrated_gcn.cpp:236]   --->   Operation 92 'br' 'br_ln236' <Predicate = true> <Delay = 0.00>

State 2 <SV = 1> <Delay = 0.80>
ST_2 : Operation 93 [1/1] (0.00ns)   --->   "%i_2 = load i12 %i" [src/integrated-gcn/integrated_gcn.cpp:236]   --->   Operation 93 'load' 'i_2' <Predicate = true> <Delay = 0.00>
ST_2 : Operation 94 [1/1] (0.80ns)   --->   "%icmp_ln236 = icmp_eq  i12 %i_2, i12 2708" [src/integrated-gcn/integrated_gcn.cpp:236]   --->   Operation 94 'icmp' 'icmp_ln236' <Predicate = true> <Delay = 0.80> <CoreInst = "Cmp">   --->   Core 9 'Cmp' <Latency = 0> <II = 1> <Delay = 0.80> <FuncUnit> <Opcode : 'seteq' 'setne' 'setle' 'setge' 'setlt' 'setgt'> <InPorts = 2> <OutPorts = 1>
ST_2 : Operation 95 [1/1] (0.80ns)   --->   "%i_3 = add i12 %i_2, i12 1" [src/integrated-gcn/integrated_gcn.cpp:236]   --->   Operation 95 'add' 'i_3' <Predicate = true> <Delay = 0.80> <CoreInst = "Adder">   --->   Core 1 'Adder' <Latency = 0> <II = 1> <Delay = 0.80> <FuncUnit> <Opcode : 'add' 'sub'> <InPorts = 2> <OutPorts = 1>
ST_2 : Operation 96 [1/1] (0.00ns)   --->   "%br_ln236 = br i1 %icmp_ln236, void %SPMM_INIT.split, void %for.end63" [src/integrated-gcn/integrated_gcn.cpp:236]   --->   Operation 96 'br' 'br_ln236' <Predicate = true> <Delay = 0.00>
ST_2 : Operation 97 [2/2] (0.00ns)   --->   "%call_ln0 = call void @spmm_compute_Pipeline_SPMM_INIT, i32 %acc_31, i32 %acc_30, i32 %acc_29, i32 %acc_28, i32 %acc_27, i32 %acc_26, i32 %acc_25, i32 %acc_24, i32 %acc_23, i32 %acc_22, i32 %acc_21, i32 %acc_20, i32 %acc_19, i32 %acc_18, i32 %acc_17, i32 %acc_16, i32 %acc_15, i32 %acc_14, i32 %acc_13, i32 %acc_12, i32 %acc_11, i32 %acc_10, i32 %acc_9, i32 %acc_8, i32 %acc_7, i32 %acc_6, i32 %acc_5, i32 %acc_4, i32 %acc_3, i32 %acc_2, i32 %acc_1, i32 %acc"   --->   Operation 97 'call' 'call_ln0' <Predicate = (!icmp_ln236)> <Delay = 0.00> <CoreType = "Generic">   --->   Generic Core
ST_2 : Operation 98 [1/1] (0.00ns)   --->   "%ret_ln279 = ret" [src/integrated-gcn/integrated_gcn.cpp:279]   --->   Operation 98 'ret' 'ret_ln279' <Predicate = (icmp_ln236)> <Delay = 0.00>

State 3 <SV = 2> <Delay = 2.04>
ST_3 : Operation 99 [1/1] (0.00ns)   --->   "%speclooptripcount_ln236 = speclooptripcount void @_ssdm_op_SpecLoopTripCount, i64 2708, i64 2708, i64 2708" [src/integrated-gcn/integrated_gcn.cpp:236]   --->   Operation 99 'speclooptripcount' 'speclooptripcount_ln236' <Predicate = true> <Delay = 0.00>
ST_3 : Operation 100 [1/1] (0.00ns)   --->   "%specloopname_ln236 = specloopname void @_ssdm_op_SpecLoopName, void @empty_10" [src/integrated-gcn/integrated_gcn.cpp:236]   --->   Operation 100 'specloopname' 'specloopname_ln236' <Predicate = true> <Delay = 0.00>
ST_3 : Operation 101 [1/1] ( I:2.04ns O:2.04ns )   --->   "%rl = read i32 @_ssdm_op_Read.ap_fifo.volatile.i32P0A, i32 %row_fifo" [src/integrated-gcn/integrated_gcn.cpp:238]   --->   Operation 101 'read' 'rl' <Predicate = true> <Delay = 2.04> <CoreInst = "FIFO_SRL">   --->   Core 80 'FIFO_SRL' <Latency = 0> <II = 1> <Delay = 2.04> <Storage> <Opcode : 'read' 'write' 'nbread' 'nbwrite'> <Ports = 0> <Width = 32> <Depth = 16> <FIFO>
ST_3 : Operation 102 [1/1] (0.00ns)   --->   "%fence_ln241 = fence void @_ssdm_op_Fence, i32 %row_fifo, i32 4294967295, i32 %col_fifo, i16 %val_fifo, i16 %result_fifo, i32 0" [src/integrated-gcn/integrated_gcn.cpp:241]   --->   Operation 102 'fence' 'fence_ln241' <Predicate = true> <Delay = 0.00>
ST_3 : Operation 103 [1/2] (0.85ns)   --->   "%call_ln0 = call void @spmm_compute_Pipeline_SPMM_INIT, i32 %acc_31, i32 %acc_30, i32 %acc_29, i32 %acc_28, i32 %acc_27, i32 %acc_26, i32 %acc_25, i32 %acc_24, i32 %acc_23, i32 %acc_22, i32 %acc_21, i32 %acc_20, i32 %acc_19, i32 %acc_18, i32 %acc_17, i32 %acc_16, i32 %acc_15, i32 %acc_14, i32 %acc_13, i32 %acc_12, i32 %acc_11, i32 %acc_10, i32 %acc_9, i32 %acc_8, i32 %acc_7, i32 %acc_6, i32 %acc_5, i32 %acc_4, i32 %acc_3, i32 %acc_2, i32 %acc_1, i32 %acc"   --->   Operation 103 'call' 'call_ln0' <Predicate = true> <Delay = 0.85> <CoreType = "Generic">   --->   Generic Core
ST_3 : Operation 104 [1/1] (0.42ns)   --->   "%br_ln248 = br void %SPMM_LOAD_H" [src/integrated-gcn/integrated_gcn.cpp:248]   --->   Operation 104 'br' 'br_ln248' <Predicate = true> <Delay = 0.42>

State 4 <SV = 3> <Delay = 2.74>
ST_4 : Operation 105 [1/1] (0.00ns)   --->   "%jj = phi i31 %add_ln248, void %SPMM_LOAD_H.split, i31 0, void %SPMM_INIT.split" [src/integrated-gcn/integrated_gcn.cpp:248]   --->   Operation 105 'phi' 'jj' <Predicate = true> <Delay = 0.00>
ST_4 : Operation 106 [1/1] (0.00ns)   --->   "%zext_ln248 = zext i31 %jj" [src/integrated-gcn/integrated_gcn.cpp:248]   --->   Operation 106 'zext' 'zext_ln248' <Predicate = true> <Delay = 0.00>
ST_4 : Operation 107 [1/1] (1.01ns)   --->   "%icmp_ln248 = icmp_slt  i32 %zext_ln248, i32 %rl" [src/integrated-gcn/integrated_gcn.cpp:248]   --->   Operation 107 'icmp' 'icmp_ln248' <Predicate = true> <Delay = 1.01> <CoreInst = "Cmp">   --->   Core 9 'Cmp' <Latency = 0> <II = 1> <Delay = 1.01> <FuncUnit> <Opcode : 'seteq' 'setne' 'setle' 'setge' 'setlt' 'setgt'> <InPorts = 2> <OutPorts = 1>
ST_4 : Operation 108 [1/1] (1.00ns)   --->   "%add_ln248 = add i31 %jj, i31 1" [src/integrated-gcn/integrated_gcn.cpp:248]   --->   Operation 108 'add' 'add_ln248' <Predicate = true> <Delay = 1.00> <CoreInst = "Adder">   --->   Core 1 'Adder' <Latency = 0> <II = 1> <Delay = 1.00> <FuncUnit> <Opcode : 'add' 'sub'> <InPorts = 2> <OutPorts = 1>
ST_4 : Operation 109 [1/1] (0.00ns)   --->   "%br_ln248 = br i1 %icmp_ln248, void %for.body54.preheader, void %SPMM_LOAD_H.split" [src/integrated-gcn/integrated_gcn.cpp:248]   --->   Operation 109 'br' 'br_ln248' <Predicate = true> <Delay = 0.00>
ST_4 : Operation 110 [1/1] ( I:1.65ns O:1.65ns )   --->   "%col = read i32 @_ssdm_op_Read.ap_fifo.volatile.i32P0A, i32 %col_fifo" [src/integrated-gcn/integrated_gcn.cpp:251]   --->   Operation 110 'read' 'col' <Predicate = (icmp_ln248)> <Delay = 1.65> <CoreInst = "FIFO">   --->   Core 77 'FIFO' <Latency = 0> <II = 1> <Delay = 1.65> <Storage> <Opcode : 'read' 'write' 'nbread' 'nbwrite'> <Ports = 0> <Width = 32> <Depth = 256> <FIFO>
ST_4 : Operation 111 [1/1] ( I:1.65ns O:1.65ns )   --->   "%val = read i16 @_ssdm_op_Read.ap_fifo.volatile.i16P0A, i16 %val_fifo" [src/integrated-gcn/integrated_gcn.cpp:252]   --->   Operation 111 'read' 'val' <Predicate = (icmp_ln248)> <Delay = 1.65> <CoreInst = "FIFO">   --->   Core 77 'FIFO' <Latency = 0> <II = 1> <Delay = 1.65> <Storage> <Opcode : 'read' 'write' 'nbread' 'nbwrite'> <Ports = 0> <Width = 16> <Depth = 256> <FIFO>
ST_4 : Operation 112 [1/1] (0.00ns)   --->   "%trunc_ln257 = trunc i32 %col" [src/integrated-gcn/integrated_gcn.cpp:257]   --->   Operation 112 'trunc' 'trunc_ln257' <Predicate = (icmp_ln248)> <Delay = 0.00>
ST_4 : Operation 113 [1/1] (0.00ns)   --->   "%shl_ln = bitconcatenate i38 @_ssdm_op_BitConcatenate.i38.i31.i7, i31 %trunc_ln257, i7 0" [src/integrated-gcn/integrated_gcn.cpp:255]   --->   Operation 113 'bitconcatenate' 'shl_ln' <Predicate = (icmp_ln248)> <Delay = 0.00>
ST_4 : Operation 114 [1/1] (0.00ns)   --->   "%sext_ln255 = sext i38 %shl_ln" [src/integrated-gcn/integrated_gcn.cpp:255]   --->   Operation 114 'sext' 'sext_ln255' <Predicate = (icmp_ln248)> <Delay = 0.00>
ST_4 : Operation 115 [1/1] (1.08ns)   --->   "%add_ln255 = add i64 %sext_ln255, i64 %H_temp_read" [src/integrated-gcn/integrated_gcn.cpp:255]   --->   Operation 115 'add' 'add_ln255' <Predicate = (icmp_ln248)> <Delay = 1.08> <CoreInst = "Adder">   --->   Core 1 'Adder' <Latency = 0> <II = 1> <Delay = 1.08> <FuncUnit> <Opcode : 'add' 'sub'> <InPorts = 2> <OutPorts = 1>
ST_4 : Operation 116 [1/1] (0.00ns)   --->   "%trunc_ln = partselect i58 @_ssdm_op_PartSelect.i58.i64.i32.i32, i64 %add_ln255, i32 6, i32 63" [src/integrated-gcn/integrated_gcn.cpp:255]   --->   Operation 116 'partselect' 'trunc_ln' <Predicate = (icmp_ln248)> <Delay = 0.00>
ST_4 : Operation 117 [1/1] (0.00ns)   --->   "%fence_ln274 = fence void @_ssdm_op_Fence, i32 %row_fifo, i32 %col_fifo, i16 %val_fifo, i32 4294967295, i16 %result_fifo, i32 0" [src/integrated-gcn/integrated_gcn.cpp:274]   --->   Operation 117 'fence' 'fence_ln274' <Predicate = (!icmp_ln248)> <Delay = 0.00>
ST_4 : Operation 118 [2/2] (0.00ns)   --->   "%call_ln0 = call void @spmm_compute_Pipeline_SPMM_WRITE, i32 %acc, i32 %acc_1, i32 %acc_2, i32 %acc_3, i32 %acc_4, i32 %acc_5, i32 %acc_6, i32 %acc_7, i32 %acc_8, i32 %acc_9, i32 %acc_10, i32 %acc_11, i32 %acc_12, i32 %acc_13, i32 %acc_14, i32 %acc_15, i32 %acc_16, i32 %acc_17, i32 %acc_18, i32 %acc_19, i32 %acc_20, i32 %acc_21, i32 %acc_22, i32 %acc_23, i32 %acc_24, i32 %acc_25, i32 %acc_26, i32 %acc_27, i32 %acc_28, i32 %acc_29, i32 %acc_30, i32 %acc_31, i16 %result_fifo"   --->   Operation 118 'call' 'call_ln0' <Predicate = (!icmp_ln248)> <Delay = 0.00> <CoreType = "Generic">   --->   Generic Core
ST_4 : Operation 119 [1/1] (0.42ns)   --->   "%store_ln236 = store i12 %i_3, i12 %i" [src/integrated-gcn/integrated_gcn.cpp:236]   --->   Operation 119 'store' 'store_ln236' <Predicate = (!icmp_ln248)> <Delay = 0.42>

State 5 <SV = 4> <Delay = 7.30>
ST_5 : Operation 120 [1/1] (0.00ns)   --->   "%sext_ln255_1 = sext i58 %trunc_ln" [src/integrated-gcn/integrated_gcn.cpp:255]   --->   Operation 120 'sext' 'sext_ln255_1' <Predicate = true> <Delay = 0.00>
ST_5 : Operation 121 [1/1] (0.00ns)   --->   "%gmem2_addr = getelementptr i512 %gmem2, i64 %sext_ln255_1" [src/integrated-gcn/integrated_gcn.cpp:255]   --->   Operation 121 'getelementptr' 'gmem2_addr' <Predicate = true> <Delay = 0.00>
ST_5 : Operation 122 [8/8] (7.30ns)   --->   "%empty = readreq i1 @_ssdm_op_ReadReq.m_axi.p1i512, i512 %gmem2_addr, i64 2" [src/integrated-gcn/integrated_gcn.cpp:255]   --->   Operation 122 'readreq' 'empty' <Predicate = true> <Delay = 7.30> <CoreInst = "m_axi">   --->   Core 119 'm_axi' <Latency = 6> <II = 1> <Delay = 1.00> <Adapter> <Opcode : 'readrequnaligned' 'writerequnaligned' 'read' 'write' 'readreq' 'writereq' 'writeresp'>

State 6 <SV = 5> <Delay = 0.00>
ST_6 : Operation 123 [7/8] (7.30ns)   --->   "%empty = readreq i1 @_ssdm_op_ReadReq.m_axi.p1i512, i512 %gmem2_addr, i64 2" [src/integrated-gcn/integrated_gcn.cpp:255]   --->   Operation 123 'readreq' 'empty' <Predicate = true> <Delay = 7.30> <CoreInst = "m_axi">   --->   Core 119 'm_axi' <Latency = 6> <II = 1> <Delay = 1.00> <Adapter> <Opcode : 'readrequnaligned' 'writerequnaligned' 'read' 'write' 'readreq' 'writereq' 'writeresp'>

State 7 <SV = 6> <Delay = 0.00>
ST_7 : Operation 124 [6/8] (7.30ns)   --->   "%empty = readreq i1 @_ssdm_op_ReadReq.m_axi.p1i512, i512 %gmem2_addr, i64 2" [src/integrated-gcn/integrated_gcn.cpp:255]   --->   Operation 124 'readreq' 'empty' <Predicate = true> <Delay = 7.30> <CoreInst = "m_axi">   --->   Core 119 'm_axi' <Latency = 6> <II = 1> <Delay = 1.00> <Adapter> <Opcode : 'readrequnaligned' 'writerequnaligned' 'read' 'write' 'readreq' 'writereq' 'writeresp'>

State 8 <SV = 7> <Delay = 0.00>
ST_8 : Operation 125 [5/8] (7.30ns)   --->   "%empty = readreq i1 @_ssdm_op_ReadReq.m_axi.p1i512, i512 %gmem2_addr, i64 2" [src/integrated-gcn/integrated_gcn.cpp:255]   --->   Operation 125 'readreq' 'empty' <Predicate = true> <Delay = 7.30> <CoreInst = "m_axi">   --->   Core 119 'm_axi' <Latency = 6> <II = 1> <Delay = 1.00> <Adapter> <Opcode : 'readrequnaligned' 'writerequnaligned' 'read' 'write' 'readreq' 'writereq' 'writeresp'>

State 9 <SV = 8> <Delay = 0.00>
ST_9 : Operation 126 [4/8] (7.30ns)   --->   "%empty = readreq i1 @_ssdm_op_ReadReq.m_axi.p1i512, i512 %gmem2_addr, i64 2" [src/integrated-gcn/integrated_gcn.cpp:255]   --->   Operation 126 'readreq' 'empty' <Predicate = true> <Delay = 7.30> <CoreInst = "m_axi">   --->   Core 119 'm_axi' <Latency = 6> <II = 1> <Delay = 1.00> <Adapter> <Opcode : 'readrequnaligned' 'writerequnaligned' 'read' 'write' 'readreq' 'writereq' 'writeresp'>

State 10 <SV = 9> <Delay = 0.00>
ST_10 : Operation 127 [3/8] (7.30ns)   --->   "%empty = readreq i1 @_ssdm_op_ReadReq.m_axi.p1i512, i512 %gmem2_addr, i64 2" [src/integrated-gcn/integrated_gcn.cpp:255]   --->   Operation 127 'readreq' 'empty' <Predicate = true> <Delay = 7.30> <CoreInst = "m_axi">   --->   Core 119 'm_axi' <Latency = 6> <II = 1> <Delay = 1.00> <Adapter> <Opcode : 'readrequnaligned' 'writerequnaligned' 'read' 'write' 'readreq' 'writereq' 'writeresp'>

State 11 <SV = 10> <Delay = 0.00>
ST_11 : Operation 128 [2/8] (7.30ns)   --->   "%empty = readreq i1 @_ssdm_op_ReadReq.m_axi.p1i512, i512 %gmem2_addr, i64 2" [src/integrated-gcn/integrated_gcn.cpp:255]   --->   Operation 128 'readreq' 'empty' <Predicate = true> <Delay = 7.30> <CoreInst = "m_axi">   --->   Core 119 'm_axi' <Latency = 6> <II = 1> <Delay = 1.00> <Adapter> <Opcode : 'readrequnaligned' 'writerequnaligned' 'read' 'write' 'readreq' 'writereq' 'writeresp'>

State 12 <SV = 11> <Delay = 7.30>
ST_12 : Operation 129 [1/8] ( I:7.30ns O:7.30ns )   --->   "%empty = readreq i1 @_ssdm_op_ReadReq.m_axi.p1i512, i512 %gmem2_addr, i64 2" [src/integrated-gcn/integrated_gcn.cpp:255]   --->   Operation 129 'readreq' 'empty' <Predicate = true> <Delay = 7.30> <CoreInst = "m_axi">   --->   Core 119 'm_axi' <Latency = 6> <II = 1> <Delay = 1.00> <Adapter> <Opcode : 'readrequnaligned' 'writerequnaligned' 'read' 'write' 'readreq' 'writereq' 'writeresp'>

State 13 <SV = 12> <Delay = 0.00>
ST_13 : Operation 130 [2/2] (0.00ns)   --->   "%call_ln255 = call void @spmm_compute_Pipeline_SPMM_LOAD_H, i512 %gmem2, i58 %trunc_ln, i16 %h_buf_31, i16 %h_buf_30, i16 %h_buf_29, i16 %h_buf_28, i16 %h_buf_27, i16 %h_buf_26, i16 %h_buf_25, i16 %h_buf_24, i16 %h_buf_23, i16 %h_buf_22, i16 %h_buf_21, i16 %h_buf_20, i16 %h_buf_19, i16 %h_buf_18, i16 %h_buf_17, i16 %h_buf_16, i16 %h_buf_15, i16 %h_buf_14, i16 %h_buf_13, i16 %h_buf_12, i16 %h_buf_11, i16 %h_buf_10, i16 %h_buf_9, i16 %h_buf_8, i16 %h_buf_7, i16 %h_buf_6, i16 %h_buf_5, i16 %h_buf_4, i16 %h_buf_3, i16 %h_buf_2, i16 %h_buf_1, i16 %h_buf" [src/integrated-gcn/integrated_gcn.cpp:255]   --->   Operation 130 'call' 'call_ln255' <Predicate = true> <Delay = 0.00> <CoreType = "Generic">   --->   Generic Core

State 14 <SV = 13> <Delay = 0.00>
ST_14 : Operation 131 [1/2] (0.00ns)   --->   "%call_ln255 = call void @spmm_compute_Pipeline_SPMM_LOAD_H, i512 %gmem2, i58 %trunc_ln, i16 %h_buf_31, i16 %h_buf_30, i16 %h_buf_29, i16 %h_buf_28, i16 %h_buf_27, i16 %h_buf_26, i16 %h_buf_25, i16 %h_buf_24, i16 %h_buf_23, i16 %h_buf_22, i16 %h_buf_21, i16 %h_buf_20, i16 %h_buf_19, i16 %h_buf_18, i16 %h_buf_17, i16 %h_buf_16, i16 %h_buf_15, i16 %h_buf_14, i16 %h_buf_13, i16 %h_buf_12, i16 %h_buf_11, i16 %h_buf_10, i16 %h_buf_9, i16 %h_buf_8, i16 %h_buf_7, i16 %h_buf_6, i16 %h_buf_5, i16 %h_buf_4, i16 %h_buf_3, i16 %h_buf_2, i16 %h_buf_1, i16 %h_buf" [src/integrated-gcn/integrated_gcn.cpp:255]   --->   Operation 131 'call' 'call_ln255' <Predicate = true> <Delay = 0.00> <CoreType = "Generic">   --->   Generic Core

State 15 <SV = 14> <Delay = 0.00>
ST_15 : Operation 132 [1/1] (0.00ns)   --->   "%shl_ln1 = bitconcatenate i26 @_ssdm_op_BitConcatenate.i26.i16.i10, i16 %val, i10 0" [src/integrated-gcn/integrated_gcn.cpp:268]   --->   Operation 132 'bitconcatenate' 'shl_ln1' <Predicate = true> <Delay = 0.00>
ST_15 : Operation 133 [2/2] (0.00ns)   --->   "%call_ln268 = call void @spmm_compute_Pipeline_SPMM_MAC, i32 %acc_31, i32 %acc_30, i32 %acc_29, i32 %acc_28, i32 %acc_27, i32 %acc_26, i32 %acc_25, i32 %acc_24, i32 %acc_23, i32 %acc_22, i32 %acc_21, i32 %acc_20, i32 %acc_19, i32 %acc_18, i32 %acc_17, i32 %acc_16, i32 %acc_15, i32 %acc_14, i32 %acc_13, i32 %acc_12, i32 %acc_11, i32 %acc_10, i32 %acc_9, i32 %acc_8, i32 %acc_7, i32 %acc_6, i32 %acc_5, i32 %acc_4, i32 %acc_3, i32 %acc_2, i32 %acc_1, i32 %acc, i16 %h_buf, i26 %shl_ln1, i16 %h_buf_1, i16 %h_buf_2, i16 %h_buf_3, i16 %h_buf_4, i16 %h_buf_5, i16 %h_buf_6, i16 %h_buf_7, i16 %h_buf_8, i16 %h_buf_9, i16 %h_buf_10, i16 %h_buf_11, i16 %h_buf_12, i16 %h_buf_13, i16 %h_buf_14, i16 %h_buf_15, i16 %h_buf_16, i16 %h_buf_17, i16 %h_buf_18, i16 %h_buf_19, i16 %h_buf_20, i16 %h_buf_21, i16 %h_buf_22, i16 %h_buf_23, i16 %h_buf_24, i16 %h_buf_25, i16 %h_buf_26, i16 %h_buf_27, i16 %h_buf_28, i16 %h_buf_29, i16 %h_buf_30, i16 %h_buf_31" [src/integrated-gcn/integrated_gcn.cpp:268]   --->   Operation 133 'call' 'call_ln268' <Predicate = true> <Delay = 0.00> <CoreType = "Generic">   --->   Generic Core

State 16 <SV = 15> <Delay = 0.85>
ST_16 : Operation 134 [1/1] (0.00ns)   --->   "%speclooptripcount_ln249 = speclooptripcount void @_ssdm_op_SpecLoopTripCount, i64 1, i64 168, i64 4" [src/integrated-gcn/integrated_gcn.cpp:249]   --->   Operation 134 'speclooptripcount' 'speclooptripcount_ln249' <Predicate = true> <Delay = 0.00>
ST_16 : Operation 135 [1/1] (0.00ns)   --->   "%specloopname_ln248 = specloopname void @_ssdm_op_SpecLoopName, void @empty_30" [src/integrated-gcn/integrated_gcn.cpp:248]   --->   Operation 135 'specloopname' 'specloopname_ln248' <Predicate = true> <Delay = 0.00>
ST_16 : Operation 136 [1/2] (0.85ns)   --->   "%call_ln268 = call void @spmm_compute_Pipeline_SPMM_MAC, i32 %acc_31, i32 %acc_30, i32 %acc_29, i32 %acc_28, i32 %acc_27, i32 %acc_26, i32 %acc_25, i32 %acc_24, i32 %acc_23, i32 %acc_22, i32 %acc_21, i32 %acc_20, i32 %acc_19, i32 %acc_18, i32 %acc_17, i32 %acc_16, i32 %acc_15, i32 %acc_14, i32 %acc_13, i32 %acc_12, i32 %acc_11, i32 %acc_10, i32 %acc_9, i32 %acc_8, i32 %acc_7, i32 %acc_6, i32 %acc_5, i32 %acc_4, i32 %acc_3, i32 %acc_2, i32 %acc_1, i32 %acc, i16 %h_buf, i26 %shl_ln1, i16 %h_buf_1, i16 %h_buf_2, i16 %h_buf_3, i16 %h_buf_4, i16 %h_buf_5, i16 %h_buf_6, i16 %h_buf_7, i16 %h_buf_8, i16 %h_buf_9, i16 %h_buf_10, i16 %h_buf_11, i16 %h_buf_12, i16 %h_buf_13, i16 %h_buf_14, i16 %h_buf_15, i16 %h_buf_16, i16 %h_buf_17, i16 %h_buf_18, i16 %h_buf_19, i16 %h_buf_20, i16 %h_buf_21, i16 %h_buf_22, i16 %h_buf_23, i16 %h_buf_24, i16 %h_buf_25, i16 %h_buf_26, i16 %h_buf_27, i16 %h_buf_28, i16 %h_buf_29, i16 %h_buf_30, i16 %h_buf_31" [src/integrated-gcn/integrated_gcn.cpp:268]   --->   Operation 136 'call' 'call_ln268' <Predicate = true> <Delay = 0.85> <CoreType = "Generic">   --->   Generic Core
ST_16 : Operation 137 [1/1] (0.00ns)   --->   "%br_ln248 = br void %SPMM_LOAD_H" [src/integrated-gcn/integrated_gcn.cpp:248]   --->   Operation 137 'br' 'br_ln248' <Predicate = true> <Delay = 0.00>

State 17 <SV = 4> <Delay = 1.62>
ST_17 : Operation 138 [1/2] (1.62ns)   --->   "%call_ln0 = call void @spmm_compute_Pipeline_SPMM_WRITE, i32 %acc, i32 %acc_1, i32 %acc_2, i32 %acc_3, i32 %acc_4, i32 %acc_5, i32 %acc_6, i32 %acc_7, i32 %acc_8, i32 %acc_9, i32 %acc_10, i32 %acc_11, i32 %acc_12, i32 %acc_13, i32 %acc_14, i32 %acc_15, i32 %acc_16, i32 %acc_17, i32 %acc_18, i32 %acc_19, i32 %acc_20, i32 %acc_21, i32 %acc_22, i32 %acc_23, i32 %acc_24, i32 %acc_25, i32 %acc_26, i32 %acc_27, i32 %acc_28, i32 %acc_29, i32 %acc_30, i32 %acc_31, i16 %result_fifo"   --->   Operation 138 'call' 'call_ln0' <Predicate = true> <Delay = 1.62> <CoreType = "Generic">   --->   Generic Core
ST_17 : Operation 139 [1/1] (0.00ns)   --->   "%br_ln236 = br void %SPMM_INIT" [src/integrated-gcn/integrated_gcn.cpp:236]   --->   Operation 139 'br' 'br_ln236' <Predicate = true> <Delay = 0.00>


============================================================
+ Verbose Summary: Timing violations
============================================================
Target clock period: 10.000ns, clock uncertainty: 2.700ns.

 <State 1>: 0.427ns
The critical path consists of the following:
	'alloca' operation 12 bit ('i', src/integrated-gcn/integrated_gcn.cpp:236) [7]  (0.000 ns)
	'store' operation ('store_ln236', src/integrated-gcn/integrated_gcn.cpp:236) of constant 0 12 bit on local variable 'i', src/integrated-gcn/integrated_gcn.cpp:236 [80]  (0.427 ns)

 <State 2>: 0.809ns
The critical path consists of the following:
	'load' operation 12 bit ('i', src/integrated-gcn/integrated_gcn.cpp:236) on local variable 'i', src/integrated-gcn/integrated_gcn.cpp:236 [83]  (0.000 ns)
	'icmp' operation 1 bit ('icmp_ln236', src/integrated-gcn/integrated_gcn.cpp:236) [84]  (0.809 ns)

 <State 3>: 2.044ns
The critical path consists of the following:
	fifo read operation ('rl', src/integrated-gcn/integrated_gcn.cpp:238) on port 'row_fifo' (src/integrated-gcn/integrated_gcn.cpp:238) [90]  (2.044 ns)

 <State 4>: 2.740ns
The critical path consists of the following:
	'phi' operation 31 bit ('jj', src/integrated-gcn/integrated_gcn.cpp:248) with incoming values : ('add_ln248', src/integrated-gcn/integrated_gcn.cpp:248) [95]  (0.000 ns)
	'icmp' operation 1 bit ('icmp_ln248', src/integrated-gcn/integrated_gcn.cpp:248) [97]  (1.016 ns)
	fifo read operation ('col', src/integrated-gcn/integrated_gcn.cpp:251) on port 'col_fifo' (src/integrated-gcn/integrated_gcn.cpp:251) [103]  (1.655 ns)
	'add' operation 64 bit ('add_ln255', src/integrated-gcn/integrated_gcn.cpp:255) [108]  (1.085 ns)

 <State 5>: 7.300ns
The critical path consists of the following:
	'getelementptr' operation 512 bit ('gmem2_addr', src/integrated-gcn/integrated_gcn.cpp:255) [111]  (0.000 ns)
	bus request operation ('empty', src/integrated-gcn/integrated_gcn.cpp:255) on port 'gmem2' (src/integrated-gcn/integrated_gcn.cpp:255) [112]  (0.000 ns)
	blocking operation 7.3 ns on control path)

 <State 6>: 0.000ns
The critical path consists of the following:

 <State 7>: 0.000ns
The critical path consists of the following:

 <State 8>: 0.000ns
The critical path consists of the following:

 <State 9>: 0.000ns
The critical path consists of the following:

 <State 10>: 0.000ns
The critical path consists of the following:

 <State 11>: 0.000ns
The critical path consists of the following:

 <State 12>: 7.300ns
The critical path consists of the following:
	bus request operation ('empty', src/integrated-gcn/integrated_gcn.cpp:255) on port 'gmem2' (src/integrated-gcn/integrated_gcn.cpp:255) [112]  (7.300 ns)

 <State 13>: 0.000ns
The critical path consists of the following:

 <State 14>: 0.000ns
The critical path consists of the following:

 <State 15>: 0.000ns
The critical path consists of the following:

 <State 16>: 0.854ns
The critical path consists of the following:
	'call' operation ('call_ln268', src/integrated-gcn/integrated_gcn.cpp:268) to 'spmm_compute_Pipeline_SPMM_MAC' [115]  (0.854 ns)

 <State 17>: 1.627ns
The critical path consists of the following:
	'call' operation ('call_ln0') to 'spmm_compute_Pipeline_SPMM_WRITE' [119]  (1.627 ns)


============================================================
+ Verbose Summary: Binding
============================================================
N/A
* FSMD analyzer results:
  - Output states:
 - Input state : 
  - Chain level:
	State 1
	State 2
	State 3
	State 4
	State 5
	State 6
	State 7
	State 8
	State 9
	State 10
	State 11
	State 12
	State 13
	State 14
	State 15
	State 16
	State 17


============================================================
+ Verbose Summary: Datapath Resource usage 
============================================================
N/A
