

================================================================
== Vitis HLS Report for 'spmm_compute_Pipeline_SPMM_WRITE'
================================================================
* Date:           Thu Apr 16 11:31:53 2026

* Version:        2025.2 (Build 6295257 on Nov 14 2025)
* Project:        integrated_gcn
* Solution:       hls (Vivado IP Flow Target)
* Product family: zynquplus
* Target device:  xck26-sfvc784-2LV-c


================================================================
== Performance Estimates
================================================================
+ Timing: 
    * Summary: 
    +--------+----------+----------+------------+
    |  Clock |  Target  | Estimated| Uncertainty|
    +--------+----------+----------+------------+
    |ap_clk  |  10.00 ns|  5.173 ns|     2.70 ns|
    +--------+----------+----------+------------+

+ Latency: 
    * Summary: 
    +---------+---------+----------+----------+-----+-----+-------------------+
    |  Latency (cycles) |  Latency (absolute) |  Interval |      Pipeline     |
    |   min   |   max   |    min   |    max   | min | max |        Type       |
    +---------+---------+----------+----------+-----+-----+-------------------+
    |       66|       66|  0.660 us|  0.660 us|    0|    0|  loop pipeline stp|
    +---------+---------+----------+----------+-----+-----+-------------------+

    + Detail: 
        * Instance: 
        N/A

        * Loop: 
        +--------------+---------+---------+----------+-----------+-----------+------+----------+
        |              |  Latency (cycles) | Iteration|  Initiation Interval  | Trip |          |
        |   Loop Name  |   min   |   max   |  Latency |  achieved |   target  | Count| Pipelined|
        +--------------+---------+---------+----------+-----------+-----------+------+----------+
        |- SPMM_WRITE  |       64|       64|         2|          1|          1|    64|       yes|
        +--------------+---------+---------+----------+-----------+-----------+------+----------+

============================================================
+ Verbose Summary: Synthesis Manager
============================================================
InlineROM: 1
ExposeGlobal: 0
============================================================
+ Verbose Summary: CDFG Model
============================================================
IsTopModel: 0
ResetActiveHigh: 1
IsCombinational: 0
IsDatapathOnly: 0
HasWiredReturn: 1
HasMFsm: 2
HasVarLatency: 1
IsPipeline: 0
IsRtlPipelined: 0
IsInstanceOverlapped: 0
IsDontTouch: 0
HasImplIP: 0
IsGatedGlobalClock: 0

+ Individual pipeline summary: 
  * Pipeline-0: initiation interval (II) = 1, depth = 2


============================================================
+ Verbose Summary: Schedule
============================================================
* Number of FSM states : 2
* Pipeline : 1
  Pipeline-0 : II = 1, D = 2, States = { 1 2 }
* Dataflow Pipeline: 0

* FSM state transitions: 
1 --> 2 
2 --> 

* FSM state operations: 

State 1 <SV = 0> <Delay = 1.62>
ST_1 : Operation 5 [1/1] (0.00ns)   --->   "%f = alloca i32 1" [src/integrated-gcn/integrated_gcn.cpp:274]   --->   Operation 5 'alloca' 'f' <Predicate = true> <Delay = 0.00>
ST_1 : Operation 6 [1/1] (0.00ns)   --->   "%specinterface_ln0 = specinterface void @_ssdm_op_SpecInterface, i16 %result_fifo, void @empty_8, i32 0, i32 0, void @empty_23, i32 0, i32 0, void @empty_23, void @empty_23, void @empty_23, i32 0, i32 0, i32 0, i32 0, void @empty_23, void @empty_23, i32 4294967295, i32 0, i32 0, i32 0"   --->   Operation 6 'specinterface' 'specinterface_ln0' <Predicate = true> <Delay = 0.00>
ST_1 : Operation 7 [1/1] (0.42ns)   --->   "%store_ln274 = store i7 0, i7 %f" [src/integrated-gcn/integrated_gcn.cpp:274]   --->   Operation 7 'store' 'store_ln274' <Predicate = true> <Delay = 0.42>
ST_1 : Operation 8 [1/1] (0.00ns)   --->   "%br_ln0 = br void %for.body54"   --->   Operation 8 'br' 'br_ln0' <Predicate = true> <Delay = 0.00>
ST_1 : Operation 9 [1/1] (0.00ns)   --->   "%f_2 = load i7 %f" [src/integrated-gcn/integrated_gcn.cpp:274]   --->   Operation 9 'load' 'f_2' <Predicate = true> <Delay = 0.00>
ST_1 : Operation 10 [1/1] (0.77ns)   --->   "%icmp_ln274 = icmp_eq  i7 %f_2, i7 64" [src/integrated-gcn/integrated_gcn.cpp:274]   --->   Operation 10 'icmp' 'icmp_ln274' <Predicate = true> <Delay = 0.77> <CoreInst = "Cmp">   --->   Core 9 'Cmp' <Latency = 0> <II = 1> <Delay = 0.77> <FuncUnit> <Opcode : 'seteq' 'setne' 'setle' 'setge' 'setlt' 'setgt'> <InPorts = 2> <OutPorts = 1>
ST_1 : Operation 11 [1/1] (0.77ns)   --->   "%add_ln274 = add i7 %f_2, i7 1" [src/integrated-gcn/integrated_gcn.cpp:274]   --->   Operation 11 'add' 'add_ln274' <Predicate = true> <Delay = 0.77> <CoreInst = "Adder">   --->   Core 1 'Adder' <Latency = 0> <II = 1> <Delay = 0.77> <FuncUnit> <Opcode : 'add' 'sub'> <InPorts = 2> <OutPorts = 1>
ST_1 : Operation 12 [1/1] (0.00ns)   --->   "%br_ln274 = br i1 %icmp_ln274, void %for.body54.split, void %for.inc61.exitStub" [src/integrated-gcn/integrated_gcn.cpp:274]   --->   Operation 12 'br' 'br_ln274' <Predicate = true> <Delay = 0.00>
ST_1 : Operation 13 [1/1] (0.00ns)   --->   "%trunc_ln274 = trunc i7 %f_2" [src/integrated-gcn/integrated_gcn.cpp:274]   --->   Operation 13 'trunc' 'trunc_ln274' <Predicate = (!icmp_ln274)> <Delay = 0.00>
ST_1 : Operation 14 [1/1] (0.00ns)   --->   "%tmp = bitselect i1 @_ssdm_op_BitSelect.i1.i7.i32, i7 %f_2, i32 5" [src/integrated-gcn/integrated_gcn.cpp:274]   --->   Operation 14 'bitselect' 'tmp' <Predicate = (!icmp_ln274)> <Delay = 0.00>
ST_1 : Operation 15 [1/1] (0.00ns)   --->   "%zext_ln274 = zext i1 %tmp" [src/integrated-gcn/integrated_gcn.cpp:274]   --->   Operation 15 'zext' 'zext_ln274' <Predicate = (!icmp_ln274)> <Delay = 0.00>
ST_1 : Operation 16 [1/1] (0.00ns)   --->   "%acc_addr = getelementptr i32 %acc, i64 0, i64 %zext_ln274" [src/integrated-gcn/integrated_gcn.cpp:276]   --->   Operation 16 'getelementptr' 'acc_addr' <Predicate = (!icmp_ln274)> <Delay = 0.00>
ST_1 : Operation 17 [1/1] (0.00ns)   --->   "%acc_1_addr = getelementptr i32 %acc_1, i64 0, i64 %zext_ln274" [src/integrated-gcn/integrated_gcn.cpp:276]   --->   Operation 17 'getelementptr' 'acc_1_addr' <Predicate = (!icmp_ln274)> <Delay = 0.00>
ST_1 : Operation 18 [1/1] (0.00ns)   --->   "%acc_2_addr = getelementptr i32 %acc_2, i64 0, i64 %zext_ln274" [src/integrated-gcn/integrated_gcn.cpp:276]   --->   Operation 18 'getelementptr' 'acc_2_addr' <Predicate = (!icmp_ln274)> <Delay = 0.00>
ST_1 : Operation 19 [1/1] (0.00ns)   --->   "%acc_3_addr = getelementptr i32 %acc_3, i64 0, i64 %zext_ln274" [src/integrated-gcn/integrated_gcn.cpp:276]   --->   Operation 19 'getelementptr' 'acc_3_addr' <Predicate = (!icmp_ln274)> <Delay = 0.00>
ST_1 : Operation 20 [1/1] (0.00ns)   --->   "%acc_4_addr = getelementptr i32 %acc_4, i64 0, i64 %zext_ln274" [src/integrated-gcn/integrated_gcn.cpp:276]   --->   Operation 20 'getelementptr' 'acc_4_addr' <Predicate = (!icmp_ln274)> <Delay = 0.00>
ST_1 : Operation 21 [1/1] (0.00ns)   --->   "%acc_5_addr = getelementptr i32 %acc_5, i64 0, i64 %zext_ln274" [src/integrated-gcn/integrated_gcn.cpp:276]   --->   Operation 21 'getelementptr' 'acc_5_addr' <Predicate = (!icmp_ln274)> <Delay = 0.00>
ST_1 : Operation 22 [1/1] (0.00ns)   --->   "%acc_6_addr = getelementptr i32 %acc_6, i64 0, i64 %zext_ln274" [src/integrated-gcn/integrated_gcn.cpp:276]   --->   Operation 22 'getelementptr' 'acc_6_addr' <Predicate = (!icmp_ln274)> <Delay = 0.00>
ST_1 : Operation 23 [1/1] (0.00ns)   --->   "%acc_7_addr = getelementptr i32 %acc_7, i64 0, i64 %zext_ln274" [src/integrated-gcn/integrated_gcn.cpp:276]   --->   Operation 23 'getelementptr' 'acc_7_addr' <Predicate = (!icmp_ln274)> <Delay = 0.00>
ST_1 : Operation 24 [1/1] (0.00ns)   --->   "%acc_8_addr = getelementptr i32 %acc_8, i64 0, i64 %zext_ln274" [src/integrated-gcn/integrated_gcn.cpp:276]   --->   Operation 24 'getelementptr' 'acc_8_addr' <Predicate = (!icmp_ln274)> <Delay = 0.00>
ST_1 : Operation 25 [1/1] (0.00ns)   --->   "%acc_9_addr = getelementptr i32 %acc_9, i64 0, i64 %zext_ln274" [src/integrated-gcn/integrated_gcn.cpp:276]   --->   Operation 25 'getelementptr' 'acc_9_addr' <Predicate = (!icmp_ln274)> <Delay = 0.00>
ST_1 : Operation 26 [1/1] (0.00ns)   --->   "%acc_10_addr = getelementptr i32 %acc_10, i64 0, i64 %zext_ln274" [src/integrated-gcn/integrated_gcn.cpp:276]   --->   Operation 26 'getelementptr' 'acc_10_addr' <Predicate = (!icmp_ln274)> <Delay = 0.00>
ST_1 : Operation 27 [1/1] (0.00ns)   --->   "%acc_11_addr = getelementptr i32 %acc_11, i64 0, i64 %zext_ln274" [src/integrated-gcn/integrated_gcn.cpp:276]   --->   Operation 27 'getelementptr' 'acc_11_addr' <Predicate = (!icmp_ln274)> <Delay = 0.00>
ST_1 : Operation 28 [1/1] (0.00ns)   --->   "%acc_12_addr = getelementptr i32 %acc_12, i64 0, i64 %zext_ln274" [src/integrated-gcn/integrated_gcn.cpp:276]   --->   Operation 28 'getelementptr' 'acc_12_addr' <Predicate = (!icmp_ln274)> <Delay = 0.00>
ST_1 : Operation 29 [1/1] (0.00ns)   --->   "%acc_13_addr = getelementptr i32 %acc_13, i64 0, i64 %zext_ln274" [src/integrated-gcn/integrated_gcn.cpp:276]   --->   Operation 29 'getelementptr' 'acc_13_addr' <Predicate = (!icmp_ln274)> <Delay = 0.00>
ST_1 : Operation 30 [1/1] (0.00ns)   --->   "%acc_14_addr = getelementptr i32 %acc_14, i64 0, i64 %zext_ln274" [src/integrated-gcn/integrated_gcn.cpp:276]   --->   Operation 30 'getelementptr' 'acc_14_addr' <Predicate = (!icmp_ln274)> <Delay = 0.00>
ST_1 : Operation 31 [1/1] (0.00ns)   --->   "%acc_15_addr = getelementptr i32 %acc_15, i64 0, i64 %zext_ln274" [src/integrated-gcn/integrated_gcn.cpp:276]   --->   Operation 31 'getelementptr' 'acc_15_addr' <Predicate = (!icmp_ln274)> <Delay = 0.00>
ST_1 : Operation 32 [1/1] (0.00ns)   --->   "%acc_16_addr = getelementptr i32 %acc_16, i64 0, i64 %zext_ln274" [src/integrated-gcn/integrated_gcn.cpp:276]   --->   Operation 32 'getelementptr' 'acc_16_addr' <Predicate = (!icmp_ln274)> <Delay = 0.00>
ST_1 : Operation 33 [1/1] (0.00ns)   --->   "%acc_17_addr = getelementptr i32 %acc_17, i64 0, i64 %zext_ln274" [src/integrated-gcn/integrated_gcn.cpp:276]   --->   Operation 33 'getelementptr' 'acc_17_addr' <Predicate = (!icmp_ln274)> <Delay = 0.00>
ST_1 : Operation 34 [1/1] (0.00ns)   --->   "%acc_18_addr = getelementptr i32 %acc_18, i64 0, i64 %zext_ln274" [src/integrated-gcn/integrated_gcn.cpp:276]   --->   Operation 34 'getelementptr' 'acc_18_addr' <Predicate = (!icmp_ln274)> <Delay = 0.00>
ST_1 : Operation 35 [1/1] (0.00ns)   --->   "%acc_19_addr = getelementptr i32 %acc_19, i64 0, i64 %zext_ln274" [src/integrated-gcn/integrated_gcn.cpp:276]   --->   Operation 35 'getelementptr' 'acc_19_addr' <Predicate = (!icmp_ln274)> <Delay = 0.00>
ST_1 : Operation 36 [1/1] (0.00ns)   --->   "%acc_20_addr = getelementptr i32 %acc_20, i64 0, i64 %zext_ln274" [src/integrated-gcn/integrated_gcn.cpp:276]   --->   Operation 36 'getelementptr' 'acc_20_addr' <Predicate = (!icmp_ln274)> <Delay = 0.00>
ST_1 : Operation 37 [1/1] (0.00ns)   --->   "%acc_21_addr = getelementptr i32 %acc_21, i64 0, i64 %zext_ln274" [src/integrated-gcn/integrated_gcn.cpp:276]   --->   Operation 37 'getelementptr' 'acc_21_addr' <Predicate = (!icmp_ln274)> <Delay = 0.00>
ST_1 : Operation 38 [1/1] (0.00ns)   --->   "%acc_22_addr = getelementptr i32 %acc_22, i64 0, i64 %zext_ln274" [src/integrated-gcn/integrated_gcn.cpp:276]   --->   Operation 38 'getelementptr' 'acc_22_addr' <Predicate = (!icmp_ln274)> <Delay = 0.00>
ST_1 : Operation 39 [1/1] (0.00ns)   --->   "%acc_23_addr = getelementptr i32 %acc_23, i64 0, i64 %zext_ln274" [src/integrated-gcn/integrated_gcn.cpp:276]   --->   Operation 39 'getelementptr' 'acc_23_addr' <Predicate = (!icmp_ln274)> <Delay = 0.00>
ST_1 : Operation 40 [1/1] (0.00ns)   --->   "%acc_24_addr = getelementptr i32 %acc_24, i64 0, i64 %zext_ln274" [src/integrated-gcn/integrated_gcn.cpp:276]   --->   Operation 40 'getelementptr' 'acc_24_addr' <Predicate = (!icmp_ln274)> <Delay = 0.00>
ST_1 : Operation 41 [1/1] (0.00ns)   --->   "%acc_25_addr = getelementptr i32 %acc_25, i64 0, i64 %zext_ln274" [src/integrated-gcn/integrated_gcn.cpp:276]   --->   Operation 41 'getelementptr' 'acc_25_addr' <Predicate = (!icmp_ln274)> <Delay = 0.00>
ST_1 : Operation 42 [1/1] (0.00ns)   --->   "%acc_26_addr = getelementptr i32 %acc_26, i64 0, i64 %zext_ln274" [src/integrated-gcn/integrated_gcn.cpp:276]   --->   Operation 42 'getelementptr' 'acc_26_addr' <Predicate = (!icmp_ln274)> <Delay = 0.00>
ST_1 : Operation 43 [1/1] (0.00ns)   --->   "%acc_27_addr = getelementptr i32 %acc_27, i64 0, i64 %zext_ln274" [src/integrated-gcn/integrated_gcn.cpp:276]   --->   Operation 43 'getelementptr' 'acc_27_addr' <Predicate = (!icmp_ln274)> <Delay = 0.00>
ST_1 : Operation 44 [1/1] (0.00ns)   --->   "%acc_28_addr = getelementptr i32 %acc_28, i64 0, i64 %zext_ln274" [src/integrated-gcn/integrated_gcn.cpp:276]   --->   Operation 44 'getelementptr' 'acc_28_addr' <Predicate = (!icmp_ln274)> <Delay = 0.00>
ST_1 : Operation 45 [1/1] (0.00ns)   --->   "%acc_29_addr = getelementptr i32 %acc_29, i64 0, i64 %zext_ln274" [src/integrated-gcn/integrated_gcn.cpp:276]   --->   Operation 45 'getelementptr' 'acc_29_addr' <Predicate = (!icmp_ln274)> <Delay = 0.00>
ST_1 : Operation 46 [1/1] (0.00ns)   --->   "%acc_30_addr = getelementptr i32 %acc_30, i64 0, i64 %zext_ln274" [src/integrated-gcn/integrated_gcn.cpp:276]   --->   Operation 46 'getelementptr' 'acc_30_addr' <Predicate = (!icmp_ln274)> <Delay = 0.00>
ST_1 : Operation 47 [1/1] (0.00ns)   --->   "%acc_31_addr = getelementptr i32 %acc_31, i64 0, i64 %zext_ln274" [src/integrated-gcn/integrated_gcn.cpp:276]   --->   Operation 47 'getelementptr' 'acc_31_addr' <Predicate = (!icmp_ln274)> <Delay = 0.00>
ST_1 : Operation 48 [2/2] (0.67ns)   --->   "%acc_load = load i1 %acc_addr" [src/integrated-gcn/integrated_gcn.cpp:276]   --->   Operation 48 'load' 'acc_load' <Predicate = (!icmp_ln274)> <Delay = 0.67> <CoreInst = "RAM">   --->   Core 82 'RAM' <Latency = 1> <II = 1> <Delay = 0.67> <Storage> <Opcode : 'load' 'store'> <Ports = 2> <Width = 32> <Depth = 2> <RAM>
ST_1 : Operation 49 [2/2] (0.67ns)   --->   "%acc_1_load = load i1 %acc_1_addr" [src/integrated-gcn/integrated_gcn.cpp:276]   --->   Operation 49 'load' 'acc_1_load' <Predicate = (!icmp_ln274)> <Delay = 0.67> <CoreInst = "RAM">   --->   Core 82 'RAM' <Latency = 1> <II = 1> <Delay = 0.67> <Storage> <Opcode : 'load' 'store'> <Ports = 2> <Width = 32> <Depth = 2> <RAM>
ST_1 : Operation 50 [2/2] (0.67ns)   --->   "%acc_2_load = load i1 %acc_2_addr" [src/integrated-gcn/integrated_gcn.cpp:276]   --->   Operation 50 'load' 'acc_2_load' <Predicate = (!icmp_ln274)> <Delay = 0.67> <CoreInst = "RAM">   --->   Core 82 'RAM' <Latency = 1> <II = 1> <Delay = 0.67> <Storage> <Opcode : 'load' 'store'> <Ports = 2> <Width = 32> <Depth = 2> <RAM>
ST_1 : Operation 51 [2/2] (0.67ns)   --->   "%acc_3_load = load i1 %acc_3_addr" [src/integrated-gcn/integrated_gcn.cpp:276]   --->   Operation 51 'load' 'acc_3_load' <Predicate = (!icmp_ln274)> <Delay = 0.67> <CoreInst = "RAM">   --->   Core 82 'RAM' <Latency = 1> <II = 1> <Delay = 0.67> <Storage> <Opcode : 'load' 'store'> <Ports = 2> <Width = 32> <Depth = 2> <RAM>
ST_1 : Operation 52 [2/2] (0.67ns)   --->   "%acc_4_load = load i1 %acc_4_addr" [src/integrated-gcn/integrated_gcn.cpp:276]   --->   Operation 52 'load' 'acc_4_load' <Predicate = (!icmp_ln274)> <Delay = 0.67> <CoreInst = "RAM">   --->   Core 82 'RAM' <Latency = 1> <II = 1> <Delay = 0.67> <Storage> <Opcode : 'load' 'store'> <Ports = 2> <Width = 32> <Depth = 2> <RAM>
ST_1 : Operation 53 [2/2] (0.67ns)   --->   "%acc_5_load = load i1 %acc_5_addr" [src/integrated-gcn/integrated_gcn.cpp:276]   --->   Operation 53 'load' 'acc_5_load' <Predicate = (!icmp_ln274)> <Delay = 0.67> <CoreInst = "RAM">   --->   Core 82 'RAM' <Latency = 1> <II = 1> <Delay = 0.67> <Storage> <Opcode : 'load' 'store'> <Ports = 2> <Width = 32> <Depth = 2> <RAM>
ST_1 : Operation 54 [2/2] (0.67ns)   --->   "%acc_6_load = load i1 %acc_6_addr" [src/integrated-gcn/integrated_gcn.cpp:276]   --->   Operation 54 'load' 'acc_6_load' <Predicate = (!icmp_ln274)> <Delay = 0.67> <CoreInst = "RAM">   --->   Core 82 'RAM' <Latency = 1> <II = 1> <Delay = 0.67> <Storage> <Opcode : 'load' 'store'> <Ports = 2> <Width = 32> <Depth = 2> <RAM>
ST_1 : Operation 55 [2/2] (0.67ns)   --->   "%acc_7_load = load i1 %acc_7_addr" [src/integrated-gcn/integrated_gcn.cpp:276]   --->   Operation 55 'load' 'acc_7_load' <Predicate = (!icmp_ln274)> <Delay = 0.67> <CoreInst = "RAM">   --->   Core 82 'RAM' <Latency = 1> <II = 1> <Delay = 0.67> <Storage> <Opcode : 'load' 'store'> <Ports = 2> <Width = 32> <Depth = 2> <RAM>
ST_1 : Operation 56 [2/2] (0.67ns)   --->   "%acc_8_load = load i1 %acc_8_addr" [src/integrated-gcn/integrated_gcn.cpp:276]   --->   Operation 56 'load' 'acc_8_load' <Predicate = (!icmp_ln274)> <Delay = 0.67> <CoreInst = "RAM">   --->   Core 82 'RAM' <Latency = 1> <II = 1> <Delay = 0.67> <Storage> <Opcode : 'load' 'store'> <Ports = 2> <Width = 32> <Depth = 2> <RAM>
ST_1 : Operation 57 [2/2] (0.67ns)   --->   "%acc_9_load = load i1 %acc_9_addr" [src/integrated-gcn/integrated_gcn.cpp:276]   --->   Operation 57 'load' 'acc_9_load' <Predicate = (!icmp_ln274)> <Delay = 0.67> <CoreInst = "RAM">   --->   Core 82 'RAM' <Latency = 1> <II = 1> <Delay = 0.67> <Storage> <Opcode : 'load' 'store'> <Ports = 2> <Width = 32> <Depth = 2> <RAM>
ST_1 : Operation 58 [2/2] (0.67ns)   --->   "%acc_10_load = load i1 %acc_10_addr" [src/integrated-gcn/integrated_gcn.cpp:276]   --->   Operation 58 'load' 'acc_10_load' <Predicate = (!icmp_ln274)> <Delay = 0.67> <CoreInst = "RAM">   --->   Core 82 'RAM' <Latency = 1> <II = 1> <Delay = 0.67> <Storage> <Opcode : 'load' 'store'> <Ports = 2> <Width = 32> <Depth = 2> <RAM>
ST_1 : Operation 59 [2/2] (0.67ns)   --->   "%acc_11_load = load i1 %acc_11_addr" [src/integrated-gcn/integrated_gcn.cpp:276]   --->   Operation 59 'load' 'acc_11_load' <Predicate = (!icmp_ln274)> <Delay = 0.67> <CoreInst = "RAM">   --->   Core 82 'RAM' <Latency = 1> <II = 1> <Delay = 0.67> <Storage> <Opcode : 'load' 'store'> <Ports = 2> <Width = 32> <Depth = 2> <RAM>
ST_1 : Operation 60 [2/2] (0.67ns)   --->   "%acc_12_load = load i1 %acc_12_addr" [src/integrated-gcn/integrated_gcn.cpp:276]   --->   Operation 60 'load' 'acc_12_load' <Predicate = (!icmp_ln274)> <Delay = 0.67> <CoreInst = "RAM">   --->   Core 82 'RAM' <Latency = 1> <II = 1> <Delay = 0.67> <Storage> <Opcode : 'load' 'store'> <Ports = 2> <Width = 32> <Depth = 2> <RAM>
ST_1 : Operation 61 [2/2] (0.67ns)   --->   "%acc_13_load = load i1 %acc_13_addr" [src/integrated-gcn/integrated_gcn.cpp:276]   --->   Operation 61 'load' 'acc_13_load' <Predicate = (!icmp_ln274)> <Delay = 0.67> <CoreInst = "RAM">   --->   Core 82 'RAM' <Latency = 1> <II = 1> <Delay = 0.67> <Storage> <Opcode : 'load' 'store'> <Ports = 2> <Width = 32> <Depth = 2> <RAM>
ST_1 : Operation 62 [2/2] (0.67ns)   --->   "%acc_14_load = load i1 %acc_14_addr" [src/integrated-gcn/integrated_gcn.cpp:276]   --->   Operation 62 'load' 'acc_14_load' <Predicate = (!icmp_ln274)> <Delay = 0.67> <CoreInst = "RAM">   --->   Core 82 'RAM' <Latency = 1> <II = 1> <Delay = 0.67> <Storage> <Opcode : 'load' 'store'> <Ports = 2> <Width = 32> <Depth = 2> <RAM>
ST_1 : Operation 63 [2/2] (0.67ns)   --->   "%acc_15_load = load i1 %acc_15_addr" [src/integrated-gcn/integrated_gcn.cpp:276]   --->   Operation 63 'load' 'acc_15_load' <Predicate = (!icmp_ln274)> <Delay = 0.67> <CoreInst = "RAM">   --->   Core 82 'RAM' <Latency = 1> <II = 1> <Delay = 0.67> <Storage> <Opcode : 'load' 'store'> <Ports = 2> <Width = 32> <Depth = 2> <RAM>
ST_1 : Operation 64 [2/2] (0.67ns)   --->   "%acc_16_load = load i1 %acc_16_addr" [src/integrated-gcn/integrated_gcn.cpp:276]   --->   Operation 64 'load' 'acc_16_load' <Predicate = (!icmp_ln274)> <Delay = 0.67> <CoreInst = "RAM">   --->   Core 82 'RAM' <Latency = 1> <II = 1> <Delay = 0.67> <Storage> <Opcode : 'load' 'store'> <Ports = 2> <Width = 32> <Depth = 2> <RAM>
ST_1 : Operation 65 [2/2] (0.67ns)   --->   "%acc_17_load = load i1 %acc_17_addr" [src/integrated-gcn/integrated_gcn.cpp:276]   --->   Operation 65 'load' 'acc_17_load' <Predicate = (!icmp_ln274)> <Delay = 0.67> <CoreInst = "RAM">   --->   Core 82 'RAM' <Latency = 1> <II = 1> <Delay = 0.67> <Storage> <Opcode : 'load' 'store'> <Ports = 2> <Width = 32> <Depth = 2> <RAM>
ST_1 : Operation 66 [2/2] (0.67ns)   --->   "%acc_18_load = load i1 %acc_18_addr" [src/integrated-gcn/integrated_gcn.cpp:276]   --->   Operation 66 'load' 'acc_18_load' <Predicate = (!icmp_ln274)> <Delay = 0.67> <CoreInst = "RAM">   --->   Core 82 'RAM' <Latency = 1> <II = 1> <Delay = 0.67> <Storage> <Opcode : 'load' 'store'> <Ports = 2> <Width = 32> <Depth = 2> <RAM>
ST_1 : Operation 67 [2/2] (0.67ns)   --->   "%acc_19_load = load i1 %acc_19_addr" [src/integrated-gcn/integrated_gcn.cpp:276]   --->   Operation 67 'load' 'acc_19_load' <Predicate = (!icmp_ln274)> <Delay = 0.67> <CoreInst = "RAM">   --->   Core 82 'RAM' <Latency = 1> <II = 1> <Delay = 0.67> <Storage> <Opcode : 'load' 'store'> <Ports = 2> <Width = 32> <Depth = 2> <RAM>
ST_1 : Operation 68 [2/2] (0.67ns)   --->   "%acc_20_load = load i1 %acc_20_addr" [src/integrated-gcn/integrated_gcn.cpp:276]   --->   Operation 68 'load' 'acc_20_load' <Predicate = (!icmp_ln274)> <Delay = 0.67> <CoreInst = "RAM">   --->   Core 82 'RAM' <Latency = 1> <II = 1> <Delay = 0.67> <Storage> <Opcode : 'load' 'store'> <Ports = 2> <Width = 32> <Depth = 2> <RAM>
ST_1 : Operation 69 [2/2] (0.67ns)   --->   "%acc_21_load = load i1 %acc_21_addr" [src/integrated-gcn/integrated_gcn.cpp:276]   --->   Operation 69 'load' 'acc_21_load' <Predicate = (!icmp_ln274)> <Delay = 0.67> <CoreInst = "RAM">   --->   Core 82 'RAM' <Latency = 1> <II = 1> <Delay = 0.67> <Storage> <Opcode : 'load' 'store'> <Ports = 2> <Width = 32> <Depth = 2> <RAM>
ST_1 : Operation 70 [2/2] (0.67ns)   --->   "%acc_22_load = load i1 %acc_22_addr" [src/integrated-gcn/integrated_gcn.cpp:276]   --->   Operation 70 'load' 'acc_22_load' <Predicate = (!icmp_ln274)> <Delay = 0.67> <CoreInst = "RAM">   --->   Core 82 'RAM' <Latency = 1> <II = 1> <Delay = 0.67> <Storage> <Opcode : 'load' 'store'> <Ports = 2> <Width = 32> <Depth = 2> <RAM>
ST_1 : Operation 71 [2/2] (0.67ns)   --->   "%acc_23_load = load i1 %acc_23_addr" [src/integrated-gcn/integrated_gcn.cpp:276]   --->   Operation 71 'load' 'acc_23_load' <Predicate = (!icmp_ln274)> <Delay = 0.67> <CoreInst = "RAM">   --->   Core 82 'RAM' <Latency = 1> <II = 1> <Delay = 0.67> <Storage> <Opcode : 'load' 'store'> <Ports = 2> <Width = 32> <Depth = 2> <RAM>
ST_1 : Operation 72 [2/2] (0.67ns)   --->   "%acc_24_load = load i1 %acc_24_addr" [src/integrated-gcn/integrated_gcn.cpp:276]   --->   Operation 72 'load' 'acc_24_load' <Predicate = (!icmp_ln274)> <Delay = 0.67> <CoreInst = "RAM">   --->   Core 82 'RAM' <Latency = 1> <II = 1> <Delay = 0.67> <Storage> <Opcode : 'load' 'store'> <Ports = 2> <Width = 32> <Depth = 2> <RAM>
ST_1 : Operation 73 [2/2] (0.67ns)   --->   "%acc_25_load = load i1 %acc_25_addr" [src/integrated-gcn/integrated_gcn.cpp:276]   --->   Operation 73 'load' 'acc_25_load' <Predicate = (!icmp_ln274)> <Delay = 0.67> <CoreInst = "RAM">   --->   Core 82 'RAM' <Latency = 1> <II = 1> <Delay = 0.67> <Storage> <Opcode : 'load' 'store'> <Ports = 2> <Width = 32> <Depth = 2> <RAM>
ST_1 : Operation 74 [2/2] (0.67ns)   --->   "%acc_26_load = load i1 %acc_26_addr" [src/integrated-gcn/integrated_gcn.cpp:276]   --->   Operation 74 'load' 'acc_26_load' <Predicate = (!icmp_ln274)> <Delay = 0.67> <CoreInst = "RAM">   --->   Core 82 'RAM' <Latency = 1> <II = 1> <Delay = 0.67> <Storage> <Opcode : 'load' 'store'> <Ports = 2> <Width = 32> <Depth = 2> <RAM>
ST_1 : Operation 75 [2/2] (0.67ns)   --->   "%acc_27_load = load i1 %acc_27_addr" [src/integrated-gcn/integrated_gcn.cpp:276]   --->   Operation 75 'load' 'acc_27_load' <Predicate = (!icmp_ln274)> <Delay = 0.67> <CoreInst = "RAM">   --->   Core 82 'RAM' <Latency = 1> <II = 1> <Delay = 0.67> <Storage> <Opcode : 'load' 'store'> <Ports = 2> <Width = 32> <Depth = 2> <RAM>
ST_1 : Operation 76 [2/2] (0.67ns)   --->   "%acc_28_load = load i1 %acc_28_addr" [src/integrated-gcn/integrated_gcn.cpp:276]   --->   Operation 76 'load' 'acc_28_load' <Predicate = (!icmp_ln274)> <Delay = 0.67> <CoreInst = "RAM">   --->   Core 82 'RAM' <Latency = 1> <II = 1> <Delay = 0.67> <Storage> <Opcode : 'load' 'store'> <Ports = 2> <Width = 32> <Depth = 2> <RAM>
ST_1 : Operation 77 [2/2] (0.67ns)   --->   "%acc_29_load = load i1 %acc_29_addr" [src/integrated-gcn/integrated_gcn.cpp:276]   --->   Operation 77 'load' 'acc_29_load' <Predicate = (!icmp_ln274)> <Delay = 0.67> <CoreInst = "RAM">   --->   Core 82 'RAM' <Latency = 1> <II = 1> <Delay = 0.67> <Storage> <Opcode : 'load' 'store'> <Ports = 2> <Width = 32> <Depth = 2> <RAM>
ST_1 : Operation 78 [2/2] (0.67ns)   --->   "%acc_30_load = load i1 %acc_30_addr" [src/integrated-gcn/integrated_gcn.cpp:276]   --->   Operation 78 'load' 'acc_30_load' <Predicate = (!icmp_ln274)> <Delay = 0.67> <CoreInst = "RAM">   --->   Core 82 'RAM' <Latency = 1> <II = 1> <Delay = 0.67> <Storage> <Opcode : 'load' 'store'> <Ports = 2> <Width = 32> <Depth = 2> <RAM>
ST_1 : Operation 79 [2/2] (0.67ns)   --->   "%acc_31_load = load i1 %acc_31_addr" [src/integrated-gcn/integrated_gcn.cpp:276]   --->   Operation 79 'load' 'acc_31_load' <Predicate = (!icmp_ln274)> <Delay = 0.67> <CoreInst = "RAM">   --->   Core 82 'RAM' <Latency = 1> <II = 1> <Delay = 0.67> <Storage> <Opcode : 'load' 'store'> <Ports = 2> <Width = 32> <Depth = 2> <RAM>
ST_1 : Operation 80 [1/1] (0.42ns)   --->   "%store_ln274 = store i7 %add_ln274, i7 %f" [src/integrated-gcn/integrated_gcn.cpp:274]   --->   Operation 80 'store' 'store_ln274' <Predicate = (!icmp_ln274)> <Delay = 0.42>
ST_1 : Operation 150 [1/1] (0.42ns)   --->   "%ret_ln0 = ret"   --->   Operation 150 'ret' 'ret_ln0' <Predicate = (icmp_ln274)> <Delay = 0.42>

State 2 <SV = 1> <Delay = 5.17>
ST_2 : Operation 81 [1/1] (0.00ns)   --->   "%specpipeline_ln275 = specpipeline void @_ssdm_op_SpecPipeline, i32 1, i32 0, i32 0, i32 0, i32 4294967295, void @empty_23" [src/integrated-gcn/integrated_gcn.cpp:275]   --->   Operation 81 'specpipeline' 'specpipeline_ln275' <Predicate = true> <Delay = 0.00>
ST_2 : Operation 82 [1/1] (0.00ns)   --->   "%speclooptripcount_ln274 = speclooptripcount void @_ssdm_op_SpecLoopTripCount, i64 64, i64 64, i64 64" [src/integrated-gcn/integrated_gcn.cpp:274]   --->   Operation 82 'speclooptripcount' 'speclooptripcount_ln274' <Predicate = true> <Delay = 0.00>
ST_2 : Operation 83 [1/1] (0.00ns)   --->   "%specloopname_ln274 = specloopname void @_ssdm_op_SpecLoopName, void @empty_1" [src/integrated-gcn/integrated_gcn.cpp:274]   --->   Operation 83 'specloopname' 'specloopname_ln274' <Predicate = true> <Delay = 0.00>
ST_2 : Operation 84 [1/2] ( I:0.67ns O:0.67ns )   --->   "%acc_load = load i1 %acc_addr" [src/integrated-gcn/integrated_gcn.cpp:276]   --->   Operation 84 'load' 'acc_load' <Predicate = true> <Delay = 0.67> <CoreInst = "RAM">   --->   Core 82 'RAM' <Latency = 1> <II = 1> <Delay = 0.67> <Storage> <Opcode : 'load' 'store'> <Ports = 2> <Width = 32> <Depth = 2> <RAM>
ST_2 : Operation 85 [1/2] ( I:0.67ns O:0.67ns )   --->   "%acc_1_load = load i1 %acc_1_addr" [src/integrated-gcn/integrated_gcn.cpp:276]   --->   Operation 85 'load' 'acc_1_load' <Predicate = true> <Delay = 0.67> <CoreInst = "RAM">   --->   Core 82 'RAM' <Latency = 1> <II = 1> <Delay = 0.67> <Storage> <Opcode : 'load' 'store'> <Ports = 2> <Width = 32> <Depth = 2> <RAM>
ST_2 : Operation 86 [1/2] ( I:0.67ns O:0.67ns )   --->   "%acc_2_load = load i1 %acc_2_addr" [src/integrated-gcn/integrated_gcn.cpp:276]   --->   Operation 86 'load' 'acc_2_load' <Predicate = true> <Delay = 0.67> <CoreInst = "RAM">   --->   Core 82 'RAM' <Latency = 1> <II = 1> <Delay = 0.67> <Storage> <Opcode : 'load' 'store'> <Ports = 2> <Width = 32> <Depth = 2> <RAM>
ST_2 : Operation 87 [1/2] ( I:0.67ns O:0.67ns )   --->   "%acc_3_load = load i1 %acc_3_addr" [src/integrated-gcn/integrated_gcn.cpp:276]   --->   Operation 87 'load' 'acc_3_load' <Predicate = true> <Delay = 0.67> <CoreInst = "RAM">   --->   Core 82 'RAM' <Latency = 1> <II = 1> <Delay = 0.67> <Storage> <Opcode : 'load' 'store'> <Ports = 2> <Width = 32> <Depth = 2> <RAM>
ST_2 : Operation 88 [1/2] ( I:0.67ns O:0.67ns )   --->   "%acc_4_load = load i1 %acc_4_addr" [src/integrated-gcn/integrated_gcn.cpp:276]   --->   Operation 88 'load' 'acc_4_load' <Predicate = true> <Delay = 0.67> <CoreInst = "RAM">   --->   Core 82 'RAM' <Latency = 1> <II = 1> <Delay = 0.67> <Storage> <Opcode : 'load' 'store'> <Ports = 2> <Width = 32> <Depth = 2> <RAM>
ST_2 : Operation 89 [1/2] ( I:0.67ns O:0.67ns )   --->   "%acc_5_load = load i1 %acc_5_addr" [src/integrated-gcn/integrated_gcn.cpp:276]   --->   Operation 89 'load' 'acc_5_load' <Predicate = true> <Delay = 0.67> <CoreInst = "RAM">   --->   Core 82 'RAM' <Latency = 1> <II = 1> <Delay = 0.67> <Storage> <Opcode : 'load' 'store'> <Ports = 2> <Width = 32> <Depth = 2> <RAM>
ST_2 : Operation 90 [1/2] ( I:0.67ns O:0.67ns )   --->   "%acc_6_load = load i1 %acc_6_addr" [src/integrated-gcn/integrated_gcn.cpp:276]   --->   Operation 90 'load' 'acc_6_load' <Predicate = true> <Delay = 0.67> <CoreInst = "RAM">   --->   Core 82 'RAM' <Latency = 1> <II = 1> <Delay = 0.67> <Storage> <Opcode : 'load' 'store'> <Ports = 2> <Width = 32> <Depth = 2> <RAM>
ST_2 : Operation 91 [1/2] ( I:0.67ns O:0.67ns )   --->   "%acc_7_load = load i1 %acc_7_addr" [src/integrated-gcn/integrated_gcn.cpp:276]   --->   Operation 91 'load' 'acc_7_load' <Predicate = true> <Delay = 0.67> <CoreInst = "RAM">   --->   Core 82 'RAM' <Latency = 1> <II = 1> <Delay = 0.67> <Storage> <Opcode : 'load' 'store'> <Ports = 2> <Width = 32> <Depth = 2> <RAM>
ST_2 : Operation 92 [1/2] ( I:0.67ns O:0.67ns )   --->   "%acc_8_load = load i1 %acc_8_addr" [src/integrated-gcn/integrated_gcn.cpp:276]   --->   Operation 92 'load' 'acc_8_load' <Predicate = true> <Delay = 0.67> <CoreInst = "RAM">   --->   Core 82 'RAM' <Latency = 1> <II = 1> <Delay = 0.67> <Storage> <Opcode : 'load' 'store'> <Ports = 2> <Width = 32> <Depth = 2> <RAM>
ST_2 : Operation 93 [1/2] ( I:0.67ns O:0.67ns )   --->   "%acc_9_load = load i1 %acc_9_addr" [src/integrated-gcn/integrated_gcn.cpp:276]   --->   Operation 93 'load' 'acc_9_load' <Predicate = true> <Delay = 0.67> <CoreInst = "RAM">   --->   Core 82 'RAM' <Latency = 1> <II = 1> <Delay = 0.67> <Storage> <Opcode : 'load' 'store'> <Ports = 2> <Width = 32> <Depth = 2> <RAM>
ST_2 : Operation 94 [1/2] ( I:0.67ns O:0.67ns )   --->   "%acc_10_load = load i1 %acc_10_addr" [src/integrated-gcn/integrated_gcn.cpp:276]   --->   Operation 94 'load' 'acc_10_load' <Predicate = true> <Delay = 0.67> <CoreInst = "RAM">   --->   Core 82 'RAM' <Latency = 1> <II = 1> <Delay = 0.67> <Storage> <Opcode : 'load' 'store'> <Ports = 2> <Width = 32> <Depth = 2> <RAM>
ST_2 : Operation 95 [1/2] ( I:0.67ns O:0.67ns )   --->   "%acc_11_load = load i1 %acc_11_addr" [src/integrated-gcn/integrated_gcn.cpp:276]   --->   Operation 95 'load' 'acc_11_load' <Predicate = true> <Delay = 0.67> <CoreInst = "RAM">   --->   Core 82 'RAM' <Latency = 1> <II = 1> <Delay = 0.67> <Storage> <Opcode : 'load' 'store'> <Ports = 2> <Width = 32> <Depth = 2> <RAM>
ST_2 : Operation 96 [1/2] ( I:0.67ns O:0.67ns )   --->   "%acc_12_load = load i1 %acc_12_addr" [src/integrated-gcn/integrated_gcn.cpp:276]   --->   Operation 96 'load' 'acc_12_load' <Predicate = true> <Delay = 0.67> <CoreInst = "RAM">   --->   Core 82 'RAM' <Latency = 1> <II = 1> <Delay = 0.67> <Storage> <Opcode : 'load' 'store'> <Ports = 2> <Width = 32> <Depth = 2> <RAM>
ST_2 : Operation 97 [1/2] ( I:0.67ns O:0.67ns )   --->   "%acc_13_load = load i1 %acc_13_addr" [src/integrated-gcn/integrated_gcn.cpp:276]   --->   Operation 97 'load' 'acc_13_load' <Predicate = true> <Delay = 0.67> <CoreInst = "RAM">   --->   Core 82 'RAM' <Latency = 1> <II = 1> <Delay = 0.67> <Storage> <Opcode : 'load' 'store'> <Ports = 2> <Width = 32> <Depth = 2> <RAM>
ST_2 : Operation 98 [1/2] ( I:0.67ns O:0.67ns )   --->   "%acc_14_load = load i1 %acc_14_addr" [src/integrated-gcn/integrated_gcn.cpp:276]   --->   Operation 98 'load' 'acc_14_load' <Predicate = true> <Delay = 0.67> <CoreInst = "RAM">   --->   Core 82 'RAM' <Latency = 1> <II = 1> <Delay = 0.67> <Storage> <Opcode : 'load' 'store'> <Ports = 2> <Width = 32> <Depth = 2> <RAM>
ST_2 : Operation 99 [1/2] ( I:0.67ns O:0.67ns )   --->   "%acc_15_load = load i1 %acc_15_addr" [src/integrated-gcn/integrated_gcn.cpp:276]   --->   Operation 99 'load' 'acc_15_load' <Predicate = true> <Delay = 0.67> <CoreInst = "RAM">   --->   Core 82 'RAM' <Latency = 1> <II = 1> <Delay = 0.67> <Storage> <Opcode : 'load' 'store'> <Ports = 2> <Width = 32> <Depth = 2> <RAM>
ST_2 : Operation 100 [1/2] ( I:0.67ns O:0.67ns )   --->   "%acc_16_load = load i1 %acc_16_addr" [src/integrated-gcn/integrated_gcn.cpp:276]   --->   Operation 100 'load' 'acc_16_load' <Predicate = true> <Delay = 0.67> <CoreInst = "RAM">   --->   Core 82 'RAM' <Latency = 1> <II = 1> <Delay = 0.67> <Storage> <Opcode : 'load' 'store'> <Ports = 2> <Width = 32> <Depth = 2> <RAM>
ST_2 : Operation 101 [1/2] ( I:0.67ns O:0.67ns )   --->   "%acc_17_load = load i1 %acc_17_addr" [src/integrated-gcn/integrated_gcn.cpp:276]   --->   Operation 101 'load' 'acc_17_load' <Predicate = true> <Delay = 0.67> <CoreInst = "RAM">   --->   Core 82 'RAM' <Latency = 1> <II = 1> <Delay = 0.67> <Storage> <Opcode : 'load' 'store'> <Ports = 2> <Width = 32> <Depth = 2> <RAM>
ST_2 : Operation 102 [1/2] ( I:0.67ns O:0.67ns )   --->   "%acc_18_load = load i1 %acc_18_addr" [src/integrated-gcn/integrated_gcn.cpp:276]   --->   Operation 102 'load' 'acc_18_load' <Predicate = true> <Delay = 0.67> <CoreInst = "RAM">   --->   Core 82 'RAM' <Latency = 1> <II = 1> <Delay = 0.67> <Storage> <Opcode : 'load' 'store'> <Ports = 2> <Width = 32> <Depth = 2> <RAM>
ST_2 : Operation 103 [1/2] ( I:0.67ns O:0.67ns )   --->   "%acc_19_load = load i1 %acc_19_addr" [src/integrated-gcn/integrated_gcn.cpp:276]   --->   Operation 103 'load' 'acc_19_load' <Predicate = true> <Delay = 0.67> <CoreInst = "RAM">   --->   Core 82 'RAM' <Latency = 1> <II = 1> <Delay = 0.67> <Storage> <Opcode : 'load' 'store'> <Ports = 2> <Width = 32> <Depth = 2> <RAM>
ST_2 : Operation 104 [1/2] ( I:0.67ns O:0.67ns )   --->   "%acc_20_load = load i1 %acc_20_addr" [src/integrated-gcn/integrated_gcn.cpp:276]   --->   Operation 104 'load' 'acc_20_load' <Predicate = true> <Delay = 0.67> <CoreInst = "RAM">   --->   Core 82 'RAM' <Latency = 1> <II = 1> <Delay = 0.67> <Storage> <Opcode : 'load' 'store'> <Ports = 2> <Width = 32> <Depth = 2> <RAM>
ST_2 : Operation 105 [1/2] ( I:0.67ns O:0.67ns )   --->   "%acc_21_load = load i1 %acc_21_addr" [src/integrated-gcn/integrated_gcn.cpp:276]   --->   Operation 105 'load' 'acc_21_load' <Predicate = true> <Delay = 0.67> <CoreInst = "RAM">   --->   Core 82 'RAM' <Latency = 1> <II = 1> <Delay = 0.67> <Storage> <Opcode : 'load' 'store'> <Ports = 2> <Width = 32> <Depth = 2> <RAM>
ST_2 : Operation 106 [1/2] ( I:0.67ns O:0.67ns )   --->   "%acc_22_load = load i1 %acc_22_addr" [src/integrated-gcn/integrated_gcn.cpp:276]   --->   Operation 106 'load' 'acc_22_load' <Predicate = true> <Delay = 0.67> <CoreInst = "RAM">   --->   Core 82 'RAM' <Latency = 1> <II = 1> <Delay = 0.67> <Storage> <Opcode : 'load' 'store'> <Ports = 2> <Width = 32> <Depth = 2> <RAM>
ST_2 : Operation 107 [1/2] ( I:0.67ns O:0.67ns )   --->   "%acc_23_load = load i1 %acc_23_addr" [src/integrated-gcn/integrated_gcn.cpp:276]   --->   Operation 107 'load' 'acc_23_load' <Predicate = true> <Delay = 0.67> <CoreInst = "RAM">   --->   Core 82 'RAM' <Latency = 1> <II = 1> <Delay = 0.67> <Storage> <Opcode : 'load' 'store'> <Ports = 2> <Width = 32> <Depth = 2> <RAM>
ST_2 : Operation 108 [1/2] ( I:0.67ns O:0.67ns )   --->   "%acc_24_load = load i1 %acc_24_addr" [src/integrated-gcn/integrated_gcn.cpp:276]   --->   Operation 108 'load' 'acc_24_load' <Predicate = true> <Delay = 0.67> <CoreInst = "RAM">   --->   Core 82 'RAM' <Latency = 1> <II = 1> <Delay = 0.67> <Storage> <Opcode : 'load' 'store'> <Ports = 2> <Width = 32> <Depth = 2> <RAM>
ST_2 : Operation 109 [1/2] ( I:0.67ns O:0.67ns )   --->   "%acc_25_load = load i1 %acc_25_addr" [src/integrated-gcn/integrated_gcn.cpp:276]   --->   Operation 109 'load' 'acc_25_load' <Predicate = true> <Delay = 0.67> <CoreInst = "RAM">   --->   Core 82 'RAM' <Latency = 1> <II = 1> <Delay = 0.67> <Storage> <Opcode : 'load' 'store'> <Ports = 2> <Width = 32> <Depth = 2> <RAM>
ST_2 : Operation 110 [1/2] ( I:0.67ns O:0.67ns )   --->   "%acc_26_load = load i1 %acc_26_addr" [src/integrated-gcn/integrated_gcn.cpp:276]   --->   Operation 110 'load' 'acc_26_load' <Predicate = true> <Delay = 0.67> <CoreInst = "RAM">   --->   Core 82 'RAM' <Latency = 1> <II = 1> <Delay = 0.67> <Storage> <Opcode : 'load' 'store'> <Ports = 2> <Width = 32> <Depth = 2> <RAM>
ST_2 : Operation 111 [1/2] ( I:0.67ns O:0.67ns )   --->   "%acc_27_load = load i1 %acc_27_addr" [src/integrated-gcn/integrated_gcn.cpp:276]   --->   Operation 111 'load' 'acc_27_load' <Predicate = true> <Delay = 0.67> <CoreInst = "RAM">   --->   Core 82 'RAM' <Latency = 1> <II = 1> <Delay = 0.67> <Storage> <Opcode : 'load' 'store'> <Ports = 2> <Width = 32> <Depth = 2> <RAM>
ST_2 : Operation 112 [1/2] ( I:0.67ns O:0.67ns )   --->   "%acc_28_load = load i1 %acc_28_addr" [src/integrated-gcn/integrated_gcn.cpp:276]   --->   Operation 112 'load' 'acc_28_load' <Predicate = true> <Delay = 0.67> <CoreInst = "RAM">   --->   Core 82 'RAM' <Latency = 1> <II = 1> <Delay = 0.67> <Storage> <Opcode : 'load' 'store'> <Ports = 2> <Width = 32> <Depth = 2> <RAM>
ST_2 : Operation 113 [1/2] ( I:0.67ns O:0.67ns )   --->   "%acc_29_load = load i1 %acc_29_addr" [src/integrated-gcn/integrated_gcn.cpp:276]   --->   Operation 113 'load' 'acc_29_load' <Predicate = true> <Delay = 0.67> <CoreInst = "RAM">   --->   Core 82 'RAM' <Latency = 1> <II = 1> <Delay = 0.67> <Storage> <Opcode : 'load' 'store'> <Ports = 2> <Width = 32> <Depth = 2> <RAM>
ST_2 : Operation 114 [1/2] ( I:0.67ns O:0.67ns )   --->   "%acc_30_load = load i1 %acc_30_addr" [src/integrated-gcn/integrated_gcn.cpp:276]   --->   Operation 114 'load' 'acc_30_load' <Predicate = true> <Delay = 0.67> <CoreInst = "RAM">   --->   Core 82 'RAM' <Latency = 1> <II = 1> <Delay = 0.67> <Storage> <Opcode : 'load' 'store'> <Ports = 2> <Width = 32> <Depth = 2> <RAM>
ST_2 : Operation 115 [1/2] ( I:0.67ns O:0.67ns )   --->   "%acc_31_load = load i1 %acc_31_addr" [src/integrated-gcn/integrated_gcn.cpp:276]   --->   Operation 115 'load' 'acc_31_load' <Predicate = true> <Delay = 0.67> <CoreInst = "RAM">   --->   Core 82 'RAM' <Latency = 1> <II = 1> <Delay = 0.67> <Storage> <Opcode : 'load' 'store'> <Ports = 2> <Width = 32> <Depth = 2> <RAM>
ST_2 : Operation 116 [1/1] (0.78ns)   --->   "%tmp_s = sparsemux i32 @_ssdm_op_SparseMux.ap_auto.32i32.i32.i5, i5 0, i32 %acc_load, i5 1, i32 %acc_1_load, i5 2, i32 %acc_2_load, i5 3, i32 %acc_3_load, i5 4, i32 %acc_4_load, i5 5, i32 %acc_5_load, i5 6, i32 %acc_6_load, i5 7, i32 %acc_7_load, i5 8, i32 %acc_8_load, i5 9, i32 %acc_9_load, i5 10, i32 %acc_10_load, i5 11, i32 %acc_11_load, i5 12, i32 %acc_12_load, i5 13, i32 %acc_13_load, i5 14, i32 %acc_14_load, i5 15, i32 %acc_15_load, i5 16, i32 %acc_16_load, i5 17, i32 %acc_17_load, i5 18, i32 %acc_18_load, i5 19, i32 %acc_19_load, i5 20, i32 %acc_20_load, i5 21, i32 %acc_21_load, i5 22, i32 %acc_22_load, i5 23, i32 %acc_23_load, i5 24, i32 %acc_24_load, i5 25, i32 %acc_25_load, i5 26, i32 %acc_26_load, i5 27, i32 %acc_27_load, i5 28, i32 %acc_28_load, i5 29, i32 %acc_29_load, i5 30, i32 %acc_30_load, i5 31, i32 %acc_31_load, i32 0, i5 %trunc_ln274" [src/integrated-gcn/integrated_gcn.cpp:276]   --->   Operation 116 'sparsemux' 'tmp_s' <Predicate = true> <Delay = 0.78> <CoreInst = "BinarySparseMux_DontCare">   --->   Core 149 'BinarySparseMux_DontCare' <Latency = 0> <II = 1> <Delay = 0.78> <FuncUnit> <Opcode : 'sparsemux'> <InPorts = 2> <OutPorts = 1>
ST_2 : Operation 117 [1/1] (0.00ns)   --->   "%tmp_1 = bitselect i1 @_ssdm_op_BitSelect.i1.i32.i32, i32 %tmp_s, i32 31" [src/integrated-gcn/integrated_gcn.cpp:276]   --->   Operation 117 'bitselect' 'tmp_1' <Predicate = true> <Delay = 0.00>
ST_2 : Operation 118 [1/1] (0.00ns)   --->   "%trunc_ln5 = partselect i16 @_ssdm_op_PartSelect.i16.i32.i32.i32, i32 %tmp_s, i32 10, i32 25" [src/integrated-gcn/integrated_gcn.cpp:276]   --->   Operation 118 'partselect' 'trunc_ln5' <Predicate = true> <Delay = 0.00>
ST_2 : Operation 119 [1/1] (0.00ns)   --->   "%tmp_2 = bitselect i1 @_ssdm_op_BitSelect.i1.i32.i32, i32 %tmp_s, i32 9" [src/integrated-gcn/integrated_gcn.cpp:276]   --->   Operation 119 'bitselect' 'tmp_2' <Predicate = true> <Delay = 0.00>
ST_2 : Operation 120 [1/1] (0.00ns) (grouped into LUT with out node and_ln276)   --->   "%tmp_3 = bitselect i1 @_ssdm_op_BitSelect.i1.i32.i32, i32 %tmp_s, i32 25" [src/integrated-gcn/integrated_gcn.cpp:276]   --->   Operation 120 'bitselect' 'tmp_3' <Predicate = true> <Delay = 0.00>
ST_2 : Operation 121 [1/1] (0.00ns)   --->   "%zext_ln276 = zext i1 %tmp_2" [src/integrated-gcn/integrated_gcn.cpp:276]   --->   Operation 121 'zext' 'zext_ln276' <Predicate = true> <Delay = 0.00>
ST_2 : Operation 122 [1/1] (0.85ns)   --->   "%add_ln276 = add i16 %trunc_ln5, i16 %zext_ln276" [src/integrated-gcn/integrated_gcn.cpp:276]   --->   Operation 122 'add' 'add_ln276' <Predicate = true> <Delay = 0.85> <CoreInst = "Adder">   --->   Core 1 'Adder' <Latency = 0> <II = 1> <Delay = 0.85> <FuncUnit> <Opcode : 'add' 'sub'> <InPorts = 2> <OutPorts = 1>
ST_2 : Operation 123 [1/1] (0.00ns)   --->   "%tmp_4 = bitselect i1 @_ssdm_op_BitSelect.i1.i16.i32, i16 %add_ln276, i32 15" [src/integrated-gcn/integrated_gcn.cpp:276]   --->   Operation 123 'bitselect' 'tmp_4' <Predicate = true> <Delay = 0.00>
ST_2 : Operation 124 [1/1] (0.00ns) (grouped into LUT with out node and_ln276)   --->   "%xor_ln276 = xor i1 %tmp_4, i1 1" [src/integrated-gcn/integrated_gcn.cpp:276]   --->   Operation 124 'xor' 'xor_ln276' <Predicate = true> <Delay = 0.00> <CoreInst = "LogicGate">   --->   Core 74 'LogicGate' <Latency = 0> <II = 1> <Delay = 0.28> <FuncUnit> <Opcode : 'and' 'or' 'xor'> <InPorts = 2> <OutPorts = 1>
ST_2 : Operation 125 [1/1] (0.28ns) (out node of the LUT)   --->   "%and_ln276 = and i1 %tmp_3, i1 %xor_ln276" [src/integrated-gcn/integrated_gcn.cpp:276]   --->   Operation 125 'and' 'and_ln276' <Predicate = true> <Delay = 0.28> <CoreInst = "LogicGate">   --->   Core 74 'LogicGate' <Latency = 0> <II = 1> <Delay = 0.28> <FuncUnit> <Opcode : 'and' 'or' 'xor'> <InPorts = 2> <OutPorts = 1>
ST_2 : Operation 126 [1/1] (0.00ns) (grouped into LUT with out node and_ln276_4)   --->   "%tmp_5 = bitselect i1 @_ssdm_op_BitSelect.i1.i32.i32, i32 %tmp_s, i32 26" [src/integrated-gcn/integrated_gcn.cpp:276]   --->   Operation 126 'bitselect' 'tmp_5' <Predicate = true> <Delay = 0.00>
ST_2 : Operation 127 [1/1] (0.00ns)   --->   "%tmp_6 = partselect i5 @_ssdm_op_PartSelect.i5.i32.i32, i32 %tmp_s, i32 27" [src/integrated-gcn/integrated_gcn.cpp:276]   --->   Operation 127 'partselect' 'tmp_6' <Predicate = true> <Delay = 0.00>
ST_2 : Operation 128 [1/1] (0.78ns)   --->   "%icmp_ln276 = icmp_eq  i5 %tmp_6, i5 31" [src/integrated-gcn/integrated_gcn.cpp:276]   --->   Operation 128 'icmp' 'icmp_ln276' <Predicate = true> <Delay = 0.78> <CoreInst = "Cmp">   --->   Core 9 'Cmp' <Latency = 0> <II = 1> <Delay = 0.78> <FuncUnit> <Opcode : 'seteq' 'setne' 'setle' 'setge' 'setlt' 'setgt'> <InPorts = 2> <OutPorts = 1>
ST_2 : Operation 129 [1/1] (0.00ns)   --->   "%tmp_7 = partselect i6 @_ssdm_op_PartSelect.i6.i32.i32, i32 %tmp_s, i32 26" [src/integrated-gcn/integrated_gcn.cpp:276]   --->   Operation 129 'partselect' 'tmp_7' <Predicate = true> <Delay = 0.00>
ST_2 : Operation 130 [1/1] (0.78ns)   --->   "%icmp_ln276_1 = icmp_eq  i6 %tmp_7, i6 63" [src/integrated-gcn/integrated_gcn.cpp:276]   --->   Operation 130 'icmp' 'icmp_ln276_1' <Predicate = true> <Delay = 0.78> <CoreInst = "Cmp">   --->   Core 9 'Cmp' <Latency = 0> <II = 1> <Delay = 0.78> <FuncUnit> <Opcode : 'seteq' 'setne' 'setle' 'setge' 'setlt' 'setgt'> <InPorts = 2> <OutPorts = 1>
ST_2 : Operation 131 [1/1] (0.78ns)   --->   "%icmp_ln276_2 = icmp_eq  i6 %tmp_7, i6 0" [src/integrated-gcn/integrated_gcn.cpp:276]   --->   Operation 131 'icmp' 'icmp_ln276_2' <Predicate = true> <Delay = 0.78> <CoreInst = "Cmp">   --->   Core 9 'Cmp' <Latency = 0> <II = 1> <Delay = 0.78> <FuncUnit> <Opcode : 'seteq' 'setne' 'setle' 'setge' 'setlt' 'setgt'> <InPorts = 2> <OutPorts = 1>
ST_2 : Operation 132 [1/1] (0.00ns) (grouped into LUT with out node and_ln276_3)   --->   "%select_ln276 = select i1 %and_ln276, i1 %icmp_ln276_1, i1 %icmp_ln276_2" [src/integrated-gcn/integrated_gcn.cpp:276]   --->   Operation 132 'select' 'select_ln276' <Predicate = true> <Delay = 0.00> <CoreInst = "Sel">   --->   Core 73 'Sel' <Latency = 0> <II = 1> <Delay = 0.17> <FuncUnit> <Opcode : 'select'> <InPorts = 3> <OutPorts = 1>
ST_2 : Operation 133 [1/1] (0.00ns) (grouped into LUT with out node and_ln276_4)   --->   "%xor_ln276_1 = xor i1 %tmp_5, i1 1" [src/integrated-gcn/integrated_gcn.cpp:276]   --->   Operation 133 'xor' 'xor_ln276_1' <Predicate = true> <Delay = 0.00> <CoreInst = "LogicGate">   --->   Core 74 'LogicGate' <Latency = 0> <II = 1> <Delay = 0.28> <FuncUnit> <Opcode : 'and' 'or' 'xor'> <InPorts = 2> <OutPorts = 1>
ST_2 : Operation 134 [1/1] (0.00ns) (grouped into LUT with out node and_ln276_4)   --->   "%and_ln276_1 = and i1 %icmp_ln276, i1 %xor_ln276_1" [src/integrated-gcn/integrated_gcn.cpp:276]   --->   Operation 134 'and' 'and_ln276_1' <Predicate = true> <Delay = 0.00> <CoreInst = "LogicGate">   --->   Core 74 'LogicGate' <Latency = 0> <II = 1> <Delay = 0.28> <FuncUnit> <Opcode : 'and' 'or' 'xor'> <InPorts = 2> <OutPorts = 1>
ST_2 : Operation 135 [1/1] (0.00ns) (grouped into LUT with out node and_ln276_4)   --->   "%select_ln276_1 = select i1 %and_ln276, i1 %and_ln276_1, i1 %icmp_ln276_1" [src/integrated-gcn/integrated_gcn.cpp:276]   --->   Operation 135 'select' 'select_ln276_1' <Predicate = true> <Delay = 0.00> <CoreInst = "Sel">   --->   Core 73 'Sel' <Latency = 0> <II = 1> <Delay = 0.17> <FuncUnit> <Opcode : 'select'> <InPorts = 3> <OutPorts = 1>
ST_2 : Operation 136 [1/1] (0.00ns) (grouped into LUT with out node or_ln276_1)   --->   "%and_ln276_2 = and i1 %and_ln276, i1 %icmp_ln276_1" [src/integrated-gcn/integrated_gcn.cpp:276]   --->   Operation 136 'and' 'and_ln276_2' <Predicate = true> <Delay = 0.00> <CoreInst = "LogicGate">   --->   Core 74 'LogicGate' <Latency = 0> <II = 1> <Delay = 0.28> <FuncUnit> <Opcode : 'and' 'or' 'xor'> <InPorts = 2> <OutPorts = 1>
ST_2 : Operation 137 [1/1] (0.00ns) (grouped into LUT with out node and_ln276_3)   --->   "%xor_ln276_2 = xor i1 %select_ln276, i1 1" [src/integrated-gcn/integrated_gcn.cpp:276]   --->   Operation 137 'xor' 'xor_ln276_2' <Predicate = true> <Delay = 0.00> <CoreInst = "LogicGate">   --->   Core 74 'LogicGate' <Latency = 0> <II = 1> <Delay = 0.28> <FuncUnit> <Opcode : 'and' 'or' 'xor'> <InPorts = 2> <OutPorts = 1>
ST_2 : Operation 138 [1/1] (0.00ns) (grouped into LUT with out node and_ln276_3)   --->   "%or_ln276 = or i1 %tmp_4, i1 %xor_ln276_2" [src/integrated-gcn/integrated_gcn.cpp:276]   --->   Operation 138 'or' 'or_ln276' <Predicate = true> <Delay = 0.00> <CoreInst = "LogicGate">   --->   Core 74 'LogicGate' <Latency = 0> <II = 1> <Delay = 0.28> <FuncUnit> <Opcode : 'and' 'or' 'xor'> <InPorts = 2> <OutPorts = 1>
ST_2 : Operation 139 [1/1] (0.00ns) (grouped into LUT with out node and_ln276_3)   --->   "%xor_ln276_3 = xor i1 %tmp_1, i1 1" [src/integrated-gcn/integrated_gcn.cpp:276]   --->   Operation 139 'xor' 'xor_ln276_3' <Predicate = true> <Delay = 0.00> <CoreInst = "LogicGate">   --->   Core 74 'LogicGate' <Latency = 0> <II = 1> <Delay = 0.28> <FuncUnit> <Opcode : 'and' 'or' 'xor'> <InPorts = 2> <OutPorts = 1>
ST_2 : Operation 140 [1/1] (0.28ns) (out node of the LUT)   --->   "%and_ln276_3 = and i1 %or_ln276, i1 %xor_ln276_3" [src/integrated-gcn/integrated_gcn.cpp:276]   --->   Operation 140 'and' 'and_ln276_3' <Predicate = true> <Delay = 0.28> <CoreInst = "LogicGate">   --->   Core 74 'LogicGate' <Latency = 0> <II = 1> <Delay = 0.28> <FuncUnit> <Opcode : 'and' 'or' 'xor'> <InPorts = 2> <OutPorts = 1>
ST_2 : Operation 141 [1/1] (0.28ns) (out node of the LUT)   --->   "%and_ln276_4 = and i1 %tmp_4, i1 %select_ln276_1" [src/integrated-gcn/integrated_gcn.cpp:276]   --->   Operation 141 'and' 'and_ln276_4' <Predicate = true> <Delay = 0.28> <CoreInst = "LogicGate">   --->   Core 74 'LogicGate' <Latency = 0> <II = 1> <Delay = 0.28> <FuncUnit> <Opcode : 'and' 'or' 'xor'> <InPorts = 2> <OutPorts = 1>
ST_2 : Operation 142 [1/1] (0.00ns) (grouped into LUT with out node or_ln276_1)   --->   "%or_ln276_2 = or i1 %and_ln276_2, i1 %and_ln276_4" [src/integrated-gcn/integrated_gcn.cpp:276]   --->   Operation 142 'or' 'or_ln276_2' <Predicate = true> <Delay = 0.00> <CoreInst = "LogicGate">   --->   Core 74 'LogicGate' <Latency = 0> <II = 1> <Delay = 0.28> <FuncUnit> <Opcode : 'and' 'or' 'xor'> <InPorts = 2> <OutPorts = 1>
ST_2 : Operation 143 [1/1] (0.00ns) (grouped into LUT with out node or_ln276_1)   --->   "%xor_ln276_4 = xor i1 %or_ln276_2, i1 1" [src/integrated-gcn/integrated_gcn.cpp:276]   --->   Operation 143 'xor' 'xor_ln276_4' <Predicate = true> <Delay = 0.00> <CoreInst = "LogicGate">   --->   Core 74 'LogicGate' <Latency = 0> <II = 1> <Delay = 0.28> <FuncUnit> <Opcode : 'and' 'or' 'xor'> <InPorts = 2> <OutPorts = 1>
ST_2 : Operation 144 [1/1] (0.00ns) (grouped into LUT with out node or_ln276_1)   --->   "%and_ln276_5 = and i1 %tmp_1, i1 %xor_ln276_4" [src/integrated-gcn/integrated_gcn.cpp:276]   --->   Operation 144 'and' 'and_ln276_5' <Predicate = true> <Delay = 0.00> <CoreInst = "LogicGate">   --->   Core 74 'LogicGate' <Latency = 0> <II = 1> <Delay = 0.28> <FuncUnit> <Opcode : 'and' 'or' 'xor'> <InPorts = 2> <OutPorts = 1>
ST_2 : Operation 145 [1/1] (0.00ns) (grouped into LUT with out node select_ln276_3)   --->   "%select_ln276_2 = select i1 %and_ln276_3, i16 32767, i16 32768" [src/integrated-gcn/integrated_gcn.cpp:276]   --->   Operation 145 'select' 'select_ln276_2' <Predicate = true> <Delay = 0.00> <CoreInst = "Sel">   --->   Core 73 'Sel' <Latency = 0> <II = 1> <Delay = 0.35> <FuncUnit> <Opcode : 'select'> <InPorts = 3> <OutPorts = 1>
ST_2 : Operation 146 [1/1] (0.28ns) (out node of the LUT)   --->   "%or_ln276_1 = or i1 %and_ln276_3, i1 %and_ln276_5" [src/integrated-gcn/integrated_gcn.cpp:276]   --->   Operation 146 'or' 'or_ln276_1' <Predicate = true> <Delay = 0.28> <CoreInst = "LogicGate">   --->   Core 74 'LogicGate' <Latency = 0> <II = 1> <Delay = 0.28> <FuncUnit> <Opcode : 'and' 'or' 'xor'> <InPorts = 2> <OutPorts = 1>
ST_2 : Operation 147 [1/1] (0.35ns) (out node of the LUT)   --->   "%select_ln276_3 = select i1 %or_ln276_1, i16 %select_ln276_2, i16 %add_ln276" [src/integrated-gcn/integrated_gcn.cpp:276]   --->   Operation 147 'select' 'select_ln276_3' <Predicate = true> <Delay = 0.35> <CoreInst = "Sel">   --->   Core 73 'Sel' <Latency = 0> <II = 1> <Delay = 0.35> <FuncUnit> <Opcode : 'select'> <InPorts = 3> <OutPorts = 1>
ST_2 : Operation 148 [1/1] ( I:1.63ns O:1.63ns )   --->   "%write_ln276 = write void @_ssdm_op_Write.ap_fifo.volatile.i16P0A, i16 %result_fifo, i16 %select_ln276_3" [src/integrated-gcn/integrated_gcn.cpp:276]   --->   Operation 148 'write' 'write_ln276' <Predicate = true> <Delay = 1.63> <CoreInst = "FIFO_SRL">   --->   Core 80 'FIFO_SRL' <Latency = 0> <II = 1> <Delay = 1.63> <Storage> <Opcode : 'read' 'write' 'nbread' 'nbwrite'> <Ports = 0> <Width = 16> <Depth = 32> <FIFO>
ST_2 : Operation 149 [1/1] (0.00ns)   --->   "%br_ln274 = br void %for.body54" [src/integrated-gcn/integrated_gcn.cpp:274]   --->   Operation 149 'br' 'br_ln274' <Predicate = true> <Delay = 0.00>


============================================================
+ Verbose Summary: Timing violations
============================================================
Target clock period: 10.000ns, clock uncertainty: 2.700ns.

 <State 1>: 1.627ns
The critical path consists of the following:
	'store' operation ('store_ln274', src/integrated-gcn/integrated_gcn.cpp:274) of constant 0 7 bit on local variable 'f', src/integrated-gcn/integrated_gcn.cpp:274 [36]  (0.427 ns)
	'load' operation 7 bit ('f', src/integrated-gcn/integrated_gcn.cpp:274) on local variable 'f', src/integrated-gcn/integrated_gcn.cpp:274 [39]  (0.000 ns)
	'icmp' operation 1 bit ('icmp_ln274', src/integrated-gcn/integrated_gcn.cpp:274) [40]  (0.773 ns)
	'store' operation ('store_ln274', src/integrated-gcn/integrated_gcn.cpp:274) of variable 'add_ln274', src/integrated-gcn/integrated_gcn.cpp:274 7 bit on local variable 'f', src/integrated-gcn/integrated_gcn.cpp:274 [147]  (0.427 ns)

 <State 2>: 5.173ns
The critical path consists of the following:
	'load' operation 32 bit ('acc_load', src/integrated-gcn/integrated_gcn.cpp:276) on array 'acc' [82]  (0.677 ns)
	'sparsemux' operation 32 bit ('tmp_s', src/integrated-gcn/integrated_gcn.cpp:276) [114]  (0.789 ns)
	'add' operation 16 bit ('add_ln276', src/integrated-gcn/integrated_gcn.cpp:276) [120]  (0.853 ns)
	'xor' operation 1 bit ('xor_ln276', src/integrated-gcn/integrated_gcn.cpp:276) [122]  (0.000 ns)
	'and' operation 1 bit ('and_ln276', src/integrated-gcn/integrated_gcn.cpp:276) [123]  (0.287 ns)
	'select' operation 1 bit ('select_ln276', src/integrated-gcn/integrated_gcn.cpp:276) [130]  (0.000 ns)
	'xor' operation 1 bit ('xor_ln276_2', src/integrated-gcn/integrated_gcn.cpp:276) [135]  (0.000 ns)
	'or' operation 1 bit ('or_ln276', src/integrated-gcn/integrated_gcn.cpp:276) [136]  (0.000 ns)
	'and' operation 1 bit ('and_ln276_3', src/integrated-gcn/integrated_gcn.cpp:276) [138]  (0.287 ns)
	'or' operation 1 bit ('or_ln276_1', src/integrated-gcn/integrated_gcn.cpp:276) [144]  (0.287 ns)
	'select' operation 16 bit ('select_ln276_3', src/integrated-gcn/integrated_gcn.cpp:276) [145]  (0.357 ns)
	fifo write operation ('write_ln276', src/integrated-gcn/integrated_gcn.cpp:276) on port 'result_fifo' (src/integrated-gcn/integrated_gcn.cpp:276) [146]  (1.636 ns)


============================================================
+ Verbose Summary: Binding
============================================================
N/A
* FSMD analyzer results:
  - Output states:
 - Input state : 
  - Chain level:
	State 1
	State 2


============================================================
+ Verbose Summary: Datapath Resource usage 
============================================================
N/A
