

================================================================
== Vitis HLS Report for 'spmm_load_csr_Pipeline_LOAD_NNZ'
================================================================
* Date:           Thu Apr 16 11:31:53 2026

* Version:        2025.2 (Build 6295257 on Nov 14 2025)
* Project:        integrated_gcn
* Solution:       hls (Vivado IP Flow Target)
* Product family: zynquplus
* Target device:  xck26-sfvc784-2LV-c


================================================================
== Performance Estimates
================================================================
+ Timing: 
    * Summary: 
    +--------+----------+----------+------------+
    |  Clock |  Target  | Estimated| Uncertainty|
    +--------+----------+----------+------------+
    |ap_clk  |  10.00 ns|  7.300 ns|     2.70 ns|
    +--------+----------+----------+------------+

+ Latency: 
    * Summary: 
    +---------+---------+----------+----------+-----+-----+-------------------+
    |  Latency (cycles) |  Latency (absolute) |  Interval |      Pipeline     |
    |   min   |   max   |    min   |    max   | min | max |        Type       |
    +---------+---------+----------+----------+-----+-----+-------------------+
    |        ?|        ?|         ?|         ?|    0|    0|  loop pipeline stp|
    +---------+---------+----------+----------+-----+-----+-------------------+

    + Detail: 
        * Instance: 
        N/A

        * Loop: 
        +------------+---------+---------+----------+-----------+-----------+------+----------+
        |            |  Latency (cycles) | Iteration|  Initiation Interval  | Trip |          |
        |  Loop Name |   min   |   max   |  Latency |  achieved |   target  | Count| Pipelined|
        +------------+---------+---------+----------+-----------+-----------+------+----------+
        |- LOAD_NNZ  |        ?|        ?|         3|          1|          1|     ?|       yes|
        +------------+---------+---------+----------+-----------+-----------+------+----------+

============================================================
+ Verbose Summary: Synthesis Manager
============================================================
InlineROM: 1
ExposeGlobal: 0
============================================================
+ Verbose Summary: CDFG Model
============================================================
IsTopModel: 0
ResetActiveHigh: 1
IsCombinational: 0
IsDatapathOnly: 0
HasWiredReturn: 1
HasMFsm: 2
HasVarLatency: 1
IsPipeline: 0
IsRtlPipelined: 0
IsInstanceOverlapped: 0
IsDontTouch: 0
HasImplIP: 0
IsGatedGlobalClock: 0

+ Individual pipeline summary: 
  * Pipeline-0: initiation interval (II) = 1, depth = 3


============================================================
+ Verbose Summary: Schedule
============================================================
* Number of FSM states : 3
* Pipeline : 1
  Pipeline-0 : II = 1, D = 3, States = { 1 2 3 }
* Dataflow Pipeline: 0

* FSM state transitions: 
1 --> 2 
2 --> 3 
3 --> 

* FSM state operations: 

State 1 <SV = 0> <Delay = 1.87>
ST_1 : Operation 6 [1/1] (0.00ns)   --->   "%i_2 = alloca i32 1"   --->   Operation 6 'alloca' 'i_2' <Predicate = true> <Delay = 0.00>
ST_1 : Operation 7 [1/1] (0.00ns)   --->   "%sext_ln216_1_read = read i63 @_ssdm_op_Read.ap_auto.i63, i63 %sext_ln216_1"   --->   Operation 7 'read' 'sext_ln216_1_read' <Predicate = true> <Delay = 0.00>
ST_1 : Operation 8 [1/1] (0.00ns)   --->   "%sext_ln216_read = read i62 @_ssdm_op_Read.ap_auto.i62, i62 %sext_ln216"   --->   Operation 8 'read' 'sext_ln216_read' <Predicate = true> <Delay = 0.00>
ST_1 : Operation 9 [1/1] (0.00ns)   --->   "%nnz_total_read = read i32 @_ssdm_op_Read.ap_auto.i32, i32 %nnz_total"   --->   Operation 9 'read' 'nnz_total_read' <Predicate = true> <Delay = 0.00>
ST_1 : Operation 10 [1/1] (0.00ns)   --->   "%sext_ln216_1_cast = sext i63 %sext_ln216_1_read"   --->   Operation 10 'sext' 'sext_ln216_1_cast' <Predicate = true> <Delay = 0.00>
ST_1 : Operation 11 [1/1] (0.00ns)   --->   "%sext_ln216_cast = sext i62 %sext_ln216_read"   --->   Operation 11 'sext' 'sext_ln216_cast' <Predicate = true> <Delay = 0.00>
ST_1 : Operation 12 [1/1] (0.00ns)   --->   "%specstablecontent_ln0 = specstablecontent void @_ssdm_op_SpecStableContent, i32 %gmem4, i1 1, void @p_str"   --->   Operation 12 'specstablecontent' 'specstablecontent_ln0' <Predicate = true> <Delay = 0.00>
ST_1 : Operation 13 [1/1] (0.00ns)   --->   "%specstablecontent_ln0 = specstablecontent void @_ssdm_op_SpecStableContent, i16 %gmem5, i1 1, void @p_str"   --->   Operation 13 'specstablecontent' 'specstablecontent_ln0' <Predicate = true> <Delay = 0.00>
ST_1 : Operation 14 [1/1] (0.00ns)   --->   "%specstablecontent_ln0 = specstablecontent void @_ssdm_op_SpecStableContent, i32 %nnz_total, i1 1, void @p_str"   --->   Operation 14 'specstablecontent' 'specstablecontent_ln0' <Predicate = true> <Delay = 0.00>
ST_1 : Operation 15 [1/1] (0.00ns)   --->   "%specinterface_ln0 = specinterface void @_ssdm_op_SpecInterface, i16 %gmem5, void @empty_12, i32 0, i32 0, void @empty_23, i32 0, i32 0, void @empty_31, void @empty_32, void @empty_23, i32 16, i32 16, i32 16, i32 16, void @empty_23, void @empty_23, i32 4294967295, i32 0, i32 0, i32 2"   --->   Operation 15 'specinterface' 'specinterface_ln0' <Predicate = true> <Delay = 0.00>
ST_1 : Operation 16 [1/1] (0.00ns)   --->   "%specinterface_ln0 = specinterface void @_ssdm_op_SpecInterface, i32 %gmem4, void @empty_12, i32 0, i32 0, void @empty_23, i32 0, i32 0, void @empty_3, void @empty_32, void @empty_23, i32 16, i32 16, i32 16, i32 16, void @empty_23, void @empty_23, i32 4294967295, i32 0, i32 0, i32 4"   --->   Operation 16 'specinterface' 'specinterface_ln0' <Predicate = true> <Delay = 0.00>
ST_1 : Operation 17 [1/1] (0.00ns)   --->   "%specinterface_ln0 = specinterface void @_ssdm_op_SpecInterface, i32 %col_fifo, void @empty_8, i32 0, i32 0, void @empty_23, i32 0, i32 0, void @empty_23, void @empty_23, void @empty_23, i32 0, i32 0, i32 0, i32 0, void @empty_23, void @empty_23, i32 4294967295, i32 0, i32 0, i32 0"   --->   Operation 17 'specinterface' 'specinterface_ln0' <Predicate = true> <Delay = 0.00>
ST_1 : Operation 18 [1/1] (0.00ns)   --->   "%specinterface_ln0 = specinterface void @_ssdm_op_SpecInterface, i16 %val_fifo, void @empty_8, i32 0, i32 0, void @empty_23, i32 0, i32 0, void @empty_23, void @empty_23, void @empty_23, i32 0, i32 0, i32 0, i32 0, void @empty_23, void @empty_23, i32 4294967295, i32 0, i32 0, i32 0"   --->   Operation 18 'specinterface' 'specinterface_ln0' <Predicate = true> <Delay = 0.00>
ST_1 : Operation 19 [1/1] (0.42ns)   --->   "%store_ln0 = store i31 0, i31 %i_2"   --->   Operation 19 'store' 'store_ln0' <Predicate = true> <Delay = 0.42>
ST_1 : Operation 20 [1/1] (0.00ns)   --->   "%br_ln0 = br void %for.inc10"   --->   Operation 20 'br' 'br_ln0' <Predicate = true> <Delay = 0.00>
ST_1 : Operation 21 [1/1] (0.00ns)   --->   "%i_2_load = load i31 %i_2" [src/integrated-gcn/integrated_gcn.cpp:216]   --->   Operation 21 'load' 'i_2_load' <Predicate = true> <Delay = 0.00>
ST_1 : Operation 22 [1/1] (0.00ns)   --->   "%zext_ln216 = zext i31 %i_2_load" [src/integrated-gcn/integrated_gcn.cpp:216]   --->   Operation 22 'zext' 'zext_ln216' <Predicate = true> <Delay = 0.00>
ST_1 : Operation 23 [1/1] (1.01ns)   --->   "%icmp_ln216 = icmp_slt  i32 %zext_ln216, i32 %nnz_total_read" [src/integrated-gcn/integrated_gcn.cpp:216]   --->   Operation 23 'icmp' 'icmp_ln216' <Predicate = true> <Delay = 1.01> <CoreInst = "Cmp">   --->   Core 9 'Cmp' <Latency = 0> <II = 1> <Delay = 1.01> <FuncUnit> <Opcode : 'seteq' 'setne' 'setle' 'setge' 'setlt' 'setgt'> <InPorts = 2> <OutPorts = 1>
ST_1 : Operation 24 [1/1] (1.00ns)   --->   "%add_ln216 = add i31 %i_2_load, i31 1" [src/integrated-gcn/integrated_gcn.cpp:216]   --->   Operation 24 'add' 'add_ln216' <Predicate = true> <Delay = 1.00> <CoreInst = "Adder">   --->   Core 1 'Adder' <Latency = 0> <II = 1> <Delay = 1.00> <FuncUnit> <Opcode : 'add' 'sub'> <InPorts = 2> <OutPorts = 1>
ST_1 : Operation 25 [1/1] (0.00ns)   --->   "%br_ln216 = br i1 %icmp_ln216, void %for.end12.loopexit.exitStub, void %for.inc10.split" [src/integrated-gcn/integrated_gcn.cpp:216]   --->   Operation 25 'br' 'br_ln216' <Predicate = true> <Delay = 0.00>
ST_1 : Operation 26 [1/1] (0.42ns)   --->   "%store_ln216 = store i31 %add_ln216, i31 %i_2" [src/integrated-gcn/integrated_gcn.cpp:216]   --->   Operation 26 'store' 'store_ln216' <Predicate = (icmp_ln216)> <Delay = 0.42>

State 2 <SV = 1> <Delay = 7.30>
ST_2 : Operation 27 [1/1] (0.00ns)   --->   "%gmem4_addr = getelementptr i32 %gmem4, i64 %sext_ln216_cast" [src/integrated-gcn/integrated_gcn.cpp:216]   --->   Operation 27 'getelementptr' 'gmem4_addr' <Predicate = true> <Delay = 0.00>
ST_2 : Operation 28 [1/1] (0.00ns)   --->   "%gmem5_addr = getelementptr i16 %gmem5, i64 %sext_ln216_1_cast" [src/integrated-gcn/integrated_gcn.cpp:216]   --->   Operation 28 'getelementptr' 'gmem5_addr' <Predicate = true> <Delay = 0.00>
ST_2 : Operation 29 [1/1] ( I:7.30ns O:7.30ns )   --->   "%gmem4_addr_read = read i32 @_ssdm_op_Read.m_axi.i32.p1i32, i32 %gmem4_addr" [src/integrated-gcn/integrated_gcn.cpp:218]   --->   Operation 29 'read' 'gmem4_addr_read' <Predicate = true> <Delay = 7.30> <CoreInst = "m_axi">   --->   Core 119 'm_axi' <Latency = 3> <II = 1> <Delay = 1.00> <Adapter> <Opcode : 'readrequnaligned' 'writerequnaligned' 'read' 'write' 'readreq' 'writereq' 'writeresp'>
ST_2 : Operation 30 [1/1] ( I:7.30ns O:7.30ns )   --->   "%gmem5_addr_read = read i16 @_ssdm_op_Read.m_axi.i16.p1i16, i16 %gmem5_addr" [src/integrated-gcn/integrated_gcn.cpp:219]   --->   Operation 30 'read' 'gmem5_addr_read' <Predicate = true> <Delay = 7.30> <CoreInst = "m_axi">   --->   Core 119 'm_axi' <Latency = 3> <II = 1> <Delay = 1.00> <Adapter> <Opcode : 'readrequnaligned' 'writerequnaligned' 'read' 'write' 'readreq' 'writereq' 'writeresp'>
ST_2 : Operation 36 [1/1] (0.42ns)   --->   "%ret_ln0 = ret"   --->   Operation 36 'ret' 'ret_ln0' <Predicate = (!icmp_ln216)> <Delay = 0.42>

State 3 <SV = 2> <Delay = 1.65>
ST_3 : Operation 31 [1/1] (0.00ns)   --->   "%specpipeline_ln217 = specpipeline void @_ssdm_op_SpecPipeline, i32 1, i32 0, i32 0, i32 0, i32 4294967295, void @empty_23" [src/integrated-gcn/integrated_gcn.cpp:217]   --->   Operation 31 'specpipeline' 'specpipeline_ln217' <Predicate = true> <Delay = 0.00>
ST_3 : Operation 32 [1/1] (0.00ns)   --->   "%specloopname_ln216 = specloopname void @_ssdm_op_SpecLoopName, void @empty_24" [src/integrated-gcn/integrated_gcn.cpp:216]   --->   Operation 32 'specloopname' 'specloopname_ln216' <Predicate = true> <Delay = 0.00>
ST_3 : Operation 33 [1/1] ( I:1.65ns O:1.65ns )   --->   "%write_ln218 = write void @_ssdm_op_Write.ap_fifo.volatile.i32P0A, i32 %col_fifo, i32 %gmem4_addr_read" [src/integrated-gcn/integrated_gcn.cpp:218]   --->   Operation 33 'write' 'write_ln218' <Predicate = true> <Delay = 1.65> <CoreInst = "FIFO">   --->   Core 77 'FIFO' <Latency = 0> <II = 1> <Delay = 1.65> <Storage> <Opcode : 'read' 'write' 'nbread' 'nbwrite'> <Ports = 0> <Width = 32> <Depth = 256> <FIFO>
ST_3 : Operation 34 [1/1] ( I:1.65ns O:1.65ns )   --->   "%write_ln219 = write void @_ssdm_op_Write.ap_fifo.volatile.i16P0A, i16 %val_fifo, i16 %gmem5_addr_read" [src/integrated-gcn/integrated_gcn.cpp:219]   --->   Operation 34 'write' 'write_ln219' <Predicate = true> <Delay = 1.65> <CoreInst = "FIFO">   --->   Core 77 'FIFO' <Latency = 0> <II = 1> <Delay = 1.65> <Storage> <Opcode : 'read' 'write' 'nbread' 'nbwrite'> <Ports = 0> <Width = 16> <Depth = 256> <FIFO>
ST_3 : Operation 35 [1/1] (0.00ns)   --->   "%br_ln216 = br void %for.inc10" [src/integrated-gcn/integrated_gcn.cpp:216]   --->   Operation 35 'br' 'br_ln216' <Predicate = true> <Delay = 0.00>


============================================================
+ Verbose Summary: Binding
============================================================
STG Binding: 
---------------- STG Properties BEGIN ----------------
- Is combinational: 0
- Is one-state seq: 0
- Is datapath-only: 0
- Is pipelined: 0
- Is top level: 0
Port [ Return ] is wired: 1; IO mode=ap_ctrl_hs:ce=0
Port [ nnz_total]:  wired=1; compound=0; hidden=0; nouse=0; global=0; static=0; extern=0; dir=0; type=0; pingpong=0; private_global=0; IO mode=ap_stable:ce=0
Port [ gmem4]:  wired=1; compound=1; hidden=0; nouse=0; global=0; static=0; extern=0; dir=0; type=4; pingpong=0; private_global=0; IO mode=m_axi:ce=0
Port [ sext_ln216]:  wired=1; compound=0; hidden=0; nouse=0; global=0; static=0; extern=0; dir=0; type=0; pingpong=0; private_global=0; IO mode=ap_stable:ce=0
Port [ gmem5]:  wired=1; compound=1; hidden=0; nouse=0; global=0; static=0; extern=0; dir=0; type=4; pingpong=0; private_global=0; IO mode=m_axi:ce=0
Port [ sext_ln216_1]:  wired=1; compound=0; hidden=0; nouse=0; global=0; static=0; extern=0; dir=0; type=0; pingpong=0; private_global=0; IO mode=ap_stable:ce=0
Port [ col_fifo]:  wired=1; compound=1; hidden=0; nouse=0; global=0; static=0; extern=0; dir=1; type=3; pingpong=0; private_global=0; IO mode=ap_fifo:ce=0
Port [ val_fifo]:  wired=1; compound=1; hidden=0; nouse=0; global=0; static=0; extern=0; dir=1; type=3; pingpong=0; private_global=0; IO mode=ap_fifo:ce=0
---------------- STG Properties END ------------------

---------------- Datapath Model BEGIN ----------------

<LifeTime>
<method=bitvector/>
i_2                   (alloca           ) [ 0100]
sext_ln216_1_read     (read             ) [ 0000]
sext_ln216_read       (read             ) [ 0000]
nnz_total_read        (read             ) [ 0000]
sext_ln216_1_cast     (sext             ) [ 0110]
sext_ln216_cast       (sext             ) [ 0110]
specstablecontent_ln0 (specstablecontent) [ 0000]
specstablecontent_ln0 (specstablecontent) [ 0000]
specstablecontent_ln0 (specstablecontent) [ 0000]
specinterface_ln0     (specinterface    ) [ 0000]
specinterface_ln0     (specinterface    ) [ 0000]
specinterface_ln0     (specinterface    ) [ 0000]
specinterface_ln0     (specinterface    ) [ 0000]
store_ln0             (store            ) [ 0000]
br_ln0                (br               ) [ 0000]
i_2_load              (load             ) [ 0000]
zext_ln216            (zext             ) [ 0000]
icmp_ln216            (icmp             ) [ 0110]
add_ln216             (add              ) [ 0000]
br_ln216              (br               ) [ 0000]
store_ln216           (store            ) [ 0000]
gmem4_addr            (getelementptr    ) [ 0000]
gmem5_addr            (getelementptr    ) [ 0000]
gmem4_addr_read       (read             ) [ 0101]
gmem5_addr_read       (read             ) [ 0101]
specpipeline_ln217    (specpipeline     ) [ 0000]
specloopname_ln216    (specloopname     ) [ 0000]
write_ln218           (write            ) [ 0000]
write_ln219           (write            ) [ 0000]
br_ln216              (br               ) [ 0000]
ret_ln0               (ret              ) [ 0000]
</LifeTime>

<model>

<comp_list>
<comp id="0" class="1000" name="nnz_total">
<pin_list>
<pin id="1" dir="1" index="0" bw="1" slack="0"/>
</pin_list>
<bind>
<StgValue><ssdm name="nnz_total"/></StgValue>
</bind>
</comp>

<comp id="2" class="1000" name="gmem4">
<pin_list>
<pin id="3" dir="1" index="0" bw="1" slack="0"/>
</pin_list>
<bind>
<StgValue><ssdm name="gmem4"/><MemPortTyVec>0 </MemPortTyVec>
</StgValue>
</bind>
</comp>

<comp id="4" class="1000" name="sext_ln216">
<pin_list>
<pin id="5" dir="1" index="0" bw="1" slack="0"/>
</pin_list>
<bind>
<StgValue><ssdm name="sext_ln216"/></StgValue>
</bind>
</comp>

<comp id="6" class="1000" name="gmem5">
<pin_list>
<pin id="7" dir="1" index="0" bw="1" slack="0"/>
</pin_list>
<bind>
<StgValue><ssdm name="gmem5"/><MemPortTyVec>0 </MemPortTyVec>
</StgValue>
</bind>
</comp>

<comp id="8" class="1000" name="sext_ln216_1">
<pin_list>
<pin id="9" dir="1" index="0" bw="1" slack="0"/>
</pin_list>
<bind>
<StgValue><ssdm name="sext_ln216_1"/></StgValue>
</bind>
</comp>

<comp id="10" class="1000" name="col_fifo">
<pin_list>
<pin id="11" dir="1" index="0" bw="1" slack="0"/>
</pin_list>
<bind>
<StgValue><ssdm name="col_fifo"/></StgValue>
</bind>
</comp>

<comp id="12" class="1000" name="val_fifo">
<pin_list>
<pin id="13" dir="1" index="0" bw="1" slack="0"/>
</pin_list>
<bind>
<StgValue><ssdm name="val_fifo"/></StgValue>
</bind>
</comp>

<comp id="14" class="1001" name="const_14">
<pin_list>
<pin id="15" dir="1" index="0" bw="1" slack="0"/>
</pin_list>
<bind>
<StgValue><ssdm name=""/></StgValue>
</bind>
</comp>

<comp id="16" class="1001" name="const_16">
<pin_list>
<pin id="17" dir="1" index="0" bw="1" slack="0"/>
</pin_list>
<bind>
<StgValue><ssdm name="_ssdm_op_Read.ap_auto.i63"/></StgValue>
</bind>
</comp>

<comp id="18" class="1001" name="const_18">
<pin_list>
<pin id="19" dir="1" index="0" bw="1" slack="0"/>
</pin_list>
<bind>
<StgValue><ssdm name="_ssdm_op_Read.ap_auto.i62"/></StgValue>
</bind>
</comp>

<comp id="20" class="1001" name="const_20">
<pin_list>
<pin id="21" dir="1" index="0" bw="1" slack="0"/>
</pin_list>
<bind>
<StgValue><ssdm name="_ssdm_op_Read.ap_auto.i32"/></StgValue>
</bind>
</comp>

<comp id="22" class="1001" name="const_22">
<pin_list>
<pin id="23" dir="1" index="0" bw="1" slack="2147483647"/>
</pin_list>
<bind>
<StgValue><ssdm name="_ssdm_op_SpecStableContent"/></StgValue>
</bind>
</comp>

<comp id="24" class="1001" name="const_24">
<pin_list>
<pin id="25" dir="1" index="0" bw="1" slack="2147483647"/>
</pin_list>
<bind>
<StgValue><ssdm name=""/></StgValue>
</bind>
</comp>

<comp id="26" class="1001" name="const_26">
<pin_list>
<pin id="27" dir="1" index="0" bw="1" slack="2147483647"/>
</pin_list>
<bind>
<StgValue><ssdm name="p_str"/></StgValue>
</bind>
</comp>

<comp id="28" class="1001" name="const_28">
<pin_list>
<pin id="29" dir="1" index="0" bw="1" slack="2147483647"/>
</pin_list>
<bind>
<StgValue><ssdm name="_ssdm_op_SpecInterface"/></StgValue>
</bind>
</comp>

<comp id="30" class="1001" name="const_30">
<pin_list>
<pin id="31" dir="1" index="0" bw="1" slack="2147483647"/>
</pin_list>
<bind>
<StgValue><ssdm name="empty_12"/></StgValue>
</bind>
</comp>

<comp id="32" class="1001" name="const_32">
<pin_list>
<pin id="33" dir="1" index="0" bw="1" slack="2147483647"/>
</pin_list>
<bind>
<StgValue><ssdm name=""/></StgValue>
</bind>
</comp>

<comp id="34" class="1001" name="const_34">
<pin_list>
<pin id="35" dir="1" index="0" bw="1" slack="2147483647"/>
</pin_list>
<bind>
<StgValue><ssdm name="empty_23"/></StgValue>
</bind>
</comp>

<comp id="36" class="1001" name="const_36">
<pin_list>
<pin id="37" dir="1" index="0" bw="1" slack="2147483647"/>
</pin_list>
<bind>
<StgValue><ssdm name="empty_31"/></StgValue>
</bind>
</comp>

<comp id="38" class="1001" name="const_38">
<pin_list>
<pin id="39" dir="1" index="0" bw="1" slack="2147483647"/>
</pin_list>
<bind>
<StgValue><ssdm name="empty_32"/></StgValue>
</bind>
</comp>

<comp id="40" class="1001" name="const_40">
<pin_list>
<pin id="41" dir="1" index="0" bw="1" slack="2147483647"/>
</pin_list>
<bind>
<StgValue><ssdm name=""/></StgValue>
</bind>
</comp>

<comp id="42" class="1001" name="const_42">
<pin_list>
<pin id="43" dir="1" index="0" bw="1" slack="2147483647"/>
</pin_list>
<bind>
<StgValue><ssdm name=""/></StgValue>
</bind>
</comp>

<comp id="44" class="1001" name="const_44">
<pin_list>
<pin id="45" dir="1" index="0" bw="1" slack="2147483647"/>
</pin_list>
<bind>
<StgValue><ssdm name=""/></StgValue>
</bind>
</comp>

<comp id="46" class="1001" name="const_46">
<pin_list>
<pin id="47" dir="1" index="0" bw="1" slack="2147483647"/>
</pin_list>
<bind>
<StgValue><ssdm name="empty_3"/></StgValue>
</bind>
</comp>

<comp id="48" class="1001" name="const_48">
<pin_list>
<pin id="49" dir="1" index="0" bw="1" slack="2147483647"/>
</pin_list>
<bind>
<StgValue><ssdm name=""/></StgValue>
</bind>
</comp>

<comp id="50" class="1001" name="const_50">
<pin_list>
<pin id="51" dir="1" index="0" bw="1" slack="2147483647"/>
</pin_list>
<bind>
<StgValue><ssdm name="empty_8"/></StgValue>
</bind>
</comp>

<comp id="52" class="1001" name="const_52">
<pin_list>
<pin id="53" dir="1" index="0" bw="1" slack="0"/>
</pin_list>
<bind>
<StgValue><ssdm name=""/></StgValue>
</bind>
</comp>

<comp id="54" class="1001" name="const_54">
<pin_list>
<pin id="55" dir="1" index="0" bw="1" slack="0"/>
</pin_list>
<bind>
<StgValue><ssdm name=""/></StgValue>
</bind>
</comp>

<comp id="56" class="1001" name="const_56">
<pin_list>
<pin id="57" dir="1" index="0" bw="1" slack="0"/>
</pin_list>
<bind>
<StgValue><ssdm name="_ssdm_op_Read.m_axi.i32.p1i32"/></StgValue>
</bind>
</comp>

<comp id="58" class="1001" name="const_58">
<pin_list>
<pin id="59" dir="1" index="0" bw="1" slack="0"/>
</pin_list>
<bind>
<StgValue><ssdm name="_ssdm_op_Read.m_axi.i16.p1i16"/></StgValue>
</bind>
</comp>

<comp id="60" class="1001" name="const_60">
<pin_list>
<pin id="61" dir="1" index="0" bw="1" slack="2147483647"/>
</pin_list>
<bind>
<StgValue><ssdm name="_ssdm_op_SpecPipeline"/></StgValue>
</bind>
</comp>

<comp id="62" class="1001" name="const_62">
<pin_list>
<pin id="63" dir="1" index="0" bw="1" slack="2147483647"/>
</pin_list>
<bind>
<StgValue><ssdm name="_ssdm_op_SpecLoopName"/></StgValue>
</bind>
</comp>

<comp id="64" class="1001" name="const_64">
<pin_list>
<pin id="65" dir="1" index="0" bw="1" slack="2147483647"/>
</pin_list>
<bind>
<StgValue><ssdm name="empty_24"/></StgValue>
</bind>
</comp>

<comp id="66" class="1001" name="const_66">
<pin_list>
<pin id="67" dir="1" index="0" bw="1" slack="0"/>
</pin_list>
<bind>
<StgValue><ssdm name="_ssdm_op_Write.ap_fifo.volatile.i32P0A"/></StgValue>
</bind>
</comp>

<comp id="68" class="1001" name="const_68">
<pin_list>
<pin id="69" dir="1" index="0" bw="1" slack="0"/>
</pin_list>
<bind>
<StgValue><ssdm name="_ssdm_op_Write.ap_fifo.volatile.i16P0A"/></StgValue>
</bind>
</comp>

<comp id="70" class="1004" name="i_2_fu_70">
<pin_list>
<pin id="71" dir="0" index="0" bw="1" slack="0"/>
<pin id="72" dir="1" index="1" bw="31" slack="0"/>
</pin_list>
<bind>
<opcode="alloca(26) " fcode="alloca"/>
<opset="i_2/1 "/>
</bind>
</comp>

<comp id="74" class="1004" name="sext_ln216_1_read_read_fu_74">
<pin_list>
<pin id="75" dir="0" index="0" bw="63" slack="0"/>
<pin id="76" dir="0" index="1" bw="63" slack="0"/>
<pin id="77" dir="1" index="2" bw="63" slack="0"/>
</pin_list>
<bind>
<opcode="read(1150) " fcode="read"/>
<opset="sext_ln216_1_read/1 "/>
</bind>
</comp>

<comp id="80" class="1004" name="sext_ln216_read_read_fu_80">
<pin_list>
<pin id="81" dir="0" index="0" bw="62" slack="0"/>
<pin id="82" dir="0" index="1" bw="62" slack="0"/>
<pin id="83" dir="1" index="2" bw="62" slack="0"/>
</pin_list>
<bind>
<opcode="read(1150) " fcode="read"/>
<opset="sext_ln216_read/1 "/>
</bind>
</comp>

<comp id="86" class="1004" name="nnz_total_read_read_fu_86">
<pin_list>
<pin id="87" dir="0" index="0" bw="32" slack="0"/>
<pin id="88" dir="0" index="1" bw="32" slack="0"/>
<pin id="89" dir="1" index="2" bw="32" slack="0"/>
</pin_list>
<bind>
<opcode="read(1150) " fcode="read"/>
<opset="nnz_total_read/1 "/>
</bind>
</comp>

<comp id="92" class="1004" name="write_ln218_write_fu_92">
<pin_list>
<pin id="93" dir="0" index="0" bw="0" slack="0"/>
<pin id="94" dir="0" index="1" bw="32" slack="0"/>
<pin id="95" dir="0" index="2" bw="32" slack="1"/>
<pin id="96" dir="1" index="3" bw="0" slack="2147483647"/>
</pin_list>
<bind>
<opcode="write(1151) " fcode="write"/>
<opset="write_ln218/3 "/>
</bind>
</comp>

<comp id="99" class="1004" name="write_ln219_write_fu_99">
<pin_list>
<pin id="100" dir="0" index="0" bw="0" slack="0"/>
<pin id="101" dir="0" index="1" bw="16" slack="0"/>
<pin id="102" dir="0" index="2" bw="16" slack="1"/>
<pin id="103" dir="1" index="3" bw="0" slack="2147483647"/>
</pin_list>
<bind>
<opcode="write(1151) " fcode="write"/>
<opset="write_ln219/3 "/>
</bind>
</comp>

<comp id="106" class="1004" name="gmem4_addr_read_read_fu_106">
<pin_list>
<pin id="107" dir="0" index="0" bw="32" slack="0"/>
<pin id="108" dir="0" index="1" bw="32" slack="0"/>
<pin id="109" dir="1" index="2" bw="32" slack="1"/>
</pin_list>
<bind>
<opcode="read(1150) " fcode="read"/>
<opset="gmem4_addr_read/2 "/>
</bind>
</comp>

<comp id="111" class="1004" name="gmem5_addr_read_read_fu_111">
<pin_list>
<pin id="112" dir="0" index="0" bw="16" slack="0"/>
<pin id="113" dir="0" index="1" bw="16" slack="0"/>
<pin id="114" dir="1" index="2" bw="16" slack="1"/>
</pin_list>
<bind>
<opcode="read(1150) " fcode="read"/>
<opset="gmem5_addr_read/2 "/>
</bind>
</comp>

<comp id="116" class="1004" name="sext_ln216_1_cast_fu_116">
<pin_list>
<pin id="117" dir="0" index="0" bw="63" slack="0"/>
<pin id="118" dir="1" index="1" bw="64" slack="1"/>
</pin_list>
<bind>
<opcode="sext(35) " fcode="sext"/>
<opset="sext_ln216_1_cast/1 "/>
</bind>
</comp>

<comp id="120" class="1004" name="sext_ln216_cast_fu_120">
<pin_list>
<pin id="121" dir="0" index="0" bw="62" slack="0"/>
<pin id="122" dir="1" index="1" bw="64" slack="1"/>
</pin_list>
<bind>
<opcode="sext(35) " fcode="sext"/>
<opset="sext_ln216_cast/1 "/>
</bind>
</comp>

<comp id="124" class="1004" name="store_ln0_store_fu_124">
<pin_list>
<pin id="125" dir="0" index="0" bw="1" slack="0"/>
<pin id="126" dir="0" index="1" bw="31" slack="0"/>
<pin id="127" dir="1" index="2" bw="0" slack="2147483647"/>
</pin_list>
<bind>
<opcode="store(28) " fcode="store"/>
<opset="store_ln0/1 "/>
</bind>
</comp>

<comp id="129" class="1004" name="i_2_load_load_fu_129">
<pin_list>
<pin id="130" dir="0" index="0" bw="31" slack="0"/>
<pin id="131" dir="1" index="1" bw="31" slack="0"/>
</pin_list>
<bind>
<opcode="load(27) " fcode="load"/>
<opset="i_2_load/1 "/>
</bind>
</comp>

<comp id="132" class="1004" name="zext_ln216_fu_132">
<pin_list>
<pin id="133" dir="0" index="0" bw="31" slack="0"/>
<pin id="134" dir="1" index="1" bw="32" slack="0"/>
</pin_list>
<bind>
<opcode="zext(34) " fcode="zext"/>
<opset="zext_ln216/1 "/>
</bind>
</comp>

<comp id="136" class="1004" name="icmp_ln216_fu_136">
<pin_list>
<pin id="137" dir="0" index="0" bw="31" slack="0"/>
<pin id="138" dir="0" index="1" bw="32" slack="0"/>
<pin id="139" dir="1" index="2" bw="1" slack="1"/>
</pin_list>
<bind>
<opcode="icmp(45) " fcode="icmp"/>
<opset="icmp_ln216/1 "/>
</bind>
</comp>

<comp id="142" class="1004" name="add_ln216_fu_142">
<pin_list>
<pin id="143" dir="0" index="0" bw="31" slack="0"/>
<pin id="144" dir="0" index="1" bw="1" slack="0"/>
<pin id="145" dir="1" index="2" bw="31" slack="0"/>
</pin_list>
<bind>
<opcode="add(8) " fcode="add"/>
<opset="add_ln216/1 "/>
</bind>
</comp>

<comp id="148" class="1004" name="store_ln216_store_fu_148">
<pin_list>
<pin id="149" dir="0" index="0" bw="31" slack="0"/>
<pin id="150" dir="0" index="1" bw="31" slack="0"/>
<pin id="151" dir="1" index="2" bw="0" slack="2147483647"/>
</pin_list>
<bind>
<opcode="store(28) " fcode="store"/>
<opset="store_ln216/1 "/>
</bind>
</comp>

<comp id="153" class="1004" name="gmem4_addr_fu_153">
<pin_list>
<pin id="154" dir="0" index="0" bw="32" slack="0"/>
<pin id="155" dir="0" index="1" bw="62" slack="1"/>
<pin id="156" dir="1" index="2" bw="32" slack="0"/>
</pin_list>
<bind>
<opcode="getelementptr(29) " fcode="getelementptr"/>
<opset="gmem4_addr/2 "/>
</bind>
</comp>

<comp id="159" class="1004" name="gmem5_addr_fu_159">
<pin_list>
<pin id="160" dir="0" index="0" bw="16" slack="0"/>
<pin id="161" dir="0" index="1" bw="63" slack="1"/>
<pin id="162" dir="1" index="2" bw="16" slack="0"/>
</pin_list>
<bind>
<opcode="getelementptr(29) " fcode="getelementptr"/>
<opset="gmem5_addr/2 "/>
</bind>
</comp>

<comp id="165" class="1005" name="i_2_reg_165">
<pin_list>
<pin id="166" dir="0" index="0" bw="31" slack="0"/>
<pin id="167" dir="1" index="1" bw="31" slack="0"/>
</pin_list>
<bind>
<opset="i_2 "/>
</bind>
</comp>

<comp id="172" class="1005" name="sext_ln216_1_cast_reg_172">
<pin_list>
<pin id="173" dir="0" index="0" bw="64" slack="1"/>
<pin id="174" dir="1" index="1" bw="64" slack="1"/>
</pin_list>
<bind>
<opset="sext_ln216_1_cast "/>
</bind>
</comp>

<comp id="177" class="1005" name="sext_ln216_cast_reg_177">
<pin_list>
<pin id="178" dir="0" index="0" bw="64" slack="1"/>
<pin id="179" dir="1" index="1" bw="64" slack="1"/>
</pin_list>
<bind>
<opset="sext_ln216_cast "/>
</bind>
</comp>

<comp id="182" class="1005" name="icmp_ln216_reg_182">
<pin_list>
<pin id="183" dir="0" index="0" bw="1" slack="1"/>
<pin id="184" dir="1" index="1" bw="1" slack="2147483647"/>
</pin_list>
<bind>
<opset="icmp_ln216 "/>
</bind>
</comp>

<comp id="186" class="1005" name="gmem4_addr_read_reg_186">
<pin_list>
<pin id="187" dir="0" index="0" bw="32" slack="1"/>
<pin id="188" dir="1" index="1" bw="32" slack="1"/>
</pin_list>
<bind>
<opset="gmem4_addr_read "/>
</bind>
</comp>

<comp id="191" class="1005" name="gmem5_addr_read_reg_191">
<pin_list>
<pin id="192" dir="0" index="0" bw="16" slack="1"/>
<pin id="193" dir="1" index="1" bw="16" slack="1"/>
</pin_list>
<bind>
<opset="gmem5_addr_read "/>
</bind>
</comp>

</comp_list>

<net_list>
<net id="73"><net_src comp="14" pin="0"/><net_sink comp="70" pin=0"/></net>

<net id="78"><net_src comp="16" pin="0"/><net_sink comp="74" pin=0"/></net>

<net id="79"><net_src comp="8" pin="0"/><net_sink comp="74" pin=1"/></net>

<net id="84"><net_src comp="18" pin="0"/><net_sink comp="80" pin=0"/></net>

<net id="85"><net_src comp="4" pin="0"/><net_sink comp="80" pin=1"/></net>

<net id="90"><net_src comp="20" pin="0"/><net_sink comp="86" pin=0"/></net>

<net id="91"><net_src comp="0" pin="0"/><net_sink comp="86" pin=1"/></net>

<net id="97"><net_src comp="66" pin="0"/><net_sink comp="92" pin=0"/></net>

<net id="98"><net_src comp="10" pin="0"/><net_sink comp="92" pin=1"/></net>

<net id="104"><net_src comp="68" pin="0"/><net_sink comp="99" pin=0"/></net>

<net id="105"><net_src comp="12" pin="0"/><net_sink comp="99" pin=1"/></net>

<net id="110"><net_src comp="56" pin="0"/><net_sink comp="106" pin=0"/></net>

<net id="115"><net_src comp="58" pin="0"/><net_sink comp="111" pin=0"/></net>

<net id="119"><net_src comp="74" pin="2"/><net_sink comp="116" pin=0"/></net>

<net id="123"><net_src comp="80" pin="2"/><net_sink comp="120" pin=0"/></net>

<net id="128"><net_src comp="52" pin="0"/><net_sink comp="124" pin=0"/></net>

<net id="135"><net_src comp="129" pin="1"/><net_sink comp="132" pin=0"/></net>

<net id="140"><net_src comp="132" pin="1"/><net_sink comp="136" pin=0"/></net>

<net id="141"><net_src comp="86" pin="2"/><net_sink comp="136" pin=1"/></net>

<net id="146"><net_src comp="129" pin="1"/><net_sink comp="142" pin=0"/></net>

<net id="147"><net_src comp="54" pin="0"/><net_sink comp="142" pin=1"/></net>

<net id="152"><net_src comp="142" pin="2"/><net_sink comp="148" pin=0"/></net>

<net id="157"><net_src comp="2" pin="0"/><net_sink comp="153" pin=0"/></net>

<net id="158"><net_src comp="153" pin="2"/><net_sink comp="106" pin=1"/></net>

<net id="163"><net_src comp="6" pin="0"/><net_sink comp="159" pin=0"/></net>

<net id="164"><net_src comp="159" pin="2"/><net_sink comp="111" pin=1"/></net>

<net id="168"><net_src comp="70" pin="1"/><net_sink comp="165" pin=0"/></net>

<net id="169"><net_src comp="165" pin="1"/><net_sink comp="124" pin=1"/></net>

<net id="170"><net_src comp="165" pin="1"/><net_sink comp="129" pin=0"/></net>

<net id="171"><net_src comp="165" pin="1"/><net_sink comp="148" pin=1"/></net>

<net id="175"><net_src comp="116" pin="1"/><net_sink comp="172" pin=0"/></net>

<net id="176"><net_src comp="172" pin="1"/><net_sink comp="159" pin=1"/></net>

<net id="180"><net_src comp="120" pin="1"/><net_sink comp="177" pin=0"/></net>

<net id="181"><net_src comp="177" pin="1"/><net_sink comp="153" pin=1"/></net>

<net id="185"><net_src comp="136" pin="2"/><net_sink comp="182" pin=0"/></net>

<net id="189"><net_src comp="106" pin="2"/><net_sink comp="186" pin=0"/></net>

<net id="190"><net_src comp="186" pin="1"/><net_sink comp="92" pin=2"/></net>

<net id="194"><net_src comp="111" pin="2"/><net_sink comp="191" pin=0"/></net>

<net id="195"><net_src comp="191" pin="1"/><net_sink comp="99" pin=2"/></net>

</net_list>

</model> 
---------------- Datapath Model END ------------------

* FSMD analyzer results:
  - Output states:
	Port: col_fifo | {3 }
	Port: val_fifo | {3 }
 - Input state : 
	Port: spmm_load_csr_Pipeline_LOAD_NNZ : nnz_total | {1 }
	Port: spmm_load_csr_Pipeline_LOAD_NNZ : gmem4 | {2 }
	Port: spmm_load_csr_Pipeline_LOAD_NNZ : sext_ln216 | {1 }
	Port: spmm_load_csr_Pipeline_LOAD_NNZ : gmem5 | {2 }
	Port: spmm_load_csr_Pipeline_LOAD_NNZ : sext_ln216_1 | {1 }
  - Chain level:
	State 1
		store_ln0 : 1
		i_2_load : 1
		zext_ln216 : 2
		icmp_ln216 : 3
		add_ln216 : 2
		br_ln216 : 4
		store_ln216 : 3
	State 2
		gmem4_addr_read : 1
		gmem5_addr_read : 1
	State 3


============================================================
+ Verbose Summary: Datapath Resource usage 
============================================================

* Functional unit list:
|----------|------------------------------|---------|---------|
| Operation|        Functional Unit       |    FF   |   LUT   |
|----------|------------------------------|---------|---------|
|   icmp   |       icmp_ln216_fu_136      |    0    |    39   |
|----------|------------------------------|---------|---------|
|    add   |       add_ln216_fu_142       |    0    |    38   |
|----------|------------------------------|---------|---------|
|          | sext_ln216_1_read_read_fu_74 |    0    |    0    |
|          |  sext_ln216_read_read_fu_80  |    0    |    0    |
|   read   |   nnz_total_read_read_fu_86  |    0    |    0    |
|          |  gmem4_addr_read_read_fu_106 |    0    |    0    |
|          |  gmem5_addr_read_read_fu_111 |    0    |    0    |
|----------|------------------------------|---------|---------|
|   write  |    write_ln218_write_fu_92   |    0    |    0    |
|          |    write_ln219_write_fu_99   |    0    |    0    |
|----------|------------------------------|---------|---------|
|   sext   |   sext_ln216_1_cast_fu_116   |    0    |    0    |
|          |    sext_ln216_cast_fu_120    |    0    |    0    |
|----------|------------------------------|---------|---------|
|   zext   |       zext_ln216_fu_132      |    0    |    0    |
|----------|------------------------------|---------|---------|
|   Total  |                              |    0    |    77   |
|----------|------------------------------|---------|---------|

Memories:
N/A

* Register list:
+-------------------------+--------+
|                         |   FF   |
+-------------------------+--------+
| gmem4_addr_read_reg_186 |   32   |
| gmem5_addr_read_reg_191 |   16   |
|       i_2_reg_165       |   31   |
|    icmp_ln216_reg_182   |    1   |
|sext_ln216_1_cast_reg_172|   64   |
| sext_ln216_cast_reg_177 |   64   |
+-------------------------+--------+
|          Total          |   208  |
+-------------------------+--------+

* Multiplexer (MUX) list: 
|--------|------|------|------|--------|
|  Comp  |  Pin | Size |  BW  | S x BW |
|--------|------|------|------|--------|
|  Total |      |      |      |    0   |
|--------|------|------|------|--------|



* Summary:
+-----------+--------+--------+
|           |   FF   |   LUT  |
+-----------+--------+--------+
|  Function |    0   |   77   |
|   Memory  |    -   |    -   |
|Multiplexer|    -   |    -   |
|  Register |   208  |    -   |
+-----------+--------+--------+
|   Total   |   208  |   77   |
+-----------+--------+--------+
