Copyright 1986-2022 Xilinx, Inc. All Rights Reserved. Copyright 2022-2025 Advanced Micro Devices, Inc. All Rights Reserved.
--------------------------------------------------------------------------------------------------------------------------------------------------
| Tool Version      : Vivado v.2025.2 (lin64) Build 6299465 Fri Nov 14 12:34:56 MST 2025
| Date              : Fri Apr 17 19:34:59 2026
| Host              : nat-Yoga-Pro-9-16IAH10 running 64-bit Ubuntu 24.04.3 LTS
| Command           : report_timing_summary -file ./report/integrated_gcn_approx_timing_synth.rpt
| Design            : bd_0_wrapper
| Device            : xck26-sfvc784
| Speed File        : -2LV  PRODUCTION 1.30 05-15-2022
| Design State      : Synthesized
| Temperature Grade : C
--------------------------------------------------------------------------------------------------------------------------------------------------

Timing Summary Report

------------------------------------------------------------------------------------------------
| Timer Settings
| --------------
------------------------------------------------------------------------------------------------

  Enable Multi Corner Analysis               :  Yes
  Enable Pessimism Removal                   :  Yes
  Pessimism Removal Resolution               :  Nearest Common Node
  Enable Input Delay Default Clock           :  No
  Enable Preset / Clear Arcs                 :  No
  Disable Flight Delays                      :  No
  Ignore I/O Paths                           :  No
  Timing Early Launch at Borrowing Latches   :  No
  Borrow Time for Max Delay Exceptions       :  Yes
  Merge Timing Exceptions                    :  Yes
  Inter-SLR Compensation                     :  Conservative

  Corner  Analyze    Analyze    
  Name    Max Paths  Min Paths  
  ------  ---------  ---------  
  Slow    Yes        Yes        
  Fast    Yes        Yes        


------------------------------------------------------------------------------------------------
| Report Methodology
| ------------------
------------------------------------------------------------------------------------------------

No report available as report_methodology has not been run prior. Run report_methodology on the current design for the summary of methodology violations.



check_timing report

Table of Contents
-----------------
1. checking no_clock (0)
2. checking constant_clock (0)
3. checking pulse_width_clock (0)
4. checking unconstrained_internal_endpoints (0)
5. checking no_input_delay (1743)
6. checking no_output_delay (1720)
7. checking multiple_clock (0)
8. checking generated_clocks (0)
9. checking loops (0)
10. checking partial_input_delay (0)
11. checking partial_output_delay (0)
12. checking latch_loops (0)

1. checking no_clock (0)
------------------------
 There are 0 register/latch pins with no clock.


2. checking constant_clock (0)
------------------------------
 There are 0 register/latch pins with constant_clock.


3. checking pulse_width_clock (0)
---------------------------------
 There are 0 register/latch pins which need pulse_width check


4. checking unconstrained_internal_endpoints (0)
------------------------------------------------
 There are 0 pins that are not constrained for maximum delay.

 There are 0 pins that are not constrained for maximum delay due to constant clock.


5. checking no_input_delay (1743)
---------------------------------
 There are 1743 input ports with no input delay specified. (HIGH)

 There are 0 input ports with no input delay but user has a false path constraint.


6. checking no_output_delay (1720)
----------------------------------
 There are 1720 ports with no output delay specified. (HIGH)

 There are 0 ports with no output delay but user has a false path constraint

 There are 0 ports with no output delay but with a timing clock defined on it or propagating through it


7. checking multiple_clock (0)
------------------------------
 There are 0 register/latch pins with multiple clocks.


8. checking generated_clocks (0)
--------------------------------
 There are 0 generated clocks that are not connected to a clock source.


9. checking loops (0)
---------------------
 There are 0 combinational loops in the design.


10. checking partial_input_delay (0)
------------------------------------
 There are 0 input ports with partial input delay specified.


11. checking partial_output_delay (0)
-------------------------------------
 There are 0 ports with partial output delay specified.


12. checking latch_loops (0)
----------------------------
 There are 0 combinational latch loops in the design through latch input



------------------------------------------------------------------------------------------------
| Design Timing Summary
| ---------------------
------------------------------------------------------------------------------------------------

    WNS(ns)      TNS(ns)  TNS Failing Endpoints  TNS Total Endpoints      WHS(ns)      THS(ns)  THS Failing Endpoints  THS Total Endpoints     WPWS(ns)     TPWS(ns)  TPWS Failing Endpoints  TPWS Total Endpoints  
    -------      -------  ---------------------  -------------------      -------      -------  ---------------------  -------------------     --------     --------  ----------------------  --------------------  
      6.299        0.000                      0               171741        0.028        0.000                      0               171741        4.238        0.000                       0                 35143  


All user specified timing constraints are met.


------------------------------------------------------------------------------------------------
| Clock Summary
| -------------
------------------------------------------------------------------------------------------------

Clock   Waveform(ns)       Period(ns)      Frequency(MHz)
-----   ------------       ----------      --------------
ap_clk  {0.000 5.000}      10.000          100.000         


------------------------------------------------------------------------------------------------
| Intra Clock Table
| -----------------
------------------------------------------------------------------------------------------------

Clock             WNS(ns)      TNS(ns)  TNS Failing Endpoints  TNS Total Endpoints      WHS(ns)      THS(ns)  THS Failing Endpoints  THS Total Endpoints     WPWS(ns)     TPWS(ns)  TPWS Failing Endpoints  TPWS Total Endpoints  
-----             -------      -------  ---------------------  -------------------      -------      -------  ---------------------  -------------------     --------     --------  ----------------------  --------------------  
ap_clk              6.299        0.000                      0               171741        0.028        0.000                      0               171741        4.238        0.000                       0                 35143  


------------------------------------------------------------------------------------------------
| Inter Clock Table
| -----------------
------------------------------------------------------------------------------------------------

From Clock    To Clock          WNS(ns)      TNS(ns)  TNS Failing Endpoints  TNS Total Endpoints      WHS(ns)      THS(ns)  THS Failing Endpoints  THS Total Endpoints  
----------    --------          -------      -------  ---------------------  -------------------      -------      -------  ---------------------  -------------------  


------------------------------------------------------------------------------------------------
| Other Path Groups Table
| -----------------------
------------------------------------------------------------------------------------------------

Path Group    From Clock    To Clock          WNS(ns)      TNS(ns)  TNS Failing Endpoints  TNS Total Endpoints      WHS(ns)      THS(ns)  THS Failing Endpoints  THS Total Endpoints  
----------    ----------    --------          -------      -------  ---------------------  -------------------      -------      -------  ---------------------  -------------------  


------------------------------------------------------------------------------------------------
| Timing Details
| --------------
------------------------------------------------------------------------------------------------


---------------------------------------------------------------------------------------------------
From Clock:  ap_clk
  To Clock:  ap_clk

Setup :            0  Failing Endpoints,  Worst Slack        6.299ns,  Total Violation        0.000ns
Hold  :            0  Failing Endpoints,  Worst Slack        0.028ns,  Total Violation        0.000ns
PW    :            0  Failing Endpoints,  Worst Slack        4.238ns,  Total Violation        0.000ns
---------------------------------------------------------------------------------------------------


Max Delay Paths
--------------------------------------------------------------------------------------
Slack (MET) :             6.299ns  (required time - arrival time)
  Source:                 bd_0_i/hls_inst/inst/grp_spmm_stage_fu_164/spmm_compute_U0/h_buf_10_U/ram_reg_bram_0/CLKARDCLK
                            (rising edge-triggered cell RAMB18E2 clocked by ap_clk  {rise@0.000ns fall@5.000ns period=10.000ns})
  Destination:            bd_0_i/hls_inst/inst/grp_spmm_stage_fu_164/spmm_compute_U0/grp_spmm_compute_Pipeline_SPMM_MAC_fu_1525/rp_10_reg_2070_reg[15]/D
                            (rising edge-triggered cell FDRE clocked by ap_clk  {rise@0.000ns fall@5.000ns period=10.000ns})
  Path Group:             ap_clk
  Path Type:              Setup (Max at Slow Process Corner)
  Requirement:            10.000ns  (ap_clk rise@10.000ns - ap_clk rise@0.000ns)
  Data Path Delay:        3.632ns  (logic 2.365ns (65.116%)  route 1.267ns (34.884%))
  Logic Levels:           7  (LUT4=1 LUT6=6)
  Clock Path Skew:        -0.078ns (DCD - SCD + CPR)
    Destination Clock Delay (DCD):    0.029ns = ( 10.029 - 10.000 ) 
    Source Clock Delay      (SCD):    0.107ns
    Clock Pessimism Removal (CPR):    0.000ns
  Clock Uncertainty:      0.035ns  ((TSJ^2 + TIJ^2)^1/2 + DJ) / 2 + PE
    Total System Jitter     (TSJ):    0.071ns
    Total Input Jitter      (TIJ):    0.000ns
    Discrete Jitter          (DJ):    0.000ns
    Phase Error              (PE):    0.000ns

    Location             Delay type                Incr(ns)  Path(ns)    Netlist Resource(s)
  -------------------------------------------------------------------    -------------------
                         (clock ap_clk rise edge)     0.000     0.000 r  
                                                      0.000     0.000 r  ap_clk (IN)
                         net (fo=36171, unset)        0.107     0.107    bd_0_i/hls_inst/inst/grp_spmm_stage_fu_164/spmm_compute_U0/h_buf_10_U/ap_clk
                         RAMB18E2                                     r  bd_0_i/hls_inst/inst/grp_spmm_stage_fu_164/spmm_compute_U0/h_buf_10_U/ram_reg_bram_0/CLKARDCLK
  -------------------------------------------------------------------    -------------------
                         RAMB18E2 (Prop_RAMB18E2_CLKARDCLK_DOUTADOUT[5])
                                                      1.297     1.404 r  bd_0_i/hls_inst/inst/grp_spmm_stage_fu_164/spmm_compute_U0/h_buf_10_U/ram_reg_bram_0/DOUTADOUT[5]
                         net (fo=18, unplaced)        0.239     1.643    bd_0_i/hls_inst/inst/grp_spmm_stage_fu_164/spmm_compute_U0/h_buf_10_U/h_buf_10_q0[5]
                         LUT6 (Prop_LUT6_I0_O)        0.225     1.868 r  bd_0_i/hls_inst/inst/grp_spmm_stage_fu_164/spmm_compute_U0/h_buf_10_U/rp_10_reg_2070[8]_i_7/O
                         net (fo=4, unplaced)         0.129     1.997    bd_0_i/hls_inst/inst/grp_spmm_stage_fu_164/spmm_compute_U0/h_buf_10_U/rp_10_reg_2070[8]_i_7_n_4
                         LUT6 (Prop_LUT6_I0_O)        0.225     2.222 r  bd_0_i/hls_inst/inst/grp_spmm_stage_fu_164/spmm_compute_U0/h_buf_10_U/rp_10_reg_2070[11]_i_22/O
                         net (fo=2, unplaced)         0.153     2.375    bd_0_i/hls_inst/inst/grp_spmm_stage_fu_164/spmm_compute_U0/h_buf_10_U/rp_10_reg_2070[11]_i_22_n_4
                         LUT6 (Prop_LUT6_I1_O)        0.137     2.512 r  bd_0_i/hls_inst/inst/grp_spmm_stage_fu_164/spmm_compute_U0/h_buf_10_U/rp_10_reg_2070[11]_i_9/O
                         net (fo=1, unplaced)         0.154     2.666    bd_0_i/hls_inst/inst/grp_spmm_stage_fu_164/spmm_compute_U0/h_buf_10_U/rp_10_reg_2070[11]_i_9_n_4
                         LUT6 (Prop_LUT6_I0_O)        0.152     2.818 f  bd_0_i/hls_inst/inst/grp_spmm_stage_fu_164/spmm_compute_U0/h_buf_10_U/rp_10_reg_2070[11]_i_3/O
                         net (fo=4, unplaced)         0.166     2.984    bd_0_i/hls_inst/inst/grp_spmm_stage_fu_164/spmm_compute_U0/h_buf_10_U/rp_10_reg_2070[11]_i_3_n_4
                         LUT6 (Prop_LUT6_I2_O)        0.152     3.136 f  bd_0_i/hls_inst/inst/grp_spmm_stage_fu_164/spmm_compute_U0/h_buf_10_U/rp_10_reg_2070[15]_i_4/O
                         net (fo=1, unplaced)         0.148     3.284    bd_0_i/hls_inst/inst/grp_spmm_stage_fu_164/spmm_compute_U0/h_buf_10_U/rp_10_reg_2070[15]_i_4_n_4
                         LUT6 (Prop_LUT6_I1_O)        0.082     3.366 f  bd_0_i/hls_inst/inst/grp_spmm_stage_fu_164/spmm_compute_U0/h_buf_10_U/rp_10_reg_2070[15]_i_3/O
                         net (fo=1, unplaced)         0.211     3.577    bd_0_i/hls_inst/inst/grp_spmm_stage_fu_164/spmm_compute_U0/h_buf_10_U/rp_10_reg_2070[15]_i_3_n_4
                         LUT4 (Prop_LUT4_I3_O)        0.095     3.672 r  bd_0_i/hls_inst/inst/grp_spmm_stage_fu_164/spmm_compute_U0/h_buf_10_U/rp_10_reg_2070[15]_i_1/O
                         net (fo=1, unplaced)         0.067     3.739    bd_0_i/hls_inst/inst/grp_spmm_stage_fu_164/spmm_compute_U0/grp_spmm_compute_Pipeline_SPMM_MAC_fu_1525/rp_10_mul8s_1L2J_fu_1172_ap_return[12]
                         FDRE                                         r  bd_0_i/hls_inst/inst/grp_spmm_stage_fu_164/spmm_compute_U0/grp_spmm_compute_Pipeline_SPMM_MAC_fu_1525/rp_10_reg_2070_reg[15]/D
  -------------------------------------------------------------------    -------------------

                         (clock ap_clk rise edge)    10.000    10.000 r  
                                                      0.000    10.000 r  ap_clk (IN)
                         net (fo=36171, unset)        0.029    10.029    bd_0_i/hls_inst/inst/grp_spmm_stage_fu_164/spmm_compute_U0/grp_spmm_compute_Pipeline_SPMM_MAC_fu_1525/ap_clk
                         FDRE                                         r  bd_0_i/hls_inst/inst/grp_spmm_stage_fu_164/spmm_compute_U0/grp_spmm_compute_Pipeline_SPMM_MAC_fu_1525/rp_10_reg_2070_reg[15]/C
                         clock pessimism              0.000    10.029    
                         clock uncertainty           -0.035     9.994    
                         FDRE (Setup_FDRE_C_D)        0.044    10.038    bd_0_i/hls_inst/inst/grp_spmm_stage_fu_164/spmm_compute_U0/grp_spmm_compute_Pipeline_SPMM_MAC_fu_1525/rp_10_reg_2070_reg[15]
  -------------------------------------------------------------------
                         required time                         10.038    
                         arrival time                          -3.739    
  -------------------------------------------------------------------
                         slack                                  6.299    





Min Delay Paths
--------------------------------------------------------------------------------------
Slack (MET) :             0.028ns  (arrival time - required time)
  Source:                 bd_0_i/hls_inst/inst/grp_spmm_stage_fu_164/val_fifo_U/waddr_reg[3]/C
                            (rising edge-triggered cell FDRE clocked by ap_clk  {rise@0.000ns fall@5.000ns period=10.000ns})
  Destination:            bd_0_i/hls_inst/inst/grp_spmm_stage_fu_164/val_fifo_U/U_integrated_gcn_approx_fifo_w8_d256_A_ram/mem_reg_0_63_7_7/RAMA/WADR3
                            (rising edge-triggered cell RAMD64E clocked by ap_clk  {rise@0.000ns fall@5.000ns period=10.000ns})
  Path Group:             ap_clk
  Path Type:              Hold (Min at Fast Process Corner)
  Requirement:            0.000ns  (ap_clk rise@0.000ns - ap_clk rise@0.000ns)
  Data Path Delay:        0.161ns  (logic 0.084ns (52.174%)  route 0.077ns (47.826%))
  Logic Levels:           0  
  Clock Path Skew:        0.043ns (DCD - SCD - CPR)
    Destination Clock Delay (DCD):    0.057ns
    Source Clock Delay      (SCD):    0.014ns
    Clock Pessimism Removal (CPR):    -0.000ns

    Location             Delay type                Incr(ns)  Path(ns)    Netlist Resource(s)
  -------------------------------------------------------------------    -------------------
                         (clock ap_clk rise edge)     0.000     0.000 r  
                                                      0.000     0.000 r  ap_clk (IN)
                         net (fo=36171, unset)        0.014     0.014    bd_0_i/hls_inst/inst/grp_spmm_stage_fu_164/val_fifo_U/ap_clk
                         FDRE                                         r  bd_0_i/hls_inst/inst/grp_spmm_stage_fu_164/val_fifo_U/waddr_reg[3]/C
  -------------------------------------------------------------------    -------------------
                         FDRE (Prop_FDRE_C_Q)         0.084     0.098 r  bd_0_i/hls_inst/inst/grp_spmm_stage_fu_164/val_fifo_U/waddr_reg[3]/Q
                         net (fo=40, unplaced)        0.077     0.175    bd_0_i/hls_inst/inst/grp_spmm_stage_fu_164/val_fifo_U/U_integrated_gcn_approx_fifo_w8_d256_A_ram/mem_reg_0_63_7_7/ADDRH3
                         RAMD64E                                      r  bd_0_i/hls_inst/inst/grp_spmm_stage_fu_164/val_fifo_U/U_integrated_gcn_approx_fifo_w8_d256_A_ram/mem_reg_0_63_7_7/RAMA/WADR3
  -------------------------------------------------------------------    -------------------

                         (clock ap_clk rise edge)     0.000     0.000 r  
                                                      0.000     0.000 r  ap_clk (IN)
                         net (fo=36171, unset)        0.057     0.057    bd_0_i/hls_inst/inst/grp_spmm_stage_fu_164/val_fifo_U/U_integrated_gcn_approx_fifo_w8_d256_A_ram/mem_reg_0_63_7_7/WCLK
                         RAMD64E                                      r  bd_0_i/hls_inst/inst/grp_spmm_stage_fu_164/val_fifo_U/U_integrated_gcn_approx_fifo_w8_d256_A_ram/mem_reg_0_63_7_7/RAMA/CLK
                         clock pessimism              0.000     0.057    
                         RAMD64E (Hold_RAMD64E_CLK_WADR3)
                                                      0.090     0.147    bd_0_i/hls_inst/inst/grp_spmm_stage_fu_164/val_fifo_U/U_integrated_gcn_approx_fifo_w8_d256_A_ram/mem_reg_0_63_7_7/RAMA
  -------------------------------------------------------------------
                         required time                         -0.147    
                         arrival time                           0.175    
  -------------------------------------------------------------------
                         slack                                  0.028    





Pulse Width Checks
--------------------------------------------------------------------------------------
Clock Name:         ap_clk
Waveform(ns):       { 0.000 5.000 }
Period(ns):         10.000
Sources:            { ap_clk }

Check Type        Corner  Lib Pin             Reference Pin  Required(ns)  Actual(ns)  Slack(ns)  Location  Pin
Min Period        n/a     RAMB36E2/CLKARDCLK  n/a            1.960         10.000      8.040                bd_0_i/hls_inst/inst/gmem0_m_axi_U/load_unit_0/buff_rdata/U_fifo_mem/mem_reg_0/CLKARDCLK
Low Pulse Width   Slow    SRL16E/CLK          n/a            0.762         5.000       4.238                bd_0_i/hls_inst/inst/bus_read/ost_ctrl_gen[0].fifo_burst/U_fifo_srl/mem_reg[14][0]_srl15/CLK
High Pulse Width  Slow    SRL16E/CLK          n/a            0.762         5.000       4.238                bd_0_i/hls_inst/inst/bus_read/ost_ctrl_gen[0].fifo_burst/U_fifo_srl/mem_reg[14][0]_srl15/CLK



