Copyright 1986-2022 Xilinx, Inc. All Rights Reserved. Copyright 2022-2025 Advanced Micro Devices, Inc. All Rights Reserved.
--------------------------------------------------------------------------------------------------------------------------------------------------
| Tool Version      : Vivado v.2025.2 (lin64) Build 6299465 Fri Nov 14 12:34:56 MST 2025
| Date              : Fri Apr 17 19:35:03 2026
| Host              : nat-Yoga-Pro-9-16IAH10 running 64-bit Ubuntu 24.04.3 LTS
| Command           : report_timing -max_paths 10 -file ./report/integrated_gcn_approx_timing_paths_synth.rpt
| Design            : bd_0_wrapper
| Device            : xck26-sfvc784
| Speed File        : -2LV  PRODUCTION 1.30 05-15-2022
| Design State      : Synthesized
| Temperature Grade : C
--------------------------------------------------------------------------------------------------------------------------------------------------

Timing Report

Slack (MET) :             6.299ns  (required time - arrival time)
  Source:                 bd_0_i/hls_inst/inst/grp_spmm_stage_fu_164/spmm_compute_U0/h_buf_10_U/ram_reg_bram_0/CLKARDCLK
                            (rising edge-triggered cell RAMB18E2 clocked by ap_clk  {rise@0.000ns fall@5.000ns period=10.000ns})
  Destination:            bd_0_i/hls_inst/inst/grp_spmm_stage_fu_164/spmm_compute_U0/grp_spmm_compute_Pipeline_SPMM_MAC_fu_1525/rp_10_reg_2070_reg[15]/D
                            (rising edge-triggered cell FDRE clocked by ap_clk  {rise@0.000ns fall@5.000ns period=10.000ns})
  Path Group:             ap_clk
  Path Type:              Setup (Max at Slow Process Corner)
  Requirement:            10.000ns  (ap_clk rise@10.000ns - ap_clk rise@0.000ns)
  Data Path Delay:        3.632ns  (logic 2.365ns (65.116%)  route 1.267ns (34.884%))
  Logic Levels:           7  (LUT4=1 LUT6=6)
  Clock Path Skew:        -0.078ns (DCD - SCD + CPR)
    Destination Clock Delay (DCD):    0.029ns = ( 10.029 - 10.000 ) 
    Source Clock Delay      (SCD):    0.107ns
    Clock Pessimism Removal (CPR):    0.000ns
  Clock Uncertainty:      0.035ns  ((TSJ^2 + TIJ^2)^1/2 + DJ) / 2 + PE
    Total System Jitter     (TSJ):    0.071ns
    Total Input Jitter      (TIJ):    0.000ns
    Discrete Jitter          (DJ):    0.000ns
    Phase Error              (PE):    0.000ns

    Location             Delay type                Incr(ns)  Path(ns)    Netlist Resource(s)
  -------------------------------------------------------------------    -------------------
                         (clock ap_clk rise edge)     0.000     0.000 r  
                                                      0.000     0.000 r  ap_clk (IN)
                         net (fo=36171, unset)        0.107     0.107    bd_0_i/hls_inst/inst/grp_spmm_stage_fu_164/spmm_compute_U0/h_buf_10_U/ap_clk
                         RAMB18E2                                     r  bd_0_i/hls_inst/inst/grp_spmm_stage_fu_164/spmm_compute_U0/h_buf_10_U/ram_reg_bram_0/CLKARDCLK
  -------------------------------------------------------------------    -------------------
                         RAMB18E2 (Prop_RAMB18E2_CLKARDCLK_DOUTADOUT[5])
                                                      1.297     1.404 r  bd_0_i/hls_inst/inst/grp_spmm_stage_fu_164/spmm_compute_U0/h_buf_10_U/ram_reg_bram_0/DOUTADOUT[5]
                         net (fo=18, unplaced)        0.239     1.643    bd_0_i/hls_inst/inst/grp_spmm_stage_fu_164/spmm_compute_U0/h_buf_10_U/h_buf_10_q0[5]
                         LUT6 (Prop_LUT6_I0_O)        0.225     1.868 r  bd_0_i/hls_inst/inst/grp_spmm_stage_fu_164/spmm_compute_U0/h_buf_10_U/rp_10_reg_2070[8]_i_7/O
                         net (fo=4, unplaced)         0.129     1.997    bd_0_i/hls_inst/inst/grp_spmm_stage_fu_164/spmm_compute_U0/h_buf_10_U/rp_10_reg_2070[8]_i_7_n_4
                         LUT6 (Prop_LUT6_I0_O)        0.225     2.222 r  bd_0_i/hls_inst/inst/grp_spmm_stage_fu_164/spmm_compute_U0/h_buf_10_U/rp_10_reg_2070[11]_i_22/O
                         net (fo=2, unplaced)         0.153     2.375    bd_0_i/hls_inst/inst/grp_spmm_stage_fu_164/spmm_compute_U0/h_buf_10_U/rp_10_reg_2070[11]_i_22_n_4
                         LUT6 (Prop_LUT6_I1_O)        0.137     2.512 r  bd_0_i/hls_inst/inst/grp_spmm_stage_fu_164/spmm_compute_U0/h_buf_10_U/rp_10_reg_2070[11]_i_9/O
                         net (fo=1, unplaced)         0.154     2.666    bd_0_i/hls_inst/inst/grp_spmm_stage_fu_164/spmm_compute_U0/h_buf_10_U/rp_10_reg_2070[11]_i_9_n_4
                         LUT6 (Prop_LUT6_I0_O)        0.152     2.818 f  bd_0_i/hls_inst/inst/grp_spmm_stage_fu_164/spmm_compute_U0/h_buf_10_U/rp_10_reg_2070[11]_i_3/O
                         net (fo=4, unplaced)         0.166     2.984    bd_0_i/hls_inst/inst/grp_spmm_stage_fu_164/spmm_compute_U0/h_buf_10_U/rp_10_reg_2070[11]_i_3_n_4
                         LUT6 (Prop_LUT6_I2_O)        0.152     3.136 f  bd_0_i/hls_inst/inst/grp_spmm_stage_fu_164/spmm_compute_U0/h_buf_10_U/rp_10_reg_2070[15]_i_4/O
                         net (fo=1, unplaced)         0.148     3.284    bd_0_i/hls_inst/inst/grp_spmm_stage_fu_164/spmm_compute_U0/h_buf_10_U/rp_10_reg_2070[15]_i_4_n_4
                         LUT6 (Prop_LUT6_I1_O)        0.082     3.366 f  bd_0_i/hls_inst/inst/grp_spmm_stage_fu_164/spmm_compute_U0/h_buf_10_U/rp_10_reg_2070[15]_i_3/O
                         net (fo=1, unplaced)         0.211     3.577    bd_0_i/hls_inst/inst/grp_spmm_stage_fu_164/spmm_compute_U0/h_buf_10_U/rp_10_reg_2070[15]_i_3_n_4
                         LUT4 (Prop_LUT4_I3_O)        0.095     3.672 r  bd_0_i/hls_inst/inst/grp_spmm_stage_fu_164/spmm_compute_U0/h_buf_10_U/rp_10_reg_2070[15]_i_1/O
                         net (fo=1, unplaced)         0.067     3.739    bd_0_i/hls_inst/inst/grp_spmm_stage_fu_164/spmm_compute_U0/grp_spmm_compute_Pipeline_SPMM_MAC_fu_1525/rp_10_mul8s_1L2J_fu_1172_ap_return[12]
                         FDRE                                         r  bd_0_i/hls_inst/inst/grp_spmm_stage_fu_164/spmm_compute_U0/grp_spmm_compute_Pipeline_SPMM_MAC_fu_1525/rp_10_reg_2070_reg[15]/D
  -------------------------------------------------------------------    -------------------

                         (clock ap_clk rise edge)    10.000    10.000 r  
                                                      0.000    10.000 r  ap_clk (IN)
                         net (fo=36171, unset)        0.029    10.029    bd_0_i/hls_inst/inst/grp_spmm_stage_fu_164/spmm_compute_U0/grp_spmm_compute_Pipeline_SPMM_MAC_fu_1525/ap_clk
                         FDRE                                         r  bd_0_i/hls_inst/inst/grp_spmm_stage_fu_164/spmm_compute_U0/grp_spmm_compute_Pipeline_SPMM_MAC_fu_1525/rp_10_reg_2070_reg[15]/C
                         clock pessimism              0.000    10.029    
                         clock uncertainty           -0.035     9.994    
                         FDRE (Setup_FDRE_C_D)        0.044    10.038    bd_0_i/hls_inst/inst/grp_spmm_stage_fu_164/spmm_compute_U0/grp_spmm_compute_Pipeline_SPMM_MAC_fu_1525/rp_10_reg_2070_reg[15]
  -------------------------------------------------------------------
                         required time                         10.038    
                         arrival time                          -3.739    
  -------------------------------------------------------------------
                         slack                                  6.299    

Slack (MET) :             6.299ns  (required time - arrival time)
  Source:                 bd_0_i/hls_inst/inst/grp_spmm_stage_fu_164/spmm_compute_U0/h_buf_11_U/ram_reg_bram_0/CLKARDCLK
                            (rising edge-triggered cell RAMB18E2 clocked by ap_clk  {rise@0.000ns fall@5.000ns period=10.000ns})
  Destination:            bd_0_i/hls_inst/inst/grp_spmm_stage_fu_164/spmm_compute_U0/grp_spmm_compute_Pipeline_SPMM_MAC_fu_1525/rp_11_reg_2075_reg[15]/D
                            (rising edge-triggered cell FDRE clocked by ap_clk  {rise@0.000ns fall@5.000ns period=10.000ns})
  Path Group:             ap_clk
  Path Type:              Setup (Max at Slow Process Corner)
  Requirement:            10.000ns  (ap_clk rise@10.000ns - ap_clk rise@0.000ns)
  Data Path Delay:        3.632ns  (logic 2.365ns (65.116%)  route 1.267ns (34.884%))
  Logic Levels:           7  (LUT4=1 LUT6=6)
  Clock Path Skew:        -0.078ns (DCD - SCD + CPR)
    Destination Clock Delay (DCD):    0.029ns = ( 10.029 - 10.000 ) 
    Source Clock Delay      (SCD):    0.107ns
    Clock Pessimism Removal (CPR):    0.000ns
  Clock Uncertainty:      0.035ns  ((TSJ^2 + TIJ^2)^1/2 + DJ) / 2 + PE
    Total System Jitter     (TSJ):    0.071ns
    Total Input Jitter      (TIJ):    0.000ns
    Discrete Jitter          (DJ):    0.000ns
    Phase Error              (PE):    0.000ns

    Location             Delay type                Incr(ns)  Path(ns)    Netlist Resource(s)
  -------------------------------------------------------------------    -------------------
                         (clock ap_clk rise edge)     0.000     0.000 r  
                                                      0.000     0.000 r  ap_clk (IN)
                         net (fo=36171, unset)        0.107     0.107    bd_0_i/hls_inst/inst/grp_spmm_stage_fu_164/spmm_compute_U0/h_buf_11_U/ap_clk
                         RAMB18E2                                     r  bd_0_i/hls_inst/inst/grp_spmm_stage_fu_164/spmm_compute_U0/h_buf_11_U/ram_reg_bram_0/CLKARDCLK
  -------------------------------------------------------------------    -------------------
                         RAMB18E2 (Prop_RAMB18E2_CLKARDCLK_DOUTADOUT[5])
                                                      1.297     1.404 r  bd_0_i/hls_inst/inst/grp_spmm_stage_fu_164/spmm_compute_U0/h_buf_11_U/ram_reg_bram_0/DOUTADOUT[5]
                         net (fo=18, unplaced)        0.239     1.643    bd_0_i/hls_inst/inst/grp_spmm_stage_fu_164/spmm_compute_U0/h_buf_11_U/h_buf_11_q0[5]
                         LUT6 (Prop_LUT6_I0_O)        0.225     1.868 r  bd_0_i/hls_inst/inst/grp_spmm_stage_fu_164/spmm_compute_U0/h_buf_11_U/rp_11_reg_2075[8]_i_7/O
                         net (fo=4, unplaced)         0.129     1.997    bd_0_i/hls_inst/inst/grp_spmm_stage_fu_164/spmm_compute_U0/h_buf_11_U/rp_11_reg_2075[8]_i_7_n_4
                         LUT6 (Prop_LUT6_I0_O)        0.225     2.222 r  bd_0_i/hls_inst/inst/grp_spmm_stage_fu_164/spmm_compute_U0/h_buf_11_U/rp_11_reg_2075[11]_i_22/O
                         net (fo=2, unplaced)         0.153     2.375    bd_0_i/hls_inst/inst/grp_spmm_stage_fu_164/spmm_compute_U0/h_buf_11_U/rp_11_reg_2075[11]_i_22_n_4
                         LUT6 (Prop_LUT6_I1_O)        0.137     2.512 r  bd_0_i/hls_inst/inst/grp_spmm_stage_fu_164/spmm_compute_U0/h_buf_11_U/rp_11_reg_2075[11]_i_9/O
                         net (fo=1, unplaced)         0.154     2.666    bd_0_i/hls_inst/inst/grp_spmm_stage_fu_164/spmm_compute_U0/h_buf_11_U/rp_11_reg_2075[11]_i_9_n_4
                         LUT6 (Prop_LUT6_I0_O)        0.152     2.818 f  bd_0_i/hls_inst/inst/grp_spmm_stage_fu_164/spmm_compute_U0/h_buf_11_U/rp_11_reg_2075[11]_i_3/O
                         net (fo=4, unplaced)         0.166     2.984    bd_0_i/hls_inst/inst/grp_spmm_stage_fu_164/spmm_compute_U0/h_buf_11_U/rp_11_reg_2075[11]_i_3_n_4
                         LUT6 (Prop_LUT6_I2_O)        0.152     3.136 f  bd_0_i/hls_inst/inst/grp_spmm_stage_fu_164/spmm_compute_U0/h_buf_11_U/rp_11_reg_2075[15]_i_4/O
                         net (fo=1, unplaced)         0.148     3.284    bd_0_i/hls_inst/inst/grp_spmm_stage_fu_164/spmm_compute_U0/h_buf_11_U/rp_11_reg_2075[15]_i_4_n_4
                         LUT6 (Prop_LUT6_I1_O)        0.082     3.366 f  bd_0_i/hls_inst/inst/grp_spmm_stage_fu_164/spmm_compute_U0/h_buf_11_U/rp_11_reg_2075[15]_i_3/O
                         net (fo=1, unplaced)         0.211     3.577    bd_0_i/hls_inst/inst/grp_spmm_stage_fu_164/spmm_compute_U0/h_buf_11_U/rp_11_reg_2075[15]_i_3_n_4
                         LUT4 (Prop_LUT4_I3_O)        0.095     3.672 r  bd_0_i/hls_inst/inst/grp_spmm_stage_fu_164/spmm_compute_U0/h_buf_11_U/rp_11_reg_2075[15]_i_1/O
                         net (fo=1, unplaced)         0.067     3.739    bd_0_i/hls_inst/inst/grp_spmm_stage_fu_164/spmm_compute_U0/grp_spmm_compute_Pipeline_SPMM_MAC_fu_1525/rp_11_mul8s_1L2J_fu_1179_ap_return[12]
                         FDRE                                         r  bd_0_i/hls_inst/inst/grp_spmm_stage_fu_164/spmm_compute_U0/grp_spmm_compute_Pipeline_SPMM_MAC_fu_1525/rp_11_reg_2075_reg[15]/D
  -------------------------------------------------------------------    -------------------

                         (clock ap_clk rise edge)    10.000    10.000 r  
                                                      0.000    10.000 r  ap_clk (IN)
                         net (fo=36171, unset)        0.029    10.029    bd_0_i/hls_inst/inst/grp_spmm_stage_fu_164/spmm_compute_U0/grp_spmm_compute_Pipeline_SPMM_MAC_fu_1525/ap_clk
                         FDRE                                         r  bd_0_i/hls_inst/inst/grp_spmm_stage_fu_164/spmm_compute_U0/grp_spmm_compute_Pipeline_SPMM_MAC_fu_1525/rp_11_reg_2075_reg[15]/C
                         clock pessimism              0.000    10.029    
                         clock uncertainty           -0.035     9.994    
                         FDRE (Setup_FDRE_C_D)        0.044    10.038    bd_0_i/hls_inst/inst/grp_spmm_stage_fu_164/spmm_compute_U0/grp_spmm_compute_Pipeline_SPMM_MAC_fu_1525/rp_11_reg_2075_reg[15]
  -------------------------------------------------------------------
                         required time                         10.038    
                         arrival time                          -3.739    
  -------------------------------------------------------------------
                         slack                                  6.299    

Slack (MET) :             6.299ns  (required time - arrival time)
  Source:                 bd_0_i/hls_inst/inst/grp_spmm_stage_fu_164/spmm_compute_U0/h_buf_12_U/ram_reg_bram_0/CLKARDCLK
                            (rising edge-triggered cell RAMB18E2 clocked by ap_clk  {rise@0.000ns fall@5.000ns period=10.000ns})
  Destination:            bd_0_i/hls_inst/inst/grp_spmm_stage_fu_164/spmm_compute_U0/grp_spmm_compute_Pipeline_SPMM_MAC_fu_1525/rp_12_reg_2080_reg[15]/D
                            (rising edge-triggered cell FDRE clocked by ap_clk  {rise@0.000ns fall@5.000ns period=10.000ns})
  Path Group:             ap_clk
  Path Type:              Setup (Max at Slow Process Corner)
  Requirement:            10.000ns  (ap_clk rise@10.000ns - ap_clk rise@0.000ns)
  Data Path Delay:        3.632ns  (logic 2.365ns (65.116%)  route 1.267ns (34.884%))
  Logic Levels:           7  (LUT4=1 LUT6=6)
  Clock Path Skew:        -0.078ns (DCD - SCD + CPR)
    Destination Clock Delay (DCD):    0.029ns = ( 10.029 - 10.000 ) 
    Source Clock Delay      (SCD):    0.107ns
    Clock Pessimism Removal (CPR):    0.000ns
  Clock Uncertainty:      0.035ns  ((TSJ^2 + TIJ^2)^1/2 + DJ) / 2 + PE
    Total System Jitter     (TSJ):    0.071ns
    Total Input Jitter      (TIJ):    0.000ns
    Discrete Jitter          (DJ):    0.000ns
    Phase Error              (PE):    0.000ns

    Location             Delay type                Incr(ns)  Path(ns)    Netlist Resource(s)
  -------------------------------------------------------------------    -------------------
                         (clock ap_clk rise edge)     0.000     0.000 r  
                                                      0.000     0.000 r  ap_clk (IN)
                         net (fo=36171, unset)        0.107     0.107    bd_0_i/hls_inst/inst/grp_spmm_stage_fu_164/spmm_compute_U0/h_buf_12_U/ap_clk
                         RAMB18E2                                     r  bd_0_i/hls_inst/inst/grp_spmm_stage_fu_164/spmm_compute_U0/h_buf_12_U/ram_reg_bram_0/CLKARDCLK
  -------------------------------------------------------------------    -------------------
                         RAMB18E2 (Prop_RAMB18E2_CLKARDCLK_DOUTADOUT[5])
                                                      1.297     1.404 r  bd_0_i/hls_inst/inst/grp_spmm_stage_fu_164/spmm_compute_U0/h_buf_12_U/ram_reg_bram_0/DOUTADOUT[5]
                         net (fo=18, unplaced)        0.239     1.643    bd_0_i/hls_inst/inst/grp_spmm_stage_fu_164/spmm_compute_U0/h_buf_12_U/h_buf_12_q0[5]
                         LUT6 (Prop_LUT6_I0_O)        0.225     1.868 r  bd_0_i/hls_inst/inst/grp_spmm_stage_fu_164/spmm_compute_U0/h_buf_12_U/rp_12_reg_2080[8]_i_7/O
                         net (fo=4, unplaced)         0.129     1.997    bd_0_i/hls_inst/inst/grp_spmm_stage_fu_164/spmm_compute_U0/h_buf_12_U/rp_12_reg_2080[8]_i_7_n_4
                         LUT6 (Prop_LUT6_I0_O)        0.225     2.222 r  bd_0_i/hls_inst/inst/grp_spmm_stage_fu_164/spmm_compute_U0/h_buf_12_U/rp_12_reg_2080[11]_i_22/O
                         net (fo=2, unplaced)         0.153     2.375    bd_0_i/hls_inst/inst/grp_spmm_stage_fu_164/spmm_compute_U0/h_buf_12_U/rp_12_reg_2080[11]_i_22_n_4
                         LUT6 (Prop_LUT6_I1_O)        0.137     2.512 r  bd_0_i/hls_inst/inst/grp_spmm_stage_fu_164/spmm_compute_U0/h_buf_12_U/rp_12_reg_2080[11]_i_9/O
                         net (fo=1, unplaced)         0.154     2.666    bd_0_i/hls_inst/inst/grp_spmm_stage_fu_164/spmm_compute_U0/h_buf_12_U/rp_12_reg_2080[11]_i_9_n_4
                         LUT6 (Prop_LUT6_I0_O)        0.152     2.818 f  bd_0_i/hls_inst/inst/grp_spmm_stage_fu_164/spmm_compute_U0/h_buf_12_U/rp_12_reg_2080[11]_i_3/O
                         net (fo=4, unplaced)         0.166     2.984    bd_0_i/hls_inst/inst/grp_spmm_stage_fu_164/spmm_compute_U0/h_buf_12_U/rp_12_reg_2080[11]_i_3_n_4
                         LUT6 (Prop_LUT6_I2_O)        0.152     3.136 f  bd_0_i/hls_inst/inst/grp_spmm_stage_fu_164/spmm_compute_U0/h_buf_12_U/rp_12_reg_2080[15]_i_4/O
                         net (fo=1, unplaced)         0.148     3.284    bd_0_i/hls_inst/inst/grp_spmm_stage_fu_164/spmm_compute_U0/h_buf_12_U/rp_12_reg_2080[15]_i_4_n_4
                         LUT6 (Prop_LUT6_I1_O)        0.082     3.366 f  bd_0_i/hls_inst/inst/grp_spmm_stage_fu_164/spmm_compute_U0/h_buf_12_U/rp_12_reg_2080[15]_i_3/O
                         net (fo=1, unplaced)         0.211     3.577    bd_0_i/hls_inst/inst/grp_spmm_stage_fu_164/spmm_compute_U0/h_buf_12_U/rp_12_reg_2080[15]_i_3_n_4
                         LUT4 (Prop_LUT4_I3_O)        0.095     3.672 r  bd_0_i/hls_inst/inst/grp_spmm_stage_fu_164/spmm_compute_U0/h_buf_12_U/rp_12_reg_2080[15]_i_1/O
                         net (fo=1, unplaced)         0.067     3.739    bd_0_i/hls_inst/inst/grp_spmm_stage_fu_164/spmm_compute_U0/grp_spmm_compute_Pipeline_SPMM_MAC_fu_1525/rp_12_mul8s_1L2J_fu_1186_ap_return[12]
                         FDRE                                         r  bd_0_i/hls_inst/inst/grp_spmm_stage_fu_164/spmm_compute_U0/grp_spmm_compute_Pipeline_SPMM_MAC_fu_1525/rp_12_reg_2080_reg[15]/D
  -------------------------------------------------------------------    -------------------

                         (clock ap_clk rise edge)    10.000    10.000 r  
                                                      0.000    10.000 r  ap_clk (IN)
                         net (fo=36171, unset)        0.029    10.029    bd_0_i/hls_inst/inst/grp_spmm_stage_fu_164/spmm_compute_U0/grp_spmm_compute_Pipeline_SPMM_MAC_fu_1525/ap_clk
                         FDRE                                         r  bd_0_i/hls_inst/inst/grp_spmm_stage_fu_164/spmm_compute_U0/grp_spmm_compute_Pipeline_SPMM_MAC_fu_1525/rp_12_reg_2080_reg[15]/C
                         clock pessimism              0.000    10.029    
                         clock uncertainty           -0.035     9.994    
                         FDRE (Setup_FDRE_C_D)        0.044    10.038    bd_0_i/hls_inst/inst/grp_spmm_stage_fu_164/spmm_compute_U0/grp_spmm_compute_Pipeline_SPMM_MAC_fu_1525/rp_12_reg_2080_reg[15]
  -------------------------------------------------------------------
                         required time                         10.038    
                         arrival time                          -3.739    
  -------------------------------------------------------------------
                         slack                                  6.299    

Slack (MET) :             6.299ns  (required time - arrival time)
  Source:                 bd_0_i/hls_inst/inst/grp_spmm_stage_fu_164/spmm_compute_U0/h_buf_13_U/ram_reg_bram_0/CLKARDCLK
                            (rising edge-triggered cell RAMB18E2 clocked by ap_clk  {rise@0.000ns fall@5.000ns period=10.000ns})
  Destination:            bd_0_i/hls_inst/inst/grp_spmm_stage_fu_164/spmm_compute_U0/grp_spmm_compute_Pipeline_SPMM_MAC_fu_1525/rp_13_reg_2085_reg[15]/D
                            (rising edge-triggered cell FDRE clocked by ap_clk  {rise@0.000ns fall@5.000ns period=10.000ns})
  Path Group:             ap_clk
  Path Type:              Setup (Max at Slow Process Corner)
  Requirement:            10.000ns  (ap_clk rise@10.000ns - ap_clk rise@0.000ns)
  Data Path Delay:        3.632ns  (logic 2.365ns (65.116%)  route 1.267ns (34.884%))
  Logic Levels:           7  (LUT4=1 LUT6=6)
  Clock Path Skew:        -0.078ns (DCD - SCD + CPR)
    Destination Clock Delay (DCD):    0.029ns = ( 10.029 - 10.000 ) 
    Source Clock Delay      (SCD):    0.107ns
    Clock Pessimism Removal (CPR):    0.000ns
  Clock Uncertainty:      0.035ns  ((TSJ^2 + TIJ^2)^1/2 + DJ) / 2 + PE
    Total System Jitter     (TSJ):    0.071ns
    Total Input Jitter      (TIJ):    0.000ns
    Discrete Jitter          (DJ):    0.000ns
    Phase Error              (PE):    0.000ns

    Location             Delay type                Incr(ns)  Path(ns)    Netlist Resource(s)
  -------------------------------------------------------------------    -------------------
                         (clock ap_clk rise edge)     0.000     0.000 r  
                                                      0.000     0.000 r  ap_clk (IN)
                         net (fo=36171, unset)        0.107     0.107    bd_0_i/hls_inst/inst/grp_spmm_stage_fu_164/spmm_compute_U0/h_buf_13_U/ap_clk
                         RAMB18E2                                     r  bd_0_i/hls_inst/inst/grp_spmm_stage_fu_164/spmm_compute_U0/h_buf_13_U/ram_reg_bram_0/CLKARDCLK
  -------------------------------------------------------------------    -------------------
                         RAMB18E2 (Prop_RAMB18E2_CLKARDCLK_DOUTADOUT[5])
                                                      1.297     1.404 r  bd_0_i/hls_inst/inst/grp_spmm_stage_fu_164/spmm_compute_U0/h_buf_13_U/ram_reg_bram_0/DOUTADOUT[5]
                         net (fo=18, unplaced)        0.239     1.643    bd_0_i/hls_inst/inst/grp_spmm_stage_fu_164/spmm_compute_U0/h_buf_13_U/h_buf_13_q0[5]
                         LUT6 (Prop_LUT6_I0_O)        0.225     1.868 r  bd_0_i/hls_inst/inst/grp_spmm_stage_fu_164/spmm_compute_U0/h_buf_13_U/rp_13_reg_2085[8]_i_7/O
                         net (fo=4, unplaced)         0.129     1.997    bd_0_i/hls_inst/inst/grp_spmm_stage_fu_164/spmm_compute_U0/h_buf_13_U/rp_13_reg_2085[8]_i_7_n_4
                         LUT6 (Prop_LUT6_I0_O)        0.225     2.222 r  bd_0_i/hls_inst/inst/grp_spmm_stage_fu_164/spmm_compute_U0/h_buf_13_U/rp_13_reg_2085[11]_i_22/O
                         net (fo=2, unplaced)         0.153     2.375    bd_0_i/hls_inst/inst/grp_spmm_stage_fu_164/spmm_compute_U0/h_buf_13_U/rp_13_reg_2085[11]_i_22_n_4
                         LUT6 (Prop_LUT6_I1_O)        0.137     2.512 r  bd_0_i/hls_inst/inst/grp_spmm_stage_fu_164/spmm_compute_U0/h_buf_13_U/rp_13_reg_2085[11]_i_9/O
                         net (fo=1, unplaced)         0.154     2.666    bd_0_i/hls_inst/inst/grp_spmm_stage_fu_164/spmm_compute_U0/h_buf_13_U/rp_13_reg_2085[11]_i_9_n_4
                         LUT6 (Prop_LUT6_I0_O)        0.152     2.818 f  bd_0_i/hls_inst/inst/grp_spmm_stage_fu_164/spmm_compute_U0/h_buf_13_U/rp_13_reg_2085[11]_i_3/O
                         net (fo=4, unplaced)         0.166     2.984    bd_0_i/hls_inst/inst/grp_spmm_stage_fu_164/spmm_compute_U0/h_buf_13_U/rp_13_reg_2085[11]_i_3_n_4
                         LUT6 (Prop_LUT6_I2_O)        0.152     3.136 f  bd_0_i/hls_inst/inst/grp_spmm_stage_fu_164/spmm_compute_U0/h_buf_13_U/rp_13_reg_2085[15]_i_4/O
                         net (fo=1, unplaced)         0.148     3.284    bd_0_i/hls_inst/inst/grp_spmm_stage_fu_164/spmm_compute_U0/h_buf_13_U/rp_13_reg_2085[15]_i_4_n_4
                         LUT6 (Prop_LUT6_I1_O)        0.082     3.366 f  bd_0_i/hls_inst/inst/grp_spmm_stage_fu_164/spmm_compute_U0/h_buf_13_U/rp_13_reg_2085[15]_i_3/O
                         net (fo=1, unplaced)         0.211     3.577    bd_0_i/hls_inst/inst/grp_spmm_stage_fu_164/spmm_compute_U0/h_buf_13_U/rp_13_reg_2085[15]_i_3_n_4
                         LUT4 (Prop_LUT4_I3_O)        0.095     3.672 r  bd_0_i/hls_inst/inst/grp_spmm_stage_fu_164/spmm_compute_U0/h_buf_13_U/rp_13_reg_2085[15]_i_1/O
                         net (fo=1, unplaced)         0.067     3.739    bd_0_i/hls_inst/inst/grp_spmm_stage_fu_164/spmm_compute_U0/grp_spmm_compute_Pipeline_SPMM_MAC_fu_1525/rp_13_mul8s_1L2J_fu_1193_ap_return[12]
                         FDRE                                         r  bd_0_i/hls_inst/inst/grp_spmm_stage_fu_164/spmm_compute_U0/grp_spmm_compute_Pipeline_SPMM_MAC_fu_1525/rp_13_reg_2085_reg[15]/D
  -------------------------------------------------------------------    -------------------

                         (clock ap_clk rise edge)    10.000    10.000 r  
                                                      0.000    10.000 r  ap_clk (IN)
                         net (fo=36171, unset)        0.029    10.029    bd_0_i/hls_inst/inst/grp_spmm_stage_fu_164/spmm_compute_U0/grp_spmm_compute_Pipeline_SPMM_MAC_fu_1525/ap_clk
                         FDRE                                         r  bd_0_i/hls_inst/inst/grp_spmm_stage_fu_164/spmm_compute_U0/grp_spmm_compute_Pipeline_SPMM_MAC_fu_1525/rp_13_reg_2085_reg[15]/C
                         clock pessimism              0.000    10.029    
                         clock uncertainty           -0.035     9.994    
                         FDRE (Setup_FDRE_C_D)        0.044    10.038    bd_0_i/hls_inst/inst/grp_spmm_stage_fu_164/spmm_compute_U0/grp_spmm_compute_Pipeline_SPMM_MAC_fu_1525/rp_13_reg_2085_reg[15]
  -------------------------------------------------------------------
                         required time                         10.038    
                         arrival time                          -3.739    
  -------------------------------------------------------------------
                         slack                                  6.299    

Slack (MET) :             6.299ns  (required time - arrival time)
  Source:                 bd_0_i/hls_inst/inst/grp_spmm_stage_fu_164/spmm_compute_U0/h_buf_14_U/ram_reg_bram_0/CLKARDCLK
                            (rising edge-triggered cell RAMB18E2 clocked by ap_clk  {rise@0.000ns fall@5.000ns period=10.000ns})
  Destination:            bd_0_i/hls_inst/inst/grp_spmm_stage_fu_164/spmm_compute_U0/grp_spmm_compute_Pipeline_SPMM_MAC_fu_1525/rp_14_reg_2090_reg[15]/D
                            (rising edge-triggered cell FDRE clocked by ap_clk  {rise@0.000ns fall@5.000ns period=10.000ns})
  Path Group:             ap_clk
  Path Type:              Setup (Max at Slow Process Corner)
  Requirement:            10.000ns  (ap_clk rise@10.000ns - ap_clk rise@0.000ns)
  Data Path Delay:        3.632ns  (logic 2.365ns (65.116%)  route 1.267ns (34.884%))
  Logic Levels:           7  (LUT4=1 LUT6=6)
  Clock Path Skew:        -0.078ns (DCD - SCD + CPR)
    Destination Clock Delay (DCD):    0.029ns = ( 10.029 - 10.000 ) 
    Source Clock Delay      (SCD):    0.107ns
    Clock Pessimism Removal (CPR):    0.000ns
  Clock Uncertainty:      0.035ns  ((TSJ^2 + TIJ^2)^1/2 + DJ) / 2 + PE
    Total System Jitter     (TSJ):    0.071ns
    Total Input Jitter      (TIJ):    0.000ns
    Discrete Jitter          (DJ):    0.000ns
    Phase Error              (PE):    0.000ns

    Location             Delay type                Incr(ns)  Path(ns)    Netlist Resource(s)
  -------------------------------------------------------------------    -------------------
                         (clock ap_clk rise edge)     0.000     0.000 r  
                                                      0.000     0.000 r  ap_clk (IN)
                         net (fo=36171, unset)        0.107     0.107    bd_0_i/hls_inst/inst/grp_spmm_stage_fu_164/spmm_compute_U0/h_buf_14_U/ap_clk
                         RAMB18E2                                     r  bd_0_i/hls_inst/inst/grp_spmm_stage_fu_164/spmm_compute_U0/h_buf_14_U/ram_reg_bram_0/CLKARDCLK
  -------------------------------------------------------------------    -------------------
                         RAMB18E2 (Prop_RAMB18E2_CLKARDCLK_DOUTADOUT[5])
                                                      1.297     1.404 r  bd_0_i/hls_inst/inst/grp_spmm_stage_fu_164/spmm_compute_U0/h_buf_14_U/ram_reg_bram_0/DOUTADOUT[5]
                         net (fo=18, unplaced)        0.239     1.643    bd_0_i/hls_inst/inst/grp_spmm_stage_fu_164/spmm_compute_U0/h_buf_14_U/h_buf_14_q0[5]
                         LUT6 (Prop_LUT6_I0_O)        0.225     1.868 r  bd_0_i/hls_inst/inst/grp_spmm_stage_fu_164/spmm_compute_U0/h_buf_14_U/rp_14_reg_2090[8]_i_7/O
                         net (fo=4, unplaced)         0.129     1.997    bd_0_i/hls_inst/inst/grp_spmm_stage_fu_164/spmm_compute_U0/h_buf_14_U/rp_14_reg_2090[8]_i_7_n_4
                         LUT6 (Prop_LUT6_I0_O)        0.225     2.222 r  bd_0_i/hls_inst/inst/grp_spmm_stage_fu_164/spmm_compute_U0/h_buf_14_U/rp_14_reg_2090[11]_i_22/O
                         net (fo=2, unplaced)         0.153     2.375    bd_0_i/hls_inst/inst/grp_spmm_stage_fu_164/spmm_compute_U0/h_buf_14_U/rp_14_reg_2090[11]_i_22_n_4
                         LUT6 (Prop_LUT6_I1_O)        0.137     2.512 r  bd_0_i/hls_inst/inst/grp_spmm_stage_fu_164/spmm_compute_U0/h_buf_14_U/rp_14_reg_2090[11]_i_9/O
                         net (fo=1, unplaced)         0.154     2.666    bd_0_i/hls_inst/inst/grp_spmm_stage_fu_164/spmm_compute_U0/h_buf_14_U/rp_14_reg_2090[11]_i_9_n_4
                         LUT6 (Prop_LUT6_I0_O)        0.152     2.818 f  bd_0_i/hls_inst/inst/grp_spmm_stage_fu_164/spmm_compute_U0/h_buf_14_U/rp_14_reg_2090[11]_i_3/O
                         net (fo=4, unplaced)         0.166     2.984    bd_0_i/hls_inst/inst/grp_spmm_stage_fu_164/spmm_compute_U0/h_buf_14_U/rp_14_reg_2090[11]_i_3_n_4
                         LUT6 (Prop_LUT6_I2_O)        0.152     3.136 f  bd_0_i/hls_inst/inst/grp_spmm_stage_fu_164/spmm_compute_U0/h_buf_14_U/rp_14_reg_2090[15]_i_4/O
                         net (fo=1, unplaced)         0.148     3.284    bd_0_i/hls_inst/inst/grp_spmm_stage_fu_164/spmm_compute_U0/h_buf_14_U/rp_14_reg_2090[15]_i_4_n_4
                         LUT6 (Prop_LUT6_I1_O)        0.082     3.366 f  bd_0_i/hls_inst/inst/grp_spmm_stage_fu_164/spmm_compute_U0/h_buf_14_U/rp_14_reg_2090[15]_i_3/O
                         net (fo=1, unplaced)         0.211     3.577    bd_0_i/hls_inst/inst/grp_spmm_stage_fu_164/spmm_compute_U0/h_buf_14_U/rp_14_reg_2090[15]_i_3_n_4
                         LUT4 (Prop_LUT4_I3_O)        0.095     3.672 r  bd_0_i/hls_inst/inst/grp_spmm_stage_fu_164/spmm_compute_U0/h_buf_14_U/rp_14_reg_2090[15]_i_1/O
                         net (fo=1, unplaced)         0.067     3.739    bd_0_i/hls_inst/inst/grp_spmm_stage_fu_164/spmm_compute_U0/grp_spmm_compute_Pipeline_SPMM_MAC_fu_1525/rp_14_mul8s_1L2J_fu_1200_ap_return[12]
                         FDRE                                         r  bd_0_i/hls_inst/inst/grp_spmm_stage_fu_164/spmm_compute_U0/grp_spmm_compute_Pipeline_SPMM_MAC_fu_1525/rp_14_reg_2090_reg[15]/D
  -------------------------------------------------------------------    -------------------

                         (clock ap_clk rise edge)    10.000    10.000 r  
                                                      0.000    10.000 r  ap_clk (IN)
                         net (fo=36171, unset)        0.029    10.029    bd_0_i/hls_inst/inst/grp_spmm_stage_fu_164/spmm_compute_U0/grp_spmm_compute_Pipeline_SPMM_MAC_fu_1525/ap_clk
                         FDRE                                         r  bd_0_i/hls_inst/inst/grp_spmm_stage_fu_164/spmm_compute_U0/grp_spmm_compute_Pipeline_SPMM_MAC_fu_1525/rp_14_reg_2090_reg[15]/C
                         clock pessimism              0.000    10.029    
                         clock uncertainty           -0.035     9.994    
                         FDRE (Setup_FDRE_C_D)        0.044    10.038    bd_0_i/hls_inst/inst/grp_spmm_stage_fu_164/spmm_compute_U0/grp_spmm_compute_Pipeline_SPMM_MAC_fu_1525/rp_14_reg_2090_reg[15]
  -------------------------------------------------------------------
                         required time                         10.038    
                         arrival time                          -3.739    
  -------------------------------------------------------------------
                         slack                                  6.299    

Slack (MET) :             6.299ns  (required time - arrival time)
  Source:                 bd_0_i/hls_inst/inst/grp_spmm_stage_fu_164/spmm_compute_U0/h_buf_15_U/ram_reg_bram_0/CLKARDCLK
                            (rising edge-triggered cell RAMB18E2 clocked by ap_clk  {rise@0.000ns fall@5.000ns period=10.000ns})
  Destination:            bd_0_i/hls_inst/inst/grp_spmm_stage_fu_164/spmm_compute_U0/grp_spmm_compute_Pipeline_SPMM_MAC_fu_1525/rp_15_reg_2095_reg[15]/D
                            (rising edge-triggered cell FDRE clocked by ap_clk  {rise@0.000ns fall@5.000ns period=10.000ns})
  Path Group:             ap_clk
  Path Type:              Setup (Max at Slow Process Corner)
  Requirement:            10.000ns  (ap_clk rise@10.000ns - ap_clk rise@0.000ns)
  Data Path Delay:        3.632ns  (logic 2.365ns (65.116%)  route 1.267ns (34.884%))
  Logic Levels:           7  (LUT4=1 LUT6=6)
  Clock Path Skew:        -0.078ns (DCD - SCD + CPR)
    Destination Clock Delay (DCD):    0.029ns = ( 10.029 - 10.000 ) 
    Source Clock Delay      (SCD):    0.107ns
    Clock Pessimism Removal (CPR):    0.000ns
  Clock Uncertainty:      0.035ns  ((TSJ^2 + TIJ^2)^1/2 + DJ) / 2 + PE
    Total System Jitter     (TSJ):    0.071ns
    Total Input Jitter      (TIJ):    0.000ns
    Discrete Jitter          (DJ):    0.000ns
    Phase Error              (PE):    0.000ns

    Location             Delay type                Incr(ns)  Path(ns)    Netlist Resource(s)
  -------------------------------------------------------------------    -------------------
                         (clock ap_clk rise edge)     0.000     0.000 r  
                                                      0.000     0.000 r  ap_clk (IN)
                         net (fo=36171, unset)        0.107     0.107    bd_0_i/hls_inst/inst/grp_spmm_stage_fu_164/spmm_compute_U0/h_buf_15_U/ap_clk
                         RAMB18E2                                     r  bd_0_i/hls_inst/inst/grp_spmm_stage_fu_164/spmm_compute_U0/h_buf_15_U/ram_reg_bram_0/CLKARDCLK
  -------------------------------------------------------------------    -------------------
                         RAMB18E2 (Prop_RAMB18E2_CLKARDCLK_DOUTADOUT[5])
                                                      1.297     1.404 r  bd_0_i/hls_inst/inst/grp_spmm_stage_fu_164/spmm_compute_U0/h_buf_15_U/ram_reg_bram_0/DOUTADOUT[5]
                         net (fo=18, unplaced)        0.239     1.643    bd_0_i/hls_inst/inst/grp_spmm_stage_fu_164/spmm_compute_U0/h_buf_15_U/h_buf_15_q0[5]
                         LUT6 (Prop_LUT6_I0_O)        0.225     1.868 r  bd_0_i/hls_inst/inst/grp_spmm_stage_fu_164/spmm_compute_U0/h_buf_15_U/rp_15_reg_2095[8]_i_7/O
                         net (fo=4, unplaced)         0.129     1.997    bd_0_i/hls_inst/inst/grp_spmm_stage_fu_164/spmm_compute_U0/h_buf_15_U/rp_15_reg_2095[8]_i_7_n_4
                         LUT6 (Prop_LUT6_I0_O)        0.225     2.222 r  bd_0_i/hls_inst/inst/grp_spmm_stage_fu_164/spmm_compute_U0/h_buf_15_U/rp_15_reg_2095[11]_i_22/O
                         net (fo=2, unplaced)         0.153     2.375    bd_0_i/hls_inst/inst/grp_spmm_stage_fu_164/spmm_compute_U0/h_buf_15_U/rp_15_reg_2095[11]_i_22_n_4
                         LUT6 (Prop_LUT6_I1_O)        0.137     2.512 r  bd_0_i/hls_inst/inst/grp_spmm_stage_fu_164/spmm_compute_U0/h_buf_15_U/rp_15_reg_2095[11]_i_9/O
                         net (fo=1, unplaced)         0.154     2.666    bd_0_i/hls_inst/inst/grp_spmm_stage_fu_164/spmm_compute_U0/h_buf_15_U/rp_15_reg_2095[11]_i_9_n_4
                         LUT6 (Prop_LUT6_I0_O)        0.152     2.818 f  bd_0_i/hls_inst/inst/grp_spmm_stage_fu_164/spmm_compute_U0/h_buf_15_U/rp_15_reg_2095[11]_i_3/O
                         net (fo=4, unplaced)         0.166     2.984    bd_0_i/hls_inst/inst/grp_spmm_stage_fu_164/spmm_compute_U0/h_buf_15_U/rp_15_reg_2095[11]_i_3_n_4
                         LUT6 (Prop_LUT6_I2_O)        0.152     3.136 f  bd_0_i/hls_inst/inst/grp_spmm_stage_fu_164/spmm_compute_U0/h_buf_15_U/rp_15_reg_2095[15]_i_4/O
                         net (fo=1, unplaced)         0.148     3.284    bd_0_i/hls_inst/inst/grp_spmm_stage_fu_164/spmm_compute_U0/h_buf_15_U/rp_15_reg_2095[15]_i_4_n_4
                         LUT6 (Prop_LUT6_I1_O)        0.082     3.366 f  bd_0_i/hls_inst/inst/grp_spmm_stage_fu_164/spmm_compute_U0/h_buf_15_U/rp_15_reg_2095[15]_i_3/O
                         net (fo=1, unplaced)         0.211     3.577    bd_0_i/hls_inst/inst/grp_spmm_stage_fu_164/spmm_compute_U0/h_buf_15_U/rp_15_reg_2095[15]_i_3_n_4
                         LUT4 (Prop_LUT4_I3_O)        0.095     3.672 r  bd_0_i/hls_inst/inst/grp_spmm_stage_fu_164/spmm_compute_U0/h_buf_15_U/rp_15_reg_2095[15]_i_1/O
                         net (fo=1, unplaced)         0.067     3.739    bd_0_i/hls_inst/inst/grp_spmm_stage_fu_164/spmm_compute_U0/grp_spmm_compute_Pipeline_SPMM_MAC_fu_1525/rp_15_mul8s_1L2J_fu_1207_ap_return[12]
                         FDRE                                         r  bd_0_i/hls_inst/inst/grp_spmm_stage_fu_164/spmm_compute_U0/grp_spmm_compute_Pipeline_SPMM_MAC_fu_1525/rp_15_reg_2095_reg[15]/D
  -------------------------------------------------------------------    -------------------

                         (clock ap_clk rise edge)    10.000    10.000 r  
                                                      0.000    10.000 r  ap_clk (IN)
                         net (fo=36171, unset)        0.029    10.029    bd_0_i/hls_inst/inst/grp_spmm_stage_fu_164/spmm_compute_U0/grp_spmm_compute_Pipeline_SPMM_MAC_fu_1525/ap_clk
                         FDRE                                         r  bd_0_i/hls_inst/inst/grp_spmm_stage_fu_164/spmm_compute_U0/grp_spmm_compute_Pipeline_SPMM_MAC_fu_1525/rp_15_reg_2095_reg[15]/C
                         clock pessimism              0.000    10.029    
                         clock uncertainty           -0.035     9.994    
                         FDRE (Setup_FDRE_C_D)        0.044    10.038    bd_0_i/hls_inst/inst/grp_spmm_stage_fu_164/spmm_compute_U0/grp_spmm_compute_Pipeline_SPMM_MAC_fu_1525/rp_15_reg_2095_reg[15]
  -------------------------------------------------------------------
                         required time                         10.038    
                         arrival time                          -3.739    
  -------------------------------------------------------------------
                         slack                                  6.299    

Slack (MET) :             6.299ns  (required time - arrival time)
  Source:                 bd_0_i/hls_inst/inst/grp_spmm_stage_fu_164/spmm_compute_U0/h_buf_16_U/ram_reg_bram_0/CLKARDCLK
                            (rising edge-triggered cell RAMB18E2 clocked by ap_clk  {rise@0.000ns fall@5.000ns period=10.000ns})
  Destination:            bd_0_i/hls_inst/inst/grp_spmm_stage_fu_164/spmm_compute_U0/grp_spmm_compute_Pipeline_SPMM_MAC_fu_1525/rp_16_reg_2100_reg[15]/D
                            (rising edge-triggered cell FDRE clocked by ap_clk  {rise@0.000ns fall@5.000ns period=10.000ns})
  Path Group:             ap_clk
  Path Type:              Setup (Max at Slow Process Corner)
  Requirement:            10.000ns  (ap_clk rise@10.000ns - ap_clk rise@0.000ns)
  Data Path Delay:        3.632ns  (logic 2.365ns (65.116%)  route 1.267ns (34.884%))
  Logic Levels:           7  (LUT4=1 LUT6=6)
  Clock Path Skew:        -0.078ns (DCD - SCD + CPR)
    Destination Clock Delay (DCD):    0.029ns = ( 10.029 - 10.000 ) 
    Source Clock Delay      (SCD):    0.107ns
    Clock Pessimism Removal (CPR):    0.000ns
  Clock Uncertainty:      0.035ns  ((TSJ^2 + TIJ^2)^1/2 + DJ) / 2 + PE
    Total System Jitter     (TSJ):    0.071ns
    Total Input Jitter      (TIJ):    0.000ns
    Discrete Jitter          (DJ):    0.000ns
    Phase Error              (PE):    0.000ns

    Location             Delay type                Incr(ns)  Path(ns)    Netlist Resource(s)
  -------------------------------------------------------------------    -------------------
                         (clock ap_clk rise edge)     0.000     0.000 r  
                                                      0.000     0.000 r  ap_clk (IN)
                         net (fo=36171, unset)        0.107     0.107    bd_0_i/hls_inst/inst/grp_spmm_stage_fu_164/spmm_compute_U0/h_buf_16_U/ap_clk
                         RAMB18E2                                     r  bd_0_i/hls_inst/inst/grp_spmm_stage_fu_164/spmm_compute_U0/h_buf_16_U/ram_reg_bram_0/CLKARDCLK
  -------------------------------------------------------------------    -------------------
                         RAMB18E2 (Prop_RAMB18E2_CLKARDCLK_DOUTADOUT[5])
                                                      1.297     1.404 r  bd_0_i/hls_inst/inst/grp_spmm_stage_fu_164/spmm_compute_U0/h_buf_16_U/ram_reg_bram_0/DOUTADOUT[5]
                         net (fo=18, unplaced)        0.239     1.643    bd_0_i/hls_inst/inst/grp_spmm_stage_fu_164/spmm_compute_U0/h_buf_16_U/h_buf_16_q0[5]
                         LUT6 (Prop_LUT6_I0_O)        0.225     1.868 r  bd_0_i/hls_inst/inst/grp_spmm_stage_fu_164/spmm_compute_U0/h_buf_16_U/rp_16_reg_2100[8]_i_7/O
                         net (fo=4, unplaced)         0.129     1.997    bd_0_i/hls_inst/inst/grp_spmm_stage_fu_164/spmm_compute_U0/h_buf_16_U/rp_16_reg_2100[8]_i_7_n_4
                         LUT6 (Prop_LUT6_I0_O)        0.225     2.222 r  bd_0_i/hls_inst/inst/grp_spmm_stage_fu_164/spmm_compute_U0/h_buf_16_U/rp_16_reg_2100[11]_i_22/O
                         net (fo=2, unplaced)         0.153     2.375    bd_0_i/hls_inst/inst/grp_spmm_stage_fu_164/spmm_compute_U0/h_buf_16_U/rp_16_reg_2100[11]_i_22_n_4
                         LUT6 (Prop_LUT6_I1_O)        0.137     2.512 r  bd_0_i/hls_inst/inst/grp_spmm_stage_fu_164/spmm_compute_U0/h_buf_16_U/rp_16_reg_2100[11]_i_9/O
                         net (fo=1, unplaced)         0.154     2.666    bd_0_i/hls_inst/inst/grp_spmm_stage_fu_164/spmm_compute_U0/h_buf_16_U/rp_16_reg_2100[11]_i_9_n_4
                         LUT6 (Prop_LUT6_I0_O)        0.152     2.818 f  bd_0_i/hls_inst/inst/grp_spmm_stage_fu_164/spmm_compute_U0/h_buf_16_U/rp_16_reg_2100[11]_i_3/O
                         net (fo=4, unplaced)         0.166     2.984    bd_0_i/hls_inst/inst/grp_spmm_stage_fu_164/spmm_compute_U0/h_buf_16_U/rp_16_reg_2100[11]_i_3_n_4
                         LUT6 (Prop_LUT6_I2_O)        0.152     3.136 f  bd_0_i/hls_inst/inst/grp_spmm_stage_fu_164/spmm_compute_U0/h_buf_16_U/rp_16_reg_2100[15]_i_4/O
                         net (fo=1, unplaced)         0.148     3.284    bd_0_i/hls_inst/inst/grp_spmm_stage_fu_164/spmm_compute_U0/h_buf_16_U/rp_16_reg_2100[15]_i_4_n_4
                         LUT6 (Prop_LUT6_I1_O)        0.082     3.366 f  bd_0_i/hls_inst/inst/grp_spmm_stage_fu_164/spmm_compute_U0/h_buf_16_U/rp_16_reg_2100[15]_i_3/O
                         net (fo=1, unplaced)         0.211     3.577    bd_0_i/hls_inst/inst/grp_spmm_stage_fu_164/spmm_compute_U0/h_buf_16_U/rp_16_reg_2100[15]_i_3_n_4
                         LUT4 (Prop_LUT4_I3_O)        0.095     3.672 r  bd_0_i/hls_inst/inst/grp_spmm_stage_fu_164/spmm_compute_U0/h_buf_16_U/rp_16_reg_2100[15]_i_1/O
                         net (fo=1, unplaced)         0.067     3.739    bd_0_i/hls_inst/inst/grp_spmm_stage_fu_164/spmm_compute_U0/grp_spmm_compute_Pipeline_SPMM_MAC_fu_1525/rp_16_mul8s_1L2J_fu_1214_ap_return[12]
                         FDRE                                         r  bd_0_i/hls_inst/inst/grp_spmm_stage_fu_164/spmm_compute_U0/grp_spmm_compute_Pipeline_SPMM_MAC_fu_1525/rp_16_reg_2100_reg[15]/D
  -------------------------------------------------------------------    -------------------

                         (clock ap_clk rise edge)    10.000    10.000 r  
                                                      0.000    10.000 r  ap_clk (IN)
                         net (fo=36171, unset)        0.029    10.029    bd_0_i/hls_inst/inst/grp_spmm_stage_fu_164/spmm_compute_U0/grp_spmm_compute_Pipeline_SPMM_MAC_fu_1525/ap_clk
                         FDRE                                         r  bd_0_i/hls_inst/inst/grp_spmm_stage_fu_164/spmm_compute_U0/grp_spmm_compute_Pipeline_SPMM_MAC_fu_1525/rp_16_reg_2100_reg[15]/C
                         clock pessimism              0.000    10.029    
                         clock uncertainty           -0.035     9.994    
                         FDRE (Setup_FDRE_C_D)        0.044    10.038    bd_0_i/hls_inst/inst/grp_spmm_stage_fu_164/spmm_compute_U0/grp_spmm_compute_Pipeline_SPMM_MAC_fu_1525/rp_16_reg_2100_reg[15]
  -------------------------------------------------------------------
                         required time                         10.038    
                         arrival time                          -3.739    
  -------------------------------------------------------------------
                         slack                                  6.299    

Slack (MET) :             6.299ns  (required time - arrival time)
  Source:                 bd_0_i/hls_inst/inst/grp_spmm_stage_fu_164/spmm_compute_U0/h_buf_17_U/ram_reg_bram_0/CLKARDCLK
                            (rising edge-triggered cell RAMB18E2 clocked by ap_clk  {rise@0.000ns fall@5.000ns period=10.000ns})
  Destination:            bd_0_i/hls_inst/inst/grp_spmm_stage_fu_164/spmm_compute_U0/grp_spmm_compute_Pipeline_SPMM_MAC_fu_1525/rp_17_reg_2105_reg[15]/D
                            (rising edge-triggered cell FDRE clocked by ap_clk  {rise@0.000ns fall@5.000ns period=10.000ns})
  Path Group:             ap_clk
  Path Type:              Setup (Max at Slow Process Corner)
  Requirement:            10.000ns  (ap_clk rise@10.000ns - ap_clk rise@0.000ns)
  Data Path Delay:        3.632ns  (logic 2.365ns (65.116%)  route 1.267ns (34.884%))
  Logic Levels:           7  (LUT4=1 LUT6=6)
  Clock Path Skew:        -0.078ns (DCD - SCD + CPR)
    Destination Clock Delay (DCD):    0.029ns = ( 10.029 - 10.000 ) 
    Source Clock Delay      (SCD):    0.107ns
    Clock Pessimism Removal (CPR):    0.000ns
  Clock Uncertainty:      0.035ns  ((TSJ^2 + TIJ^2)^1/2 + DJ) / 2 + PE
    Total System Jitter     (TSJ):    0.071ns
    Total Input Jitter      (TIJ):    0.000ns
    Discrete Jitter          (DJ):    0.000ns
    Phase Error              (PE):    0.000ns

    Location             Delay type                Incr(ns)  Path(ns)    Netlist Resource(s)
  -------------------------------------------------------------------    -------------------
                         (clock ap_clk rise edge)     0.000     0.000 r  
                                                      0.000     0.000 r  ap_clk (IN)
                         net (fo=36171, unset)        0.107     0.107    bd_0_i/hls_inst/inst/grp_spmm_stage_fu_164/spmm_compute_U0/h_buf_17_U/ap_clk
                         RAMB18E2                                     r  bd_0_i/hls_inst/inst/grp_spmm_stage_fu_164/spmm_compute_U0/h_buf_17_U/ram_reg_bram_0/CLKARDCLK
  -------------------------------------------------------------------    -------------------
                         RAMB18E2 (Prop_RAMB18E2_CLKARDCLK_DOUTADOUT[5])
                                                      1.297     1.404 r  bd_0_i/hls_inst/inst/grp_spmm_stage_fu_164/spmm_compute_U0/h_buf_17_U/ram_reg_bram_0/DOUTADOUT[5]
                         net (fo=18, unplaced)        0.239     1.643    bd_0_i/hls_inst/inst/grp_spmm_stage_fu_164/spmm_compute_U0/h_buf_17_U/h_buf_17_q0[5]
                         LUT6 (Prop_LUT6_I0_O)        0.225     1.868 r  bd_0_i/hls_inst/inst/grp_spmm_stage_fu_164/spmm_compute_U0/h_buf_17_U/rp_17_reg_2105[8]_i_7/O
                         net (fo=4, unplaced)         0.129     1.997    bd_0_i/hls_inst/inst/grp_spmm_stage_fu_164/spmm_compute_U0/h_buf_17_U/rp_17_reg_2105[8]_i_7_n_4
                         LUT6 (Prop_LUT6_I0_O)        0.225     2.222 r  bd_0_i/hls_inst/inst/grp_spmm_stage_fu_164/spmm_compute_U0/h_buf_17_U/rp_17_reg_2105[11]_i_22/O
                         net (fo=2, unplaced)         0.153     2.375    bd_0_i/hls_inst/inst/grp_spmm_stage_fu_164/spmm_compute_U0/h_buf_17_U/rp_17_reg_2105[11]_i_22_n_4
                         LUT6 (Prop_LUT6_I1_O)        0.137     2.512 r  bd_0_i/hls_inst/inst/grp_spmm_stage_fu_164/spmm_compute_U0/h_buf_17_U/rp_17_reg_2105[11]_i_9/O
                         net (fo=1, unplaced)         0.154     2.666    bd_0_i/hls_inst/inst/grp_spmm_stage_fu_164/spmm_compute_U0/h_buf_17_U/rp_17_reg_2105[11]_i_9_n_4
                         LUT6 (Prop_LUT6_I0_O)        0.152     2.818 f  bd_0_i/hls_inst/inst/grp_spmm_stage_fu_164/spmm_compute_U0/h_buf_17_U/rp_17_reg_2105[11]_i_3/O
                         net (fo=4, unplaced)         0.166     2.984    bd_0_i/hls_inst/inst/grp_spmm_stage_fu_164/spmm_compute_U0/h_buf_17_U/rp_17_reg_2105[11]_i_3_n_4
                         LUT6 (Prop_LUT6_I2_O)        0.152     3.136 f  bd_0_i/hls_inst/inst/grp_spmm_stage_fu_164/spmm_compute_U0/h_buf_17_U/rp_17_reg_2105[15]_i_4/O
                         net (fo=1, unplaced)         0.148     3.284    bd_0_i/hls_inst/inst/grp_spmm_stage_fu_164/spmm_compute_U0/h_buf_17_U/rp_17_reg_2105[15]_i_4_n_4
                         LUT6 (Prop_LUT6_I1_O)        0.082     3.366 f  bd_0_i/hls_inst/inst/grp_spmm_stage_fu_164/spmm_compute_U0/h_buf_17_U/rp_17_reg_2105[15]_i_3/O
                         net (fo=1, unplaced)         0.211     3.577    bd_0_i/hls_inst/inst/grp_spmm_stage_fu_164/spmm_compute_U0/h_buf_17_U/rp_17_reg_2105[15]_i_3_n_4
                         LUT4 (Prop_LUT4_I3_O)        0.095     3.672 r  bd_0_i/hls_inst/inst/grp_spmm_stage_fu_164/spmm_compute_U0/h_buf_17_U/rp_17_reg_2105[15]_i_1/O
                         net (fo=1, unplaced)         0.067     3.739    bd_0_i/hls_inst/inst/grp_spmm_stage_fu_164/spmm_compute_U0/grp_spmm_compute_Pipeline_SPMM_MAC_fu_1525/rp_17_mul8s_1L2J_fu_1221_ap_return[12]
                         FDRE                                         r  bd_0_i/hls_inst/inst/grp_spmm_stage_fu_164/spmm_compute_U0/grp_spmm_compute_Pipeline_SPMM_MAC_fu_1525/rp_17_reg_2105_reg[15]/D
  -------------------------------------------------------------------    -------------------

                         (clock ap_clk rise edge)    10.000    10.000 r  
                                                      0.000    10.000 r  ap_clk (IN)
                         net (fo=36171, unset)        0.029    10.029    bd_0_i/hls_inst/inst/grp_spmm_stage_fu_164/spmm_compute_U0/grp_spmm_compute_Pipeline_SPMM_MAC_fu_1525/ap_clk
                         FDRE                                         r  bd_0_i/hls_inst/inst/grp_spmm_stage_fu_164/spmm_compute_U0/grp_spmm_compute_Pipeline_SPMM_MAC_fu_1525/rp_17_reg_2105_reg[15]/C
                         clock pessimism              0.000    10.029    
                         clock uncertainty           -0.035     9.994    
                         FDRE (Setup_FDRE_C_D)        0.044    10.038    bd_0_i/hls_inst/inst/grp_spmm_stage_fu_164/spmm_compute_U0/grp_spmm_compute_Pipeline_SPMM_MAC_fu_1525/rp_17_reg_2105_reg[15]
  -------------------------------------------------------------------
                         required time                         10.038    
                         arrival time                          -3.739    
  -------------------------------------------------------------------
                         slack                                  6.299    

Slack (MET) :             6.299ns  (required time - arrival time)
  Source:                 bd_0_i/hls_inst/inst/grp_spmm_stage_fu_164/spmm_compute_U0/h_buf_18_U/ram_reg_bram_0/CLKARDCLK
                            (rising edge-triggered cell RAMB18E2 clocked by ap_clk  {rise@0.000ns fall@5.000ns period=10.000ns})
  Destination:            bd_0_i/hls_inst/inst/grp_spmm_stage_fu_164/spmm_compute_U0/grp_spmm_compute_Pipeline_SPMM_MAC_fu_1525/rp_18_reg_2110_reg[15]/D
                            (rising edge-triggered cell FDRE clocked by ap_clk  {rise@0.000ns fall@5.000ns period=10.000ns})
  Path Group:             ap_clk
  Path Type:              Setup (Max at Slow Process Corner)
  Requirement:            10.000ns  (ap_clk rise@10.000ns - ap_clk rise@0.000ns)
  Data Path Delay:        3.632ns  (logic 2.365ns (65.116%)  route 1.267ns (34.884%))
  Logic Levels:           7  (LUT4=1 LUT6=6)
  Clock Path Skew:        -0.078ns (DCD - SCD + CPR)
    Destination Clock Delay (DCD):    0.029ns = ( 10.029 - 10.000 ) 
    Source Clock Delay      (SCD):    0.107ns
    Clock Pessimism Removal (CPR):    0.000ns
  Clock Uncertainty:      0.035ns  ((TSJ^2 + TIJ^2)^1/2 + DJ) / 2 + PE
    Total System Jitter     (TSJ):    0.071ns
    Total Input Jitter      (TIJ):    0.000ns
    Discrete Jitter          (DJ):    0.000ns
    Phase Error              (PE):    0.000ns

    Location             Delay type                Incr(ns)  Path(ns)    Netlist Resource(s)
  -------------------------------------------------------------------    -------------------
                         (clock ap_clk rise edge)     0.000     0.000 r  
                                                      0.000     0.000 r  ap_clk (IN)
                         net (fo=36171, unset)        0.107     0.107    bd_0_i/hls_inst/inst/grp_spmm_stage_fu_164/spmm_compute_U0/h_buf_18_U/ap_clk
                         RAMB18E2                                     r  bd_0_i/hls_inst/inst/grp_spmm_stage_fu_164/spmm_compute_U0/h_buf_18_U/ram_reg_bram_0/CLKARDCLK
  -------------------------------------------------------------------    -------------------
                         RAMB18E2 (Prop_RAMB18E2_CLKARDCLK_DOUTADOUT[5])
                                                      1.297     1.404 r  bd_0_i/hls_inst/inst/grp_spmm_stage_fu_164/spmm_compute_U0/h_buf_18_U/ram_reg_bram_0/DOUTADOUT[5]
                         net (fo=18, unplaced)        0.239     1.643    bd_0_i/hls_inst/inst/grp_spmm_stage_fu_164/spmm_compute_U0/h_buf_18_U/h_buf_18_q0[5]
                         LUT6 (Prop_LUT6_I0_O)        0.225     1.868 r  bd_0_i/hls_inst/inst/grp_spmm_stage_fu_164/spmm_compute_U0/h_buf_18_U/rp_18_reg_2110[8]_i_7/O
                         net (fo=4, unplaced)         0.129     1.997    bd_0_i/hls_inst/inst/grp_spmm_stage_fu_164/spmm_compute_U0/h_buf_18_U/rp_18_reg_2110[8]_i_7_n_4
                         LUT6 (Prop_LUT6_I0_O)        0.225     2.222 r  bd_0_i/hls_inst/inst/grp_spmm_stage_fu_164/spmm_compute_U0/h_buf_18_U/rp_18_reg_2110[11]_i_22/O
                         net (fo=2, unplaced)         0.153     2.375    bd_0_i/hls_inst/inst/grp_spmm_stage_fu_164/spmm_compute_U0/h_buf_18_U/rp_18_reg_2110[11]_i_22_n_4
                         LUT6 (Prop_LUT6_I1_O)        0.137     2.512 r  bd_0_i/hls_inst/inst/grp_spmm_stage_fu_164/spmm_compute_U0/h_buf_18_U/rp_18_reg_2110[11]_i_9/O
                         net (fo=1, unplaced)         0.154     2.666    bd_0_i/hls_inst/inst/grp_spmm_stage_fu_164/spmm_compute_U0/h_buf_18_U/rp_18_reg_2110[11]_i_9_n_4
                         LUT6 (Prop_LUT6_I0_O)        0.152     2.818 f  bd_0_i/hls_inst/inst/grp_spmm_stage_fu_164/spmm_compute_U0/h_buf_18_U/rp_18_reg_2110[11]_i_3/O
                         net (fo=4, unplaced)         0.166     2.984    bd_0_i/hls_inst/inst/grp_spmm_stage_fu_164/spmm_compute_U0/h_buf_18_U/rp_18_reg_2110[11]_i_3_n_4
                         LUT6 (Prop_LUT6_I2_O)        0.152     3.136 f  bd_0_i/hls_inst/inst/grp_spmm_stage_fu_164/spmm_compute_U0/h_buf_18_U/rp_18_reg_2110[15]_i_4/O
                         net (fo=1, unplaced)         0.148     3.284    bd_0_i/hls_inst/inst/grp_spmm_stage_fu_164/spmm_compute_U0/h_buf_18_U/rp_18_reg_2110[15]_i_4_n_4
                         LUT6 (Prop_LUT6_I1_O)        0.082     3.366 f  bd_0_i/hls_inst/inst/grp_spmm_stage_fu_164/spmm_compute_U0/h_buf_18_U/rp_18_reg_2110[15]_i_3/O
                         net (fo=1, unplaced)         0.211     3.577    bd_0_i/hls_inst/inst/grp_spmm_stage_fu_164/spmm_compute_U0/h_buf_18_U/rp_18_reg_2110[15]_i_3_n_4
                         LUT4 (Prop_LUT4_I3_O)        0.095     3.672 r  bd_0_i/hls_inst/inst/grp_spmm_stage_fu_164/spmm_compute_U0/h_buf_18_U/rp_18_reg_2110[15]_i_1/O
                         net (fo=1, unplaced)         0.067     3.739    bd_0_i/hls_inst/inst/grp_spmm_stage_fu_164/spmm_compute_U0/grp_spmm_compute_Pipeline_SPMM_MAC_fu_1525/rp_18_mul8s_1L2J_fu_1228_ap_return[12]
                         FDRE                                         r  bd_0_i/hls_inst/inst/grp_spmm_stage_fu_164/spmm_compute_U0/grp_spmm_compute_Pipeline_SPMM_MAC_fu_1525/rp_18_reg_2110_reg[15]/D
  -------------------------------------------------------------------    -------------------

                         (clock ap_clk rise edge)    10.000    10.000 r  
                                                      0.000    10.000 r  ap_clk (IN)
                         net (fo=36171, unset)        0.029    10.029    bd_0_i/hls_inst/inst/grp_spmm_stage_fu_164/spmm_compute_U0/grp_spmm_compute_Pipeline_SPMM_MAC_fu_1525/ap_clk
                         FDRE                                         r  bd_0_i/hls_inst/inst/grp_spmm_stage_fu_164/spmm_compute_U0/grp_spmm_compute_Pipeline_SPMM_MAC_fu_1525/rp_18_reg_2110_reg[15]/C
                         clock pessimism              0.000    10.029    
                         clock uncertainty           -0.035     9.994    
                         FDRE (Setup_FDRE_C_D)        0.044    10.038    bd_0_i/hls_inst/inst/grp_spmm_stage_fu_164/spmm_compute_U0/grp_spmm_compute_Pipeline_SPMM_MAC_fu_1525/rp_18_reg_2110_reg[15]
  -------------------------------------------------------------------
                         required time                         10.038    
                         arrival time                          -3.739    
  -------------------------------------------------------------------
                         slack                                  6.299    

Slack (MET) :             6.299ns  (required time - arrival time)
  Source:                 bd_0_i/hls_inst/inst/grp_spmm_stage_fu_164/spmm_compute_U0/h_buf_19_U/ram_reg_bram_0/CLKARDCLK
                            (rising edge-triggered cell RAMB18E2 clocked by ap_clk  {rise@0.000ns fall@5.000ns period=10.000ns})
  Destination:            bd_0_i/hls_inst/inst/grp_spmm_stage_fu_164/spmm_compute_U0/grp_spmm_compute_Pipeline_SPMM_MAC_fu_1525/rp_19_reg_2115_reg[15]/D
                            (rising edge-triggered cell FDRE clocked by ap_clk  {rise@0.000ns fall@5.000ns period=10.000ns})
  Path Group:             ap_clk
  Path Type:              Setup (Max at Slow Process Corner)
  Requirement:            10.000ns  (ap_clk rise@10.000ns - ap_clk rise@0.000ns)
  Data Path Delay:        3.632ns  (logic 2.365ns (65.116%)  route 1.267ns (34.884%))
  Logic Levels:           7  (LUT4=1 LUT6=6)
  Clock Path Skew:        -0.078ns (DCD - SCD + CPR)
    Destination Clock Delay (DCD):    0.029ns = ( 10.029 - 10.000 ) 
    Source Clock Delay      (SCD):    0.107ns
    Clock Pessimism Removal (CPR):    0.000ns
  Clock Uncertainty:      0.035ns  ((TSJ^2 + TIJ^2)^1/2 + DJ) / 2 + PE
    Total System Jitter     (TSJ):    0.071ns
    Total Input Jitter      (TIJ):    0.000ns
    Discrete Jitter          (DJ):    0.000ns
    Phase Error              (PE):    0.000ns

    Location             Delay type                Incr(ns)  Path(ns)    Netlist Resource(s)
  -------------------------------------------------------------------    -------------------
                         (clock ap_clk rise edge)     0.000     0.000 r  
                                                      0.000     0.000 r  ap_clk (IN)
                         net (fo=36171, unset)        0.107     0.107    bd_0_i/hls_inst/inst/grp_spmm_stage_fu_164/spmm_compute_U0/h_buf_19_U/ap_clk
                         RAMB18E2                                     r  bd_0_i/hls_inst/inst/grp_spmm_stage_fu_164/spmm_compute_U0/h_buf_19_U/ram_reg_bram_0/CLKARDCLK
  -------------------------------------------------------------------    -------------------
                         RAMB18E2 (Prop_RAMB18E2_CLKARDCLK_DOUTADOUT[5])
                                                      1.297     1.404 r  bd_0_i/hls_inst/inst/grp_spmm_stage_fu_164/spmm_compute_U0/h_buf_19_U/ram_reg_bram_0/DOUTADOUT[5]
                         net (fo=18, unplaced)        0.239     1.643    bd_0_i/hls_inst/inst/grp_spmm_stage_fu_164/spmm_compute_U0/h_buf_19_U/h_buf_19_q0[5]
                         LUT6 (Prop_LUT6_I0_O)        0.225     1.868 r  bd_0_i/hls_inst/inst/grp_spmm_stage_fu_164/spmm_compute_U0/h_buf_19_U/rp_19_reg_2115[8]_i_7/O
                         net (fo=4, unplaced)         0.129     1.997    bd_0_i/hls_inst/inst/grp_spmm_stage_fu_164/spmm_compute_U0/h_buf_19_U/rp_19_reg_2115[8]_i_7_n_4
                         LUT6 (Prop_LUT6_I0_O)        0.225     2.222 r  bd_0_i/hls_inst/inst/grp_spmm_stage_fu_164/spmm_compute_U0/h_buf_19_U/rp_19_reg_2115[11]_i_22/O
                         net (fo=2, unplaced)         0.153     2.375    bd_0_i/hls_inst/inst/grp_spmm_stage_fu_164/spmm_compute_U0/h_buf_19_U/rp_19_reg_2115[11]_i_22_n_4
                         LUT6 (Prop_LUT6_I1_O)        0.137     2.512 r  bd_0_i/hls_inst/inst/grp_spmm_stage_fu_164/spmm_compute_U0/h_buf_19_U/rp_19_reg_2115[11]_i_9/O
                         net (fo=1, unplaced)         0.154     2.666    bd_0_i/hls_inst/inst/grp_spmm_stage_fu_164/spmm_compute_U0/h_buf_19_U/rp_19_reg_2115[11]_i_9_n_4
                         LUT6 (Prop_LUT6_I0_O)        0.152     2.818 f  bd_0_i/hls_inst/inst/grp_spmm_stage_fu_164/spmm_compute_U0/h_buf_19_U/rp_19_reg_2115[11]_i_3/O
                         net (fo=4, unplaced)         0.166     2.984    bd_0_i/hls_inst/inst/grp_spmm_stage_fu_164/spmm_compute_U0/h_buf_19_U/rp_19_reg_2115[11]_i_3_n_4
                         LUT6 (Prop_LUT6_I2_O)        0.152     3.136 f  bd_0_i/hls_inst/inst/grp_spmm_stage_fu_164/spmm_compute_U0/h_buf_19_U/rp_19_reg_2115[15]_i_4/O
                         net (fo=1, unplaced)         0.148     3.284    bd_0_i/hls_inst/inst/grp_spmm_stage_fu_164/spmm_compute_U0/h_buf_19_U/rp_19_reg_2115[15]_i_4_n_4
                         LUT6 (Prop_LUT6_I1_O)        0.082     3.366 f  bd_0_i/hls_inst/inst/grp_spmm_stage_fu_164/spmm_compute_U0/h_buf_19_U/rp_19_reg_2115[15]_i_3/O
                         net (fo=1, unplaced)         0.211     3.577    bd_0_i/hls_inst/inst/grp_spmm_stage_fu_164/spmm_compute_U0/h_buf_19_U/rp_19_reg_2115[15]_i_3_n_4
                         LUT4 (Prop_LUT4_I3_O)        0.095     3.672 r  bd_0_i/hls_inst/inst/grp_spmm_stage_fu_164/spmm_compute_U0/h_buf_19_U/rp_19_reg_2115[15]_i_1/O
                         net (fo=1, unplaced)         0.067     3.739    bd_0_i/hls_inst/inst/grp_spmm_stage_fu_164/spmm_compute_U0/grp_spmm_compute_Pipeline_SPMM_MAC_fu_1525/rp_19_mul8s_1L2J_fu_1235_ap_return[12]
                         FDRE                                         r  bd_0_i/hls_inst/inst/grp_spmm_stage_fu_164/spmm_compute_U0/grp_spmm_compute_Pipeline_SPMM_MAC_fu_1525/rp_19_reg_2115_reg[15]/D
  -------------------------------------------------------------------    -------------------

                         (clock ap_clk rise edge)    10.000    10.000 r  
                                                      0.000    10.000 r  ap_clk (IN)
                         net (fo=36171, unset)        0.029    10.029    bd_0_i/hls_inst/inst/grp_spmm_stage_fu_164/spmm_compute_U0/grp_spmm_compute_Pipeline_SPMM_MAC_fu_1525/ap_clk
                         FDRE                                         r  bd_0_i/hls_inst/inst/grp_spmm_stage_fu_164/spmm_compute_U0/grp_spmm_compute_Pipeline_SPMM_MAC_fu_1525/rp_19_reg_2115_reg[15]/C
                         clock pessimism              0.000    10.029    
                         clock uncertainty           -0.035     9.994    
                         FDRE (Setup_FDRE_C_D)        0.044    10.038    bd_0_i/hls_inst/inst/grp_spmm_stage_fu_164/spmm_compute_U0/grp_spmm_compute_Pipeline_SPMM_MAC_fu_1525/rp_19_reg_2115_reg[15]
  -------------------------------------------------------------------
                         required time                         10.038    
                         arrival time                          -3.739    
  -------------------------------------------------------------------
                         slack                                  6.299    




