Copyright 1986-2022 Xilinx, Inc. All Rights Reserved. Copyright 2022-2025 Advanced Micro Devices, Inc. All Rights Reserved.
--------------------------------------------------------------------------------------------------------------------------------------------------
| Tool Version      : Vivado v.2025.2 (lin64) Build 6299465 Fri Nov 14 12:34:56 MST 2025
| Date              : Thu Apr 16 11:19:43 2026
| Host              : nat-Yoga-Pro-9-16IAH10 running 64-bit Ubuntu 24.04.3 LTS
| Command           : report_timing_summary -file ./report/integrated_gcn_timing_routed.rpt
| Design            : bd_0_wrapper
| Device            : xck26-sfvc784
| Speed File        : -2LV  PRODUCTION 1.30 05-15-2022
| Design State      : Routed
| Temperature Grade : C
--------------------------------------------------------------------------------------------------------------------------------------------------

Timing Summary Report

------------------------------------------------------------------------------------------------
| Timer Settings
| --------------
------------------------------------------------------------------------------------------------

  Enable Multi Corner Analysis               :  Yes
  Enable Pessimism Removal                   :  Yes
  Pessimism Removal Resolution               :  Nearest Common Node
  Enable Input Delay Default Clock           :  No
  Enable Preset / Clear Arcs                 :  No
  Disable Flight Delays                      :  No
  Ignore I/O Paths                           :  No
  Timing Early Launch at Borrowing Latches   :  No
  Borrow Time for Max Delay Exceptions       :  Yes
  Merge Timing Exceptions                    :  Yes
  Inter-SLR Compensation                     :  Conservative

  Corner  Analyze    Analyze    
  Name    Max Paths  Min Paths  
  ------  ---------  ---------  
  Slow    Yes        Yes        
  Fast    Yes        Yes        


------------------------------------------------------------------------------------------------
| Report Methodology
| ------------------
------------------------------------------------------------------------------------------------

Rule       Severity  Description                    Violations  
---------  --------  -----------------------------  ----------  
TIMING-18  Warning   Missing input or output delay  1000        

Note: This report is based on the most recent report_methodology run and may not be up-to-date. Run report_methodology on the current design for the latest report.



check_timing report

Table of Contents
-----------------
1. checking no_clock (0)
2. checking constant_clock (0)
3. checking pulse_width_clock (0)
4. checking unconstrained_internal_endpoints (0)
5. checking no_input_delay (1743)
6. checking no_output_delay (1720)
7. checking multiple_clock (0)
8. checking generated_clocks (0)
9. checking loops (0)
10. checking partial_input_delay (0)
11. checking partial_output_delay (0)
12. checking latch_loops (0)

1. checking no_clock (0)
------------------------
 There are 0 register/latch pins with no clock.


2. checking constant_clock (0)
------------------------------
 There are 0 register/latch pins with constant_clock.


3. checking pulse_width_clock (0)
---------------------------------
 There are 0 register/latch pins which need pulse_width check


4. checking unconstrained_internal_endpoints (0)
------------------------------------------------
 There are 0 pins that are not constrained for maximum delay.

 There are 0 pins that are not constrained for maximum delay due to constant clock.


5. checking no_input_delay (1743)
---------------------------------
 There are 1743 input ports with no input delay specified. (HIGH)

 There are 0 input ports with no input delay but user has a false path constraint.


6. checking no_output_delay (1720)
----------------------------------
 There are 1720 ports with no output delay specified. (HIGH)

 There are 0 ports with no output delay but user has a false path constraint

 There are 0 ports with no output delay but with a timing clock defined on it or propagating through it


7. checking multiple_clock (0)
------------------------------
 There are 0 register/latch pins with multiple clocks.


8. checking generated_clocks (0)
--------------------------------
 There are 0 generated clocks that are not connected to a clock source.


9. checking loops (0)
---------------------
 There are 0 combinational loops in the design.


10. checking partial_input_delay (0)
------------------------------------
 There are 0 input ports with partial input delay specified.


11. checking partial_output_delay (0)
-------------------------------------
 There are 0 ports with partial output delay specified.


12. checking latch_loops (0)
----------------------------
 There are 0 combinational latch loops in the design through latch input



------------------------------------------------------------------------------------------------
| Design Timing Summary
| ---------------------
------------------------------------------------------------------------------------------------

    WNS(ns)      TNS(ns)  TNS Failing Endpoints  TNS Total Endpoints      WHS(ns)      THS(ns)  THS Failing Endpoints  THS Total Endpoints     WPWS(ns)     TPWS(ns)  TPWS Failing Endpoints  TPWS Total Endpoints  
    -------      -------  ---------------------  -------------------      -------      -------  ---------------------  -------------------     --------     --------  ----------------------  --------------------  
      1.759        0.000                      0               177592        0.027        0.000                      0               177592        4.238        0.000                       0                 34465  


All user specified timing constraints are met.


------------------------------------------------------------------------------------------------
| Clock Summary
| -------------
------------------------------------------------------------------------------------------------

Clock   Waveform(ns)       Period(ns)      Frequency(MHz)
-----   ------------       ----------      --------------
ap_clk  {0.000 5.000}      10.000          100.000         


------------------------------------------------------------------------------------------------
| Intra Clock Table
| -----------------
------------------------------------------------------------------------------------------------

Clock             WNS(ns)      TNS(ns)  TNS Failing Endpoints  TNS Total Endpoints      WHS(ns)      THS(ns)  THS Failing Endpoints  THS Total Endpoints     WPWS(ns)     TPWS(ns)  TPWS Failing Endpoints  TPWS Total Endpoints  
-----             -------      -------  ---------------------  -------------------      -------      -------  ---------------------  -------------------     --------     --------  ----------------------  --------------------  
ap_clk              1.759        0.000                      0               177592        0.027        0.000                      0               177592        4.238        0.000                       0                 34465  


------------------------------------------------------------------------------------------------
| Inter Clock Table
| -----------------
------------------------------------------------------------------------------------------------

From Clock    To Clock          WNS(ns)      TNS(ns)  TNS Failing Endpoints  TNS Total Endpoints      WHS(ns)      THS(ns)  THS Failing Endpoints  THS Total Endpoints  
----------    --------          -------      -------  ---------------------  -------------------      -------      -------  ---------------------  -------------------  


------------------------------------------------------------------------------------------------
| Other Path Groups Table
| -----------------------
------------------------------------------------------------------------------------------------

Path Group    From Clock    To Clock          WNS(ns)      TNS(ns)  TNS Failing Endpoints  TNS Total Endpoints      WHS(ns)      THS(ns)  THS Failing Endpoints  THS Total Endpoints  
----------    ----------    --------          -------      -------  ---------------------  -------------------      -------      -------  ---------------------  -------------------  


------------------------------------------------------------------------------------------------
| Timing Details
| --------------
------------------------------------------------------------------------------------------------


---------------------------------------------------------------------------------------------------
From Clock:  ap_clk
  To Clock:  ap_clk

Setup :            0  Failing Endpoints,  Worst Slack        1.759ns,  Total Violation        0.000ns
Hold  :            0  Failing Endpoints,  Worst Slack        0.027ns,  Total Violation        0.000ns
PW    :            0  Failing Endpoints,  Worst Slack        4.238ns,  Total Violation        0.000ns
---------------------------------------------------------------------------------------------------


Max Delay Paths
--------------------------------------------------------------------------------------
Slack (MET) :             1.759ns  (required time - arrival time)
  Source:                 bd_0_i/hls_inst/inst/gmem2_m_axi_U/store_unit_0/buff_wdata/raddr_reg[0]_rep/C
                            (rising edge-triggered cell FDRE clocked by ap_clk  {rise@0.000ns fall@5.000ns period=10.000ns})
  Destination:            bd_0_i/hls_inst/inst/gmem2_m_axi_U/store_unit_0/buff_wdata/U_fifo_srl/dout_reg[356]/D
                            (rising edge-triggered cell FDRE clocked by ap_clk  {rise@0.000ns fall@5.000ns period=10.000ns})
  Path Group:             ap_clk
  Path Type:              Setup (Max at Slow Process Corner)
  Requirement:            10.000ns  (ap_clk rise@10.000ns - ap_clk rise@0.000ns)
  Data Path Delay:        8.239ns  (logic 0.301ns (3.653%)  route 7.938ns (96.347%))
  Logic Levels:           1  (SRLC32E=1)
  Clock Path Skew:        -0.013ns (DCD - SCD + CPR)
    Destination Clock Delay (DCD):    0.029ns = ( 10.029 - 10.000 ) 
    Source Clock Delay      (SCD):    0.042ns
    Clock Pessimism Removal (CPR):    0.000ns
  Clock Uncertainty:      0.035ns  ((TSJ^2 + TIJ^2)^1/2 + DJ) / 2 + PE
    Total System Jitter     (TSJ):    0.071ns
    Total Input Jitter      (TIJ):    0.000ns
    Discrete Jitter          (DJ):    0.000ns
    Phase Error              (PE):    0.000ns

    Location             Delay type                Incr(ns)  Path(ns)    Netlist Resource(s)
  -------------------------------------------------------------------    -------------------
                         (clock ap_clk rise edge)     0.000     0.000 r  
                                                      0.000     0.000 r  ap_clk (IN)
                         net (fo=35621, unset)        0.042     0.042    bd_0_i/hls_inst/inst/gmem2_m_axi_U/store_unit_0/buff_wdata/ap_clk
    SLICE_X51Y162        FDRE                                         r  bd_0_i/hls_inst/inst/gmem2_m_axi_U/store_unit_0/buff_wdata/raddr_reg[0]_rep/C
  -------------------------------------------------------------------    -------------------
    SLICE_X51Y162        FDRE (Prop_EFF2_SLICEL_C_Q)
                                                      0.116     0.158 r  bd_0_i/hls_inst/inst/gmem2_m_axi_U/store_unit_0/buff_wdata/raddr_reg[0]_rep/Q
                         net (fo=576, routed)         7.520     7.678    bd_0_i/hls_inst/inst/gmem2_m_axi_U/store_unit_0/buff_wdata/U_fifo_srl/A[0]
    SLICE_X25Y64         SRLC32E (Prop_D6LUT_SLICEM_A[0]_Q)
                                                      0.185     7.863 r  bd_0_i/hls_inst/inst/gmem2_m_axi_U/store_unit_0/buff_wdata/U_fifo_srl/mem_reg[30][356]_srl31/Q
                         net (fo=1, routed)           0.418     8.281    bd_0_i/hls_inst/inst/gmem2_m_axi_U/store_unit_0/buff_wdata/U_fifo_srl/mem_reg[30][356]_srl31_n_4
    SLICE_X27Y67         FDRE                                         r  bd_0_i/hls_inst/inst/gmem2_m_axi_U/store_unit_0/buff_wdata/U_fifo_srl/dout_reg[356]/D
  -------------------------------------------------------------------    -------------------

                         (clock ap_clk rise edge)    10.000    10.000 r  
                                                      0.000    10.000 r  ap_clk (IN)
                         net (fo=35621, unset)        0.029    10.029    bd_0_i/hls_inst/inst/gmem2_m_axi_U/store_unit_0/buff_wdata/U_fifo_srl/ap_clk
    SLICE_X27Y67         FDRE                                         r  bd_0_i/hls_inst/inst/gmem2_m_axi_U/store_unit_0/buff_wdata/U_fifo_srl/dout_reg[356]/C
                         clock pessimism              0.000    10.029    
                         clock uncertainty           -0.035     9.994    
    SLICE_X27Y67         FDRE (Setup_DFF2_SLICEL_C_D)
                                                      0.046    10.040    bd_0_i/hls_inst/inst/gmem2_m_axi_U/store_unit_0/buff_wdata/U_fifo_srl/dout_reg[356]
  -------------------------------------------------------------------
                         required time                         10.040    
                         arrival time                          -8.281    
  -------------------------------------------------------------------
                         slack                                  1.759    





Min Delay Paths
--------------------------------------------------------------------------------------
Slack (MET) :             0.027ns  (arrival time - required time)
  Source:                 bd_0_i/hls_inst/inst/grp_spmm_stage_fu_164/val_fifo_U/waddr_reg[1]/C
                            (rising edge-triggered cell FDRE clocked by ap_clk  {rise@0.000ns fall@5.000ns period=10.000ns})
  Destination:            bd_0_i/hls_inst/inst/grp_spmm_stage_fu_164/val_fifo_U/U_integrated_gcn_fifo_w8_d256_A_ram/mem_reg_64_127_7_7/DP/WADR1
                            (rising edge-triggered cell RAMD64E clocked by ap_clk  {rise@0.000ns fall@5.000ns period=10.000ns})
  Path Group:             ap_clk
  Path Type:              Hold (Min at Fast Process Corner)
  Requirement:            0.000ns  (ap_clk rise@0.000ns - ap_clk rise@0.000ns)
  Data Path Delay:        0.158ns  (logic 0.084ns (53.325%)  route 0.074ns (46.675%))
  Logic Levels:           0  
  Clock Path Skew:        0.043ns (DCD - SCD - CPR)
    Destination Clock Delay (DCD):    0.057ns
    Source Clock Delay      (SCD):    0.014ns
    Clock Pessimism Removal (CPR):    -0.000ns

    Location             Delay type                Incr(ns)  Path(ns)    Netlist Resource(s)
  -------------------------------------------------------------------    -------------------
                         (clock ap_clk rise edge)     0.000     0.000 r  
                                                      0.000     0.000 r  ap_clk (IN)
                         net (fo=35621, unset)        0.014     0.014    bd_0_i/hls_inst/inst/grp_spmm_stage_fu_164/val_fifo_U/ap_clk
    SLICE_X43Y231        FDRE                                         r  bd_0_i/hls_inst/inst/grp_spmm_stage_fu_164/val_fifo_U/waddr_reg[1]/C
  -------------------------------------------------------------------    -------------------
    SLICE_X43Y231        FDRE (Prop_FFF2_SLICEM_C_Q)
                                                      0.084     0.098 r  bd_0_i/hls_inst/inst/grp_spmm_stage_fu_164/val_fifo_U/waddr_reg[1]/Q
                         net (fo=53, routed)          0.074     0.172    bd_0_i/hls_inst/inst/grp_spmm_stage_fu_164/val_fifo_U/U_integrated_gcn_fifo_w8_d256_A_ram/mem_reg_64_127_7_7/A1
    SLICE_X43Y230        RAMD64E                                      r  bd_0_i/hls_inst/inst/grp_spmm_stage_fu_164/val_fifo_U/U_integrated_gcn_fifo_w8_d256_A_ram/mem_reg_64_127_7_7/DP/WADR1
  -------------------------------------------------------------------    -------------------

                         (clock ap_clk rise edge)     0.000     0.000 r  
                                                      0.000     0.000 r  ap_clk (IN)
                         net (fo=35621, unset)        0.057     0.057    bd_0_i/hls_inst/inst/grp_spmm_stage_fu_164/val_fifo_U/U_integrated_gcn_fifo_w8_d256_A_ram/mem_reg_64_127_7_7/WCLK
    SLICE_X43Y230        RAMD64E                                      r  bd_0_i/hls_inst/inst/grp_spmm_stage_fu_164/val_fifo_U/U_integrated_gcn_fifo_w8_d256_A_ram/mem_reg_64_127_7_7/DP/CLK
                         clock pessimism              0.000     0.057    
    SLICE_X43Y230        RAMD64E (Hold_G6LUT_SLICEM_CLK_WADR1)
                                                      0.088     0.145    bd_0_i/hls_inst/inst/grp_spmm_stage_fu_164/val_fifo_U/U_integrated_gcn_fifo_w8_d256_A_ram/mem_reg_64_127_7_7/DP
  -------------------------------------------------------------------
                         required time                         -0.145    
                         arrival time                           0.172    
  -------------------------------------------------------------------
                         slack                                  0.027    





Pulse Width Checks
--------------------------------------------------------------------------------------
Clock Name:         ap_clk
Waveform(ns):       { 0.000 5.000 }
Period(ns):         10.000
Sources:            { ap_clk }

Check Type        Corner  Lib Pin             Reference Pin  Required(ns)  Actual(ns)  Slack(ns)  Location       Pin
Min Period        n/a     RAMB36E2/CLKARDCLK  n/a            1.960         10.000      8.040      RAMB36_X0Y31   bd_0_i/hls_inst/inst/gmem0_m_axi_U/load_unit_0/buff_rdata/U_fifo_mem/mem_reg_0/CLKARDCLK
Low Pulse Width   Slow    SRL16E/CLK          n/a            0.762         5.000       4.238      SLICE_X29Y160  bd_0_i/hls_inst/inst/bus_read/ost_ctrl_gen[0].fifo_burst/U_fifo_srl/mem_reg[14][0]_srl15/CLK
High Pulse Width  Slow    SRL16E/CLK          n/a            0.762         5.000       4.238      SLICE_X29Y160  bd_0_i/hls_inst/inst/bus_read/ost_ctrl_gen[0].fifo_burst/U_fifo_srl/mem_reg[14][0]_srl15/CLK



