Copyright 1986-2022 Xilinx, Inc. All Rights Reserved. Copyright 2022-2025 Advanced Micro Devices, Inc. All Rights Reserved.
--------------------------------------------------------------------------------------------------------------------------------------------------
| Tool Version      : Vivado v.2025.2 (lin64) Build 6299465 Fri Nov 14 12:34:56 MST 2025
| Date              : Thu Apr 16 11:13:13 2026
| Host              : nat-Yoga-Pro-9-16IAH10 running 64-bit Ubuntu 24.04.3 LTS
| Command           : report_timing -max_paths 10 -file ./report/integrated_gcn_timing_paths_synth.rpt
| Design            : bd_0_wrapper
| Device            : xck26-sfvc784
| Speed File        : -2LV  PRODUCTION 1.30 05-15-2022
| Design State      : Synthesized
| Temperature Grade : C
--------------------------------------------------------------------------------------------------------------------------------------------------

Timing Report

Slack (MET) :             7.493ns  (required time - arrival time)
  Source:                 bd_0_i/hls_inst/inst/grp_spmm_stage_fu_164/col_fifo_U/U_integrated_gcn_fifo_w32_d256_A_ram/mem_reg/CLKARDCLK
                            (rising edge-triggered cell RAMB18E2 clocked by ap_clk  {rise@0.000ns fall@5.000ns period=10.000ns})
  Destination:            bd_0_i/hls_inst/inst/grp_spmm_stage_fu_164/spmm_compute_U0/trunc_ln257_s_reg_2706_reg[56]/D
                            (rising edge-triggered cell FDRE clocked by ap_clk  {rise@0.000ns fall@5.000ns period=10.000ns})
  Path Group:             ap_clk
  Path Type:              Setup (Max at Slow Process Corner)
  Requirement:            10.000ns  (ap_clk rise@10.000ns - ap_clk rise@0.000ns)
  Data Path Delay:        2.438ns  (logic 2.109ns (86.505%)  route 0.329ns (13.495%))
  Logic Levels:           9  (CARRY8=8 LUT2=1)
  Clock Path Skew:        -0.077ns (DCD - SCD + CPR)
    Destination Clock Delay (DCD):    0.030ns = ( 10.030 - 10.000 ) 
    Source Clock Delay      (SCD):    0.107ns
    Clock Pessimism Removal (CPR):    0.000ns
  Clock Uncertainty:      0.035ns  ((TSJ^2 + TIJ^2)^1/2 + DJ) / 2 + PE
    Total System Jitter     (TSJ):    0.071ns
    Total Input Jitter      (TIJ):    0.000ns
    Discrete Jitter          (DJ):    0.000ns
    Phase Error              (PE):    0.000ns

    Location             Delay type                Incr(ns)  Path(ns)    Netlist Resource(s)
  -------------------------------------------------------------------    -------------------
                         (clock ap_clk rise edge)     0.000     0.000 r  
                                                      0.000     0.000 r  ap_clk (IN)
                         net (fo=35621, unset)        0.107     0.107    bd_0_i/hls_inst/inst/grp_spmm_stage_fu_164/col_fifo_U/U_integrated_gcn_fifo_w32_d256_A_ram/ap_clk
                         RAMB18E2                                     r  bd_0_i/hls_inst/inst/grp_spmm_stage_fu_164/col_fifo_U/U_integrated_gcn_fifo_w32_d256_A_ram/mem_reg/CLKARDCLK
  -------------------------------------------------------------------    -------------------
                         RAMB18E2 (Prop_RAMB18E2_CLKARDCLK_DOUTADOUT[0])
                                                      1.208     1.315 r  bd_0_i/hls_inst/inst/grp_spmm_stage_fu_164/col_fifo_U/U_integrated_gcn_fifo_w32_d256_A_ram/mem_reg/DOUTADOUT[0]
                         net (fo=2, unplaced)         0.224     1.539    bd_0_i/hls_inst/inst/grp_spmm_stage_fu_164/spmm_compute_U0/col_fifo_dout[0]
                         LUT2 (Prop_LUT2_I0_O)        0.082     1.621 r  bd_0_i/hls_inst/inst/grp_spmm_stage_fu_164/spmm_compute_U0/trunc_ln257_s_reg_2706[6]_i_8/O
                         net (fo=1, unplaced)         0.030     1.651    bd_0_i/hls_inst/inst/grp_spmm_stage_fu_164/spmm_compute_U0/trunc_ln257_s_reg_2706[6]_i_8_n_4
                         CARRY8 (Prop_CARRY8_S[1]_CO[7])
                                                      0.275     1.926 r  bd_0_i/hls_inst/inst/grp_spmm_stage_fu_164/spmm_compute_U0/trunc_ln257_s_reg_2706_reg[6]_i_1/CO[7]
                         net (fo=1, unplaced)         0.006     1.932    bd_0_i/hls_inst/inst/grp_spmm_stage_fu_164/spmm_compute_U0/trunc_ln257_s_reg_2706_reg[6]_i_1_n_4
                         CARRY8 (Prop_CARRY8_CI_CO[7])
                                                      0.073     2.005 r  bd_0_i/hls_inst/inst/grp_spmm_stage_fu_164/spmm_compute_U0/trunc_ln257_s_reg_2706_reg[14]_i_1/CO[7]
                         net (fo=1, unplaced)         0.006     2.011    bd_0_i/hls_inst/inst/grp_spmm_stage_fu_164/spmm_compute_U0/trunc_ln257_s_reg_2706_reg[14]_i_1_n_4
                         CARRY8 (Prop_CARRY8_CI_CO[7])
                                                      0.073     2.084 r  bd_0_i/hls_inst/inst/grp_spmm_stage_fu_164/spmm_compute_U0/trunc_ln257_s_reg_2706_reg[22]_i_1/CO[7]
                         net (fo=1, unplaced)         0.006     2.090    bd_0_i/hls_inst/inst/grp_spmm_stage_fu_164/spmm_compute_U0/trunc_ln257_s_reg_2706_reg[22]_i_1_n_4
                         CARRY8 (Prop_CARRY8_CI_CO[7])
                                                      0.073     2.163 r  bd_0_i/hls_inst/inst/grp_spmm_stage_fu_164/spmm_compute_U0/trunc_ln257_s_reg_2706_reg[30]_i_1/CO[7]
                         net (fo=1, unplaced)         0.006     2.169    bd_0_i/hls_inst/inst/grp_spmm_stage_fu_164/spmm_compute_U0/trunc_ln257_s_reg_2706_reg[30]_i_1_n_4
                         CARRY8 (Prop_CARRY8_CI_CO[7])
                                                      0.073     2.242 r  bd_0_i/hls_inst/inst/grp_spmm_stage_fu_164/spmm_compute_U0/trunc_ln257_s_reg_2706_reg[38]_i_1/CO[7]
                         net (fo=1, unplaced)         0.006     2.248    bd_0_i/hls_inst/inst/grp_spmm_stage_fu_164/spmm_compute_U0/trunc_ln257_s_reg_2706_reg[38]_i_1_n_4
                         CARRY8 (Prop_CARRY8_CI_CO[7])
                                                      0.073     2.321 r  bd_0_i/hls_inst/inst/grp_spmm_stage_fu_164/spmm_compute_U0/trunc_ln257_s_reg_2706_reg[46]_i_1/CO[7]
                         net (fo=1, unplaced)         0.006     2.327    bd_0_i/hls_inst/inst/grp_spmm_stage_fu_164/spmm_compute_U0/trunc_ln257_s_reg_2706_reg[46]_i_1_n_4
                         CARRY8 (Prop_CARRY8_CI_CO[7])
                                                      0.073     2.400 r  bd_0_i/hls_inst/inst/grp_spmm_stage_fu_164/spmm_compute_U0/trunc_ln257_s_reg_2706_reg[54]_i_1/CO[7]
                         net (fo=1, unplaced)         0.006     2.406    bd_0_i/hls_inst/inst/grp_spmm_stage_fu_164/spmm_compute_U0/trunc_ln257_s_reg_2706_reg[54]_i_1_n_4
                         CARRY8 (Prop_CARRY8_CI_O[1])
                                                      0.106     2.512 r  bd_0_i/hls_inst/inst/grp_spmm_stage_fu_164/spmm_compute_U0/trunc_ln257_s_reg_2706_reg[57]_i_1/O[1]
                         net (fo=1, unplaced)         0.033     2.545    bd_0_i/hls_inst/inst/grp_spmm_stage_fu_164/spmm_compute_U0/p_0_in[56]
                         FDRE                                         r  bd_0_i/hls_inst/inst/grp_spmm_stage_fu_164/spmm_compute_U0/trunc_ln257_s_reg_2706_reg[56]/D
  -------------------------------------------------------------------    -------------------

                         (clock ap_clk rise edge)    10.000    10.000 r  
                                                      0.000    10.000 r  ap_clk (IN)
                         net (fo=35621, unset)        0.030    10.030    bd_0_i/hls_inst/inst/grp_spmm_stage_fu_164/spmm_compute_U0/ap_clk
                         FDRE                                         r  bd_0_i/hls_inst/inst/grp_spmm_stage_fu_164/spmm_compute_U0/trunc_ln257_s_reg_2706_reg[56]/C
                         clock pessimism              0.000    10.030    
                         clock uncertainty           -0.035     9.995    
                         FDRE (Setup_FDRE_C_D)        0.043    10.038    bd_0_i/hls_inst/inst/grp_spmm_stage_fu_164/spmm_compute_U0/trunc_ln257_s_reg_2706_reg[56]
  -------------------------------------------------------------------
                         required time                         10.038    
                         arrival time                          -2.545    
  -------------------------------------------------------------------
                         slack                                  7.493    

Slack (MET) :             7.505ns  (required time - arrival time)
  Source:                 bd_0_i/hls_inst/inst/grp_spmm_stage_fu_164/col_fifo_U/U_integrated_gcn_fifo_w32_d256_A_ram/mem_reg/CLKARDCLK
                            (rising edge-triggered cell RAMB18E2 clocked by ap_clk  {rise@0.000ns fall@5.000ns period=10.000ns})
  Destination:            bd_0_i/hls_inst/inst/grp_spmm_stage_fu_164/spmm_compute_U0/trunc_ln257_s_reg_2706_reg[57]/D
                            (rising edge-triggered cell FDRE clocked by ap_clk  {rise@0.000ns fall@5.000ns period=10.000ns})
  Path Group:             ap_clk
  Path Type:              Setup (Max at Slow Process Corner)
  Requirement:            10.000ns  (ap_clk rise@10.000ns - ap_clk rise@0.000ns)
  Data Path Delay:        2.426ns  (logic 2.096ns (86.397%)  route 0.330ns (13.603%))
  Logic Levels:           9  (CARRY8=8 LUT2=1)
  Clock Path Skew:        -0.077ns (DCD - SCD + CPR)
    Destination Clock Delay (DCD):    0.030ns = ( 10.030 - 10.000 ) 
    Source Clock Delay      (SCD):    0.107ns
    Clock Pessimism Removal (CPR):    0.000ns
  Clock Uncertainty:      0.035ns  ((TSJ^2 + TIJ^2)^1/2 + DJ) / 2 + PE
    Total System Jitter     (TSJ):    0.071ns
    Total Input Jitter      (TIJ):    0.000ns
    Discrete Jitter          (DJ):    0.000ns
    Phase Error              (PE):    0.000ns

    Location             Delay type                Incr(ns)  Path(ns)    Netlist Resource(s)
  -------------------------------------------------------------------    -------------------
                         (clock ap_clk rise edge)     0.000     0.000 r  
                                                      0.000     0.000 r  ap_clk (IN)
                         net (fo=35621, unset)        0.107     0.107    bd_0_i/hls_inst/inst/grp_spmm_stage_fu_164/col_fifo_U/U_integrated_gcn_fifo_w32_d256_A_ram/ap_clk
                         RAMB18E2                                     r  bd_0_i/hls_inst/inst/grp_spmm_stage_fu_164/col_fifo_U/U_integrated_gcn_fifo_w32_d256_A_ram/mem_reg/CLKARDCLK
  -------------------------------------------------------------------    -------------------
                         RAMB18E2 (Prop_RAMB18E2_CLKARDCLK_DOUTADOUT[0])
                                                      1.208     1.315 r  bd_0_i/hls_inst/inst/grp_spmm_stage_fu_164/col_fifo_U/U_integrated_gcn_fifo_w32_d256_A_ram/mem_reg/DOUTADOUT[0]
                         net (fo=2, unplaced)         0.224     1.539    bd_0_i/hls_inst/inst/grp_spmm_stage_fu_164/spmm_compute_U0/col_fifo_dout[0]
                         LUT2 (Prop_LUT2_I0_O)        0.082     1.621 r  bd_0_i/hls_inst/inst/grp_spmm_stage_fu_164/spmm_compute_U0/trunc_ln257_s_reg_2706[6]_i_8/O
                         net (fo=1, unplaced)         0.030     1.651    bd_0_i/hls_inst/inst/grp_spmm_stage_fu_164/spmm_compute_U0/trunc_ln257_s_reg_2706[6]_i_8_n_4
                         CARRY8 (Prop_CARRY8_S[1]_CO[7])
                                                      0.275     1.926 r  bd_0_i/hls_inst/inst/grp_spmm_stage_fu_164/spmm_compute_U0/trunc_ln257_s_reg_2706_reg[6]_i_1/CO[7]
                         net (fo=1, unplaced)         0.006     1.932    bd_0_i/hls_inst/inst/grp_spmm_stage_fu_164/spmm_compute_U0/trunc_ln257_s_reg_2706_reg[6]_i_1_n_4
                         CARRY8 (Prop_CARRY8_CI_CO[7])
                                                      0.073     2.005 r  bd_0_i/hls_inst/inst/grp_spmm_stage_fu_164/spmm_compute_U0/trunc_ln257_s_reg_2706_reg[14]_i_1/CO[7]
                         net (fo=1, unplaced)         0.006     2.011    bd_0_i/hls_inst/inst/grp_spmm_stage_fu_164/spmm_compute_U0/trunc_ln257_s_reg_2706_reg[14]_i_1_n_4
                         CARRY8 (Prop_CARRY8_CI_CO[7])
                                                      0.073     2.084 r  bd_0_i/hls_inst/inst/grp_spmm_stage_fu_164/spmm_compute_U0/trunc_ln257_s_reg_2706_reg[22]_i_1/CO[7]
                         net (fo=1, unplaced)         0.006     2.090    bd_0_i/hls_inst/inst/grp_spmm_stage_fu_164/spmm_compute_U0/trunc_ln257_s_reg_2706_reg[22]_i_1_n_4
                         CARRY8 (Prop_CARRY8_CI_CO[7])
                                                      0.073     2.163 r  bd_0_i/hls_inst/inst/grp_spmm_stage_fu_164/spmm_compute_U0/trunc_ln257_s_reg_2706_reg[30]_i_1/CO[7]
                         net (fo=1, unplaced)         0.006     2.169    bd_0_i/hls_inst/inst/grp_spmm_stage_fu_164/spmm_compute_U0/trunc_ln257_s_reg_2706_reg[30]_i_1_n_4
                         CARRY8 (Prop_CARRY8_CI_CO[7])
                                                      0.073     2.242 r  bd_0_i/hls_inst/inst/grp_spmm_stage_fu_164/spmm_compute_U0/trunc_ln257_s_reg_2706_reg[38]_i_1/CO[7]
                         net (fo=1, unplaced)         0.006     2.248    bd_0_i/hls_inst/inst/grp_spmm_stage_fu_164/spmm_compute_U0/trunc_ln257_s_reg_2706_reg[38]_i_1_n_4
                         CARRY8 (Prop_CARRY8_CI_CO[7])
                                                      0.073     2.321 r  bd_0_i/hls_inst/inst/grp_spmm_stage_fu_164/spmm_compute_U0/trunc_ln257_s_reg_2706_reg[46]_i_1/CO[7]
                         net (fo=1, unplaced)         0.006     2.327    bd_0_i/hls_inst/inst/grp_spmm_stage_fu_164/spmm_compute_U0/trunc_ln257_s_reg_2706_reg[46]_i_1_n_4
                         CARRY8 (Prop_CARRY8_CI_CO[7])
                                                      0.073     2.400 r  bd_0_i/hls_inst/inst/grp_spmm_stage_fu_164/spmm_compute_U0/trunc_ln257_s_reg_2706_reg[54]_i_1/CO[7]
                         net (fo=1, unplaced)         0.006     2.406    bd_0_i/hls_inst/inst/grp_spmm_stage_fu_164/spmm_compute_U0/trunc_ln257_s_reg_2706_reg[54]_i_1_n_4
                         CARRY8 (Prop_CARRY8_CI_O[2])
                                                      0.093     2.499 r  bd_0_i/hls_inst/inst/grp_spmm_stage_fu_164/spmm_compute_U0/trunc_ln257_s_reg_2706_reg[57]_i_1/O[2]
                         net (fo=1, unplaced)         0.034     2.533    bd_0_i/hls_inst/inst/grp_spmm_stage_fu_164/spmm_compute_U0/p_0_in[57]
                         FDRE                                         r  bd_0_i/hls_inst/inst/grp_spmm_stage_fu_164/spmm_compute_U0/trunc_ln257_s_reg_2706_reg[57]/D
  -------------------------------------------------------------------    -------------------

                         (clock ap_clk rise edge)    10.000    10.000 r  
                                                      0.000    10.000 r  ap_clk (IN)
                         net (fo=35621, unset)        0.030    10.030    bd_0_i/hls_inst/inst/grp_spmm_stage_fu_164/spmm_compute_U0/ap_clk
                         FDRE                                         r  bd_0_i/hls_inst/inst/grp_spmm_stage_fu_164/spmm_compute_U0/trunc_ln257_s_reg_2706_reg[57]/C
                         clock pessimism              0.000    10.030    
                         clock uncertainty           -0.035     9.995    
                         FDRE (Setup_FDRE_C_D)        0.043    10.038    bd_0_i/hls_inst/inst/grp_spmm_stage_fu_164/spmm_compute_U0/trunc_ln257_s_reg_2706_reg[57]
  -------------------------------------------------------------------
                         required time                         10.038    
                         arrival time                          -2.533    
  -------------------------------------------------------------------
                         slack                                  7.505    

Slack (MET) :             7.507ns  (required time - arrival time)
  Source:                 bd_0_i/hls_inst/inst/grp_spmm_stage_fu_164/col_fifo_U/U_integrated_gcn_fifo_w32_d256_A_ram/mem_reg/CLKARDCLK
                            (rising edge-triggered cell RAMB18E2 clocked by ap_clk  {rise@0.000ns fall@5.000ns period=10.000ns})
  Destination:            bd_0_i/hls_inst/inst/grp_spmm_stage_fu_164/spmm_compute_U0/trunc_ln257_s_reg_2706_reg[54]/D
                            (rising edge-triggered cell FDRE clocked by ap_clk  {rise@0.000ns fall@5.000ns period=10.000ns})
  Path Group:             ap_clk
  Path Type:              Setup (Max at Slow Process Corner)
  Requirement:            10.000ns  (ap_clk rise@10.000ns - ap_clk rise@0.000ns)
  Data Path Delay:        2.425ns  (logic 2.101ns (86.639%)  route 0.324ns (13.361%))
  Logic Levels:           8  (CARRY8=7 LUT2=1)
  Clock Path Skew:        -0.077ns (DCD - SCD + CPR)
    Destination Clock Delay (DCD):    0.030ns = ( 10.030 - 10.000 ) 
    Source Clock Delay      (SCD):    0.107ns
    Clock Pessimism Removal (CPR):    0.000ns
  Clock Uncertainty:      0.035ns  ((TSJ^2 + TIJ^2)^1/2 + DJ) / 2 + PE
    Total System Jitter     (TSJ):    0.071ns
    Total Input Jitter      (TIJ):    0.000ns
    Discrete Jitter          (DJ):    0.000ns
    Phase Error              (PE):    0.000ns

    Location             Delay type                Incr(ns)  Path(ns)    Netlist Resource(s)
  -------------------------------------------------------------------    -------------------
                         (clock ap_clk rise edge)     0.000     0.000 r  
                                                      0.000     0.000 r  ap_clk (IN)
                         net (fo=35621, unset)        0.107     0.107    bd_0_i/hls_inst/inst/grp_spmm_stage_fu_164/col_fifo_U/U_integrated_gcn_fifo_w32_d256_A_ram/ap_clk
                         RAMB18E2                                     r  bd_0_i/hls_inst/inst/grp_spmm_stage_fu_164/col_fifo_U/U_integrated_gcn_fifo_w32_d256_A_ram/mem_reg/CLKARDCLK
  -------------------------------------------------------------------    -------------------
                         RAMB18E2 (Prop_RAMB18E2_CLKARDCLK_DOUTADOUT[0])
                                                      1.208     1.315 r  bd_0_i/hls_inst/inst/grp_spmm_stage_fu_164/col_fifo_U/U_integrated_gcn_fifo_w32_d256_A_ram/mem_reg/DOUTADOUT[0]
                         net (fo=2, unplaced)         0.224     1.539    bd_0_i/hls_inst/inst/grp_spmm_stage_fu_164/spmm_compute_U0/col_fifo_dout[0]
                         LUT2 (Prop_LUT2_I0_O)        0.082     1.621 r  bd_0_i/hls_inst/inst/grp_spmm_stage_fu_164/spmm_compute_U0/trunc_ln257_s_reg_2706[6]_i_8/O
                         net (fo=1, unplaced)         0.030     1.651    bd_0_i/hls_inst/inst/grp_spmm_stage_fu_164/spmm_compute_U0/trunc_ln257_s_reg_2706[6]_i_8_n_4
                         CARRY8 (Prop_CARRY8_S[1]_CO[7])
                                                      0.275     1.926 r  bd_0_i/hls_inst/inst/grp_spmm_stage_fu_164/spmm_compute_U0/trunc_ln257_s_reg_2706_reg[6]_i_1/CO[7]
                         net (fo=1, unplaced)         0.006     1.932    bd_0_i/hls_inst/inst/grp_spmm_stage_fu_164/spmm_compute_U0/trunc_ln257_s_reg_2706_reg[6]_i_1_n_4
                         CARRY8 (Prop_CARRY8_CI_CO[7])
                                                      0.073     2.005 r  bd_0_i/hls_inst/inst/grp_spmm_stage_fu_164/spmm_compute_U0/trunc_ln257_s_reg_2706_reg[14]_i_1/CO[7]
                         net (fo=1, unplaced)         0.006     2.011    bd_0_i/hls_inst/inst/grp_spmm_stage_fu_164/spmm_compute_U0/trunc_ln257_s_reg_2706_reg[14]_i_1_n_4
                         CARRY8 (Prop_CARRY8_CI_CO[7])
                                                      0.073     2.084 r  bd_0_i/hls_inst/inst/grp_spmm_stage_fu_164/spmm_compute_U0/trunc_ln257_s_reg_2706_reg[22]_i_1/CO[7]
                         net (fo=1, unplaced)         0.006     2.090    bd_0_i/hls_inst/inst/grp_spmm_stage_fu_164/spmm_compute_U0/trunc_ln257_s_reg_2706_reg[22]_i_1_n_4
                         CARRY8 (Prop_CARRY8_CI_CO[7])
                                                      0.073     2.163 r  bd_0_i/hls_inst/inst/grp_spmm_stage_fu_164/spmm_compute_U0/trunc_ln257_s_reg_2706_reg[30]_i_1/CO[7]
                         net (fo=1, unplaced)         0.006     2.169    bd_0_i/hls_inst/inst/grp_spmm_stage_fu_164/spmm_compute_U0/trunc_ln257_s_reg_2706_reg[30]_i_1_n_4
                         CARRY8 (Prop_CARRY8_CI_CO[7])
                                                      0.073     2.242 r  bd_0_i/hls_inst/inst/grp_spmm_stage_fu_164/spmm_compute_U0/trunc_ln257_s_reg_2706_reg[38]_i_1/CO[7]
                         net (fo=1, unplaced)         0.006     2.248    bd_0_i/hls_inst/inst/grp_spmm_stage_fu_164/spmm_compute_U0/trunc_ln257_s_reg_2706_reg[38]_i_1_n_4
                         CARRY8 (Prop_CARRY8_CI_CO[7])
                                                      0.073     2.321 r  bd_0_i/hls_inst/inst/grp_spmm_stage_fu_164/spmm_compute_U0/trunc_ln257_s_reg_2706_reg[46]_i_1/CO[7]
                         net (fo=1, unplaced)         0.006     2.327    bd_0_i/hls_inst/inst/grp_spmm_stage_fu_164/spmm_compute_U0/trunc_ln257_s_reg_2706_reg[46]_i_1_n_4
                         CARRY8 (Prop_CARRY8_CI_O[7])
                                                      0.171     2.498 r  bd_0_i/hls_inst/inst/grp_spmm_stage_fu_164/spmm_compute_U0/trunc_ln257_s_reg_2706_reg[54]_i_1/O[7]
                         net (fo=1, unplaced)         0.034     2.532    bd_0_i/hls_inst/inst/grp_spmm_stage_fu_164/spmm_compute_U0/p_0_in[54]
                         FDRE                                         r  bd_0_i/hls_inst/inst/grp_spmm_stage_fu_164/spmm_compute_U0/trunc_ln257_s_reg_2706_reg[54]/D
  -------------------------------------------------------------------    -------------------

                         (clock ap_clk rise edge)    10.000    10.000 r  
                                                      0.000    10.000 r  ap_clk (IN)
                         net (fo=35621, unset)        0.030    10.030    bd_0_i/hls_inst/inst/grp_spmm_stage_fu_164/spmm_compute_U0/ap_clk
                         FDRE                                         r  bd_0_i/hls_inst/inst/grp_spmm_stage_fu_164/spmm_compute_U0/trunc_ln257_s_reg_2706_reg[54]/C
                         clock pessimism              0.000    10.030    
                         clock uncertainty           -0.035     9.995    
                         FDRE (Setup_FDRE_C_D)        0.044    10.039    bd_0_i/hls_inst/inst/grp_spmm_stage_fu_164/spmm_compute_U0/trunc_ln257_s_reg_2706_reg[54]
  -------------------------------------------------------------------
                         required time                         10.039    
                         arrival time                          -2.532    
  -------------------------------------------------------------------
                         slack                                  7.507    

Slack (MET) :             7.517ns  (required time - arrival time)
  Source:                 bd_0_i/hls_inst/inst/grp_spmm_stage_fu_164/col_fifo_U/U_integrated_gcn_fifo_w32_d256_A_ram/mem_reg/CLKARDCLK
                            (rising edge-triggered cell RAMB18E2 clocked by ap_clk  {rise@0.000ns fall@5.000ns period=10.000ns})
  Destination:            bd_0_i/hls_inst/inst/grp_spmm_stage_fu_164/spmm_compute_U0/trunc_ln257_s_reg_2706_reg[52]/D
                            (rising edge-triggered cell FDRE clocked by ap_clk  {rise@0.000ns fall@5.000ns period=10.000ns})
  Path Group:             ap_clk
  Path Type:              Setup (Max at Slow Process Corner)
  Requirement:            10.000ns  (ap_clk rise@10.000ns - ap_clk rise@0.000ns)
  Data Path Delay:        2.414ns  (logic 2.091ns (86.620%)  route 0.323ns (13.380%))
  Logic Levels:           8  (CARRY8=7 LUT2=1)
  Clock Path Skew:        -0.077ns (DCD - SCD + CPR)
    Destination Clock Delay (DCD):    0.030ns = ( 10.030 - 10.000 ) 
    Source Clock Delay      (SCD):    0.107ns
    Clock Pessimism Removal (CPR):    0.000ns
  Clock Uncertainty:      0.035ns  ((TSJ^2 + TIJ^2)^1/2 + DJ) / 2 + PE
    Total System Jitter     (TSJ):    0.071ns
    Total Input Jitter      (TIJ):    0.000ns
    Discrete Jitter          (DJ):    0.000ns
    Phase Error              (PE):    0.000ns

    Location             Delay type                Incr(ns)  Path(ns)    Netlist Resource(s)
  -------------------------------------------------------------------    -------------------
                         (clock ap_clk rise edge)     0.000     0.000 r  
                                                      0.000     0.000 r  ap_clk (IN)
                         net (fo=35621, unset)        0.107     0.107    bd_0_i/hls_inst/inst/grp_spmm_stage_fu_164/col_fifo_U/U_integrated_gcn_fifo_w32_d256_A_ram/ap_clk
                         RAMB18E2                                     r  bd_0_i/hls_inst/inst/grp_spmm_stage_fu_164/col_fifo_U/U_integrated_gcn_fifo_w32_d256_A_ram/mem_reg/CLKARDCLK
  -------------------------------------------------------------------    -------------------
                         RAMB18E2 (Prop_RAMB18E2_CLKARDCLK_DOUTADOUT[0])
                                                      1.208     1.315 r  bd_0_i/hls_inst/inst/grp_spmm_stage_fu_164/col_fifo_U/U_integrated_gcn_fifo_w32_d256_A_ram/mem_reg/DOUTADOUT[0]
                         net (fo=2, unplaced)         0.224     1.539    bd_0_i/hls_inst/inst/grp_spmm_stage_fu_164/spmm_compute_U0/col_fifo_dout[0]
                         LUT2 (Prop_LUT2_I0_O)        0.082     1.621 r  bd_0_i/hls_inst/inst/grp_spmm_stage_fu_164/spmm_compute_U0/trunc_ln257_s_reg_2706[6]_i_8/O
                         net (fo=1, unplaced)         0.030     1.651    bd_0_i/hls_inst/inst/grp_spmm_stage_fu_164/spmm_compute_U0/trunc_ln257_s_reg_2706[6]_i_8_n_4
                         CARRY8 (Prop_CARRY8_S[1]_CO[7])
                                                      0.275     1.926 r  bd_0_i/hls_inst/inst/grp_spmm_stage_fu_164/spmm_compute_U0/trunc_ln257_s_reg_2706_reg[6]_i_1/CO[7]
                         net (fo=1, unplaced)         0.006     1.932    bd_0_i/hls_inst/inst/grp_spmm_stage_fu_164/spmm_compute_U0/trunc_ln257_s_reg_2706_reg[6]_i_1_n_4
                         CARRY8 (Prop_CARRY8_CI_CO[7])
                                                      0.073     2.005 r  bd_0_i/hls_inst/inst/grp_spmm_stage_fu_164/spmm_compute_U0/trunc_ln257_s_reg_2706_reg[14]_i_1/CO[7]
                         net (fo=1, unplaced)         0.006     2.011    bd_0_i/hls_inst/inst/grp_spmm_stage_fu_164/spmm_compute_U0/trunc_ln257_s_reg_2706_reg[14]_i_1_n_4
                         CARRY8 (Prop_CARRY8_CI_CO[7])
                                                      0.073     2.084 r  bd_0_i/hls_inst/inst/grp_spmm_stage_fu_164/spmm_compute_U0/trunc_ln257_s_reg_2706_reg[22]_i_1/CO[7]
                         net (fo=1, unplaced)         0.006     2.090    bd_0_i/hls_inst/inst/grp_spmm_stage_fu_164/spmm_compute_U0/trunc_ln257_s_reg_2706_reg[22]_i_1_n_4
                         CARRY8 (Prop_CARRY8_CI_CO[7])
                                                      0.073     2.163 r  bd_0_i/hls_inst/inst/grp_spmm_stage_fu_164/spmm_compute_U0/trunc_ln257_s_reg_2706_reg[30]_i_1/CO[7]
                         net (fo=1, unplaced)         0.006     2.169    bd_0_i/hls_inst/inst/grp_spmm_stage_fu_164/spmm_compute_U0/trunc_ln257_s_reg_2706_reg[30]_i_1_n_4
                         CARRY8 (Prop_CARRY8_CI_CO[7])
                                                      0.073     2.242 r  bd_0_i/hls_inst/inst/grp_spmm_stage_fu_164/spmm_compute_U0/trunc_ln257_s_reg_2706_reg[38]_i_1/CO[7]
                         net (fo=1, unplaced)         0.006     2.248    bd_0_i/hls_inst/inst/grp_spmm_stage_fu_164/spmm_compute_U0/trunc_ln257_s_reg_2706_reg[38]_i_1_n_4
                         CARRY8 (Prop_CARRY8_CI_CO[7])
                                                      0.073     2.321 r  bd_0_i/hls_inst/inst/grp_spmm_stage_fu_164/spmm_compute_U0/trunc_ln257_s_reg_2706_reg[46]_i_1/CO[7]
                         net (fo=1, unplaced)         0.006     2.327    bd_0_i/hls_inst/inst/grp_spmm_stage_fu_164/spmm_compute_U0/trunc_ln257_s_reg_2706_reg[46]_i_1_n_4
                         CARRY8 (Prop_CARRY8_CI_O[5])
                                                      0.161     2.488 r  bd_0_i/hls_inst/inst/grp_spmm_stage_fu_164/spmm_compute_U0/trunc_ln257_s_reg_2706_reg[54]_i_1/O[5]
                         net (fo=1, unplaced)         0.033     2.521    bd_0_i/hls_inst/inst/grp_spmm_stage_fu_164/spmm_compute_U0/p_0_in[52]
                         FDRE                                         r  bd_0_i/hls_inst/inst/grp_spmm_stage_fu_164/spmm_compute_U0/trunc_ln257_s_reg_2706_reg[52]/D
  -------------------------------------------------------------------    -------------------

                         (clock ap_clk rise edge)    10.000    10.000 r  
                                                      0.000    10.000 r  ap_clk (IN)
                         net (fo=35621, unset)        0.030    10.030    bd_0_i/hls_inst/inst/grp_spmm_stage_fu_164/spmm_compute_U0/ap_clk
                         FDRE                                         r  bd_0_i/hls_inst/inst/grp_spmm_stage_fu_164/spmm_compute_U0/trunc_ln257_s_reg_2706_reg[52]/C
                         clock pessimism              0.000    10.030    
                         clock uncertainty           -0.035     9.995    
                         FDRE (Setup_FDRE_C_D)        0.043    10.038    bd_0_i/hls_inst/inst/grp_spmm_stage_fu_164/spmm_compute_U0/trunc_ln257_s_reg_2706_reg[52]
  -------------------------------------------------------------------
                         required time                         10.038    
                         arrival time                          -2.521    
  -------------------------------------------------------------------
                         slack                                  7.517    

Slack (MET) :             7.520ns  (required time - arrival time)
  Source:                 bd_0_i/hls_inst/inst/grp_spmm_stage_fu_164/col_fifo_U/U_integrated_gcn_fifo_w32_d256_A_ram/mem_reg/CLKARDCLK
                            (rising edge-triggered cell RAMB18E2 clocked by ap_clk  {rise@0.000ns fall@5.000ns period=10.000ns})
  Destination:            bd_0_i/hls_inst/inst/grp_spmm_stage_fu_164/spmm_compute_U0/trunc_ln257_s_reg_2706_reg[53]/D
                            (rising edge-triggered cell FDRE clocked by ap_clk  {rise@0.000ns fall@5.000ns period=10.000ns})
  Path Group:             ap_clk
  Path Type:              Setup (Max at Slow Process Corner)
  Requirement:            10.000ns  (ap_clk rise@10.000ns - ap_clk rise@0.000ns)
  Data Path Delay:        2.411ns  (logic 2.087ns (86.562%)  route 0.324ns (13.438%))
  Logic Levels:           8  (CARRY8=7 LUT2=1)
  Clock Path Skew:        -0.077ns (DCD - SCD + CPR)
    Destination Clock Delay (DCD):    0.030ns = ( 10.030 - 10.000 ) 
    Source Clock Delay      (SCD):    0.107ns
    Clock Pessimism Removal (CPR):    0.000ns
  Clock Uncertainty:      0.035ns  ((TSJ^2 + TIJ^2)^1/2 + DJ) / 2 + PE
    Total System Jitter     (TSJ):    0.071ns
    Total Input Jitter      (TIJ):    0.000ns
    Discrete Jitter          (DJ):    0.000ns
    Phase Error              (PE):    0.000ns

    Location             Delay type                Incr(ns)  Path(ns)    Netlist Resource(s)
  -------------------------------------------------------------------    -------------------
                         (clock ap_clk rise edge)     0.000     0.000 r  
                                                      0.000     0.000 r  ap_clk (IN)
                         net (fo=35621, unset)        0.107     0.107    bd_0_i/hls_inst/inst/grp_spmm_stage_fu_164/col_fifo_U/U_integrated_gcn_fifo_w32_d256_A_ram/ap_clk
                         RAMB18E2                                     r  bd_0_i/hls_inst/inst/grp_spmm_stage_fu_164/col_fifo_U/U_integrated_gcn_fifo_w32_d256_A_ram/mem_reg/CLKARDCLK
  -------------------------------------------------------------------    -------------------
                         RAMB18E2 (Prop_RAMB18E2_CLKARDCLK_DOUTADOUT[0])
                                                      1.208     1.315 r  bd_0_i/hls_inst/inst/grp_spmm_stage_fu_164/col_fifo_U/U_integrated_gcn_fifo_w32_d256_A_ram/mem_reg/DOUTADOUT[0]
                         net (fo=2, unplaced)         0.224     1.539    bd_0_i/hls_inst/inst/grp_spmm_stage_fu_164/spmm_compute_U0/col_fifo_dout[0]
                         LUT2 (Prop_LUT2_I0_O)        0.082     1.621 r  bd_0_i/hls_inst/inst/grp_spmm_stage_fu_164/spmm_compute_U0/trunc_ln257_s_reg_2706[6]_i_8/O
                         net (fo=1, unplaced)         0.030     1.651    bd_0_i/hls_inst/inst/grp_spmm_stage_fu_164/spmm_compute_U0/trunc_ln257_s_reg_2706[6]_i_8_n_4
                         CARRY8 (Prop_CARRY8_S[1]_CO[7])
                                                      0.275     1.926 r  bd_0_i/hls_inst/inst/grp_spmm_stage_fu_164/spmm_compute_U0/trunc_ln257_s_reg_2706_reg[6]_i_1/CO[7]
                         net (fo=1, unplaced)         0.006     1.932    bd_0_i/hls_inst/inst/grp_spmm_stage_fu_164/spmm_compute_U0/trunc_ln257_s_reg_2706_reg[6]_i_1_n_4
                         CARRY8 (Prop_CARRY8_CI_CO[7])
                                                      0.073     2.005 r  bd_0_i/hls_inst/inst/grp_spmm_stage_fu_164/spmm_compute_U0/trunc_ln257_s_reg_2706_reg[14]_i_1/CO[7]
                         net (fo=1, unplaced)         0.006     2.011    bd_0_i/hls_inst/inst/grp_spmm_stage_fu_164/spmm_compute_U0/trunc_ln257_s_reg_2706_reg[14]_i_1_n_4
                         CARRY8 (Prop_CARRY8_CI_CO[7])
                                                      0.073     2.084 r  bd_0_i/hls_inst/inst/grp_spmm_stage_fu_164/spmm_compute_U0/trunc_ln257_s_reg_2706_reg[22]_i_1/CO[7]
                         net (fo=1, unplaced)         0.006     2.090    bd_0_i/hls_inst/inst/grp_spmm_stage_fu_164/spmm_compute_U0/trunc_ln257_s_reg_2706_reg[22]_i_1_n_4
                         CARRY8 (Prop_CARRY8_CI_CO[7])
                                                      0.073     2.163 r  bd_0_i/hls_inst/inst/grp_spmm_stage_fu_164/spmm_compute_U0/trunc_ln257_s_reg_2706_reg[30]_i_1/CO[7]
                         net (fo=1, unplaced)         0.006     2.169    bd_0_i/hls_inst/inst/grp_spmm_stage_fu_164/spmm_compute_U0/trunc_ln257_s_reg_2706_reg[30]_i_1_n_4
                         CARRY8 (Prop_CARRY8_CI_CO[7])
                                                      0.073     2.242 r  bd_0_i/hls_inst/inst/grp_spmm_stage_fu_164/spmm_compute_U0/trunc_ln257_s_reg_2706_reg[38]_i_1/CO[7]
                         net (fo=1, unplaced)         0.006     2.248    bd_0_i/hls_inst/inst/grp_spmm_stage_fu_164/spmm_compute_U0/trunc_ln257_s_reg_2706_reg[38]_i_1_n_4
                         CARRY8 (Prop_CARRY8_CI_CO[7])
                                                      0.073     2.321 r  bd_0_i/hls_inst/inst/grp_spmm_stage_fu_164/spmm_compute_U0/trunc_ln257_s_reg_2706_reg[46]_i_1/CO[7]
                         net (fo=1, unplaced)         0.006     2.327    bd_0_i/hls_inst/inst/grp_spmm_stage_fu_164/spmm_compute_U0/trunc_ln257_s_reg_2706_reg[46]_i_1_n_4
                         CARRY8 (Prop_CARRY8_CI_O[6])
                                                      0.157     2.484 r  bd_0_i/hls_inst/inst/grp_spmm_stage_fu_164/spmm_compute_U0/trunc_ln257_s_reg_2706_reg[54]_i_1/O[6]
                         net (fo=1, unplaced)         0.034     2.518    bd_0_i/hls_inst/inst/grp_spmm_stage_fu_164/spmm_compute_U0/p_0_in[53]
                         FDRE                                         r  bd_0_i/hls_inst/inst/grp_spmm_stage_fu_164/spmm_compute_U0/trunc_ln257_s_reg_2706_reg[53]/D
  -------------------------------------------------------------------    -------------------

                         (clock ap_clk rise edge)    10.000    10.000 r  
                                                      0.000    10.000 r  ap_clk (IN)
                         net (fo=35621, unset)        0.030    10.030    bd_0_i/hls_inst/inst/grp_spmm_stage_fu_164/spmm_compute_U0/ap_clk
                         FDRE                                         r  bd_0_i/hls_inst/inst/grp_spmm_stage_fu_164/spmm_compute_U0/trunc_ln257_s_reg_2706_reg[53]/C
                         clock pessimism              0.000    10.030    
                         clock uncertainty           -0.035     9.995    
                         FDRE (Setup_FDRE_C_D)        0.043    10.038    bd_0_i/hls_inst/inst/grp_spmm_stage_fu_164/spmm_compute_U0/trunc_ln257_s_reg_2706_reg[53]
  -------------------------------------------------------------------
                         required time                         10.038    
                         arrival time                          -2.518    
  -------------------------------------------------------------------
                         slack                                  7.520    

Slack (MET) :             7.523ns  (required time - arrival time)
  Source:                 bd_0_i/hls_inst/inst/grp_spmm_stage_fu_164/col_fifo_U/U_integrated_gcn_fifo_w32_d256_A_ram/mem_reg/CLKARDCLK
                            (rising edge-triggered cell RAMB18E2 clocked by ap_clk  {rise@0.000ns fall@5.000ns period=10.000ns})
  Destination:            bd_0_i/hls_inst/inst/grp_spmm_stage_fu_164/spmm_compute_U0/trunc_ln257_s_reg_2706_reg[55]/D
                            (rising edge-triggered cell FDRE clocked by ap_clk  {rise@0.000ns fall@5.000ns period=10.000ns})
  Path Group:             ap_clk
  Path Type:              Setup (Max at Slow Process Corner)
  Requirement:            10.000ns  (ap_clk rise@10.000ns - ap_clk rise@0.000ns)
  Data Path Delay:        2.409ns  (logic 2.081ns (86.384%)  route 0.328ns (13.616%))
  Logic Levels:           9  (CARRY8=8 LUT2=1)
  Clock Path Skew:        -0.077ns (DCD - SCD + CPR)
    Destination Clock Delay (DCD):    0.030ns = ( 10.030 - 10.000 ) 
    Source Clock Delay      (SCD):    0.107ns
    Clock Pessimism Removal (CPR):    0.000ns
  Clock Uncertainty:      0.035ns  ((TSJ^2 + TIJ^2)^1/2 + DJ) / 2 + PE
    Total System Jitter     (TSJ):    0.071ns
    Total Input Jitter      (TIJ):    0.000ns
    Discrete Jitter          (DJ):    0.000ns
    Phase Error              (PE):    0.000ns

    Location             Delay type                Incr(ns)  Path(ns)    Netlist Resource(s)
  -------------------------------------------------------------------    -------------------
                         (clock ap_clk rise edge)     0.000     0.000 r  
                                                      0.000     0.000 r  ap_clk (IN)
                         net (fo=35621, unset)        0.107     0.107    bd_0_i/hls_inst/inst/grp_spmm_stage_fu_164/col_fifo_U/U_integrated_gcn_fifo_w32_d256_A_ram/ap_clk
                         RAMB18E2                                     r  bd_0_i/hls_inst/inst/grp_spmm_stage_fu_164/col_fifo_U/U_integrated_gcn_fifo_w32_d256_A_ram/mem_reg/CLKARDCLK
  -------------------------------------------------------------------    -------------------
                         RAMB18E2 (Prop_RAMB18E2_CLKARDCLK_DOUTADOUT[0])
                                                      1.208     1.315 r  bd_0_i/hls_inst/inst/grp_spmm_stage_fu_164/col_fifo_U/U_integrated_gcn_fifo_w32_d256_A_ram/mem_reg/DOUTADOUT[0]
                         net (fo=2, unplaced)         0.224     1.539    bd_0_i/hls_inst/inst/grp_spmm_stage_fu_164/spmm_compute_U0/col_fifo_dout[0]
                         LUT2 (Prop_LUT2_I0_O)        0.082     1.621 r  bd_0_i/hls_inst/inst/grp_spmm_stage_fu_164/spmm_compute_U0/trunc_ln257_s_reg_2706[6]_i_8/O
                         net (fo=1, unplaced)         0.030     1.651    bd_0_i/hls_inst/inst/grp_spmm_stage_fu_164/spmm_compute_U0/trunc_ln257_s_reg_2706[6]_i_8_n_4
                         CARRY8 (Prop_CARRY8_S[1]_CO[7])
                                                      0.275     1.926 r  bd_0_i/hls_inst/inst/grp_spmm_stage_fu_164/spmm_compute_U0/trunc_ln257_s_reg_2706_reg[6]_i_1/CO[7]
                         net (fo=1, unplaced)         0.006     1.932    bd_0_i/hls_inst/inst/grp_spmm_stage_fu_164/spmm_compute_U0/trunc_ln257_s_reg_2706_reg[6]_i_1_n_4
                         CARRY8 (Prop_CARRY8_CI_CO[7])
                                                      0.073     2.005 r  bd_0_i/hls_inst/inst/grp_spmm_stage_fu_164/spmm_compute_U0/trunc_ln257_s_reg_2706_reg[14]_i_1/CO[7]
                         net (fo=1, unplaced)         0.006     2.011    bd_0_i/hls_inst/inst/grp_spmm_stage_fu_164/spmm_compute_U0/trunc_ln257_s_reg_2706_reg[14]_i_1_n_4
                         CARRY8 (Prop_CARRY8_CI_CO[7])
                                                      0.073     2.084 r  bd_0_i/hls_inst/inst/grp_spmm_stage_fu_164/spmm_compute_U0/trunc_ln257_s_reg_2706_reg[22]_i_1/CO[7]
                         net (fo=1, unplaced)         0.006     2.090    bd_0_i/hls_inst/inst/grp_spmm_stage_fu_164/spmm_compute_U0/trunc_ln257_s_reg_2706_reg[22]_i_1_n_4
                         CARRY8 (Prop_CARRY8_CI_CO[7])
                                                      0.073     2.163 r  bd_0_i/hls_inst/inst/grp_spmm_stage_fu_164/spmm_compute_U0/trunc_ln257_s_reg_2706_reg[30]_i_1/CO[7]
                         net (fo=1, unplaced)         0.006     2.169    bd_0_i/hls_inst/inst/grp_spmm_stage_fu_164/spmm_compute_U0/trunc_ln257_s_reg_2706_reg[30]_i_1_n_4
                         CARRY8 (Prop_CARRY8_CI_CO[7])
                                                      0.073     2.242 r  bd_0_i/hls_inst/inst/grp_spmm_stage_fu_164/spmm_compute_U0/trunc_ln257_s_reg_2706_reg[38]_i_1/CO[7]
                         net (fo=1, unplaced)         0.006     2.248    bd_0_i/hls_inst/inst/grp_spmm_stage_fu_164/spmm_compute_U0/trunc_ln257_s_reg_2706_reg[38]_i_1_n_4
                         CARRY8 (Prop_CARRY8_CI_CO[7])
                                                      0.073     2.321 r  bd_0_i/hls_inst/inst/grp_spmm_stage_fu_164/spmm_compute_U0/trunc_ln257_s_reg_2706_reg[46]_i_1/CO[7]
                         net (fo=1, unplaced)         0.006     2.327    bd_0_i/hls_inst/inst/grp_spmm_stage_fu_164/spmm_compute_U0/trunc_ln257_s_reg_2706_reg[46]_i_1_n_4
                         CARRY8 (Prop_CARRY8_CI_CO[7])
                                                      0.073     2.400 r  bd_0_i/hls_inst/inst/grp_spmm_stage_fu_164/spmm_compute_U0/trunc_ln257_s_reg_2706_reg[54]_i_1/CO[7]
                         net (fo=1, unplaced)         0.006     2.406    bd_0_i/hls_inst/inst/grp_spmm_stage_fu_164/spmm_compute_U0/trunc_ln257_s_reg_2706_reg[54]_i_1_n_4
                         CARRY8 (Prop_CARRY8_CI_O[0])
                                                      0.078     2.484 r  bd_0_i/hls_inst/inst/grp_spmm_stage_fu_164/spmm_compute_U0/trunc_ln257_s_reg_2706_reg[57]_i_1/O[0]
                         net (fo=1, unplaced)         0.032     2.516    bd_0_i/hls_inst/inst/grp_spmm_stage_fu_164/spmm_compute_U0/p_0_in[55]
                         FDRE                                         r  bd_0_i/hls_inst/inst/grp_spmm_stage_fu_164/spmm_compute_U0/trunc_ln257_s_reg_2706_reg[55]/D
  -------------------------------------------------------------------    -------------------

                         (clock ap_clk rise edge)    10.000    10.000 r  
                                                      0.000    10.000 r  ap_clk (IN)
                         net (fo=35621, unset)        0.030    10.030    bd_0_i/hls_inst/inst/grp_spmm_stage_fu_164/spmm_compute_U0/ap_clk
                         FDRE                                         r  bd_0_i/hls_inst/inst/grp_spmm_stage_fu_164/spmm_compute_U0/trunc_ln257_s_reg_2706_reg[55]/C
                         clock pessimism              0.000    10.030    
                         clock uncertainty           -0.035     9.995    
                         FDRE (Setup_FDRE_C_D)        0.044    10.039    bd_0_i/hls_inst/inst/grp_spmm_stage_fu_164/spmm_compute_U0/trunc_ln257_s_reg_2706_reg[55]
  -------------------------------------------------------------------
                         required time                         10.039    
                         arrival time                          -2.516    
  -------------------------------------------------------------------
                         slack                                  7.523    

Slack (MET) :             7.545ns  (required time - arrival time)
  Source:                 bd_0_i/hls_inst/inst/grp_spmm_stage_fu_164/spmm_store_U0/d_fu_106_reg[4]/C
                            (rising edge-triggered cell FDRE clocked by ap_clk  {rise@0.000ns fall@5.000ns period=10.000ns})
  Destination:            bd_0_i/hls_inst/inst/grp_spmm_stage_fu_164/spmm_store_U0/trunc_ln297_s_reg_382_reg[56]/D
                            (rising edge-triggered cell FDRE clocked by ap_clk  {rise@0.000ns fall@5.000ns period=10.000ns})
  Path Group:             ap_clk
  Path Type:              Setup (Max at Slow Process Corner)
  Requirement:            10.000ns  (ap_clk rise@10.000ns - ap_clk rise@0.000ns)
  Data Path Delay:        2.452ns  (logic 1.309ns (53.385%)  route 1.143ns (46.615%))
  Logic Levels:           12  (CARRY8=7 LUT2=1 LUT6=4)
  Clock Path Skew:        -0.011ns (DCD - SCD + CPR)
    Destination Clock Delay (DCD):    0.030ns = ( 10.030 - 10.000 ) 
    Source Clock Delay      (SCD):    0.041ns
    Clock Pessimism Removal (CPR):    0.000ns
  Clock Uncertainty:      0.035ns  ((TSJ^2 + TIJ^2)^1/2 + DJ) / 2 + PE
    Total System Jitter     (TSJ):    0.071ns
    Total Input Jitter      (TIJ):    0.000ns
    Discrete Jitter          (DJ):    0.000ns
    Phase Error              (PE):    0.000ns

    Location             Delay type                Incr(ns)  Path(ns)    Netlist Resource(s)
  -------------------------------------------------------------------    -------------------
                         (clock ap_clk rise edge)     0.000     0.000 r  
                                                      0.000     0.000 r  ap_clk (IN)
                         net (fo=35621, unset)        0.041     0.041    bd_0_i/hls_inst/inst/grp_spmm_stage_fu_164/spmm_store_U0/ap_clk
                         FDRE                                         r  bd_0_i/hls_inst/inst/grp_spmm_stage_fu_164/spmm_store_U0/d_fu_106_reg[4]/C
  -------------------------------------------------------------------    -------------------
                         FDRE (Prop_FDRE_C_Q)         0.114     0.155 f  bd_0_i/hls_inst/inst/grp_spmm_stage_fu_164/spmm_store_U0/d_fu_106_reg[4]/Q
                         net (fo=6, unplaced)         0.196     0.351    bd_0_i/hls_inst/inst/grp_spmm_stage_fu_164/spmm_store_U0/d_fu_106_reg_n_4_[4]
                         LUT6 (Prop_LUT6_I0_O)        0.225     0.576 f  bd_0_i/hls_inst/inst/grp_spmm_stage_fu_164/spmm_store_U0/d_fu_106[6]_i_4/O
                         net (fo=8, unplaced)         0.176     0.752    bd_0_i/hls_inst/inst/grp_spmm_stage_fu_164/spmm_store_U0/flow_control_loop_pipe_U/i_fu_114_reg[2]
                         LUT6 (Prop_LUT6_I1_O)        0.082     0.834 r  bd_0_i/hls_inst/inst/grp_spmm_stage_fu_164/spmm_store_U0/flow_control_loop_pipe_U/i_fu_114[6]_i_2/O
                         net (fo=5, unplaced)         0.229     1.063    bd_0_i/hls_inst/inst/grp_spmm_stage_fu_164/spmm_store_U0/flow_control_loop_pipe_U/i_fu_114[6]_i_2_n_4
                         LUT6 (Prop_LUT6_I2_O)        0.058     1.121 r  bd_0_i/hls_inst/inst/grp_spmm_stage_fu_164/spmm_store_U0/flow_control_loop_pipe_U/i_fu_114[11]_i_2/O
                         net (fo=7, unplaced)         0.236     1.357    bd_0_i/hls_inst/inst/grp_spmm_stage_fu_164/spmm_store_U0/flow_control_loop_pipe_U/i_fu_114[11]_i_2_n_4
                         LUT6 (Prop_LUT6_I0_O)        0.058     1.415 r  bd_0_i/hls_inst/inst/grp_spmm_stage_fu_164/spmm_store_U0/flow_control_loop_pipe_U/i_fu_114[11]_i_1/O
                         net (fo=2, unplaced)         0.211     1.626    bd_0_i/hls_inst/inst/grp_spmm_stage_fu_164/spmm_store_U0/flow_control_loop_pipe_U/select_ln289_fu_210_p3[11]
                         LUT2 (Prop_LUT2_I0_O)        0.057     1.683 r  bd_0_i/hls_inst/inst/grp_spmm_stage_fu_164/spmm_store_U0/flow_control_loop_pipe_U/trunc_ln297_s_reg_382[14]_i_2/O
                         net (fo=1, unplaced)         0.026     1.709    bd_0_i/hls_inst/inst/grp_spmm_stage_fu_164/spmm_store_U0/flow_control_loop_pipe_U/trunc_ln297_s_reg_382[14]_i_2_n_4
                         CARRY8 (Prop_CARRY8_S[4]_CO[7])
                                                      0.244     1.953 r  bd_0_i/hls_inst/inst/grp_spmm_stage_fu_164/spmm_store_U0/flow_control_loop_pipe_U/trunc_ln297_s_reg_382_reg[14]_i_1/CO[7]
                         net (fo=1, unplaced)         0.006     1.959    bd_0_i/hls_inst/inst/grp_spmm_stage_fu_164/spmm_store_U0/flow_control_loop_pipe_U/trunc_ln297_s_reg_382_reg[14]_i_1_n_4
                         CARRY8 (Prop_CARRY8_CI_CO[7])
                                                      0.073     2.032 r  bd_0_i/hls_inst/inst/grp_spmm_stage_fu_164/spmm_store_U0/flow_control_loop_pipe_U/trunc_ln297_s_reg_382_reg[22]_i_1/CO[7]
                         net (fo=1, unplaced)         0.006     2.038    bd_0_i/hls_inst/inst/grp_spmm_stage_fu_164/spmm_store_U0/flow_control_loop_pipe_U/trunc_ln297_s_reg_382_reg[22]_i_1_n_4
                         CARRY8 (Prop_CARRY8_CI_CO[7])
                                                      0.073     2.111 r  bd_0_i/hls_inst/inst/grp_spmm_stage_fu_164/spmm_store_U0/flow_control_loop_pipe_U/trunc_ln297_s_reg_382_reg[30]_i_1/CO[7]
                         net (fo=1, unplaced)         0.006     2.117    bd_0_i/hls_inst/inst/grp_spmm_stage_fu_164/spmm_store_U0/flow_control_loop_pipe_U/trunc_ln297_s_reg_382_reg[30]_i_1_n_4
                         CARRY8 (Prop_CARRY8_CI_CO[7])
                                                      0.073     2.190 r  bd_0_i/hls_inst/inst/grp_spmm_stage_fu_164/spmm_store_U0/flow_control_loop_pipe_U/trunc_ln297_s_reg_382_reg[38]_i_1/CO[7]
                         net (fo=1, unplaced)         0.006     2.196    bd_0_i/hls_inst/inst/grp_spmm_stage_fu_164/spmm_store_U0/flow_control_loop_pipe_U/trunc_ln297_s_reg_382_reg[38]_i_1_n_4
                         CARRY8 (Prop_CARRY8_CI_CO[7])
                                                      0.073     2.269 r  bd_0_i/hls_inst/inst/grp_spmm_stage_fu_164/spmm_store_U0/flow_control_loop_pipe_U/trunc_ln297_s_reg_382_reg[46]_i_1/CO[7]
                         net (fo=1, unplaced)         0.006     2.275    bd_0_i/hls_inst/inst/grp_spmm_stage_fu_164/spmm_store_U0/flow_control_loop_pipe_U/trunc_ln297_s_reg_382_reg[46]_i_1_n_4
                         CARRY8 (Prop_CARRY8_CI_CO[7])
                                                      0.073     2.348 r  bd_0_i/hls_inst/inst/grp_spmm_stage_fu_164/spmm_store_U0/flow_control_loop_pipe_U/trunc_ln297_s_reg_382_reg[54]_i_1/CO[7]
                         net (fo=1, unplaced)         0.006     2.354    bd_0_i/hls_inst/inst/grp_spmm_stage_fu_164/spmm_store_U0/flow_control_loop_pipe_U/trunc_ln297_s_reg_382_reg[54]_i_1_n_4
                         CARRY8 (Prop_CARRY8_CI_O[1])
                                                      0.106     2.460 r  bd_0_i/hls_inst/inst/grp_spmm_stage_fu_164/spmm_store_U0/flow_control_loop_pipe_U/trunc_ln297_s_reg_382_reg[57]_i_1/O[1]
                         net (fo=1, unplaced)         0.033     2.493    bd_0_i/hls_inst/inst/grp_spmm_stage_fu_164/spmm_store_U0/p_0_in_0[56]
                         FDRE                                         r  bd_0_i/hls_inst/inst/grp_spmm_stage_fu_164/spmm_store_U0/trunc_ln297_s_reg_382_reg[56]/D
  -------------------------------------------------------------------    -------------------

                         (clock ap_clk rise edge)    10.000    10.000 r  
                                                      0.000    10.000 r  ap_clk (IN)
                         net (fo=35621, unset)        0.030    10.030    bd_0_i/hls_inst/inst/grp_spmm_stage_fu_164/spmm_store_U0/ap_clk
                         FDRE                                         r  bd_0_i/hls_inst/inst/grp_spmm_stage_fu_164/spmm_store_U0/trunc_ln297_s_reg_382_reg[56]/C
                         clock pessimism              0.000    10.030    
                         clock uncertainty           -0.035     9.995    
                         FDRE (Setup_FDRE_C_D)        0.043    10.038    bd_0_i/hls_inst/inst/grp_spmm_stage_fu_164/spmm_store_U0/trunc_ln297_s_reg_382_reg[56]
  -------------------------------------------------------------------
                         required time                         10.038    
                         arrival time                          -2.493    
  -------------------------------------------------------------------
                         slack                                  7.545    

Slack (MET) :             7.550ns  (required time - arrival time)
  Source:                 bd_0_i/hls_inst/inst/grp_gemm_stage_fu_148/gemm_read_X_U0/indvar_flatten_fu_100_reg[6]/C
                            (rising edge-triggered cell FDRE clocked by ap_clk  {rise@0.000ns fall@5.000ns period=10.000ns})
  Destination:            bd_0_i/hls_inst/inst/grp_gemm_stage_fu_148/gemm_read_X_U0/mac_muladd_11ns_6ns_6ns_16_4_1_U1/integrated_gcn_mac_muladd_11ns_6ns_6ns_16_4_1_DSP48_0_U/p_reg_reg/DSP_A_B_DATA_INST/A[0]
                            (rising edge-triggered cell DSP_A_B_DATA clocked by ap_clk  {rise@0.000ns fall@5.000ns period=10.000ns})
  Path Group:             ap_clk
  Path Type:              Setup (Max at Slow Process Corner)
  Requirement:            10.000ns  (ap_clk rise@10.000ns - ap_clk rise@0.000ns)
  Data Path Delay:        1.864ns  (logic 0.557ns (29.882%)  route 1.307ns (70.118%))
  Logic Levels:           5  (LUT2=2 LUT4=1 LUT5=1 LUT6=1)
  Clock Path Skew:        0.014ns (DCD - SCD + CPR)
    Destination Clock Delay (DCD):    0.055ns = ( 10.055 - 10.000 ) 
    Source Clock Delay      (SCD):    0.041ns
    Clock Pessimism Removal (CPR):    0.000ns
  Clock Uncertainty:      0.035ns  ((TSJ^2 + TIJ^2)^1/2 + DJ) / 2 + PE
    Total System Jitter     (TSJ):    0.071ns
    Total Input Jitter      (TIJ):    0.000ns
    Discrete Jitter          (DJ):    0.000ns
    Phase Error              (PE):    0.000ns

    Location             Delay type                Incr(ns)  Path(ns)    Netlist Resource(s)
  -------------------------------------------------------------------    -------------------
                         (clock ap_clk rise edge)     0.000     0.000 r  
                                                      0.000     0.000 r  ap_clk (IN)
                         net (fo=35621, unset)        0.041     0.041    bd_0_i/hls_inst/inst/grp_gemm_stage_fu_148/gemm_read_X_U0/ap_clk
                         FDRE                                         r  bd_0_i/hls_inst/inst/grp_gemm_stage_fu_148/gemm_read_X_U0/indvar_flatten_fu_100_reg[6]/C
  -------------------------------------------------------------------    -------------------
                         FDRE (Prop_FDRE_C_Q)         0.114     0.155 f  bd_0_i/hls_inst/inst/grp_gemm_stage_fu_148/gemm_read_X_U0/indvar_flatten_fu_100_reg[6]/Q
                         net (fo=6, unplaced)         0.128     0.283    bd_0_i/hls_inst/inst/grp_gemm_stage_fu_148/gemm_read_X_U0/mac_muladd_11ns_6ns_6ns_16_4_1_U1/integrated_gcn_mac_muladd_11ns_6ns_6ns_16_4_1_DSP48_0_U/Q[3]
                         LUT4 (Prop_LUT4_I1_O)        0.137     0.420 f  bd_0_i/hls_inst/inst/grp_gemm_stage_fu_148/gemm_read_X_U0/mac_muladd_11ns_6ns_6ns_16_4_1_U1/integrated_gcn_mac_muladd_11ns_6ns_6ns_16_4_1_DSP48_0_U/icmp_ln37_reg_422[0]_i_4/O
                         net (fo=1, unplaced)         0.211     0.631    bd_0_i/hls_inst/inst/grp_gemm_stage_fu_148/gemm_read_X_U0/mac_muladd_11ns_6ns_6ns_16_4_1_U1/integrated_gcn_mac_muladd_11ns_6ns_6ns_16_4_1_DSP48_0_U/icmp_ln37_reg_422[0]_i_4_n_4
                         LUT5 (Prop_LUT5_I4_O)        0.058     0.689 f  bd_0_i/hls_inst/inst/grp_gemm_stage_fu_148/gemm_read_X_U0/mac_muladd_11ns_6ns_6ns_16_4_1_U1/integrated_gcn_mac_muladd_11ns_6ns_6ns_16_4_1_DSP48_0_U/icmp_ln37_reg_422[0]_i_2/O
                         net (fo=2, unplaced)         0.211     0.900    bd_0_i/hls_inst/inst/grp_gemm_stage_fu_148/gemm_read_X_U0/flow_control_loop_pipe_U/icmp_ln37_reg_422_reg[0]
                         LUT6 (Prop_LUT6_I1_O)        0.058     0.958 f  bd_0_i/hls_inst/inst/grp_gemm_stage_fu_148/gemm_read_X_U0/flow_control_loop_pipe_U/p_reg_reg_i_19__3/O
                         net (fo=23, unplaced)        0.263     1.221    bd_0_i/hls_inst/inst/grp_gemm_stage_fu_148/gemm_read_X_U0/flow_control_loop_pipe_U/p_reg_reg_i_19__3_n_4
                         LUT2 (Prop_LUT2_I1_O)        0.095     1.316 f  bd_0_i/hls_inst/inst/grp_gemm_stage_fu_148/gemm_read_X_U0/flow_control_loop_pipe_U/p_reg_reg_i_22__3/O
                         net (fo=13, unplaced)        0.250     1.566    bd_0_i/hls_inst/inst/grp_gemm_stage_fu_148/gemm_read_X_U0/flow_control_loop_pipe_U/p_reg_reg_i_22__3_n_4
                         LUT2 (Prop_LUT2_I1_O)        0.095     1.661 r  bd_0_i/hls_inst/inst/grp_gemm_stage_fu_148/gemm_read_X_U0/flow_control_loop_pipe_U/p_reg_reg_i_11__3/O
                         net (fo=1, unplaced)         0.244     1.905    bd_0_i/hls_inst/inst/grp_gemm_stage_fu_148/gemm_read_X_U0/mac_muladd_11ns_6ns_6ns_16_4_1_U1/integrated_gcn_mac_muladd_11ns_6ns_6ns_16_4_1_DSP48_0_U/p_reg_reg/A[0]
                         DSP_A_B_DATA                                 r  bd_0_i/hls_inst/inst/grp_gemm_stage_fu_148/gemm_read_X_U0/mac_muladd_11ns_6ns_6ns_16_4_1_U1/integrated_gcn_mac_muladd_11ns_6ns_6ns_16_4_1_DSP48_0_U/p_reg_reg/DSP_A_B_DATA_INST/A[0]
  -------------------------------------------------------------------    -------------------

                         (clock ap_clk rise edge)    10.000    10.000 r  
                                                      0.000    10.000 r  ap_clk (IN)
                         net (fo=35621, unset)        0.055    10.055    bd_0_i/hls_inst/inst/grp_gemm_stage_fu_148/gemm_read_X_U0/mac_muladd_11ns_6ns_6ns_16_4_1_U1/integrated_gcn_mac_muladd_11ns_6ns_6ns_16_4_1_DSP48_0_U/p_reg_reg/CLK
                         DSP_A_B_DATA                                 r  bd_0_i/hls_inst/inst/grp_gemm_stage_fu_148/gemm_read_X_U0/mac_muladd_11ns_6ns_6ns_16_4_1_U1/integrated_gcn_mac_muladd_11ns_6ns_6ns_16_4_1_DSP48_0_U/p_reg_reg/DSP_A_B_DATA_INST/CLK
                         clock pessimism              0.000    10.055    
                         clock uncertainty           -0.035    10.020    
                         DSP_A_B_DATA (Setup_DSP_A_B_DATA_CLK_A[0])
                                                     -0.565     9.455    bd_0_i/hls_inst/inst/grp_gemm_stage_fu_148/gemm_read_X_U0/mac_muladd_11ns_6ns_6ns_16_4_1_U1/integrated_gcn_mac_muladd_11ns_6ns_6ns_16_4_1_DSP48_0_U/p_reg_reg/DSP_A_B_DATA_INST
  -------------------------------------------------------------------
                         required time                          9.455    
                         arrival time                          -1.905    
  -------------------------------------------------------------------
                         slack                                  7.550    

Slack (MET) :             7.557ns  (required time - arrival time)
  Source:                 bd_0_i/hls_inst/inst/grp_spmm_stage_fu_164/spmm_store_U0/d_fu_106_reg[4]/C
                            (rising edge-triggered cell FDRE clocked by ap_clk  {rise@0.000ns fall@5.000ns period=10.000ns})
  Destination:            bd_0_i/hls_inst/inst/grp_spmm_stage_fu_164/spmm_store_U0/trunc_ln297_s_reg_382_reg[57]/D
                            (rising edge-triggered cell FDRE clocked by ap_clk  {rise@0.000ns fall@5.000ns period=10.000ns})
  Path Group:             ap_clk
  Path Type:              Setup (Max at Slow Process Corner)
  Requirement:            10.000ns  (ap_clk rise@10.000ns - ap_clk rise@0.000ns)
  Data Path Delay:        2.440ns  (logic 1.296ns (53.115%)  route 1.144ns (46.885%))
  Logic Levels:           12  (CARRY8=7 LUT2=1 LUT6=4)
  Clock Path Skew:        -0.011ns (DCD - SCD + CPR)
    Destination Clock Delay (DCD):    0.030ns = ( 10.030 - 10.000 ) 
    Source Clock Delay      (SCD):    0.041ns
    Clock Pessimism Removal (CPR):    0.000ns
  Clock Uncertainty:      0.035ns  ((TSJ^2 + TIJ^2)^1/2 + DJ) / 2 + PE
    Total System Jitter     (TSJ):    0.071ns
    Total Input Jitter      (TIJ):    0.000ns
    Discrete Jitter          (DJ):    0.000ns
    Phase Error              (PE):    0.000ns

    Location             Delay type                Incr(ns)  Path(ns)    Netlist Resource(s)
  -------------------------------------------------------------------    -------------------
                         (clock ap_clk rise edge)     0.000     0.000 r  
                                                      0.000     0.000 r  ap_clk (IN)
                         net (fo=35621, unset)        0.041     0.041    bd_0_i/hls_inst/inst/grp_spmm_stage_fu_164/spmm_store_U0/ap_clk
                         FDRE                                         r  bd_0_i/hls_inst/inst/grp_spmm_stage_fu_164/spmm_store_U0/d_fu_106_reg[4]/C
  -------------------------------------------------------------------    -------------------
                         FDRE (Prop_FDRE_C_Q)         0.114     0.155 f  bd_0_i/hls_inst/inst/grp_spmm_stage_fu_164/spmm_store_U0/d_fu_106_reg[4]/Q
                         net (fo=6, unplaced)         0.196     0.351    bd_0_i/hls_inst/inst/grp_spmm_stage_fu_164/spmm_store_U0/d_fu_106_reg_n_4_[4]
                         LUT6 (Prop_LUT6_I0_O)        0.225     0.576 f  bd_0_i/hls_inst/inst/grp_spmm_stage_fu_164/spmm_store_U0/d_fu_106[6]_i_4/O
                         net (fo=8, unplaced)         0.176     0.752    bd_0_i/hls_inst/inst/grp_spmm_stage_fu_164/spmm_store_U0/flow_control_loop_pipe_U/i_fu_114_reg[2]
                         LUT6 (Prop_LUT6_I1_O)        0.082     0.834 r  bd_0_i/hls_inst/inst/grp_spmm_stage_fu_164/spmm_store_U0/flow_control_loop_pipe_U/i_fu_114[6]_i_2/O
                         net (fo=5, unplaced)         0.229     1.063    bd_0_i/hls_inst/inst/grp_spmm_stage_fu_164/spmm_store_U0/flow_control_loop_pipe_U/i_fu_114[6]_i_2_n_4
                         LUT6 (Prop_LUT6_I2_O)        0.058     1.121 r  bd_0_i/hls_inst/inst/grp_spmm_stage_fu_164/spmm_store_U0/flow_control_loop_pipe_U/i_fu_114[11]_i_2/O
                         net (fo=7, unplaced)         0.236     1.357    bd_0_i/hls_inst/inst/grp_spmm_stage_fu_164/spmm_store_U0/flow_control_loop_pipe_U/i_fu_114[11]_i_2_n_4
                         LUT6 (Prop_LUT6_I0_O)        0.058     1.415 r  bd_0_i/hls_inst/inst/grp_spmm_stage_fu_164/spmm_store_U0/flow_control_loop_pipe_U/i_fu_114[11]_i_1/O
                         net (fo=2, unplaced)         0.211     1.626    bd_0_i/hls_inst/inst/grp_spmm_stage_fu_164/spmm_store_U0/flow_control_loop_pipe_U/select_ln289_fu_210_p3[11]
                         LUT2 (Prop_LUT2_I0_O)        0.057     1.683 r  bd_0_i/hls_inst/inst/grp_spmm_stage_fu_164/spmm_store_U0/flow_control_loop_pipe_U/trunc_ln297_s_reg_382[14]_i_2/O
                         net (fo=1, unplaced)         0.026     1.709    bd_0_i/hls_inst/inst/grp_spmm_stage_fu_164/spmm_store_U0/flow_control_loop_pipe_U/trunc_ln297_s_reg_382[14]_i_2_n_4
                         CARRY8 (Prop_CARRY8_S[4]_CO[7])
                                                      0.244     1.953 r  bd_0_i/hls_inst/inst/grp_spmm_stage_fu_164/spmm_store_U0/flow_control_loop_pipe_U/trunc_ln297_s_reg_382_reg[14]_i_1/CO[7]
                         net (fo=1, unplaced)         0.006     1.959    bd_0_i/hls_inst/inst/grp_spmm_stage_fu_164/spmm_store_U0/flow_control_loop_pipe_U/trunc_ln297_s_reg_382_reg[14]_i_1_n_4
                         CARRY8 (Prop_CARRY8_CI_CO[7])
                                                      0.073     2.032 r  bd_0_i/hls_inst/inst/grp_spmm_stage_fu_164/spmm_store_U0/flow_control_loop_pipe_U/trunc_ln297_s_reg_382_reg[22]_i_1/CO[7]
                         net (fo=1, unplaced)         0.006     2.038    bd_0_i/hls_inst/inst/grp_spmm_stage_fu_164/spmm_store_U0/flow_control_loop_pipe_U/trunc_ln297_s_reg_382_reg[22]_i_1_n_4
                         CARRY8 (Prop_CARRY8_CI_CO[7])
                                                      0.073     2.111 r  bd_0_i/hls_inst/inst/grp_spmm_stage_fu_164/spmm_store_U0/flow_control_loop_pipe_U/trunc_ln297_s_reg_382_reg[30]_i_1/CO[7]
                         net (fo=1, unplaced)         0.006     2.117    bd_0_i/hls_inst/inst/grp_spmm_stage_fu_164/spmm_store_U0/flow_control_loop_pipe_U/trunc_ln297_s_reg_382_reg[30]_i_1_n_4
                         CARRY8 (Prop_CARRY8_CI_CO[7])
                                                      0.073     2.190 r  bd_0_i/hls_inst/inst/grp_spmm_stage_fu_164/spmm_store_U0/flow_control_loop_pipe_U/trunc_ln297_s_reg_382_reg[38]_i_1/CO[7]
                         net (fo=1, unplaced)         0.006     2.196    bd_0_i/hls_inst/inst/grp_spmm_stage_fu_164/spmm_store_U0/flow_control_loop_pipe_U/trunc_ln297_s_reg_382_reg[38]_i_1_n_4
                         CARRY8 (Prop_CARRY8_CI_CO[7])
                                                      0.073     2.269 r  bd_0_i/hls_inst/inst/grp_spmm_stage_fu_164/spmm_store_U0/flow_control_loop_pipe_U/trunc_ln297_s_reg_382_reg[46]_i_1/CO[7]
                         net (fo=1, unplaced)         0.006     2.275    bd_0_i/hls_inst/inst/grp_spmm_stage_fu_164/spmm_store_U0/flow_control_loop_pipe_U/trunc_ln297_s_reg_382_reg[46]_i_1_n_4
                         CARRY8 (Prop_CARRY8_CI_CO[7])
                                                      0.073     2.348 r  bd_0_i/hls_inst/inst/grp_spmm_stage_fu_164/spmm_store_U0/flow_control_loop_pipe_U/trunc_ln297_s_reg_382_reg[54]_i_1/CO[7]
                         net (fo=1, unplaced)         0.006     2.354    bd_0_i/hls_inst/inst/grp_spmm_stage_fu_164/spmm_store_U0/flow_control_loop_pipe_U/trunc_ln297_s_reg_382_reg[54]_i_1_n_4
                         CARRY8 (Prop_CARRY8_CI_O[2])
                                                      0.093     2.447 r  bd_0_i/hls_inst/inst/grp_spmm_stage_fu_164/spmm_store_U0/flow_control_loop_pipe_U/trunc_ln297_s_reg_382_reg[57]_i_1/O[2]
                         net (fo=1, unplaced)         0.034     2.481    bd_0_i/hls_inst/inst/grp_spmm_stage_fu_164/spmm_store_U0/p_0_in_0[57]
                         FDRE                                         r  bd_0_i/hls_inst/inst/grp_spmm_stage_fu_164/spmm_store_U0/trunc_ln297_s_reg_382_reg[57]/D
  -------------------------------------------------------------------    -------------------

                         (clock ap_clk rise edge)    10.000    10.000 r  
                                                      0.000    10.000 r  ap_clk (IN)
                         net (fo=35621, unset)        0.030    10.030    bd_0_i/hls_inst/inst/grp_spmm_stage_fu_164/spmm_store_U0/ap_clk
                         FDRE                                         r  bd_0_i/hls_inst/inst/grp_spmm_stage_fu_164/spmm_store_U0/trunc_ln297_s_reg_382_reg[57]/C
                         clock pessimism              0.000    10.030    
                         clock uncertainty           -0.035     9.995    
                         FDRE (Setup_FDRE_C_D)        0.043    10.038    bd_0_i/hls_inst/inst/grp_spmm_stage_fu_164/spmm_store_U0/trunc_ln297_s_reg_382_reg[57]
  -------------------------------------------------------------------
                         required time                         10.038    
                         arrival time                          -2.481    
  -------------------------------------------------------------------
                         slack                                  7.557    

Slack (MET) :             7.559ns  (required time - arrival time)
  Source:                 bd_0_i/hls_inst/inst/grp_spmm_stage_fu_164/spmm_store_U0/d_fu_106_reg[4]/C
                            (rising edge-triggered cell FDRE clocked by ap_clk  {rise@0.000ns fall@5.000ns period=10.000ns})
  Destination:            bd_0_i/hls_inst/inst/grp_spmm_stage_fu_164/spmm_store_U0/trunc_ln297_s_reg_382_reg[54]/D
                            (rising edge-triggered cell FDRE clocked by ap_clk  {rise@0.000ns fall@5.000ns period=10.000ns})
  Path Group:             ap_clk
  Path Type:              Setup (Max at Slow Process Corner)
  Requirement:            10.000ns  (ap_clk rise@10.000ns - ap_clk rise@0.000ns)
  Data Path Delay:        2.439ns  (logic 1.301ns (53.342%)  route 1.138ns (46.658%))
  Logic Levels:           11  (CARRY8=6 LUT2=1 LUT6=4)
  Clock Path Skew:        -0.011ns (DCD - SCD + CPR)
    Destination Clock Delay (DCD):    0.030ns = ( 10.030 - 10.000 ) 
    Source Clock Delay      (SCD):    0.041ns
    Clock Pessimism Removal (CPR):    0.000ns
  Clock Uncertainty:      0.035ns  ((TSJ^2 + TIJ^2)^1/2 + DJ) / 2 + PE
    Total System Jitter     (TSJ):    0.071ns
    Total Input Jitter      (TIJ):    0.000ns
    Discrete Jitter          (DJ):    0.000ns
    Phase Error              (PE):    0.000ns

    Location             Delay type                Incr(ns)  Path(ns)    Netlist Resource(s)
  -------------------------------------------------------------------    -------------------
                         (clock ap_clk rise edge)     0.000     0.000 r  
                                                      0.000     0.000 r  ap_clk (IN)
                         net (fo=35621, unset)        0.041     0.041    bd_0_i/hls_inst/inst/grp_spmm_stage_fu_164/spmm_store_U0/ap_clk
                         FDRE                                         r  bd_0_i/hls_inst/inst/grp_spmm_stage_fu_164/spmm_store_U0/d_fu_106_reg[4]/C
  -------------------------------------------------------------------    -------------------
                         FDRE (Prop_FDRE_C_Q)         0.114     0.155 f  bd_0_i/hls_inst/inst/grp_spmm_stage_fu_164/spmm_store_U0/d_fu_106_reg[4]/Q
                         net (fo=6, unplaced)         0.196     0.351    bd_0_i/hls_inst/inst/grp_spmm_stage_fu_164/spmm_store_U0/d_fu_106_reg_n_4_[4]
                         LUT6 (Prop_LUT6_I0_O)        0.225     0.576 f  bd_0_i/hls_inst/inst/grp_spmm_stage_fu_164/spmm_store_U0/d_fu_106[6]_i_4/O
                         net (fo=8, unplaced)         0.176     0.752    bd_0_i/hls_inst/inst/grp_spmm_stage_fu_164/spmm_store_U0/flow_control_loop_pipe_U/i_fu_114_reg[2]
                         LUT6 (Prop_LUT6_I1_O)        0.082     0.834 r  bd_0_i/hls_inst/inst/grp_spmm_stage_fu_164/spmm_store_U0/flow_control_loop_pipe_U/i_fu_114[6]_i_2/O
                         net (fo=5, unplaced)         0.229     1.063    bd_0_i/hls_inst/inst/grp_spmm_stage_fu_164/spmm_store_U0/flow_control_loop_pipe_U/i_fu_114[6]_i_2_n_4
                         LUT6 (Prop_LUT6_I2_O)        0.058     1.121 r  bd_0_i/hls_inst/inst/grp_spmm_stage_fu_164/spmm_store_U0/flow_control_loop_pipe_U/i_fu_114[11]_i_2/O
                         net (fo=7, unplaced)         0.236     1.357    bd_0_i/hls_inst/inst/grp_spmm_stage_fu_164/spmm_store_U0/flow_control_loop_pipe_U/i_fu_114[11]_i_2_n_4
                         LUT6 (Prop_LUT6_I0_O)        0.058     1.415 r  bd_0_i/hls_inst/inst/grp_spmm_stage_fu_164/spmm_store_U0/flow_control_loop_pipe_U/i_fu_114[11]_i_1/O
                         net (fo=2, unplaced)         0.211     1.626    bd_0_i/hls_inst/inst/grp_spmm_stage_fu_164/spmm_store_U0/flow_control_loop_pipe_U/select_ln289_fu_210_p3[11]
                         LUT2 (Prop_LUT2_I0_O)        0.057     1.683 r  bd_0_i/hls_inst/inst/grp_spmm_stage_fu_164/spmm_store_U0/flow_control_loop_pipe_U/trunc_ln297_s_reg_382[14]_i_2/O
                         net (fo=1, unplaced)         0.026     1.709    bd_0_i/hls_inst/inst/grp_spmm_stage_fu_164/spmm_store_U0/flow_control_loop_pipe_U/trunc_ln297_s_reg_382[14]_i_2_n_4
                         CARRY8 (Prop_CARRY8_S[4]_CO[7])
                                                      0.244     1.953 r  bd_0_i/hls_inst/inst/grp_spmm_stage_fu_164/spmm_store_U0/flow_control_loop_pipe_U/trunc_ln297_s_reg_382_reg[14]_i_1/CO[7]
                         net (fo=1, unplaced)         0.006     1.959    bd_0_i/hls_inst/inst/grp_spmm_stage_fu_164/spmm_store_U0/flow_control_loop_pipe_U/trunc_ln297_s_reg_382_reg[14]_i_1_n_4
                         CARRY8 (Prop_CARRY8_CI_CO[7])
                                                      0.073     2.032 r  bd_0_i/hls_inst/inst/grp_spmm_stage_fu_164/spmm_store_U0/flow_control_loop_pipe_U/trunc_ln297_s_reg_382_reg[22]_i_1/CO[7]
                         net (fo=1, unplaced)         0.006     2.038    bd_0_i/hls_inst/inst/grp_spmm_stage_fu_164/spmm_store_U0/flow_control_loop_pipe_U/trunc_ln297_s_reg_382_reg[22]_i_1_n_4
                         CARRY8 (Prop_CARRY8_CI_CO[7])
                                                      0.073     2.111 r  bd_0_i/hls_inst/inst/grp_spmm_stage_fu_164/spmm_store_U0/flow_control_loop_pipe_U/trunc_ln297_s_reg_382_reg[30]_i_1/CO[7]
                         net (fo=1, unplaced)         0.006     2.117    bd_0_i/hls_inst/inst/grp_spmm_stage_fu_164/spmm_store_U0/flow_control_loop_pipe_U/trunc_ln297_s_reg_382_reg[30]_i_1_n_4
                         CARRY8 (Prop_CARRY8_CI_CO[7])
                                                      0.073     2.190 r  bd_0_i/hls_inst/inst/grp_spmm_stage_fu_164/spmm_store_U0/flow_control_loop_pipe_U/trunc_ln297_s_reg_382_reg[38]_i_1/CO[7]
                         net (fo=1, unplaced)         0.006     2.196    bd_0_i/hls_inst/inst/grp_spmm_stage_fu_164/spmm_store_U0/flow_control_loop_pipe_U/trunc_ln297_s_reg_382_reg[38]_i_1_n_4
                         CARRY8 (Prop_CARRY8_CI_CO[7])
                                                      0.073     2.269 r  bd_0_i/hls_inst/inst/grp_spmm_stage_fu_164/spmm_store_U0/flow_control_loop_pipe_U/trunc_ln297_s_reg_382_reg[46]_i_1/CO[7]
                         net (fo=1, unplaced)         0.006     2.275    bd_0_i/hls_inst/inst/grp_spmm_stage_fu_164/spmm_store_U0/flow_control_loop_pipe_U/trunc_ln297_s_reg_382_reg[46]_i_1_n_4
                         CARRY8 (Prop_CARRY8_CI_O[7])
                                                      0.171     2.446 r  bd_0_i/hls_inst/inst/grp_spmm_stage_fu_164/spmm_store_U0/flow_control_loop_pipe_U/trunc_ln297_s_reg_382_reg[54]_i_1/O[7]
                         net (fo=1, unplaced)         0.034     2.480    bd_0_i/hls_inst/inst/grp_spmm_stage_fu_164/spmm_store_U0/p_0_in_0[54]
                         FDRE                                         r  bd_0_i/hls_inst/inst/grp_spmm_stage_fu_164/spmm_store_U0/trunc_ln297_s_reg_382_reg[54]/D
  -------------------------------------------------------------------    -------------------

                         (clock ap_clk rise edge)    10.000    10.000 r  
                                                      0.000    10.000 r  ap_clk (IN)
                         net (fo=35621, unset)        0.030    10.030    bd_0_i/hls_inst/inst/grp_spmm_stage_fu_164/spmm_store_U0/ap_clk
                         FDRE                                         r  bd_0_i/hls_inst/inst/grp_spmm_stage_fu_164/spmm_store_U0/trunc_ln297_s_reg_382_reg[54]/C
                         clock pessimism              0.000    10.030    
                         clock uncertainty           -0.035     9.995    
                         FDRE (Setup_FDRE_C_D)        0.044    10.039    bd_0_i/hls_inst/inst/grp_spmm_stage_fu_164/spmm_store_U0/trunc_ln297_s_reg_382_reg[54]
  -------------------------------------------------------------------
                         required time                         10.039    
                         arrival time                          -2.480    
  -------------------------------------------------------------------
                         slack                                  7.559    




