Copyright 1986-2022 Xilinx, Inc. All Rights Reserved. Copyright 2022-2025 Advanced Micro Devices, Inc. All Rights Reserved.
---------------------------------------------------------------------------------------------------------------------------------------------
| Tool Version : Vivado v.2025.2 (lin64) Build 6299465 Fri Nov 14 12:34:56 MST 2025
| Date         : Thu Apr 16 11:19:37 2026
| Host         : nat-Yoga-Pro-9-16IAH10 running 64-bit Ubuntu 24.04.3 LTS
| Command      : report_utilization -hierarchical -hierarchical_depth 8 -file ./report/integrated_gcn_utilization_hierarchical_routed.rpt
| Design       : bd_0_wrapper
| Device       : xck26-sfvc784-2LV-c
| Speed File   : -2LV
| Design State : Routed
---------------------------------------------------------------------------------------------------------------------------------------------

Utilization Design Information

Table of Contents
-----------------
1. Utilization by Hierarchy

1. Utilization by Hierarchy
---------------------------

+-------------------------------------------------------------------------+----------------------------------------------------------------------------+------------+------------+---------+------+-------+--------+--------+------+------------+
|                                 Instance                                |                                   Module                                   | Total LUTs | Logic LUTs | LUTRAMs | SRLs |  FFs  | RAMB36 | RAMB18 | URAM | DSP Blocks |
+-------------------------------------------------------------------------+----------------------------------------------------------------------------+------------+------------+---------+------+-------+--------+--------+------+------------+
| bd_0_wrapper                                                            |                                                                      (top) |      18988 |      11850 |    5536 | 1602 | 20787 |     21 |     39 |    0 |        289 |
|   bd_0_i                                                                |                                                                       bd_0 |      18988 |      11850 |    5536 | 1602 | 20787 |     21 |     39 |    0 |        289 |
|     hls_inst                                                            |                                                            bd_0_hls_inst_0 |      18988 |      11850 |    5536 | 1602 | 20787 |     21 |     39 |    0 |        289 |
|       inst                                                              |                                             bd_0_hls_inst_0_integrated_gcn |      18988 |      11850 |    5536 | 1602 | 20787 |     21 |     39 |    0 |        289 |
|         (inst)                                                          |                                             bd_0_hls_inst_0_integrated_gcn |         11 |          5 |       0 |    6 |   465 |      0 |      0 |    0 |          0 |
|         control_s_axi_U                                                 |                               bd_0_hls_inst_0_integrated_gcn_control_s_axi |        437 |        437 |       0 |    0 |   490 |      0 |      0 |    0 |          0 |
|         gmem0_m_axi_U                                                   |                                 bd_0_hls_inst_0_integrated_gcn_gmem0_m_axi |        890 |        857 |       0 |   33 |  1669 |      7 |      1 |    0 |          0 |
|           bus_read                                                      |                            bd_0_hls_inst_0_integrated_gcn_gmem0_m_axi_read |        789 |        789 |       0 |    0 |  1497 |      0 |      0 |    0 |          0 |
|             rreq_burst_conv                                             |                 bd_0_hls_inst_0_integrated_gcn_gmem0_m_axi_burst_converter |        225 |        225 |       0 |    0 |   425 |      0 |      0 |    0 |          0 |
|               burst_sequential                                          |                bd_0_hls_inst_0_integrated_gcn_gmem0_m_axi_burst_sequential |        225 |        225 |       0 |    0 |   425 |      0 |      0 |    0 |          0 |
|                 (burst_sequential)                                      |                bd_0_hls_inst_0_integrated_gcn_gmem0_m_axi_burst_sequential |        119 |        119 |       0 |    0 |   300 |      0 |      0 |    0 |          0 |
|                 rs_req                                                  |                       bd_0_hls_inst_0_integrated_gcn_gmem0_m_axi_reg_slice |        106 |        106 |       0 |    0 |   125 |      0 |      0 |    0 |          0 |
|             rs_rdata                                                    |       bd_0_hls_inst_0_integrated_gcn_gmem0_m_axi_reg_slice__parameterized0 |        526 |        526 |       0 |    0 |  1041 |      0 |      0 |    0 |          0 |
|           load_unit_0                                                   |                            bd_0_hls_inst_0_integrated_gcn_gmem0_m_axi_load |        103 |         70 |       0 |   33 |   172 |      7 |      1 |    0 |          0 |
|             (load_unit_0)                                               |                            bd_0_hls_inst_0_integrated_gcn_gmem0_m_axi_load |          1 |          1 |       0 |    0 |    62 |      0 |      0 |    0 |          0 |
|             buff_rdata                                                  |            bd_0_hls_inst_0_integrated_gcn_gmem0_m_axi_fifo__parameterized0 |         52 |         52 |       0 |    0 |    37 |      7 |      1 |    0 |          0 |
|             fifo_rreq                                                   |                            bd_0_hls_inst_0_integrated_gcn_gmem0_m_axi_fifo |         51 |         18 |       0 |   33 |    73 |      0 |      0 |    0 |          0 |
|               U_fifo_srl                                                |                             bd_0_hls_inst_0_integrated_gcn_gmem0_m_axi_srl |         36 |          3 |       0 |   33 |    59 |      0 |      0 |    0 |          0 |
|         gmem1_m_axi_U                                                   |                                 bd_0_hls_inst_0_integrated_gcn_gmem1_m_axi |        904 |        868 |       0 |   36 |  1686 |      7 |      1 |    0 |          0 |
|           load_unit_0                                                   |                            bd_0_hls_inst_0_integrated_gcn_gmem1_m_axi_load |        104 |         68 |       0 |   36 |   180 |      7 |      1 |    0 |          0 |
|             (load_unit_0)                                               |                            bd_0_hls_inst_0_integrated_gcn_gmem1_m_axi_load |          0 |          0 |       0 |    0 |    67 |      0 |      0 |    0 |          0 |
|             fifo_rreq                                                   |                            bd_0_hls_inst_0_integrated_gcn_gmem1_m_axi_fifo |         60 |         24 |       0 |   36 |    76 |      0 |      0 |    0 |          0 |
|               U_fifo_srl                                                |                             bd_0_hls_inst_0_integrated_gcn_gmem1_m_axi_srl |         42 |          6 |       0 |   36 |    62 |      0 |      0 |    0 |          0 |
|           bus_read                                                      |                            bd_0_hls_inst_0_integrated_gcn_gmem1_m_axi_read |        801 |        801 |       0 |    0 |  1506 |      0 |      0 |    0 |          0 |
|             rreq_burst_conv                                             |                 bd_0_hls_inst_0_integrated_gcn_gmem1_m_axi_burst_converter |        236 |        236 |       0 |    0 |   434 |      0 |      0 |    0 |          0 |
|               burst_sequential                                          |                bd_0_hls_inst_0_integrated_gcn_gmem1_m_axi_burst_sequential |        236 |        236 |       0 |    0 |   434 |      0 |      0 |    0 |          0 |
|                 (burst_sequential)                                      |                bd_0_hls_inst_0_integrated_gcn_gmem1_m_axi_burst_sequential |        121 |        121 |       0 |    0 |   299 |      0 |      0 |    0 |          0 |
|                 rs_req                                                  |                       bd_0_hls_inst_0_integrated_gcn_gmem1_m_axi_reg_slice |        115 |        115 |       0 |    0 |   135 |      0 |      0 |    0 |          0 |
|             rs_rdata                                                    |       bd_0_hls_inst_0_integrated_gcn_gmem1_m_axi_reg_slice__parameterized0 |        530 |        530 |       0 |    0 |  1041 |      0 |      0 |    0 |          0 |
|         gmem2_m_axi_U                                                   |                                 bd_0_hls_inst_0_integrated_gcn_gmem2_m_axi |       2052 |       1372 |       0 |  680 |  3717 |      7 |      1 |    0 |          0 |
|           bus_read                                                      |                            bd_0_hls_inst_0_integrated_gcn_gmem2_m_axi_read |        786 |        786 |       0 |    0 |  1497 |      0 |      0 |    0 |          0 |
|             rreq_burst_conv                                             |             bd_0_hls_inst_0_integrated_gcn_gmem2_m_axi_burst_converter_914 |        224 |        224 |       0 |    0 |   425 |      0 |      0 |    0 |          0 |
|               burst_sequential                                          |            bd_0_hls_inst_0_integrated_gcn_gmem2_m_axi_burst_sequential_915 |        224 |        224 |       0 |    0 |   425 |      0 |      0 |    0 |          0 |
|                 (burst_sequential)                                      |            bd_0_hls_inst_0_integrated_gcn_gmem2_m_axi_burst_sequential_915 |        117 |        117 |       0 |    0 |   300 |      0 |      0 |    0 |          0 |
|                 rs_req                                                  |                   bd_0_hls_inst_0_integrated_gcn_gmem2_m_axi_reg_slice_916 |        107 |        107 |       0 |    0 |   125 |      0 |      0 |    0 |          0 |
|             rs_rdata                                                    |       bd_0_hls_inst_0_integrated_gcn_gmem2_m_axi_reg_slice__parameterized3 |        525 |        525 |       0 |    0 |  1041 |      0 |      0 |    0 |          0 |
|           bus_write                                                     |                           bd_0_hls_inst_0_integrated_gcn_gmem2_m_axi_write |        396 |        363 |       0 |   33 |  1252 |      0 |      0 |    0 |          0 |
|             wreq_burst_conv                                             |                 bd_0_hls_inst_0_integrated_gcn_gmem2_m_axi_burst_converter |        225 |        225 |       0 |    0 |   425 |      0 |      0 |    0 |          0 |
|               burst_sequential                                          |                bd_0_hls_inst_0_integrated_gcn_gmem2_m_axi_burst_sequential |        225 |        225 |       0 |    0 |   425 |      0 |      0 |    0 |          0 |
|                 (burst_sequential)                                      |                bd_0_hls_inst_0_integrated_gcn_gmem2_m_axi_burst_sequential |        118 |        118 |       0 |    0 |   300 |      0 |      0 |    0 |          0 |
|                 rs_req                                                  |                       bd_0_hls_inst_0_integrated_gcn_gmem2_m_axi_reg_slice |        107 |        107 |       0 |    0 |   125 |      0 |      0 |    0 |          0 |
|             wreq_throttle                                               |                        bd_0_hls_inst_0_integrated_gcn_gmem2_m_axi_throttle |        146 |        114 |       0 |   32 |   804 |      0 |      0 |    0 |          0 |
|               (wreq_throttle)                                           |                        bd_0_hls_inst_0_integrated_gcn_gmem2_m_axi_throttle |          6 |          6 |       0 |    0 |   587 |      0 |      0 |    0 |          0 |
|               fifo_burst_gen[0].fifo_req                                |            bd_0_hls_inst_0_integrated_gcn_gmem2_m_axi_fifo__parameterized5 |         53 |         21 |       0 |   32 |    75 |      0 |      0 |    0 |          0 |
|                 U_fifo_srl                                              |             bd_0_hls_inst_0_integrated_gcn_gmem2_m_axi_srl__parameterized4 |         33 |          1 |       0 |   32 |    58 |      0 |      0 |    0 |          0 |
|               rs_req                                                    |       bd_0_hls_inst_0_integrated_gcn_gmem2_m_axi_reg_slice__parameterized1 |         69 |         69 |       0 |    0 |   129 |      0 |      0 |    0 |          0 |
|           load_unit_0                                                   |                            bd_0_hls_inst_0_integrated_gcn_gmem2_m_axi_load |        140 |        107 |       0 |   33 |   172 |      7 |      1 |    0 |          0 |
|             (load_unit_0)                                               |                            bd_0_hls_inst_0_integrated_gcn_gmem2_m_axi_load |          1 |          1 |       0 |    0 |    62 |      0 |      0 |    0 |          0 |
|             buff_rdata                                                  |            bd_0_hls_inst_0_integrated_gcn_gmem2_m_axi_fifo__parameterized4 |         88 |         88 |       0 |    0 |    37 |      7 |      1 |    0 |          0 |
|               (buff_rdata)                                              |            bd_0_hls_inst_0_integrated_gcn_gmem2_m_axi_fifo__parameterized4 |         81 |         81 |       0 |    0 |    37 |      0 |      0 |    0 |          0 |
|             fifo_rreq                                                   |        bd_0_hls_inst_0_integrated_gcn_gmem2_m_axi_fifo__parameterized0_908 |         52 |         19 |       0 |   33 |    73 |      0 |      0 |    0 |          0 |
|               U_fifo_srl                                                |         bd_0_hls_inst_0_integrated_gcn_gmem2_m_axi_srl__parameterized0_909 |         37 |          4 |       0 |   33 |    59 |      0 |      0 |    0 |          0 |
|           store_unit_0                                                  |                           bd_0_hls_inst_0_integrated_gcn_gmem2_m_axi_store |        733 |        119 |       0 |  614 |   796 |      0 |      0 |    0 |          0 |
|             (store_unit_0)                                              |                           bd_0_hls_inst_0_integrated_gcn_gmem2_m_axi_store |          2 |          2 |       0 |    0 |    74 |      0 |      0 |    0 |          0 |
|             buff_wdata                                                  |            bd_0_hls_inst_0_integrated_gcn_gmem2_m_axi_fifo__parameterized1 |        601 |         25 |       0 |  576 |   599 |      0 |      0 |    0 |          0 |
|               U_fifo_srl                                                |             bd_0_hls_inst_0_integrated_gcn_gmem2_m_axi_srl__parameterized1 |        577 |          1 |       0 |  576 |   576 |      0 |      0 |    0 |          0 |
|             fifo_wreq                                                   |            bd_0_hls_inst_0_integrated_gcn_gmem2_m_axi_fifo__parameterized0 |         52 |         19 |       0 |   33 |    73 |      0 |      0 |    0 |          0 |
|               U_fifo_srl                                                |             bd_0_hls_inst_0_integrated_gcn_gmem2_m_axi_srl__parameterized0 |         36 |          3 |       0 |   33 |    59 |      0 |      0 |    0 |          0 |
|         gmem3_m_axi_U                                                   |                                 bd_0_hls_inst_0_integrated_gcn_gmem3_m_axi |        452 |        415 |       0 |   37 |   772 |      0 |      1 |    0 |          0 |
|           bus_read                                                      |                            bd_0_hls_inst_0_integrated_gcn_gmem3_m_axi_read |        343 |        343 |       0 |    0 |   580 |      0 |      0 |    0 |          0 |
|             rreq_burst_conv                                             |                 bd_0_hls_inst_0_integrated_gcn_gmem3_m_axi_burst_converter |        268 |        268 |       0 |    0 |   478 |      0 |      0 |    0 |          0 |
|               burst_sequential                                          |                bd_0_hls_inst_0_integrated_gcn_gmem3_m_axi_burst_sequential |        268 |        268 |       0 |    0 |   478 |      0 |      0 |    0 |          0 |
|                 (burst_sequential)                                      |                bd_0_hls_inst_0_integrated_gcn_gmem3_m_axi_burst_sequential |        154 |        154 |       0 |    0 |   329 |      0 |      0 |    0 |          0 |
|                 rs_req                                                  |                       bd_0_hls_inst_0_integrated_gcn_gmem3_m_axi_reg_slice |        114 |        114 |       0 |    0 |   149 |      0 |      0 |    0 |          0 |
|             rs_rdata                                                    |       bd_0_hls_inst_0_integrated_gcn_gmem3_m_axi_reg_slice__parameterized0 |         39 |         39 |       0 |    0 |    71 |      0 |      0 |    0 |          0 |
|           load_unit_0                                                   |                            bd_0_hls_inst_0_integrated_gcn_gmem3_m_axi_load |        110 |         73 |       0 |   37 |   192 |      0 |      1 |    0 |          0 |
|             (load_unit_0)                                               |                            bd_0_hls_inst_0_integrated_gcn_gmem3_m_axi_load |          1 |          1 |       0 |    0 |    74 |      0 |      0 |    0 |          0 |
|             fifo_rreq                                                   |                            bd_0_hls_inst_0_integrated_gcn_gmem3_m_axi_fifo |         63 |         26 |       0 |   37 |    81 |      0 |      0 |    0 |          0 |
|               U_fifo_srl                                                |                             bd_0_hls_inst_0_integrated_gcn_gmem3_m_axi_srl |         46 |          9 |       0 |   37 |    67 |      0 |      0 |    0 |          0 |
|         gmem4_m_axi_U                                                   |                                 bd_0_hls_inst_0_integrated_gcn_gmem4_m_axi |        516 |        468 |       0 |   48 |   861 |      0 |      1 |    0 |          0 |
|           bus_read                                                      |                            bd_0_hls_inst_0_integrated_gcn_gmem4_m_axi_read |        365 |        365 |       0 |    0 |   623 |      0 |      0 |    0 |          0 |
|             rreq_burst_conv                                             |                 bd_0_hls_inst_0_integrated_gcn_gmem4_m_axi_burst_converter |        290 |        290 |       0 |    0 |   521 |      0 |      0 |    0 |          0 |
|               burst_sequential                                          |                bd_0_hls_inst_0_integrated_gcn_gmem4_m_axi_burst_sequential |        290 |        290 |       0 |    0 |   521 |      0 |      0 |    0 |          0 |
|                 (burst_sequential)                                      |                bd_0_hls_inst_0_integrated_gcn_gmem4_m_axi_burst_sequential |        143 |        143 |       0 |    0 |   332 |      0 |      0 |    0 |          0 |
|                 rs_req                                                  |                       bd_0_hls_inst_0_integrated_gcn_gmem4_m_axi_reg_slice |        147 |        147 |       0 |    0 |   189 |      0 |      0 |    0 |          0 |
|             rs_rdata                                                    |       bd_0_hls_inst_0_integrated_gcn_gmem4_m_axi_reg_slice__parameterized0 |         39 |         39 |       0 |    0 |    71 |      0 |      0 |    0 |          0 |
|           load_unit_0                                                   |                            bd_0_hls_inst_0_integrated_gcn_gmem4_m_axi_load |        152 |        104 |       0 |   48 |   238 |      0 |      1 |    0 |          0 |
|             (load_unit_0)                                               |                            bd_0_hls_inst_0_integrated_gcn_gmem4_m_axi_load |          1 |          1 |       0 |    0 |    94 |      0 |      0 |    0 |          0 |
|             fifo_rreq                                                   |                            bd_0_hls_inst_0_integrated_gcn_gmem4_m_axi_fifo |        106 |         58 |       0 |   48 |   107 |      0 |      0 |    0 |          0 |
|               U_fifo_srl                                                |                             bd_0_hls_inst_0_integrated_gcn_gmem4_m_axi_srl |         89 |         41 |       0 |   48 |    93 |      0 |      0 |    0 |          0 |
|         gmem5_m_axi_U                                                   |                                 bd_0_hls_inst_0_integrated_gcn_gmem5_m_axi |        654 |        602 |       0 |   52 |  1004 |      0 |      1 |    0 |          0 |
|           bus_read                                                      |                            bd_0_hls_inst_0_integrated_gcn_gmem5_m_axi_read |        385 |        385 |       0 |    0 |   631 |      0 |      0 |    0 |          0 |
|             rreq_burst_conv                                             |                 bd_0_hls_inst_0_integrated_gcn_gmem5_m_axi_burst_converter |        308 |        308 |       0 |    0 |   529 |      0 |      0 |    0 |          0 |
|               burst_sequential                                          |                bd_0_hls_inst_0_integrated_gcn_gmem5_m_axi_burst_sequential |        308 |        308 |       0 |    0 |   529 |      0 |      0 |    0 |          0 |
|                 (burst_sequential)                                      |                bd_0_hls_inst_0_integrated_gcn_gmem5_m_axi_burst_sequential |        143 |        143 |       0 |    0 |   332 |      0 |      0 |    0 |          0 |
|                 rs_req                                                  |       bd_0_hls_inst_0_integrated_gcn_gmem5_m_axi_reg_slice__parameterized0 |        165 |        165 |       0 |    0 |   197 |      0 |      0 |    0 |          0 |
|             rs_rdata                                                    |       bd_0_hls_inst_0_integrated_gcn_gmem5_m_axi_reg_slice__parameterized1 |         39 |         39 |       0 |    0 |    71 |      0 |      0 |    0 |          0 |
|           load_unit_0                                                   |                            bd_0_hls_inst_0_integrated_gcn_gmem5_m_axi_load |        270 |        218 |       0 |   52 |   373 |      0 |      1 |    0 |          0 |
|             (load_unit_0)                                               |                            bd_0_hls_inst_0_integrated_gcn_gmem5_m_axi_load |          0 |          0 |       0 |    0 |   135 |      0 |      0 |    0 |          0 |
|             bus_wide_gen.rreq_offset                                    |                            bd_0_hls_inst_0_integrated_gcn_gmem5_m_axi_fifo |         55 |         51 |       0 |    4 |    21 |      0 |      0 |    0 |          0 |
|             bus_wide_gen.rs_rdata_int                                   |                       bd_0_hls_inst_0_integrated_gcn_gmem5_m_axi_reg_slice |         64 |         64 |       0 |    0 |    71 |      0 |      0 |    0 |          0 |
|             fifo_rreq                                                   |            bd_0_hls_inst_0_integrated_gcn_gmem5_m_axi_fifo__parameterized0 |        103 |         55 |       0 |   48 |   109 |      0 |      0 |    0 |          0 |
|               U_fifo_srl                                                |             bd_0_hls_inst_0_integrated_gcn_gmem5_m_axi_srl__parameterized0 |         89 |         41 |       0 |   48 |    95 |      0 |      0 |    0 |          0 |
|         gmem6_m_axi_U                                                   |                                 bd_0_hls_inst_0_integrated_gcn_gmem6_m_axi |       1120 |        473 |       0 |  647 |  2043 |      0 |      0 |    0 |          0 |
|           bus_write                                                     |                           bd_0_hls_inst_0_integrated_gcn_gmem6_m_axi_write |        395 |        362 |       0 |   33 |  1252 |      0 |      0 |    0 |          0 |
|             wreq_burst_conv                                             |                 bd_0_hls_inst_0_integrated_gcn_gmem6_m_axi_burst_converter |        222 |        222 |       0 |    0 |   425 |      0 |      0 |    0 |          0 |
|               burst_sequential                                          |                bd_0_hls_inst_0_integrated_gcn_gmem6_m_axi_burst_sequential |        222 |        222 |       0 |    0 |   425 |      0 |      0 |    0 |          0 |
|                 (burst_sequential)                                      |                bd_0_hls_inst_0_integrated_gcn_gmem6_m_axi_burst_sequential |        117 |        117 |       0 |    0 |   300 |      0 |      0 |    0 |          0 |
|                 rs_req                                                  |                       bd_0_hls_inst_0_integrated_gcn_gmem6_m_axi_reg_slice |        106 |        106 |       0 |    0 |   125 |      0 |      0 |    0 |          0 |
|             wreq_throttle                                               |                        bd_0_hls_inst_0_integrated_gcn_gmem6_m_axi_throttle |        148 |        116 |       0 |   32 |   804 |      0 |      0 |    0 |          0 |
|               (wreq_throttle)                                           |                        bd_0_hls_inst_0_integrated_gcn_gmem6_m_axi_throttle |          7 |          7 |       0 |    0 |   587 |      0 |      0 |    0 |          0 |
|               fifo_burst_gen[0].fifo_req                                |            bd_0_hls_inst_0_integrated_gcn_gmem6_m_axi_fifo__parameterized4 |         53 |         21 |       0 |   32 |    75 |      0 |      0 |    0 |          0 |
|                 U_fifo_srl                                              |             bd_0_hls_inst_0_integrated_gcn_gmem6_m_axi_srl__parameterized4 |         33 |          1 |       0 |   32 |    58 |      0 |      0 |    0 |          0 |
|               rs_req                                                    |       bd_0_hls_inst_0_integrated_gcn_gmem6_m_axi_reg_slice__parameterized1 |         69 |         69 |       0 |    0 |   129 |      0 |      0 |    0 |          0 |
|           store_unit_0                                                  |                           bd_0_hls_inst_0_integrated_gcn_gmem6_m_axi_store |        726 |        112 |       0 |  614 |   791 |      0 |      0 |    0 |          0 |
|             (store_unit_0)                                              |                           bd_0_hls_inst_0_integrated_gcn_gmem6_m_axi_store |          2 |          2 |       0 |    0 |    74 |      0 |      0 |    0 |          0 |
|             buff_wdata                                                  |            bd_0_hls_inst_0_integrated_gcn_gmem6_m_axi_fifo__parameterized1 |        601 |         25 |       0 |  576 |   599 |      0 |      0 |    0 |          0 |
|               U_fifo_srl                                                |             bd_0_hls_inst_0_integrated_gcn_gmem6_m_axi_srl__parameterized1 |        576 |          0 |       0 |  576 |   576 |      0 |      0 |    0 |          0 |
|             fifo_wreq                                                   |            bd_0_hls_inst_0_integrated_gcn_gmem6_m_axi_fifo__parameterized0 |         46 |         13 |       0 |   33 |    70 |      0 |      0 |    0 |          0 |
|               U_fifo_srl                                                |             bd_0_hls_inst_0_integrated_gcn_gmem6_m_axi_srl__parameterized0 |         36 |          3 |       0 |   33 |    59 |      0 |      0 |    0 |          0 |
|         grp_gemm_stage_fu_148                                           |                                  bd_0_hls_inst_0_integrated_gcn_gemm_stage |       9889 |       4869 |    4984 |   36 |  6376 |      0 |      0 |    0 |        257 |
|           gemm_write_U0                                                 |                                  bd_0_hls_inst_0_integrated_gcn_gemm_write |         71 |         69 |       0 |    2 |   608 |      0 |      0 |    0 |          0 |
|             (gemm_write_U0)                                             |                                  bd_0_hls_inst_0_integrated_gcn_gemm_write |         39 |         37 |       0 |    2 |   607 |      0 |      0 |    0 |          0 |
|           W_stream_U                                                    |                             bd_0_hls_inst_0_integrated_gcn_fifo_w512_d16_A |        315 |         19 |     296 |    0 |   537 |      0 |      0 |    0 |          0 |
|             U_integrated_gcn_fifo_w512_d16_A_ram                        |                     bd_0_hls_inst_0_integrated_gcn_fifo_w512_d16_A_ram_902 |        297 |          1 |     296 |    0 |   512 |      0 |      0 |    0 |          0 |
|           XW_stream_U                                                   |                         bd_0_hls_inst_0_integrated_gcn_fifo_w512_d16_A_128 |        309 |         13 |     296 |    0 |   533 |      0 |      0 |    0 |          0 |
|             U_integrated_gcn_fifo_w512_d16_A_ram                        |                     bd_0_hls_inst_0_integrated_gcn_fifo_w512_d16_A_ram_901 |        296 |          0 |     296 |    0 |   512 |      0 |      0 |    0 |          0 |
|           X_stream_U                                                    |                         bd_0_hls_inst_0_integrated_gcn_fifo_w512_d16_A_129 |        317 |         21 |     296 |    0 |   539 |      0 |      0 |    0 |          0 |
|             U_integrated_gcn_fifo_w512_d16_A_ram                        |                         bd_0_hls_inst_0_integrated_gcn_fifo_w512_d16_A_ram |        298 |          2 |     296 |    0 |   512 |      0 |      0 |    0 |          0 |
|           gemm_compute_U0                                               |                                bd_0_hls_inst_0_integrated_gcn_gemm_compute |       8674 |       4577 |    4096 |    1 |  3843 |      0 |      0 |    0 |        256 |
|             (gemm_compute_U0)                                           |                                bd_0_hls_inst_0_integrated_gcn_gemm_compute |       2081 |       2081 |       0 |    0 |    51 |      0 |      0 |    0 |          0 |
|             grp_gemm_compute_Pipeline_COMP_EMIT_fu_1594                 |             bd_0_hls_inst_0_integrated_gcn_gemm_compute_Pipeline_COMP_EMIT |       1947 |       1947 |       0 |    0 |    30 |      0 |      0 |    0 |          0 |
|               (grp_gemm_compute_Pipeline_COMP_EMIT_fu_1594)             |             bd_0_hls_inst_0_integrated_gcn_gemm_compute_Pipeline_COMP_EMIT |       1857 |       1857 |       0 |    0 |    28 |      0 |      0 |    0 |          0 |
|               flow_control_loop_pipe_sequential_init_U                  |  bd_0_hls_inst_0_integrated_gcn_flow_control_loop_pipe_sequential_init_900 |         90 |         90 |       0 |    0 |     2 |      0 |      0 |    0 |          0 |
|             grp_gemm_compute_Pipeline_COMP_INIT_fu_1070                 |             bd_0_hls_inst_0_integrated_gcn_gemm_compute_Pipeline_COMP_INIT |        222 |        222 |       0 |    0 |     9 |      0 |      0 |    0 |          0 |
|               flow_control_loop_pipe_sequential_init_U                  |  bd_0_hls_inst_0_integrated_gcn_flow_control_loop_pipe_sequential_init_899 |        220 |        220 |       0 |    0 |     2 |      0 |      0 |    0 |          0 |
|             grp_gemm_compute_Pipeline_COMP_KB_COMP_K_COMP_I_fu_1330     | bd_0_hls_inst_0_integrated_gcn_gemm_compute_Pipeline_COMP_KB_COMP_K_COMP_I |        329 |        328 |       0 |    1 |   681 |      0 |      0 |    0 |        256 |
|               (grp_gemm_compute_Pipeline_COMP_KB_COMP_K_COMP_I_fu_1330) | bd_0_hls_inst_0_integrated_gcn_gemm_compute_Pipeline_COMP_KB_COMP_K_COMP_I |        144 |        143 |       0 |    1 |   679 |      0 |      0 |    0 |          0 |
|           gemm_read_W_U0                                                |                                 bd_0_hls_inst_0_integrated_gcn_gemm_read_W |         67 |         66 |       0 |    1 |   117 |      0 |      0 |    0 |          0 |
|             (gemm_read_W_U0)                                            |                                 bd_0_hls_inst_0_integrated_gcn_gemm_read_W |         16 |         15 |       0 |    1 |   116 |      0 |      0 |    0 |          0 |
|             flow_control_loop_pipe_U                                    |                  bd_0_hls_inst_0_integrated_gcn_flow_control_loop_pipe_132 |         54 |         54 |       0 |    0 |     1 |      0 |      0 |    0 |          0 |
|           gemm_read_X_U0                                                |                                 bd_0_hls_inst_0_integrated_gcn_gemm_read_X |        129 |         97 |       0 |   32 |   188 |      0 |      0 |    0 |          1 |
|             (gemm_read_X_U0)                                            |                                 bd_0_hls_inst_0_integrated_gcn_gemm_read_X |         63 |         31 |       0 |   32 |   187 |      0 |      0 |    0 |          0 |
|             flow_control_loop_pipe_U                                    |                  bd_0_hls_inst_0_integrated_gcn_flow_control_loop_pipe_131 |         56 |         56 |       0 |    0 |     1 |      0 |      0 |    0 |          0 |
|         grp_spmm_stage_fu_164                                           |                                  bd_0_hls_inst_0_integrated_gcn_spmm_stage |       2075 |       1496 |     552 |   27 |  1704 |      0 |     33 |    0 |         32 |
|           spmm_compute_U0                                               |                                bd_0_hls_inst_0_integrated_gcn_spmm_compute |       1036 |        523 |     512 |    1 |   752 |      0 |     32 |    0 |         32 |
|             (spmm_compute_U0)                                           |                                bd_0_hls_inst_0_integrated_gcn_spmm_compute |         91 |         91 |       0 |    0 |   336 |      0 |      0 |    0 |          0 |
|             grp_spmm_compute_Pipeline_SPMM_MAC_fu_1529                  |              bd_0_hls_inst_0_integrated_gcn_spmm_compute_Pipeline_SPMM_MAC |        277 |        276 |       0 |    1 |    13 |      0 |      0 |    0 |         32 |
|             grp_spmm_compute_Pipeline_SPMM_WRITE_fu_1491                |            bd_0_hls_inst_0_integrated_gcn_spmm_compute_Pipeline_SPMM_WRITE |        147 |        147 |       0 |    0 |    15 |      0 |      0 |    0 |          0 |
|               (grp_spmm_compute_Pipeline_SPMM_WRITE_fu_1491)            |            bd_0_hls_inst_0_integrated_gcn_spmm_compute_Pipeline_SPMM_WRITE |        125 |        125 |       0 |    0 |    13 |      0 |      0 |    0 |          0 |
|           spmm_load_csr_U0                                              |                               bd_0_hls_inst_0_integrated_gcn_spmm_load_csr |        242 |        242 |       0 |    0 |   206 |      0 |      0 |    0 |          0 |
|             (spmm_load_csr_U0)                                          |                               bd_0_hls_inst_0_integrated_gcn_spmm_load_csr |        134 |        134 |       0 |    0 |    79 |      0 |      0 |    0 |          0 |
|             grp_spmm_load_csr_Pipeline_LOAD_NNZ_fu_128                  |             bd_0_hls_inst_0_integrated_gcn_spmm_load_csr_Pipeline_LOAD_NNZ |         82 |         82 |       0 |    0 |    78 |      0 |      0 |    0 |          0 |
|               (grp_spmm_load_csr_Pipeline_LOAD_NNZ_fu_128)              |             bd_0_hls_inst_0_integrated_gcn_spmm_load_csr_Pipeline_LOAD_NNZ |         10 |         10 |       0 |    0 |    76 |      0 |      0 |    0 |          0 |
|               flow_control_loop_pipe_sequential_init_U                  |    bd_0_hls_inst_0_integrated_gcn_flow_control_loop_pipe_sequential_init_0 |         73 |         73 |       0 |    0 |     2 |      0 |      0 |    0 |          0 |
|           spmm_store_U0                                                 |                                  bd_0_hls_inst_0_integrated_gcn_spmm_store |        596 |        594 |       0 |    2 |   632 |      0 |      0 |    0 |          0 |
|             (spmm_store_U0)                                             |                                  bd_0_hls_inst_0_integrated_gcn_spmm_store |        531 |        529 |       0 |    2 |   631 |      0 |      0 |    0 |          0 |
|             flow_control_loop_pipe_U                                    |                      bd_0_hls_inst_0_integrated_gcn_flow_control_loop_pipe |         65 |         65 |       0 |    0 |     1 |      0 |      0 |    0 |          0 |
|           val_fifo_U                                                    |                              bd_0_hls_inst_0_integrated_gcn_fifo_w8_d256_A |         94 |         54 |      40 |    0 |    45 |      0 |      0 |    0 |          0 |
|             U_integrated_gcn_fifo_w8_d256_A_ram                         |                          bd_0_hls_inst_0_integrated_gcn_fifo_w8_d256_A_ram |         52 |         12 |      40 |    0 |     8 |      0 |      0 |    0 |          0 |
+-------------------------------------------------------------------------+----------------------------------------------------------------------------+------------+------------+---------+------+-------+--------+--------+------+------------+
* Note: The sum of lower-level cells may be larger than their parent cells total, due to cross-hierarchy LUT combining


