Copyright 1986-2022 Xilinx, Inc. All Rights Reserved. Copyright 2022-2025 Advanced Micro Devices, Inc. All Rights Reserved.
---------------------------------------------------------------------------------------------------------------------------------------------
| Tool Version : Vivado v.2025.2 (lin64) Build 6299465 Fri Nov 14 12:34:56 MST 2025
| Date         : Thu Apr 16 11:13:14 2026
| Host         : nat-Yoga-Pro-9-16IAH10 running 64-bit Ubuntu 24.04.3 LTS
| Command      : report_design_analysis -file ./report/integrated_gcn_design_analysis_synth.rpt
| Design       : bd_0_wrapper
| Device       : xck26
| Design State : Synthesized
---------------------------------------------------------------------------------------------------------------------------------------------

Report Design Analysis

Table of Contents
-----------------
1. Setup Path Characteristics 1-1
2. Logic Level Distribution
3. Placer Final Level Congestion Reporting

1. Setup Path Characteristics 1-1
---------------------------------

+---------------------------+------------------------------------------------------------------------------------------------+
|      Characteristics      |                                             Path #1                                            |
+---------------------------+------------------------------------------------------------------------------------------------+
| Requirement               | 10.000                                                                                         |
| Path Delay                | 2.438                                                                                          |
| Logic Delay               | 2.109(87%)                                                                                     |
| Net Delay                 | 0.329(13%)                                                                                     |
| Clock Skew                | -0.077                                                                                         |
| Slack                     | 7.493                                                                                          |
| Clock Uncertainty         | 0.035                                                                                          |
| Clock Pair Classification | Timed                                                                                          |
| Clock Delay Group         | Same Clock                                                                                     |
| Logic Levels              | 9                                                                                              |
| Routes                    | NA                                                                                             |
| Logical Path              | RAMB18E2/CLKARDCLK-(2)-LUT2-(1)-CARRY8-CARRY8-CARRY8-CARRY8-CARRY8-CARRY8-CARRY8-CARRY8-FDRE/D |
| Start Point Clock         | ap_clk                                                                                         |
| End Point Clock           | ap_clk                                                                                         |
| DSP Block                 | None                                                                                           |
| RAM Registers             | DO_REG(0)-None                                                                                 |
| IO Crossings              | 0                                                                                              |
| SLR Crossings             | 0                                                                                              |
| PBlocks                   | 0                                                                                              |
| High Fanout               | 2                                                                                              |
| ASYNC REG                 | 0                                                                                              |
| Dont Touch                | 0                                                                                              |
| Mark Debug                | 0                                                                                              |
| Start Point Pin Primitive | RAMB18E2/CLKARDCLK                                                                             |
| End Point Pin Primitive   | FDRE/D                                                                                         |
| Start Point Pin           | mem_reg/CLKARDCLK                                                                              |
| End Point Pin             | trunc_ln257_s_reg_2706_reg[56]/D                                                               |
+---------------------------+------------------------------------------------------------------------------------------------+
* Bounding box calculated as % of dimensions for the target device (2818, 498)


2. Logic Level Distribution
---------------------------

+-----------------+-------------+-----+----+----+----+----+---+----+----+----+----+----+
| End Point Clock | Requirement |  0  |  3 |  4 |  5 |  6 | 7 |  8 |  9 | 10 | 11 | 12 |
+-----------------+-------------+-----+----+----+----+----+---+----+----+----+----+----+
| ap_clk          | 10.000ns    | 800 | 71 | 11 | 18 | 16 | 9 | 18 | 19 | 16 | 16 |  6 |
+-----------------+-------------+-----+----+----+----+----+---+----+----+----+----+----+
* Columns represent the logic levels per end point clock
** Distribution is for top worst 1000 paths


3. Placer Final Level Congestion Reporting
------------------------------------------

+-----------+------+-------+--------+---------------+----------------+-----+--------+------+------+------+------+-----+-------+-----+------------+
| Direction | Type | Level | Window | Combined LUTs | Avg LUT Inputs | LUT | LUTRAM | Flop | MUXF | RAMB | URAM | DSP | CARRY | SRL | Cell Names |
+-----------+------+-------+--------+---------------+----------------+-----+--------+------+------+------+------+-----+-------+-----+------------+
* The design has not been placed, hence congestion data is not available. The command report_design_analysis -congestion should be run only after place_design has completed.


