Copyright 1986-2022 Xilinx, Inc. All Rights Reserved. Copyright 2022-2025 Advanced Micro Devices, Inc. All Rights Reserved.
---------------------------------------------------------------------------------------------------------------------------------------------
| Tool Version : Vivado v.2025.2 (lin64) Build 6299465 Fri Nov 14 12:34:56 MST 2025
| Date         : Thu Apr 16 11:12:51 2026
| Host         : nat-Yoga-Pro-9-16IAH10 running 64-bit Ubuntu 24.04.3 LTS
| Command      : report_utilization -hierarchical -hierarchical_depth 8 -file ./report/integrated_gcn_utilization_hierarchical_synth.rpt
| Design       : bd_0_wrapper
| Device       : xck26-sfvc784-2LV-c
| Speed File   : -2LV
| Design State : Synthesized
---------------------------------------------------------------------------------------------------------------------------------------------

Utilization Design Information

Table of Contents
-----------------
1. Utilization by Hierarchy

1. Utilization by Hierarchy
---------------------------

+-------------------------------------------------------------------------+----------------------------------------------------------------------------+------------+------------+---------+------+-------+--------+--------+------+------------+
|                                 Instance                                |                                   Module                                   | Total LUTs | Logic LUTs | LUTRAMs | SRLs |  FFs  | RAMB36 | RAMB18 | URAM | DSP Blocks |
+-------------------------------------------------------------------------+----------------------------------------------------------------------------+------------+------------+---------+------+-------+--------+--------+------+------------+
| bd_0_wrapper                                                            |                                                                      (top) |      26433 |      14340 |   10144 | 1949 | 20787 |     21 |     39 |    0 |        289 |
|   bd_0_i                                                                |                                                                       bd_0 |      26433 |      14340 |   10144 | 1949 | 20787 |     21 |     39 |    0 |        289 |
|     hls_inst                                                            |                                                            bd_0_hls_inst_0 |      26433 |      14340 |   10144 | 1949 | 20787 |     21 |     39 |    0 |        289 |
|       inst                                                              |                                             bd_0_hls_inst_0_integrated_gcn |      26433 |      14340 |   10144 | 1949 | 20787 |     21 |     39 |    0 |        289 |
|         (inst)                                                          |                                             bd_0_hls_inst_0_integrated_gcn |         11 |          5 |       0 |    6 |   465 |      0 |      0 |    0 |          0 |
|         control_s_axi_U                                                 |                               bd_0_hls_inst_0_integrated_gcn_control_s_axi |        438 |        438 |       0 |    0 |   490 |      0 |      0 |    0 |          0 |
|         gmem0_m_axi_U                                                   |                                 bd_0_hls_inst_0_integrated_gcn_gmem0_m_axi |        930 |        871 |       0 |   59 |  1669 |      7 |      1 |    0 |          0 |
|           bus_read                                                      |                            bd_0_hls_inst_0_integrated_gcn_gmem0_m_axi_read |        799 |        799 |       0 |    0 |  1497 |      0 |      0 |    0 |          0 |
|             rreq_burst_conv                                             |                 bd_0_hls_inst_0_integrated_gcn_gmem0_m_axi_burst_converter |        230 |        230 |       0 |    0 |   425 |      0 |      0 |    0 |          0 |
|               burst_sequential                                          |                bd_0_hls_inst_0_integrated_gcn_gmem0_m_axi_burst_sequential |        230 |        230 |       0 |    0 |   425 |      0 |      0 |    0 |          0 |
|                 (burst_sequential)                                      |                bd_0_hls_inst_0_integrated_gcn_gmem0_m_axi_burst_sequential |        122 |        122 |       0 |    0 |   300 |      0 |      0 |    0 |          0 |
|                 rs_req                                                  |                       bd_0_hls_inst_0_integrated_gcn_gmem0_m_axi_reg_slice |        108 |        108 |       0 |    0 |   125 |      0 |      0 |    0 |          0 |
|             rs_rdata                                                    |       bd_0_hls_inst_0_integrated_gcn_gmem0_m_axi_reg_slice__parameterized0 |        531 |        531 |       0 |    0 |  1041 |      0 |      0 |    0 |          0 |
|           load_unit_0                                                   |                            bd_0_hls_inst_0_integrated_gcn_gmem0_m_axi_load |        132 |         73 |       0 |   59 |   172 |      7 |      1 |    0 |          0 |
|             (load_unit_0)                                               |                            bd_0_hls_inst_0_integrated_gcn_gmem0_m_axi_load |          1 |          1 |       0 |    0 |    62 |      0 |      0 |    0 |          0 |
|             buff_rdata                                                  |            bd_0_hls_inst_0_integrated_gcn_gmem0_m_axi_fifo__parameterized0 |         53 |         53 |       0 |    0 |    37 |      7 |      1 |    0 |          0 |
|             fifo_rreq                                                   |                            bd_0_hls_inst_0_integrated_gcn_gmem0_m_axi_fifo |         78 |         19 |       0 |   59 |    73 |      0 |      0 |    0 |          0 |
|               U_fifo_srl                                                |                             bd_0_hls_inst_0_integrated_gcn_gmem0_m_axi_srl |         62 |          3 |       0 |   59 |    59 |      0 |      0 |    0 |          0 |
|         gmem1_m_axi_U                                                   |                                 bd_0_hls_inst_0_integrated_gcn_gmem1_m_axi |        944 |        882 |       0 |   62 |  1686 |      7 |      1 |    0 |          0 |
|           load_unit_0                                                   |                            bd_0_hls_inst_0_integrated_gcn_gmem1_m_axi_load |        129 |         67 |       0 |   62 |   180 |      7 |      1 |    0 |          0 |
|             (load_unit_0)                                               |                            bd_0_hls_inst_0_integrated_gcn_gmem1_m_axi_load |          0 |          0 |       0 |    0 |    67 |      0 |      0 |    0 |          0 |
|             fifo_rreq                                                   |                            bd_0_hls_inst_0_integrated_gcn_gmem1_m_axi_fifo |         87 |         25 |       0 |   62 |    76 |      0 |      0 |    0 |          0 |
|               U_fifo_srl                                                |                             bd_0_hls_inst_0_integrated_gcn_gmem1_m_axi_srl |         68 |          6 |       0 |   62 |    62 |      0 |      0 |    0 |          0 |
|           bus_read                                                      |                            bd_0_hls_inst_0_integrated_gcn_gmem1_m_axi_read |        815 |        815 |       0 |    0 |  1506 |      0 |      0 |    0 |          0 |
|             rreq_burst_conv                                             |                 bd_0_hls_inst_0_integrated_gcn_gmem1_m_axi_burst_converter |        242 |        242 |       0 |    0 |   434 |      0 |      0 |    0 |          0 |
|               burst_sequential                                          |                bd_0_hls_inst_0_integrated_gcn_gmem1_m_axi_burst_sequential |        242 |        242 |       0 |    0 |   434 |      0 |      0 |    0 |          0 |
|                 (burst_sequential)                                      |                bd_0_hls_inst_0_integrated_gcn_gmem1_m_axi_burst_sequential |        126 |        126 |       0 |    0 |   299 |      0 |      0 |    0 |          0 |
|                 rs_req                                                  |                       bd_0_hls_inst_0_integrated_gcn_gmem1_m_axi_reg_slice |        116 |        116 |       0 |    0 |   135 |      0 |      0 |    0 |          0 |
|             rs_rdata                                                    |       bd_0_hls_inst_0_integrated_gcn_gmem1_m_axi_reg_slice__parameterized0 |        538 |        538 |       0 |    0 |  1041 |      0 |      0 |    0 |          0 |
|         gmem2_m_axi_U                                                   |                                 bd_0_hls_inst_0_integrated_gcn_gmem2_m_axi |       2158 |       1400 |       0 |  758 |  3717 |      7 |      1 |    0 |          0 |
|           bus_read                                                      |                            bd_0_hls_inst_0_integrated_gcn_gmem2_m_axi_read |        797 |        797 |       0 |    0 |  1497 |      0 |      0 |    0 |          0 |
|             rreq_burst_conv                                             |             bd_0_hls_inst_0_integrated_gcn_gmem2_m_axi_burst_converter_914 |        230 |        230 |       0 |    0 |   425 |      0 |      0 |    0 |          0 |
|               burst_sequential                                          |            bd_0_hls_inst_0_integrated_gcn_gmem2_m_axi_burst_sequential_915 |        230 |        230 |       0 |    0 |   425 |      0 |      0 |    0 |          0 |
|                 (burst_sequential)                                      |            bd_0_hls_inst_0_integrated_gcn_gmem2_m_axi_burst_sequential_915 |        121 |        121 |       0 |    0 |   300 |      0 |      0 |    0 |          0 |
|                 rs_req                                                  |                   bd_0_hls_inst_0_integrated_gcn_gmem2_m_axi_reg_slice_916 |        109 |        109 |       0 |    0 |   125 |      0 |      0 |    0 |          0 |
|             rs_rdata                                                    |       bd_0_hls_inst_0_integrated_gcn_gmem2_m_axi_reg_slice__parameterized3 |        530 |        530 |       0 |    0 |  1041 |      0 |      0 |    0 |          0 |
|           bus_write                                                     |                           bd_0_hls_inst_0_integrated_gcn_gmem2_m_axi_write |        429 |        370 |       0 |   59 |  1252 |      0 |      0 |    0 |          0 |
|             wreq_burst_conv                                             |                 bd_0_hls_inst_0_integrated_gcn_gmem2_m_axi_burst_converter |        229 |        229 |       0 |    0 |   425 |      0 |      0 |    0 |          0 |
|               burst_sequential                                          |                bd_0_hls_inst_0_integrated_gcn_gmem2_m_axi_burst_sequential |        229 |        229 |       0 |    0 |   425 |      0 |      0 |    0 |          0 |
|                 (burst_sequential)                                      |                bd_0_hls_inst_0_integrated_gcn_gmem2_m_axi_burst_sequential |        121 |        121 |       0 |    0 |   300 |      0 |      0 |    0 |          0 |
|                 rs_req                                                  |                       bd_0_hls_inst_0_integrated_gcn_gmem2_m_axi_reg_slice |        108 |        108 |       0 |    0 |   125 |      0 |      0 |    0 |          0 |
|             wreq_throttle                                               |                        bd_0_hls_inst_0_integrated_gcn_gmem2_m_axi_throttle |        173 |        115 |       0 |   58 |   804 |      0 |      0 |    0 |          0 |
|               (wreq_throttle)                                           |                        bd_0_hls_inst_0_integrated_gcn_gmem2_m_axi_throttle |          6 |          6 |       0 |    0 |   587 |      0 |      0 |    0 |          0 |
|               fifo_burst_gen[0].fifo_req                                |            bd_0_hls_inst_0_integrated_gcn_gmem2_m_axi_fifo__parameterized5 |         80 |         22 |       0 |   58 |    75 |      0 |      0 |    0 |          0 |
|                 U_fifo_srl                                              |             bd_0_hls_inst_0_integrated_gcn_gmem2_m_axi_srl__parameterized4 |         59 |          1 |       0 |   58 |    58 |      0 |      0 |    0 |          0 |
|               rs_req                                                    |       bd_0_hls_inst_0_integrated_gcn_gmem2_m_axi_reg_slice__parameterized1 |         69 |         69 |       0 |    0 |   129 |      0 |      0 |    0 |          0 |
|           load_unit_0                                                   |                            bd_0_hls_inst_0_integrated_gcn_gmem2_m_axi_load |        169 |        110 |       0 |   59 |   172 |      7 |      1 |    0 |          0 |
|             (load_unit_0)                                               |                            bd_0_hls_inst_0_integrated_gcn_gmem2_m_axi_load |          1 |          1 |       0 |    0 |    62 |      0 |      0 |    0 |          0 |
|             buff_rdata                                                  |            bd_0_hls_inst_0_integrated_gcn_gmem2_m_axi_fifo__parameterized4 |         89 |         89 |       0 |    0 |    37 |      7 |      1 |    0 |          0 |
|               (buff_rdata)                                              |            bd_0_hls_inst_0_integrated_gcn_gmem2_m_axi_fifo__parameterized4 |         81 |         81 |       0 |    0 |    37 |      0 |      0 |    0 |          0 |
|             fifo_rreq                                                   |        bd_0_hls_inst_0_integrated_gcn_gmem2_m_axi_fifo__parameterized0_908 |         79 |         20 |       0 |   59 |    73 |      0 |      0 |    0 |          0 |
|               U_fifo_srl                                                |         bd_0_hls_inst_0_integrated_gcn_gmem2_m_axi_srl__parameterized0_909 |         63 |          4 |       0 |   59 |    59 |      0 |      0 |    0 |          0 |
|           store_unit_0                                                  |                           bd_0_hls_inst_0_integrated_gcn_gmem2_m_axi_store |        763 |        123 |       0 |  640 |   796 |      0 |      0 |    0 |          0 |
|             (store_unit_0)                                              |                           bd_0_hls_inst_0_integrated_gcn_gmem2_m_axi_store |          2 |          2 |       0 |    0 |    74 |      0 |      0 |    0 |          0 |
|             buff_wdata                                                  |            bd_0_hls_inst_0_integrated_gcn_gmem2_m_axi_fifo__parameterized1 |        602 |         26 |       0 |  576 |   599 |      0 |      0 |    0 |          0 |
|               U_fifo_srl                                                |             bd_0_hls_inst_0_integrated_gcn_gmem2_m_axi_srl__parameterized1 |        577 |          1 |       0 |  576 |   576 |      0 |      0 |    0 |          0 |
|             fifo_wreq                                                   |            bd_0_hls_inst_0_integrated_gcn_gmem2_m_axi_fifo__parameterized0 |         78 |         19 |       0 |   59 |    73 |      0 |      0 |    0 |          0 |
|               U_fifo_srl                                                |             bd_0_hls_inst_0_integrated_gcn_gmem2_m_axi_srl__parameterized0 |         62 |          3 |       0 |   59 |    59 |      0 |      0 |    0 |          0 |
|         gmem3_m_axi_U                                                   |                                 bd_0_hls_inst_0_integrated_gcn_gmem3_m_axi |        491 |        424 |       0 |   67 |   772 |      0 |      1 |    0 |          0 |
|           bus_read                                                      |                            bd_0_hls_inst_0_integrated_gcn_gmem3_m_axi_read |        348 |        348 |       0 |    0 |   580 |      0 |      0 |    0 |          0 |
|             rreq_burst_conv                                             |                 bd_0_hls_inst_0_integrated_gcn_gmem3_m_axi_burst_converter |        272 |        272 |       0 |    0 |   478 |      0 |      0 |    0 |          0 |
|               burst_sequential                                          |                bd_0_hls_inst_0_integrated_gcn_gmem3_m_axi_burst_sequential |        272 |        272 |       0 |    0 |   478 |      0 |      0 |    0 |          0 |
|                 (burst_sequential)                                      |                bd_0_hls_inst_0_integrated_gcn_gmem3_m_axi_burst_sequential |        158 |        158 |       0 |    0 |   329 |      0 |      0 |    0 |          0 |
|                 rs_req                                                  |                       bd_0_hls_inst_0_integrated_gcn_gmem3_m_axi_reg_slice |        114 |        114 |       0 |    0 |   149 |      0 |      0 |    0 |          0 |
|             rs_rdata                                                    |       bd_0_hls_inst_0_integrated_gcn_gmem3_m_axi_reg_slice__parameterized0 |         40 |         40 |       0 |    0 |    71 |      0 |      0 |    0 |          0 |
|           load_unit_0                                                   |                            bd_0_hls_inst_0_integrated_gcn_gmem3_m_axi_load |        143 |         76 |       0 |   67 |   192 |      0 |      1 |    0 |          0 |
|             (load_unit_0)                                               |                            bd_0_hls_inst_0_integrated_gcn_gmem3_m_axi_load |          1 |          1 |       0 |    0 |    74 |      0 |      0 |    0 |          0 |
|             fifo_rreq                                                   |                            bd_0_hls_inst_0_integrated_gcn_gmem3_m_axi_fifo |         94 |         27 |       0 |   67 |    81 |      0 |      0 |    0 |          0 |
|               U_fifo_srl                                                |                             bd_0_hls_inst_0_integrated_gcn_gmem3_m_axi_srl |         76 |          9 |       0 |   67 |    67 |      0 |      0 |    0 |          0 |
|         gmem4_m_axi_U                                                   |                                 bd_0_hls_inst_0_integrated_gcn_gmem4_m_axi |        572 |        479 |       0 |   93 |   861 |      0 |      1 |    0 |          0 |
|           bus_read                                                      |                            bd_0_hls_inst_0_integrated_gcn_gmem4_m_axi_read |        371 |        371 |       0 |    0 |   623 |      0 |      0 |    0 |          0 |
|             rreq_burst_conv                                             |                 bd_0_hls_inst_0_integrated_gcn_gmem4_m_axi_burst_converter |        295 |        295 |       0 |    0 |   521 |      0 |      0 |    0 |          0 |
|               burst_sequential                                          |                bd_0_hls_inst_0_integrated_gcn_gmem4_m_axi_burst_sequential |        295 |        295 |       0 |    0 |   521 |      0 |      0 |    0 |          0 |
|                 (burst_sequential)                                      |                bd_0_hls_inst_0_integrated_gcn_gmem4_m_axi_burst_sequential |        147 |        147 |       0 |    0 |   332 |      0 |      0 |    0 |          0 |
|                 rs_req                                                  |                       bd_0_hls_inst_0_integrated_gcn_gmem4_m_axi_reg_slice |        148 |        148 |       0 |    0 |   189 |      0 |      0 |    0 |          0 |
|             rs_rdata                                                    |       bd_0_hls_inst_0_integrated_gcn_gmem4_m_axi_reg_slice__parameterized0 |         40 |         40 |       0 |    0 |    71 |      0 |      0 |    0 |          0 |
|           load_unit_0                                                   |                            bd_0_hls_inst_0_integrated_gcn_gmem4_m_axi_load |        201 |        108 |       0 |   93 |   238 |      0 |      1 |    0 |          0 |
|             (load_unit_0)                                               |                            bd_0_hls_inst_0_integrated_gcn_gmem4_m_axi_load |          1 |          1 |       0 |    0 |    94 |      0 |      0 |    0 |          0 |
|             fifo_rreq                                                   |                            bd_0_hls_inst_0_integrated_gcn_gmem4_m_axi_fifo |        152 |         59 |       0 |   93 |   107 |      0 |      0 |    0 |          0 |
|               U_fifo_srl                                                |                             bd_0_hls_inst_0_integrated_gcn_gmem4_m_axi_srl |        134 |         41 |       0 |   93 |    93 |      0 |      0 |    0 |          0 |
|         gmem5_m_axi_U                                                   |                                 bd_0_hls_inst_0_integrated_gcn_gmem5_m_axi |        714 |        615 |       0 |   99 |  1004 |      0 |      1 |    0 |          0 |
|           bus_read                                                      |                            bd_0_hls_inst_0_integrated_gcn_gmem5_m_axi_read |        392 |        392 |       0 |    0 |   631 |      0 |      0 |    0 |          0 |
|             rreq_burst_conv                                             |                 bd_0_hls_inst_0_integrated_gcn_gmem5_m_axi_burst_converter |        314 |        314 |       0 |    0 |   529 |      0 |      0 |    0 |          0 |
|               burst_sequential                                          |                bd_0_hls_inst_0_integrated_gcn_gmem5_m_axi_burst_sequential |        314 |        314 |       0 |    0 |   529 |      0 |      0 |    0 |          0 |
|                 (burst_sequential)                                      |                bd_0_hls_inst_0_integrated_gcn_gmem5_m_axi_burst_sequential |        148 |        148 |       0 |    0 |   332 |      0 |      0 |    0 |          0 |
|                 rs_req                                                  |       bd_0_hls_inst_0_integrated_gcn_gmem5_m_axi_reg_slice__parameterized0 |        166 |        166 |       0 |    0 |   197 |      0 |      0 |    0 |          0 |
|             rs_rdata                                                    |       bd_0_hls_inst_0_integrated_gcn_gmem5_m_axi_reg_slice__parameterized1 |         40 |         40 |       0 |    0 |    71 |      0 |      0 |    0 |          0 |
|           load_unit_0                                                   |                            bd_0_hls_inst_0_integrated_gcn_gmem5_m_axi_load |        322 |        223 |       0 |   99 |   373 |      0 |      1 |    0 |          0 |
|             (load_unit_0)                                               |                            bd_0_hls_inst_0_integrated_gcn_gmem5_m_axi_load |          0 |          0 |       0 |    0 |   135 |      0 |      0 |    0 |          0 |
|             buff_rdata                                                  |            bd_0_hls_inst_0_integrated_gcn_gmem5_m_axi_fifo__parameterized1 |         50 |         50 |       0 |    0 |    37 |      0 |      1 |    0 |          0 |
|             bus_wide_gen.rreq_offset                                    |                            bd_0_hls_inst_0_integrated_gcn_gmem5_m_axi_fifo |         57 |         53 |       0 |    4 |    21 |      0 |      0 |    0 |          0 |
|             bus_wide_gen.rs_rdata_int                                   |                       bd_0_hls_inst_0_integrated_gcn_gmem5_m_axi_reg_slice |         64 |         64 |       0 |    0 |    71 |      0 |      0 |    0 |          0 |
|             fifo_rreq                                                   |            bd_0_hls_inst_0_integrated_gcn_gmem5_m_axi_fifo__parameterized0 |        151 |         56 |       0 |   95 |   109 |      0 |      0 |    0 |          0 |
|               U_fifo_srl                                                |             bd_0_hls_inst_0_integrated_gcn_gmem5_m_axi_srl__parameterized0 |        136 |         41 |       0 |   95 |    95 |      0 |      0 |    0 |          0 |
|         gmem6_m_axi_U                                                   |                                 bd_0_hls_inst_0_integrated_gcn_gmem6_m_axi |       1187 |        488 |       0 |  699 |  2043 |      0 |      0 |    0 |          0 |
|           bus_write                                                     |                           bd_0_hls_inst_0_integrated_gcn_gmem6_m_axi_write |        431 |        372 |       0 |   59 |  1252 |      0 |      0 |    0 |          0 |
|             wreq_burst_conv                                             |                 bd_0_hls_inst_0_integrated_gcn_gmem6_m_axi_burst_converter |        229 |        229 |       0 |    0 |   425 |      0 |      0 |    0 |          0 |
|               burst_sequential                                          |                bd_0_hls_inst_0_integrated_gcn_gmem6_m_axi_burst_sequential |        229 |        229 |       0 |    0 |   425 |      0 |      0 |    0 |          0 |
|                 (burst_sequential)                                      |                bd_0_hls_inst_0_integrated_gcn_gmem6_m_axi_burst_sequential |        121 |        121 |       0 |    0 |   300 |      0 |      0 |    0 |          0 |
|                 rs_req                                                  |                       bd_0_hls_inst_0_integrated_gcn_gmem6_m_axi_reg_slice |        108 |        108 |       0 |    0 |   125 |      0 |      0 |    0 |          0 |
|             wreq_throttle                                               |                        bd_0_hls_inst_0_integrated_gcn_gmem6_m_axi_throttle |        175 |        117 |       0 |   58 |   804 |      0 |      0 |    0 |          0 |
|               (wreq_throttle)                                           |                        bd_0_hls_inst_0_integrated_gcn_gmem6_m_axi_throttle |          7 |          7 |       0 |    0 |   587 |      0 |      0 |    0 |          0 |
|               fifo_burst_gen[0].fifo_req                                |            bd_0_hls_inst_0_integrated_gcn_gmem6_m_axi_fifo__parameterized4 |         80 |         22 |       0 |   58 |    75 |      0 |      0 |    0 |          0 |
|                 U_fifo_srl                                              |             bd_0_hls_inst_0_integrated_gcn_gmem6_m_axi_srl__parameterized4 |         59 |          1 |       0 |   58 |    58 |      0 |      0 |    0 |          0 |
|               rs_req                                                    |       bd_0_hls_inst_0_integrated_gcn_gmem6_m_axi_reg_slice__parameterized1 |         69 |         69 |       0 |    0 |   129 |      0 |      0 |    0 |          0 |
|           store_unit_0                                                  |                           bd_0_hls_inst_0_integrated_gcn_gmem6_m_axi_store |        756 |        116 |       0 |  640 |   791 |      0 |      0 |    0 |          0 |
|             (store_unit_0)                                              |                           bd_0_hls_inst_0_integrated_gcn_gmem6_m_axi_store |          2 |          2 |       0 |    0 |    74 |      0 |      0 |    0 |          0 |
|             buff_wdata                                                  |            bd_0_hls_inst_0_integrated_gcn_gmem6_m_axi_fifo__parameterized1 |        602 |         26 |       0 |  576 |   599 |      0 |      0 |    0 |          0 |
|               U_fifo_srl                                                |             bd_0_hls_inst_0_integrated_gcn_gmem6_m_axi_srl__parameterized1 |        576 |          0 |       0 |  576 |   576 |      0 |      0 |    0 |          0 |
|             fifo_wreq                                                   |            bd_0_hls_inst_0_integrated_gcn_gmem6_m_axi_fifo__parameterized0 |         72 |         13 |       0 |   59 |    70 |      0 |      0 |    0 |          0 |
|               U_fifo_srl                                                |             bd_0_hls_inst_0_integrated_gcn_gmem6_m_axi_srl__parameterized0 |         62 |          3 |       0 |   59 |    59 |      0 |      0 |    0 |          0 |
|         grp_gemm_stage_fu_148                                           |                                  bd_0_hls_inst_0_integrated_gcn_gemm_stage |      16109 |       6966 |    9080 |   63 |  6376 |      0 |      0 |    0 |        257 |
|           gemm_write_U0                                                 |                                  bd_0_hls_inst_0_integrated_gcn_gemm_write |         72 |         70 |       0 |    2 |   608 |      0 |      0 |    0 |          0 |
|             (gemm_write_U0)                                             |                                  bd_0_hls_inst_0_integrated_gcn_gemm_write |         40 |         38 |       0 |    2 |   607 |      0 |      0 |    0 |          0 |
|           W_stream_U                                                    |                             bd_0_hls_inst_0_integrated_gcn_fifo_w512_d16_A |        319 |         23 |     296 |    0 |   537 |      0 |      0 |    0 |          0 |
|             U_integrated_gcn_fifo_w512_d16_A_ram                        |                     bd_0_hls_inst_0_integrated_gcn_fifo_w512_d16_A_ram_902 |        297 |          1 |     296 |    0 |   512 |      0 |      0 |    0 |          0 |
|           XW_stream_U                                                   |                         bd_0_hls_inst_0_integrated_gcn_fifo_w512_d16_A_128 |        309 |         13 |     296 |    0 |   533 |      0 |      0 |    0 |          0 |
|             U_integrated_gcn_fifo_w512_d16_A_ram                        |                     bd_0_hls_inst_0_integrated_gcn_fifo_w512_d16_A_ram_901 |        296 |          0 |     296 |    0 |   512 |      0 |      0 |    0 |          0 |
|           X_stream_U                                                    |                         bd_0_hls_inst_0_integrated_gcn_fifo_w512_d16_A_129 |        321 |         25 |     296 |    0 |   539 |      0 |      0 |    0 |          0 |
|             U_integrated_gcn_fifo_w512_d16_A_ram                        |                         bd_0_hls_inst_0_integrated_gcn_fifo_w512_d16_A_ram |        298 |          2 |     296 |    0 |   512 |      0 |      0 |    0 |          0 |
|           gemm_compute_U0                                               |                                bd_0_hls_inst_0_integrated_gcn_gemm_compute |      14847 |       6654 |    8192 |    1 |  3843 |      0 |      0 |    0 |        256 |
|             (gemm_compute_U0)                                           |                                bd_0_hls_inst_0_integrated_gcn_gemm_compute |       4118 |       4118 |       0 |    0 |    51 |      0 |      0 |    0 |          0 |
|             grp_gemm_compute_Pipeline_COMP_EMIT_fu_1594                 |             bd_0_hls_inst_0_integrated_gcn_gemm_compute_Pipeline_COMP_EMIT |       1956 |       1956 |       0 |    0 |    30 |      0 |      0 |    0 |          0 |
|               (grp_gemm_compute_Pipeline_COMP_EMIT_fu_1594)             |             bd_0_hls_inst_0_integrated_gcn_gemm_compute_Pipeline_COMP_EMIT |       1857 |       1857 |       0 |    0 |    28 |      0 |      0 |    0 |          0 |
|               flow_control_loop_pipe_sequential_init_U                  |  bd_0_hls_inst_0_integrated_gcn_flow_control_loop_pipe_sequential_init_900 |         99 |         99 |       0 |    0 |     2 |      0 |      0 |    0 |          0 |
|             grp_gemm_compute_Pipeline_COMP_INIT_fu_1070                 |             bd_0_hls_inst_0_integrated_gcn_gemm_compute_Pipeline_COMP_INIT |        235 |        235 |       0 |    0 |     9 |      0 |      0 |    0 |          0 |
|               flow_control_loop_pipe_sequential_init_U                  |  bd_0_hls_inst_0_integrated_gcn_flow_control_loop_pipe_sequential_init_899 |        233 |        233 |       0 |    0 |     2 |      0 |      0 |    0 |          0 |
|             grp_gemm_compute_Pipeline_COMP_KB_COMP_K_COMP_I_fu_1330     | bd_0_hls_inst_0_integrated_gcn_gemm_compute_Pipeline_COMP_KB_COMP_K_COMP_I |        346 |        345 |       0 |    1 |   681 |      0 |      0 |    0 |        256 |
|               (grp_gemm_compute_Pipeline_COMP_KB_COMP_K_COMP_I_fu_1330) | bd_0_hls_inst_0_integrated_gcn_gemm_compute_Pipeline_COMP_KB_COMP_K_COMP_I |        145 |        144 |       0 |    1 |   679 |      0 |      0 |    0 |          0 |
|           gemm_read_W_U0                                                |                                 bd_0_hls_inst_0_integrated_gcn_gemm_read_W |         72 |         71 |       0 |    1 |   117 |      0 |      0 |    0 |          0 |
|             (gemm_read_W_U0)                                            |                                 bd_0_hls_inst_0_integrated_gcn_gemm_read_W |         18 |         17 |       0 |    1 |   116 |      0 |      0 |    0 |          0 |
|             flow_control_loop_pipe_U                                    |                  bd_0_hls_inst_0_integrated_gcn_flow_control_loop_pipe_132 |         54 |         54 |       0 |    0 |     1 |      0 |      0 |    0 |          0 |
|           gemm_read_X_U0                                                |                                 bd_0_hls_inst_0_integrated_gcn_gemm_read_X |        156 |         97 |       0 |   59 |   188 |      0 |      0 |    0 |          1 |
|             (gemm_read_X_U0)                                            |                                 bd_0_hls_inst_0_integrated_gcn_gemm_read_X |         90 |         31 |       0 |   59 |   187 |      0 |      0 |    0 |          0 |
|             flow_control_loop_pipe_U                                    |                  bd_0_hls_inst_0_integrated_gcn_flow_control_loop_pipe_131 |         56 |         56 |       0 |    0 |     1 |      0 |      0 |    0 |          0 |
|         grp_spmm_stage_fu_164                                           |                                  bd_0_hls_inst_0_integrated_gcn_spmm_stage |       2879 |       1772 |    1064 |   43 |  1704 |      0 |     33 |    0 |         32 |
|           spmm_compute_U0                                               |                                bd_0_hls_inst_0_integrated_gcn_spmm_compute |       1807 |        782 |    1024 |    1 |   752 |      0 |     32 |    0 |         32 |
|             (spmm_compute_U0)                                           |                                bd_0_hls_inst_0_integrated_gcn_spmm_compute |         92 |         92 |       0 |    0 |   336 |      0 |      0 |    0 |          0 |
|             grp_spmm_compute_Pipeline_SPMM_MAC_fu_1529                  |              bd_0_hls_inst_0_integrated_gcn_spmm_compute_Pipeline_SPMM_MAC |        535 |        534 |       0 |    1 |    13 |      0 |      0 |    0 |         32 |
|             grp_spmm_compute_Pipeline_SPMM_WRITE_fu_1491                |            bd_0_hls_inst_0_integrated_gcn_spmm_compute_Pipeline_SPMM_WRITE |        147 |        147 |       0 |    0 |    15 |      0 |      0 |    0 |          0 |
|               (grp_spmm_compute_Pipeline_SPMM_WRITE_fu_1491)            |            bd_0_hls_inst_0_integrated_gcn_spmm_compute_Pipeline_SPMM_WRITE |        125 |        125 |       0 |    0 |    13 |      0 |      0 |    0 |          0 |
|           spmm_load_csr_U0                                              |                               bd_0_hls_inst_0_integrated_gcn_spmm_load_csr |        247 |        247 |       0 |    0 |   206 |      0 |      0 |    0 |          0 |
|             (spmm_load_csr_U0)                                          |                               bd_0_hls_inst_0_integrated_gcn_spmm_load_csr |        136 |        136 |       0 |    0 |    79 |      0 |      0 |    0 |          0 |
|             grp_spmm_load_csr_Pipeline_LOAD_NNZ_fu_128                  |             bd_0_hls_inst_0_integrated_gcn_spmm_load_csr_Pipeline_LOAD_NNZ |         83 |         83 |       0 |    0 |    78 |      0 |      0 |    0 |          0 |
|               (grp_spmm_load_csr_Pipeline_LOAD_NNZ_fu_128)              |             bd_0_hls_inst_0_integrated_gcn_spmm_load_csr_Pipeline_LOAD_NNZ |         10 |         10 |       0 |    0 |    76 |      0 |      0 |    0 |          0 |
|               flow_control_loop_pipe_sequential_init_U                  |    bd_0_hls_inst_0_integrated_gcn_flow_control_loop_pipe_sequential_init_0 |         73 |         73 |       0 |    0 |     2 |      0 |      0 |    0 |          0 |
|           spmm_store_U0                                                 |                                  bd_0_hls_inst_0_integrated_gcn_spmm_store |        602 |        600 |       0 |    2 |   632 |      0 |      0 |    0 |          0 |
|             (spmm_store_U0)                                             |                                  bd_0_hls_inst_0_integrated_gcn_spmm_store |        536 |        534 |       0 |    2 |   631 |      0 |      0 |    0 |          0 |
|             flow_control_loop_pipe_U                                    |                      bd_0_hls_inst_0_integrated_gcn_flow_control_loop_pipe |         66 |         66 |       0 |    0 |     1 |      0 |      0 |    0 |          0 |
|           val_fifo_U                                                    |                              bd_0_hls_inst_0_integrated_gcn_fifo_w8_d256_A |         96 |         56 |      40 |    0 |    45 |      0 |      0 |    0 |          0 |
|             U_integrated_gcn_fifo_w8_d256_A_ram                         |                          bd_0_hls_inst_0_integrated_gcn_fifo_w8_d256_A_ram |         53 |         13 |      40 |    0 |     8 |      0 |      0 |    0 |          0 |
+-------------------------------------------------------------------------+----------------------------------------------------------------------------+------------+------------+---------+------+-------+--------+--------+------+------------+


