INFO: [SIM 2] *************** CSIM start ***************
   Compiling ../../../../../../../src/integrated-gcn/integrated_gcn_approx.cpp in debug mode
   Generating csim.exe
NNZ = 13264

Running integrated_gcn_approx (A*(X*W), 8-bit approx)...
  DTYPE:  ap_fixed<8,6>
  DSIZE:  64
  GEMM:   X(2708x1433) * W(1433x64)
  SpMM:   A(2708x2708) * H_temp(2708x64)
Wrote H_out to /home/nat/dev/trinners/mai_proj/hls/gcn_hls/cora_bin/H_out_approx.bin
-----------------------------
GCN Layer (approx): A*(X*W)
Max error:       3.32351
MSE:             0.667998
RMSE:            0.817312
Frobenius(diff): 340.253
Frobenius(ref):  78.094
Relative Frob:   4.35697
Errors (>5): 0 / 173312
TEST PASSED
-----------------------------
INFO [HLS SIM]: The maximum depth reached by any hls::stream() instance in the design is 173312
INFO: [SIM 1] CSim done with 0 errors.
INFO: [SIM 3] *************** CSIM finish ***************
