# ---------------------------------------------------------------------------
# Created on Thu Apr 16 11:57:05 IST 2026 with report_failfast (2023.09.14)
# ---------------------------------------------------------------------------

 +------+
 | DONT_TOUCH (Hierarchical Cells) |
 | 0 module(s) |
 +------+
 | Cell |
 +------+
 +------+
 +----------------------------------------------------------------------------------------------+
 | DONT_TOUCH (Leaf Cells)                                                                      |
 | 8 cell(s)                                                                                    |
 +----------------------------------------------------------------------------------------------+
 | Cell                                                                                         |
 +----------------------------------------------------------------------------------------------+
 | bd_0_i/hls_inst/inst/gmem0_m_axi_U/bus_read/rreq_burst_conv/burst_sequential/first_sect_reg  |
 | bd_0_i/hls_inst/inst/gmem1_m_axi_U/bus_read/rreq_burst_conv/burst_sequential/first_sect_reg  |
 | bd_0_i/hls_inst/inst/gmem2_m_axi_U/bus_read/rreq_burst_conv/burst_sequential/first_sect_reg  |
 | bd_0_i/hls_inst/inst/gmem2_m_axi_U/bus_write/wreq_burst_conv/burst_sequential/first_sect_reg |
 | bd_0_i/hls_inst/inst/gmem3_m_axi_U/bus_read/rreq_burst_conv/burst_sequential/first_sect_reg  |
 | bd_0_i/hls_inst/inst/gmem4_m_axi_U/bus_read/rreq_burst_conv/burst_sequential/first_sect_reg  |
 | bd_0_i/hls_inst/inst/gmem5_m_axi_U/bus_read/rreq_burst_conv/burst_sequential/first_sect_reg  |
 | bd_0_i/hls_inst/inst/gmem6_m_axi_U/bus_write/wreq_burst_conv/burst_sequential/first_sect_reg |
 +----------------------------------------------------------------------------------------------+
 +---------------------------------------------------------------------------------------------------------------------------------------------------------------------------------------------------------------------------------------+
 | DONT_TOUCH (Nets)                                                                                                                                                                                                                     |
 | 8 net(s)                                                                                                                                                                                                                              |
 +------------------------------------------------------------------------------------------+--------+-------+------------+--------------------------------------------------------------------------------------------------------------+
 | Net                                                                                      | Fanout | Slack | Driver Pin | Load Pins                                                                                                    |
 +------------------------------------------------------------------------------------------+--------+-------+------------+--------------------------------------------------------------------------------------------------------------+
 | bd_0_i/hls_inst/inst/gmem3_m_axi_U/bus_read/rreq_burst_conv/burst_sequential/first_sect  | 101    | 6.314 | FDRE/Q     | LUT2/I0 (10) LUT3/I1 (53) LUT3/I2 (23) LUT5/I3 (1) LUT6/I0 (1) LUT6/I1 (7) LUT6/I3 (5) LUT6/I5 (1)           |
 | bd_0_i/hls_inst/inst/gmem4_m_axi_U/bus_read/rreq_burst_conv/burst_sequential/first_sect  | 101    | 7.505 | FDRE/Q     | LUT2/I0 (10) LUT3/I1 (53) LUT3/I2 (23) LUT5/I3 (1) LUT6/I1 (7) LUT6/I3 (6) LUT6/I5 (1)                       |
 | bd_0_i/hls_inst/inst/gmem5_m_axi_U/bus_read/rreq_burst_conv/burst_sequential/first_sect  | 101    | 8.157 | FDRE/Q     | LUT2/I0 (10) LUT3/I1 (53) LUT3/I2 (23) LUT5/I3 (1) LUT6/I1 (7) LUT6/I3 (7)                                   |
 | bd_0_i/hls_inst/inst/gmem0_m_axi_U/bus_read/rreq_burst_conv/burst_sequential/first_sect  | 97     | 7.455 | FDRE/Q     | LUT2/I0 (6) LUT3/I0 (1) LUT3/I1 (75) LUT5/I0 (1) LUT5/I3 (1) LUT6/I1 (3) LUT6/I2 (1) LUT6/I3 (8) LUT6/I4 (1) |
 | bd_0_i/hls_inst/inst/gmem1_m_axi_U/bus_read/rreq_burst_conv/burst_sequential/first_sect  | 97     | 7.842 | FDRE/Q     | LUT2/I0 (6) LUT3/I0 (1) LUT3/I1 (75) LUT5/I0 (1) LUT5/I3 (1) LUT6/I1 (3) LUT6/I2 (1) LUT6/I3 (8) LUT6/I4 (1) |
 | bd_0_i/hls_inst/inst/gmem2_m_axi_U/bus_read/rreq_burst_conv/burst_sequential/first_sect  | 97     | 7.441 | FDRE/Q     | LUT2/I0 (6) LUT3/I0 (1) LUT3/I1 (75) LUT5/I0 (1) LUT5/I3 (1) LUT6/I1 (3) LUT6/I2 (1) LUT6/I3 (8) LUT6/I4 (1) |
 | bd_0_i/hls_inst/inst/gmem2_m_axi_U/bus_write/wreq_burst_conv/burst_sequential/first_sect | 97     | 6.792 | FDRE/Q     | LUT2/I0 (6) LUT3/I0 (1) LUT3/I1 (75) LUT5/I0 (1) LUT5/I3 (1) LUT6/I1 (3) LUT6/I2 (1) LUT6/I3 (8) LUT6/I4 (1) |
 | bd_0_i/hls_inst/inst/gmem6_m_axi_U/bus_write/wreq_burst_conv/burst_sequential/first_sect | 97     | 7.258 | FDRE/Q     | LUT2/I0 (6) LUT3/I0 (1) LUT3/I1 (75) LUT5/I0 (1) LUT5/I3 (1) LUT6/I1 (3) LUT6/I2 (1) LUT6/I3 (8) LUT6/I4 (1) |
 +------------------------------------------------------------------------------------------+--------+-------+------------+--------------------------------------------------------------------------------------------------------------+
