Copyright 1986-2022 Xilinx, Inc. All Rights Reserved. Copyright 2022-2025 Advanced Micro Devices, Inc. All Rights Reserved.
--------------------------------------------------------------------------------------------------------------------------------------------------
| Tool Version      : Vivado v.2025.2 (lin64) Build 6299465 Fri Nov 14 12:34:56 MST 2025
| Date              : Sat Apr 18 16:53:35 2026
| Host              : nat-Yoga-Pro-9-16IAH10 running 64-bit Ubuntu 24.04.3 LTS
| Command           : report_timing -max_paths 10 -file ./report/integrated_gcn_timing_paths_routed.rpt
| Design            : bd_0_wrapper
| Device            : xck26-sfvc784
| Speed File        : -2LV  PRODUCTION 1.30 05-15-2022
| Design State      : Routed
| Temperature Grade : C
--------------------------------------------------------------------------------------------------------------------------------------------------

Timing Report

Slack (MET) :             2.020ns  (required time - arrival time)
  Source:                 bd_0_i/hls_inst/inst/grp_gemm_stage_fu_148/gemm_compute_U0/grp_gemm_compute_Pipeline_COMP_KB_COMP_K_COMP_I_fu_1330/lshr_ln3_reg_10341_reg[3]/C
                            (rising edge-triggered cell FDRE clocked by ap_clk  {rise@0.000ns fall@5.000ns period=10.000ns})
  Destination:            bd_0_i/hls_inst/inst/grp_gemm_stage_fu_148/gemm_compute_U0/grp_gemm_compute_Pipeline_COMP_KB_COMP_K_COMP_I_fu_1330/mac_muladd_8s_8s_16s_16_4_1_U268/integrated_gcn_mac_muladd_8s_8s_16s_16_4_1_DSP48_0_U/p_reg_reg/DSP_C_DATA_INST/C[6]
                            (rising edge-triggered cell DSP_C_DATA clocked by ap_clk  {rise@0.000ns fall@5.000ns period=10.000ns})
  Path Group:             ap_clk
  Path Type:              Setup (Max at Slow Process Corner)
  Requirement:            10.000ns  (ap_clk rise@10.000ns - ap_clk rise@0.000ns)
  Data Path Delay:        7.590ns  (logic 0.251ns (3.307%)  route 7.339ns (96.693%))
  Logic Levels:           1  (RAMD32=1)
  Clock Path Skew:        0.013ns (DCD - SCD + CPR)
    Destination Clock Delay (DCD):    0.055ns = ( 10.055 - 10.000 ) 
    Source Clock Delay      (SCD):    0.042ns
    Clock Pessimism Removal (CPR):    0.000ns
  Clock Uncertainty:      0.035ns  ((TSJ^2 + TIJ^2)^1/2 + DJ) / 2 + PE
    Total System Jitter     (TSJ):    0.071ns
    Total Input Jitter      (TIJ):    0.000ns
    Discrete Jitter          (DJ):    0.000ns
    Phase Error              (PE):    0.000ns

    Location             Delay type                Incr(ns)  Path(ns)    Netlist Resource(s)
  -------------------------------------------------------------------    -------------------
                         (clock ap_clk rise edge)     0.000     0.000 r  
                                                      0.000     0.000 r  ap_clk (IN)
                         net (fo=35366, unset)        0.042     0.042    bd_0_i/hls_inst/inst/grp_gemm_stage_fu_148/gemm_compute_U0/grp_gemm_compute_Pipeline_COMP_KB_COMP_K_COMP_I_fu_1330/ap_clk
    SLICE_X44Y128        FDRE                                         r  bd_0_i/hls_inst/inst/grp_gemm_stage_fu_148/gemm_compute_U0/grp_gemm_compute_Pipeline_COMP_KB_COMP_K_COMP_I_fu_1330/lshr_ln3_reg_10341_reg[3]/C
  -------------------------------------------------------------------    -------------------
    SLICE_X44Y128        FDRE (Prop_EFF2_SLICEL_C_Q)
                                                      0.116     0.158 r  bd_0_i/hls_inst/inst/grp_gemm_stage_fu_148/gemm_compute_U0/grp_gemm_compute_Pipeline_COMP_KB_COMP_K_COMP_I_fu_1330/lshr_ln3_reg_10341_reg[3]/Q
                         net (fo=4097, routed)        6.967     7.125    bd_0_i/hls_inst/inst/grp_gemm_stage_fu_148/gemm_compute_U0/XW_block_1_U/ram_reg_0_15_6_6/DPRA3
    SLICE_X29Y188        RAMD32 (Prop_C6LUT_SLICEM_RADR3_O)
                                                      0.135     7.260 r  bd_0_i/hls_inst/inst/grp_gemm_stage_fu_148/gemm_compute_U0/XW_block_1_U/ram_reg_0_15_6_6/DP/O
                         net (fo=1, routed)           0.372     7.632    bd_0_i/hls_inst/inst/grp_gemm_stage_fu_148/gemm_compute_U0/grp_gemm_compute_Pipeline_COMP_KB_COMP_K_COMP_I_fu_1330/mac_muladd_8s_8s_16s_16_4_1_U268/integrated_gcn_mac_muladd_8s_8s_16s_16_4_1_DSP48_0_U/p_reg_reg/C[6]
    DSP48E2_X7Y76        DSP_C_DATA                                   r  bd_0_i/hls_inst/inst/grp_gemm_stage_fu_148/gemm_compute_U0/grp_gemm_compute_Pipeline_COMP_KB_COMP_K_COMP_I_fu_1330/mac_muladd_8s_8s_16s_16_4_1_U268/integrated_gcn_mac_muladd_8s_8s_16s_16_4_1_DSP48_0_U/p_reg_reg/DSP_C_DATA_INST/C[6]
  -------------------------------------------------------------------    -------------------

                         (clock ap_clk rise edge)    10.000    10.000 r  
                                                      0.000    10.000 r  ap_clk (IN)
                         net (fo=35366, unset)        0.055    10.055    bd_0_i/hls_inst/inst/grp_gemm_stage_fu_148/gemm_compute_U0/grp_gemm_compute_Pipeline_COMP_KB_COMP_K_COMP_I_fu_1330/mac_muladd_8s_8s_16s_16_4_1_U268/integrated_gcn_mac_muladd_8s_8s_16s_16_4_1_DSP48_0_U/p_reg_reg/CLK
    DSP48E2_X7Y76        DSP_C_DATA                                   r  bd_0_i/hls_inst/inst/grp_gemm_stage_fu_148/gemm_compute_U0/grp_gemm_compute_Pipeline_COMP_KB_COMP_K_COMP_I_fu_1330/mac_muladd_8s_8s_16s_16_4_1_U268/integrated_gcn_mac_muladd_8s_8s_16s_16_4_1_DSP48_0_U/p_reg_reg/DSP_C_DATA_INST/CLK
                         clock pessimism              0.000    10.055    
                         clock uncertainty           -0.035    10.020    
    DSP48E2_X7Y76        DSP_C_DATA (Setup_DSP_C_DATA_DSP48E2_CLK_C[6])
                                                     -0.368     9.652    bd_0_i/hls_inst/inst/grp_gemm_stage_fu_148/gemm_compute_U0/grp_gemm_compute_Pipeline_COMP_KB_COMP_K_COMP_I_fu_1330/mac_muladd_8s_8s_16s_16_4_1_U268/integrated_gcn_mac_muladd_8s_8s_16s_16_4_1_DSP48_0_U/p_reg_reg/DSP_C_DATA_INST
  -------------------------------------------------------------------
                         required time                          9.652    
                         arrival time                          -7.632    
  -------------------------------------------------------------------
                         slack                                  2.020    

Slack (MET) :             2.043ns  (required time - arrival time)
  Source:                 bd_0_i/hls_inst/inst/grp_gemm_stage_fu_148/gemm_compute_U0/grp_gemm_compute_Pipeline_COMP_KB_COMP_K_COMP_I_fu_1330/lshr_ln3_reg_10341_reg[3]/C
                            (rising edge-triggered cell FDRE clocked by ap_clk  {rise@0.000ns fall@5.000ns period=10.000ns})
  Destination:            bd_0_i/hls_inst/inst/grp_gemm_stage_fu_148/gemm_compute_U0/grp_gemm_compute_Pipeline_COMP_KB_COMP_K_COMP_I_fu_1330/mac_muladd_8s_8s_16s_16_4_1_U460/integrated_gcn_mac_muladd_8s_8s_16s_16_4_1_DSP48_0_U/p_reg_reg/DSP_C_DATA_INST/C[6]
                            (rising edge-triggered cell DSP_C_DATA clocked by ap_clk  {rise@0.000ns fall@5.000ns period=10.000ns})
  Path Group:             ap_clk
  Path Type:              Setup (Max at Slow Process Corner)
  Requirement:            10.000ns  (ap_clk rise@10.000ns - ap_clk rise@0.000ns)
  Data Path Delay:        7.567ns  (logic 0.251ns (3.317%)  route 7.316ns (96.683%))
  Logic Levels:           1  (RAMD32=1)
  Clock Path Skew:        0.013ns (DCD - SCD + CPR)
    Destination Clock Delay (DCD):    0.055ns = ( 10.055 - 10.000 ) 
    Source Clock Delay      (SCD):    0.042ns
    Clock Pessimism Removal (CPR):    0.000ns
  Clock Uncertainty:      0.035ns  ((TSJ^2 + TIJ^2)^1/2 + DJ) / 2 + PE
    Total System Jitter     (TSJ):    0.071ns
    Total Input Jitter      (TIJ):    0.000ns
    Discrete Jitter          (DJ):    0.000ns
    Phase Error              (PE):    0.000ns

    Location             Delay type                Incr(ns)  Path(ns)    Netlist Resource(s)
  -------------------------------------------------------------------    -------------------
                         (clock ap_clk rise edge)     0.000     0.000 r  
                                                      0.000     0.000 r  ap_clk (IN)
                         net (fo=35366, unset)        0.042     0.042    bd_0_i/hls_inst/inst/grp_gemm_stage_fu_148/gemm_compute_U0/grp_gemm_compute_Pipeline_COMP_KB_COMP_K_COMP_I_fu_1330/ap_clk
    SLICE_X44Y128        FDRE                                         r  bd_0_i/hls_inst/inst/grp_gemm_stage_fu_148/gemm_compute_U0/grp_gemm_compute_Pipeline_COMP_KB_COMP_K_COMP_I_fu_1330/lshr_ln3_reg_10341_reg[3]/C
  -------------------------------------------------------------------    -------------------
    SLICE_X44Y128        FDRE (Prop_EFF2_SLICEL_C_Q)
                                                      0.116     0.158 r  bd_0_i/hls_inst/inst/grp_gemm_stage_fu_148/gemm_compute_U0/grp_gemm_compute_Pipeline_COMP_KB_COMP_K_COMP_I_fu_1330/lshr_ln3_reg_10341_reg[3]/Q
                         net (fo=4097, routed)        7.061     7.219    bd_0_i/hls_inst/inst/grp_gemm_stage_fu_148/gemm_compute_U0/XW_block_193_U/ram_reg_0_15_6_6/DPRA3
    SLICE_X29Y185        RAMD32 (Prop_C6LUT_SLICEM_RADR3_O)
                                                      0.135     7.354 r  bd_0_i/hls_inst/inst/grp_gemm_stage_fu_148/gemm_compute_U0/XW_block_193_U/ram_reg_0_15_6_6/DP/O
                         net (fo=1, routed)           0.255     7.609    bd_0_i/hls_inst/inst/grp_gemm_stage_fu_148/gemm_compute_U0/grp_gemm_compute_Pipeline_COMP_KB_COMP_K_COMP_I_fu_1330/mac_muladd_8s_8s_16s_16_4_1_U460/integrated_gcn_mac_muladd_8s_8s_16s_16_4_1_DSP48_0_U/p_reg_reg/C[6]
    DSP48E2_X7Y75        DSP_C_DATA                                   r  bd_0_i/hls_inst/inst/grp_gemm_stage_fu_148/gemm_compute_U0/grp_gemm_compute_Pipeline_COMP_KB_COMP_K_COMP_I_fu_1330/mac_muladd_8s_8s_16s_16_4_1_U460/integrated_gcn_mac_muladd_8s_8s_16s_16_4_1_DSP48_0_U/p_reg_reg/DSP_C_DATA_INST/C[6]
  -------------------------------------------------------------------    -------------------

                         (clock ap_clk rise edge)    10.000    10.000 r  
                                                      0.000    10.000 r  ap_clk (IN)
                         net (fo=35366, unset)        0.055    10.055    bd_0_i/hls_inst/inst/grp_gemm_stage_fu_148/gemm_compute_U0/grp_gemm_compute_Pipeline_COMP_KB_COMP_K_COMP_I_fu_1330/mac_muladd_8s_8s_16s_16_4_1_U460/integrated_gcn_mac_muladd_8s_8s_16s_16_4_1_DSP48_0_U/p_reg_reg/CLK
    DSP48E2_X7Y75        DSP_C_DATA                                   r  bd_0_i/hls_inst/inst/grp_gemm_stage_fu_148/gemm_compute_U0/grp_gemm_compute_Pipeline_COMP_KB_COMP_K_COMP_I_fu_1330/mac_muladd_8s_8s_16s_16_4_1_U460/integrated_gcn_mac_muladd_8s_8s_16s_16_4_1_DSP48_0_U/p_reg_reg/DSP_C_DATA_INST/CLK
                         clock pessimism              0.000    10.055    
                         clock uncertainty           -0.035    10.020    
    DSP48E2_X7Y75        DSP_C_DATA (Setup_DSP_C_DATA_DSP48E2_CLK_C[6])
                                                     -0.368     9.652    bd_0_i/hls_inst/inst/grp_gemm_stage_fu_148/gemm_compute_U0/grp_gemm_compute_Pipeline_COMP_KB_COMP_K_COMP_I_fu_1330/mac_muladd_8s_8s_16s_16_4_1_U460/integrated_gcn_mac_muladd_8s_8s_16s_16_4_1_DSP48_0_U/p_reg_reg/DSP_C_DATA_INST
  -------------------------------------------------------------------
                         required time                          9.652    
                         arrival time                          -7.609    
  -------------------------------------------------------------------
                         slack                                  2.043    

Slack (MET) :             2.093ns  (required time - arrival time)
  Source:                 bd_0_i/hls_inst/inst/grp_gemm_stage_fu_148/gemm_compute_U0/grp_gemm_compute_Pipeline_COMP_KB_COMP_K_COMP_I_fu_1330/lshr_ln3_reg_10341_reg[3]/C
                            (rising edge-triggered cell FDRE clocked by ap_clk  {rise@0.000ns fall@5.000ns period=10.000ns})
  Destination:            bd_0_i/hls_inst/inst/grp_gemm_stage_fu_148/gemm_compute_U0/grp_gemm_compute_Pipeline_COMP_KB_COMP_K_COMP_I_fu_1330/mac_muladd_8s_8s_16s_16_4_1_U268/integrated_gcn_mac_muladd_8s_8s_16s_16_4_1_DSP48_0_U/p_reg_reg/DSP_C_DATA_INST/C[2]
                            (rising edge-triggered cell DSP_C_DATA clocked by ap_clk  {rise@0.000ns fall@5.000ns period=10.000ns})
  Path Group:             ap_clk
  Path Type:              Setup (Max at Slow Process Corner)
  Requirement:            10.000ns  (ap_clk rise@10.000ns - ap_clk rise@0.000ns)
  Data Path Delay:        7.509ns  (logic 0.253ns (3.369%)  route 7.256ns (96.631%))
  Logic Levels:           1  (RAMD32=1)
  Clock Path Skew:        0.013ns (DCD - SCD + CPR)
    Destination Clock Delay (DCD):    0.055ns = ( 10.055 - 10.000 ) 
    Source Clock Delay      (SCD):    0.042ns
    Clock Pessimism Removal (CPR):    0.000ns
  Clock Uncertainty:      0.035ns  ((TSJ^2 + TIJ^2)^1/2 + DJ) / 2 + PE
    Total System Jitter     (TSJ):    0.071ns
    Total Input Jitter      (TIJ):    0.000ns
    Discrete Jitter          (DJ):    0.000ns
    Phase Error              (PE):    0.000ns

    Location             Delay type                Incr(ns)  Path(ns)    Netlist Resource(s)
  -------------------------------------------------------------------    -------------------
                         (clock ap_clk rise edge)     0.000     0.000 r  
                                                      0.000     0.000 r  ap_clk (IN)
                         net (fo=35366, unset)        0.042     0.042    bd_0_i/hls_inst/inst/grp_gemm_stage_fu_148/gemm_compute_U0/grp_gemm_compute_Pipeline_COMP_KB_COMP_K_COMP_I_fu_1330/ap_clk
    SLICE_X44Y128        FDRE                                         r  bd_0_i/hls_inst/inst/grp_gemm_stage_fu_148/gemm_compute_U0/grp_gemm_compute_Pipeline_COMP_KB_COMP_K_COMP_I_fu_1330/lshr_ln3_reg_10341_reg[3]/C
  -------------------------------------------------------------------    -------------------
    SLICE_X44Y128        FDRE (Prop_EFF2_SLICEL_C_Q)
                                                      0.116     0.158 r  bd_0_i/hls_inst/inst/grp_gemm_stage_fu_148/gemm_compute_U0/grp_gemm_compute_Pipeline_COMP_KB_COMP_K_COMP_I_fu_1330/lshr_ln3_reg_10341_reg[3]/Q
                         net (fo=4097, routed)        6.965     7.123    bd_0_i/hls_inst/inst/grp_gemm_stage_fu_148/gemm_compute_U0/XW_block_1_U/ram_reg_0_15_2_2/DPRA3
    SLICE_X29Y188        RAMD32 (Prop_G6LUT_SLICEM_RADR3_O)
                                                      0.137     7.260 r  bd_0_i/hls_inst/inst/grp_gemm_stage_fu_148/gemm_compute_U0/XW_block_1_U/ram_reg_0_15_2_2/DP/O
                         net (fo=1, routed)           0.291     7.551    bd_0_i/hls_inst/inst/grp_gemm_stage_fu_148/gemm_compute_U0/grp_gemm_compute_Pipeline_COMP_KB_COMP_K_COMP_I_fu_1330/mac_muladd_8s_8s_16s_16_4_1_U268/integrated_gcn_mac_muladd_8s_8s_16s_16_4_1_DSP48_0_U/p_reg_reg/C[2]
    DSP48E2_X7Y76        DSP_C_DATA                                   r  bd_0_i/hls_inst/inst/grp_gemm_stage_fu_148/gemm_compute_U0/grp_gemm_compute_Pipeline_COMP_KB_COMP_K_COMP_I_fu_1330/mac_muladd_8s_8s_16s_16_4_1_U268/integrated_gcn_mac_muladd_8s_8s_16s_16_4_1_DSP48_0_U/p_reg_reg/DSP_C_DATA_INST/C[2]
  -------------------------------------------------------------------    -------------------

                         (clock ap_clk rise edge)    10.000    10.000 r  
                                                      0.000    10.000 r  ap_clk (IN)
                         net (fo=35366, unset)        0.055    10.055    bd_0_i/hls_inst/inst/grp_gemm_stage_fu_148/gemm_compute_U0/grp_gemm_compute_Pipeline_COMP_KB_COMP_K_COMP_I_fu_1330/mac_muladd_8s_8s_16s_16_4_1_U268/integrated_gcn_mac_muladd_8s_8s_16s_16_4_1_DSP48_0_U/p_reg_reg/CLK
    DSP48E2_X7Y76        DSP_C_DATA                                   r  bd_0_i/hls_inst/inst/grp_gemm_stage_fu_148/gemm_compute_U0/grp_gemm_compute_Pipeline_COMP_KB_COMP_K_COMP_I_fu_1330/mac_muladd_8s_8s_16s_16_4_1_U268/integrated_gcn_mac_muladd_8s_8s_16s_16_4_1_DSP48_0_U/p_reg_reg/DSP_C_DATA_INST/CLK
                         clock pessimism              0.000    10.055    
                         clock uncertainty           -0.035    10.020    
    DSP48E2_X7Y76        DSP_C_DATA (Setup_DSP_C_DATA_DSP48E2_CLK_C[2])
                                                     -0.376     9.644    bd_0_i/hls_inst/inst/grp_gemm_stage_fu_148/gemm_compute_U0/grp_gemm_compute_Pipeline_COMP_KB_COMP_K_COMP_I_fu_1330/mac_muladd_8s_8s_16s_16_4_1_U268/integrated_gcn_mac_muladd_8s_8s_16s_16_4_1_DSP48_0_U/p_reg_reg/DSP_C_DATA_INST
  -------------------------------------------------------------------
                         required time                          9.644    
                         arrival time                          -7.551    
  -------------------------------------------------------------------
                         slack                                  2.093    

Slack (MET) :             2.101ns  (required time - arrival time)
  Source:                 bd_0_i/hls_inst/inst/grp_gemm_stage_fu_148/gemm_compute_U0/grp_gemm_compute_Pipeline_COMP_KB_COMP_K_COMP_I_fu_1330/lshr_ln3_reg_10341_reg[3]/C
                            (rising edge-triggered cell FDRE clocked by ap_clk  {rise@0.000ns fall@5.000ns period=10.000ns})
  Destination:            bd_0_i/hls_inst/inst/grp_gemm_stage_fu_148/gemm_compute_U0/grp_gemm_compute_Pipeline_COMP_KB_COMP_K_COMP_I_fu_1330/mac_muladd_8s_8s_16s_16_4_1_U460/integrated_gcn_mac_muladd_8s_8s_16s_16_4_1_DSP48_0_U/p_reg_reg/DSP_C_DATA_INST/C[7]
                            (rising edge-triggered cell DSP_C_DATA clocked by ap_clk  {rise@0.000ns fall@5.000ns period=10.000ns})
  Path Group:             ap_clk
  Path Type:              Setup (Max at Slow Process Corner)
  Requirement:            10.000ns  (ap_clk rise@10.000ns - ap_clk rise@0.000ns)
  Data Path Delay:        7.514ns  (logic 0.252ns (3.354%)  route 7.262ns (96.646%))
  Logic Levels:           1  (RAMD32=1)
  Clock Path Skew:        0.013ns (DCD - SCD + CPR)
    Destination Clock Delay (DCD):    0.055ns = ( 10.055 - 10.000 ) 
    Source Clock Delay      (SCD):    0.042ns
    Clock Pessimism Removal (CPR):    0.000ns
  Clock Uncertainty:      0.035ns  ((TSJ^2 + TIJ^2)^1/2 + DJ) / 2 + PE
    Total System Jitter     (TSJ):    0.071ns
    Total Input Jitter      (TIJ):    0.000ns
    Discrete Jitter          (DJ):    0.000ns
    Phase Error              (PE):    0.000ns

    Location             Delay type                Incr(ns)  Path(ns)    Netlist Resource(s)
  -------------------------------------------------------------------    -------------------
                         (clock ap_clk rise edge)     0.000     0.000 r  
                                                      0.000     0.000 r  ap_clk (IN)
                         net (fo=35366, unset)        0.042     0.042    bd_0_i/hls_inst/inst/grp_gemm_stage_fu_148/gemm_compute_U0/grp_gemm_compute_Pipeline_COMP_KB_COMP_K_COMP_I_fu_1330/ap_clk
    SLICE_X44Y128        FDRE                                         r  bd_0_i/hls_inst/inst/grp_gemm_stage_fu_148/gemm_compute_U0/grp_gemm_compute_Pipeline_COMP_KB_COMP_K_COMP_I_fu_1330/lshr_ln3_reg_10341_reg[3]/C
  -------------------------------------------------------------------    -------------------
    SLICE_X44Y128        FDRE (Prop_EFF2_SLICEL_C_Q)
                                                      0.116     0.158 r  bd_0_i/hls_inst/inst/grp_gemm_stage_fu_148/gemm_compute_U0/grp_gemm_compute_Pipeline_COMP_KB_COMP_K_COMP_I_fu_1330/lshr_ln3_reg_10341_reg[3]/Q
                         net (fo=4097, routed)        7.061     7.219    bd_0_i/hls_inst/inst/grp_gemm_stage_fu_148/gemm_compute_U0/XW_block_193_U/ram_reg_0_15_7_7/DPRA3
    SLICE_X29Y185        RAMD32 (Prop_C5LUT_SLICEM_RADR3_O)
                                                      0.136     7.355 r  bd_0_i/hls_inst/inst/grp_gemm_stage_fu_148/gemm_compute_U0/XW_block_193_U/ram_reg_0_15_7_7/DP/O
                         net (fo=1, routed)           0.201     7.556    bd_0_i/hls_inst/inst/grp_gemm_stage_fu_148/gemm_compute_U0/grp_gemm_compute_Pipeline_COMP_KB_COMP_K_COMP_I_fu_1330/mac_muladd_8s_8s_16s_16_4_1_U460/integrated_gcn_mac_muladd_8s_8s_16s_16_4_1_DSP48_0_U/p_reg_reg/C[7]
    DSP48E2_X7Y75        DSP_C_DATA                                   r  bd_0_i/hls_inst/inst/grp_gemm_stage_fu_148/gemm_compute_U0/grp_gemm_compute_Pipeline_COMP_KB_COMP_K_COMP_I_fu_1330/mac_muladd_8s_8s_16s_16_4_1_U460/integrated_gcn_mac_muladd_8s_8s_16s_16_4_1_DSP48_0_U/p_reg_reg/DSP_C_DATA_INST/C[7]
  -------------------------------------------------------------------    -------------------

                         (clock ap_clk rise edge)    10.000    10.000 r  
                                                      0.000    10.000 r  ap_clk (IN)
                         net (fo=35366, unset)        0.055    10.055    bd_0_i/hls_inst/inst/grp_gemm_stage_fu_148/gemm_compute_U0/grp_gemm_compute_Pipeline_COMP_KB_COMP_K_COMP_I_fu_1330/mac_muladd_8s_8s_16s_16_4_1_U460/integrated_gcn_mac_muladd_8s_8s_16s_16_4_1_DSP48_0_U/p_reg_reg/CLK
    DSP48E2_X7Y75        DSP_C_DATA                                   r  bd_0_i/hls_inst/inst/grp_gemm_stage_fu_148/gemm_compute_U0/grp_gemm_compute_Pipeline_COMP_KB_COMP_K_COMP_I_fu_1330/mac_muladd_8s_8s_16s_16_4_1_U460/integrated_gcn_mac_muladd_8s_8s_16s_16_4_1_DSP48_0_U/p_reg_reg/DSP_C_DATA_INST/CLK
                         clock pessimism              0.000    10.055    
                         clock uncertainty           -0.035    10.020    
    DSP48E2_X7Y75        DSP_C_DATA (Setup_DSP_C_DATA_DSP48E2_CLK_C[7])
                                                     -0.363     9.657    bd_0_i/hls_inst/inst/grp_gemm_stage_fu_148/gemm_compute_U0/grp_gemm_compute_Pipeline_COMP_KB_COMP_K_COMP_I_fu_1330/mac_muladd_8s_8s_16s_16_4_1_U460/integrated_gcn_mac_muladd_8s_8s_16s_16_4_1_DSP48_0_U/p_reg_reg/DSP_C_DATA_INST
  -------------------------------------------------------------------
                         required time                          9.657    
                         arrival time                          -7.556    
  -------------------------------------------------------------------
                         slack                                  2.101    

Slack (MET) :             2.101ns  (required time - arrival time)
  Source:                 bd_0_i/hls_inst/inst/grp_gemm_stage_fu_148/gemm_compute_U0/grp_gemm_compute_Pipeline_COMP_KB_COMP_K_COMP_I_fu_1330/lshr_ln3_reg_10341_reg[3]/C
                            (rising edge-triggered cell FDRE clocked by ap_clk  {rise@0.000ns fall@5.000ns period=10.000ns})
  Destination:            bd_0_i/hls_inst/inst/grp_gemm_stage_fu_148/gemm_compute_U0/grp_gemm_compute_Pipeline_COMP_KB_COMP_K_COMP_I_fu_1330/mac_muladd_8s_8s_16s_16_4_1_U336/integrated_gcn_mac_muladd_8s_8s_16s_16_4_1_DSP48_0_U/p_reg_reg/DSP_C_DATA_INST/C[19]
                            (rising edge-triggered cell DSP_C_DATA clocked by ap_clk  {rise@0.000ns fall@5.000ns period=10.000ns})
  Path Group:             ap_clk
  Path Type:              Setup (Max at Slow Process Corner)
  Requirement:            10.000ns  (ap_clk rise@10.000ns - ap_clk rise@0.000ns)
  Data Path Delay:        7.504ns  (logic 0.254ns (3.385%)  route 7.250ns (96.615%))
  Logic Levels:           1  (RAMD32=1)
  Clock Path Skew:        0.013ns (DCD - SCD + CPR)
    Destination Clock Delay (DCD):    0.055ns = ( 10.055 - 10.000 ) 
    Source Clock Delay      (SCD):    0.042ns
    Clock Pessimism Removal (CPR):    0.000ns
  Clock Uncertainty:      0.035ns  ((TSJ^2 + TIJ^2)^1/2 + DJ) / 2 + PE
    Total System Jitter     (TSJ):    0.071ns
    Total Input Jitter      (TIJ):    0.000ns
    Discrete Jitter          (DJ):    0.000ns
    Phase Error              (PE):    0.000ns

    Location             Delay type                Incr(ns)  Path(ns)    Netlist Resource(s)
  -------------------------------------------------------------------    -------------------
                         (clock ap_clk rise edge)     0.000     0.000 r  
                                                      0.000     0.000 r  ap_clk (IN)
                         net (fo=35366, unset)        0.042     0.042    bd_0_i/hls_inst/inst/grp_gemm_stage_fu_148/gemm_compute_U0/grp_gemm_compute_Pipeline_COMP_KB_COMP_K_COMP_I_fu_1330/ap_clk
    SLICE_X44Y128        FDRE                                         r  bd_0_i/hls_inst/inst/grp_gemm_stage_fu_148/gemm_compute_U0/grp_gemm_compute_Pipeline_COMP_KB_COMP_K_COMP_I_fu_1330/lshr_ln3_reg_10341_reg[3]/C
  -------------------------------------------------------------------    -------------------
    SLICE_X44Y128        FDRE (Prop_EFF2_SLICEL_C_Q)
                                                      0.116     0.158 r  bd_0_i/hls_inst/inst/grp_gemm_stage_fu_148/gemm_compute_U0/grp_gemm_compute_Pipeline_COMP_KB_COMP_K_COMP_I_fu_1330/lshr_ln3_reg_10341_reg[3]/Q
                         net (fo=4097, routed)        6.560     6.718    bd_0_i/hls_inst/inst/grp_gemm_stage_fu_148/gemm_compute_U0/XW_block_69_U/ram_reg_0_15_15_15/DPRA3
    SLICE_X28Y191        RAMD32 (Prop_A6LUT_SLICEM_RADR3_O)
                                                      0.138     6.856 r  bd_0_i/hls_inst/inst/grp_gemm_stage_fu_148/gemm_compute_U0/XW_block_69_U/ram_reg_0_15_15_15/DP/O
                         net (fo=33, routed)          0.690     7.546    bd_0_i/hls_inst/inst/grp_gemm_stage_fu_148/gemm_compute_U0/grp_gemm_compute_Pipeline_COMP_KB_COMP_K_COMP_I_fu_1330/mac_muladd_8s_8s_16s_16_4_1_U336/integrated_gcn_mac_muladd_8s_8s_16s_16_4_1_DSP48_0_U/p_reg_reg/C[19]
    DSP48E2_X7Y77        DSP_C_DATA                                   r  bd_0_i/hls_inst/inst/grp_gemm_stage_fu_148/gemm_compute_U0/grp_gemm_compute_Pipeline_COMP_KB_COMP_K_COMP_I_fu_1330/mac_muladd_8s_8s_16s_16_4_1_U336/integrated_gcn_mac_muladd_8s_8s_16s_16_4_1_DSP48_0_U/p_reg_reg/DSP_C_DATA_INST/C[19]
  -------------------------------------------------------------------    -------------------

                         (clock ap_clk rise edge)    10.000    10.000 r  
                                                      0.000    10.000 r  ap_clk (IN)
                         net (fo=35366, unset)        0.055    10.055    bd_0_i/hls_inst/inst/grp_gemm_stage_fu_148/gemm_compute_U0/grp_gemm_compute_Pipeline_COMP_KB_COMP_K_COMP_I_fu_1330/mac_muladd_8s_8s_16s_16_4_1_U336/integrated_gcn_mac_muladd_8s_8s_16s_16_4_1_DSP48_0_U/p_reg_reg/CLK
    DSP48E2_X7Y77        DSP_C_DATA                                   r  bd_0_i/hls_inst/inst/grp_gemm_stage_fu_148/gemm_compute_U0/grp_gemm_compute_Pipeline_COMP_KB_COMP_K_COMP_I_fu_1330/mac_muladd_8s_8s_16s_16_4_1_U336/integrated_gcn_mac_muladd_8s_8s_16s_16_4_1_DSP48_0_U/p_reg_reg/DSP_C_DATA_INST/CLK
                         clock pessimism              0.000    10.055    
                         clock uncertainty           -0.035    10.020    
    DSP48E2_X7Y77        DSP_C_DATA (Setup_DSP_C_DATA_DSP48E2_CLK_C[19])
                                                     -0.373     9.647    bd_0_i/hls_inst/inst/grp_gemm_stage_fu_148/gemm_compute_U0/grp_gemm_compute_Pipeline_COMP_KB_COMP_K_COMP_I_fu_1330/mac_muladd_8s_8s_16s_16_4_1_U336/integrated_gcn_mac_muladd_8s_8s_16s_16_4_1_DSP48_0_U/p_reg_reg/DSP_C_DATA_INST
  -------------------------------------------------------------------
                         required time                          9.647    
                         arrival time                          -7.546    
  -------------------------------------------------------------------
                         slack                                  2.101    

Slack (MET) :             2.126ns  (required time - arrival time)
  Source:                 bd_0_i/hls_inst/inst/grp_gemm_stage_fu_148/gemm_compute_U0/grp_gemm_compute_Pipeline_COMP_KB_COMP_K_COMP_I_fu_1330/lshr_ln3_reg_10341_reg[3]/C
                            (rising edge-triggered cell FDRE clocked by ap_clk  {rise@0.000ns fall@5.000ns period=10.000ns})
  Destination:            bd_0_i/hls_inst/inst/grp_gemm_stage_fu_148/gemm_compute_U0/grp_gemm_compute_Pipeline_COMP_KB_COMP_K_COMP_I_fu_1330/mac_muladd_8s_8s_16s_16_4_1_U336/integrated_gcn_mac_muladd_8s_8s_16s_16_4_1_DSP48_0_U/p_reg_reg/DSP_C_DATA_INST/C[35]
                            (rising edge-triggered cell DSP_C_DATA clocked by ap_clk  {rise@0.000ns fall@5.000ns period=10.000ns})
  Path Group:             ap_clk
  Path Type:              Setup (Max at Slow Process Corner)
  Requirement:            10.000ns  (ap_clk rise@10.000ns - ap_clk rise@0.000ns)
  Data Path Delay:        7.458ns  (logic 0.254ns (3.406%)  route 7.204ns (96.594%))
  Logic Levels:           1  (RAMD32=1)
  Clock Path Skew:        0.013ns (DCD - SCD + CPR)
    Destination Clock Delay (DCD):    0.055ns = ( 10.055 - 10.000 ) 
    Source Clock Delay      (SCD):    0.042ns
    Clock Pessimism Removal (CPR):    0.000ns
  Clock Uncertainty:      0.035ns  ((TSJ^2 + TIJ^2)^1/2 + DJ) / 2 + PE
    Total System Jitter     (TSJ):    0.071ns
    Total Input Jitter      (TIJ):    0.000ns
    Discrete Jitter          (DJ):    0.000ns
    Phase Error              (PE):    0.000ns

    Location             Delay type                Incr(ns)  Path(ns)    Netlist Resource(s)
  -------------------------------------------------------------------    -------------------
                         (clock ap_clk rise edge)     0.000     0.000 r  
                                                      0.000     0.000 r  ap_clk (IN)
                         net (fo=35366, unset)        0.042     0.042    bd_0_i/hls_inst/inst/grp_gemm_stage_fu_148/gemm_compute_U0/grp_gemm_compute_Pipeline_COMP_KB_COMP_K_COMP_I_fu_1330/ap_clk
    SLICE_X44Y128        FDRE                                         r  bd_0_i/hls_inst/inst/grp_gemm_stage_fu_148/gemm_compute_U0/grp_gemm_compute_Pipeline_COMP_KB_COMP_K_COMP_I_fu_1330/lshr_ln3_reg_10341_reg[3]/C
  -------------------------------------------------------------------    -------------------
    SLICE_X44Y128        FDRE (Prop_EFF2_SLICEL_C_Q)
                                                      0.116     0.158 r  bd_0_i/hls_inst/inst/grp_gemm_stage_fu_148/gemm_compute_U0/grp_gemm_compute_Pipeline_COMP_KB_COMP_K_COMP_I_fu_1330/lshr_ln3_reg_10341_reg[3]/Q
                         net (fo=4097, routed)        6.560     6.718    bd_0_i/hls_inst/inst/grp_gemm_stage_fu_148/gemm_compute_U0/XW_block_69_U/ram_reg_0_15_15_15/DPRA3
    SLICE_X28Y191        RAMD32 (Prop_A6LUT_SLICEM_RADR3_O)
                                                      0.138     6.856 r  bd_0_i/hls_inst/inst/grp_gemm_stage_fu_148/gemm_compute_U0/XW_block_69_U/ram_reg_0_15_15_15/DP/O
                         net (fo=33, routed)          0.645     7.500    bd_0_i/hls_inst/inst/grp_gemm_stage_fu_148/gemm_compute_U0/grp_gemm_compute_Pipeline_COMP_KB_COMP_K_COMP_I_fu_1330/mac_muladd_8s_8s_16s_16_4_1_U336/integrated_gcn_mac_muladd_8s_8s_16s_16_4_1_DSP48_0_U/p_reg_reg/C[35]
    DSP48E2_X7Y77        DSP_C_DATA                                   r  bd_0_i/hls_inst/inst/grp_gemm_stage_fu_148/gemm_compute_U0/grp_gemm_compute_Pipeline_COMP_KB_COMP_K_COMP_I_fu_1330/mac_muladd_8s_8s_16s_16_4_1_U336/integrated_gcn_mac_muladd_8s_8s_16s_16_4_1_DSP48_0_U/p_reg_reg/DSP_C_DATA_INST/C[35]
  -------------------------------------------------------------------    -------------------

                         (clock ap_clk rise edge)    10.000    10.000 r  
                                                      0.000    10.000 r  ap_clk (IN)
                         net (fo=35366, unset)        0.055    10.055    bd_0_i/hls_inst/inst/grp_gemm_stage_fu_148/gemm_compute_U0/grp_gemm_compute_Pipeline_COMP_KB_COMP_K_COMP_I_fu_1330/mac_muladd_8s_8s_16s_16_4_1_U336/integrated_gcn_mac_muladd_8s_8s_16s_16_4_1_DSP48_0_U/p_reg_reg/CLK
    DSP48E2_X7Y77        DSP_C_DATA                                   r  bd_0_i/hls_inst/inst/grp_gemm_stage_fu_148/gemm_compute_U0/grp_gemm_compute_Pipeline_COMP_KB_COMP_K_COMP_I_fu_1330/mac_muladd_8s_8s_16s_16_4_1_U336/integrated_gcn_mac_muladd_8s_8s_16s_16_4_1_DSP48_0_U/p_reg_reg/DSP_C_DATA_INST/CLK
                         clock pessimism              0.000    10.055    
                         clock uncertainty           -0.035    10.020    
    DSP48E2_X7Y77        DSP_C_DATA (Setup_DSP_C_DATA_DSP48E2_CLK_C[35])
                                                     -0.393     9.627    bd_0_i/hls_inst/inst/grp_gemm_stage_fu_148/gemm_compute_U0/grp_gemm_compute_Pipeline_COMP_KB_COMP_K_COMP_I_fu_1330/mac_muladd_8s_8s_16s_16_4_1_U336/integrated_gcn_mac_muladd_8s_8s_16s_16_4_1_DSP48_0_U/p_reg_reg/DSP_C_DATA_INST
  -------------------------------------------------------------------
                         required time                          9.627    
                         arrival time                          -7.500    
  -------------------------------------------------------------------
                         slack                                  2.126    

Slack (MET) :             2.152ns  (required time - arrival time)
  Source:                 bd_0_i/hls_inst/inst/grp_gemm_stage_fu_148/gemm_compute_U0/grp_gemm_compute_Pipeline_COMP_KB_COMP_K_COMP_I_fu_1330/lshr_ln3_reg_10341_reg[3]/C
                            (rising edge-triggered cell FDRE clocked by ap_clk  {rise@0.000ns fall@5.000ns period=10.000ns})
  Destination:            bd_0_i/hls_inst/inst/grp_gemm_stage_fu_148/gemm_compute_U0/grp_gemm_compute_Pipeline_COMP_KB_COMP_K_COMP_I_fu_1330/mac_muladd_8s_8s_16s_16_4_1_U268/integrated_gcn_mac_muladd_8s_8s_16s_16_4_1_DSP48_0_U/p_reg_reg/DSP_C_DATA_INST/C[7]
                            (rising edge-triggered cell DSP_C_DATA clocked by ap_clk  {rise@0.000ns fall@5.000ns period=10.000ns})
  Path Group:             ap_clk
  Path Type:              Setup (Max at Slow Process Corner)
  Requirement:            10.000ns  (ap_clk rise@10.000ns - ap_clk rise@0.000ns)
  Data Path Delay:        7.463ns  (logic 0.252ns (3.377%)  route 7.211ns (96.623%))
  Logic Levels:           1  (RAMD32=1)
  Clock Path Skew:        0.013ns (DCD - SCD + CPR)
    Destination Clock Delay (DCD):    0.055ns = ( 10.055 - 10.000 ) 
    Source Clock Delay      (SCD):    0.042ns
    Clock Pessimism Removal (CPR):    0.000ns
  Clock Uncertainty:      0.035ns  ((TSJ^2 + TIJ^2)^1/2 + DJ) / 2 + PE
    Total System Jitter     (TSJ):    0.071ns
    Total Input Jitter      (TIJ):    0.000ns
    Discrete Jitter          (DJ):    0.000ns
    Phase Error              (PE):    0.000ns

    Location             Delay type                Incr(ns)  Path(ns)    Netlist Resource(s)
  -------------------------------------------------------------------    -------------------
                         (clock ap_clk rise edge)     0.000     0.000 r  
                                                      0.000     0.000 r  ap_clk (IN)
                         net (fo=35366, unset)        0.042     0.042    bd_0_i/hls_inst/inst/grp_gemm_stage_fu_148/gemm_compute_U0/grp_gemm_compute_Pipeline_COMP_KB_COMP_K_COMP_I_fu_1330/ap_clk
    SLICE_X44Y128        FDRE                                         r  bd_0_i/hls_inst/inst/grp_gemm_stage_fu_148/gemm_compute_U0/grp_gemm_compute_Pipeline_COMP_KB_COMP_K_COMP_I_fu_1330/lshr_ln3_reg_10341_reg[3]/C
  -------------------------------------------------------------------    -------------------
    SLICE_X44Y128        FDRE (Prop_EFF2_SLICEL_C_Q)
                                                      0.116     0.158 r  bd_0_i/hls_inst/inst/grp_gemm_stage_fu_148/gemm_compute_U0/grp_gemm_compute_Pipeline_COMP_KB_COMP_K_COMP_I_fu_1330/lshr_ln3_reg_10341_reg[3]/Q
                         net (fo=4097, routed)        6.967     7.125    bd_0_i/hls_inst/inst/grp_gemm_stage_fu_148/gemm_compute_U0/XW_block_1_U/ram_reg_0_15_7_7/DPRA3
    SLICE_X29Y188        RAMD32 (Prop_C5LUT_SLICEM_RADR3_O)
                                                      0.136     7.261 r  bd_0_i/hls_inst/inst/grp_gemm_stage_fu_148/gemm_compute_U0/XW_block_1_U/ram_reg_0_15_7_7/DP/O
                         net (fo=1, routed)           0.244     7.505    bd_0_i/hls_inst/inst/grp_gemm_stage_fu_148/gemm_compute_U0/grp_gemm_compute_Pipeline_COMP_KB_COMP_K_COMP_I_fu_1330/mac_muladd_8s_8s_16s_16_4_1_U268/integrated_gcn_mac_muladd_8s_8s_16s_16_4_1_DSP48_0_U/p_reg_reg/C[7]
    DSP48E2_X7Y76        DSP_C_DATA                                   r  bd_0_i/hls_inst/inst/grp_gemm_stage_fu_148/gemm_compute_U0/grp_gemm_compute_Pipeline_COMP_KB_COMP_K_COMP_I_fu_1330/mac_muladd_8s_8s_16s_16_4_1_U268/integrated_gcn_mac_muladd_8s_8s_16s_16_4_1_DSP48_0_U/p_reg_reg/DSP_C_DATA_INST/C[7]
  -------------------------------------------------------------------    -------------------

                         (clock ap_clk rise edge)    10.000    10.000 r  
                                                      0.000    10.000 r  ap_clk (IN)
                         net (fo=35366, unset)        0.055    10.055    bd_0_i/hls_inst/inst/grp_gemm_stage_fu_148/gemm_compute_U0/grp_gemm_compute_Pipeline_COMP_KB_COMP_K_COMP_I_fu_1330/mac_muladd_8s_8s_16s_16_4_1_U268/integrated_gcn_mac_muladd_8s_8s_16s_16_4_1_DSP48_0_U/p_reg_reg/CLK
    DSP48E2_X7Y76        DSP_C_DATA                                   r  bd_0_i/hls_inst/inst/grp_gemm_stage_fu_148/gemm_compute_U0/grp_gemm_compute_Pipeline_COMP_KB_COMP_K_COMP_I_fu_1330/mac_muladd_8s_8s_16s_16_4_1_U268/integrated_gcn_mac_muladd_8s_8s_16s_16_4_1_DSP48_0_U/p_reg_reg/DSP_C_DATA_INST/CLK
                         clock pessimism              0.000    10.055    
                         clock uncertainty           -0.035    10.020    
    DSP48E2_X7Y76        DSP_C_DATA (Setup_DSP_C_DATA_DSP48E2_CLK_C[7])
                                                     -0.363     9.657    bd_0_i/hls_inst/inst/grp_gemm_stage_fu_148/gemm_compute_U0/grp_gemm_compute_Pipeline_COMP_KB_COMP_K_COMP_I_fu_1330/mac_muladd_8s_8s_16s_16_4_1_U268/integrated_gcn_mac_muladd_8s_8s_16s_16_4_1_DSP48_0_U/p_reg_reg/DSP_C_DATA_INST
  -------------------------------------------------------------------
                         required time                          9.657    
                         arrival time                          -7.505    
  -------------------------------------------------------------------
                         slack                                  2.152    

Slack (MET) :             2.159ns  (required time - arrival time)
  Source:                 bd_0_i/hls_inst/inst/grp_gemm_stage_fu_148/gemm_compute_U0/grp_gemm_compute_Pipeline_COMP_KB_COMP_K_COMP_I_fu_1330/lshr_ln3_reg_10341_reg[3]/C
                            (rising edge-triggered cell FDRE clocked by ap_clk  {rise@0.000ns fall@5.000ns period=10.000ns})
  Destination:            bd_0_i/hls_inst/inst/grp_gemm_stage_fu_148/gemm_compute_U0/grp_gemm_compute_Pipeline_COMP_KB_COMP_K_COMP_I_fu_1330/mac_muladd_8s_8s_16s_16_4_1_U268/integrated_gcn_mac_muladd_8s_8s_16s_16_4_1_DSP48_0_U/p_reg_reg/DSP_C_DATA_INST/C[3]
                            (rising edge-triggered cell DSP_C_DATA clocked by ap_clk  {rise@0.000ns fall@5.000ns period=10.000ns})
  Path Group:             ap_clk
  Path Type:              Setup (Max at Slow Process Corner)
  Requirement:            10.000ns  (ap_clk rise@10.000ns - ap_clk rise@0.000ns)
  Data Path Delay:        7.434ns  (logic 0.252ns (3.390%)  route 7.182ns (96.610%))
  Logic Levels:           1  (RAMD32=1)
  Clock Path Skew:        0.013ns (DCD - SCD + CPR)
    Destination Clock Delay (DCD):    0.055ns = ( 10.055 - 10.000 ) 
    Source Clock Delay      (SCD):    0.042ns
    Clock Pessimism Removal (CPR):    0.000ns
  Clock Uncertainty:      0.035ns  ((TSJ^2 + TIJ^2)^1/2 + DJ) / 2 + PE
    Total System Jitter     (TSJ):    0.071ns
    Total Input Jitter      (TIJ):    0.000ns
    Discrete Jitter          (DJ):    0.000ns
    Phase Error              (PE):    0.000ns

    Location             Delay type                Incr(ns)  Path(ns)    Netlist Resource(s)
  -------------------------------------------------------------------    -------------------
                         (clock ap_clk rise edge)     0.000     0.000 r  
                                                      0.000     0.000 r  ap_clk (IN)
                         net (fo=35366, unset)        0.042     0.042    bd_0_i/hls_inst/inst/grp_gemm_stage_fu_148/gemm_compute_U0/grp_gemm_compute_Pipeline_COMP_KB_COMP_K_COMP_I_fu_1330/ap_clk
    SLICE_X44Y128        FDRE                                         r  bd_0_i/hls_inst/inst/grp_gemm_stage_fu_148/gemm_compute_U0/grp_gemm_compute_Pipeline_COMP_KB_COMP_K_COMP_I_fu_1330/lshr_ln3_reg_10341_reg[3]/C
  -------------------------------------------------------------------    -------------------
    SLICE_X44Y128        FDRE (Prop_EFF2_SLICEL_C_Q)
                                                      0.116     0.158 r  bd_0_i/hls_inst/inst/grp_gemm_stage_fu_148/gemm_compute_U0/grp_gemm_compute_Pipeline_COMP_KB_COMP_K_COMP_I_fu_1330/lshr_ln3_reg_10341_reg[3]/Q
                         net (fo=4097, routed)        6.965     7.123    bd_0_i/hls_inst/inst/grp_gemm_stage_fu_148/gemm_compute_U0/XW_block_1_U/ram_reg_0_15_3_3/DPRA3
    SLICE_X29Y188        RAMD32 (Prop_G5LUT_SLICEM_RADR3_O)
                                                      0.136     7.259 r  bd_0_i/hls_inst/inst/grp_gemm_stage_fu_148/gemm_compute_U0/XW_block_1_U/ram_reg_0_15_3_3/DP/O
                         net (fo=1, routed)           0.217     7.476    bd_0_i/hls_inst/inst/grp_gemm_stage_fu_148/gemm_compute_U0/grp_gemm_compute_Pipeline_COMP_KB_COMP_K_COMP_I_fu_1330/mac_muladd_8s_8s_16s_16_4_1_U268/integrated_gcn_mac_muladd_8s_8s_16s_16_4_1_DSP48_0_U/p_reg_reg/C[3]
    DSP48E2_X7Y76        DSP_C_DATA                                   r  bd_0_i/hls_inst/inst/grp_gemm_stage_fu_148/gemm_compute_U0/grp_gemm_compute_Pipeline_COMP_KB_COMP_K_COMP_I_fu_1330/mac_muladd_8s_8s_16s_16_4_1_U268/integrated_gcn_mac_muladd_8s_8s_16s_16_4_1_DSP48_0_U/p_reg_reg/DSP_C_DATA_INST/C[3]
  -------------------------------------------------------------------    -------------------

                         (clock ap_clk rise edge)    10.000    10.000 r  
                                                      0.000    10.000 r  ap_clk (IN)
                         net (fo=35366, unset)        0.055    10.055    bd_0_i/hls_inst/inst/grp_gemm_stage_fu_148/gemm_compute_U0/grp_gemm_compute_Pipeline_COMP_KB_COMP_K_COMP_I_fu_1330/mac_muladd_8s_8s_16s_16_4_1_U268/integrated_gcn_mac_muladd_8s_8s_16s_16_4_1_DSP48_0_U/p_reg_reg/CLK
    DSP48E2_X7Y76        DSP_C_DATA                                   r  bd_0_i/hls_inst/inst/grp_gemm_stage_fu_148/gemm_compute_U0/grp_gemm_compute_Pipeline_COMP_KB_COMP_K_COMP_I_fu_1330/mac_muladd_8s_8s_16s_16_4_1_U268/integrated_gcn_mac_muladd_8s_8s_16s_16_4_1_DSP48_0_U/p_reg_reg/DSP_C_DATA_INST/CLK
                         clock pessimism              0.000    10.055    
                         clock uncertainty           -0.035    10.020    
    DSP48E2_X7Y76        DSP_C_DATA (Setup_DSP_C_DATA_DSP48E2_CLK_C[3])
                                                     -0.385     9.635    bd_0_i/hls_inst/inst/grp_gemm_stage_fu_148/gemm_compute_U0/grp_gemm_compute_Pipeline_COMP_KB_COMP_K_COMP_I_fu_1330/mac_muladd_8s_8s_16s_16_4_1_U268/integrated_gcn_mac_muladd_8s_8s_16s_16_4_1_DSP48_0_U/p_reg_reg/DSP_C_DATA_INST
  -------------------------------------------------------------------
                         required time                          9.635    
                         arrival time                          -7.476    
  -------------------------------------------------------------------
                         slack                                  2.159    

Slack (MET) :             2.180ns  (required time - arrival time)
  Source:                 bd_0_i/hls_inst/inst/grp_gemm_stage_fu_148/gemm_compute_U0/grp_gemm_compute_Pipeline_COMP_KB_COMP_K_COMP_I_fu_1330/lshr_ln3_reg_10341_reg[3]/C
                            (rising edge-triggered cell FDRE clocked by ap_clk  {rise@0.000ns fall@5.000ns period=10.000ns})
  Destination:            bd_0_i/hls_inst/inst/grp_gemm_stage_fu_148/gemm_compute_U0/grp_gemm_compute_Pipeline_COMP_KB_COMP_K_COMP_I_fu_1330/mac_muladd_8s_8s_16s_16_4_1_U336/integrated_gcn_mac_muladd_8s_8s_16s_16_4_1_DSP48_0_U/p_reg_reg/DSP_C_DATA_INST/C[36]
                            (rising edge-triggered cell DSP_C_DATA clocked by ap_clk  {rise@0.000ns fall@5.000ns period=10.000ns})
  Path Group:             ap_clk
  Path Type:              Setup (Max at Slow Process Corner)
  Requirement:            10.000ns  (ap_clk rise@10.000ns - ap_clk rise@0.000ns)
  Data Path Delay:        7.387ns  (logic 0.254ns (3.439%)  route 7.133ns (96.561%))
  Logic Levels:           1  (RAMD32=1)
  Clock Path Skew:        0.013ns (DCD - SCD + CPR)
    Destination Clock Delay (DCD):    0.055ns = ( 10.055 - 10.000 ) 
    Source Clock Delay      (SCD):    0.042ns
    Clock Pessimism Removal (CPR):    0.000ns
  Clock Uncertainty:      0.035ns  ((TSJ^2 + TIJ^2)^1/2 + DJ) / 2 + PE
    Total System Jitter     (TSJ):    0.071ns
    Total Input Jitter      (TIJ):    0.000ns
    Discrete Jitter          (DJ):    0.000ns
    Phase Error              (PE):    0.000ns

    Location             Delay type                Incr(ns)  Path(ns)    Netlist Resource(s)
  -------------------------------------------------------------------    -------------------
                         (clock ap_clk rise edge)     0.000     0.000 r  
                                                      0.000     0.000 r  ap_clk (IN)
                         net (fo=35366, unset)        0.042     0.042    bd_0_i/hls_inst/inst/grp_gemm_stage_fu_148/gemm_compute_U0/grp_gemm_compute_Pipeline_COMP_KB_COMP_K_COMP_I_fu_1330/ap_clk
    SLICE_X44Y128        FDRE                                         r  bd_0_i/hls_inst/inst/grp_gemm_stage_fu_148/gemm_compute_U0/grp_gemm_compute_Pipeline_COMP_KB_COMP_K_COMP_I_fu_1330/lshr_ln3_reg_10341_reg[3]/C
  -------------------------------------------------------------------    -------------------
    SLICE_X44Y128        FDRE (Prop_EFF2_SLICEL_C_Q)
                                                      0.116     0.158 r  bd_0_i/hls_inst/inst/grp_gemm_stage_fu_148/gemm_compute_U0/grp_gemm_compute_Pipeline_COMP_KB_COMP_K_COMP_I_fu_1330/lshr_ln3_reg_10341_reg[3]/Q
                         net (fo=4097, routed)        6.560     6.718    bd_0_i/hls_inst/inst/grp_gemm_stage_fu_148/gemm_compute_U0/XW_block_69_U/ram_reg_0_15_15_15/DPRA3
    SLICE_X28Y191        RAMD32 (Prop_A6LUT_SLICEM_RADR3_O)
                                                      0.138     6.856 r  bd_0_i/hls_inst/inst/grp_gemm_stage_fu_148/gemm_compute_U0/XW_block_69_U/ram_reg_0_15_15_15/DP/O
                         net (fo=33, routed)          0.573     7.429    bd_0_i/hls_inst/inst/grp_gemm_stage_fu_148/gemm_compute_U0/grp_gemm_compute_Pipeline_COMP_KB_COMP_K_COMP_I_fu_1330/mac_muladd_8s_8s_16s_16_4_1_U336/integrated_gcn_mac_muladd_8s_8s_16s_16_4_1_DSP48_0_U/p_reg_reg/C[36]
    DSP48E2_X7Y77        DSP_C_DATA                                   r  bd_0_i/hls_inst/inst/grp_gemm_stage_fu_148/gemm_compute_U0/grp_gemm_compute_Pipeline_COMP_KB_COMP_K_COMP_I_fu_1330/mac_muladd_8s_8s_16s_16_4_1_U336/integrated_gcn_mac_muladd_8s_8s_16s_16_4_1_DSP48_0_U/p_reg_reg/DSP_C_DATA_INST/C[36]
  -------------------------------------------------------------------    -------------------

                         (clock ap_clk rise edge)    10.000    10.000 r  
                                                      0.000    10.000 r  ap_clk (IN)
                         net (fo=35366, unset)        0.055    10.055    bd_0_i/hls_inst/inst/grp_gemm_stage_fu_148/gemm_compute_U0/grp_gemm_compute_Pipeline_COMP_KB_COMP_K_COMP_I_fu_1330/mac_muladd_8s_8s_16s_16_4_1_U336/integrated_gcn_mac_muladd_8s_8s_16s_16_4_1_DSP48_0_U/p_reg_reg/CLK
    DSP48E2_X7Y77        DSP_C_DATA                                   r  bd_0_i/hls_inst/inst/grp_gemm_stage_fu_148/gemm_compute_U0/grp_gemm_compute_Pipeline_COMP_KB_COMP_K_COMP_I_fu_1330/mac_muladd_8s_8s_16s_16_4_1_U336/integrated_gcn_mac_muladd_8s_8s_16s_16_4_1_DSP48_0_U/p_reg_reg/DSP_C_DATA_INST/CLK
                         clock pessimism              0.000    10.055    
                         clock uncertainty           -0.035    10.020    
    DSP48E2_X7Y77        DSP_C_DATA (Setup_DSP_C_DATA_DSP48E2_CLK_C[36])
                                                     -0.411     9.609    bd_0_i/hls_inst/inst/grp_gemm_stage_fu_148/gemm_compute_U0/grp_gemm_compute_Pipeline_COMP_KB_COMP_K_COMP_I_fu_1330/mac_muladd_8s_8s_16s_16_4_1_U336/integrated_gcn_mac_muladd_8s_8s_16s_16_4_1_DSP48_0_U/p_reg_reg/DSP_C_DATA_INST
  -------------------------------------------------------------------
                         required time                          9.609    
                         arrival time                          -7.429    
  -------------------------------------------------------------------
                         slack                                  2.180    

Slack (MET) :             2.184ns  (required time - arrival time)
  Source:                 bd_0_i/hls_inst/inst/grp_gemm_stage_fu_148/gemm_compute_U0/grp_gemm_compute_Pipeline_COMP_KB_COMP_K_COMP_I_fu_1330/lshr_ln3_reg_10341_reg[3]/C
                            (rising edge-triggered cell FDRE clocked by ap_clk  {rise@0.000ns fall@5.000ns period=10.000ns})
  Destination:            bd_0_i/hls_inst/inst/grp_gemm_stage_fu_148/gemm_compute_U0/grp_gemm_compute_Pipeline_COMP_KB_COMP_K_COMP_I_fu_1330/mac_muladd_8s_8s_16s_16_4_1_U336/integrated_gcn_mac_muladd_8s_8s_16s_16_4_1_DSP48_0_U/p_reg_reg/DSP_C_DATA_INST/C[1]
                            (rising edge-triggered cell DSP_C_DATA clocked by ap_clk  {rise@0.000ns fall@5.000ns period=10.000ns})
  Path Group:             ap_clk
  Path Type:              Setup (Max at Slow Process Corner)
  Requirement:            10.000ns  (ap_clk rise@10.000ns - ap_clk rise@0.000ns)
  Data Path Delay:        7.418ns  (logic 0.254ns (3.424%)  route 7.164ns (96.576%))
  Logic Levels:           1  (RAMD32=1)
  Clock Path Skew:        0.013ns (DCD - SCD + CPR)
    Destination Clock Delay (DCD):    0.055ns = ( 10.055 - 10.000 ) 
    Source Clock Delay      (SCD):    0.042ns
    Clock Pessimism Removal (CPR):    0.000ns
  Clock Uncertainty:      0.035ns  ((TSJ^2 + TIJ^2)^1/2 + DJ) / 2 + PE
    Total System Jitter     (TSJ):    0.071ns
    Total Input Jitter      (TIJ):    0.000ns
    Discrete Jitter          (DJ):    0.000ns
    Phase Error              (PE):    0.000ns

    Location             Delay type                Incr(ns)  Path(ns)    Netlist Resource(s)
  -------------------------------------------------------------------    -------------------
                         (clock ap_clk rise edge)     0.000     0.000 r  
                                                      0.000     0.000 r  ap_clk (IN)
                         net (fo=35366, unset)        0.042     0.042    bd_0_i/hls_inst/inst/grp_gemm_stage_fu_148/gemm_compute_U0/grp_gemm_compute_Pipeline_COMP_KB_COMP_K_COMP_I_fu_1330/ap_clk
    SLICE_X44Y128        FDRE                                         r  bd_0_i/hls_inst/inst/grp_gemm_stage_fu_148/gemm_compute_U0/grp_gemm_compute_Pipeline_COMP_KB_COMP_K_COMP_I_fu_1330/lshr_ln3_reg_10341_reg[3]/C
  -------------------------------------------------------------------    -------------------
    SLICE_X44Y128        FDRE (Prop_EFF2_SLICEL_C_Q)
                                                      0.116     0.158 r  bd_0_i/hls_inst/inst/grp_gemm_stage_fu_148/gemm_compute_U0/grp_gemm_compute_Pipeline_COMP_KB_COMP_K_COMP_I_fu_1330/lshr_ln3_reg_10341_reg[3]/Q
                         net (fo=4097, routed)        6.560     6.718    bd_0_i/hls_inst/inst/grp_gemm_stage_fu_148/gemm_compute_U0/XW_block_69_U/ram_reg_0_15_1_1/DPRA3
    SLICE_X28Y191        RAMD32 (Prop_A5LUT_SLICEM_RADR3_O)
                                                      0.138     6.856 r  bd_0_i/hls_inst/inst/grp_gemm_stage_fu_148/gemm_compute_U0/XW_block_69_U/ram_reg_0_15_1_1/DP/O
                         net (fo=1, routed)           0.604     7.460    bd_0_i/hls_inst/inst/grp_gemm_stage_fu_148/gemm_compute_U0/grp_gemm_compute_Pipeline_COMP_KB_COMP_K_COMP_I_fu_1330/mac_muladd_8s_8s_16s_16_4_1_U336/integrated_gcn_mac_muladd_8s_8s_16s_16_4_1_DSP48_0_U/p_reg_reg/C[1]
    DSP48E2_X7Y77        DSP_C_DATA                                   r  bd_0_i/hls_inst/inst/grp_gemm_stage_fu_148/gemm_compute_U0/grp_gemm_compute_Pipeline_COMP_KB_COMP_K_COMP_I_fu_1330/mac_muladd_8s_8s_16s_16_4_1_U336/integrated_gcn_mac_muladd_8s_8s_16s_16_4_1_DSP48_0_U/p_reg_reg/DSP_C_DATA_INST/C[1]
  -------------------------------------------------------------------    -------------------

                         (clock ap_clk rise edge)    10.000    10.000 r  
                                                      0.000    10.000 r  ap_clk (IN)
                         net (fo=35366, unset)        0.055    10.055    bd_0_i/hls_inst/inst/grp_gemm_stage_fu_148/gemm_compute_U0/grp_gemm_compute_Pipeline_COMP_KB_COMP_K_COMP_I_fu_1330/mac_muladd_8s_8s_16s_16_4_1_U336/integrated_gcn_mac_muladd_8s_8s_16s_16_4_1_DSP48_0_U/p_reg_reg/CLK
    DSP48E2_X7Y77        DSP_C_DATA                                   r  bd_0_i/hls_inst/inst/grp_gemm_stage_fu_148/gemm_compute_U0/grp_gemm_compute_Pipeline_COMP_KB_COMP_K_COMP_I_fu_1330/mac_muladd_8s_8s_16s_16_4_1_U336/integrated_gcn_mac_muladd_8s_8s_16s_16_4_1_DSP48_0_U/p_reg_reg/DSP_C_DATA_INST/CLK
                         clock pessimism              0.000    10.055    
                         clock uncertainty           -0.035    10.020    
    DSP48E2_X7Y77        DSP_C_DATA (Setup_DSP_C_DATA_DSP48E2_CLK_C[1])
                                                     -0.376     9.644    bd_0_i/hls_inst/inst/grp_gemm_stage_fu_148/gemm_compute_U0/grp_gemm_compute_Pipeline_COMP_KB_COMP_K_COMP_I_fu_1330/mac_muladd_8s_8s_16s_16_4_1_U336/integrated_gcn_mac_muladd_8s_8s_16s_16_4_1_DSP48_0_U/p_reg_reg/DSP_C_DATA_INST
  -------------------------------------------------------------------
                         required time                          9.644    
                         arrival time                          -7.460    
  -------------------------------------------------------------------
                         slack                                  2.184    




