Copyright 1986-2022 Xilinx, Inc. All Rights Reserved. Copyright 2022-2025 Advanced Micro Devices, Inc. All Rights Reserved.
---------------------------------------------------------------------------------------------------------------------------------------------
| Tool Version : Vivado v.2025.2 (lin64) Build 6299465 Fri Nov 14 12:34:56 MST 2025
| Date         : Sat Apr 18 16:53:19 2026
| Host         : nat-Yoga-Pro-9-16IAH10 running 64-bit Ubuntu 24.04.3 LTS
| Command      : report_utilization -hierarchical -hierarchical_depth 8 -file ./report/integrated_gcn_utilization_hierarchical_routed.rpt
| Design       : bd_0_wrapper
| Device       : xck26-sfvc784-2LV-c
| Speed File   : -2LV
| Design State : Routed
---------------------------------------------------------------------------------------------------------------------------------------------

Utilization Design Information

Table of Contents
-----------------
1. Utilization by Hierarchy

1. Utilization by Hierarchy
---------------------------

+-------------------------------------------------------------------------+----------------------------------------------------------------------------+------------+------------+---------+------+-------+--------+--------+------+------------+
|                                 Instance                                |                                   Module                                   | Total LUTs | Logic LUTs | LUTRAMs | SRLs |  FFs  | RAMB36 | RAMB18 | URAM | DSP Blocks |
+-------------------------------------------------------------------------+----------------------------------------------------------------------------+------------+------------+---------+------+-------+--------+--------+------+------------+
| bd_0_wrapper                                                            |                                                                      (top) |      18934 |      11827 |    5536 | 1571 | 20596 |     21 |     39 |    0 |        288 |
|   bd_0_i                                                                |                                                                       bd_0 |      18934 |      11827 |    5536 | 1571 | 20596 |     21 |     39 |    0 |        288 |
|     hls_inst                                                            |                                                            bd_0_hls_inst_0 |      18934 |      11827 |    5536 | 1571 | 20596 |     21 |     39 |    0 |        288 |
|       inst                                                              |                                             bd_0_hls_inst_0_integrated_gcn |      18934 |      11827 |    5536 | 1571 | 20596 |     21 |     39 |    0 |        288 |
|         (inst)                                                          |                                             bd_0_hls_inst_0_integrated_gcn |         10 |          4 |       0 |    6 |   465 |      0 |      0 |    0 |          0 |
|         control_s_axi_U                                                 |                               bd_0_hls_inst_0_integrated_gcn_control_s_axi |        437 |        437 |       0 |    0 |   490 |      0 |      0 |    0 |          0 |
|         gmem0_m_axi_U                                                   |                                 bd_0_hls_inst_0_integrated_gcn_gmem0_m_axi |        889 |        856 |       0 |   33 |  1669 |      7 |      1 |    0 |          0 |
|           bus_read                                                      |                            bd_0_hls_inst_0_integrated_gcn_gmem0_m_axi_read |        789 |        789 |       0 |    0 |  1497 |      0 |      0 |    0 |          0 |
|             rreq_burst_conv                                             |                 bd_0_hls_inst_0_integrated_gcn_gmem0_m_axi_burst_converter |        225 |        225 |       0 |    0 |   425 |      0 |      0 |    0 |          0 |
|               burst_sequential                                          |                bd_0_hls_inst_0_integrated_gcn_gmem0_m_axi_burst_sequential |        225 |        225 |       0 |    0 |   425 |      0 |      0 |    0 |          0 |
|                 (burst_sequential)                                      |                bd_0_hls_inst_0_integrated_gcn_gmem0_m_axi_burst_sequential |        119 |        119 |       0 |    0 |   300 |      0 |      0 |    0 |          0 |
|                 rs_req                                                  |                       bd_0_hls_inst_0_integrated_gcn_gmem0_m_axi_reg_slice |        106 |        106 |       0 |    0 |   125 |      0 |      0 |    0 |          0 |
|             rs_rdata                                                    |       bd_0_hls_inst_0_integrated_gcn_gmem0_m_axi_reg_slice__parameterized0 |        526 |        526 |       0 |    0 |  1041 |      0 |      0 |    0 |          0 |
|           load_unit_0                                                   |                            bd_0_hls_inst_0_integrated_gcn_gmem0_m_axi_load |        103 |         70 |       0 |   33 |   172 |      7 |      1 |    0 |          0 |
|             (load_unit_0)                                               |                            bd_0_hls_inst_0_integrated_gcn_gmem0_m_axi_load |          1 |          1 |       0 |    0 |    62 |      0 |      0 |    0 |          0 |
|             buff_rdata                                                  |            bd_0_hls_inst_0_integrated_gcn_gmem0_m_axi_fifo__parameterized0 |         52 |         52 |       0 |    0 |    37 |      7 |      1 |    0 |          0 |
|             fifo_rreq                                                   |                            bd_0_hls_inst_0_integrated_gcn_gmem0_m_axi_fifo |         51 |         18 |       0 |   33 |    73 |      0 |      0 |    0 |          0 |
|               U_fifo_srl                                                |                             bd_0_hls_inst_0_integrated_gcn_gmem0_m_axi_srl |         36 |          3 |       0 |   33 |    59 |      0 |      0 |    0 |          0 |
|         gmem1_m_axi_U                                                   |                                 bd_0_hls_inst_0_integrated_gcn_gmem1_m_axi |        894 |        860 |       0 |   34 |  1675 |      7 |      1 |    0 |          0 |
|           load_unit_0                                                   |                            bd_0_hls_inst_0_integrated_gcn_gmem1_m_axi_load |        102 |         68 |       0 |   34 |   175 |      7 |      1 |    0 |          0 |
|             (load_unit_0)                                               |                            bd_0_hls_inst_0_integrated_gcn_gmem1_m_axi_load |          1 |          1 |       0 |    0 |    64 |      0 |      0 |    0 |          0 |
|             buff_rdata                                                  |            bd_0_hls_inst_0_integrated_gcn_gmem1_m_axi_fifo__parameterized0 |         50 |         50 |       0 |    0 |    37 |      7 |      1 |    0 |          0 |
|             fifo_rreq                                                   |                            bd_0_hls_inst_0_integrated_gcn_gmem1_m_axi_fifo |         52 |         18 |       0 |   34 |    74 |      0 |      0 |    0 |          0 |
|               U_fifo_srl                                                |                             bd_0_hls_inst_0_integrated_gcn_gmem1_m_axi_srl |         37 |          3 |       0 |   34 |    60 |      0 |      0 |    0 |          0 |
|           bus_read                                                      |                            bd_0_hls_inst_0_integrated_gcn_gmem1_m_axi_read |        792 |        792 |       0 |    0 |  1500 |      0 |      0 |    0 |          0 |
|             rreq_burst_conv                                             |                 bd_0_hls_inst_0_integrated_gcn_gmem1_m_axi_burst_converter |        232 |        232 |       0 |    0 |   428 |      0 |      0 |    0 |          0 |
|               burst_sequential                                          |                bd_0_hls_inst_0_integrated_gcn_gmem1_m_axi_burst_sequential |        232 |        232 |       0 |    0 |   428 |      0 |      0 |    0 |          0 |
|                 (burst_sequential)                                      |                bd_0_hls_inst_0_integrated_gcn_gmem1_m_axi_burst_sequential |        127 |        127 |       0 |    0 |   299 |      0 |      0 |    0 |          0 |
|                 rs_req                                                  |                       bd_0_hls_inst_0_integrated_gcn_gmem1_m_axi_reg_slice |        105 |        105 |       0 |    0 |   129 |      0 |      0 |    0 |          0 |
|             rs_rdata                                                    |       bd_0_hls_inst_0_integrated_gcn_gmem1_m_axi_reg_slice__parameterized0 |        525 |        525 |       0 |    0 |  1041 |      0 |      0 |    0 |          0 |
|         gmem2_m_axi_U                                                   |                                 bd_0_hls_inst_0_integrated_gcn_gmem2_m_axi |       2051 |       1371 |       0 |  680 |  3717 |      7 |      1 |    0 |          0 |
|           bus_read                                                      |                            bd_0_hls_inst_0_integrated_gcn_gmem2_m_axi_read |        787 |        787 |       0 |    0 |  1497 |      0 |      0 |    0 |          0 |
|             rreq_burst_conv                                             |             bd_0_hls_inst_0_integrated_gcn_gmem2_m_axi_burst_converter_914 |        225 |        225 |       0 |    0 |   425 |      0 |      0 |    0 |          0 |
|               burst_sequential                                          |            bd_0_hls_inst_0_integrated_gcn_gmem2_m_axi_burst_sequential_915 |        225 |        225 |       0 |    0 |   425 |      0 |      0 |    0 |          0 |
|                 (burst_sequential)                                      |            bd_0_hls_inst_0_integrated_gcn_gmem2_m_axi_burst_sequential_915 |        117 |        117 |       0 |    0 |   300 |      0 |      0 |    0 |          0 |
|                 rs_req                                                  |                   bd_0_hls_inst_0_integrated_gcn_gmem2_m_axi_reg_slice_916 |        108 |        108 |       0 |    0 |   125 |      0 |      0 |    0 |          0 |
|             rs_rdata                                                    |       bd_0_hls_inst_0_integrated_gcn_gmem2_m_axi_reg_slice__parameterized3 |        525 |        525 |       0 |    0 |  1041 |      0 |      0 |    0 |          0 |
|           bus_write                                                     |                           bd_0_hls_inst_0_integrated_gcn_gmem2_m_axi_write |        394 |        361 |       0 |   33 |  1252 |      0 |      0 |    0 |          0 |
|             wreq_burst_conv                                             |                 bd_0_hls_inst_0_integrated_gcn_gmem2_m_axi_burst_converter |        223 |        223 |       0 |    0 |   425 |      0 |      0 |    0 |          0 |
|               burst_sequential                                          |                bd_0_hls_inst_0_integrated_gcn_gmem2_m_axi_burst_sequential |        223 |        223 |       0 |    0 |   425 |      0 |      0 |    0 |          0 |
|                 (burst_sequential)                                      |                bd_0_hls_inst_0_integrated_gcn_gmem2_m_axi_burst_sequential |        117 |        117 |       0 |    0 |   300 |      0 |      0 |    0 |          0 |
|                 rs_req                                                  |                       bd_0_hls_inst_0_integrated_gcn_gmem2_m_axi_reg_slice |        107 |        107 |       0 |    0 |   125 |      0 |      0 |    0 |          0 |
|             wreq_throttle                                               |                        bd_0_hls_inst_0_integrated_gcn_gmem2_m_axi_throttle |        145 |        113 |       0 |   32 |   804 |      0 |      0 |    0 |          0 |
|               (wreq_throttle)                                           |                        bd_0_hls_inst_0_integrated_gcn_gmem2_m_axi_throttle |          6 |          6 |       0 |    0 |   587 |      0 |      0 |    0 |          0 |
|               fifo_burst_gen[0].fifo_req                                |            bd_0_hls_inst_0_integrated_gcn_gmem2_m_axi_fifo__parameterized5 |         52 |         20 |       0 |   32 |    75 |      0 |      0 |    0 |          0 |
|                 U_fifo_srl                                              |             bd_0_hls_inst_0_integrated_gcn_gmem2_m_axi_srl__parameterized4 |         33 |          1 |       0 |   32 |    58 |      0 |      0 |    0 |          0 |
|               rs_req                                                    |       bd_0_hls_inst_0_integrated_gcn_gmem2_m_axi_reg_slice__parameterized1 |         69 |         69 |       0 |    0 |   129 |      0 |      0 |    0 |          0 |
|           load_unit_0                                                   |                            bd_0_hls_inst_0_integrated_gcn_gmem2_m_axi_load |        140 |        107 |       0 |   33 |   172 |      7 |      1 |    0 |          0 |
|             (load_unit_0)                                               |                            bd_0_hls_inst_0_integrated_gcn_gmem2_m_axi_load |          1 |          1 |       0 |    0 |    62 |      0 |      0 |    0 |          0 |
|             buff_rdata                                                  |            bd_0_hls_inst_0_integrated_gcn_gmem2_m_axi_fifo__parameterized4 |         88 |         88 |       0 |    0 |    37 |      7 |      1 |    0 |          0 |
|               (buff_rdata)                                              |            bd_0_hls_inst_0_integrated_gcn_gmem2_m_axi_fifo__parameterized4 |         80 |         80 |       0 |    0 |    37 |      0 |      0 |    0 |          0 |
|             fifo_rreq                                                   |        bd_0_hls_inst_0_integrated_gcn_gmem2_m_axi_fifo__parameterized0_908 |         52 |         19 |       0 |   33 |    73 |      0 |      0 |    0 |          0 |
|               U_fifo_srl                                                |         bd_0_hls_inst_0_integrated_gcn_gmem2_m_axi_srl__parameterized0_909 |         37 |          4 |       0 |   33 |    59 |      0 |      0 |    0 |          0 |
|           store_unit_0                                                  |                           bd_0_hls_inst_0_integrated_gcn_gmem2_m_axi_store |        732 |        118 |       0 |  614 |   796 |      0 |      0 |    0 |          0 |
|             (store_unit_0)                                              |                           bd_0_hls_inst_0_integrated_gcn_gmem2_m_axi_store |          2 |          2 |       0 |    0 |    74 |      0 |      0 |    0 |          0 |
|             buff_wdata                                                  |            bd_0_hls_inst_0_integrated_gcn_gmem2_m_axi_fifo__parameterized1 |        601 |         25 |       0 |  576 |   599 |      0 |      0 |    0 |          0 |
|               U_fifo_srl                                                |             bd_0_hls_inst_0_integrated_gcn_gmem2_m_axi_srl__parameterized1 |        577 |          1 |       0 |  576 |   576 |      0 |      0 |    0 |          0 |
|             fifo_wreq                                                   |            bd_0_hls_inst_0_integrated_gcn_gmem2_m_axi_fifo__parameterized0 |         52 |         19 |       0 |   33 |    73 |      0 |      0 |    0 |          0 |
|               U_fifo_srl                                                |             bd_0_hls_inst_0_integrated_gcn_gmem2_m_axi_srl__parameterized0 |         36 |          3 |       0 |   33 |    59 |      0 |      0 |    0 |          0 |
|         gmem3_m_axi_U                                                   |                                 bd_0_hls_inst_0_integrated_gcn_gmem3_m_axi |        454 |        414 |       0 |   40 |   778 |      0 |      1 |    0 |          0 |
|           bus_read                                                      |                            bd_0_hls_inst_0_integrated_gcn_gmem3_m_axi_read |        342 |        342 |       0 |    0 |   582 |      0 |      0 |    0 |          0 |
|             rreq_burst_conv                                             |                 bd_0_hls_inst_0_integrated_gcn_gmem3_m_axi_burst_converter |        267 |        267 |       0 |    0 |   480 |      0 |      0 |    0 |          0 |
|               burst_sequential                                          |                bd_0_hls_inst_0_integrated_gcn_gmem3_m_axi_burst_sequential |        267 |        267 |       0 |    0 |   480 |      0 |      0 |    0 |          0 |
|                 (burst_sequential)                                      |                bd_0_hls_inst_0_integrated_gcn_gmem3_m_axi_burst_sequential |        152 |        152 |       0 |    0 |   329 |      0 |      0 |    0 |          0 |
|                 rs_req                                                  |                       bd_0_hls_inst_0_integrated_gcn_gmem3_m_axi_reg_slice |        115 |        115 |       0 |    0 |   151 |      0 |      0 |    0 |          0 |
|             rs_rdata                                                    |       bd_0_hls_inst_0_integrated_gcn_gmem3_m_axi_reg_slice__parameterized0 |         39 |         39 |       0 |    0 |    71 |      0 |      0 |    0 |          0 |
|           load_unit_0                                                   |                            bd_0_hls_inst_0_integrated_gcn_gmem3_m_axi_load |        113 |         73 |       0 |   40 |   196 |      0 |      1 |    0 |          0 |
|             (load_unit_0)                                               |                            bd_0_hls_inst_0_integrated_gcn_gmem3_m_axi_load |          1 |          1 |       0 |    0 |    75 |      0 |      0 |    0 |          0 |
|             fifo_rreq                                                   |                            bd_0_hls_inst_0_integrated_gcn_gmem3_m_axi_fifo |         67 |         27 |       0 |   40 |    84 |      0 |      0 |    0 |          0 |
|               U_fifo_srl                                                |                             bd_0_hls_inst_0_integrated_gcn_gmem3_m_axi_srl |         52 |         12 |       0 |   40 |    70 |      0 |      0 |    0 |          0 |
|         gmem4_m_axi_U                                                   |                                 bd_0_hls_inst_0_integrated_gcn_gmem4_m_axi |        514 |        466 |       0 |   48 |   861 |      0 |      1 |    0 |          0 |
|           bus_read                                                      |                            bd_0_hls_inst_0_integrated_gcn_gmem4_m_axi_read |        365 |        365 |       0 |    0 |   623 |      0 |      0 |    0 |          0 |
|             rreq_burst_conv                                             |                 bd_0_hls_inst_0_integrated_gcn_gmem4_m_axi_burst_converter |        290 |        290 |       0 |    0 |   521 |      0 |      0 |    0 |          0 |
|               burst_sequential                                          |                bd_0_hls_inst_0_integrated_gcn_gmem4_m_axi_burst_sequential |        290 |        290 |       0 |    0 |   521 |      0 |      0 |    0 |          0 |
|                 (burst_sequential)                                      |                bd_0_hls_inst_0_integrated_gcn_gmem4_m_axi_burst_sequential |        143 |        143 |       0 |    0 |   332 |      0 |      0 |    0 |          0 |
|                 rs_req                                                  |                       bd_0_hls_inst_0_integrated_gcn_gmem4_m_axi_reg_slice |        147 |        147 |       0 |    0 |   189 |      0 |      0 |    0 |          0 |
|             rs_rdata                                                    |       bd_0_hls_inst_0_integrated_gcn_gmem4_m_axi_reg_slice__parameterized0 |         39 |         39 |       0 |    0 |    71 |      0 |      0 |    0 |          0 |
|           load_unit_0                                                   |                            bd_0_hls_inst_0_integrated_gcn_gmem4_m_axi_load |        150 |        102 |       0 |   48 |   238 |      0 |      1 |    0 |          0 |
|             (load_unit_0)                                               |                            bd_0_hls_inst_0_integrated_gcn_gmem4_m_axi_load |          1 |          1 |       0 |    0 |    94 |      0 |      0 |    0 |          0 |
|             fifo_rreq                                                   |                            bd_0_hls_inst_0_integrated_gcn_gmem4_m_axi_fifo |        104 |         56 |       0 |   48 |   107 |      0 |      0 |    0 |          0 |
|               U_fifo_srl                                                |                             bd_0_hls_inst_0_integrated_gcn_gmem4_m_axi_srl |         89 |         41 |       0 |   48 |    93 |      0 |      0 |    0 |          0 |
|         gmem5_m_axi_U                                                   |                                 bd_0_hls_inst_0_integrated_gcn_gmem5_m_axi |        653 |        601 |       0 |   52 |  1004 |      0 |      1 |    0 |          0 |
|           bus_read                                                      |                            bd_0_hls_inst_0_integrated_gcn_gmem5_m_axi_read |        385 |        385 |       0 |    0 |   631 |      0 |      0 |    0 |          0 |
|             rreq_burst_conv                                             |                 bd_0_hls_inst_0_integrated_gcn_gmem5_m_axi_burst_converter |        308 |        308 |       0 |    0 |   529 |      0 |      0 |    0 |          0 |
|               burst_sequential                                          |                bd_0_hls_inst_0_integrated_gcn_gmem5_m_axi_burst_sequential |        308 |        308 |       0 |    0 |   529 |      0 |      0 |    0 |          0 |
|                 (burst_sequential)                                      |                bd_0_hls_inst_0_integrated_gcn_gmem5_m_axi_burst_sequential |        143 |        143 |       0 |    0 |   332 |      0 |      0 |    0 |          0 |
|                 rs_req                                                  |       bd_0_hls_inst_0_integrated_gcn_gmem5_m_axi_reg_slice__parameterized0 |        165 |        165 |       0 |    0 |   197 |      0 |      0 |    0 |          0 |
|             rs_rdata                                                    |       bd_0_hls_inst_0_integrated_gcn_gmem5_m_axi_reg_slice__parameterized1 |         39 |         39 |       0 |    0 |    71 |      0 |      0 |    0 |          0 |
|           load_unit_0                                                   |                            bd_0_hls_inst_0_integrated_gcn_gmem5_m_axi_load |        269 |        217 |       0 |   52 |   373 |      0 |      1 |    0 |          0 |
|             (load_unit_0)                                               |                            bd_0_hls_inst_0_integrated_gcn_gmem5_m_axi_load |          0 |          0 |       0 |    0 |   135 |      0 |      0 |    0 |          0 |
|             bus_wide_gen.rreq_offset                                    |                            bd_0_hls_inst_0_integrated_gcn_gmem5_m_axi_fifo |         55 |         51 |       0 |    4 |    21 |      0 |      0 |    0 |          0 |
|             bus_wide_gen.rs_rdata_int                                   |                       bd_0_hls_inst_0_integrated_gcn_gmem5_m_axi_reg_slice |         65 |         65 |       0 |    0 |    71 |      0 |      0 |    0 |          0 |
|             fifo_rreq                                                   |            bd_0_hls_inst_0_integrated_gcn_gmem5_m_axi_fifo__parameterized0 |        103 |         55 |       0 |   48 |   109 |      0 |      0 |    0 |          0 |
|               U_fifo_srl                                                |             bd_0_hls_inst_0_integrated_gcn_gmem5_m_axi_srl__parameterized0 |         89 |         41 |       0 |   48 |    95 |      0 |      0 |    0 |          0 |
|         gmem6_m_axi_U                                                   |                                 bd_0_hls_inst_0_integrated_gcn_gmem6_m_axi |       1119 |        472 |       0 |  647 |  2043 |      0 |      0 |    0 |          0 |
|           bus_write                                                     |                           bd_0_hls_inst_0_integrated_gcn_gmem6_m_axi_write |        396 |        363 |       0 |   33 |  1252 |      0 |      0 |    0 |          0 |
|             wreq_burst_conv                                             |                 bd_0_hls_inst_0_integrated_gcn_gmem6_m_axi_burst_converter |        223 |        223 |       0 |    0 |   425 |      0 |      0 |    0 |          0 |
|               burst_sequential                                          |                bd_0_hls_inst_0_integrated_gcn_gmem6_m_axi_burst_sequential |        223 |        223 |       0 |    0 |   425 |      0 |      0 |    0 |          0 |
|                 (burst_sequential)                                      |                bd_0_hls_inst_0_integrated_gcn_gmem6_m_axi_burst_sequential |        117 |        117 |       0 |    0 |   300 |      0 |      0 |    0 |          0 |
|                 rs_req                                                  |                       bd_0_hls_inst_0_integrated_gcn_gmem6_m_axi_reg_slice |        106 |        106 |       0 |    0 |   125 |      0 |      0 |    0 |          0 |
|             wreq_throttle                                               |                        bd_0_hls_inst_0_integrated_gcn_gmem6_m_axi_throttle |        148 |        116 |       0 |   32 |   804 |      0 |      0 |    0 |          0 |
|               (wreq_throttle)                                           |                        bd_0_hls_inst_0_integrated_gcn_gmem6_m_axi_throttle |          7 |          7 |       0 |    0 |   587 |      0 |      0 |    0 |          0 |
|               fifo_burst_gen[0].fifo_req                                |            bd_0_hls_inst_0_integrated_gcn_gmem6_m_axi_fifo__parameterized4 |         53 |         21 |       0 |   32 |    75 |      0 |      0 |    0 |          0 |
|                 U_fifo_srl                                              |             bd_0_hls_inst_0_integrated_gcn_gmem6_m_axi_srl__parameterized4 |         33 |          1 |       0 |   32 |    58 |      0 |      0 |    0 |          0 |
|               rs_req                                                    |       bd_0_hls_inst_0_integrated_gcn_gmem6_m_axi_reg_slice__parameterized1 |         69 |         69 |       0 |    0 |   129 |      0 |      0 |    0 |          0 |
|           store_unit_0                                                  |                           bd_0_hls_inst_0_integrated_gcn_gmem6_m_axi_store |        724 |        110 |       0 |  614 |   791 |      0 |      0 |    0 |          0 |
|             (store_unit_0)                                              |                           bd_0_hls_inst_0_integrated_gcn_gmem6_m_axi_store |          2 |          2 |       0 |    0 |    74 |      0 |      0 |    0 |          0 |
|             buff_wdata                                                  |            bd_0_hls_inst_0_integrated_gcn_gmem6_m_axi_fifo__parameterized1 |        601 |         25 |       0 |  576 |   599 |      0 |      0 |    0 |          0 |
|               U_fifo_srl                                                |             bd_0_hls_inst_0_integrated_gcn_gmem6_m_axi_srl__parameterized1 |        576 |          0 |       0 |  576 |   576 |      0 |      0 |    0 |          0 |
|             fifo_wreq                                                   |            bd_0_hls_inst_0_integrated_gcn_gmem6_m_axi_fifo__parameterized0 |         46 |         13 |       0 |   33 |    70 |      0 |      0 |    0 |          0 |
|               U_fifo_srl                                                |             bd_0_hls_inst_0_integrated_gcn_gmem6_m_axi_srl__parameterized0 |         36 |          3 |       0 |   33 |    59 |      0 |      0 |    0 |          0 |
|         grp_gemm_stage_fu_148                                           |                                  bd_0_hls_inst_0_integrated_gcn_gemm_stage |       9873 |       4885 |    4984 |    4 |  6313 |      0 |      0 |    0 |        256 |
|           gemm_write_U0                                                 |                                  bd_0_hls_inst_0_integrated_gcn_gemm_write |         76 |         74 |       0 |    2 |   610 |      0 |      0 |    0 |          0 |
|             (gemm_write_U0)                                             |                                  bd_0_hls_inst_0_integrated_gcn_gemm_write |         31 |         29 |       0 |    2 |   609 |      0 |      0 |    0 |          0 |
|           W_stream_U                                                    |                             bd_0_hls_inst_0_integrated_gcn_fifo_w512_d16_A |        315 |         19 |     296 |    0 |   537 |      0 |      0 |    0 |          0 |
|             U_integrated_gcn_fifo_w512_d16_A_ram                        |                     bd_0_hls_inst_0_integrated_gcn_fifo_w512_d16_A_ram_902 |        297 |          1 |     296 |    0 |   512 |      0 |      0 |    0 |          0 |
|           XW_stream_U                                                   |                         bd_0_hls_inst_0_integrated_gcn_fifo_w512_d16_A_128 |        311 |         15 |     296 |    0 |   533 |      0 |      0 |    0 |          0 |
|             U_integrated_gcn_fifo_w512_d16_A_ram                        |                     bd_0_hls_inst_0_integrated_gcn_fifo_w512_d16_A_ram_901 |        297 |          1 |     296 |    0 |   512 |      0 |      0 |    0 |          0 |
|           X_stream_U                                                    |                         bd_0_hls_inst_0_integrated_gcn_fifo_w512_d16_A_129 |        315 |         19 |     296 |    0 |   539 |      0 |      0 |    0 |          0 |
|             U_integrated_gcn_fifo_w512_d16_A_ram                        |                         bd_0_hls_inst_0_integrated_gcn_fifo_w512_d16_A_ram |        298 |          2 |     296 |    0 |   512 |      0 |      0 |    0 |          0 |
|           gemm_compute_U0                                               |                                bd_0_hls_inst_0_integrated_gcn_gemm_compute |       8668 |       4571 |    4096 |    1 |  3842 |      0 |      0 |    0 |        256 |
|             (gemm_compute_U0)                                           |                                bd_0_hls_inst_0_integrated_gcn_gemm_compute |       2077 |       2077 |       0 |    0 |    51 |      0 |      0 |    0 |          0 |
|             grp_gemm_compute_Pipeline_COMP_EMIT_fu_1594                 |             bd_0_hls_inst_0_integrated_gcn_gemm_compute_Pipeline_COMP_EMIT |       1947 |       1947 |       0 |    0 |    30 |      0 |      0 |    0 |          0 |
|               (grp_gemm_compute_Pipeline_COMP_EMIT_fu_1594)             |             bd_0_hls_inst_0_integrated_gcn_gemm_compute_Pipeline_COMP_EMIT |       1857 |       1857 |       0 |    0 |    28 |      0 |      0 |    0 |          0 |
|               flow_control_loop_pipe_sequential_init_U                  |  bd_0_hls_inst_0_integrated_gcn_flow_control_loop_pipe_sequential_init_900 |         90 |         90 |       0 |    0 |     2 |      0 |      0 |    0 |          0 |
|             grp_gemm_compute_Pipeline_COMP_INIT_fu_1070                 |             bd_0_hls_inst_0_integrated_gcn_gemm_compute_Pipeline_COMP_INIT |        222 |        222 |       0 |    0 |     9 |      0 |      0 |    0 |          0 |
|               flow_control_loop_pipe_sequential_init_U                  |  bd_0_hls_inst_0_integrated_gcn_flow_control_loop_pipe_sequential_init_899 |        220 |        220 |       0 |    0 |     2 |      0 |      0 |    0 |          0 |
|             grp_gemm_compute_Pipeline_COMP_KB_COMP_K_COMP_I_fu_1330     | bd_0_hls_inst_0_integrated_gcn_gemm_compute_Pipeline_COMP_KB_COMP_K_COMP_I |        327 |        326 |       0 |    1 |   680 |      0 |      0 |    0 |        256 |
|               (grp_gemm_compute_Pipeline_COMP_KB_COMP_K_COMP_I_fu_1330) | bd_0_hls_inst_0_integrated_gcn_gemm_compute_Pipeline_COMP_KB_COMP_K_COMP_I |        143 |        142 |       0 |    1 |   678 |      0 |      0 |    0 |          0 |
|           gemm_read_W_U0                                                |                                 bd_0_hls_inst_0_integrated_gcn_gemm_read_W |         66 |         65 |       0 |    1 |   117 |      0 |      0 |    0 |          0 |
|             (gemm_read_W_U0)                                            |                                 bd_0_hls_inst_0_integrated_gcn_gemm_read_W |         17 |         16 |       0 |    1 |   116 |      0 |      0 |    0 |          0 |
|             flow_control_loop_pipe_U                                    |                  bd_0_hls_inst_0_integrated_gcn_flow_control_loop_pipe_132 |         50 |         50 |       0 |    0 |     1 |      0 |      0 |    0 |          0 |
|           gemm_read_X_U0                                                |                                 bd_0_hls_inst_0_integrated_gcn_gemm_read_X |        113 |        113 |       0 |    0 |   124 |      0 |      0 |    0 |          0 |
|             (gemm_read_X_U0)                                            |                                 bd_0_hls_inst_0_integrated_gcn_gemm_read_X |         37 |         37 |       0 |    0 |   123 |      0 |      0 |    0 |          0 |
|             flow_control_loop_pipe_U                                    |                  bd_0_hls_inst_0_integrated_gcn_flow_control_loop_pipe_131 |         77 |         77 |       0 |    0 |     1 |      0 |      0 |    0 |          0 |
|         grp_spmm_stage_fu_164                                           |                                  bd_0_hls_inst_0_integrated_gcn_spmm_stage |       2048 |       1469 |     552 |   27 |  1581 |      0 |     33 |    0 |         32 |
|           spmm_compute_U0                                               |                                bd_0_hls_inst_0_integrated_gcn_spmm_compute |        994 |        481 |     512 |    1 |   626 |      0 |     32 |    0 |         32 |
|             (spmm_compute_U0)                                           |                                bd_0_hls_inst_0_integrated_gcn_spmm_compute |         91 |         91 |       0 |    0 |   338 |      0 |      0 |    0 |          0 |
|             grp_spmm_compute_Pipeline_SPMM_MAC_fu_1529                  |              bd_0_hls_inst_0_integrated_gcn_spmm_compute_Pipeline_SPMM_MAC |        279 |        278 |       0 |    1 |    13 |      0 |      0 |    0 |         32 |
|             grp_spmm_compute_Pipeline_SPMM_WRITE_fu_1491                |            bd_0_hls_inst_0_integrated_gcn_spmm_compute_Pipeline_SPMM_WRITE |        103 |        103 |       0 |    0 |    15 |      0 |      0 |    0 |          0 |
|               (grp_spmm_compute_Pipeline_SPMM_WRITE_fu_1491)            |            bd_0_hls_inst_0_integrated_gcn_spmm_compute_Pipeline_SPMM_WRITE |         81 |         81 |       0 |    0 |    13 |      0 |      0 |    0 |          0 |
|           spmm_load_csr_U0                                              |                               bd_0_hls_inst_0_integrated_gcn_spmm_load_csr |        243 |        243 |       0 |    0 |   207 |      0 |      0 |    0 |          0 |
|             (spmm_load_csr_U0)                                          |                               bd_0_hls_inst_0_integrated_gcn_spmm_load_csr |        133 |        133 |       0 |    0 |    79 |      0 |      0 |    0 |          0 |
|             grp_spmm_load_csr_Pipeline_LOAD_NNZ_fu_128                  |             bd_0_hls_inst_0_integrated_gcn_spmm_load_csr_Pipeline_LOAD_NNZ |         82 |         82 |       0 |    0 |    78 |      0 |      0 |    0 |          0 |
|               (grp_spmm_load_csr_Pipeline_LOAD_NNZ_fu_128)              |             bd_0_hls_inst_0_integrated_gcn_spmm_load_csr_Pipeline_LOAD_NNZ |         10 |         10 |       0 |    0 |    76 |      0 |      0 |    0 |          0 |
|               flow_control_loop_pipe_sequential_init_U                  |    bd_0_hls_inst_0_integrated_gcn_flow_control_loop_pipe_sequential_init_0 |         73 |         73 |       0 |    0 |     2 |      0 |      0 |    0 |          0 |
|             grp_spmm_load_csr_Pipeline_LOAD_ROWS_fu_119                 |            bd_0_hls_inst_0_integrated_gcn_spmm_load_csr_Pipeline_LOAD_ROWS |         28 |         28 |       0 |    0 |    50 |      0 |      0 |    0 |          0 |
|           spmm_store_U0                                                 |                                  bd_0_hls_inst_0_integrated_gcn_spmm_store |        608 |        606 |       0 |    2 |   634 |      0 |      0 |    0 |          0 |
|             (spmm_store_U0)                                             |                                  bd_0_hls_inst_0_integrated_gcn_spmm_store |        526 |        524 |       0 |    2 |   633 |      0 |      0 |    0 |          0 |
|             flow_control_loop_pipe_U                                    |                      bd_0_hls_inst_0_integrated_gcn_flow_control_loop_pipe |         82 |         82 |       0 |    0 |     1 |      0 |      0 |    0 |          0 |
|           val_fifo_U                                                    |                              bd_0_hls_inst_0_integrated_gcn_fifo_w8_d256_A |         94 |         54 |      40 |    0 |    45 |      0 |      0 |    0 |          0 |
|             U_integrated_gcn_fifo_w8_d256_A_ram                         |                          bd_0_hls_inst_0_integrated_gcn_fifo_w8_d256_A_ram |         52 |         12 |      40 |    0 |     8 |      0 |      0 |    0 |          0 |
+-------------------------------------------------------------------------+----------------------------------------------------------------------------+------------+------------+---------+------+-------+--------+--------+------+------------+
* Note: The sum of lower-level cells may be larger than their parent cells total, due to cross-hierarchy LUT combining


