Copyright 1986-2022 Xilinx, Inc. All Rights Reserved. Copyright 2022-2025 Advanced Micro Devices, Inc. All Rights Reserved.
--------------------------------------------------------------------------------------------------------------------------------------------------
| Tool Version      : Vivado v.2025.2 (lin64) Build 6299465 Fri Nov 14 12:34:56 MST 2025
| Date              : Sat Apr 18 16:45:38 2026
| Host              : nat-Yoga-Pro-9-16IAH10 running 64-bit Ubuntu 24.04.3 LTS
| Command           : report_timing -max_paths 10 -file ./report/integrated_gcn_timing_paths_synth.rpt
| Design            : bd_0_wrapper
| Device            : xck26-sfvc784
| Speed File        : -2LV  PRODUCTION 1.30 05-15-2022
| Design State      : Synthesized
| Temperature Grade : C
--------------------------------------------------------------------------------------------------------------------------------------------------

Timing Report

Slack (MET) :             6.632ns  (required time - arrival time)
  Source:                 bd_0_i/hls_inst/inst/grp_gemm_stage_fu_148/gemm_read_X_U0/flow_control_loop_pipe_U/ap_loop_init_reg/C
                            (rising edge-triggered cell FDRE clocked by ap_clk  {rise@0.000ns fall@5.000ns period=10.000ns})
  Destination:            bd_0_i/hls_inst/inst/grp_gemm_stage_fu_148/gemm_read_X_U0/trunc_ln39_s_reg_441_reg[56]/D
                            (rising edge-triggered cell FDRE clocked by ap_clk  {rise@0.000ns fall@5.000ns period=10.000ns})
  Path Group:             ap_clk
  Path Type:              Setup (Max at Slow Process Corner)
  Requirement:            10.000ns  (ap_clk rise@10.000ns - ap_clk rise@0.000ns)
  Data Path Delay:        3.365ns  (logic 1.768ns (52.541%)  route 1.597ns (47.459%))
  Logic Levels:           15  (CARRY8=9 LUT2=1 LUT4=2 LUT5=1 LUT6=2)
  Clock Path Skew:        -0.011ns (DCD - SCD + CPR)
    Destination Clock Delay (DCD):    0.030ns = ( 10.030 - 10.000 ) 
    Source Clock Delay      (SCD):    0.041ns
    Clock Pessimism Removal (CPR):    0.000ns
  Clock Uncertainty:      0.035ns  ((TSJ^2 + TIJ^2)^1/2 + DJ) / 2 + PE
    Total System Jitter     (TSJ):    0.071ns
    Total Input Jitter      (TIJ):    0.000ns
    Discrete Jitter          (DJ):    0.000ns
    Phase Error              (PE):    0.000ns

    Location             Delay type                Incr(ns)  Path(ns)    Netlist Resource(s)
  -------------------------------------------------------------------    -------------------
                         (clock ap_clk rise edge)     0.000     0.000 r  
                                                      0.000     0.000 r  ap_clk (IN)
                         net (fo=35366, unset)        0.041     0.041    bd_0_i/hls_inst/inst/grp_gemm_stage_fu_148/gemm_read_X_U0/flow_control_loop_pipe_U/ap_clk
                         FDRE                                         r  bd_0_i/hls_inst/inst/grp_gemm_stage_fu_148/gemm_read_X_U0/flow_control_loop_pipe_U/ap_loop_init_reg/C
  -------------------------------------------------------------------    -------------------
                         FDRE (Prop_FDRE_C_Q)         0.114     0.155 r  bd_0_i/hls_inst/inst/grp_gemm_stage_fu_148/gemm_read_X_U0/flow_control_loop_pipe_U/ap_loop_init_reg/Q
                         net (fo=2, unplaced)         0.174     0.329    bd_0_i/hls_inst/inst/grp_gemm_stage_fu_148/gemm_read_X_U0/flow_control_loop_pipe_U/ap_loop_init
                         LUT6 (Prop_LUT6_I0_O)        0.225     0.554 r  bd_0_i/hls_inst/inst/grp_gemm_stage_fu_148/gemm_read_X_U0/flow_control_loop_pipe_U/indvar_flatten12_fu_110[0]_i_2/O
                         net (fo=44, unplaced)        0.220     0.774    bd_0_i/hls_inst/inst/grp_gemm_stage_fu_148/gemm_read_X_U0/flow_control_loop_pipe_U/ap_loop_init_reg_0
                         LUT6 (Prop_LUT6_I0_O)        0.137     0.911 r  bd_0_i/hls_inst/inst/grp_gemm_stage_fu_148/gemm_read_X_U0/flow_control_loop_pipe_U/indvar_flatten_fu_102[7]_i_2/O
                         net (fo=7, unplaced)         0.236     1.147    bd_0_i/hls_inst/inst/grp_gemm_stage_fu_148/gemm_read_X_U0/flow_control_loop_pipe_U/indvar_flatten_fu_102_reg[1]
                         LUT5 (Prop_LUT5_I0_O)        0.095     1.242 r  bd_0_i/hls_inst/inst/grp_gemm_stage_fu_148/gemm_read_X_U0/flow_control_loop_pipe_U/ib_fu_106[6]_i_2/O
                         net (fo=2, unplaced)         0.211     1.453    bd_0_i/hls_inst/inst/grp_gemm_stage_fu_148/gemm_read_X_U0/flow_control_loop_pipe_U/ib_fu_106[6]_i_2_n_4
                         LUT4 (Prop_LUT4_I1_O)        0.058     1.511 r  bd_0_i/hls_inst/inst/grp_gemm_stage_fu_148/gemm_read_X_U0/flow_control_loop_pipe_U/ib_fu_106[5]_i_3/O
                         net (fo=4, unplaced)         0.223     1.734    bd_0_i/hls_inst/inst/grp_gemm_stage_fu_148/gemm_read_X_U0/flow_control_loop_pipe_U/ib_fu_106[5]_i_3_n_4
                         LUT4 (Prop_LUT4_I2_O)        0.058     1.792 r  bd_0_i/hls_inst/inst/grp_gemm_stage_fu_148/gemm_read_X_U0/flow_control_loop_pipe_U/add_ln40_1_fu_313_p2_carry_i_5/O
                         net (fo=1, unplaced)         0.212     2.004    bd_0_i/hls_inst/inst/grp_gemm_stage_fu_148/gemm_read_X_U0/flow_control_loop_pipe_U_n_85
                         CARRY8 (Prop_CARRY8_DI[3]_CO[7])
                                                      0.202     2.206 r  bd_0_i/hls_inst/inst/grp_gemm_stage_fu_148/gemm_read_X_U0/add_ln40_1_fu_313_p2_carry/CO[7]
                         net (fo=1, unplaced)         0.006     2.212    bd_0_i/hls_inst/inst/grp_gemm_stage_fu_148/gemm_read_X_U0/add_ln40_1_fu_313_p2_carry_n_4
                         CARRY8 (Prop_CARRY8_CI_O[1])
                                                      0.106     2.318 r  bd_0_i/hls_inst/inst/grp_gemm_stage_fu_148/gemm_read_X_U0/add_ln40_1_fu_313_p2_carry__0/O[1]
                         net (fo=2, unplaced)         0.209     2.527    bd_0_i/hls_inst/inst/grp_gemm_stage_fu_148/gemm_read_X_U0/add_ln40_1_fu_313_p2[12]
                         LUT2 (Prop_LUT2_I0_O)        0.056     2.583 r  bd_0_i/hls_inst/inst/grp_gemm_stage_fu_148/gemm_read_X_U0/trunc_ln39_s_reg_441[14]_i_4/O
                         net (fo=1, unplaced)         0.037     2.620    bd_0_i/hls_inst/inst/grp_gemm_stage_fu_148/gemm_read_X_U0/flow_control_loop_pipe_U/trunc_ln39_s_reg_441_reg[14][5]
                         CARRY8 (Prop_CARRY8_S[5]_CO[7])
                                                      0.246     2.866 r  bd_0_i/hls_inst/inst/grp_gemm_stage_fu_148/gemm_read_X_U0/flow_control_loop_pipe_U/trunc_ln39_s_reg_441_reg[14]_i_1/CO[7]
                         net (fo=1, unplaced)         0.006     2.872    bd_0_i/hls_inst/inst/grp_gemm_stage_fu_148/gemm_read_X_U0/flow_control_loop_pipe_U/trunc_ln39_s_reg_441_reg[14]_i_1_n_4
                         CARRY8 (Prop_CARRY8_CI_CO[7])
                                                      0.073     2.945 r  bd_0_i/hls_inst/inst/grp_gemm_stage_fu_148/gemm_read_X_U0/flow_control_loop_pipe_U/trunc_ln39_s_reg_441_reg[22]_i_1/CO[7]
                         net (fo=1, unplaced)         0.006     2.951    bd_0_i/hls_inst/inst/grp_gemm_stage_fu_148/gemm_read_X_U0/flow_control_loop_pipe_U/trunc_ln39_s_reg_441_reg[22]_i_1_n_4
                         CARRY8 (Prop_CARRY8_CI_CO[7])
                                                      0.073     3.024 r  bd_0_i/hls_inst/inst/grp_gemm_stage_fu_148/gemm_read_X_U0/flow_control_loop_pipe_U/trunc_ln39_s_reg_441_reg[30]_i_1/CO[7]
                         net (fo=1, unplaced)         0.006     3.030    bd_0_i/hls_inst/inst/grp_gemm_stage_fu_148/gemm_read_X_U0/flow_control_loop_pipe_U/trunc_ln39_s_reg_441_reg[30]_i_1_n_4
                         CARRY8 (Prop_CARRY8_CI_CO[7])
                                                      0.073     3.103 r  bd_0_i/hls_inst/inst/grp_gemm_stage_fu_148/gemm_read_X_U0/flow_control_loop_pipe_U/trunc_ln39_s_reg_441_reg[38]_i_1/CO[7]
                         net (fo=1, unplaced)         0.006     3.109    bd_0_i/hls_inst/inst/grp_gemm_stage_fu_148/gemm_read_X_U0/flow_control_loop_pipe_U/trunc_ln39_s_reg_441_reg[38]_i_1_n_4
                         CARRY8 (Prop_CARRY8_CI_CO[7])
                                                      0.073     3.182 r  bd_0_i/hls_inst/inst/grp_gemm_stage_fu_148/gemm_read_X_U0/flow_control_loop_pipe_U/trunc_ln39_s_reg_441_reg[46]_i_1/CO[7]
                         net (fo=1, unplaced)         0.006     3.188    bd_0_i/hls_inst/inst/grp_gemm_stage_fu_148/gemm_read_X_U0/flow_control_loop_pipe_U/trunc_ln39_s_reg_441_reg[46]_i_1_n_4
                         CARRY8 (Prop_CARRY8_CI_CO[7])
                                                      0.073     3.261 r  bd_0_i/hls_inst/inst/grp_gemm_stage_fu_148/gemm_read_X_U0/flow_control_loop_pipe_U/trunc_ln39_s_reg_441_reg[54]_i_1/CO[7]
                         net (fo=1, unplaced)         0.006     3.267    bd_0_i/hls_inst/inst/grp_gemm_stage_fu_148/gemm_read_X_U0/flow_control_loop_pipe_U/trunc_ln39_s_reg_441_reg[54]_i_1_n_4
                         CARRY8 (Prop_CARRY8_CI_O[1])
                                                      0.106     3.373 r  bd_0_i/hls_inst/inst/grp_gemm_stage_fu_148/gemm_read_X_U0/flow_control_loop_pipe_U/trunc_ln39_s_reg_441_reg[57]_i_1/O[1]
                         net (fo=1, unplaced)         0.033     3.406    bd_0_i/hls_inst/inst/grp_gemm_stage_fu_148/gemm_read_X_U0/add_ln40_2_fu_331_p2[62]
                         FDRE                                         r  bd_0_i/hls_inst/inst/grp_gemm_stage_fu_148/gemm_read_X_U0/trunc_ln39_s_reg_441_reg[56]/D
  -------------------------------------------------------------------    -------------------

                         (clock ap_clk rise edge)    10.000    10.000 r  
                                                      0.000    10.000 r  ap_clk (IN)
                         net (fo=35366, unset)        0.030    10.030    bd_0_i/hls_inst/inst/grp_gemm_stage_fu_148/gemm_read_X_U0/ap_clk
                         FDRE                                         r  bd_0_i/hls_inst/inst/grp_gemm_stage_fu_148/gemm_read_X_U0/trunc_ln39_s_reg_441_reg[56]/C
                         clock pessimism              0.000    10.030    
                         clock uncertainty           -0.035     9.995    
                         FDRE (Setup_FDRE_C_D)        0.043    10.038    bd_0_i/hls_inst/inst/grp_gemm_stage_fu_148/gemm_read_X_U0/trunc_ln39_s_reg_441_reg[56]
  -------------------------------------------------------------------
                         required time                         10.038    
                         arrival time                          -3.406    
  -------------------------------------------------------------------
                         slack                                  6.632    

Slack (MET) :             6.644ns  (required time - arrival time)
  Source:                 bd_0_i/hls_inst/inst/grp_gemm_stage_fu_148/gemm_read_X_U0/flow_control_loop_pipe_U/ap_loop_init_reg/C
                            (rising edge-triggered cell FDRE clocked by ap_clk  {rise@0.000ns fall@5.000ns period=10.000ns})
  Destination:            bd_0_i/hls_inst/inst/grp_gemm_stage_fu_148/gemm_read_X_U0/trunc_ln39_s_reg_441_reg[57]/D
                            (rising edge-triggered cell FDRE clocked by ap_clk  {rise@0.000ns fall@5.000ns period=10.000ns})
  Path Group:             ap_clk
  Path Type:              Setup (Max at Slow Process Corner)
  Requirement:            10.000ns  (ap_clk rise@10.000ns - ap_clk rise@0.000ns)
  Data Path Delay:        3.353ns  (logic 1.755ns (52.341%)  route 1.598ns (47.659%))
  Logic Levels:           15  (CARRY8=9 LUT2=1 LUT4=2 LUT5=1 LUT6=2)
  Clock Path Skew:        -0.011ns (DCD - SCD + CPR)
    Destination Clock Delay (DCD):    0.030ns = ( 10.030 - 10.000 ) 
    Source Clock Delay      (SCD):    0.041ns
    Clock Pessimism Removal (CPR):    0.000ns
  Clock Uncertainty:      0.035ns  ((TSJ^2 + TIJ^2)^1/2 + DJ) / 2 + PE
    Total System Jitter     (TSJ):    0.071ns
    Total Input Jitter      (TIJ):    0.000ns
    Discrete Jitter          (DJ):    0.000ns
    Phase Error              (PE):    0.000ns

    Location             Delay type                Incr(ns)  Path(ns)    Netlist Resource(s)
  -------------------------------------------------------------------    -------------------
                         (clock ap_clk rise edge)     0.000     0.000 r  
                                                      0.000     0.000 r  ap_clk (IN)
                         net (fo=35366, unset)        0.041     0.041    bd_0_i/hls_inst/inst/grp_gemm_stage_fu_148/gemm_read_X_U0/flow_control_loop_pipe_U/ap_clk
                         FDRE                                         r  bd_0_i/hls_inst/inst/grp_gemm_stage_fu_148/gemm_read_X_U0/flow_control_loop_pipe_U/ap_loop_init_reg/C
  -------------------------------------------------------------------    -------------------
                         FDRE (Prop_FDRE_C_Q)         0.114     0.155 r  bd_0_i/hls_inst/inst/grp_gemm_stage_fu_148/gemm_read_X_U0/flow_control_loop_pipe_U/ap_loop_init_reg/Q
                         net (fo=2, unplaced)         0.174     0.329    bd_0_i/hls_inst/inst/grp_gemm_stage_fu_148/gemm_read_X_U0/flow_control_loop_pipe_U/ap_loop_init
                         LUT6 (Prop_LUT6_I0_O)        0.225     0.554 r  bd_0_i/hls_inst/inst/grp_gemm_stage_fu_148/gemm_read_X_U0/flow_control_loop_pipe_U/indvar_flatten12_fu_110[0]_i_2/O
                         net (fo=44, unplaced)        0.220     0.774    bd_0_i/hls_inst/inst/grp_gemm_stage_fu_148/gemm_read_X_U0/flow_control_loop_pipe_U/ap_loop_init_reg_0
                         LUT6 (Prop_LUT6_I0_O)        0.137     0.911 r  bd_0_i/hls_inst/inst/grp_gemm_stage_fu_148/gemm_read_X_U0/flow_control_loop_pipe_U/indvar_flatten_fu_102[7]_i_2/O
                         net (fo=7, unplaced)         0.236     1.147    bd_0_i/hls_inst/inst/grp_gemm_stage_fu_148/gemm_read_X_U0/flow_control_loop_pipe_U/indvar_flatten_fu_102_reg[1]
                         LUT5 (Prop_LUT5_I0_O)        0.095     1.242 r  bd_0_i/hls_inst/inst/grp_gemm_stage_fu_148/gemm_read_X_U0/flow_control_loop_pipe_U/ib_fu_106[6]_i_2/O
                         net (fo=2, unplaced)         0.211     1.453    bd_0_i/hls_inst/inst/grp_gemm_stage_fu_148/gemm_read_X_U0/flow_control_loop_pipe_U/ib_fu_106[6]_i_2_n_4
                         LUT4 (Prop_LUT4_I1_O)        0.058     1.511 r  bd_0_i/hls_inst/inst/grp_gemm_stage_fu_148/gemm_read_X_U0/flow_control_loop_pipe_U/ib_fu_106[5]_i_3/O
                         net (fo=4, unplaced)         0.223     1.734    bd_0_i/hls_inst/inst/grp_gemm_stage_fu_148/gemm_read_X_U0/flow_control_loop_pipe_U/ib_fu_106[5]_i_3_n_4
                         LUT4 (Prop_LUT4_I2_O)        0.058     1.792 r  bd_0_i/hls_inst/inst/grp_gemm_stage_fu_148/gemm_read_X_U0/flow_control_loop_pipe_U/add_ln40_1_fu_313_p2_carry_i_5/O
                         net (fo=1, unplaced)         0.212     2.004    bd_0_i/hls_inst/inst/grp_gemm_stage_fu_148/gemm_read_X_U0/flow_control_loop_pipe_U_n_85
                         CARRY8 (Prop_CARRY8_DI[3]_CO[7])
                                                      0.202     2.206 r  bd_0_i/hls_inst/inst/grp_gemm_stage_fu_148/gemm_read_X_U0/add_ln40_1_fu_313_p2_carry/CO[7]
                         net (fo=1, unplaced)         0.006     2.212    bd_0_i/hls_inst/inst/grp_gemm_stage_fu_148/gemm_read_X_U0/add_ln40_1_fu_313_p2_carry_n_4
                         CARRY8 (Prop_CARRY8_CI_O[1])
                                                      0.106     2.318 r  bd_0_i/hls_inst/inst/grp_gemm_stage_fu_148/gemm_read_X_U0/add_ln40_1_fu_313_p2_carry__0/O[1]
                         net (fo=2, unplaced)         0.209     2.527    bd_0_i/hls_inst/inst/grp_gemm_stage_fu_148/gemm_read_X_U0/add_ln40_1_fu_313_p2[12]
                         LUT2 (Prop_LUT2_I0_O)        0.056     2.583 r  bd_0_i/hls_inst/inst/grp_gemm_stage_fu_148/gemm_read_X_U0/trunc_ln39_s_reg_441[14]_i_4/O
                         net (fo=1, unplaced)         0.037     2.620    bd_0_i/hls_inst/inst/grp_gemm_stage_fu_148/gemm_read_X_U0/flow_control_loop_pipe_U/trunc_ln39_s_reg_441_reg[14][5]
                         CARRY8 (Prop_CARRY8_S[5]_CO[7])
                                                      0.246     2.866 r  bd_0_i/hls_inst/inst/grp_gemm_stage_fu_148/gemm_read_X_U0/flow_control_loop_pipe_U/trunc_ln39_s_reg_441_reg[14]_i_1/CO[7]
                         net (fo=1, unplaced)         0.006     2.872    bd_0_i/hls_inst/inst/grp_gemm_stage_fu_148/gemm_read_X_U0/flow_control_loop_pipe_U/trunc_ln39_s_reg_441_reg[14]_i_1_n_4
                         CARRY8 (Prop_CARRY8_CI_CO[7])
                                                      0.073     2.945 r  bd_0_i/hls_inst/inst/grp_gemm_stage_fu_148/gemm_read_X_U0/flow_control_loop_pipe_U/trunc_ln39_s_reg_441_reg[22]_i_1/CO[7]
                         net (fo=1, unplaced)         0.006     2.951    bd_0_i/hls_inst/inst/grp_gemm_stage_fu_148/gemm_read_X_U0/flow_control_loop_pipe_U/trunc_ln39_s_reg_441_reg[22]_i_1_n_4
                         CARRY8 (Prop_CARRY8_CI_CO[7])
                                                      0.073     3.024 r  bd_0_i/hls_inst/inst/grp_gemm_stage_fu_148/gemm_read_X_U0/flow_control_loop_pipe_U/trunc_ln39_s_reg_441_reg[30]_i_1/CO[7]
                         net (fo=1, unplaced)         0.006     3.030    bd_0_i/hls_inst/inst/grp_gemm_stage_fu_148/gemm_read_X_U0/flow_control_loop_pipe_U/trunc_ln39_s_reg_441_reg[30]_i_1_n_4
                         CARRY8 (Prop_CARRY8_CI_CO[7])
                                                      0.073     3.103 r  bd_0_i/hls_inst/inst/grp_gemm_stage_fu_148/gemm_read_X_U0/flow_control_loop_pipe_U/trunc_ln39_s_reg_441_reg[38]_i_1/CO[7]
                         net (fo=1, unplaced)         0.006     3.109    bd_0_i/hls_inst/inst/grp_gemm_stage_fu_148/gemm_read_X_U0/flow_control_loop_pipe_U/trunc_ln39_s_reg_441_reg[38]_i_1_n_4
                         CARRY8 (Prop_CARRY8_CI_CO[7])
                                                      0.073     3.182 r  bd_0_i/hls_inst/inst/grp_gemm_stage_fu_148/gemm_read_X_U0/flow_control_loop_pipe_U/trunc_ln39_s_reg_441_reg[46]_i_1/CO[7]
                         net (fo=1, unplaced)         0.006     3.188    bd_0_i/hls_inst/inst/grp_gemm_stage_fu_148/gemm_read_X_U0/flow_control_loop_pipe_U/trunc_ln39_s_reg_441_reg[46]_i_1_n_4
                         CARRY8 (Prop_CARRY8_CI_CO[7])
                                                      0.073     3.261 r  bd_0_i/hls_inst/inst/grp_gemm_stage_fu_148/gemm_read_X_U0/flow_control_loop_pipe_U/trunc_ln39_s_reg_441_reg[54]_i_1/CO[7]
                         net (fo=1, unplaced)         0.006     3.267    bd_0_i/hls_inst/inst/grp_gemm_stage_fu_148/gemm_read_X_U0/flow_control_loop_pipe_U/trunc_ln39_s_reg_441_reg[54]_i_1_n_4
                         CARRY8 (Prop_CARRY8_CI_O[2])
                                                      0.093     3.360 r  bd_0_i/hls_inst/inst/grp_gemm_stage_fu_148/gemm_read_X_U0/flow_control_loop_pipe_U/trunc_ln39_s_reg_441_reg[57]_i_1/O[2]
                         net (fo=1, unplaced)         0.034     3.394    bd_0_i/hls_inst/inst/grp_gemm_stage_fu_148/gemm_read_X_U0/add_ln40_2_fu_331_p2[63]
                         FDRE                                         r  bd_0_i/hls_inst/inst/grp_gemm_stage_fu_148/gemm_read_X_U0/trunc_ln39_s_reg_441_reg[57]/D
  -------------------------------------------------------------------    -------------------

                         (clock ap_clk rise edge)    10.000    10.000 r  
                                                      0.000    10.000 r  ap_clk (IN)
                         net (fo=35366, unset)        0.030    10.030    bd_0_i/hls_inst/inst/grp_gemm_stage_fu_148/gemm_read_X_U0/ap_clk
                         FDRE                                         r  bd_0_i/hls_inst/inst/grp_gemm_stage_fu_148/gemm_read_X_U0/trunc_ln39_s_reg_441_reg[57]/C
                         clock pessimism              0.000    10.030    
                         clock uncertainty           -0.035     9.995    
                         FDRE (Setup_FDRE_C_D)        0.043    10.038    bd_0_i/hls_inst/inst/grp_gemm_stage_fu_148/gemm_read_X_U0/trunc_ln39_s_reg_441_reg[57]
  -------------------------------------------------------------------
                         required time                         10.038    
                         arrival time                          -3.394    
  -------------------------------------------------------------------
                         slack                                  6.644    

Slack (MET) :             6.646ns  (required time - arrival time)
  Source:                 bd_0_i/hls_inst/inst/grp_gemm_stage_fu_148/gemm_read_X_U0/flow_control_loop_pipe_U/ap_loop_init_reg/C
                            (rising edge-triggered cell FDRE clocked by ap_clk  {rise@0.000ns fall@5.000ns period=10.000ns})
  Destination:            bd_0_i/hls_inst/inst/grp_gemm_stage_fu_148/gemm_read_X_U0/trunc_ln39_s_reg_441_reg[54]/D
                            (rising edge-triggered cell FDRE clocked by ap_clk  {rise@0.000ns fall@5.000ns period=10.000ns})
  Path Group:             ap_clk
  Path Type:              Setup (Max at Slow Process Corner)
  Requirement:            10.000ns  (ap_clk rise@10.000ns - ap_clk rise@0.000ns)
  Data Path Delay:        3.352ns  (logic 1.760ns (52.506%)  route 1.592ns (47.494%))
  Logic Levels:           14  (CARRY8=8 LUT2=1 LUT4=2 LUT5=1 LUT6=2)
  Clock Path Skew:        -0.011ns (DCD - SCD + CPR)
    Destination Clock Delay (DCD):    0.030ns = ( 10.030 - 10.000 ) 
    Source Clock Delay      (SCD):    0.041ns
    Clock Pessimism Removal (CPR):    0.000ns
  Clock Uncertainty:      0.035ns  ((TSJ^2 + TIJ^2)^1/2 + DJ) / 2 + PE
    Total System Jitter     (TSJ):    0.071ns
    Total Input Jitter      (TIJ):    0.000ns
    Discrete Jitter          (DJ):    0.000ns
    Phase Error              (PE):    0.000ns

    Location             Delay type                Incr(ns)  Path(ns)    Netlist Resource(s)
  -------------------------------------------------------------------    -------------------
                         (clock ap_clk rise edge)     0.000     0.000 r  
                                                      0.000     0.000 r  ap_clk (IN)
                         net (fo=35366, unset)        0.041     0.041    bd_0_i/hls_inst/inst/grp_gemm_stage_fu_148/gemm_read_X_U0/flow_control_loop_pipe_U/ap_clk
                         FDRE                                         r  bd_0_i/hls_inst/inst/grp_gemm_stage_fu_148/gemm_read_X_U0/flow_control_loop_pipe_U/ap_loop_init_reg/C
  -------------------------------------------------------------------    -------------------
                         FDRE (Prop_FDRE_C_Q)         0.114     0.155 r  bd_0_i/hls_inst/inst/grp_gemm_stage_fu_148/gemm_read_X_U0/flow_control_loop_pipe_U/ap_loop_init_reg/Q
                         net (fo=2, unplaced)         0.174     0.329    bd_0_i/hls_inst/inst/grp_gemm_stage_fu_148/gemm_read_X_U0/flow_control_loop_pipe_U/ap_loop_init
                         LUT6 (Prop_LUT6_I0_O)        0.225     0.554 r  bd_0_i/hls_inst/inst/grp_gemm_stage_fu_148/gemm_read_X_U0/flow_control_loop_pipe_U/indvar_flatten12_fu_110[0]_i_2/O
                         net (fo=44, unplaced)        0.220     0.774    bd_0_i/hls_inst/inst/grp_gemm_stage_fu_148/gemm_read_X_U0/flow_control_loop_pipe_U/ap_loop_init_reg_0
                         LUT6 (Prop_LUT6_I0_O)        0.137     0.911 r  bd_0_i/hls_inst/inst/grp_gemm_stage_fu_148/gemm_read_X_U0/flow_control_loop_pipe_U/indvar_flatten_fu_102[7]_i_2/O
                         net (fo=7, unplaced)         0.236     1.147    bd_0_i/hls_inst/inst/grp_gemm_stage_fu_148/gemm_read_X_U0/flow_control_loop_pipe_U/indvar_flatten_fu_102_reg[1]
                         LUT5 (Prop_LUT5_I0_O)        0.095     1.242 r  bd_0_i/hls_inst/inst/grp_gemm_stage_fu_148/gemm_read_X_U0/flow_control_loop_pipe_U/ib_fu_106[6]_i_2/O
                         net (fo=2, unplaced)         0.211     1.453    bd_0_i/hls_inst/inst/grp_gemm_stage_fu_148/gemm_read_X_U0/flow_control_loop_pipe_U/ib_fu_106[6]_i_2_n_4
                         LUT4 (Prop_LUT4_I1_O)        0.058     1.511 r  bd_0_i/hls_inst/inst/grp_gemm_stage_fu_148/gemm_read_X_U0/flow_control_loop_pipe_U/ib_fu_106[5]_i_3/O
                         net (fo=4, unplaced)         0.223     1.734    bd_0_i/hls_inst/inst/grp_gemm_stage_fu_148/gemm_read_X_U0/flow_control_loop_pipe_U/ib_fu_106[5]_i_3_n_4
                         LUT4 (Prop_LUT4_I2_O)        0.058     1.792 r  bd_0_i/hls_inst/inst/grp_gemm_stage_fu_148/gemm_read_X_U0/flow_control_loop_pipe_U/add_ln40_1_fu_313_p2_carry_i_5/O
                         net (fo=1, unplaced)         0.212     2.004    bd_0_i/hls_inst/inst/grp_gemm_stage_fu_148/gemm_read_X_U0/flow_control_loop_pipe_U_n_85
                         CARRY8 (Prop_CARRY8_DI[3]_CO[7])
                                                      0.202     2.206 r  bd_0_i/hls_inst/inst/grp_gemm_stage_fu_148/gemm_read_X_U0/add_ln40_1_fu_313_p2_carry/CO[7]
                         net (fo=1, unplaced)         0.006     2.212    bd_0_i/hls_inst/inst/grp_gemm_stage_fu_148/gemm_read_X_U0/add_ln40_1_fu_313_p2_carry_n_4
                         CARRY8 (Prop_CARRY8_CI_O[1])
                                                      0.106     2.318 r  bd_0_i/hls_inst/inst/grp_gemm_stage_fu_148/gemm_read_X_U0/add_ln40_1_fu_313_p2_carry__0/O[1]
                         net (fo=2, unplaced)         0.209     2.527    bd_0_i/hls_inst/inst/grp_gemm_stage_fu_148/gemm_read_X_U0/add_ln40_1_fu_313_p2[12]
                         LUT2 (Prop_LUT2_I0_O)        0.056     2.583 r  bd_0_i/hls_inst/inst/grp_gemm_stage_fu_148/gemm_read_X_U0/trunc_ln39_s_reg_441[14]_i_4/O
                         net (fo=1, unplaced)         0.037     2.620    bd_0_i/hls_inst/inst/grp_gemm_stage_fu_148/gemm_read_X_U0/flow_control_loop_pipe_U/trunc_ln39_s_reg_441_reg[14][5]
                         CARRY8 (Prop_CARRY8_S[5]_CO[7])
                                                      0.246     2.866 r  bd_0_i/hls_inst/inst/grp_gemm_stage_fu_148/gemm_read_X_U0/flow_control_loop_pipe_U/trunc_ln39_s_reg_441_reg[14]_i_1/CO[7]
                         net (fo=1, unplaced)         0.006     2.872    bd_0_i/hls_inst/inst/grp_gemm_stage_fu_148/gemm_read_X_U0/flow_control_loop_pipe_U/trunc_ln39_s_reg_441_reg[14]_i_1_n_4
                         CARRY8 (Prop_CARRY8_CI_CO[7])
                                                      0.073     2.945 r  bd_0_i/hls_inst/inst/grp_gemm_stage_fu_148/gemm_read_X_U0/flow_control_loop_pipe_U/trunc_ln39_s_reg_441_reg[22]_i_1/CO[7]
                         net (fo=1, unplaced)         0.006     2.951    bd_0_i/hls_inst/inst/grp_gemm_stage_fu_148/gemm_read_X_U0/flow_control_loop_pipe_U/trunc_ln39_s_reg_441_reg[22]_i_1_n_4
                         CARRY8 (Prop_CARRY8_CI_CO[7])
                                                      0.073     3.024 r  bd_0_i/hls_inst/inst/grp_gemm_stage_fu_148/gemm_read_X_U0/flow_control_loop_pipe_U/trunc_ln39_s_reg_441_reg[30]_i_1/CO[7]
                         net (fo=1, unplaced)         0.006     3.030    bd_0_i/hls_inst/inst/grp_gemm_stage_fu_148/gemm_read_X_U0/flow_control_loop_pipe_U/trunc_ln39_s_reg_441_reg[30]_i_1_n_4
                         CARRY8 (Prop_CARRY8_CI_CO[7])
                                                      0.073     3.103 r  bd_0_i/hls_inst/inst/grp_gemm_stage_fu_148/gemm_read_X_U0/flow_control_loop_pipe_U/trunc_ln39_s_reg_441_reg[38]_i_1/CO[7]
                         net (fo=1, unplaced)         0.006     3.109    bd_0_i/hls_inst/inst/grp_gemm_stage_fu_148/gemm_read_X_U0/flow_control_loop_pipe_U/trunc_ln39_s_reg_441_reg[38]_i_1_n_4
                         CARRY8 (Prop_CARRY8_CI_CO[7])
                                                      0.073     3.182 r  bd_0_i/hls_inst/inst/grp_gemm_stage_fu_148/gemm_read_X_U0/flow_control_loop_pipe_U/trunc_ln39_s_reg_441_reg[46]_i_1/CO[7]
                         net (fo=1, unplaced)         0.006     3.188    bd_0_i/hls_inst/inst/grp_gemm_stage_fu_148/gemm_read_X_U0/flow_control_loop_pipe_U/trunc_ln39_s_reg_441_reg[46]_i_1_n_4
                         CARRY8 (Prop_CARRY8_CI_O[7])
                                                      0.171     3.359 r  bd_0_i/hls_inst/inst/grp_gemm_stage_fu_148/gemm_read_X_U0/flow_control_loop_pipe_U/trunc_ln39_s_reg_441_reg[54]_i_1/O[7]
                         net (fo=1, unplaced)         0.034     3.393    bd_0_i/hls_inst/inst/grp_gemm_stage_fu_148/gemm_read_X_U0/add_ln40_2_fu_331_p2[60]
                         FDRE                                         r  bd_0_i/hls_inst/inst/grp_gemm_stage_fu_148/gemm_read_X_U0/trunc_ln39_s_reg_441_reg[54]/D
  -------------------------------------------------------------------    -------------------

                         (clock ap_clk rise edge)    10.000    10.000 r  
                                                      0.000    10.000 r  ap_clk (IN)
                         net (fo=35366, unset)        0.030    10.030    bd_0_i/hls_inst/inst/grp_gemm_stage_fu_148/gemm_read_X_U0/ap_clk
                         FDRE                                         r  bd_0_i/hls_inst/inst/grp_gemm_stage_fu_148/gemm_read_X_U0/trunc_ln39_s_reg_441_reg[54]/C
                         clock pessimism              0.000    10.030    
                         clock uncertainty           -0.035     9.995    
                         FDRE (Setup_FDRE_C_D)        0.044    10.039    bd_0_i/hls_inst/inst/grp_gemm_stage_fu_148/gemm_read_X_U0/trunc_ln39_s_reg_441_reg[54]
  -------------------------------------------------------------------
                         required time                         10.039    
                         arrival time                          -3.393    
  -------------------------------------------------------------------
                         slack                                  6.646    

Slack (MET) :             6.656ns  (required time - arrival time)
  Source:                 bd_0_i/hls_inst/inst/grp_gemm_stage_fu_148/gemm_read_X_U0/flow_control_loop_pipe_U/ap_loop_init_reg/C
                            (rising edge-triggered cell FDRE clocked by ap_clk  {rise@0.000ns fall@5.000ns period=10.000ns})
  Destination:            bd_0_i/hls_inst/inst/grp_gemm_stage_fu_148/gemm_read_X_U0/trunc_ln39_s_reg_441_reg[52]/D
                            (rising edge-triggered cell FDRE clocked by ap_clk  {rise@0.000ns fall@5.000ns period=10.000ns})
  Path Group:             ap_clk
  Path Type:              Setup (Max at Slow Process Corner)
  Requirement:            10.000ns  (ap_clk rise@10.000ns - ap_clk rise@0.000ns)
  Data Path Delay:        3.341ns  (logic 1.750ns (52.380%)  route 1.591ns (47.620%))
  Logic Levels:           14  (CARRY8=8 LUT2=1 LUT4=2 LUT5=1 LUT6=2)
  Clock Path Skew:        -0.011ns (DCD - SCD + CPR)
    Destination Clock Delay (DCD):    0.030ns = ( 10.030 - 10.000 ) 
    Source Clock Delay      (SCD):    0.041ns
    Clock Pessimism Removal (CPR):    0.000ns
  Clock Uncertainty:      0.035ns  ((TSJ^2 + TIJ^2)^1/2 + DJ) / 2 + PE
    Total System Jitter     (TSJ):    0.071ns
    Total Input Jitter      (TIJ):    0.000ns
    Discrete Jitter          (DJ):    0.000ns
    Phase Error              (PE):    0.000ns

    Location             Delay type                Incr(ns)  Path(ns)    Netlist Resource(s)
  -------------------------------------------------------------------    -------------------
                         (clock ap_clk rise edge)     0.000     0.000 r  
                                                      0.000     0.000 r  ap_clk (IN)
                         net (fo=35366, unset)        0.041     0.041    bd_0_i/hls_inst/inst/grp_gemm_stage_fu_148/gemm_read_X_U0/flow_control_loop_pipe_U/ap_clk
                         FDRE                                         r  bd_0_i/hls_inst/inst/grp_gemm_stage_fu_148/gemm_read_X_U0/flow_control_loop_pipe_U/ap_loop_init_reg/C
  -------------------------------------------------------------------    -------------------
                         FDRE (Prop_FDRE_C_Q)         0.114     0.155 r  bd_0_i/hls_inst/inst/grp_gemm_stage_fu_148/gemm_read_X_U0/flow_control_loop_pipe_U/ap_loop_init_reg/Q
                         net (fo=2, unplaced)         0.174     0.329    bd_0_i/hls_inst/inst/grp_gemm_stage_fu_148/gemm_read_X_U0/flow_control_loop_pipe_U/ap_loop_init
                         LUT6 (Prop_LUT6_I0_O)        0.225     0.554 r  bd_0_i/hls_inst/inst/grp_gemm_stage_fu_148/gemm_read_X_U0/flow_control_loop_pipe_U/indvar_flatten12_fu_110[0]_i_2/O
                         net (fo=44, unplaced)        0.220     0.774    bd_0_i/hls_inst/inst/grp_gemm_stage_fu_148/gemm_read_X_U0/flow_control_loop_pipe_U/ap_loop_init_reg_0
                         LUT6 (Prop_LUT6_I0_O)        0.137     0.911 r  bd_0_i/hls_inst/inst/grp_gemm_stage_fu_148/gemm_read_X_U0/flow_control_loop_pipe_U/indvar_flatten_fu_102[7]_i_2/O
                         net (fo=7, unplaced)         0.236     1.147    bd_0_i/hls_inst/inst/grp_gemm_stage_fu_148/gemm_read_X_U0/flow_control_loop_pipe_U/indvar_flatten_fu_102_reg[1]
                         LUT5 (Prop_LUT5_I0_O)        0.095     1.242 r  bd_0_i/hls_inst/inst/grp_gemm_stage_fu_148/gemm_read_X_U0/flow_control_loop_pipe_U/ib_fu_106[6]_i_2/O
                         net (fo=2, unplaced)         0.211     1.453    bd_0_i/hls_inst/inst/grp_gemm_stage_fu_148/gemm_read_X_U0/flow_control_loop_pipe_U/ib_fu_106[6]_i_2_n_4
                         LUT4 (Prop_LUT4_I1_O)        0.058     1.511 r  bd_0_i/hls_inst/inst/grp_gemm_stage_fu_148/gemm_read_X_U0/flow_control_loop_pipe_U/ib_fu_106[5]_i_3/O
                         net (fo=4, unplaced)         0.223     1.734    bd_0_i/hls_inst/inst/grp_gemm_stage_fu_148/gemm_read_X_U0/flow_control_loop_pipe_U/ib_fu_106[5]_i_3_n_4
                         LUT4 (Prop_LUT4_I2_O)        0.058     1.792 r  bd_0_i/hls_inst/inst/grp_gemm_stage_fu_148/gemm_read_X_U0/flow_control_loop_pipe_U/add_ln40_1_fu_313_p2_carry_i_5/O
                         net (fo=1, unplaced)         0.212     2.004    bd_0_i/hls_inst/inst/grp_gemm_stage_fu_148/gemm_read_X_U0/flow_control_loop_pipe_U_n_85
                         CARRY8 (Prop_CARRY8_DI[3]_CO[7])
                                                      0.202     2.206 r  bd_0_i/hls_inst/inst/grp_gemm_stage_fu_148/gemm_read_X_U0/add_ln40_1_fu_313_p2_carry/CO[7]
                         net (fo=1, unplaced)         0.006     2.212    bd_0_i/hls_inst/inst/grp_gemm_stage_fu_148/gemm_read_X_U0/add_ln40_1_fu_313_p2_carry_n_4
                         CARRY8 (Prop_CARRY8_CI_O[1])
                                                      0.106     2.318 r  bd_0_i/hls_inst/inst/grp_gemm_stage_fu_148/gemm_read_X_U0/add_ln40_1_fu_313_p2_carry__0/O[1]
                         net (fo=2, unplaced)         0.209     2.527    bd_0_i/hls_inst/inst/grp_gemm_stage_fu_148/gemm_read_X_U0/add_ln40_1_fu_313_p2[12]
                         LUT2 (Prop_LUT2_I0_O)        0.056     2.583 r  bd_0_i/hls_inst/inst/grp_gemm_stage_fu_148/gemm_read_X_U0/trunc_ln39_s_reg_441[14]_i_4/O
                         net (fo=1, unplaced)         0.037     2.620    bd_0_i/hls_inst/inst/grp_gemm_stage_fu_148/gemm_read_X_U0/flow_control_loop_pipe_U/trunc_ln39_s_reg_441_reg[14][5]
                         CARRY8 (Prop_CARRY8_S[5]_CO[7])
                                                      0.246     2.866 r  bd_0_i/hls_inst/inst/grp_gemm_stage_fu_148/gemm_read_X_U0/flow_control_loop_pipe_U/trunc_ln39_s_reg_441_reg[14]_i_1/CO[7]
                         net (fo=1, unplaced)         0.006     2.872    bd_0_i/hls_inst/inst/grp_gemm_stage_fu_148/gemm_read_X_U0/flow_control_loop_pipe_U/trunc_ln39_s_reg_441_reg[14]_i_1_n_4
                         CARRY8 (Prop_CARRY8_CI_CO[7])
                                                      0.073     2.945 r  bd_0_i/hls_inst/inst/grp_gemm_stage_fu_148/gemm_read_X_U0/flow_control_loop_pipe_U/trunc_ln39_s_reg_441_reg[22]_i_1/CO[7]
                         net (fo=1, unplaced)         0.006     2.951    bd_0_i/hls_inst/inst/grp_gemm_stage_fu_148/gemm_read_X_U0/flow_control_loop_pipe_U/trunc_ln39_s_reg_441_reg[22]_i_1_n_4
                         CARRY8 (Prop_CARRY8_CI_CO[7])
                                                      0.073     3.024 r  bd_0_i/hls_inst/inst/grp_gemm_stage_fu_148/gemm_read_X_U0/flow_control_loop_pipe_U/trunc_ln39_s_reg_441_reg[30]_i_1/CO[7]
                         net (fo=1, unplaced)         0.006     3.030    bd_0_i/hls_inst/inst/grp_gemm_stage_fu_148/gemm_read_X_U0/flow_control_loop_pipe_U/trunc_ln39_s_reg_441_reg[30]_i_1_n_4
                         CARRY8 (Prop_CARRY8_CI_CO[7])
                                                      0.073     3.103 r  bd_0_i/hls_inst/inst/grp_gemm_stage_fu_148/gemm_read_X_U0/flow_control_loop_pipe_U/trunc_ln39_s_reg_441_reg[38]_i_1/CO[7]
                         net (fo=1, unplaced)         0.006     3.109    bd_0_i/hls_inst/inst/grp_gemm_stage_fu_148/gemm_read_X_U0/flow_control_loop_pipe_U/trunc_ln39_s_reg_441_reg[38]_i_1_n_4
                         CARRY8 (Prop_CARRY8_CI_CO[7])
                                                      0.073     3.182 r  bd_0_i/hls_inst/inst/grp_gemm_stage_fu_148/gemm_read_X_U0/flow_control_loop_pipe_U/trunc_ln39_s_reg_441_reg[46]_i_1/CO[7]
                         net (fo=1, unplaced)         0.006     3.188    bd_0_i/hls_inst/inst/grp_gemm_stage_fu_148/gemm_read_X_U0/flow_control_loop_pipe_U/trunc_ln39_s_reg_441_reg[46]_i_1_n_4
                         CARRY8 (Prop_CARRY8_CI_O[5])
                                                      0.161     3.349 r  bd_0_i/hls_inst/inst/grp_gemm_stage_fu_148/gemm_read_X_U0/flow_control_loop_pipe_U/trunc_ln39_s_reg_441_reg[54]_i_1/O[5]
                         net (fo=1, unplaced)         0.033     3.382    bd_0_i/hls_inst/inst/grp_gemm_stage_fu_148/gemm_read_X_U0/add_ln40_2_fu_331_p2[58]
                         FDRE                                         r  bd_0_i/hls_inst/inst/grp_gemm_stage_fu_148/gemm_read_X_U0/trunc_ln39_s_reg_441_reg[52]/D
  -------------------------------------------------------------------    -------------------

                         (clock ap_clk rise edge)    10.000    10.000 r  
                                                      0.000    10.000 r  ap_clk (IN)
                         net (fo=35366, unset)        0.030    10.030    bd_0_i/hls_inst/inst/grp_gemm_stage_fu_148/gemm_read_X_U0/ap_clk
                         FDRE                                         r  bd_0_i/hls_inst/inst/grp_gemm_stage_fu_148/gemm_read_X_U0/trunc_ln39_s_reg_441_reg[52]/C
                         clock pessimism              0.000    10.030    
                         clock uncertainty           -0.035     9.995    
                         FDRE (Setup_FDRE_C_D)        0.043    10.038    bd_0_i/hls_inst/inst/grp_gemm_stage_fu_148/gemm_read_X_U0/trunc_ln39_s_reg_441_reg[52]
  -------------------------------------------------------------------
                         required time                         10.038    
                         arrival time                          -3.382    
  -------------------------------------------------------------------
                         slack                                  6.656    

Slack (MET) :             6.659ns  (required time - arrival time)
  Source:                 bd_0_i/hls_inst/inst/grp_gemm_stage_fu_148/gemm_read_X_U0/flow_control_loop_pipe_U/ap_loop_init_reg/C
                            (rising edge-triggered cell FDRE clocked by ap_clk  {rise@0.000ns fall@5.000ns period=10.000ns})
  Destination:            bd_0_i/hls_inst/inst/grp_gemm_stage_fu_148/gemm_read_X_U0/trunc_ln39_s_reg_441_reg[53]/D
                            (rising edge-triggered cell FDRE clocked by ap_clk  {rise@0.000ns fall@5.000ns period=10.000ns})
  Path Group:             ap_clk
  Path Type:              Setup (Max at Slow Process Corner)
  Requirement:            10.000ns  (ap_clk rise@10.000ns - ap_clk rise@0.000ns)
  Data Path Delay:        3.338ns  (logic 1.746ns (52.307%)  route 1.592ns (47.693%))
  Logic Levels:           14  (CARRY8=8 LUT2=1 LUT4=2 LUT5=1 LUT6=2)
  Clock Path Skew:        -0.011ns (DCD - SCD + CPR)
    Destination Clock Delay (DCD):    0.030ns = ( 10.030 - 10.000 ) 
    Source Clock Delay      (SCD):    0.041ns
    Clock Pessimism Removal (CPR):    0.000ns
  Clock Uncertainty:      0.035ns  ((TSJ^2 + TIJ^2)^1/2 + DJ) / 2 + PE
    Total System Jitter     (TSJ):    0.071ns
    Total Input Jitter      (TIJ):    0.000ns
    Discrete Jitter          (DJ):    0.000ns
    Phase Error              (PE):    0.000ns

    Location             Delay type                Incr(ns)  Path(ns)    Netlist Resource(s)
  -------------------------------------------------------------------    -------------------
                         (clock ap_clk rise edge)     0.000     0.000 r  
                                                      0.000     0.000 r  ap_clk (IN)
                         net (fo=35366, unset)        0.041     0.041    bd_0_i/hls_inst/inst/grp_gemm_stage_fu_148/gemm_read_X_U0/flow_control_loop_pipe_U/ap_clk
                         FDRE                                         r  bd_0_i/hls_inst/inst/grp_gemm_stage_fu_148/gemm_read_X_U0/flow_control_loop_pipe_U/ap_loop_init_reg/C
  -------------------------------------------------------------------    -------------------
                         FDRE (Prop_FDRE_C_Q)         0.114     0.155 r  bd_0_i/hls_inst/inst/grp_gemm_stage_fu_148/gemm_read_X_U0/flow_control_loop_pipe_U/ap_loop_init_reg/Q
                         net (fo=2, unplaced)         0.174     0.329    bd_0_i/hls_inst/inst/grp_gemm_stage_fu_148/gemm_read_X_U0/flow_control_loop_pipe_U/ap_loop_init
                         LUT6 (Prop_LUT6_I0_O)        0.225     0.554 r  bd_0_i/hls_inst/inst/grp_gemm_stage_fu_148/gemm_read_X_U0/flow_control_loop_pipe_U/indvar_flatten12_fu_110[0]_i_2/O
                         net (fo=44, unplaced)        0.220     0.774    bd_0_i/hls_inst/inst/grp_gemm_stage_fu_148/gemm_read_X_U0/flow_control_loop_pipe_U/ap_loop_init_reg_0
                         LUT6 (Prop_LUT6_I0_O)        0.137     0.911 r  bd_0_i/hls_inst/inst/grp_gemm_stage_fu_148/gemm_read_X_U0/flow_control_loop_pipe_U/indvar_flatten_fu_102[7]_i_2/O
                         net (fo=7, unplaced)         0.236     1.147    bd_0_i/hls_inst/inst/grp_gemm_stage_fu_148/gemm_read_X_U0/flow_control_loop_pipe_U/indvar_flatten_fu_102_reg[1]
                         LUT5 (Prop_LUT5_I0_O)        0.095     1.242 r  bd_0_i/hls_inst/inst/grp_gemm_stage_fu_148/gemm_read_X_U0/flow_control_loop_pipe_U/ib_fu_106[6]_i_2/O
                         net (fo=2, unplaced)         0.211     1.453    bd_0_i/hls_inst/inst/grp_gemm_stage_fu_148/gemm_read_X_U0/flow_control_loop_pipe_U/ib_fu_106[6]_i_2_n_4
                         LUT4 (Prop_LUT4_I1_O)        0.058     1.511 r  bd_0_i/hls_inst/inst/grp_gemm_stage_fu_148/gemm_read_X_U0/flow_control_loop_pipe_U/ib_fu_106[5]_i_3/O
                         net (fo=4, unplaced)         0.223     1.734    bd_0_i/hls_inst/inst/grp_gemm_stage_fu_148/gemm_read_X_U0/flow_control_loop_pipe_U/ib_fu_106[5]_i_3_n_4
                         LUT4 (Prop_LUT4_I2_O)        0.058     1.792 r  bd_0_i/hls_inst/inst/grp_gemm_stage_fu_148/gemm_read_X_U0/flow_control_loop_pipe_U/add_ln40_1_fu_313_p2_carry_i_5/O
                         net (fo=1, unplaced)         0.212     2.004    bd_0_i/hls_inst/inst/grp_gemm_stage_fu_148/gemm_read_X_U0/flow_control_loop_pipe_U_n_85
                         CARRY8 (Prop_CARRY8_DI[3]_CO[7])
                                                      0.202     2.206 r  bd_0_i/hls_inst/inst/grp_gemm_stage_fu_148/gemm_read_X_U0/add_ln40_1_fu_313_p2_carry/CO[7]
                         net (fo=1, unplaced)         0.006     2.212    bd_0_i/hls_inst/inst/grp_gemm_stage_fu_148/gemm_read_X_U0/add_ln40_1_fu_313_p2_carry_n_4
                         CARRY8 (Prop_CARRY8_CI_O[1])
                                                      0.106     2.318 r  bd_0_i/hls_inst/inst/grp_gemm_stage_fu_148/gemm_read_X_U0/add_ln40_1_fu_313_p2_carry__0/O[1]
                         net (fo=2, unplaced)         0.209     2.527    bd_0_i/hls_inst/inst/grp_gemm_stage_fu_148/gemm_read_X_U0/add_ln40_1_fu_313_p2[12]
                         LUT2 (Prop_LUT2_I0_O)        0.056     2.583 r  bd_0_i/hls_inst/inst/grp_gemm_stage_fu_148/gemm_read_X_U0/trunc_ln39_s_reg_441[14]_i_4/O
                         net (fo=1, unplaced)         0.037     2.620    bd_0_i/hls_inst/inst/grp_gemm_stage_fu_148/gemm_read_X_U0/flow_control_loop_pipe_U/trunc_ln39_s_reg_441_reg[14][5]
                         CARRY8 (Prop_CARRY8_S[5]_CO[7])
                                                      0.246     2.866 r  bd_0_i/hls_inst/inst/grp_gemm_stage_fu_148/gemm_read_X_U0/flow_control_loop_pipe_U/trunc_ln39_s_reg_441_reg[14]_i_1/CO[7]
                         net (fo=1, unplaced)         0.006     2.872    bd_0_i/hls_inst/inst/grp_gemm_stage_fu_148/gemm_read_X_U0/flow_control_loop_pipe_U/trunc_ln39_s_reg_441_reg[14]_i_1_n_4
                         CARRY8 (Prop_CARRY8_CI_CO[7])
                                                      0.073     2.945 r  bd_0_i/hls_inst/inst/grp_gemm_stage_fu_148/gemm_read_X_U0/flow_control_loop_pipe_U/trunc_ln39_s_reg_441_reg[22]_i_1/CO[7]
                         net (fo=1, unplaced)         0.006     2.951    bd_0_i/hls_inst/inst/grp_gemm_stage_fu_148/gemm_read_X_U0/flow_control_loop_pipe_U/trunc_ln39_s_reg_441_reg[22]_i_1_n_4
                         CARRY8 (Prop_CARRY8_CI_CO[7])
                                                      0.073     3.024 r  bd_0_i/hls_inst/inst/grp_gemm_stage_fu_148/gemm_read_X_U0/flow_control_loop_pipe_U/trunc_ln39_s_reg_441_reg[30]_i_1/CO[7]
                         net (fo=1, unplaced)         0.006     3.030    bd_0_i/hls_inst/inst/grp_gemm_stage_fu_148/gemm_read_X_U0/flow_control_loop_pipe_U/trunc_ln39_s_reg_441_reg[30]_i_1_n_4
                         CARRY8 (Prop_CARRY8_CI_CO[7])
                                                      0.073     3.103 r  bd_0_i/hls_inst/inst/grp_gemm_stage_fu_148/gemm_read_X_U0/flow_control_loop_pipe_U/trunc_ln39_s_reg_441_reg[38]_i_1/CO[7]
                         net (fo=1, unplaced)         0.006     3.109    bd_0_i/hls_inst/inst/grp_gemm_stage_fu_148/gemm_read_X_U0/flow_control_loop_pipe_U/trunc_ln39_s_reg_441_reg[38]_i_1_n_4
                         CARRY8 (Prop_CARRY8_CI_CO[7])
                                                      0.073     3.182 r  bd_0_i/hls_inst/inst/grp_gemm_stage_fu_148/gemm_read_X_U0/flow_control_loop_pipe_U/trunc_ln39_s_reg_441_reg[46]_i_1/CO[7]
                         net (fo=1, unplaced)         0.006     3.188    bd_0_i/hls_inst/inst/grp_gemm_stage_fu_148/gemm_read_X_U0/flow_control_loop_pipe_U/trunc_ln39_s_reg_441_reg[46]_i_1_n_4
                         CARRY8 (Prop_CARRY8_CI_O[6])
                                                      0.157     3.345 r  bd_0_i/hls_inst/inst/grp_gemm_stage_fu_148/gemm_read_X_U0/flow_control_loop_pipe_U/trunc_ln39_s_reg_441_reg[54]_i_1/O[6]
                         net (fo=1, unplaced)         0.034     3.379    bd_0_i/hls_inst/inst/grp_gemm_stage_fu_148/gemm_read_X_U0/add_ln40_2_fu_331_p2[59]
                         FDRE                                         r  bd_0_i/hls_inst/inst/grp_gemm_stage_fu_148/gemm_read_X_U0/trunc_ln39_s_reg_441_reg[53]/D
  -------------------------------------------------------------------    -------------------

                         (clock ap_clk rise edge)    10.000    10.000 r  
                                                      0.000    10.000 r  ap_clk (IN)
                         net (fo=35366, unset)        0.030    10.030    bd_0_i/hls_inst/inst/grp_gemm_stage_fu_148/gemm_read_X_U0/ap_clk
                         FDRE                                         r  bd_0_i/hls_inst/inst/grp_gemm_stage_fu_148/gemm_read_X_U0/trunc_ln39_s_reg_441_reg[53]/C
                         clock pessimism              0.000    10.030    
                         clock uncertainty           -0.035     9.995    
                         FDRE (Setup_FDRE_C_D)        0.043    10.038    bd_0_i/hls_inst/inst/grp_gemm_stage_fu_148/gemm_read_X_U0/trunc_ln39_s_reg_441_reg[53]
  -------------------------------------------------------------------
                         required time                         10.038    
                         arrival time                          -3.379    
  -------------------------------------------------------------------
                         slack                                  6.659    

Slack (MET) :             6.662ns  (required time - arrival time)
  Source:                 bd_0_i/hls_inst/inst/grp_gemm_stage_fu_148/gemm_read_X_U0/flow_control_loop_pipe_U/ap_loop_init_reg/C
                            (rising edge-triggered cell FDRE clocked by ap_clk  {rise@0.000ns fall@5.000ns period=10.000ns})
  Destination:            bd_0_i/hls_inst/inst/grp_gemm_stage_fu_148/gemm_read_X_U0/trunc_ln39_s_reg_441_reg[55]/D
                            (rising edge-triggered cell FDRE clocked by ap_clk  {rise@0.000ns fall@5.000ns period=10.000ns})
  Path Group:             ap_clk
  Path Type:              Setup (Max at Slow Process Corner)
  Requirement:            10.000ns  (ap_clk rise@10.000ns - ap_clk rise@0.000ns)
  Data Path Delay:        3.336ns  (logic 1.740ns (52.158%)  route 1.596ns (47.842%))
  Logic Levels:           15  (CARRY8=9 LUT2=1 LUT4=2 LUT5=1 LUT6=2)
  Clock Path Skew:        -0.011ns (DCD - SCD + CPR)
    Destination Clock Delay (DCD):    0.030ns = ( 10.030 - 10.000 ) 
    Source Clock Delay      (SCD):    0.041ns
    Clock Pessimism Removal (CPR):    0.000ns
  Clock Uncertainty:      0.035ns  ((TSJ^2 + TIJ^2)^1/2 + DJ) / 2 + PE
    Total System Jitter     (TSJ):    0.071ns
    Total Input Jitter      (TIJ):    0.000ns
    Discrete Jitter          (DJ):    0.000ns
    Phase Error              (PE):    0.000ns

    Location             Delay type                Incr(ns)  Path(ns)    Netlist Resource(s)
  -------------------------------------------------------------------    -------------------
                         (clock ap_clk rise edge)     0.000     0.000 r  
                                                      0.000     0.000 r  ap_clk (IN)
                         net (fo=35366, unset)        0.041     0.041    bd_0_i/hls_inst/inst/grp_gemm_stage_fu_148/gemm_read_X_U0/flow_control_loop_pipe_U/ap_clk
                         FDRE                                         r  bd_0_i/hls_inst/inst/grp_gemm_stage_fu_148/gemm_read_X_U0/flow_control_loop_pipe_U/ap_loop_init_reg/C
  -------------------------------------------------------------------    -------------------
                         FDRE (Prop_FDRE_C_Q)         0.114     0.155 r  bd_0_i/hls_inst/inst/grp_gemm_stage_fu_148/gemm_read_X_U0/flow_control_loop_pipe_U/ap_loop_init_reg/Q
                         net (fo=2, unplaced)         0.174     0.329    bd_0_i/hls_inst/inst/grp_gemm_stage_fu_148/gemm_read_X_U0/flow_control_loop_pipe_U/ap_loop_init
                         LUT6 (Prop_LUT6_I0_O)        0.225     0.554 r  bd_0_i/hls_inst/inst/grp_gemm_stage_fu_148/gemm_read_X_U0/flow_control_loop_pipe_U/indvar_flatten12_fu_110[0]_i_2/O
                         net (fo=44, unplaced)        0.220     0.774    bd_0_i/hls_inst/inst/grp_gemm_stage_fu_148/gemm_read_X_U0/flow_control_loop_pipe_U/ap_loop_init_reg_0
                         LUT6 (Prop_LUT6_I0_O)        0.137     0.911 r  bd_0_i/hls_inst/inst/grp_gemm_stage_fu_148/gemm_read_X_U0/flow_control_loop_pipe_U/indvar_flatten_fu_102[7]_i_2/O
                         net (fo=7, unplaced)         0.236     1.147    bd_0_i/hls_inst/inst/grp_gemm_stage_fu_148/gemm_read_X_U0/flow_control_loop_pipe_U/indvar_flatten_fu_102_reg[1]
                         LUT5 (Prop_LUT5_I0_O)        0.095     1.242 r  bd_0_i/hls_inst/inst/grp_gemm_stage_fu_148/gemm_read_X_U0/flow_control_loop_pipe_U/ib_fu_106[6]_i_2/O
                         net (fo=2, unplaced)         0.211     1.453    bd_0_i/hls_inst/inst/grp_gemm_stage_fu_148/gemm_read_X_U0/flow_control_loop_pipe_U/ib_fu_106[6]_i_2_n_4
                         LUT4 (Prop_LUT4_I1_O)        0.058     1.511 r  bd_0_i/hls_inst/inst/grp_gemm_stage_fu_148/gemm_read_X_U0/flow_control_loop_pipe_U/ib_fu_106[5]_i_3/O
                         net (fo=4, unplaced)         0.223     1.734    bd_0_i/hls_inst/inst/grp_gemm_stage_fu_148/gemm_read_X_U0/flow_control_loop_pipe_U/ib_fu_106[5]_i_3_n_4
                         LUT4 (Prop_LUT4_I2_O)        0.058     1.792 r  bd_0_i/hls_inst/inst/grp_gemm_stage_fu_148/gemm_read_X_U0/flow_control_loop_pipe_U/add_ln40_1_fu_313_p2_carry_i_5/O
                         net (fo=1, unplaced)         0.212     2.004    bd_0_i/hls_inst/inst/grp_gemm_stage_fu_148/gemm_read_X_U0/flow_control_loop_pipe_U_n_85
                         CARRY8 (Prop_CARRY8_DI[3]_CO[7])
                                                      0.202     2.206 r  bd_0_i/hls_inst/inst/grp_gemm_stage_fu_148/gemm_read_X_U0/add_ln40_1_fu_313_p2_carry/CO[7]
                         net (fo=1, unplaced)         0.006     2.212    bd_0_i/hls_inst/inst/grp_gemm_stage_fu_148/gemm_read_X_U0/add_ln40_1_fu_313_p2_carry_n_4
                         CARRY8 (Prop_CARRY8_CI_O[1])
                                                      0.106     2.318 r  bd_0_i/hls_inst/inst/grp_gemm_stage_fu_148/gemm_read_X_U0/add_ln40_1_fu_313_p2_carry__0/O[1]
                         net (fo=2, unplaced)         0.209     2.527    bd_0_i/hls_inst/inst/grp_gemm_stage_fu_148/gemm_read_X_U0/add_ln40_1_fu_313_p2[12]
                         LUT2 (Prop_LUT2_I0_O)        0.056     2.583 r  bd_0_i/hls_inst/inst/grp_gemm_stage_fu_148/gemm_read_X_U0/trunc_ln39_s_reg_441[14]_i_4/O
                         net (fo=1, unplaced)         0.037     2.620    bd_0_i/hls_inst/inst/grp_gemm_stage_fu_148/gemm_read_X_U0/flow_control_loop_pipe_U/trunc_ln39_s_reg_441_reg[14][5]
                         CARRY8 (Prop_CARRY8_S[5]_CO[7])
                                                      0.246     2.866 r  bd_0_i/hls_inst/inst/grp_gemm_stage_fu_148/gemm_read_X_U0/flow_control_loop_pipe_U/trunc_ln39_s_reg_441_reg[14]_i_1/CO[7]
                         net (fo=1, unplaced)         0.006     2.872    bd_0_i/hls_inst/inst/grp_gemm_stage_fu_148/gemm_read_X_U0/flow_control_loop_pipe_U/trunc_ln39_s_reg_441_reg[14]_i_1_n_4
                         CARRY8 (Prop_CARRY8_CI_CO[7])
                                                      0.073     2.945 r  bd_0_i/hls_inst/inst/grp_gemm_stage_fu_148/gemm_read_X_U0/flow_control_loop_pipe_U/trunc_ln39_s_reg_441_reg[22]_i_1/CO[7]
                         net (fo=1, unplaced)         0.006     2.951    bd_0_i/hls_inst/inst/grp_gemm_stage_fu_148/gemm_read_X_U0/flow_control_loop_pipe_U/trunc_ln39_s_reg_441_reg[22]_i_1_n_4
                         CARRY8 (Prop_CARRY8_CI_CO[7])
                                                      0.073     3.024 r  bd_0_i/hls_inst/inst/grp_gemm_stage_fu_148/gemm_read_X_U0/flow_control_loop_pipe_U/trunc_ln39_s_reg_441_reg[30]_i_1/CO[7]
                         net (fo=1, unplaced)         0.006     3.030    bd_0_i/hls_inst/inst/grp_gemm_stage_fu_148/gemm_read_X_U0/flow_control_loop_pipe_U/trunc_ln39_s_reg_441_reg[30]_i_1_n_4
                         CARRY8 (Prop_CARRY8_CI_CO[7])
                                                      0.073     3.103 r  bd_0_i/hls_inst/inst/grp_gemm_stage_fu_148/gemm_read_X_U0/flow_control_loop_pipe_U/trunc_ln39_s_reg_441_reg[38]_i_1/CO[7]
                         net (fo=1, unplaced)         0.006     3.109    bd_0_i/hls_inst/inst/grp_gemm_stage_fu_148/gemm_read_X_U0/flow_control_loop_pipe_U/trunc_ln39_s_reg_441_reg[38]_i_1_n_4
                         CARRY8 (Prop_CARRY8_CI_CO[7])
                                                      0.073     3.182 r  bd_0_i/hls_inst/inst/grp_gemm_stage_fu_148/gemm_read_X_U0/flow_control_loop_pipe_U/trunc_ln39_s_reg_441_reg[46]_i_1/CO[7]
                         net (fo=1, unplaced)         0.006     3.188    bd_0_i/hls_inst/inst/grp_gemm_stage_fu_148/gemm_read_X_U0/flow_control_loop_pipe_U/trunc_ln39_s_reg_441_reg[46]_i_1_n_4
                         CARRY8 (Prop_CARRY8_CI_CO[7])
                                                      0.073     3.261 r  bd_0_i/hls_inst/inst/grp_gemm_stage_fu_148/gemm_read_X_U0/flow_control_loop_pipe_U/trunc_ln39_s_reg_441_reg[54]_i_1/CO[7]
                         net (fo=1, unplaced)         0.006     3.267    bd_0_i/hls_inst/inst/grp_gemm_stage_fu_148/gemm_read_X_U0/flow_control_loop_pipe_U/trunc_ln39_s_reg_441_reg[54]_i_1_n_4
                         CARRY8 (Prop_CARRY8_CI_O[0])
                                                      0.078     3.345 r  bd_0_i/hls_inst/inst/grp_gemm_stage_fu_148/gemm_read_X_U0/flow_control_loop_pipe_U/trunc_ln39_s_reg_441_reg[57]_i_1/O[0]
                         net (fo=1, unplaced)         0.032     3.377    bd_0_i/hls_inst/inst/grp_gemm_stage_fu_148/gemm_read_X_U0/add_ln40_2_fu_331_p2[61]
                         FDRE                                         r  bd_0_i/hls_inst/inst/grp_gemm_stage_fu_148/gemm_read_X_U0/trunc_ln39_s_reg_441_reg[55]/D
  -------------------------------------------------------------------    -------------------

                         (clock ap_clk rise edge)    10.000    10.000 r  
                                                      0.000    10.000 r  ap_clk (IN)
                         net (fo=35366, unset)        0.030    10.030    bd_0_i/hls_inst/inst/grp_gemm_stage_fu_148/gemm_read_X_U0/ap_clk
                         FDRE                                         r  bd_0_i/hls_inst/inst/grp_gemm_stage_fu_148/gemm_read_X_U0/trunc_ln39_s_reg_441_reg[55]/C
                         clock pessimism              0.000    10.030    
                         clock uncertainty           -0.035     9.995    
                         FDRE (Setup_FDRE_C_D)        0.044    10.039    bd_0_i/hls_inst/inst/grp_gemm_stage_fu_148/gemm_read_X_U0/trunc_ln39_s_reg_441_reg[55]
  -------------------------------------------------------------------
                         required time                         10.039    
                         arrival time                          -3.377    
  -------------------------------------------------------------------
                         slack                                  6.662    

Slack (MET) :             6.700ns  (required time - arrival time)
  Source:                 bd_0_i/hls_inst/inst/grp_gemm_stage_fu_148/gemm_read_X_U0/flow_control_loop_pipe_U/ap_loop_init_reg/C
                            (rising edge-triggered cell FDRE clocked by ap_clk  {rise@0.000ns fall@5.000ns period=10.000ns})
  Destination:            bd_0_i/hls_inst/inst/grp_gemm_stage_fu_148/gemm_read_X_U0/trunc_ln39_s_reg_441_reg[51]/D
                            (rising edge-triggered cell FDRE clocked by ap_clk  {rise@0.000ns fall@5.000ns period=10.000ns})
  Path Group:             ap_clk
  Path Type:              Setup (Max at Slow Process Corner)
  Requirement:            10.000ns  (ap_clk rise@10.000ns - ap_clk rise@0.000ns)
  Data Path Delay:        3.298ns  (logic 1.708ns (51.789%)  route 1.590ns (48.211%))
  Logic Levels:           14  (CARRY8=8 LUT2=1 LUT4=2 LUT5=1 LUT6=2)
  Clock Path Skew:        -0.011ns (DCD - SCD + CPR)
    Destination Clock Delay (DCD):    0.030ns = ( 10.030 - 10.000 ) 
    Source Clock Delay      (SCD):    0.041ns
    Clock Pessimism Removal (CPR):    0.000ns
  Clock Uncertainty:      0.035ns  ((TSJ^2 + TIJ^2)^1/2 + DJ) / 2 + PE
    Total System Jitter     (TSJ):    0.071ns
    Total Input Jitter      (TIJ):    0.000ns
    Discrete Jitter          (DJ):    0.000ns
    Phase Error              (PE):    0.000ns

    Location             Delay type                Incr(ns)  Path(ns)    Netlist Resource(s)
  -------------------------------------------------------------------    -------------------
                         (clock ap_clk rise edge)     0.000     0.000 r  
                                                      0.000     0.000 r  ap_clk (IN)
                         net (fo=35366, unset)        0.041     0.041    bd_0_i/hls_inst/inst/grp_gemm_stage_fu_148/gemm_read_X_U0/flow_control_loop_pipe_U/ap_clk
                         FDRE                                         r  bd_0_i/hls_inst/inst/grp_gemm_stage_fu_148/gemm_read_X_U0/flow_control_loop_pipe_U/ap_loop_init_reg/C
  -------------------------------------------------------------------    -------------------
                         FDRE (Prop_FDRE_C_Q)         0.114     0.155 r  bd_0_i/hls_inst/inst/grp_gemm_stage_fu_148/gemm_read_X_U0/flow_control_loop_pipe_U/ap_loop_init_reg/Q
                         net (fo=2, unplaced)         0.174     0.329    bd_0_i/hls_inst/inst/grp_gemm_stage_fu_148/gemm_read_X_U0/flow_control_loop_pipe_U/ap_loop_init
                         LUT6 (Prop_LUT6_I0_O)        0.225     0.554 r  bd_0_i/hls_inst/inst/grp_gemm_stage_fu_148/gemm_read_X_U0/flow_control_loop_pipe_U/indvar_flatten12_fu_110[0]_i_2/O
                         net (fo=44, unplaced)        0.220     0.774    bd_0_i/hls_inst/inst/grp_gemm_stage_fu_148/gemm_read_X_U0/flow_control_loop_pipe_U/ap_loop_init_reg_0
                         LUT6 (Prop_LUT6_I0_O)        0.137     0.911 r  bd_0_i/hls_inst/inst/grp_gemm_stage_fu_148/gemm_read_X_U0/flow_control_loop_pipe_U/indvar_flatten_fu_102[7]_i_2/O
                         net (fo=7, unplaced)         0.236     1.147    bd_0_i/hls_inst/inst/grp_gemm_stage_fu_148/gemm_read_X_U0/flow_control_loop_pipe_U/indvar_flatten_fu_102_reg[1]
                         LUT5 (Prop_LUT5_I0_O)        0.095     1.242 r  bd_0_i/hls_inst/inst/grp_gemm_stage_fu_148/gemm_read_X_U0/flow_control_loop_pipe_U/ib_fu_106[6]_i_2/O
                         net (fo=2, unplaced)         0.211     1.453    bd_0_i/hls_inst/inst/grp_gemm_stage_fu_148/gemm_read_X_U0/flow_control_loop_pipe_U/ib_fu_106[6]_i_2_n_4
                         LUT4 (Prop_LUT4_I1_O)        0.058     1.511 r  bd_0_i/hls_inst/inst/grp_gemm_stage_fu_148/gemm_read_X_U0/flow_control_loop_pipe_U/ib_fu_106[5]_i_3/O
                         net (fo=4, unplaced)         0.223     1.734    bd_0_i/hls_inst/inst/grp_gemm_stage_fu_148/gemm_read_X_U0/flow_control_loop_pipe_U/ib_fu_106[5]_i_3_n_4
                         LUT4 (Prop_LUT4_I2_O)        0.058     1.792 r  bd_0_i/hls_inst/inst/grp_gemm_stage_fu_148/gemm_read_X_U0/flow_control_loop_pipe_U/add_ln40_1_fu_313_p2_carry_i_5/O
                         net (fo=1, unplaced)         0.212     2.004    bd_0_i/hls_inst/inst/grp_gemm_stage_fu_148/gemm_read_X_U0/flow_control_loop_pipe_U_n_85
                         CARRY8 (Prop_CARRY8_DI[3]_CO[7])
                                                      0.202     2.206 r  bd_0_i/hls_inst/inst/grp_gemm_stage_fu_148/gemm_read_X_U0/add_ln40_1_fu_313_p2_carry/CO[7]
                         net (fo=1, unplaced)         0.006     2.212    bd_0_i/hls_inst/inst/grp_gemm_stage_fu_148/gemm_read_X_U0/add_ln40_1_fu_313_p2_carry_n_4
                         CARRY8 (Prop_CARRY8_CI_O[1])
                                                      0.106     2.318 r  bd_0_i/hls_inst/inst/grp_gemm_stage_fu_148/gemm_read_X_U0/add_ln40_1_fu_313_p2_carry__0/O[1]
                         net (fo=2, unplaced)         0.209     2.527    bd_0_i/hls_inst/inst/grp_gemm_stage_fu_148/gemm_read_X_U0/add_ln40_1_fu_313_p2[12]
                         LUT2 (Prop_LUT2_I0_O)        0.056     2.583 r  bd_0_i/hls_inst/inst/grp_gemm_stage_fu_148/gemm_read_X_U0/trunc_ln39_s_reg_441[14]_i_4/O
                         net (fo=1, unplaced)         0.037     2.620    bd_0_i/hls_inst/inst/grp_gemm_stage_fu_148/gemm_read_X_U0/flow_control_loop_pipe_U/trunc_ln39_s_reg_441_reg[14][5]
                         CARRY8 (Prop_CARRY8_S[5]_CO[7])
                                                      0.246     2.866 r  bd_0_i/hls_inst/inst/grp_gemm_stage_fu_148/gemm_read_X_U0/flow_control_loop_pipe_U/trunc_ln39_s_reg_441_reg[14]_i_1/CO[7]
                         net (fo=1, unplaced)         0.006     2.872    bd_0_i/hls_inst/inst/grp_gemm_stage_fu_148/gemm_read_X_U0/flow_control_loop_pipe_U/trunc_ln39_s_reg_441_reg[14]_i_1_n_4
                         CARRY8 (Prop_CARRY8_CI_CO[7])
                                                      0.073     2.945 r  bd_0_i/hls_inst/inst/grp_gemm_stage_fu_148/gemm_read_X_U0/flow_control_loop_pipe_U/trunc_ln39_s_reg_441_reg[22]_i_1/CO[7]
                         net (fo=1, unplaced)         0.006     2.951    bd_0_i/hls_inst/inst/grp_gemm_stage_fu_148/gemm_read_X_U0/flow_control_loop_pipe_U/trunc_ln39_s_reg_441_reg[22]_i_1_n_4
                         CARRY8 (Prop_CARRY8_CI_CO[7])
                                                      0.073     3.024 r  bd_0_i/hls_inst/inst/grp_gemm_stage_fu_148/gemm_read_X_U0/flow_control_loop_pipe_U/trunc_ln39_s_reg_441_reg[30]_i_1/CO[7]
                         net (fo=1, unplaced)         0.006     3.030    bd_0_i/hls_inst/inst/grp_gemm_stage_fu_148/gemm_read_X_U0/flow_control_loop_pipe_U/trunc_ln39_s_reg_441_reg[30]_i_1_n_4
                         CARRY8 (Prop_CARRY8_CI_CO[7])
                                                      0.073     3.103 r  bd_0_i/hls_inst/inst/grp_gemm_stage_fu_148/gemm_read_X_U0/flow_control_loop_pipe_U/trunc_ln39_s_reg_441_reg[38]_i_1/CO[7]
                         net (fo=1, unplaced)         0.006     3.109    bd_0_i/hls_inst/inst/grp_gemm_stage_fu_148/gemm_read_X_U0/flow_control_loop_pipe_U/trunc_ln39_s_reg_441_reg[38]_i_1_n_4
                         CARRY8 (Prop_CARRY8_CI_CO[7])
                                                      0.073     3.182 r  bd_0_i/hls_inst/inst/grp_gemm_stage_fu_148/gemm_read_X_U0/flow_control_loop_pipe_U/trunc_ln39_s_reg_441_reg[46]_i_1/CO[7]
                         net (fo=1, unplaced)         0.006     3.188    bd_0_i/hls_inst/inst/grp_gemm_stage_fu_148/gemm_read_X_U0/flow_control_loop_pipe_U/trunc_ln39_s_reg_441_reg[46]_i_1_n_4
                         CARRY8 (Prop_CARRY8_CI_O[4])
                                                      0.119     3.307 r  bd_0_i/hls_inst/inst/grp_gemm_stage_fu_148/gemm_read_X_U0/flow_control_loop_pipe_U/trunc_ln39_s_reg_441_reg[54]_i_1/O[4]
                         net (fo=1, unplaced)         0.032     3.339    bd_0_i/hls_inst/inst/grp_gemm_stage_fu_148/gemm_read_X_U0/add_ln40_2_fu_331_p2[57]
                         FDRE                                         r  bd_0_i/hls_inst/inst/grp_gemm_stage_fu_148/gemm_read_X_U0/trunc_ln39_s_reg_441_reg[51]/D
  -------------------------------------------------------------------    -------------------

                         (clock ap_clk rise edge)    10.000    10.000 r  
                                                      0.000    10.000 r  ap_clk (IN)
                         net (fo=35366, unset)        0.030    10.030    bd_0_i/hls_inst/inst/grp_gemm_stage_fu_148/gemm_read_X_U0/ap_clk
                         FDRE                                         r  bd_0_i/hls_inst/inst/grp_gemm_stage_fu_148/gemm_read_X_U0/trunc_ln39_s_reg_441_reg[51]/C
                         clock pessimism              0.000    10.030    
                         clock uncertainty           -0.035     9.995    
                         FDRE (Setup_FDRE_C_D)        0.044    10.039    bd_0_i/hls_inst/inst/grp_gemm_stage_fu_148/gemm_read_X_U0/trunc_ln39_s_reg_441_reg[51]
  -------------------------------------------------------------------
                         required time                         10.039    
                         arrival time                          -3.339    
  -------------------------------------------------------------------
                         slack                                  6.700    

Slack (MET) :             6.702ns  (required time - arrival time)
  Source:                 bd_0_i/hls_inst/inst/grp_gemm_stage_fu_148/gemm_read_X_U0/flow_control_loop_pipe_U/ap_loop_init_reg/C
                            (rising edge-triggered cell FDRE clocked by ap_clk  {rise@0.000ns fall@5.000ns period=10.000ns})
  Destination:            bd_0_i/hls_inst/inst/grp_gemm_stage_fu_148/gemm_read_X_U0/trunc_ln39_s_reg_441_reg[50]/D
                            (rising edge-triggered cell FDRE clocked by ap_clk  {rise@0.000ns fall@5.000ns period=10.000ns})
  Path Group:             ap_clk
  Path Type:              Setup (Max at Slow Process Corner)
  Requirement:            10.000ns  (ap_clk rise@10.000ns - ap_clk rise@0.000ns)
  Data Path Delay:        3.295ns  (logic 1.703ns (51.684%)  route 1.592ns (48.316%))
  Logic Levels:           14  (CARRY8=8 LUT2=1 LUT4=2 LUT5=1 LUT6=2)
  Clock Path Skew:        -0.011ns (DCD - SCD + CPR)
    Destination Clock Delay (DCD):    0.030ns = ( 10.030 - 10.000 ) 
    Source Clock Delay      (SCD):    0.041ns
    Clock Pessimism Removal (CPR):    0.000ns
  Clock Uncertainty:      0.035ns  ((TSJ^2 + TIJ^2)^1/2 + DJ) / 2 + PE
    Total System Jitter     (TSJ):    0.071ns
    Total Input Jitter      (TIJ):    0.000ns
    Discrete Jitter          (DJ):    0.000ns
    Phase Error              (PE):    0.000ns

    Location             Delay type                Incr(ns)  Path(ns)    Netlist Resource(s)
  -------------------------------------------------------------------    -------------------
                         (clock ap_clk rise edge)     0.000     0.000 r  
                                                      0.000     0.000 r  ap_clk (IN)
                         net (fo=35366, unset)        0.041     0.041    bd_0_i/hls_inst/inst/grp_gemm_stage_fu_148/gemm_read_X_U0/flow_control_loop_pipe_U/ap_clk
                         FDRE                                         r  bd_0_i/hls_inst/inst/grp_gemm_stage_fu_148/gemm_read_X_U0/flow_control_loop_pipe_U/ap_loop_init_reg/C
  -------------------------------------------------------------------    -------------------
                         FDRE (Prop_FDRE_C_Q)         0.114     0.155 r  bd_0_i/hls_inst/inst/grp_gemm_stage_fu_148/gemm_read_X_U0/flow_control_loop_pipe_U/ap_loop_init_reg/Q
                         net (fo=2, unplaced)         0.174     0.329    bd_0_i/hls_inst/inst/grp_gemm_stage_fu_148/gemm_read_X_U0/flow_control_loop_pipe_U/ap_loop_init
                         LUT6 (Prop_LUT6_I0_O)        0.225     0.554 r  bd_0_i/hls_inst/inst/grp_gemm_stage_fu_148/gemm_read_X_U0/flow_control_loop_pipe_U/indvar_flatten12_fu_110[0]_i_2/O
                         net (fo=44, unplaced)        0.220     0.774    bd_0_i/hls_inst/inst/grp_gemm_stage_fu_148/gemm_read_X_U0/flow_control_loop_pipe_U/ap_loop_init_reg_0
                         LUT6 (Prop_LUT6_I0_O)        0.137     0.911 r  bd_0_i/hls_inst/inst/grp_gemm_stage_fu_148/gemm_read_X_U0/flow_control_loop_pipe_U/indvar_flatten_fu_102[7]_i_2/O
                         net (fo=7, unplaced)         0.236     1.147    bd_0_i/hls_inst/inst/grp_gemm_stage_fu_148/gemm_read_X_U0/flow_control_loop_pipe_U/indvar_flatten_fu_102_reg[1]
                         LUT5 (Prop_LUT5_I0_O)        0.095     1.242 r  bd_0_i/hls_inst/inst/grp_gemm_stage_fu_148/gemm_read_X_U0/flow_control_loop_pipe_U/ib_fu_106[6]_i_2/O
                         net (fo=2, unplaced)         0.211     1.453    bd_0_i/hls_inst/inst/grp_gemm_stage_fu_148/gemm_read_X_U0/flow_control_loop_pipe_U/ib_fu_106[6]_i_2_n_4
                         LUT4 (Prop_LUT4_I1_O)        0.058     1.511 r  bd_0_i/hls_inst/inst/grp_gemm_stage_fu_148/gemm_read_X_U0/flow_control_loop_pipe_U/ib_fu_106[5]_i_3/O
                         net (fo=4, unplaced)         0.223     1.734    bd_0_i/hls_inst/inst/grp_gemm_stage_fu_148/gemm_read_X_U0/flow_control_loop_pipe_U/ib_fu_106[5]_i_3_n_4
                         LUT4 (Prop_LUT4_I2_O)        0.058     1.792 r  bd_0_i/hls_inst/inst/grp_gemm_stage_fu_148/gemm_read_X_U0/flow_control_loop_pipe_U/add_ln40_1_fu_313_p2_carry_i_5/O
                         net (fo=1, unplaced)         0.212     2.004    bd_0_i/hls_inst/inst/grp_gemm_stage_fu_148/gemm_read_X_U0/flow_control_loop_pipe_U_n_85
                         CARRY8 (Prop_CARRY8_DI[3]_CO[7])
                                                      0.202     2.206 r  bd_0_i/hls_inst/inst/grp_gemm_stage_fu_148/gemm_read_X_U0/add_ln40_1_fu_313_p2_carry/CO[7]
                         net (fo=1, unplaced)         0.006     2.212    bd_0_i/hls_inst/inst/grp_gemm_stage_fu_148/gemm_read_X_U0/add_ln40_1_fu_313_p2_carry_n_4
                         CARRY8 (Prop_CARRY8_CI_O[1])
                                                      0.106     2.318 r  bd_0_i/hls_inst/inst/grp_gemm_stage_fu_148/gemm_read_X_U0/add_ln40_1_fu_313_p2_carry__0/O[1]
                         net (fo=2, unplaced)         0.209     2.527    bd_0_i/hls_inst/inst/grp_gemm_stage_fu_148/gemm_read_X_U0/add_ln40_1_fu_313_p2[12]
                         LUT2 (Prop_LUT2_I0_O)        0.056     2.583 r  bd_0_i/hls_inst/inst/grp_gemm_stage_fu_148/gemm_read_X_U0/trunc_ln39_s_reg_441[14]_i_4/O
                         net (fo=1, unplaced)         0.037     2.620    bd_0_i/hls_inst/inst/grp_gemm_stage_fu_148/gemm_read_X_U0/flow_control_loop_pipe_U/trunc_ln39_s_reg_441_reg[14][5]
                         CARRY8 (Prop_CARRY8_S[5]_CO[7])
                                                      0.246     2.866 r  bd_0_i/hls_inst/inst/grp_gemm_stage_fu_148/gemm_read_X_U0/flow_control_loop_pipe_U/trunc_ln39_s_reg_441_reg[14]_i_1/CO[7]
                         net (fo=1, unplaced)         0.006     2.872    bd_0_i/hls_inst/inst/grp_gemm_stage_fu_148/gemm_read_X_U0/flow_control_loop_pipe_U/trunc_ln39_s_reg_441_reg[14]_i_1_n_4
                         CARRY8 (Prop_CARRY8_CI_CO[7])
                                                      0.073     2.945 r  bd_0_i/hls_inst/inst/grp_gemm_stage_fu_148/gemm_read_X_U0/flow_control_loop_pipe_U/trunc_ln39_s_reg_441_reg[22]_i_1/CO[7]
                         net (fo=1, unplaced)         0.006     2.951    bd_0_i/hls_inst/inst/grp_gemm_stage_fu_148/gemm_read_X_U0/flow_control_loop_pipe_U/trunc_ln39_s_reg_441_reg[22]_i_1_n_4
                         CARRY8 (Prop_CARRY8_CI_CO[7])
                                                      0.073     3.024 r  bd_0_i/hls_inst/inst/grp_gemm_stage_fu_148/gemm_read_X_U0/flow_control_loop_pipe_U/trunc_ln39_s_reg_441_reg[30]_i_1/CO[7]
                         net (fo=1, unplaced)         0.006     3.030    bd_0_i/hls_inst/inst/grp_gemm_stage_fu_148/gemm_read_X_U0/flow_control_loop_pipe_U/trunc_ln39_s_reg_441_reg[30]_i_1_n_4
                         CARRY8 (Prop_CARRY8_CI_CO[7])
                                                      0.073     3.103 r  bd_0_i/hls_inst/inst/grp_gemm_stage_fu_148/gemm_read_X_U0/flow_control_loop_pipe_U/trunc_ln39_s_reg_441_reg[38]_i_1/CO[7]
                         net (fo=1, unplaced)         0.006     3.109    bd_0_i/hls_inst/inst/grp_gemm_stage_fu_148/gemm_read_X_U0/flow_control_loop_pipe_U/trunc_ln39_s_reg_441_reg[38]_i_1_n_4
                         CARRY8 (Prop_CARRY8_CI_CO[7])
                                                      0.073     3.182 r  bd_0_i/hls_inst/inst/grp_gemm_stage_fu_148/gemm_read_X_U0/flow_control_loop_pipe_U/trunc_ln39_s_reg_441_reg[46]_i_1/CO[7]
                         net (fo=1, unplaced)         0.006     3.188    bd_0_i/hls_inst/inst/grp_gemm_stage_fu_148/gemm_read_X_U0/flow_control_loop_pipe_U/trunc_ln39_s_reg_441_reg[46]_i_1_n_4
                         CARRY8 (Prop_CARRY8_CI_O[3])
                                                      0.114     3.302 r  bd_0_i/hls_inst/inst/grp_gemm_stage_fu_148/gemm_read_X_U0/flow_control_loop_pipe_U/trunc_ln39_s_reg_441_reg[54]_i_1/O[3]
                         net (fo=1, unplaced)         0.034     3.336    bd_0_i/hls_inst/inst/grp_gemm_stage_fu_148/gemm_read_X_U0/add_ln40_2_fu_331_p2[56]
                         FDRE                                         r  bd_0_i/hls_inst/inst/grp_gemm_stage_fu_148/gemm_read_X_U0/trunc_ln39_s_reg_441_reg[50]/D
  -------------------------------------------------------------------    -------------------

                         (clock ap_clk rise edge)    10.000    10.000 r  
                                                      0.000    10.000 r  ap_clk (IN)
                         net (fo=35366, unset)        0.030    10.030    bd_0_i/hls_inst/inst/grp_gemm_stage_fu_148/gemm_read_X_U0/ap_clk
                         FDRE                                         r  bd_0_i/hls_inst/inst/grp_gemm_stage_fu_148/gemm_read_X_U0/trunc_ln39_s_reg_441_reg[50]/C
                         clock pessimism              0.000    10.030    
                         clock uncertainty           -0.035     9.995    
                         FDRE (Setup_FDRE_C_D)        0.043    10.038    bd_0_i/hls_inst/inst/grp_gemm_stage_fu_148/gemm_read_X_U0/trunc_ln39_s_reg_441_reg[50]
  -------------------------------------------------------------------
                         required time                         10.038    
                         arrival time                          -3.336    
  -------------------------------------------------------------------
                         slack                                  6.702    

Slack (MET) :             6.711ns  (required time - arrival time)
  Source:                 bd_0_i/hls_inst/inst/grp_gemm_stage_fu_148/gemm_read_X_U0/flow_control_loop_pipe_U/ap_loop_init_reg/C
                            (rising edge-triggered cell FDRE clocked by ap_clk  {rise@0.000ns fall@5.000ns period=10.000ns})
  Destination:            bd_0_i/hls_inst/inst/grp_gemm_stage_fu_148/gemm_read_X_U0/trunc_ln39_s_reg_441_reg[48]/D
                            (rising edge-triggered cell FDRE clocked by ap_clk  {rise@0.000ns fall@5.000ns period=10.000ns})
  Path Group:             ap_clk
  Path Type:              Setup (Max at Slow Process Corner)
  Requirement:            10.000ns  (ap_clk rise@10.000ns - ap_clk rise@0.000ns)
  Data Path Delay:        3.286ns  (logic 1.695ns (51.582%)  route 1.591ns (48.418%))
  Logic Levels:           14  (CARRY8=8 LUT2=1 LUT4=2 LUT5=1 LUT6=2)
  Clock Path Skew:        -0.011ns (DCD - SCD + CPR)
    Destination Clock Delay (DCD):    0.030ns = ( 10.030 - 10.000 ) 
    Source Clock Delay      (SCD):    0.041ns
    Clock Pessimism Removal (CPR):    0.000ns
  Clock Uncertainty:      0.035ns  ((TSJ^2 + TIJ^2)^1/2 + DJ) / 2 + PE
    Total System Jitter     (TSJ):    0.071ns
    Total Input Jitter      (TIJ):    0.000ns
    Discrete Jitter          (DJ):    0.000ns
    Phase Error              (PE):    0.000ns

    Location             Delay type                Incr(ns)  Path(ns)    Netlist Resource(s)
  -------------------------------------------------------------------    -------------------
                         (clock ap_clk rise edge)     0.000     0.000 r  
                                                      0.000     0.000 r  ap_clk (IN)
                         net (fo=35366, unset)        0.041     0.041    bd_0_i/hls_inst/inst/grp_gemm_stage_fu_148/gemm_read_X_U0/flow_control_loop_pipe_U/ap_clk
                         FDRE                                         r  bd_0_i/hls_inst/inst/grp_gemm_stage_fu_148/gemm_read_X_U0/flow_control_loop_pipe_U/ap_loop_init_reg/C
  -------------------------------------------------------------------    -------------------
                         FDRE (Prop_FDRE_C_Q)         0.114     0.155 r  bd_0_i/hls_inst/inst/grp_gemm_stage_fu_148/gemm_read_X_U0/flow_control_loop_pipe_U/ap_loop_init_reg/Q
                         net (fo=2, unplaced)         0.174     0.329    bd_0_i/hls_inst/inst/grp_gemm_stage_fu_148/gemm_read_X_U0/flow_control_loop_pipe_U/ap_loop_init
                         LUT6 (Prop_LUT6_I0_O)        0.225     0.554 r  bd_0_i/hls_inst/inst/grp_gemm_stage_fu_148/gemm_read_X_U0/flow_control_loop_pipe_U/indvar_flatten12_fu_110[0]_i_2/O
                         net (fo=44, unplaced)        0.220     0.774    bd_0_i/hls_inst/inst/grp_gemm_stage_fu_148/gemm_read_X_U0/flow_control_loop_pipe_U/ap_loop_init_reg_0
                         LUT6 (Prop_LUT6_I0_O)        0.137     0.911 r  bd_0_i/hls_inst/inst/grp_gemm_stage_fu_148/gemm_read_X_U0/flow_control_loop_pipe_U/indvar_flatten_fu_102[7]_i_2/O
                         net (fo=7, unplaced)         0.236     1.147    bd_0_i/hls_inst/inst/grp_gemm_stage_fu_148/gemm_read_X_U0/flow_control_loop_pipe_U/indvar_flatten_fu_102_reg[1]
                         LUT5 (Prop_LUT5_I0_O)        0.095     1.242 r  bd_0_i/hls_inst/inst/grp_gemm_stage_fu_148/gemm_read_X_U0/flow_control_loop_pipe_U/ib_fu_106[6]_i_2/O
                         net (fo=2, unplaced)         0.211     1.453    bd_0_i/hls_inst/inst/grp_gemm_stage_fu_148/gemm_read_X_U0/flow_control_loop_pipe_U/ib_fu_106[6]_i_2_n_4
                         LUT4 (Prop_LUT4_I1_O)        0.058     1.511 r  bd_0_i/hls_inst/inst/grp_gemm_stage_fu_148/gemm_read_X_U0/flow_control_loop_pipe_U/ib_fu_106[5]_i_3/O
                         net (fo=4, unplaced)         0.223     1.734    bd_0_i/hls_inst/inst/grp_gemm_stage_fu_148/gemm_read_X_U0/flow_control_loop_pipe_U/ib_fu_106[5]_i_3_n_4
                         LUT4 (Prop_LUT4_I2_O)        0.058     1.792 r  bd_0_i/hls_inst/inst/grp_gemm_stage_fu_148/gemm_read_X_U0/flow_control_loop_pipe_U/add_ln40_1_fu_313_p2_carry_i_5/O
                         net (fo=1, unplaced)         0.212     2.004    bd_0_i/hls_inst/inst/grp_gemm_stage_fu_148/gemm_read_X_U0/flow_control_loop_pipe_U_n_85
                         CARRY8 (Prop_CARRY8_DI[3]_CO[7])
                                                      0.202     2.206 r  bd_0_i/hls_inst/inst/grp_gemm_stage_fu_148/gemm_read_X_U0/add_ln40_1_fu_313_p2_carry/CO[7]
                         net (fo=1, unplaced)         0.006     2.212    bd_0_i/hls_inst/inst/grp_gemm_stage_fu_148/gemm_read_X_U0/add_ln40_1_fu_313_p2_carry_n_4
                         CARRY8 (Prop_CARRY8_CI_O[1])
                                                      0.106     2.318 r  bd_0_i/hls_inst/inst/grp_gemm_stage_fu_148/gemm_read_X_U0/add_ln40_1_fu_313_p2_carry__0/O[1]
                         net (fo=2, unplaced)         0.209     2.527    bd_0_i/hls_inst/inst/grp_gemm_stage_fu_148/gemm_read_X_U0/add_ln40_1_fu_313_p2[12]
                         LUT2 (Prop_LUT2_I0_O)        0.056     2.583 r  bd_0_i/hls_inst/inst/grp_gemm_stage_fu_148/gemm_read_X_U0/trunc_ln39_s_reg_441[14]_i_4/O
                         net (fo=1, unplaced)         0.037     2.620    bd_0_i/hls_inst/inst/grp_gemm_stage_fu_148/gemm_read_X_U0/flow_control_loop_pipe_U/trunc_ln39_s_reg_441_reg[14][5]
                         CARRY8 (Prop_CARRY8_S[5]_CO[7])
                                                      0.246     2.866 r  bd_0_i/hls_inst/inst/grp_gemm_stage_fu_148/gemm_read_X_U0/flow_control_loop_pipe_U/trunc_ln39_s_reg_441_reg[14]_i_1/CO[7]
                         net (fo=1, unplaced)         0.006     2.872    bd_0_i/hls_inst/inst/grp_gemm_stage_fu_148/gemm_read_X_U0/flow_control_loop_pipe_U/trunc_ln39_s_reg_441_reg[14]_i_1_n_4
                         CARRY8 (Prop_CARRY8_CI_CO[7])
                                                      0.073     2.945 r  bd_0_i/hls_inst/inst/grp_gemm_stage_fu_148/gemm_read_X_U0/flow_control_loop_pipe_U/trunc_ln39_s_reg_441_reg[22]_i_1/CO[7]
                         net (fo=1, unplaced)         0.006     2.951    bd_0_i/hls_inst/inst/grp_gemm_stage_fu_148/gemm_read_X_U0/flow_control_loop_pipe_U/trunc_ln39_s_reg_441_reg[22]_i_1_n_4
                         CARRY8 (Prop_CARRY8_CI_CO[7])
                                                      0.073     3.024 r  bd_0_i/hls_inst/inst/grp_gemm_stage_fu_148/gemm_read_X_U0/flow_control_loop_pipe_U/trunc_ln39_s_reg_441_reg[30]_i_1/CO[7]
                         net (fo=1, unplaced)         0.006     3.030    bd_0_i/hls_inst/inst/grp_gemm_stage_fu_148/gemm_read_X_U0/flow_control_loop_pipe_U/trunc_ln39_s_reg_441_reg[30]_i_1_n_4
                         CARRY8 (Prop_CARRY8_CI_CO[7])
                                                      0.073     3.103 r  bd_0_i/hls_inst/inst/grp_gemm_stage_fu_148/gemm_read_X_U0/flow_control_loop_pipe_U/trunc_ln39_s_reg_441_reg[38]_i_1/CO[7]
                         net (fo=1, unplaced)         0.006     3.109    bd_0_i/hls_inst/inst/grp_gemm_stage_fu_148/gemm_read_X_U0/flow_control_loop_pipe_U/trunc_ln39_s_reg_441_reg[38]_i_1_n_4
                         CARRY8 (Prop_CARRY8_CI_CO[7])
                                                      0.073     3.182 r  bd_0_i/hls_inst/inst/grp_gemm_stage_fu_148/gemm_read_X_U0/flow_control_loop_pipe_U/trunc_ln39_s_reg_441_reg[46]_i_1/CO[7]
                         net (fo=1, unplaced)         0.006     3.188    bd_0_i/hls_inst/inst/grp_gemm_stage_fu_148/gemm_read_X_U0/flow_control_loop_pipe_U/trunc_ln39_s_reg_441_reg[46]_i_1_n_4
                         CARRY8 (Prop_CARRY8_CI_O[1])
                                                      0.106     3.294 r  bd_0_i/hls_inst/inst/grp_gemm_stage_fu_148/gemm_read_X_U0/flow_control_loop_pipe_U/trunc_ln39_s_reg_441_reg[54]_i_1/O[1]
                         net (fo=1, unplaced)         0.033     3.327    bd_0_i/hls_inst/inst/grp_gemm_stage_fu_148/gemm_read_X_U0/add_ln40_2_fu_331_p2[54]
                         FDRE                                         r  bd_0_i/hls_inst/inst/grp_gemm_stage_fu_148/gemm_read_X_U0/trunc_ln39_s_reg_441_reg[48]/D
  -------------------------------------------------------------------    -------------------

                         (clock ap_clk rise edge)    10.000    10.000 r  
                                                      0.000    10.000 r  ap_clk (IN)
                         net (fo=35366, unset)        0.030    10.030    bd_0_i/hls_inst/inst/grp_gemm_stage_fu_148/gemm_read_X_U0/ap_clk
                         FDRE                                         r  bd_0_i/hls_inst/inst/grp_gemm_stage_fu_148/gemm_read_X_U0/trunc_ln39_s_reg_441_reg[48]/C
                         clock pessimism              0.000    10.030    
                         clock uncertainty           -0.035     9.995    
                         FDRE (Setup_FDRE_C_D)        0.043    10.038    bd_0_i/hls_inst/inst/grp_gemm_stage_fu_148/gemm_read_X_U0/trunc_ln39_s_reg_441_reg[48]
  -------------------------------------------------------------------
                         required time                         10.038    
                         arrival time                          -3.327    
  -------------------------------------------------------------------
                         slack                                  6.711    

Slack (MET) :             6.723ns  (required time - arrival time)
  Source:                 bd_0_i/hls_inst/inst/grp_gemm_stage_fu_148/gemm_read_X_U0/flow_control_loop_pipe_U/ap_loop_init_reg/C
                            (rising edge-triggered cell FDRE clocked by ap_clk  {rise@0.000ns fall@5.000ns period=10.000ns})
  Destination:            bd_0_i/hls_inst/inst/grp_gemm_stage_fu_148/gemm_read_X_U0/trunc_ln39_s_reg_441_reg[49]/D
                            (rising edge-triggered cell FDRE clocked by ap_clk  {rise@0.000ns fall@5.000ns period=10.000ns})
  Path Group:             ap_clk
  Path Type:              Setup (Max at Slow Process Corner)
  Requirement:            10.000ns  (ap_clk rise@10.000ns - ap_clk rise@0.000ns)
  Data Path Delay:        3.274ns  (logic 1.682ns (51.374%)  route 1.592ns (48.626%))
  Logic Levels:           14  (CARRY8=8 LUT2=1 LUT4=2 LUT5=1 LUT6=2)
  Clock Path Skew:        -0.011ns (DCD - SCD + CPR)
    Destination Clock Delay (DCD):    0.030ns = ( 10.030 - 10.000 ) 
    Source Clock Delay      (SCD):    0.041ns
    Clock Pessimism Removal (CPR):    0.000ns
  Clock Uncertainty:      0.035ns  ((TSJ^2 + TIJ^2)^1/2 + DJ) / 2 + PE
    Total System Jitter     (TSJ):    0.071ns
    Total Input Jitter      (TIJ):    0.000ns
    Discrete Jitter          (DJ):    0.000ns
    Phase Error              (PE):    0.000ns

    Location             Delay type                Incr(ns)  Path(ns)    Netlist Resource(s)
  -------------------------------------------------------------------    -------------------
                         (clock ap_clk rise edge)     0.000     0.000 r  
                                                      0.000     0.000 r  ap_clk (IN)
                         net (fo=35366, unset)        0.041     0.041    bd_0_i/hls_inst/inst/grp_gemm_stage_fu_148/gemm_read_X_U0/flow_control_loop_pipe_U/ap_clk
                         FDRE                                         r  bd_0_i/hls_inst/inst/grp_gemm_stage_fu_148/gemm_read_X_U0/flow_control_loop_pipe_U/ap_loop_init_reg/C
  -------------------------------------------------------------------    -------------------
                         FDRE (Prop_FDRE_C_Q)         0.114     0.155 r  bd_0_i/hls_inst/inst/grp_gemm_stage_fu_148/gemm_read_X_U0/flow_control_loop_pipe_U/ap_loop_init_reg/Q
                         net (fo=2, unplaced)         0.174     0.329    bd_0_i/hls_inst/inst/grp_gemm_stage_fu_148/gemm_read_X_U0/flow_control_loop_pipe_U/ap_loop_init
                         LUT6 (Prop_LUT6_I0_O)        0.225     0.554 r  bd_0_i/hls_inst/inst/grp_gemm_stage_fu_148/gemm_read_X_U0/flow_control_loop_pipe_U/indvar_flatten12_fu_110[0]_i_2/O
                         net (fo=44, unplaced)        0.220     0.774    bd_0_i/hls_inst/inst/grp_gemm_stage_fu_148/gemm_read_X_U0/flow_control_loop_pipe_U/ap_loop_init_reg_0
                         LUT6 (Prop_LUT6_I0_O)        0.137     0.911 r  bd_0_i/hls_inst/inst/grp_gemm_stage_fu_148/gemm_read_X_U0/flow_control_loop_pipe_U/indvar_flatten_fu_102[7]_i_2/O
                         net (fo=7, unplaced)         0.236     1.147    bd_0_i/hls_inst/inst/grp_gemm_stage_fu_148/gemm_read_X_U0/flow_control_loop_pipe_U/indvar_flatten_fu_102_reg[1]
                         LUT5 (Prop_LUT5_I0_O)        0.095     1.242 r  bd_0_i/hls_inst/inst/grp_gemm_stage_fu_148/gemm_read_X_U0/flow_control_loop_pipe_U/ib_fu_106[6]_i_2/O
                         net (fo=2, unplaced)         0.211     1.453    bd_0_i/hls_inst/inst/grp_gemm_stage_fu_148/gemm_read_X_U0/flow_control_loop_pipe_U/ib_fu_106[6]_i_2_n_4
                         LUT4 (Prop_LUT4_I1_O)        0.058     1.511 r  bd_0_i/hls_inst/inst/grp_gemm_stage_fu_148/gemm_read_X_U0/flow_control_loop_pipe_U/ib_fu_106[5]_i_3/O
                         net (fo=4, unplaced)         0.223     1.734    bd_0_i/hls_inst/inst/grp_gemm_stage_fu_148/gemm_read_X_U0/flow_control_loop_pipe_U/ib_fu_106[5]_i_3_n_4
                         LUT4 (Prop_LUT4_I2_O)        0.058     1.792 r  bd_0_i/hls_inst/inst/grp_gemm_stage_fu_148/gemm_read_X_U0/flow_control_loop_pipe_U/add_ln40_1_fu_313_p2_carry_i_5/O
                         net (fo=1, unplaced)         0.212     2.004    bd_0_i/hls_inst/inst/grp_gemm_stage_fu_148/gemm_read_X_U0/flow_control_loop_pipe_U_n_85
                         CARRY8 (Prop_CARRY8_DI[3]_CO[7])
                                                      0.202     2.206 r  bd_0_i/hls_inst/inst/grp_gemm_stage_fu_148/gemm_read_X_U0/add_ln40_1_fu_313_p2_carry/CO[7]
                         net (fo=1, unplaced)         0.006     2.212    bd_0_i/hls_inst/inst/grp_gemm_stage_fu_148/gemm_read_X_U0/add_ln40_1_fu_313_p2_carry_n_4
                         CARRY8 (Prop_CARRY8_CI_O[1])
                                                      0.106     2.318 r  bd_0_i/hls_inst/inst/grp_gemm_stage_fu_148/gemm_read_X_U0/add_ln40_1_fu_313_p2_carry__0/O[1]
                         net (fo=2, unplaced)         0.209     2.527    bd_0_i/hls_inst/inst/grp_gemm_stage_fu_148/gemm_read_X_U0/add_ln40_1_fu_313_p2[12]
                         LUT2 (Prop_LUT2_I0_O)        0.056     2.583 r  bd_0_i/hls_inst/inst/grp_gemm_stage_fu_148/gemm_read_X_U0/trunc_ln39_s_reg_441[14]_i_4/O
                         net (fo=1, unplaced)         0.037     2.620    bd_0_i/hls_inst/inst/grp_gemm_stage_fu_148/gemm_read_X_U0/flow_control_loop_pipe_U/trunc_ln39_s_reg_441_reg[14][5]
                         CARRY8 (Prop_CARRY8_S[5]_CO[7])
                                                      0.246     2.866 r  bd_0_i/hls_inst/inst/grp_gemm_stage_fu_148/gemm_read_X_U0/flow_control_loop_pipe_U/trunc_ln39_s_reg_441_reg[14]_i_1/CO[7]
                         net (fo=1, unplaced)         0.006     2.872    bd_0_i/hls_inst/inst/grp_gemm_stage_fu_148/gemm_read_X_U0/flow_control_loop_pipe_U/trunc_ln39_s_reg_441_reg[14]_i_1_n_4
                         CARRY8 (Prop_CARRY8_CI_CO[7])
                                                      0.073     2.945 r  bd_0_i/hls_inst/inst/grp_gemm_stage_fu_148/gemm_read_X_U0/flow_control_loop_pipe_U/trunc_ln39_s_reg_441_reg[22]_i_1/CO[7]
                         net (fo=1, unplaced)         0.006     2.951    bd_0_i/hls_inst/inst/grp_gemm_stage_fu_148/gemm_read_X_U0/flow_control_loop_pipe_U/trunc_ln39_s_reg_441_reg[22]_i_1_n_4
                         CARRY8 (Prop_CARRY8_CI_CO[7])
                                                      0.073     3.024 r  bd_0_i/hls_inst/inst/grp_gemm_stage_fu_148/gemm_read_X_U0/flow_control_loop_pipe_U/trunc_ln39_s_reg_441_reg[30]_i_1/CO[7]
                         net (fo=1, unplaced)         0.006     3.030    bd_0_i/hls_inst/inst/grp_gemm_stage_fu_148/gemm_read_X_U0/flow_control_loop_pipe_U/trunc_ln39_s_reg_441_reg[30]_i_1_n_4
                         CARRY8 (Prop_CARRY8_CI_CO[7])
                                                      0.073     3.103 r  bd_0_i/hls_inst/inst/grp_gemm_stage_fu_148/gemm_read_X_U0/flow_control_loop_pipe_U/trunc_ln39_s_reg_441_reg[38]_i_1/CO[7]
                         net (fo=1, unplaced)         0.006     3.109    bd_0_i/hls_inst/inst/grp_gemm_stage_fu_148/gemm_read_X_U0/flow_control_loop_pipe_U/trunc_ln39_s_reg_441_reg[38]_i_1_n_4
                         CARRY8 (Prop_CARRY8_CI_CO[7])
                                                      0.073     3.182 r  bd_0_i/hls_inst/inst/grp_gemm_stage_fu_148/gemm_read_X_U0/flow_control_loop_pipe_U/trunc_ln39_s_reg_441_reg[46]_i_1/CO[7]
                         net (fo=1, unplaced)         0.006     3.188    bd_0_i/hls_inst/inst/grp_gemm_stage_fu_148/gemm_read_X_U0/flow_control_loop_pipe_U/trunc_ln39_s_reg_441_reg[46]_i_1_n_4
                         CARRY8 (Prop_CARRY8_CI_O[2])
                                                      0.093     3.281 r  bd_0_i/hls_inst/inst/grp_gemm_stage_fu_148/gemm_read_X_U0/flow_control_loop_pipe_U/trunc_ln39_s_reg_441_reg[54]_i_1/O[2]
                         net (fo=1, unplaced)         0.034     3.315    bd_0_i/hls_inst/inst/grp_gemm_stage_fu_148/gemm_read_X_U0/add_ln40_2_fu_331_p2[55]
                         FDRE                                         r  bd_0_i/hls_inst/inst/grp_gemm_stage_fu_148/gemm_read_X_U0/trunc_ln39_s_reg_441_reg[49]/D
  -------------------------------------------------------------------    -------------------

                         (clock ap_clk rise edge)    10.000    10.000 r  
                                                      0.000    10.000 r  ap_clk (IN)
                         net (fo=35366, unset)        0.030    10.030    bd_0_i/hls_inst/inst/grp_gemm_stage_fu_148/gemm_read_X_U0/ap_clk
                         FDRE                                         r  bd_0_i/hls_inst/inst/grp_gemm_stage_fu_148/gemm_read_X_U0/trunc_ln39_s_reg_441_reg[49]/C
                         clock pessimism              0.000    10.030    
                         clock uncertainty           -0.035     9.995    
                         FDRE (Setup_FDRE_C_D)        0.043    10.038    bd_0_i/hls_inst/inst/grp_gemm_stage_fu_148/gemm_read_X_U0/trunc_ln39_s_reg_441_reg[49]
  -------------------------------------------------------------------
                         required time                         10.038    
                         arrival time                          -3.315    
  -------------------------------------------------------------------
                         slack                                  6.723    




