Copyright 1986-2022 Xilinx, Inc. All Rights Reserved. Copyright 2022-2025 Advanced Micro Devices, Inc. All Rights Reserved.
---------------------------------------------------------------------------------------------------------------------------------------------
| Tool Version : Vivado v.2025.2 (lin64) Build 6299465 Fri Nov 14 12:34:56 MST 2025
| Date         : Sat Apr 18 16:53:35 2026
| Host         : nat-Yoga-Pro-9-16IAH10 running 64-bit Ubuntu 24.04.3 LTS
| Command      : report_design_analysis -file ./report/integrated_gcn_design_analysis_routed.rpt
| Design       : bd_0_wrapper
| Device       : xck26
| Design State : Routed
---------------------------------------------------------------------------------------------------------------------------------------------

Report Design Analysis

Table of Contents
-----------------
1. Setup Path Characteristics 1-1
2. Logic Level Distribution
3. Placer Final Level Congestion Reporting
4. Router Initial Congestion

1. Setup Path Characteristics 1-1
---------------------------------

+---------------------------+------------------------------------------+
|      Characteristics      |                  Path #1                 |
+---------------------------+------------------------------------------+
| Requirement               | 10.000                                   |
| Path Delay                | 7.590                                    |
| Logic Delay               | 0.251(4%)                                |
| Net Delay                 | 7.339(96%)                               |
| Clock Skew                | 0.013                                    |
| Slack                     | 2.020                                    |
| Clock Uncertainty         | 0.035                                    |
| Clock Pair Classification | Timed                                    |
| Clock Delay Group         | Same Clock                               |
| Logic Levels              | 1                                        |
| Routes                    | 2                                        |
| Logical Path              | FDRE/C-(4097)-RAMD32-(1)-DSP_C_DATA/C[6] |
| Start Point Clock         | ap_clk                                   |
| End Point Clock           | ap_clk                                   |
| DSP Block                 | Seq                                      |
| RAM Registers             | None-None                                |
| IO Crossings              | 0                                        |
| SLR Crossings             | 0                                        |
| PBlocks                   | 0                                        |
| High Fanout               | 4097                                     |
| ASYNC REG                 | 0                                        |
| Dont Touch                | 0                                        |
| Mark Debug                | 0                                        |
| Start Point Pin Primitive | FDRE/C                                   |
| End Point Pin Primitive   | DSP_C_DATA/C[6]                          |
| Start Point Pin           | lshr_ln3_reg_10341_reg[3]/C              |
| End Point Pin             | DSP_C_DATA_INST/C[6]                     |
+---------------------------+------------------------------------------+
* Bounding box calculated as % of dimensions for the target device (2818, 498)


2. Logic Level Distribution
---------------------------

+-----------------+-------------+-----+-----+-----+
| End Point Clock | Requirement |  1  |  2  |  3  |
+-----------------+-------------+-----+-----+-----+
| ap_clk          | 10.000ns    | 517 | 296 | 187 |
+-----------------+-------------+-----+-----+-----+
* Columns represent the logic levels per end point clock
** Distribution is for top worst 1000 paths


3. Placer Final Level Congestion Reporting
------------------------------------------

+-----------+------+-------+--------+---------------+----------------+-----+--------+------+------+------+------+-----+-------+-----+------------+
| Direction | Type | Level | Window | Combined LUTs | Avg LUT Inputs | LUT | LUTRAM | Flop | MUXF | RAMB | URAM | DSP | CARRY | SRL | Cell Names |
+-----------+------+-------+--------+---------------+----------------+-----+--------+------+------+------+------+-----+-------+-----+------------+
* No congestion windows are found above level 5


4. Router Initial Congestion
----------------------------

+-----------+------+-------+--------+---------------+----------------+-----+--------+------+------+------+------+-----+-------+-----+------------+-------------+
| Direction | Type | Level | Window | Combined LUTs | Avg LUT Inputs | LUT | LUTRAM | Flop | MUXF | RAMB | URAM | DSP | CARRY | SRL | Cell Names | Sub Windows |
+-----------+------+-------+--------+---------------+----------------+-----+--------+------+------+------+------+-----+-------+-----+------------+-------------+
* No effective congestion windows are found above level 5


