Copyright 1986-2022 Xilinx, Inc. All Rights Reserved. Copyright 2022-2025 Advanced Micro Devices, Inc. All Rights Reserved.
---------------------------------------------------------------------------------------------------------------------------------------------
| Tool Version : Vivado v.2025.2 (lin64) Build 6299465 Fri Nov 14 12:34:56 MST 2025
| Date         : Sat Apr 18 16:45:39 2026
| Host         : nat-Yoga-Pro-9-16IAH10 running 64-bit Ubuntu 24.04.3 LTS
| Command      : report_design_analysis -file ./report/integrated_gcn_design_analysis_synth.rpt
| Design       : bd_0_wrapper
| Device       : xck26
| Design State : Synthesized
---------------------------------------------------------------------------------------------------------------------------------------------

Report Design Analysis

Table of Contents
-----------------
1. Setup Path Characteristics 1-1
2. Logic Level Distribution
3. Placer Final Level Congestion Reporting

1. Setup Path Characteristics 1-1
---------------------------------

+---------------------------+---------------------------------------------------------------------------------------------------------------------------------------------+
|      Characteristics      |                                                                   Path #1                                                                   |
+---------------------------+---------------------------------------------------------------------------------------------------------------------------------------------+
| Requirement               | 10.000                                                                                                                                      |
| Path Delay                | 3.365                                                                                                                                       |
| Logic Delay               | 1.768(53%)                                                                                                                                  |
| Net Delay                 | 1.597(47%)                                                                                                                                  |
| Clock Skew                | -0.011                                                                                                                                      |
| Slack                     | 6.632                                                                                                                                       |
| Clock Uncertainty         | 0.035                                                                                                                                       |
| Clock Pair Classification | Timed                                                                                                                                       |
| Clock Delay Group         | Same Clock                                                                                                                                  |
| Logic Levels              | 15                                                                                                                                          |
| Routes                    | NA                                                                                                                                          |
| Logical Path              | FDRE/C-(2)-LUT6-(44)-LUT6-(7)-LUT5-(2)-LUT4-(4)-LUT4-(1)-CARRY8-(1)-CARRY8-LUT2-(1)-CARRY8-CARRY8-CARRY8-CARRY8-CARRY8-CARRY8-CARRY8-FDRE/D |
| Start Point Clock         | ap_clk                                                                                                                                      |
| End Point Clock           | ap_clk                                                                                                                                      |
| DSP Block                 | None                                                                                                                                        |
| RAM Registers             | None-None                                                                                                                                   |
| IO Crossings              | 0                                                                                                                                           |
| SLR Crossings             | 0                                                                                                                                           |
| PBlocks                   | 0                                                                                                                                           |
| High Fanout               | 44                                                                                                                                          |
| ASYNC REG                 | 0                                                                                                                                           |
| Dont Touch                | 0                                                                                                                                           |
| Mark Debug                | 0                                                                                                                                           |
| Start Point Pin Primitive | FDRE/C                                                                                                                                      |
| End Point Pin Primitive   | FDRE/D                                                                                                                                      |
| Start Point Pin           | ap_loop_init_reg/C                                                                                                                          |
| End Point Pin             | trunc_ln39_s_reg_441_reg[56]/D                                                                                                              |
+---------------------------+---------------------------------------------------------------------------------------------------------------------------------------------+
* Bounding box calculated as % of dimensions for the target device (2818, 498)


2. Logic Level Distribution
---------------------------

+-----------------+-------------+-----+----+---+----+---+----+----+----+----+----+----+----+----+----+
| End Point Clock | Requirement |  0  |  3 | 4 |  5 | 6 |  7 |  8 |  9 | 10 | 11 | 12 | 13 | 14 | 15 |
+-----------------+-------------+-----+----+---+----+---+----+----+----+----+----+----+----+----+----+
| ap_clk          | 10.000ns    | 800 | 13 | 3 | 25 | 8 | 15 | 28 | 19 | 24 | 24 | 19 | 11 |  8 |  3 |
+-----------------+-------------+-----+----+---+----+---+----+----+----+----+----+----+----+----+----+
* Columns represent the logic levels per end point clock
** Distribution is for top worst 1000 paths


3. Placer Final Level Congestion Reporting
------------------------------------------

+-----------+------+-------+--------+---------------+----------------+-----+--------+------+------+------+------+-----+-------+-----+------------+
| Direction | Type | Level | Window | Combined LUTs | Avg LUT Inputs | LUT | LUTRAM | Flop | MUXF | RAMB | URAM | DSP | CARRY | SRL | Cell Names |
+-----------+------+-------+--------+---------------+----------------+-----+--------+------+------+------+------+-----+-------+-----+------------+
* The design has not been placed, hence congestion data is not available. The command report_design_analysis -congestion should be run only after place_design has completed.


