  **** HLS Build v2025.2 6295257
INFO: [HLS 200-2005] Using work_dir /home/nat/dev/trinners/mai_proj/hls/thesis-gcn-accelerator/vitis/integrated_gcn/integrated_gcn/integrated_gcn 
INFO: [HLS 200-2176] Writing Vitis IDE component file /home/nat/dev/trinners/mai_proj/hls/thesis-gcn-accelerator/vitis/integrated_gcn/integrated_gcn/integrated_gcn/vitis-comp.json
INFO: [HLS 200-10] Creating and opening component '/home/nat/dev/trinners/mai_proj/hls/thesis-gcn-accelerator/vitis/integrated_gcn/integrated_gcn/integrated_gcn'.
INFO: [HLS 200-1505] Using default flow_target 'vivado'
Resolution: For help on HLS 200-1505 see docs.amd.com/access/sources/dita/topic?Doc_Version=2025.2%20English&url=ug1448-hls-guidance&resourceid=200-1505.html
INFO: [HLS 200-2174] Applying component config ini file hls_config.cfg
INFO: [HLS 200-1465] Applying config ini 'syn.file=/home/nat/dev/trinners/mai_proj/hls/thesis-gcn-accelerator/src/integrated-gcn/integrated_gcn.cpp' from hls_config.cfg(8)
INFO: [HLS 200-10] Adding design file '/home/nat/dev/trinners/mai_proj/hls/thesis-gcn-accelerator/src/integrated-gcn/integrated_gcn.cpp' to the project
INFO: [HLS 200-1465] Applying config ini 'tb.file=/home/nat/dev/trinners/mai_proj/hls/thesis-gcn-accelerator/src/integrated-gcn/integrated_gcn_tb.cpp' from hls_config.cfg(9)
INFO: [HLS 200-10] Adding test bench file '/home/nat/dev/trinners/mai_proj/hls/thesis-gcn-accelerator/src/integrated-gcn/integrated_gcn_tb.cpp' to the project
INFO: [HLS 200-1465] Applying config ini 'syn.top=integrated_gcn' from hls_config.cfg(10)
INFO: [HLS 200-1465] Applying config ini 'flow_target=vivado' from hls_config.cfg(4)
INFO: [HLS 200-1505] Using flow_target 'vivado'
Resolution: For help on HLS 200-1505 see docs.amd.com/access/sources/dita/topic?Doc_Version=2025.2%20English&url=ug1448-hls-guidance&resourceid=200-1505.html
INFO: [HLS 200-1465] Applying config ini 'part=xck26-sfvc784-2LV-c' from hls_config.cfg(1)
INFO: [HLS 200-1611] Setting target device to 'xck26-sfvc784-2LV-c'
INFO: [HLS 200-1465] Applying config ini 'clock=10' from hls_config.cfg(7)
INFO: [SYN 201-201] Setting up clock 'default' with a period of 10ns.
INFO: [HLS 200-1465] Applying config ini 'package.output.format=ip_catalog' from hls_config.cfg(5)
INFO: [HLS 200-2176] Writing Vitis IDE component file /home/nat/dev/trinners/mai_proj/hls/thesis-gcn-accelerator/vitis/integrated_gcn/integrated_gcn/integrated_gcn/vitis-comp.json
INFO: [SIM 211-2] *************** CSIM start ***************
INFO: [HLS 200-2191] C-Simulation will use clang-16 as the compiler
INFO: [HLS 200-2036] Building debug C Simulation binaries
make: 'csim.exe' is up to date.
NNZ = 13264

Running design3_gcn (A*(X*W) order)...
  GEMM: X(2708x64) * W(64x7)
  SpMM: A(2708x2708) * H_temp(2708x7)
Wrote H_out to /home/nat/dev/trinners/mai_proj/hls/gcn_hls/cora_bin/H_out_integrated_layer2.bin
  MISMATCH at (0,0): DUT=-0.417969 REF=-1.94918 ERR=1.53121
  MISMATCH at (0,1): DUT=-0.53125 REF=-2.36922 ERR=1.83797
  MISMATCH at (0,2): DUT=-0.939453 REF=-3.58284 ERR=2.64339
  MISMATCH at (0,3): DUT=2.08691 REF=9.00823 ERR=6.92132
  MISMATCH at (0,4): DUT=-0.196289 REF=-2.72255 ERR=2.52626
  MISMATCH at (0,5): DUT=-0.667969 REF=-1.99815 ERR=1.33018
  MISMATCH at (0,6): DUT=-0.225586 REF=-2.03964 ERR=1.81405
  MISMATCH at (1,0): DUT=-1.71289 REF=-2.76216 ERR=1.04927
  MISMATCH at (1,1): DUT=-2.22852 REF=-5.06259 ERR=2.83407
  MISMATCH at (1,2): DUT=-1.50098 REF=-3.32867 ERR=1.82769
  MISMATCH at (1,3): DUT=-1.19922 REF=-4.22752 ERR=3.02831
  MISMATCH at (1,4): DUT=5.64062 REF=16.7889 ERR=11.1483
  MISMATCH at (1,5): DUT=0.366211 REF=-0.979827 ERR=1.34604
  MISMATCH at (1,6): DUT=-0.144531 REF=-1.66119 ERR=1.51666
  MISMATCH at (2,0): DUT=-1.05762 REF=-2.93306 ERR=1.87544
  MISMATCH at (2,1): DUT=-1.55273 REF=-4.97252 ERR=3.41978
  MISMATCH at (2,2): DUT=-1.1709 REF=-2.74722 ERR=1.57632
  MISMATCH at (2,4): DUT=3.60547 REF=12.2524 ERR=8.64698
  MISMATCH at (2,5): DUT=-0.0195312 REF=-1.62029 ERR=1.60076
  MISMATCH at (2,6): DUT=-0.0507812 REF=-1.89091 ERR=1.84013
-----------------------------
GCN Layer: A*(X*W)
Max error: 25.66
Errors (>1): 12999 / 18956
MSE: 6.40464
TEST FAILED
-----------------------------
INFO [HLS SIM]: The maximum depth reached by any hls::stream() instance in the design is 18956
@E Simulation failed: Function 'main' returns nonzero value '1'.
ERROR: [SIM 211-100] 'csim_design' failed: nonzero return value.
INFO: [SIM 211-3] *************** CSIM finish ***************
ERROR: CSIM Failed
INFO: [HLS 200-112] Total CPU user time: 4.29 seconds. Total CPU system time: 0.49 seconds. Total elapsed time: 4.61 seconds; peak allocated memory: 273.078 MB.
