  **** HLS Build v2025.2 6295257
INFO: [HLS 200-2005] Using work_dir /home/nat/dev/trinners/mai_proj/hls/thesis-gcn-accelerator/vitis/integrated_gcn/integrated_gcn/integrated_gcn 
INFO: [HLS 200-2176] Writing Vitis IDE component file /home/nat/dev/trinners/mai_proj/hls/thesis-gcn-accelerator/vitis/integrated_gcn/integrated_gcn/integrated_gcn/vitis-comp.json
INFO: [HLS 200-10] Creating and opening component '/home/nat/dev/trinners/mai_proj/hls/thesis-gcn-accelerator/vitis/integrated_gcn/integrated_gcn/integrated_gcn'.
INFO: [HLS 200-1505] Using default flow_target 'vivado'
Resolution: For help on HLS 200-1505 see docs.amd.com/access/sources/dita/topic?Doc_Version=2025.2%20English&url=ug1448-hls-guidance&resourceid=200-1505.html
INFO: [HLS 200-2174] Applying component config ini file hls_config.cfg
INFO: [HLS 200-1465] Applying config ini 'syn.file=/home/nat/dev/trinners/mai_proj/hls/thesis-gcn-accelerator/src/integrated-gcn/integrated_gcn.cpp' from hls_config.cfg(8)
INFO: [HLS 200-10] Adding design file '/home/nat/dev/trinners/mai_proj/hls/thesis-gcn-accelerator/src/integrated-gcn/integrated_gcn.cpp' to the project
INFO: [HLS 200-1465] Applying config ini 'tb.file=/home/nat/dev/trinners/mai_proj/hls/thesis-gcn-accelerator/src/integrated-gcn/integrated_gcn_tb.cpp' from hls_config.cfg(9)
INFO: [HLS 200-10] Adding test bench file '/home/nat/dev/trinners/mai_proj/hls/thesis-gcn-accelerator/src/integrated-gcn/integrated_gcn_tb.cpp' to the project
INFO: [HLS 200-1465] Applying config ini 'syn.top=integrated_gcn' from hls_config.cfg(10)
INFO: [HLS 200-1465] Applying config ini 'flow_target=vivado' from hls_config.cfg(4)
INFO: [HLS 200-1505] Using flow_target 'vivado'
Resolution: For help on HLS 200-1505 see docs.amd.com/access/sources/dita/topic?Doc_Version=2025.2%20English&url=ug1448-hls-guidance&resourceid=200-1505.html
INFO: [HLS 200-1465] Applying config ini 'part=xck26-sfvc784-2LV-c' from hls_config.cfg(1)
INFO: [HLS 200-1611] Setting target device to 'xck26-sfvc784-2LV-c'
INFO: [HLS 200-1465] Applying config ini 'clock=10' from hls_config.cfg(7)
INFO: [SYN 201-201] Setting up clock 'default' with a period of 10ns.
INFO: [HLS 200-1465] Applying config ini 'package.output.format=ip_catalog' from hls_config.cfg(5)
INFO: [HLS 200-2176] Writing Vitis IDE component file /home/nat/dev/trinners/mai_proj/hls/thesis-gcn-accelerator/vitis/integrated_gcn/integrated_gcn/integrated_gcn/vitis-comp.json
INFO: [SIM 211-2] *************** CSIM start ***************
INFO: [HLS 200-2191] C-Simulation will use clang-16 as the compiler
INFO: [HLS 200-2036] Building debug C Simulation binaries
make: 'csim.exe' is up to date.
NNZ = 13264

Running design3_gcn (A*(X*W) order)...
  GEMM: X(2708x64) * W(64x7)
  SpMM: A(2708x2708) * H_temp(2708x7)
Wrote H_out to /home/nat/dev/trinners/mai_proj/hls/gcn_hls/cora_bin/H_out_integrated_layer2.bin
  MISMATCH at (34,2): DUT=8.29297 REF=9.35437 ERR=1.0614
  MISMATCH at (68,2): DUT=6.06152 REF=7.08003 ERR=1.01851
  MISMATCH at (72,2): DUT=5.6123 REF=6.7684 ERR=1.1561
  MISMATCH at (111,2): DUT=11.3301 REF=12.4013 ERR=1.07124
  MISMATCH at (289,2): DUT=2.44629 REF=3.52604 ERR=1.07975
  MISMATCH at (326,2): DUT=5.10254 REF=6.14017 ERR=1.03763
  MISMATCH at (333,2): DUT=4.5 REF=5.52688 ERR=1.02688
  MISMATCH at (501,2): DUT=3.95312 REF=5.1039 ERR=1.15077
  MISMATCH at (686,2): DUT=6.72559 REF=7.82671 ERR=1.10112
  MISMATCH at (758,2): DUT=9.57617 REF=10.8309 ERR=1.25471
  MISMATCH at (796,2): DUT=7.55371 REF=8.59307 ERR=1.03936
  MISMATCH at (853,2): DUT=7.41309 REF=8.53278 ERR=1.11969
  MISMATCH at (882,2): DUT=2.25879 REF=3.3769 ERR=1.11811
  MISMATCH at (902,2): DUT=5.96875 REF=7.08151 ERR=1.11276
  MISMATCH at (919,2): DUT=3.07617 REF=4.13795 ERR=1.06177
  MISMATCH at (929,2): DUT=6.43066 REF=7.55858 ERR=1.12791
  MISMATCH at (978,2): DUT=4.93945 REF=5.99796 ERR=1.05851
  MISMATCH at (986,4): DUT=1.45117 REF=0.343866 ERR=1.10731
  MISMATCH at (1123,2): DUT=5.44629 REF=6.62981 ERR=1.18352
  MISMATCH at (1238,2): DUT=4.25098 REF=5.36605 ERR=1.11507
-----------------------------
GCN Layer: A*(X*W)
Max error: 1.408
Errors (>1): 42 / 18956
MSE: 0.0328545
TEST FAILED
-----------------------------
INFO [HLS SIM]: The maximum depth reached by any hls::stream() instance in the design is 18956
@E Simulation failed: Function 'main' returns nonzero value '1'.
ERROR: [SIM 211-100] 'csim_design' failed: nonzero return value.
INFO: [SIM 211-3] *************** CSIM finish ***************
ERROR: CSIM Failed
INFO: [HLS 200-112] Total CPU user time: 5.23 seconds. Total CPU system time: 0.51 seconds. Total elapsed time: 5.47 seconds; peak allocated memory: 273.211 MB.
