  **** HLS Build v2025.2 6295257
INFO: [HLS 200-2005] Using work_dir /home/nat/dev/trinners/mai_proj/hls/thesis-gcn-accelerator/vitis/integrated_gcn/integrated_gcn/integrated_gcn 
INFO: [HLS 200-2176] Writing Vitis IDE component file /home/nat/dev/trinners/mai_proj/hls/thesis-gcn-accelerator/vitis/integrated_gcn/integrated_gcn/integrated_gcn/vitis-comp.json
INFO: [HLS 200-10] Creating and opening component '/home/nat/dev/trinners/mai_proj/hls/thesis-gcn-accelerator/vitis/integrated_gcn/integrated_gcn/integrated_gcn'.
INFO: [HLS 200-1505] Using default flow_target 'vivado'
Resolution: For help on HLS 200-1505 see docs.amd.com/access/sources/dita/topic?Doc_Version=2025.2%20English&url=ug1448-hls-guidance&resourceid=200-1505.html
INFO: [HLS 200-2174] Applying component config ini file hls_config.cfg
INFO: [HLS 200-1465] Applying config ini 'syn.file=/home/nat/dev/trinners/mai_proj/hls/thesis-gcn-accelerator/src/integrated-gcn/integrated_gcn.cpp' from hls_config.cfg(8)
INFO: [HLS 200-10] Adding design file '/home/nat/dev/trinners/mai_proj/hls/thesis-gcn-accelerator/src/integrated-gcn/integrated_gcn.cpp' to the project
INFO: [HLS 200-1465] Applying config ini 'tb.file=/home/nat/dev/trinners/mai_proj/hls/thesis-gcn-accelerator/src/integrated-gcn/integrated_gcn_tb.cpp' from hls_config.cfg(9)
INFO: [HLS 200-10] Adding test bench file '/home/nat/dev/trinners/mai_proj/hls/thesis-gcn-accelerator/src/integrated-gcn/integrated_gcn_tb.cpp' to the project
INFO: [HLS 200-1465] Applying config ini 'syn.top=integrated_gcn' from hls_config.cfg(10)
INFO: [HLS 200-1465] Applying config ini 'flow_target=vivado' from hls_config.cfg(4)
INFO: [HLS 200-1505] Using flow_target 'vivado'
Resolution: For help on HLS 200-1505 see docs.amd.com/access/sources/dita/topic?Doc_Version=2025.2%20English&url=ug1448-hls-guidance&resourceid=200-1505.html
INFO: [HLS 200-1465] Applying config ini 'part=xck26-sfvc784-2LV-c' from hls_config.cfg(1)
INFO: [HLS 200-1611] Setting target device to 'xck26-sfvc784-2LV-c'
INFO: [HLS 200-1465] Applying config ini 'clock=10' from hls_config.cfg(7)
INFO: [SYN 201-201] Setting up clock 'default' with a period of 10ns.
INFO: [HLS 200-1465] Applying config ini 'package.output.format=ip_catalog' from hls_config.cfg(5)
INFO: [HLS 200-2176] Writing Vitis IDE component file /home/nat/dev/trinners/mai_proj/hls/thesis-gcn-accelerator/vitis/integrated_gcn/integrated_gcn/integrated_gcn/vitis-comp.json
INFO: [SIM 211-2] *************** CSIM start ***************
INFO: [HLS 200-2191] C-Simulation will use clang-16 as the compiler
INFO: [HLS 200-2036] Building debug C Simulation binaries
   Compiling ../../../../../../../src/integrated-gcn/integrated_gcn_tb.cpp in debug mode
   Compiling ../../../../../../../src/integrated-gcn/integrated_gcn.cpp in debug mode
   Generating csim.exe
NNZ = 13264

Running design3_gcn (A*(X*W) order)...
  GEMM: X(2708x1433) * W(1433x64)
  SpMM: A(2708x2708) * H_temp(2708x64)
Wrote H_out to /home/nat/dev/trinners/mai_proj/hls/gcn_hls/cora_bin/H_out_integrated.bin
  MISMATCH at (3,19): DUT=0 REF=1.10399 ERR=1.10399
  MISMATCH at (26,39): DUT=0 REF=1.00565 ERR=1.00565
  MISMATCH at (88,2): DUT=0 REF=1.05436 ERR=1.05436
  MISMATCH at (88,14): DUT=0 REF=1.03597 ERR=1.03597
  MISMATCH at (88,16): DUT=0 REF=1.13977 ERR=1.13977
  MISMATCH at (99,32): DUT=0 REF=1.05431 ERR=1.05431
  MISMATCH at (99,39): DUT=0 REF=1.1484 ERR=1.1484
  MISMATCH at (109,63): DUT=0 REF=1.115 ERR=1.115
  MISMATCH at (135,48): DUT=0 REF=1.02774 ERR=1.02774
  MISMATCH at (306,0): DUT=0 REF=1.37872 ERR=1.37872
  MISMATCH at (306,1): DUT=0 REF=1.16871 ERR=1.16871
  MISMATCH at (306,6): DUT=0 REF=1.02096 ERR=1.02096
  MISMATCH at (306,9): DUT=0 REF=1.07598 ERR=1.07598
  MISMATCH at (306,16): DUT=0 REF=1.41527 ERR=1.41527
  MISMATCH at (306,17): DUT=0 REF=1.25908 ERR=1.25908
  MISMATCH at (306,32): DUT=0 REF=-1.04281 ERR=1.04281
  MISMATCH at (306,39): DUT=0 REF=1.23047 ERR=1.23047
  MISMATCH at (306,48): DUT=0 REF=1.70529 ERR=1.70529
  MISMATCH at (306,49): DUT=0 REF=1.52967 ERR=1.52967
  MISMATCH at (306,53): DUT=0 REF=1.17529 ERR=1.17529
-----------------------------
GCN Layer: A*(X*W)
Max error: 2.69336
Errors (>1): 68 / 173312
MSE: 0.0325728
TEST FAILED
-----------------------------
INFO [HLS SIM]: The maximum depth reached by any hls::stream() instance in the design is 173312
@E Simulation failed: Function 'main' returns nonzero value '1'.
ERROR: [SIM 211-100] 'csim_design' failed: nonzero return value.
INFO: [SIM 211-3] *************** CSIM finish ***************
ERROR: CSIM Failed
INFO: [HLS 200-112] Total CPU user time: 58.28 seconds. Total CPU system time: 0.76 seconds. Total elapsed time: 58.81 seconds; peak allocated memory: 273.086 MB.
