  **** HLS Build v2025.2 6295257
INFO: [HLS 200-2005] Using work_dir /home/nat/dev/trinners/mai_proj/hls/thesis-gcn-accelerator/vitis/integrated_gcn/integrated_gcn/integrated_gcn 
INFO: [HLS 200-2176] Writing Vitis IDE component file /home/nat/dev/trinners/mai_proj/hls/thesis-gcn-accelerator/vitis/integrated_gcn/integrated_gcn/integrated_gcn/vitis-comp.json
INFO: [HLS 200-10] Creating and opening component '/home/nat/dev/trinners/mai_proj/hls/thesis-gcn-accelerator/vitis/integrated_gcn/integrated_gcn/integrated_gcn'.
INFO: [HLS 200-1505] Using default flow_target 'vivado'
Resolution: For help on HLS 200-1505 see docs.amd.com/access/sources/dita/topic?Doc_Version=2025.2%20English&url=ug1448-hls-guidance&resourceid=200-1505.html
INFO: [HLS 200-2174] Applying component config ini file hls_config.cfg
INFO: [HLS 200-1465] Applying config ini 'syn.file=/home/nat/dev/trinners/mai_proj/hls/thesis-gcn-accelerator/src/integrated-gcn/integrated_gcn.cpp' from hls_config.cfg(8)
INFO: [HLS 200-10] Adding design file '/home/nat/dev/trinners/mai_proj/hls/thesis-gcn-accelerator/src/integrated-gcn/integrated_gcn.cpp' to the project
INFO: [HLS 200-1465] Applying config ini 'tb.file=/home/nat/dev/trinners/mai_proj/hls/thesis-gcn-accelerator/src/integrated-gcn/integrated_gcn_tb.cpp' from hls_config.cfg(9)
INFO: [HLS 200-10] Adding test bench file '/home/nat/dev/trinners/mai_proj/hls/thesis-gcn-accelerator/src/integrated-gcn/integrated_gcn_tb.cpp' to the project
INFO: [HLS 200-1465] Applying config ini 'syn.top=integrated_gcn' from hls_config.cfg(10)
INFO: [HLS 200-1465] Applying config ini 'flow_target=vivado' from hls_config.cfg(4)
INFO: [HLS 200-1505] Using flow_target 'vivado'
Resolution: For help on HLS 200-1505 see docs.amd.com/access/sources/dita/topic?Doc_Version=2025.2%20English&url=ug1448-hls-guidance&resourceid=200-1505.html
INFO: [HLS 200-1465] Applying config ini 'part=xck26-sfvc784-2LV-c' from hls_config.cfg(1)
INFO: [HLS 200-1611] Setting target device to 'xck26-sfvc784-2LV-c'
INFO: [HLS 200-1465] Applying config ini 'clock=10' from hls_config.cfg(7)
INFO: [SYN 201-201] Setting up clock 'default' with a period of 10ns.
INFO: [HLS 200-1465] Applying config ini 'package.output.format=ip_catalog' from hls_config.cfg(5)
INFO: [HLS 200-2176] Writing Vitis IDE component file /home/nat/dev/trinners/mai_proj/hls/thesis-gcn-accelerator/vitis/integrated_gcn/integrated_gcn/integrated_gcn/vitis-comp.json
INFO: [SIM 211-2] *************** CSIM start ***************
INFO: [HLS 200-2191] C-Simulation will use clang-16 as the compiler
INFO: [HLS 200-2036] Building debug C Simulation binaries
make: 'csim.exe' is up to date.
NNZ = 13264

Running design3_gcn (A*(X*W) order)...
  GEMM: X(2708x64) * W(64x7)
  SpMM: A(2708x2708) * H_temp(2708x7)
Wrote H_out to /home/nat/dev/trinners/mai_proj/hls/gcn_hls/cora_bin/H_out_integrated_layer2.bin
  MISMATCH at (34,2): DUT=8.29297 REF=9.35437 ERR=1.0614
  MISMATCH at (68,2): DUT=5.98535 REF=7.08003 ERR=1.09468
  MISMATCH at (72,2): DUT=5.53125 REF=6.7684 ERR=1.23715
  MISMATCH at (111,2): DUT=11.1631 REF=12.4013 ERR=1.23823
  MISMATCH at (170,2): DUT=4.49902 REF=5.52745 ERR=1.02843
  MISMATCH at (246,2): DUT=7.24902 REF=8.35461 ERR=1.10559
  MISMATCH at (289,2): DUT=2.46484 REF=3.52604 ERR=1.0612
  MISMATCH at (326,2): DUT=5.00879 REF=6.14017 ERR=1.13138
  MISMATCH at (333,2): DUT=4.52246 REF=5.52688 ERR=1.00442
  MISMATCH at (337,2): DUT=3.70996 REF=4.76796 ERR=1.058
  MISMATCH at (346,2): DUT=6.6543 REF=7.6627 ERR=1.0084
  MISMATCH at (466,2): DUT=8.09668 REF=9.17561 ERR=1.07893
  MISMATCH at (501,2): DUT=3.83984 REF=5.1039 ERR=1.26405
  MISMATCH at (684,2): DUT=4.27539 REF=5.35862 ERR=1.08322
  MISMATCH at (686,2): DUT=6.72754 REF=7.82671 ERR=1.09917
  MISMATCH at (758,2): DUT=9.48926 REF=10.8309 ERR=1.34162
  MISMATCH at (764,2): DUT=8.90332 REF=9.93914 ERR=1.03582
  MISMATCH at (796,2): DUT=7.45801 REF=8.59307 ERR=1.13506
  MISMATCH at (823,2): DUT=5.58984 REF=6.60271 ERR=1.01287
  MISMATCH at (853,2): DUT=7.21094 REF=8.53278 ERR=1.32184
-----------------------------
GCN Layer: A*(X*W)
Max error: 2.06133
Errors (>1): 71 / 18956
MSE: 0.0436951
TEST FAILED
-----------------------------
INFO [HLS SIM]: The maximum depth reached by any hls::stream() instance in the design is 18956
@E Simulation failed: Function 'main' returns nonzero value '1'.
ERROR: [SIM 211-100] 'csim_design' failed: nonzero return value.
INFO: [SIM 211-3] *************** CSIM finish ***************
ERROR: CSIM Failed
INFO: [HLS 200-112] Total CPU user time: 4.4 seconds. Total CPU system time: 0.52 seconds. Total elapsed time: 4.66 seconds; peak allocated memory: 273.078 MB.
