  **** HLS Build v2025.2 6295257
INFO: [HLS 200-2005] Using work_dir /home/nat/dev/trinners/mai_proj/hls/thesis-gcn-accelerator/vitis/integrated_gcn/integrated_gcn/integrated_gcn 
INFO: [HLS 200-2176] Writing Vitis IDE component file /home/nat/dev/trinners/mai_proj/hls/thesis-gcn-accelerator/vitis/integrated_gcn/integrated_gcn/integrated_gcn/vitis-comp.json
INFO: [HLS 200-10] Creating and opening component '/home/nat/dev/trinners/mai_proj/hls/thesis-gcn-accelerator/vitis/integrated_gcn/integrated_gcn/integrated_gcn'.
INFO: [HLS 200-1505] Using default flow_target 'vivado'
Resolution: For help on HLS 200-1505 see docs.amd.com/access/sources/dita/topic?Doc_Version=2025.2%20English&url=ug1448-hls-guidance&resourceid=200-1505.html
INFO: [HLS 200-2174] Applying component config ini file hls_config.cfg
INFO: [HLS 200-1465] Applying config ini 'syn.file=/home/nat/dev/trinners/mai_proj/hls/thesis-gcn-accelerator/src/integrated-gcn/integrated_gcn.cpp' from hls_config.cfg(8)
INFO: [HLS 200-10] Adding design file '/home/nat/dev/trinners/mai_proj/hls/thesis-gcn-accelerator/src/integrated-gcn/integrated_gcn.cpp' to the project
INFO: [HLS 200-1465] Applying config ini 'tb.file=/home/nat/dev/trinners/mai_proj/hls/thesis-gcn-accelerator/src/integrated-gcn/integrated_gcn_tb.cpp' from hls_config.cfg(9)
INFO: [HLS 200-10] Adding test bench file '/home/nat/dev/trinners/mai_proj/hls/thesis-gcn-accelerator/src/integrated-gcn/integrated_gcn_tb.cpp' to the project
INFO: [HLS 200-1465] Applying config ini 'syn.top=integrated_gcn' from hls_config.cfg(10)
INFO: [HLS 200-1465] Applying config ini 'flow_target=vivado' from hls_config.cfg(4)
INFO: [HLS 200-1505] Using flow_target 'vivado'
Resolution: For help on HLS 200-1505 see docs.amd.com/access/sources/dita/topic?Doc_Version=2025.2%20English&url=ug1448-hls-guidance&resourceid=200-1505.html
INFO: [HLS 200-1465] Applying config ini 'part=xck26-sfvc784-2LV-c' from hls_config.cfg(1)
INFO: [HLS 200-1611] Setting target device to 'xck26-sfvc784-2LV-c'
INFO: [HLS 200-1465] Applying config ini 'clock=10' from hls_config.cfg(7)
INFO: [SYN 201-201] Setting up clock 'default' with a period of 10ns.
INFO: [HLS 200-1465] Applying config ini 'package.output.format=ip_catalog' from hls_config.cfg(5)
INFO: [HLS 200-2176] Writing Vitis IDE component file /home/nat/dev/trinners/mai_proj/hls/thesis-gcn-accelerator/vitis/integrated_gcn/integrated_gcn/integrated_gcn/vitis-comp.json
INFO: [SIM 211-2] *************** CSIM start ***************
INFO: [HLS 200-2191] C-Simulation will use clang-16 as the compiler
INFO: [HLS 200-2036] Building debug C Simulation binaries
make: 'csim.exe' is up to date.
NNZ = 13264

Running design3_gcn (A*(X*W) order)...
  GEMM: X(2708x64) * W(64x7)
  SpMM: A(2708x2708) * H_temp(2708x7)
Wrote H_out to /home/nat/dev/trinners/mai_proj/hls/gcn_hls/cora_bin/H_out_integrated_layer2.bin
  MISMATCH at (0,0): DUT=0 REF=-1.94918 ERR=1.94918
  MISMATCH at (0,1): DUT=0 REF=-2.36922 ERR=2.36922
  MISMATCH at (0,2): DUT=0 REF=-3.58284 ERR=3.58284
  MISMATCH at (0,3): DUT=0 REF=9.00823 ERR=9.00823
  MISMATCH at (0,4): DUT=0 REF=-2.72255 ERR=2.72255
  MISMATCH at (0,5): DUT=0 REF=-1.99815 ERR=1.99815
  MISMATCH at (0,6): DUT=0 REF=-2.03964 ERR=2.03964
  MISMATCH at (1,0): DUT=-6.44727 REF=-2.76216 ERR=3.6851
  MISMATCH at (1,1): DUT=0.772461 REF=-5.06259 ERR=5.83505
  MISMATCH at (1,2): DUT=1.75488 REF=-3.32867 ERR=5.08355
  MISMATCH at (1,3): DUT=1.40527 REF=-4.22752 ERR=5.6328
  MISMATCH at (1,4): DUT=-7.14258 REF=16.7889 ERR=23.9315
  MISMATCH at (2,0): DUT=-1.05176 REF=-2.93306 ERR=1.8813
  MISMATCH at (2,1): DUT=-0.569336 REF=-4.97252 ERR=4.40318
  MISMATCH at (2,2): DUT=0.657227 REF=-2.74722 ERR=3.40444
  MISMATCH at (2,4): DUT=-1.88574 REF=12.2524 ERR=14.1382
  MISMATCH at (2,5): DUT=0.163086 REF=-1.62029 ERR=1.78337
  MISMATCH at (3,0): DUT=-4.9043 REF=16.4892 ERR=21.3935
  MISMATCH at (3,1): DUT=1.66016 REF=-0.609691 ERR=2.26985
  MISMATCH at (3,3): DUT=11.9746 REF=-6.31464 ERR=18.2893
-----------------------------
GCN Layer: A*(X*W)
Max error: 37.4187
Errors (>1): 13743 / 18956
MSE: 12.6564
TEST FAILED
-----------------------------
INFO [HLS SIM]: The maximum depth reached by any hls::stream() instance in the design is 18956
@E Simulation failed: Function 'main' returns nonzero value '1'.
ERROR: [SIM 211-100] 'csim_design' failed: nonzero return value.
INFO: [SIM 211-3] *************** CSIM finish ***************
ERROR: CSIM Failed
INFO: [HLS 200-112] Total CPU user time: 5.13 seconds. Total CPU system time: 0.52 seconds. Total elapsed time: 5.4 seconds; peak allocated memory: 273.074 MB.
