

================================================================
== Vitis HLS Report for 'naive_spmm_stage_Pipeline_SPMM_INIT'
================================================================
* Date:           Wed Apr 15 15:14:50 2026

* Version:        2025.2 (Build 6295257 on Nov 14 2025)
* Project:        naive_spmm_stage
* Solution:       hls (Vivado IP Flow Target)
* Product family: zynquplus
* Target device:  xck26-sfvc784-2LV-c


================================================================
== Performance Estimates
================================================================
+ Timing: 
    * Summary: 
    +--------+----------+----------+------------+
    |  Clock |  Target  | Estimated| Uncertainty|
    +--------+----------+----------+------------+
    |ap_clk  |  10.00 ns|  2.437 ns|     2.70 ns|
    +--------+----------+----------+------------+

+ Latency: 
    * Summary: 
    +---------+---------+----------+----------+-----+-----+-------------------+
    |  Latency (cycles) |  Latency (absolute) |  Interval |      Pipeline     |
    |   min   |   max   |    min   |    max   | min | max |        Type       |
    +---------+---------+----------+----------+-----+-----+-------------------+
    |       66|       66|  0.660 us|  0.660 us|    0|    0|  loop pipeline stp|
    +---------+---------+----------+----------+-----+-----+-------------------+

    + Detail: 
        * Instance: 
        N/A

        * Loop: 
        +-------------+---------+---------+----------+-----------+-----------+------+----------+
        |             |  Latency (cycles) | Iteration|  Initiation Interval  | Trip |          |
        |  Loop Name  |   min   |   max   |  Latency |  achieved |   target  | Count| Pipelined|
        +-------------+---------+---------+----------+-----------+-----------+------+----------+
        |- SPMM_INIT  |       64|       64|         1|          1|          1|    64|       yes|
        +-------------+---------+---------+----------+-----------+-----------+------+----------+



================================================================
== Utilization Estimates
================================================================
* Summary: 
+-----------------+---------+------+--------+--------+-----+
|       Name      | BRAM_18K|  DSP |   FF   |   LUT  | URAM|
+-----------------+---------+------+--------+--------+-----+
|DSP              |        -|     -|       -|       -|    -|
|Expression       |        -|     -|       0|      29|    -|
|FIFO             |        -|     -|       -|       -|    -|
|Instance         |        -|     -|       -|       -|    -|
|Memory           |        -|     -|       -|       -|    -|
|Multiplexer      |        -|     -|       0|      27|    -|
|Register         |        -|     -|       9|       -|    -|
+-----------------+---------+------+--------+--------+-----+
|Total            |        0|     0|       9|      56|    0|
+-----------------+---------+------+--------+--------+-----+
|Available        |      288|  1248|  234240|  117120|   64|
+-----------------+---------+------+--------+--------+-----+
|Utilization (%)  |        0|     0|      ~0|      ~0|    0|
+-----------------+---------+------+--------+--------+-----+

+ Detail: 
    * Instance: 
    N/A

    * DSP: 
    N/A

    * Memory: 
    N/A

    * FIFO: 
    N/A

    * Expression: 
    +--------------------+----------+----+---+----+------------+------------+
    |    Variable Name   | Operation| DSP| FF| LUT| Bitwidth P0| Bitwidth P1|
    +--------------------+----------+----+---+----+------------+------------+
    |add_ln25_fu_60_p2   |         +|   0|  0|  14|           7|           1|
    |icmp_ln25_fu_54_p2  |      icmp|   0|  0|  15|           7|           8|
    +--------------------+----------+----+---+----+------------+------------+
    |Total               |          |   0|  0|  29|          14|           9|
    +--------------------+----------+----+---+----+------------+------------+

    * Multiplexer: 
    +----------------------+----+-----------+-----+-----------+
    |         Name         | LUT| Input Size| Bits| Total Bits|
    +----------------------+----+-----------+-----+-----------+
    |ap_done_int           |   9|          2|    1|          2|
    |ap_sig_allocacmp_f_2  |   9|          2|    7|         14|
    |f_fu_28               |   9|          2|    7|         14|
    +----------------------+----+-----------+-----+-----------+
    |Total                 |  27|          6|   15|         30|
    +----------------------+----+-----------+-----+-----------+

    * Register: 
    +-------------+---+----+-----+-----------+
    |     Name    | FF| LUT| Bits| Const Bits|
    +-------------+---+----+-----+-----------+
    |ap_CS_fsm    |  1|   0|    1|          0|
    |ap_done_reg  |  1|   0|    1|          0|
    |f_fu_28      |  7|   0|    7|          0|
    +-------------+---+----+-----+-----------+
    |Total        |  9|   0|    9|          0|
    +-------------+---+----+-----+-----------+



================================================================
== Interface
================================================================
* Summary: 
+--------------+-----+-----+------------+-------------------------------------+--------------+
|   RTL Ports  | Dir | Bits|  Protocol  |            Source Object            |    C Type    |
+--------------+-----+-----+------------+-------------------------------------+--------------+
|ap_clk        |   in|    1|  ap_ctrl_hs|  naive_spmm_stage_Pipeline_SPMM_INIT|  return value|
|ap_rst        |   in|    1|  ap_ctrl_hs|  naive_spmm_stage_Pipeline_SPMM_INIT|  return value|
|ap_start      |   in|    1|  ap_ctrl_hs|  naive_spmm_stage_Pipeline_SPMM_INIT|  return value|
|ap_done       |  out|    1|  ap_ctrl_hs|  naive_spmm_stage_Pipeline_SPMM_INIT|  return value|
|ap_idle       |  out|    1|  ap_ctrl_hs|  naive_spmm_stage_Pipeline_SPMM_INIT|  return value|
|ap_ready      |  out|    1|  ap_ctrl_hs|  naive_spmm_stage_Pipeline_SPMM_INIT|  return value|
|acc_address0  |  out|    6|   ap_memory|                                  acc|         array|
|acc_ce0       |  out|    1|   ap_memory|                                  acc|         array|
|acc_we0       |  out|    1|   ap_memory|                                  acc|         array|
|acc_d0        |  out|   32|   ap_memory|                                  acc|         array|
+--------------+-----+-----+------------+-------------------------------------+--------------+

============================================================
+ Verbose Summary: Synthesis Manager
============================================================
InlineROM: 1
ExposeGlobal: 0
============================================================
+ Verbose Summary: CDFG Model
============================================================
IsTopModel: 0
ResetActiveHigh: 1
IsCombinational: 2
IsDatapathOnly: 2
HasWiredReturn: 1
HasMFsm: 2
HasVarLatency: 1
IsPipeline: 0
IsRtlPipelined: 0
IsInstanceOverlapped: 0
IsDontTouch: 0
HasImplIP: 0
IsGatedGlobalClock: 0

+ Individual pipeline summary: 
  * Pipeline-0: initiation interval (II) = 1, depth = 1


============================================================
+ Verbose Summary: Schedule
============================================================
* Number of FSM states : 1
* Pipeline : 1
  Pipeline-0 : II = 1, D = 1, States = { 1 }
* Dataflow Pipeline: 0

* FSM state transitions: 
1 --> 

* FSM state operations: 

State 1 <SV = 0> <Delay = 2.43>
ST_1 : Operation 4 [1/1] (0.00ns)   --->   "%f = alloca i32 1" [src/integrated-gcn/naive_spmm_stage.cpp:25]   --->   Operation 4 'alloca' 'f' <Predicate = true> <Delay = 0.00>
ST_1 : Operation 5 [1/1] (0.42ns)   --->   "%store_ln25 = store i7 0, i7 %f" [src/integrated-gcn/naive_spmm_stage.cpp:25]   --->   Operation 5 'store' 'store_ln25' <Predicate = true> <Delay = 0.42>
ST_1 : Operation 6 [1/1] (0.00ns)   --->   "%br_ln0 = br void %for.body4"   --->   Operation 6 'br' 'br_ln0' <Predicate = true> <Delay = 0.00>
ST_1 : Operation 7 [1/1] (0.00ns)   --->   "%f_2 = load i7 %f" [src/integrated-gcn/naive_spmm_stage.cpp:25]   --->   Operation 7 'load' 'f_2' <Predicate = true> <Delay = 0.00>
ST_1 : Operation 8 [1/1] (0.77ns)   --->   "%icmp_ln25 = icmp_eq  i7 %f_2, i7 64" [src/integrated-gcn/naive_spmm_stage.cpp:25]   --->   Operation 8 'icmp' 'icmp_ln25' <Predicate = true> <Delay = 0.77> <CoreInst = "Cmp">   --->   Core 9 'Cmp' <Latency = 0> <II = 1> <Delay = 0.76> <FuncUnit> <Opcode : 'seteq' 'setne' 'setle' 'setge' 'setlt' 'setgt'> <InPorts = 2> <OutPorts = 1>
ST_1 : Operation 9 [1/1] (0.77ns)   --->   "%add_ln25 = add i7 %f_2, i7 1" [src/integrated-gcn/naive_spmm_stage.cpp:25]   --->   Operation 9 'add' 'add_ln25' <Predicate = true> <Delay = 0.77> <CoreInst = "Adder">   --->   Core 1 'Adder' <Latency = 0> <II = 1> <Delay = 0.77> <FuncUnit> <Opcode : 'add' 'sub'> <InPorts = 2> <OutPorts = 1>
ST_1 : Operation 10 [1/1] (0.00ns)   --->   "%br_ln25 = br i1 %icmp_ln25, void %for.body4.split, void %SPMM_NNZ.exitStub" [src/integrated-gcn/naive_spmm_stage.cpp:25]   --->   Operation 10 'br' 'br_ln25' <Predicate = true> <Delay = 0.00>
ST_1 : Operation 11 [1/1] (0.00ns)   --->   "%zext_ln25 = zext i7 %f_2" [src/integrated-gcn/naive_spmm_stage.cpp:25]   --->   Operation 11 'zext' 'zext_ln25' <Predicate = (!icmp_ln25)> <Delay = 0.00>
ST_1 : Operation 12 [1/1] (0.00ns)   --->   "%specpipeline_ln25 = specpipeline void @_ssdm_op_SpecPipeline, i32 4294967295, i32 0, i32 0, i32 0, i32 4294967295, void @empty_9" [src/integrated-gcn/naive_spmm_stage.cpp:25]   --->   Operation 12 'specpipeline' 'specpipeline_ln25' <Predicate = (!icmp_ln25)> <Delay = 0.00>
ST_1 : Operation 13 [1/1] (0.00ns)   --->   "%speclooptripcount_ln25 = speclooptripcount void @_ssdm_op_SpecLoopTripCount, i64 64, i64 64, i64 64" [src/integrated-gcn/naive_spmm_stage.cpp:25]   --->   Operation 13 'speclooptripcount' 'speclooptripcount_ln25' <Predicate = (!icmp_ln25)> <Delay = 0.00>
ST_1 : Operation 14 [1/1] (0.00ns)   --->   "%specloopname_ln25 = specloopname void @_ssdm_op_SpecLoopName, void @empty_3" [src/integrated-gcn/naive_spmm_stage.cpp:25]   --->   Operation 14 'specloopname' 'specloopname_ln25' <Predicate = (!icmp_ln25)> <Delay = 0.00>
ST_1 : Operation 15 [1/1] (0.00ns)   --->   "%acc_addr = getelementptr i32 %acc, i64 0, i64 %zext_ln25" [src/integrated-gcn/naive_spmm_stage.cpp:26]   --->   Operation 15 'getelementptr' 'acc_addr' <Predicate = (!icmp_ln25)> <Delay = 0.00>
ST_1 : Operation 16 [1/1] ( I:1.23ns O:1.23ns )   --->   "%store_ln26 = store i32 0, i6 %acc_addr" [src/integrated-gcn/naive_spmm_stage.cpp:26]   --->   Operation 16 'store' 'store_ln26' <Predicate = (!icmp_ln25)> <Delay = 1.23> <CoreInst = "RAM">   --->   Core 82 'RAM' <Latency = 1> <II = 1> <Delay = 1.23> <Storage> <Opcode : 'load' 'store'> <Ports = 2> <Width = 32> <Depth = 64> <RAM>
ST_1 : Operation 17 [1/1] (0.42ns)   --->   "%store_ln25 = store i7 %add_ln25, i7 %f" [src/integrated-gcn/naive_spmm_stage.cpp:25]   --->   Operation 17 'store' 'store_ln25' <Predicate = (!icmp_ln25)> <Delay = 0.42>
ST_1 : Operation 18 [1/1] (0.00ns)   --->   "%br_ln25 = br void %for.body4" [src/integrated-gcn/naive_spmm_stage.cpp:25]   --->   Operation 18 'br' 'br_ln25' <Predicate = (!icmp_ln25)> <Delay = 0.00>
ST_1 : Operation 19 [1/1] (0.42ns)   --->   "%ret_ln0 = ret"   --->   Operation 19 'ret' 'ret_ln0' <Predicate = (icmp_ln25)> <Delay = 0.42>


============================================================
+ Verbose Summary: Binding
============================================================
STG Binding: 
---------------- STG Properties BEGIN ----------------
- Is combinational: 0
- Is one-state seq: 0
- Is datapath-only: 0
- Is pipelined: 0
- Is top level: 0
Port [ Return ] is wired: 1; IO mode=ap_ctrl_hs:ce=0
Port [ acc]:  wired=1; compound=1; hidden=0; nouse=0; global=0; static=0; extern=0; dir=1; type=1; pingpong=0; private_global=0; MemPort=[03]; IO mode=ap_memory:ce=0
---------------- STG Properties END ------------------

---------------- Datapath Model BEGIN ----------------

<LifeTime>
<method=bitvector/>
f                      (alloca           ) [ 01]
store_ln25             (store            ) [ 00]
br_ln0                 (br               ) [ 00]
f_2                    (load             ) [ 00]
icmp_ln25              (icmp             ) [ 01]
add_ln25               (add              ) [ 00]
br_ln25                (br               ) [ 00]
zext_ln25              (zext             ) [ 00]
specpipeline_ln25      (specpipeline     ) [ 00]
speclooptripcount_ln25 (speclooptripcount) [ 00]
specloopname_ln25      (specloopname     ) [ 00]
acc_addr               (getelementptr    ) [ 00]
store_ln26             (store            ) [ 00]
store_ln25             (store            ) [ 00]
br_ln25                (br               ) [ 00]
ret_ln0                (ret              ) [ 00]
</LifeTime>

<model>

<comp_list>
<comp id="0" class="1000" name="acc">
<pin_list>
<pin id="1" dir="1" index="0" bw="1" slack="0"/>
</pin_list>
<bind>
<StgValue><ssdm name="acc"/><MemPortTyVec>0 3 </MemPortTyVec>
</StgValue>
</bind>
</comp>

<comp id="2" class="1001" name="const_2">
<pin_list>
<pin id="3" dir="1" index="0" bw="1" slack="0"/>
</pin_list>
<bind>
<StgValue><ssdm name=""/></StgValue>
</bind>
</comp>

<comp id="4" class="1001" name="const_4">
<pin_list>
<pin id="5" dir="1" index="0" bw="1" slack="0"/>
</pin_list>
<bind>
<StgValue><ssdm name=""/></StgValue>
</bind>
</comp>

<comp id="6" class="1001" name="const_6">
<pin_list>
<pin id="7" dir="1" index="0" bw="1" slack="0"/>
</pin_list>
<bind>
<StgValue><ssdm name=""/></StgValue>
</bind>
</comp>

<comp id="8" class="1001" name="const_8">
<pin_list>
<pin id="9" dir="1" index="0" bw="1" slack="0"/>
</pin_list>
<bind>
<StgValue><ssdm name=""/></StgValue>
</bind>
</comp>

<comp id="10" class="1001" name="const_10">
<pin_list>
<pin id="11" dir="1" index="0" bw="1" slack="2147483647"/>
</pin_list>
<bind>
<StgValue><ssdm name="_ssdm_op_SpecPipeline"/></StgValue>
</bind>
</comp>

<comp id="12" class="1001" name="const_12">
<pin_list>
<pin id="13" dir="1" index="0" bw="1" slack="2147483647"/>
</pin_list>
<bind>
<StgValue><ssdm name=""/></StgValue>
</bind>
</comp>

<comp id="14" class="1001" name="const_14">
<pin_list>
<pin id="15" dir="1" index="0" bw="1" slack="0"/>
</pin_list>
<bind>
<StgValue><ssdm name=""/></StgValue>
</bind>
</comp>

<comp id="16" class="1001" name="const_16">
<pin_list>
<pin id="17" dir="1" index="0" bw="1" slack="2147483647"/>
</pin_list>
<bind>
<StgValue><ssdm name="empty_9"/></StgValue>
</bind>
</comp>

<comp id="18" class="1001" name="const_18">
<pin_list>
<pin id="19" dir="1" index="0" bw="1" slack="2147483647"/>
</pin_list>
<bind>
<StgValue><ssdm name="_ssdm_op_SpecLoopTripCount"/></StgValue>
</bind>
</comp>

<comp id="20" class="1001" name="const_20">
<pin_list>
<pin id="21" dir="1" index="0" bw="1" slack="2147483647"/>
</pin_list>
<bind>
<StgValue><ssdm name=""/></StgValue>
</bind>
</comp>

<comp id="22" class="1001" name="const_22">
<pin_list>
<pin id="23" dir="1" index="0" bw="1" slack="2147483647"/>
</pin_list>
<bind>
<StgValue><ssdm name="_ssdm_op_SpecLoopName"/></StgValue>
</bind>
</comp>

<comp id="24" class="1001" name="const_24">
<pin_list>
<pin id="25" dir="1" index="0" bw="1" slack="2147483647"/>
</pin_list>
<bind>
<StgValue><ssdm name="empty_3"/></StgValue>
</bind>
</comp>

<comp id="26" class="1001" name="const_26">
<pin_list>
<pin id="27" dir="1" index="0" bw="1" slack="0"/>
</pin_list>
<bind>
<StgValue><ssdm name=""/></StgValue>
</bind>
</comp>

<comp id="28" class="1004" name="f_fu_28">
<pin_list>
<pin id="29" dir="0" index="0" bw="1" slack="0"/>
<pin id="30" dir="1" index="1" bw="7" slack="0"/>
</pin_list>
<bind>
<opcode="alloca(26) " fcode="alloca"/>
<opset="f/1 "/>
</bind>
</comp>

<comp id="32" class="1004" name="acc_addr_gep_fu_32">
<pin_list>
<pin id="33" dir="0" index="0" bw="32" slack="0"/>
<pin id="34" dir="0" index="1" bw="1" slack="0"/>
<pin id="35" dir="0" index="2" bw="7" slack="0"/>
<pin id="36" dir="1" index="3" bw="6" slack="0"/>
</pin_list>
<bind>
<opcode="getelementptr(29) " fcode="getelementptr"/>
<opset="acc_addr/1 "/>
</bind>
</comp>

<comp id="39" class="1004" name="store_ln26_access_fu_39">
<pin_list>
<pin id="40" dir="0" index="0" bw="6" slack="0"/>
<pin id="41" dir="0" index="1" bw="32" slack="0"/>
<pin id="42" dir="0" index="2" bw="0" slack="2147483647"/>
<pin id="43" dir="1" index="3" bw="32" slack="2147483647"/>
</pin_list>
<bind>
<opcode="store(28) " fcode="store"/>
<opset="store_ln26/1 "/>
</bind>
</comp>

<comp id="46" class="1004" name="store_ln25_store_fu_46">
<pin_list>
<pin id="47" dir="0" index="0" bw="1" slack="0"/>
<pin id="48" dir="0" index="1" bw="7" slack="0"/>
<pin id="49" dir="1" index="2" bw="0" slack="2147483647"/>
</pin_list>
<bind>
<opcode="store(28) " fcode="store"/>
<opset="store_ln25/1 "/>
</bind>
</comp>

<comp id="51" class="1004" name="f_2_load_fu_51">
<pin_list>
<pin id="52" dir="0" index="0" bw="7" slack="0"/>
<pin id="53" dir="1" index="1" bw="7" slack="0"/>
</pin_list>
<bind>
<opcode="load(27) " fcode="load"/>
<opset="f_2/1 "/>
</bind>
</comp>

<comp id="54" class="1004" name="icmp_ln25_fu_54">
<pin_list>
<pin id="55" dir="0" index="0" bw="7" slack="0"/>
<pin id="56" dir="0" index="1" bw="7" slack="0"/>
<pin id="57" dir="1" index="2" bw="1" slack="2147483647"/>
</pin_list>
<bind>
<opcode="icmp(45) " fcode="icmp"/>
<opset="icmp_ln25/1 "/>
</bind>
</comp>

<comp id="60" class="1004" name="add_ln25_fu_60">
<pin_list>
<pin id="61" dir="0" index="0" bw="7" slack="0"/>
<pin id="62" dir="0" index="1" bw="1" slack="0"/>
<pin id="63" dir="1" index="2" bw="7" slack="0"/>
</pin_list>
<bind>
<opcode="add(8) " fcode="add"/>
<opset="add_ln25/1 "/>
</bind>
</comp>

<comp id="66" class="1004" name="zext_ln25_fu_66">
<pin_list>
<pin id="67" dir="0" index="0" bw="7" slack="0"/>
<pin id="68" dir="1" index="1" bw="64" slack="0"/>
</pin_list>
<bind>
<opcode="zext(34) " fcode="zext"/>
<opset="zext_ln25/1 "/>
</bind>
</comp>

<comp id="71" class="1004" name="store_ln25_store_fu_71">
<pin_list>
<pin id="72" dir="0" index="0" bw="7" slack="0"/>
<pin id="73" dir="0" index="1" bw="7" slack="0"/>
<pin id="74" dir="1" index="2" bw="0" slack="2147483647"/>
</pin_list>
<bind>
<opcode="store(28) " fcode="store"/>
<opset="store_ln25/1 "/>
</bind>
</comp>

<comp id="76" class="1005" name="f_reg_76">
<pin_list>
<pin id="77" dir="0" index="0" bw="7" slack="0"/>
<pin id="78" dir="1" index="1" bw="7" slack="0"/>
</pin_list>
<bind>
<opset="f "/>
</bind>
</comp>

</comp_list>

<net_list>
<net id="31"><net_src comp="2" pin="0"/><net_sink comp="28" pin=0"/></net>

<net id="37"><net_src comp="0" pin="0"/><net_sink comp="32" pin=0"/></net>

<net id="38"><net_src comp="26" pin="0"/><net_sink comp="32" pin=1"/></net>

<net id="44"><net_src comp="14" pin="0"/><net_sink comp="39" pin=1"/></net>

<net id="45"><net_src comp="32" pin="3"/><net_sink comp="39" pin=0"/></net>

<net id="50"><net_src comp="4" pin="0"/><net_sink comp="46" pin=0"/></net>

<net id="58"><net_src comp="51" pin="1"/><net_sink comp="54" pin=0"/></net>

<net id="59"><net_src comp="6" pin="0"/><net_sink comp="54" pin=1"/></net>

<net id="64"><net_src comp="51" pin="1"/><net_sink comp="60" pin=0"/></net>

<net id="65"><net_src comp="8" pin="0"/><net_sink comp="60" pin=1"/></net>

<net id="69"><net_src comp="51" pin="1"/><net_sink comp="66" pin=0"/></net>

<net id="70"><net_src comp="66" pin="1"/><net_sink comp="32" pin=2"/></net>

<net id="75"><net_src comp="60" pin="2"/><net_sink comp="71" pin=0"/></net>

<net id="79"><net_src comp="28" pin="1"/><net_sink comp="76" pin=0"/></net>

<net id="80"><net_src comp="76" pin="1"/><net_sink comp="46" pin=1"/></net>

<net id="81"><net_src comp="76" pin="1"/><net_sink comp="51" pin=0"/></net>

<net id="82"><net_src comp="76" pin="1"/><net_sink comp="71" pin=1"/></net>

</net_list>

</model> 
---------------- Datapath Model END ------------------

* FSMD analyzer results:
  - Output states:
	Port: acc | {1 }
 - Input state : 
  - Chain level:
	State 1
		store_ln25 : 1
		f_2 : 1
		icmp_ln25 : 2
		add_ln25 : 2
		br_ln25 : 3
		zext_ln25 : 2
		acc_addr : 3
		store_ln26 : 4
		store_ln25 : 3


============================================================
+ Verbose Summary: Datapath Resource usage 
============================================================

* Functional unit list:
|----------|-----------------|---------|---------|
| Operation| Functional Unit |    FF   |   LUT   |
|----------|-----------------|---------|---------|
|   icmp   | icmp_ln25_fu_54 |    0    |    14   |
|----------|-----------------|---------|---------|
|    add   |  add_ln25_fu_60 |    0    |    14   |
|----------|-----------------|---------|---------|
|   zext   | zext_ln25_fu_66 |    0    |    0    |
|----------|-----------------|---------|---------|
|   Total  |                 |    0    |    28   |
|----------|-----------------|---------|---------|

Memories:
N/A

* Register list:
+--------+--------+
|        |   FF   |
+--------+--------+
|f_reg_76|    7   |
+--------+--------+
|  Total |    7   |
+--------+--------+

* Multiplexer (MUX) list: 
|--------|------|------|------|--------|
|  Comp  |  Pin | Size |  BW  | S x BW |
|--------|------|------|------|--------|
|  Total |      |      |      |    0   |
|--------|------|------|------|--------|



* Summary:
+-----------+--------+--------+
|           |   FF   |   LUT  |
+-----------+--------+--------+
|  Function |    0   |   28   |
|   Memory  |    -   |    -   |
|Multiplexer|    -   |    -   |
|  Register |    7   |    -   |
+-----------+--------+--------+
|   Total   |    7   |   28   |
+-----------+--------+--------+
