

================================================================
== Vitis HLS Report for 'naive_spmm_stage_Pipeline_SPMM_WRITE'
================================================================
* Date:           Wed Apr 15 15:14:50 2026

* Version:        2025.2 (Build 6295257 on Nov 14 2025)
* Project:        naive_spmm_stage
* Solution:       hls (Vivado IP Flow Target)
* Product family: zynquplus
* Target device:  xck26-sfvc784-2LV-c


================================================================
== Performance Estimates
================================================================
+ Timing: 
    * Summary: 
    +--------+----------+----------+------------+
    |  Clock |  Target  | Estimated| Uncertainty|
    +--------+----------+----------+------------+
    |ap_clk  |  10.00 ns|  7.300 ns|     2.70 ns|
    +--------+----------+----------+------------+

+ Latency: 
    * Summary: 
    +---------+---------+----------+----------+-----+-----+-------------------+
    |  Latency (cycles) |  Latency (absolute) |  Interval |      Pipeline     |
    |   min   |   max   |    min   |    max   | min | max |        Type       |
    +---------+---------+----------+----------+-----+-----+-------------------+
    |       67|       67|  0.670 us|  0.670 us|    0|    0|  loop pipeline stp|
    +---------+---------+----------+----------+-----+-----+-------------------+

    + Detail: 
        * Instance: 
        N/A

        * Loop: 
        +--------------+---------+---------+----------+-----------+-----------+------+----------+
        |              |  Latency (cycles) | Iteration|  Initiation Interval  | Trip |          |
        |   Loop Name  |   min   |   max   |  Latency |  achieved |   target  | Count| Pipelined|
        +--------------+---------+---------+----------+-----------+-----------+------+----------+
        |- SPMM_WRITE  |       65|       65|         3|          1|          1|    64|       yes|
        +--------------+---------+---------+----------+-----------+-----------+------+----------+

============================================================
+ Verbose Summary: Synthesis Manager
============================================================
InlineROM: 1
ExposeGlobal: 0
============================================================
+ Verbose Summary: CDFG Model
============================================================
IsTopModel: 0
ResetActiveHigh: 1
IsCombinational: 0
IsDatapathOnly: 0
HasWiredReturn: 1
HasMFsm: 2
HasVarLatency: 1
IsPipeline: 0
IsRtlPipelined: 0
IsInstanceOverlapped: 0
IsDontTouch: 0
HasImplIP: 0
IsGatedGlobalClock: 0

+ Individual pipeline summary: 
  * Pipeline-0: initiation interval (II) = 1, depth = 3


============================================================
+ Verbose Summary: Schedule
============================================================
* Number of FSM states : 3
* Pipeline : 1
  Pipeline-0 : II = 1, D = 3, States = { 1 2 3 }
* Dataflow Pipeline: 0

* FSM state transitions: 
1 --> 2 
2 --> 3 
3 --> 

* FSM state operations: 

State 1 <SV = 0> <Delay = 1.66>
ST_1 : Operation 6 [1/1] (0.00ns)   --->   "%f = alloca i32 1" [src/integrated-gcn/naive_spmm_stage.cpp:41]   --->   Operation 6 'alloca' 'f' <Predicate = true> <Delay = 0.00>
ST_1 : Operation 7 [1/1] (0.00ns)   --->   "%sext_ln23_read = read i63 @_ssdm_op_Read.ap_auto.i63, i63 %sext_ln23"   --->   Operation 7 'read' 'sext_ln23_read' <Predicate = true> <Delay = 0.00>
ST_1 : Operation 8 [1/1] (0.00ns)   --->   "%sext_ln23_cast = sext i63 %sext_ln23_read"   --->   Operation 8 'sext' 'sext_ln23_cast' <Predicate = true> <Delay = 0.00>
ST_1 : Operation 9 [1/1] (0.00ns)   --->   "%specinterface_ln0 = specinterface void @_ssdm_op_SpecInterface, i16 %gmem4, void @empty_8, i32 0, i32 0, void @empty_9, i32 0, i32 0, void @empty_13, void @empty_0, void @empty_9, i32 16, i32 16, i32 16, i32 16, void @empty_9, void @empty_9, i32 4294967295, i32 0, i32 0, i32 2"   --->   Operation 9 'specinterface' 'specinterface_ln0' <Predicate = true> <Delay = 0.00>
ST_1 : Operation 10 [1/1] (0.42ns)   --->   "%store_ln41 = store i7 0, i7 %f" [src/integrated-gcn/naive_spmm_stage.cpp:41]   --->   Operation 10 'store' 'store_ln41' <Predicate = true> <Delay = 0.42>
ST_1 : Operation 11 [1/1] (0.00ns)   --->   "%br_ln0 = br void %for.body40"   --->   Operation 11 'br' 'br_ln0' <Predicate = true> <Delay = 0.00>
ST_1 : Operation 12 [1/1] (0.00ns)   --->   "%f_1 = load i7 %f" [src/integrated-gcn/naive_spmm_stage.cpp:41]   --->   Operation 12 'load' 'f_1' <Predicate = true> <Delay = 0.00>
ST_1 : Operation 13 [1/1] (0.00ns)   --->   "%specbitsmap_ln0 = specbitsmap void @_ssdm_op_SpecBitsMap, i16 %gmem4"   --->   Operation 13 'specbitsmap' 'specbitsmap_ln0' <Predicate = true> <Delay = 0.00>
ST_1 : Operation 14 [1/1] (0.77ns)   --->   "%icmp_ln41 = icmp_eq  i7 %f_1, i7 64" [src/integrated-gcn/naive_spmm_stage.cpp:41]   --->   Operation 14 'icmp' 'icmp_ln41' <Predicate = true> <Delay = 0.77> <CoreInst = "Cmp">   --->   Core 9 'Cmp' <Latency = 0> <II = 1> <Delay = 0.77> <FuncUnit> <Opcode : 'seteq' 'setne' 'setle' 'setge' 'setlt' 'setgt'> <InPorts = 2> <OutPorts = 1>
ST_1 : Operation 15 [1/1] (0.77ns)   --->   "%add_ln41 = add i7 %f_1, i7 1" [src/integrated-gcn/naive_spmm_stage.cpp:41]   --->   Operation 15 'add' 'add_ln41' <Predicate = true> <Delay = 0.77> <CoreInst = "Adder">   --->   Core 1 'Adder' <Latency = 0> <II = 1> <Delay = 0.77> <FuncUnit> <Opcode : 'add' 'sub'> <InPorts = 2> <OutPorts = 1>
ST_1 : Operation 16 [1/1] (0.00ns)   --->   "%br_ln41 = br i1 %icmp_ln41, void %for.body40.split, void %for.inc51.exitStub" [src/integrated-gcn/naive_spmm_stage.cpp:41]   --->   Operation 16 'br' 'br_ln41' <Predicate = true> <Delay = 0.00>
ST_1 : Operation 17 [1/1] (0.00ns)   --->   "%zext_ln41 = zext i7 %f_1" [src/integrated-gcn/naive_spmm_stage.cpp:41]   --->   Operation 17 'zext' 'zext_ln41' <Predicate = (!icmp_ln41)> <Delay = 0.00>
ST_1 : Operation 18 [1/1] (0.00ns)   --->   "%acc_addr = getelementptr i32 %acc, i64 0, i64 %zext_ln41" [src/integrated-gcn/naive_spmm_stage.cpp:42]   --->   Operation 18 'getelementptr' 'acc_addr' <Predicate = (!icmp_ln41)> <Delay = 0.00>
ST_1 : Operation 19 [2/2] (1.23ns)   --->   "%acc_load = load i6 %acc_addr" [src/integrated-gcn/naive_spmm_stage.cpp:42]   --->   Operation 19 'load' 'acc_load' <Predicate = (!icmp_ln41)> <Delay = 1.23> <CoreInst = "RAM">   --->   Core 82 'RAM' <Latency = 1> <II = 1> <Delay = 1.23> <Storage> <Opcode : 'load' 'store'> <Ports = 2> <Width = 32> <Depth = 64> <RAM>
ST_1 : Operation 20 [1/1] (0.42ns)   --->   "%store_ln41 = store i7 %add_ln41, i7 %f" [src/integrated-gcn/naive_spmm_stage.cpp:41]   --->   Operation 20 'store' 'store_ln41' <Predicate = (!icmp_ln41)> <Delay = 0.42>

State 2 <SV = 1> <Delay = 1.23>
ST_2 : Operation 21 [1/2] ( I:1.23ns O:1.23ns )   --->   "%acc_load = load i6 %acc_addr" [src/integrated-gcn/naive_spmm_stage.cpp:42]   --->   Operation 21 'load' 'acc_load' <Predicate = true> <Delay = 1.23> <CoreInst = "RAM">   --->   Core 82 'RAM' <Latency = 1> <II = 1> <Delay = 1.23> <Storage> <Opcode : 'load' 'store'> <Ports = 2> <Width = 32> <Depth = 64> <RAM>
ST_2 : Operation 22 [1/1] (0.00ns)   --->   "%trunc_ln5 = partselect i16 @_ssdm_op_PartSelect.i16.i32.i32.i32, i32 %acc_load, i32 10, i32 25" [src/integrated-gcn/naive_spmm_stage.cpp:42]   --->   Operation 22 'partselect' 'trunc_ln5' <Predicate = true> <Delay = 0.00>
ST_2 : Operation 29 [1/1] (0.42ns)   --->   "%ret_ln0 = ret"   --->   Operation 29 'ret' 'ret_ln0' <Predicate = (icmp_ln41)> <Delay = 0.42>

State 3 <SV = 2> <Delay = 7.30>
ST_3 : Operation 23 [1/1] (0.00ns)   --->   "%gmem4_addr = getelementptr i16 %gmem4, i64 %sext_ln23_cast" [src/integrated-gcn/naive_spmm_stage.cpp:23]   --->   Operation 23 'getelementptr' 'gmem4_addr' <Predicate = true> <Delay = 0.00>
ST_3 : Operation 24 [1/1] (0.00ns)   --->   "%specpipeline_ln41 = specpipeline void @_ssdm_op_SpecPipeline, i32 4294967295, i32 0, i32 0, i32 0, i32 4294967295, void @empty_9" [src/integrated-gcn/naive_spmm_stage.cpp:41]   --->   Operation 24 'specpipeline' 'specpipeline_ln41' <Predicate = true> <Delay = 0.00>
ST_3 : Operation 25 [1/1] (0.00ns)   --->   "%speclooptripcount_ln41 = speclooptripcount void @_ssdm_op_SpecLoopTripCount, i64 64, i64 64, i64 64" [src/integrated-gcn/naive_spmm_stage.cpp:41]   --->   Operation 25 'speclooptripcount' 'speclooptripcount_ln41' <Predicate = true> <Delay = 0.00>
ST_3 : Operation 26 [1/1] (0.00ns)   --->   "%specloopname_ln41 = specloopname void @_ssdm_op_SpecLoopName, void @empty_16" [src/integrated-gcn/naive_spmm_stage.cpp:41]   --->   Operation 26 'specloopname' 'specloopname_ln41' <Predicate = true> <Delay = 0.00>
ST_3 : Operation 27 [1/1] ( I:7.30ns O:7.30ns )   --->   "%write_ln42 = write void @_ssdm_op_Write.m_axi.p1i16.i16, i16 %gmem4_addr, i16 %trunc_ln5, i2 3" [src/integrated-gcn/naive_spmm_stage.cpp:42]   --->   Operation 27 'write' 'write_ln42' <Predicate = true> <Delay = 7.30> <CoreInst = "m_axi">   --->   Core 119 'm_axi' <Latency = 5> <II = 1> <Delay = 1.00> <Adapter> <Opcode : 'readrequnaligned' 'writerequnaligned' 'read' 'write' 'readreq' 'writereq' 'writeresp'>
ST_3 : Operation 28 [1/1] (0.00ns)   --->   "%br_ln41 = br void %for.body40" [src/integrated-gcn/naive_spmm_stage.cpp:41]   --->   Operation 28 'br' 'br_ln41' <Predicate = true> <Delay = 0.00>


============================================================
+ Verbose Summary: Timing violations
============================================================
Target clock period: 10.000ns, clock uncertainty: 2.700ns.

 <State 1>: 1.664ns
The critical path consists of the following:
	'store' operation ('store_ln41', src/integrated-gcn/naive_spmm_stage.cpp:41) of constant 0 7 bit on local variable 'f', src/integrated-gcn/naive_spmm_stage.cpp:41 [8]  (0.427 ns)
	'load' operation 7 bit ('f', src/integrated-gcn/naive_spmm_stage.cpp:41) on local variable 'f', src/integrated-gcn/naive_spmm_stage.cpp:41 [11]  (0.000 ns)
	'getelementptr' operation 6 bit ('acc_addr', src/integrated-gcn/naive_spmm_stage.cpp:42) [22]  (0.000 ns)
	'load' operation 32 bit ('acc_load', src/integrated-gcn/naive_spmm_stage.cpp:42) on array 'acc' [23]  (1.237 ns)

 <State 2>: 1.237ns
The critical path consists of the following:
	'load' operation 32 bit ('acc_load', src/integrated-gcn/naive_spmm_stage.cpp:42) on array 'acc' [23]  (1.237 ns)

 <State 3>: 7.300ns
The critical path consists of the following:
	'getelementptr' operation 16 bit ('gmem4_addr', src/integrated-gcn/naive_spmm_stage.cpp:23) [17]  (0.000 ns)
	bus write operation ('write_ln42', src/integrated-gcn/naive_spmm_stage.cpp:42) on port 'gmem4' (src/integrated-gcn/naive_spmm_stage.cpp:42) [25]  (7.300 ns)


============================================================
+ Verbose Summary: Binding
============================================================
N/A
* FSMD analyzer results:
  - Output states:
 - Input state : 
  - Chain level:
	State 1
	State 2
	State 3


============================================================
+ Verbose Summary: Datapath Resource usage 
============================================================
N/A
