

================================================================
== Vitis HLS Report for 'naive_spmm_stage_Pipeline_SPMM_INIT'
================================================================
* Date:           Wed Apr 15 15:14:49 2026

* Version:        2025.2 (Build 6295257 on Nov 14 2025)
* Project:        naive_spmm_stage
* Solution:       hls (Vivado IP Flow Target)
* Product family: zynquplus
* Target device:  xck26-sfvc784-2LV-c


================================================================
== Performance Estimates
================================================================
+ Timing: 
    * Summary: 
    +--------+----------+----------+------------+
    |  Clock |  Target  | Estimated| Uncertainty|
    +--------+----------+----------+------------+
    |ap_clk  |  10.00 ns|  2.437 ns|     2.70 ns|
    +--------+----------+----------+------------+

+ Latency: 
    * Summary: 
    +---------+---------+----------+----------+-----+-----+-------------------+
    |  Latency (cycles) |  Latency (absolute) |  Interval |      Pipeline     |
    |   min   |   max   |    min   |    max   | min | max |        Type       |
    +---------+---------+----------+----------+-----+-----+-------------------+
    |       66|       66|  0.660 us|  0.660 us|    0|    0|  loop pipeline stp|
    +---------+---------+----------+----------+-----+-----+-------------------+

    + Detail: 
        * Instance: 
        N/A

        * Loop: 
        +-------------+---------+---------+----------+-----------+-----------+------+----------+
        |             |  Latency (cycles) | Iteration|  Initiation Interval  | Trip |          |
        |  Loop Name  |   min   |   max   |  Latency |  achieved |   target  | Count| Pipelined|
        +-------------+---------+---------+----------+-----------+-----------+------+----------+
        |- SPMM_INIT  |       64|       64|         1|          1|          1|    64|       yes|
        +-------------+---------+---------+----------+-----------+-----------+------+----------+

============================================================
+ Verbose Summary: Synthesis Manager
============================================================
InlineROM: 1
ExposeGlobal: 0
============================================================
+ Verbose Summary: CDFG Model
============================================================
IsTopModel: 0
ResetActiveHigh: 1
IsCombinational: 0
IsDatapathOnly: 0
HasWiredReturn: 1
HasMFsm: 2
HasVarLatency: 1
IsPipeline: 0
IsRtlPipelined: 0
IsInstanceOverlapped: 0
IsDontTouch: 0
HasImplIP: 0
IsGatedGlobalClock: 0

+ Individual pipeline summary: 
  * Pipeline-0: initiation interval (II) = 1, depth = 1


============================================================
+ Verbose Summary: Schedule
============================================================
* Number of FSM states : 1
* Pipeline : 1
  Pipeline-0 : II = 1, D = 1, States = { 1 }
* Dataflow Pipeline: 0

* FSM state transitions: 
1 --> 

* FSM state operations: 

State 1 <SV = 0> <Delay = 2.43>
ST_1 : Operation 4 [1/1] (0.00ns)   --->   "%f = alloca i32 1" [src/integrated-gcn/naive_spmm_stage.cpp:25]   --->   Operation 4 'alloca' 'f' <Predicate = true> <Delay = 0.00>
ST_1 : Operation 5 [1/1] (0.42ns)   --->   "%store_ln25 = store i7 0, i7 %f" [src/integrated-gcn/naive_spmm_stage.cpp:25]   --->   Operation 5 'store' 'store_ln25' <Predicate = true> <Delay = 0.42>
ST_1 : Operation 6 [1/1] (0.00ns)   --->   "%br_ln0 = br void %for.body4"   --->   Operation 6 'br' 'br_ln0' <Predicate = true> <Delay = 0.00>
ST_1 : Operation 7 [1/1] (0.00ns)   --->   "%f_2 = load i7 %f" [src/integrated-gcn/naive_spmm_stage.cpp:25]   --->   Operation 7 'load' 'f_2' <Predicate = true> <Delay = 0.00>
ST_1 : Operation 8 [1/1] (0.77ns)   --->   "%icmp_ln25 = icmp_eq  i7 %f_2, i7 64" [src/integrated-gcn/naive_spmm_stage.cpp:25]   --->   Operation 8 'icmp' 'icmp_ln25' <Predicate = true> <Delay = 0.77> <CoreInst = "Cmp">   --->   Core 9 'Cmp' <Latency = 0> <II = 1> <Delay = 0.77> <FuncUnit> <Opcode : 'seteq' 'setne' 'setle' 'setge' 'setlt' 'setgt'> <InPorts = 2> <OutPorts = 1>
ST_1 : Operation 9 [1/1] (0.77ns)   --->   "%add_ln25 = add i7 %f_2, i7 1" [src/integrated-gcn/naive_spmm_stage.cpp:25]   --->   Operation 9 'add' 'add_ln25' <Predicate = true> <Delay = 0.77> <CoreInst = "Adder">   --->   Core 1 'Adder' <Latency = 0> <II = 1> <Delay = 0.77> <FuncUnit> <Opcode : 'add' 'sub'> <InPorts = 2> <OutPorts = 1>
ST_1 : Operation 10 [1/1] (0.00ns)   --->   "%br_ln25 = br i1 %icmp_ln25, void %for.body4.split, void %SPMM_NNZ.exitStub" [src/integrated-gcn/naive_spmm_stage.cpp:25]   --->   Operation 10 'br' 'br_ln25' <Predicate = true> <Delay = 0.00>
ST_1 : Operation 11 [1/1] (0.00ns)   --->   "%zext_ln25 = zext i7 %f_2" [src/integrated-gcn/naive_spmm_stage.cpp:25]   --->   Operation 11 'zext' 'zext_ln25' <Predicate = (!icmp_ln25)> <Delay = 0.00>
ST_1 : Operation 12 [1/1] (0.00ns)   --->   "%specpipeline_ln25 = specpipeline void @_ssdm_op_SpecPipeline, i32 4294967295, i32 0, i32 0, i32 0, i32 4294967295, void @empty_9" [src/integrated-gcn/naive_spmm_stage.cpp:25]   --->   Operation 12 'specpipeline' 'specpipeline_ln25' <Predicate = (!icmp_ln25)> <Delay = 0.00>
ST_1 : Operation 13 [1/1] (0.00ns)   --->   "%speclooptripcount_ln25 = speclooptripcount void @_ssdm_op_SpecLoopTripCount, i64 64, i64 64, i64 64" [src/integrated-gcn/naive_spmm_stage.cpp:25]   --->   Operation 13 'speclooptripcount' 'speclooptripcount_ln25' <Predicate = (!icmp_ln25)> <Delay = 0.00>
ST_1 : Operation 14 [1/1] (0.00ns)   --->   "%specloopname_ln25 = specloopname void @_ssdm_op_SpecLoopName, void @empty_3" [src/integrated-gcn/naive_spmm_stage.cpp:25]   --->   Operation 14 'specloopname' 'specloopname_ln25' <Predicate = (!icmp_ln25)> <Delay = 0.00>
ST_1 : Operation 15 [1/1] (0.00ns)   --->   "%acc_addr = getelementptr i32 %acc, i64 0, i64 %zext_ln25" [src/integrated-gcn/naive_spmm_stage.cpp:26]   --->   Operation 15 'getelementptr' 'acc_addr' <Predicate = (!icmp_ln25)> <Delay = 0.00>
ST_1 : Operation 16 [1/1] ( I:1.23ns O:1.23ns )   --->   "%store_ln26 = store i32 0, i6 %acc_addr" [src/integrated-gcn/naive_spmm_stage.cpp:26]   --->   Operation 16 'store' 'store_ln26' <Predicate = (!icmp_ln25)> <Delay = 1.23> <CoreInst = "RAM">   --->   Core 82 'RAM' <Latency = 1> <II = 1> <Delay = 1.23> <Storage> <Opcode : 'load' 'store'> <Ports = 2> <Width = 32> <Depth = 64> <RAM>
ST_1 : Operation 17 [1/1] (0.42ns)   --->   "%store_ln25 = store i7 %add_ln25, i7 %f" [src/integrated-gcn/naive_spmm_stage.cpp:25]   --->   Operation 17 'store' 'store_ln25' <Predicate = (!icmp_ln25)> <Delay = 0.42>
ST_1 : Operation 18 [1/1] (0.00ns)   --->   "%br_ln25 = br void %for.body4" [src/integrated-gcn/naive_spmm_stage.cpp:25]   --->   Operation 18 'br' 'br_ln25' <Predicate = (!icmp_ln25)> <Delay = 0.00>
ST_1 : Operation 19 [1/1] (0.42ns)   --->   "%ret_ln0 = ret"   --->   Operation 19 'ret' 'ret_ln0' <Predicate = (icmp_ln25)> <Delay = 0.42>


============================================================
+ Verbose Summary: Timing violations
============================================================
Target clock period: 10.000ns, clock uncertainty: 2.700ns.

 <State 1>: 2.437ns
The critical path consists of the following:
	'store' operation ('store_ln25', src/integrated-gcn/naive_spmm_stage.cpp:25) of constant 0 7 bit on local variable 'f', src/integrated-gcn/naive_spmm_stage.cpp:25 [3]  (0.427 ns)
	'load' operation 7 bit ('f', src/integrated-gcn/naive_spmm_stage.cpp:25) on local variable 'f', src/integrated-gcn/naive_spmm_stage.cpp:25 [6]  (0.000 ns)
	'icmp' operation 1 bit ('icmp_ln25', src/integrated-gcn/naive_spmm_stage.cpp:25) [7]  (0.773 ns)
	'store' operation ('store_ln26', src/integrated-gcn/naive_spmm_stage.cpp:26) of constant 0 32 bit on array 'acc' [16]  (1.237 ns)


============================================================
+ Verbose Summary: Binding
============================================================
N/A
* FSMD analyzer results:
  - Output states:
 - Input state : 
  - Chain level:
	State 1


============================================================
+ Verbose Summary: Datapath Resource usage 
============================================================
N/A
