/home/nat/dev/trinners/mai_proj/hls/thesis-gcn-accelerator/vitis/integrated_gcn/naive_spmm_kernel/naive_spmm_stage/hls/.autopilot/db/naive_spmm_stage.pp.0.cpp:2277:5: remark: Added loop label VITIS_LOOP_676_1:   [xilinx-label-all-loops]
    for (unsigned i = low; i != high+1; ++i) {
    ^
    VITIS_LOOP_676_1: 
/home/nat/dev/trinners/mai_proj/hls/thesis-gcn-accelerator/vitis/integrated_gcn/naive_spmm_kernel/naive_spmm_stage/hls/.autopilot/db/naive_spmm_stage.pp.0.cpp:2277:5: note: FIX-IT applied suggested code changes
/home/nat/dev/trinners/mai_proj/hls/thesis-gcn-accelerator/vitis/integrated_gcn/naive_spmm_kernel/naive_spmm_stage/hls/.autopilot/db/naive_spmm_stage.pp.0.cpp:2291:5: remark: Added loop label VITIS_LOOP_690_1:   [xilinx-label-all-loops]
    for (unsigned i = low; i != high+1; ++i) {
    ^
    VITIS_LOOP_690_1: 
/home/nat/dev/trinners/mai_proj/hls/thesis-gcn-accelerator/vitis/integrated_gcn/naive_spmm_kernel/naive_spmm_stage/hls/.autopilot/db/naive_spmm_stage.pp.0.cpp:2291:5: note: FIX-IT applied suggested code changes
/home/nat/dev/trinners/mai_proj/hls/thesis-gcn-accelerator/vitis/integrated_gcn/naive_spmm_kernel/naive_spmm_stage/hls/.autopilot/db/naive_spmm_stage.pp.0.cpp:2305:5: remark: Added loop label VITIS_LOOP_704_1:   [xilinx-label-all-loops]
    for (unsigned i = low; i != high+1; ++i) {
    ^
    VITIS_LOOP_704_1: 
/home/nat/dev/trinners/mai_proj/hls/thesis-gcn-accelerator/vitis/integrated_gcn/naive_spmm_kernel/naive_spmm_stage/hls/.autopilot/db/naive_spmm_stage.pp.0.cpp:2305:5: note: FIX-IT applied suggested code changes
/home/nat/dev/trinners/mai_proj/hls/thesis-gcn-accelerator/vitis/integrated_gcn/naive_spmm_kernel/naive_spmm_stage/hls/.autopilot/db/naive_spmm_stage.pp.0.cpp:5844:7: remark: Added loop label VITIS_LOOP_1251_1:   [xilinx-label-all-loops]
      for (i = 0; i < __N - 1; ++i) {
      ^
      VITIS_LOOP_1251_1: 
/home/nat/dev/trinners/mai_proj/hls/thesis-gcn-accelerator/vitis/integrated_gcn/naive_spmm_kernel/naive_spmm_stage/hls/.autopilot/db/naive_spmm_stage.pp.0.cpp:5844:7: note: FIX-IT applied suggested code changes
