#-----------------------------------------------------------
# Vivado v2025.2 (64-bit)
# SW Build 6299465 on Fri Nov 14 12:34:56 MST 2025
# IP Build 6300035 on Fri Nov 14 10:48:45 MST 2025
# SharedData Build 6298862 on Thu Nov 13 04:50:51 MST 2025
# Start of session at: Wed Apr 15 15:22:51 2026
# Process ID         : 381228
# Current directory  : /home/nat/dev/trinners/mai_proj/hls/thesis-gcn-accelerator/vitis/integrated_gcn/naive_spmm_kernel/naive_spmm_stage/hls/impl/verilog/project.runs/synth_1
# Command line       : vivado -log bd_0_wrapper.vds -product Vivado -mode batch -messageDb vivado.pb -notrace -source bd_0_wrapper.tcl
# Log file           : /home/nat/dev/trinners/mai_proj/hls/thesis-gcn-accelerator/vitis/integrated_gcn/naive_spmm_kernel/naive_spmm_stage/hls/impl/verilog/project.runs/synth_1/bd_0_wrapper.vds
# Journal file       : /home/nat/dev/trinners/mai_proj/hls/thesis-gcn-accelerator/vitis/integrated_gcn/naive_spmm_kernel/naive_spmm_stage/hls/impl/verilog/project.runs/synth_1/vivado.jou
# Running On         : nat-Yoga-Pro-9-16IAH10
# Platform           : Ubuntu
# Operating System   : Ubuntu 24.04.3 LTS
# Processor Detail   : Intel(R) Core(TM) Ultra 9 285H
# CPU Frequency      : 1397.640 MHz
# CPU Physical cores : 16
# CPU Logical cores  : 16
# Host memory        : 66985 MB
# Swap memory        : 8589 MB
# Total Virtual      : 75575 MB
# Available Virtual  : 65025 MB
#-----------------------------------------------------------
source bd_0_wrapper.tcl -notrace
