

Implementation tool: Xilinx Vivado v.2025.2
Project:             gemm_stage
Solution:            hls
Device target:       xck26-sfvc784-2LV-c
Report date:         Wed Apr 15 13:17:20 IST 2026

#=== Post-Implementation Resource usage ===
SLICE:            0
LUT:          20351
FF:           20721
DSP:            258
BRAM:            30
URAM:             0
LATCH:            0
SRL:            786
CLB:           4821

#=== Final timing ===
CP required:                     10.000
CP achieved post-synthesis:      5.381
CP achieved post-implementation: 8.264
Timing met
