  **** HLS Build v2025.2 6295257
INFO: [HLS 200-2005] Using work_dir /home/nat/dev/trinners/mai_proj/hls/thesis-gcn-accelerator/vitis/integrated_gcn/integrated_gcn_approx/integrated_gcn_approx 
INFO: [HLS 200-2176] Writing Vitis IDE component file /home/nat/dev/trinners/mai_proj/hls/thesis-gcn-accelerator/vitis/integrated_gcn/integrated_gcn_approx/integrated_gcn_approx/vitis-comp.json
INFO: [HLS 200-10] Creating and opening component '/home/nat/dev/trinners/mai_proj/hls/thesis-gcn-accelerator/vitis/integrated_gcn/integrated_gcn_approx/integrated_gcn_approx'.
INFO: [HLS 200-1505] Using default flow_target 'vivado'
Resolution: For help on HLS 200-1505 see docs.amd.com/access/sources/dita/topic?Doc_Version=2025.2%20English&url=ug1448-hls-guidance&resourceid=200-1505.html
INFO: [HLS 200-2174] Applying component config ini file hls_config.cfg
INFO: [HLS 200-1465] Applying config ini 'syn.file=/home/nat/dev/trinners/mai_proj/hls/thesis-gcn-accelerator/src/integrated-gcn/integrated_gcn_approx.cpp' from hls_config.cfg(8)
INFO: [HLS 200-10] Adding design file '/home/nat/dev/trinners/mai_proj/hls/thesis-gcn-accelerator/src/integrated-gcn/integrated_gcn_approx.cpp' to the project
INFO: [HLS 200-1465] Applying config ini 'tb.file=/home/nat/dev/trinners/mai_proj/hls/thesis-gcn-accelerator/src/integrated-gcn/integrated_gcn_approx_tb.cpp' from hls_config.cfg(9)
INFO: [HLS 200-10] Adding test bench file '/home/nat/dev/trinners/mai_proj/hls/thesis-gcn-accelerator/src/integrated-gcn/integrated_gcn_approx_tb.cpp' to the project
INFO: [HLS 200-1465] Applying config ini 'syn.top=integrated_gcn_approx' from hls_config.cfg(7)
INFO: [HLS 200-1465] Applying config ini 'flow_target=vivado' from hls_config.cfg(4)
INFO: [HLS 200-1505] Using flow_target 'vivado'
Resolution: For help on HLS 200-1505 see docs.amd.com/access/sources/dita/topic?Doc_Version=2025.2%20English&url=ug1448-hls-guidance&resourceid=200-1505.html
INFO: [HLS 200-1465] Applying config ini 'part=xck26-sfvc784-2LV-c' from hls_config.cfg(1)
INFO: [HLS 200-1611] Setting target device to 'xck26-sfvc784-2LV-c'
INFO: [HLS 200-1465] Applying config ini 'clock=10' from hls_config.cfg(10)
INFO: [SYN 201-201] Setting up clock 'default' with a period of 10ns.
INFO: [HLS 200-1465] Applying config ini 'package.output.format=ip_catalog' from hls_config.cfg(5)
INFO: [HLS 200-2176] Writing Vitis IDE component file /home/nat/dev/trinners/mai_proj/hls/thesis-gcn-accelerator/vitis/integrated_gcn/integrated_gcn_approx/integrated_gcn_approx/vitis-comp.json
INFO: [HLS 200-111] Finished File checks and directory preparation: CPU user time: 1.1 seconds. CPU system time: 0.28 seconds. Elapsed time: 1.29 seconds; current allocated memory: 280.055 MB.
INFO: [HLS 200-2191] C-Synthesis will use clang-16 as the compiler
INFO: [HLS 200-10] Analyzing design file '/home/nat/dev/trinners/mai_proj/hls/thesis-gcn-accelerator/src/integrated-gcn/integrated_gcn_approx.cpp' ... 
INFO: [HLS 200-111] Finished Source Code Analysis and Preprocessing: CPU user time: 3.23 seconds. CPU system time: 0.6 seconds. Elapsed time: 4.04 seconds; current allocated memory: 283.211 MB.
INFO: [HLS 200-777] Using interface defaults for 'Vivado' flow target.
INFO: [HLS 200-1995] There were 6,042 instructions in the design after the 'Compile/Link' phase of compilation. See the Design Size Report for more details (/home/nat/dev/trinners/mai_proj/hls/thesis-gcn-accelerator/vitis/integrated_gcn/integrated_gcn_approx/integrated_gcn_approx/hls/syn/report/csynth_design_size.rpt:2)
WARNING: [HLS 200-1995] There were 239,699 instructions in the design after the 'Unroll/Inline (step 1)' phase of compilation. See the Design Size Report for more details (/home/nat/dev/trinners/mai_proj/hls/thesis-gcn-accelerator/vitis/integrated_gcn/integrated_gcn_approx/integrated_gcn_approx/hls/syn/report/csynth_design_size.rpt:2)
WARNING: [HLS 200-1995] There were 133,042 instructions in the design after the 'Unroll/Inline (step 2)' phase of compilation. See the Design Size Report for more details (/home/nat/dev/trinners/mai_proj/hls/thesis-gcn-accelerator/vitis/integrated_gcn/integrated_gcn_approx/integrated_gcn_approx/hls/syn/report/csynth_design_size.rpt:2)
WARNING: [HLS 200-1995] There were 131,812 instructions in the design after the 'Unroll/Inline (step 3)' phase of compilation. See the Design Size Report for more details (/home/nat/dev/trinners/mai_proj/hls/thesis-gcn-accelerator/vitis/integrated_gcn/integrated_gcn_approx/integrated_gcn_approx/hls/syn/report/csynth_design_size.rpt:2)
WARNING: [HLS 200-1995] There were 130,081 instructions in the design after the 'Unroll/Inline (step 4)' phase of compilation. See the Design Size Report for more details (/home/nat/dev/trinners/mai_proj/hls/thesis-gcn-accelerator/vitis/integrated_gcn/integrated_gcn_approx/integrated_gcn_approx/hls/syn/report/csynth_design_size.rpt:2)
WARNING: [HLS 200-1995] There were 241,591 instructions in the design after the 'Array/Struct (step 1)' phase of compilation. See the Design Size Report for more details (/home/nat/dev/trinners/mai_proj/hls/thesis-gcn-accelerator/vitis/integrated_gcn/integrated_gcn_approx/integrated_gcn_approx/hls/syn/report/csynth_design_size.rpt:2)
WARNING: [HLS 200-1995] There were 132,170 instructions in the design after the 'Array/Struct (step 2)' phase of compilation. See the Design Size Report for more details (/home/nat/dev/trinners/mai_proj/hls/thesis-gcn-accelerator/vitis/integrated_gcn/integrated_gcn_approx/integrated_gcn_approx/hls/syn/report/csynth_design_size.rpt:2)
WARNING: [HLS 200-1995] There were 132,384 instructions in the design after the 'Array/Struct (step 3)' phase of compilation. See the Design Size Report for more details (/home/nat/dev/trinners/mai_proj/hls/thesis-gcn-accelerator/vitis/integrated_gcn/integrated_gcn_approx/integrated_gcn_approx/hls/syn/report/csynth_design_size.rpt:2)
WARNING: [HLS 200-1995] There were 136,868 instructions in the design after the 'Array/Struct (step 4)' phase of compilation. See the Design Size Report for more details (/home/nat/dev/trinners/mai_proj/hls/thesis-gcn-accelerator/vitis/integrated_gcn/integrated_gcn_approx/integrated_gcn_approx/hls/syn/report/csynth_design_size.rpt:2)
WARNING: [HLS 200-1995] There were 136,869 instructions in the design after the 'Array/Struct (step 5)' phase of compilation. See the Design Size Report for more details (/home/nat/dev/trinners/mai_proj/hls/thesis-gcn-accelerator/vitis/integrated_gcn/integrated_gcn_approx/integrated_gcn_approx/hls/syn/report/csynth_design_size.rpt:2)
WARNING: [HLS 200-1995] There were 136,748 instructions in the design after the 'Performance (step 1)' phase of compilation. See the Design Size Report for more details (/home/nat/dev/trinners/mai_proj/hls/thesis-gcn-accelerator/vitis/integrated_gcn/integrated_gcn_approx/integrated_gcn_approx/hls/syn/report/csynth_design_size.rpt:2)
WARNING: [HLS 200-1995] There were 136,740 instructions in the design after the 'Performance (step 2)' phase of compilation. See the Design Size Report for more details (/home/nat/dev/trinners/mai_proj/hls/thesis-gcn-accelerator/vitis/integrated_gcn/integrated_gcn_approx/integrated_gcn_approx/hls/syn/report/csynth_design_size.rpt:2)
WARNING: [HLS 200-1995] There were 136,734 instructions in the design after the 'Performance (step 3)' phase of compilation. See the Design Size Report for more details (/home/nat/dev/trinners/mai_proj/hls/thesis-gcn-accelerator/vitis/integrated_gcn/integrated_gcn_approx/integrated_gcn_approx/hls/syn/report/csynth_design_size.rpt:2)
WARNING: [HLS 200-1995] There were 136,734 instructions in the design after the 'Performance (step 4)' phase of compilation. See the Design Size Report for more details (/home/nat/dev/trinners/mai_proj/hls/thesis-gcn-accelerator/vitis/integrated_gcn/integrated_gcn_approx/integrated_gcn_approx/hls/syn/report/csynth_design_size.rpt:2)
WARNING: [HLS 200-1995] There were 134,945 instructions in the design after the 'HW Transforms (step 1)' phase of compilation. See the Design Size Report for more details (/home/nat/dev/trinners/mai_proj/hls/thesis-gcn-accelerator/vitis/integrated_gcn/integrated_gcn_approx/integrated_gcn_approx/hls/syn/report/csynth_design_size.rpt:2)
WARNING: [HLS 200-1995] There were 134,856 instructions in the design after the 'HW Transforms (step 2)' phase of compilation. See the Design Size Report for more details (/home/nat/dev/trinners/mai_proj/hls/thesis-gcn-accelerator/vitis/integrated_gcn/integrated_gcn_approx/integrated_gcn_approx/hls/syn/report/csynth_design_size.rpt:2)
INFO: [HLS 214-131] Inlining function 'approx_mul_1KV8(ap_fixed<8, 3, (ap_q_mode)0, (ap_o_mode)0, 0>, ap_fixed<8, 3, (ap_q_mode)0, (ap_o_mode)0, 0>)' into 'approx_mul(ap_fixed<8, 3, (ap_q_mode)0, (ap_o_mode)0, 0>, ap_fixed<8, 3, (ap_q_mode)0, (ap_o_mode)0, 0>)' (src/integrated-gcn/approx_mul/approx_mul.h:79:12)
INFO: [HLS 214-131] Inlining function 'approx_mul(ap_fixed<8, 3, (ap_q_mode)0, (ap_o_mode)0, 0>, ap_fixed<8, 3, (ap_q_mode)0, (ap_o_mode)0, 0>)' into 'gemm_compute(hls::stream<hls::vector<ap_fixed<8, 3, (ap_q_mode)0, (ap_o_mode)0, 0>, 64ul>, 0>&, hls::stream<hls::vector<ap_fixed<8, 3, (ap_q_mode)0, (ap_o_mode)0, 0>, 64ul>, 0>&, hls::stream<hls::vector<ap_fixed<8, 3, (ap_q_mode)0, (ap_o_mode)0, 0>, 64ul>, 0>&)' (src/integrated-gcn/integrated_gcn_approx.cpp:125:40)
INFO: [HLS 214-131] Inlining function 'approx_mul(ap_fixed<8, 3, (ap_q_mode)0, (ap_o_mode)0, 0>, ap_fixed<8, 3, (ap_q_mode)0, (ap_o_mode)0, 0>)' into 'spmm_compute(hls::vector<ap_fixed<8, 3, (ap_q_mode)0, (ap_o_mode)0, 0>, 64ul>*, hls::stream<int, 0>&, hls::stream<int, 0>&, hls::stream<ap_fixed<8, 3, (ap_q_mode)0, (ap_o_mode)0, 0>, 0>&, hls::stream<ap_fixed<8, 3, (ap_q_mode)0, (ap_o_mode)0, 0>, 0>&)' (src/integrated-gcn/integrated_gcn_approx.cpp:260:36)
INFO: [HLS 214-291] Loop 'VITIS_LOOP_250_1' is marked as complete unroll implied by the pipeline pragma (src/integrated-gcn/integrated_gcn_approx.cpp:250:35)
INFO: [HLS 214-291] Loop 'VITIS_LOOP_91_1' is marked as complete unroll implied by the pipeline pragma (src/integrated-gcn/integrated_gcn_approx.cpp:91:34)
INFO: [HLS 214-291] Loop 'VITIS_LOOP_107_2' is marked as complete unroll implied by the pipeline pragma (src/integrated-gcn/integrated_gcn_approx.cpp:107:43)
INFO: [HLS 214-291] Loop 'VITIS_LOOP_118_3' is marked as complete unroll implied by the pipeline pragma (src/integrated-gcn/integrated_gcn_approx.cpp:118:43)
INFO: [HLS 214-291] Loop 'COMP_J' is marked as complete unroll implied by the pipeline pragma (src/integrated-gcn/integrated_gcn_approx.cpp:122:29)
INFO: [HLS 214-291] Loop 'VITIS_LOOP_137_5' is marked as complete unroll implied by the pipeline pragma (src/integrated-gcn/integrated_gcn_approx.cpp:137:39)
INFO: [HLS 214-188] Unrolling loop 'SPMM_INIT' (src/integrated-gcn/integrated_gcn_approx.cpp:233:9) in function 'spmm_compute' partially with a factor of 32 (src/integrated-gcn/integrated_gcn_approx.cpp:221:0)
INFO: [HLS 214-186] Unrolling loop 'VITIS_LOOP_250_1' (src/integrated-gcn/integrated_gcn_approx.cpp:250:35) in function 'spmm_compute' completely with a factor of 64 (src/integrated-gcn/integrated_gcn_approx.cpp:221:0)
INFO: [HLS 214-188] Unrolling loop 'SPMM_MAC' (src/integrated-gcn/integrated_gcn_approx.cpp:257:13) in function 'spmm_compute' partially with a factor of 32 (src/integrated-gcn/integrated_gcn_approx.cpp:221:0)
INFO: [HLS 214-186] Unrolling loop 'VITIS_LOOP_91_1' (src/integrated-gcn/integrated_gcn_approx.cpp:91:34) in function 'gemm_compute' completely with a factor of 64 (src/integrated-gcn/integrated_gcn_approx.cpp:74:0)
INFO: [HLS 214-186] Unrolling loop 'VITIS_LOOP_107_2' (src/integrated-gcn/integrated_gcn_approx.cpp:107:43) in function 'gemm_compute' completely with a factor of 64 (src/integrated-gcn/integrated_gcn_approx.cpp:74:0)
INFO: [HLS 214-186] Unrolling loop 'VITIS_LOOP_118_3' (src/integrated-gcn/integrated_gcn_approx.cpp:118:43) in function 'gemm_compute' completely with a factor of 4 (src/integrated-gcn/integrated_gcn_approx.cpp:74:0)
INFO: [HLS 214-186] Unrolling loop 'COMP_J' (src/integrated-gcn/integrated_gcn_approx.cpp:122:29) in function 'gemm_compute' completely with a factor of 64 (src/integrated-gcn/integrated_gcn_approx.cpp:74:0)
INFO: [HLS 214-186] Unrolling loop 'VITIS_LOOP_137_5' (src/integrated-gcn/integrated_gcn_approx.cpp:137:39) in function 'gemm_compute' completely with a factor of 64 (src/integrated-gcn/integrated_gcn_approx.cpp:74:0)
INFO: [HLS 214-178] Inlining function 'std::__array_traits<ap_fixed<8, 3, (ap_q_mode)0, (ap_o_mode)0, 0>, 64ul>::_S_ref(ap_fixed<8, 3, (ap_q_mode)0, (ap_o_mode)0, 0> const (&) [64], unsigned long)' into 'std::array<ap_fixed<8, 3, (ap_q_mode)0, (ap_o_mode)0, 0>, 64ul>::operator[](unsigned long)' (/opt/Xilinx/2025.2/Vitis/tps/lnx64/gcc-8.3.0/lib/gcc/x86_64-pc-linux-gnu/8.3.0/../../../../include/c++/8.3.0/array:186:0)
INFO: [HLS 214-178] Inlining function 'std::array<ap_fixed<8, 3, (ap_q_mode)0, (ap_o_mode)0, 0>, 64ul>::operator[](unsigned long)' into 'gemm_compute(hls::stream<hls::vector<ap_fixed<8, 3, (ap_q_mode)0, (ap_o_mode)0, 0>, 64ul>, 0>&, hls::stream<hls::vector<ap_fixed<8, 3, (ap_q_mode)0, (ap_o_mode)0, 0>, 64ul>, 0>&, hls::stream<hls::vector<ap_fixed<8, 3, (ap_q_mode)0, (ap_o_mode)0, 0>, 64ul>, 0>&)' (src/integrated-gcn/integrated_gcn_approx.cpp:74:0)
INFO: [HLS 214-178] Inlining function 'std::array<ap_fixed<8, 3, (ap_q_mode)0, (ap_o_mode)0, 0>, 64ul>::operator[](unsigned long)' into 'spmm_compute(hls::vector<ap_fixed<8, 3, (ap_q_mode)0, (ap_o_mode)0, 0>, 64ul>*, hls::stream<int, 0>&, hls::stream<int, 0>&, hls::stream<ap_fixed<8, 3, (ap_q_mode)0, (ap_o_mode)0, 0>, 0>&, hls::stream<ap_fixed<8, 3, (ap_q_mode)0, (ap_o_mode)0, 0>, 0>&)' (src/integrated-gcn/integrated_gcn_approx.cpp:221:0)
INFO: [HLS 214-178] Inlining function 'std::array<ap_fixed<8, 3, (ap_q_mode)0, (ap_o_mode)0, 0>, 64ul>::operator[](unsigned long)' into 'spmm_store(hls::vector<ap_fixed<8, 3, (ap_q_mode)0, (ap_o_mode)0, 0>, 64ul>*, hls::stream<ap_fixed<8, 3, (ap_q_mode)0, (ap_o_mode)0, 0>, 0>&)' (src/integrated-gcn/integrated_gcn_approx.cpp:275:0)
WARNING: [HLS 214-464] Skipping array undecay on variable length array 'X'. (src/integrated-gcn/integrated_gcn_approx.cpp:334:0)
WARNING: [HLS 214-464] Skipping array undecay on variable length array 'W'. (src/integrated-gcn/integrated_gcn_approx.cpp:334:0)
WARNING: [HLS 214-464] Skipping array undecay on variable length array 'H_temp'. (src/integrated-gcn/integrated_gcn_approx.cpp:334:0)
WARNING: [HLS 214-464] Skipping array undecay on variable length array 'row_length'. (src/integrated-gcn/integrated_gcn_approx.cpp:334:0)
WARNING: [HLS 214-464] Skipping array undecay on variable length array 'colind'. (src/integrated-gcn/integrated_gcn_approx.cpp:334:0)
WARNING: [HLS 214-464] Skipping array undecay on variable length array 'values'. (src/integrated-gcn/integrated_gcn_approx.cpp:334:0)
WARNING: [HLS 214-464] Skipping array undecay on variable length array 'H_out'. (src/integrated-gcn/integrated_gcn_approx.cpp:334:0)
WARNING: [HLS 214-464] Skipping array undecay on variable length array 'row_length'. (src/integrated-gcn/integrated_gcn_approx.cpp:300:0)
WARNING: [HLS 214-464] Skipping array undecay on variable length array 'colind'. (src/integrated-gcn/integrated_gcn_approx.cpp:300:0)
WARNING: [HLS 214-464] Skipping array undecay on variable length array 'values'. (src/integrated-gcn/integrated_gcn_approx.cpp:300:0)
WARNING: [HLS 214-464] Skipping array undecay on variable length array 'H_temp'. (src/integrated-gcn/integrated_gcn_approx.cpp:300:0)
WARNING: [HLS 214-464] Skipping array undecay on variable length array 'H_out'. (src/integrated-gcn/integrated_gcn_approx.cpp:300:0)
WARNING: [HLS 214-464] Skipping array undecay on variable length array 'X'. (src/integrated-gcn/integrated_gcn_approx.cpp:173:0)
WARNING: [HLS 214-464] Skipping array undecay on variable length array 'W'. (src/integrated-gcn/integrated_gcn_approx.cpp:173:0)
WARNING: [HLS 214-464] Skipping array undecay on variable length array 'H_temp'. (src/integrated-gcn/integrated_gcn_approx.cpp:173:0)
INFO: [HLS 214-248] Applying array_partition to 'XW_block': Cyclic partitioning with factor 4 on dimension 1. Complete partitioning on dimension 2. (src/integrated-gcn/integrated_gcn_approx.cpp:75:13)
INFO: [HLS 214-248] Applying array_partition to 'X_line': Complete partitioning on dimension 1. (src/integrated-gcn/integrated_gcn_approx.cpp:77:11)
INFO: [HLS 214-248] Applying array_partition to 'acc': Cyclic partitioning with factor 32 on dimension 1. (src/integrated-gcn/integrated_gcn_approx.cpp:222:13)
INFO: [HLS 214-248] Applying array_partition to 'h_buf': Cyclic partitioning with factor 32 on dimension 1. (src/integrated-gcn/integrated_gcn_approx.cpp:223:11)
INFO: [HLS 214-241] Aggregating fifo (hls::stream) variable 'XW_stream' with compact=bit mode in 512-bits (src/integrated-gcn/integrated_gcn_approx.cpp:177:44)
INFO: [HLS 214-241] Aggregating fifo (hls::stream) variable 'W_stream' with compact=bit mode in 512-bits (src/integrated-gcn/integrated_gcn_approx.cpp:176:44)
INFO: [HLS 214-241] Aggregating fifo (hls::stream) variable 'X_stream' with compact=bit mode in 512-bits (src/integrated-gcn/integrated_gcn_approx.cpp:175:44)
INFO: [HLS 214-241] Aggregating maxi variable 'X' with compact=none mode in 512-bits (src/integrated-gcn/integrated_gcn_approx.cpp:334:0)
INFO: [HLS 214-241] Aggregating maxi variable 'W' with compact=none mode in 512-bits (src/integrated-gcn/integrated_gcn_approx.cpp:334:0)
INFO: [HLS 214-241] Aggregating maxi variable 'H_temp' with compact=none mode in 512-bits (src/integrated-gcn/integrated_gcn_approx.cpp:334:0)
INFO: [HLS 214-241] Aggregating maxi variable 'H_out' with compact=none mode in 512-bits (src/integrated-gcn/integrated_gcn_approx.cpp:334:0)
INFO: [HLS 214-241] Aggregating scalar variable 'out_vec' with compact=bit mode in 512-bits (src/integrated-gcn/integrated_gcn_approx.cpp:276:31)
INFO: [HLS 214-376] Pipelining loop< VITIS_LOOP_155_3> at src/integrated-gcn/integrated_gcn_approx.cpp:155:31 due to pipeline_loops threshold
INFO: [HLS 214-376] Pipelining loop< COMP_EMIT> at src/integrated-gcn/integrated_gcn_approx.cpp:133:13 due to pipeline_loops threshold
INFO: [HLS 214-376] Pipelining loop< VITIS_LOOP_56_4> at src/integrated-gcn/integrated_gcn_approx.cpp:56:34 due to pipeline_loops threshold
INFO: [HLS 214-376] Pipelining loop< VITIS_LOOP_36_4> at src/integrated-gcn/integrated_gcn_approx.cpp:36:34 due to pipeline_loops threshold
INFO: [HLS 214-437] Disabling loop flattening for loop 'SPMM_NNZ'. (src/integrated-gcn/integrated_gcn_approx.cpp:240:9)
INFO: [HLS 214-115] Multiple burst reads of length 1472 and bit width 512 in loop 'VITIS_LOOP_55_3'(src/integrated-gcn/integrated_gcn_approx.cpp:55:30) has been inferred on bundle 'gmem1'. These burst requests might be further partitioned into multiple requests during RTL generation, based on max_read_burst_length or max_write_burst_length settings. (src/integrated-gcn/integrated_gcn_approx.cpp:55:30)
INFO: [HLS 214-115] Multiple burst reads of length 2708 and bit width 32 in loop 'LOAD_ROWS'(src/integrated-gcn/integrated_gcn_approx.cpp:202:5) has been inferred on bundle 'gmem3'. These burst requests might be further partitioned into multiple requests during RTL generation, based on max_read_burst_length or max_write_burst_length settings. (src/integrated-gcn/integrated_gcn_approx.cpp:202:5)
INFO: [HLS 214-115] Multiple burst reads of variable length and bit width 32 in loop 'LOAD_NNZ'(src/integrated-gcn/integrated_gcn_approx.cpp:208:5) has been inferred on bundle 'gmem4'. These burst requests might be further partitioned into multiple requests during RTL generation, based on max_read_burst_length or max_write_burst_length settings. (src/integrated-gcn/integrated_gcn_approx.cpp:208:5)
INFO: [HLS 214-115] Multiple burst reads of variable length and bit width 8 in loop 'LOAD_NNZ'(src/integrated-gcn/integrated_gcn_approx.cpp:208:5) has been inferred on bundle 'gmem5'. These burst requests might be further partitioned into multiple requests during RTL generation, based on max_read_burst_length or max_write_burst_length settings. (src/integrated-gcn/integrated_gcn_approx.cpp:208:5)
INFO: [HLS 200-111] Finished Compiling Optimization and Transform: CPU user time: 10.21 seconds. CPU system time: 0.64 seconds. Elapsed time: 12.25 seconds; current allocated memory: 286.984 MB.
INFO: [HLS 200-111] Finished Checking Pragmas: CPU user time: 0 seconds. CPU system time: 0 seconds. Elapsed time: 0.01 seconds; current allocated memory: 286.984 MB.
INFO: [HLS 200-10] Starting code transformations ...
INFO: [HLS 200-111] Finished Standard Transforms: CPU user time: 0.44 seconds. CPU system time: 0.01 seconds. Elapsed time: 0.46 seconds; current allocated memory: 300.172 MB.
INFO: [HLS 200-10] Checking synthesizability ...
INFO: [HLS 200-111] Finished Checking Synthesizability: CPU user time: 1.4 seconds. CPU system time: 0.01 seconds. Elapsed time: 1.42 seconds; current allocated memory: 312.992 MB.
INFO: [HLS 200-1947] Using 'stable' for argument 'gmem0' of dataflow function 'gemm_stage' (src/integrated-gcn/integrated_gcn_approx.cpp:174:1).
INFO: [HLS 200-1947] Using 'stable' for argument 'X' of dataflow function 'gemm_stage' (src/integrated-gcn/integrated_gcn_approx.cpp:174:1).
INFO: [HLS 200-1947] Using 'stable' for argument 'gmem1' of dataflow function 'gemm_stage' (src/integrated-gcn/integrated_gcn_approx.cpp:174:1).
INFO: [HLS 200-1947] Using 'stable' for argument 'W' of dataflow function 'gemm_stage' (src/integrated-gcn/integrated_gcn_approx.cpp:174:1).
INFO: [HLS 200-1947] Using 'stable' for argument 'H_temp' of dataflow function 'gemm_stage' (src/integrated-gcn/integrated_gcn_approx.cpp:174:1).
INFO: [HLS 200-1947] Using 'stable' for argument 'gmem3' of dataflow function 'spmm_stage' (src/integrated-gcn/integrated_gcn_approx.cpp:301:1).
INFO: [HLS 200-1947] Using 'stable' for argument 'row_length' of dataflow function 'spmm_stage' (src/integrated-gcn/integrated_gcn_approx.cpp:301:1).
INFO: [HLS 200-1947] Using 'stable' for argument 'gmem4' of dataflow function 'spmm_stage' (src/integrated-gcn/integrated_gcn_approx.cpp:301:1).
INFO: [HLS 200-1947] Using 'stable' for argument 'colind' of dataflow function 'spmm_stage' (src/integrated-gcn/integrated_gcn_approx.cpp:301:1).
INFO: [HLS 200-1947] Using 'stable' for argument 'gmem5' of dataflow function 'spmm_stage' (src/integrated-gcn/integrated_gcn_approx.cpp:301:1).
INFO: [HLS 200-1947] Using 'stable' for argument 'values' of dataflow function 'spmm_stage' (src/integrated-gcn/integrated_gcn_approx.cpp:301:1).
INFO: [HLS 200-1947] Using 'stable' for argument 'gmem2' of dataflow function 'spmm_stage' (src/integrated-gcn/integrated_gcn_approx.cpp:301:1).
INFO: [HLS 200-1947] Using 'stable' for argument 'H_temp' of dataflow function 'spmm_stage' (src/integrated-gcn/integrated_gcn_approx.cpp:301:1).
INFO: [HLS 200-1947] Using 'stable' for argument 'nnz_total' of dataflow function 'spmm_stage' (src/integrated-gcn/integrated_gcn_approx.cpp:301:1).
INFO: [HLS 200-1947] Using 'stable' for argument 'H_out' of dataflow function 'spmm_stage' (src/integrated-gcn/integrated_gcn_approx.cpp:301:1).
INFO: [XFORM 203-712] Applying dataflow to function 'gemm_stage' (src/integrated-gcn/integrated_gcn_approx.cpp:174:1), detected/extracted 4 process function(s): 
	 'gemm_read_X'
	 'gemm_read_W'
	 'gemm_compute'
	 'gemm_write'.
INFO: [XFORM 203-712] Applying dataflow to function 'spmm_stage' (src/integrated-gcn/integrated_gcn_approx.cpp:301:1), detected/extracted 3 process function(s): 
	 'spmm_load_csr'
	 'spmm_compute'
	 'spmm_store'.
INFO: [XFORM 203-11] Balancing expressions in function 'mul8s_1KV8' (src/integrated-gcn/approx_mul/mul8s_1KV8.c:20)...21 expression(s) balanced.
INFO: [HLS 200-111] Finished Loop, function and other optimizations: CPU user time: 2.64 seconds. CPU system time: 0.05 seconds. Elapsed time: 2.7 seconds; current allocated memory: 362.391 MB.
INFO: [HLS 200-2061] Successfully converted nested loops 'SPMM_STORE_ROW'(src/integrated-gcn/integrated_gcn_approx.cpp:279:5) and 'SPMM_STORE_FEAT'(src/integrated-gcn/integrated_gcn_approx.cpp:281:9) in function 'spmm_store' into perfectly nested loops.
INFO: [HLS 200-2061] Successfully converted nested loops 'VITIS_LOOP_153_1'(src/integrated-gcn/integrated_gcn_approx.cpp:153:23) and 'VITIS_LOOP_155_3'(src/integrated-gcn/integrated_gcn_approx.cpp:155:31) in function 'gemm_write' into perfectly nested loops.
INFO: [HLS 200-2061] Successfully converted nested loops 'VITIS_LOOP_35_3'(src/integrated-gcn/integrated_gcn_approx.cpp:35:30) and 'VITIS_LOOP_36_4'(src/integrated-gcn/integrated_gcn_approx.cpp:36:34) in function 'gemm_read_X' into perfectly nested loops.
INFO: [HLS 200-2061] Successfully converted nested loops 'VITIS_LOOP_33_1'(src/integrated-gcn/integrated_gcn_approx.cpp:33:22) and 'VITIS_LOOP_35_3'(src/integrated-gcn/integrated_gcn_approx.cpp:35:30) in function 'gemm_read_X' into perfectly nested loops.
INFO: [HLS 200-2061] Successfully converted nested loops 'VITIS_LOOP_53_1'(src/integrated-gcn/integrated_gcn_approx.cpp:53:22) and 'VITIS_LOOP_55_3'(src/integrated-gcn/integrated_gcn_approx.cpp:55:30) in function 'gemm_read_W' into perfectly nested loops.
INFO: [HLS 200-2061] Successfully converted nested loops 'COMP_K'(src/integrated-gcn/integrated_gcn_approx.cpp:100:17) and 'COMP_I'(src/integrated-gcn/integrated_gcn_approx.cpp:116:21) in function 'gemm_compute' into perfectly nested loops.
INFO: [XFORM 203-541] Flattening a loop nest 'SPMM_STORE_ROW' (src/integrated-gcn/integrated_gcn_approx.cpp:279:5) in function 'spmm_store'.
INFO: [XFORM 203-541] Flattening a loop nest 'VITIS_LOOP_153_1' (src/integrated-gcn/integrated_gcn_approx.cpp:153:23) in function 'gemm_write'.
INFO: [XFORM 203-541] Flattening a loop nest 'VITIS_LOOP_35_3' (src/integrated-gcn/integrated_gcn_approx.cpp:35:30) in function 'gemm_read_X'.
INFO: [XFORM 203-541] Flattening a loop nest 'VITIS_LOOP_33_1' (src/integrated-gcn/integrated_gcn_approx.cpp:33:22) in function 'gemm_read_X'.
INFO: [XFORM 203-541] Flattening a loop nest 'VITIS_LOOP_55_3' (src/integrated-gcn/integrated_gcn_approx.cpp:55:30) in function 'gemm_read_W'.
INFO: [XFORM 203-541] Flattening a loop nest 'VITIS_LOOP_53_1' (src/integrated-gcn/integrated_gcn_approx.cpp:53:22) in function 'gemm_read_W'.
INFO: [XFORM 203-541] Flattening a loop nest 'COMP_K' (src/integrated-gcn/integrated_gcn_approx.cpp:100:17) in function 'gemm_compute'.
INFO: [XFORM 203-541] Flattening a loop nest 'COMP_KB' (src/integrated-gcn/integrated_gcn_approx.cpp:98:13) in function 'gemm_compute'.
INFO: [HLS 200-2039] Inferred 'occurrence' pragma with cycle 64 in function spmm_store'.
INFO: [HLS 200-111] Finished Architecture Synthesis: CPU user time: 1.04 seconds. CPU system time: 0.05 seconds. Elapsed time: 1.09 seconds; current allocated memory: 526.477 MB.
INFO: [HLS 200-10] Starting hardware synthesis ...
INFO: [HLS 200-10] Synthesizing 'integrated_gcn_approx' ...
INFO: [HLS 200-10] ----------------------------------------------------------------
INFO: [HLS 200-42] -- Implementing module 'gemm_read_X' 
INFO: [HLS 200-10] ----------------------------------------------------------------
INFO: [SCHED 204-11] Starting scheduling ...
INFO: [HLS 200-486] Changing DSP latency (root=add_ln40_1) to 3 in order to utilize available DSP registers.
INFO: [SCHED 204-61] Pipelining loop 'VITIS_LOOP_33_1_VITIS_LOOP_35_3_VITIS_LOOP_36_4'.
INFO: [HLS 200-1470] Pipelining result : Target II = NA, Final II = 1, Depth = 14, loop 'VITIS_LOOP_33_1_VITIS_LOOP_35_3_VITIS_LOOP_36_4'
INFO: [SCHED 204-11] Finished scheduling.
INFO: [HLS 200-111] Finished Scheduling: CPU user time: 0.14 seconds. CPU system time: 0.03 seconds. Elapsed time: 0.19 seconds; current allocated memory: 529.219 MB.
INFO: [HLS 200-2250] Rewind delay = 1 for the pipelined loop 'VITIS_LOOP_33_1_VITIS_LOOP_35_3_VITIS_LOOP_36_4' due to a write-after-read dependence on variable 'ib (src/integrated-gcn/integrated_gcn_approx.cpp:33)'.
INFO: [BIND 205-100] Starting micro-architecture generation ...
INFO: [BIND 205-101] Performing variable lifetime analysis.
INFO: [BIND 205-101] Exploring resource sharing.
INFO: [BIND 205-101] Binding ...
INFO: [BIND 205-100] Finished micro-architecture generation.
INFO: [HLS 200-111] Finished Binding: CPU user time: 0.01 seconds. CPU system time: 0 seconds. Elapsed time: 0.01 seconds; current allocated memory: 529.219 MB.
INFO: [HLS 200-10] ----------------------------------------------------------------
INFO: [HLS 200-42] -- Implementing module 'gemm_read_W' 
INFO: [HLS 200-10] ----------------------------------------------------------------
INFO: [SCHED 204-11] Starting scheduling ...
INFO: [SCHED 204-61] Pipelining loop 'VITIS_LOOP_53_1_VITIS_LOOP_55_3_VITIS_LOOP_56_4'.
INFO: [HLS 200-1470] Pipelining result : Target II = NA, Final II = 1, Depth = 11, loop 'VITIS_LOOP_53_1_VITIS_LOOP_55_3_VITIS_LOOP_56_4'
INFO: [SCHED 204-11] Finished scheduling.
INFO: [HLS 200-111] Finished Scheduling: CPU user time: 0.01 seconds. CPU system time: 0 seconds. Elapsed time: 0.01 seconds; current allocated memory: 529.801 MB.
INFO: [BIND 205-100] Starting micro-architecture generation ...
INFO: [BIND 205-101] Performing variable lifetime analysis.
INFO: [BIND 205-101] Exploring resource sharing.
INFO: [BIND 205-101] Binding ...
INFO: [BIND 205-100] Finished micro-architecture generation.
INFO: [HLS 200-111] Finished Binding: CPU user time: 0.01 seconds. CPU system time: 0 seconds. Elapsed time: 0.01 seconds; current allocated memory: 529.801 MB.
INFO: [HLS 200-10] ----------------------------------------------------------------
INFO: [HLS 200-42] -- Implementing module 'gemm_compute_Pipeline_COMP_INIT' 
INFO: [HLS 200-10] ----------------------------------------------------------------
INFO: [SCHED 204-11] Starting scheduling ...
INFO: [SCHED 204-61] Pipelining loop 'COMP_INIT'.
INFO: [HLS 200-1470] Pipelining result : Target II = 1, Final II = 1, Depth = 1, loop 'COMP_INIT'
INFO: [SCHED 204-11] Finished scheduling.
INFO: [HLS 200-111] Finished Scheduling: CPU user time: 0.19 seconds. CPU system time: 0.01 seconds. Elapsed time: 0.2 seconds; current allocated memory: 535.891 MB.
INFO: [BIND 205-100] Starting micro-architecture generation ...
INFO: [BIND 205-101] Performing variable lifetime analysis.
INFO: [BIND 205-101] Exploring resource sharing.
INFO: [BIND 205-101] Binding ...
INFO: [BIND 205-100] Finished micro-architecture generation.
INFO: [HLS 200-111] Finished Binding: CPU user time: 0.03 seconds. CPU system time: 0 seconds. Elapsed time: 0.03 seconds; current allocated memory: 535.891 MB.
INFO: [HLS 200-10] ----------------------------------------------------------------
INFO: [HLS 200-42] -- Implementing module 'mul8s_1KV8' 
INFO: [HLS 200-10] ----------------------------------------------------------------
INFO: [SCHED 204-11] Starting scheduling ...
INFO: [SCHED 204-61] Pipelining function 'mul8s_1KV8'.
INFO: [HLS 200-1470] Pipelining result : Target II = 1, Final II = 1, Depth = 2, function 'mul8s_1KV8'
INFO: [SCHED 204-11] Finished scheduling.
INFO: [HLS 200-111] Finished Scheduling: CPU user time: 0.1 seconds. CPU system time: 0 seconds. Elapsed time: 0.1 seconds; current allocated memory: 540.785 MB.
INFO: [BIND 205-100] Starting micro-architecture generation ...
INFO: [BIND 205-101] Performing variable lifetime analysis.
INFO: [BIND 205-101] Exploring resource sharing.
INFO: [BIND 205-101] Binding ...
INFO: [BIND 205-100] Finished micro-architecture generation.
INFO: [HLS 200-111] Finished Binding: CPU user time: 0.02 seconds. CPU system time: 0 seconds. Elapsed time: 0.02 seconds; current allocated memory: 540.785 MB.
INFO: [HLS 200-10] ----------------------------------------------------------------
INFO: [HLS 200-42] -- Implementing module 'gemm_compute_Pipeline_COMP_KB_COMP_K_COMP_I' 
INFO: [HLS 200-10] ----------------------------------------------------------------
INFO: [SCHED 204-11] Starting scheduling ...
INFO: [SCHED 204-61] Pipelining loop 'COMP_KB_COMP_K_COMP_I'.
INFO: [HLS 200-1470] Pipelining result : Target II = 1, Final II = 1, Depth = 6, loop 'COMP_KB_COMP_K_COMP_I'
INFO: [SCHED 204-11] Finished scheduling.
INFO: [HLS 200-111] Finished Scheduling: CPU user time: 0.5 seconds. CPU system time: 0 seconds. Elapsed time: 0.5 seconds; current allocated memory: 558.340 MB.
INFO: [BIND 205-100] Starting micro-architecture generation ...
INFO: [BIND 205-101] Performing variable lifetime analysis.
INFO: [BIND 205-101] Exploring resource sharing.
INFO: [BIND 205-101] Binding ...
INFO: [BIND 205-100] Finished micro-architecture generation.
INFO: [HLS 200-111] Finished Binding: CPU user time: 0.15 seconds. CPU system time: 0.01 seconds. Elapsed time: 0.16 seconds; current allocated memory: 558.340 MB.
INFO: [HLS 200-10] ----------------------------------------------------------------
INFO: [HLS 200-42] -- Implementing module 'gemm_compute_Pipeline_COMP_EMIT' 
INFO: [HLS 200-10] ----------------------------------------------------------------
INFO: [SCHED 204-11] Starting scheduling ...
INFO: [SCHED 204-61] Pipelining loop 'COMP_EMIT'.
INFO: [HLS 200-1470] Pipelining result : Target II = NA, Final II = 1, Depth = 2, loop 'COMP_EMIT'
INFO: [SCHED 204-11] Finished scheduling.
INFO: [HLS 200-111] Finished Scheduling: CPU user time: 0.67 seconds. CPU system time: 0.01 seconds. Elapsed time: 0.69 seconds; current allocated memory: 584.594 MB.
INFO: [BIND 205-100] Starting micro-architecture generation ...
INFO: [BIND 205-101] Performing variable lifetime analysis.
INFO: [BIND 205-101] Exploring resource sharing.
INFO: [BIND 205-101] Binding ...
INFO: [BIND 205-100] Finished micro-architecture generation.
INFO: [HLS 200-111] Finished Binding: CPU user time: 0.15 seconds. CPU system time: 0.01 seconds. Elapsed time: 0.15 seconds; current allocated memory: 584.594 MB.
INFO: [HLS 200-10] ----------------------------------------------------------------
INFO: [HLS 200-42] -- Implementing module 'gemm_compute' 
INFO: [HLS 200-10] ----------------------------------------------------------------
INFO: [SCHED 204-11] Starting scheduling ...
INFO: [SCHED 204-11] Finished scheduling.
INFO: [HLS 200-111] Finished Scheduling: CPU user time: 0.14 seconds. CPU system time: 0.01 seconds. Elapsed time: 0.15 seconds; current allocated memory: 584.594 MB.
INFO: [BIND 205-100] Starting micro-architecture generation ...
INFO: [BIND 205-101] Performing variable lifetime analysis.
INFO: [BIND 205-101] Exploring resource sharing.
INFO: [BIND 205-101] Binding ...
INFO: [BIND 205-100] Finished micro-architecture generation.
INFO: [HLS 200-111] Finished Binding: CPU user time: 0.08 seconds. CPU system time: 0 seconds. Elapsed time: 0.08 seconds; current allocated memory: 584.594 MB.
INFO: [HLS 200-10] ----------------------------------------------------------------
INFO: [HLS 200-42] -- Implementing module 'gemm_write' 
INFO: [HLS 200-10] ----------------------------------------------------------------
INFO: [SCHED 204-11] Starting scheduling ...
INFO: [SCHED 204-61] Pipelining loop 'VITIS_LOOP_153_1_VITIS_LOOP_155_3'.
INFO: [HLS 200-1470] Pipelining result : Target II = NA, Final II = 1, Depth = 8, loop 'VITIS_LOOP_153_1_VITIS_LOOP_155_3'
INFO: [SCHED 204-11] Finished scheduling.
INFO: [HLS 200-111] Finished Scheduling: CPU user time: 0.2 seconds. CPU system time: 0 seconds. Elapsed time: 0.2 seconds; current allocated memory: 584.758 MB.
INFO: [BIND 205-100] Starting micro-architecture generation ...
INFO: [BIND 205-101] Performing variable lifetime analysis.
INFO: [BIND 205-101] Exploring resource sharing.
INFO: [BIND 205-101] Binding ...
INFO: [BIND 205-100] Finished micro-architecture generation.
INFO: [HLS 200-111] Finished Binding: CPU user time: 0.01 seconds. CPU system time: 0 seconds. Elapsed time: 0.01 seconds; current allocated memory: 584.758 MB.
INFO: [HLS 200-10] ----------------------------------------------------------------
INFO: [HLS 200-42] -- Implementing module 'gemm_stage' 
INFO: [HLS 200-10] ----------------------------------------------------------------
INFO: [SCHED 204-11] Starting scheduling ...
INFO: [SCHED 204-11] Finished scheduling.
INFO: [HLS 200-111] Finished Scheduling: CPU user time: 0.01 seconds. CPU system time: 0 seconds. Elapsed time: 0.01 seconds; current allocated memory: 584.758 MB.
INFO: [BIND 205-100] Starting micro-architecture generation ...
INFO: [BIND 205-101] Performing variable lifetime analysis.
INFO: [BIND 205-101] Exploring resource sharing.
INFO: [BIND 205-101] Binding ...
INFO: [BIND 205-100] Finished micro-architecture generation.
INFO: [HLS 200-111] Finished Binding: CPU user time: 0.06 seconds. CPU system time: 0 seconds. Elapsed time: 0.07 seconds; current allocated memory: 584.758 MB.
INFO: [HLS 200-10] ----------------------------------------------------------------
INFO: [HLS 200-42] -- Implementing module 'spmm_load_csr_Pipeline_LOAD_ROWS' 
INFO: [HLS 200-10] ----------------------------------------------------------------
INFO: [SCHED 204-11] Starting scheduling ...
INFO: [SCHED 204-61] Pipelining loop 'LOAD_ROWS'.
INFO: [HLS 200-1470] Pipelining result : Target II = 1, Final II = 1, Depth = 3, loop 'LOAD_ROWS'
INFO: [SCHED 204-11] Finished scheduling.
INFO: [HLS 200-111] Finished Scheduling: CPU user time: 0.19 seconds. CPU system time: 0 seconds. Elapsed time: 0.19 seconds; current allocated memory: 585.297 MB.
INFO: [BIND 205-100] Starting micro-architecture generation ...
INFO: [BIND 205-101] Performing variable lifetime analysis.
INFO: [BIND 205-101] Exploring resource sharing.
INFO: [BIND 205-101] Binding ...
INFO: [BIND 205-100] Finished micro-architecture generation.
INFO: [HLS 200-111] Finished Binding: CPU user time: 0.01 seconds. CPU system time: 0.01 seconds. Elapsed time: 0.01 seconds; current allocated memory: 585.297 MB.
INFO: [HLS 200-10] ----------------------------------------------------------------
INFO: [HLS 200-42] -- Implementing module 'spmm_load_csr_Pipeline_LOAD_NNZ' 
INFO: [HLS 200-10] ----------------------------------------------------------------
INFO: [SCHED 204-11] Starting scheduling ...
INFO: [SCHED 204-61] Pipelining loop 'LOAD_NNZ'.
INFO: [HLS 200-1470] Pipelining result : Target II = 1, Final II = 1, Depth = 3, loop 'LOAD_NNZ'
INFO: [SCHED 204-11] Finished scheduling.
INFO: [HLS 200-111] Finished Scheduling: CPU user time: 0.02 seconds. CPU system time: 0 seconds. Elapsed time: 0.02 seconds; current allocated memory: 585.539 MB.
INFO: [BIND 205-100] Starting micro-architecture generation ...
INFO: [BIND 205-101] Performing variable lifetime analysis.
INFO: [BIND 205-101] Exploring resource sharing.
INFO: [BIND 205-101] Binding ...
INFO: [BIND 205-100] Finished micro-architecture generation.
INFO: [HLS 200-111] Finished Binding: CPU user time: 0.01 seconds. CPU system time: 0 seconds. Elapsed time: 0.01 seconds; current allocated memory: 585.539 MB.
INFO: [HLS 200-10] ----------------------------------------------------------------
INFO: [HLS 200-42] -- Implementing module 'spmm_load_csr' 
INFO: [HLS 200-10] ----------------------------------------------------------------
INFO: [SCHED 204-11] Starting scheduling ...
INFO: [SCHED 204-11] Finished scheduling.
INFO: [HLS 200-111] Finished Scheduling: CPU user time: 0.01 seconds. CPU system time: 0 seconds. Elapsed time: 0.02 seconds; current allocated memory: 585.762 MB.
INFO: [BIND 205-100] Starting micro-architecture generation ...
INFO: [BIND 205-101] Performing variable lifetime analysis.
INFO: [BIND 205-101] Exploring resource sharing.
INFO: [BIND 205-101] Binding ...
INFO: [BIND 205-100] Finished micro-architecture generation.
INFO: [HLS 200-111] Finished Binding: CPU user time: 0 seconds. CPU system time: 0 seconds. Elapsed time: 0 seconds; current allocated memory: 585.762 MB.
INFO: [HLS 200-10] ----------------------------------------------------------------
INFO: [HLS 200-42] -- Implementing module 'spmm_compute_Pipeline_SPMM_INIT' 
INFO: [HLS 200-10] ----------------------------------------------------------------
INFO: [SCHED 204-11] Starting scheduling ...
INFO: [SCHED 204-61] Pipelining loop 'SPMM_INIT'.
INFO: [HLS 200-1470] Pipelining result : Target II = 1, Final II = 1, Depth = 1, loop 'SPMM_INIT'
INFO: [SCHED 204-11] Finished scheduling.
INFO: [HLS 200-111] Finished Scheduling: CPU user time: 0.02 seconds. CPU system time: 0 seconds. Elapsed time: 0.02 seconds; current allocated memory: 586.621 MB.
INFO: [BIND 205-100] Starting micro-architecture generation ...
INFO: [BIND 205-101] Performing variable lifetime analysis.
INFO: [BIND 205-101] Exploring resource sharing.
INFO: [BIND 205-101] Binding ...
INFO: [BIND 205-100] Finished micro-architecture generation.
INFO: [HLS 200-111] Finished Binding: CPU user time: 0.01 seconds. CPU system time: 0 seconds. Elapsed time: 0.01 seconds; current allocated memory: 586.621 MB.
INFO: [HLS 200-10] ----------------------------------------------------------------
INFO: [HLS 200-42] -- Implementing module 'spmm_compute_Pipeline_SPMM_MAC' 
INFO: [HLS 200-10] ----------------------------------------------------------------
INFO: [SCHED 204-11] Starting scheduling ...
INFO: [SCHED 204-61] Pipelining loop 'SPMM_MAC'.
INFO: [HLS 200-1470] Pipelining result : Target II = 1, Final II = 1, Depth = 4, loop 'SPMM_MAC'
INFO: [SCHED 204-11] Finished scheduling.
INFO: [HLS 200-111] Finished Scheduling: CPU user time: 0.04 seconds. CPU system time: 0 seconds. Elapsed time: 0.04 seconds; current allocated memory: 589.453 MB.
INFO: [BIND 205-100] Starting micro-architecture generation ...
INFO: [BIND 205-101] Performing variable lifetime analysis.
INFO: [BIND 205-101] Exploring resource sharing.
INFO: [BIND 205-101] Binding ...
INFO: [BIND 205-100] Finished micro-architecture generation.
INFO: [HLS 200-111] Finished Binding: CPU user time: 0.02 seconds. CPU system time: 0 seconds. Elapsed time: 0.02 seconds; current allocated memory: 589.453 MB.
INFO: [HLS 200-10] ----------------------------------------------------------------
INFO: [HLS 200-42] -- Implementing module 'spmm_compute_Pipeline_SPMM_WRITE' 
INFO: [HLS 200-10] ----------------------------------------------------------------
INFO: [SCHED 204-11] Starting scheduling ...
INFO: [SCHED 204-61] Pipelining loop 'SPMM_WRITE'.
INFO: [HLS 200-1470] Pipelining result : Target II = 1, Final II = 1, Depth = 2, loop 'SPMM_WRITE'
INFO: [SCHED 204-11] Finished scheduling.
INFO: [HLS 200-111] Finished Scheduling: CPU user time: 0.06 seconds. CPU system time: 0 seconds. Elapsed time: 0.05 seconds; current allocated memory: 589.988 MB.
INFO: [BIND 205-100] Starting micro-architecture generation ...
INFO: [BIND 205-101] Performing variable lifetime analysis.
INFO: [BIND 205-101] Exploring resource sharing.
INFO: [BIND 205-101] Binding ...
INFO: [BIND 205-100] Finished micro-architecture generation.
INFO: [HLS 200-111] Finished Binding: CPU user time: 0.01 seconds. CPU system time: 0 seconds. Elapsed time: 0.01 seconds; current allocated memory: 589.988 MB.
INFO: [HLS 200-10] ----------------------------------------------------------------
INFO: [HLS 200-42] -- Implementing module 'spmm_compute' 
INFO: [HLS 200-10] ----------------------------------------------------------------
INFO: [SCHED 204-11] Starting scheduling ...
INFO: [SCHED 204-11] Finished scheduling.
INFO: [HLS 200-111] Finished Scheduling: CPU user time: 0.03 seconds. CPU system time: 0 seconds. Elapsed time: 0.04 seconds; current allocated memory: 593.305 MB.
INFO: [BIND 205-100] Starting micro-architecture generation ...
INFO: [BIND 205-101] Performing variable lifetime analysis.
INFO: [BIND 205-101] Exploring resource sharing.
INFO: [BIND 205-101] Binding ...
INFO: [BIND 205-100] Finished micro-architecture generation.
INFO: [HLS 200-111] Finished Binding: CPU user time: 0.03 seconds. CPU system time: 0 seconds. Elapsed time: 0.02 seconds; current allocated memory: 593.305 MB.
INFO: [HLS 200-10] ----------------------------------------------------------------
INFO: [HLS 200-42] -- Implementing module 'spmm_store' 
INFO: [HLS 200-10] ----------------------------------------------------------------
INFO: [SCHED 204-11] Starting scheduling ...
INFO: [SCHED 204-61] Pipelining loop 'SPMM_STORE_ROW_SPMM_STORE_FEAT'.
INFO: [HLS 200-1470] Pipelining result : Target II = 1, Final II = 1, Depth = 8, loop 'SPMM_STORE_ROW_SPMM_STORE_FEAT'
INFO: [SCHED 204-11] Finished scheduling.
INFO: [HLS 200-111] Finished Scheduling: CPU user time: 0.05 seconds. CPU system time: 0 seconds. Elapsed time: 0.05 seconds; current allocated memory: 593.305 MB.
INFO: [BIND 205-100] Starting micro-architecture generation ...
INFO: [BIND 205-101] Performing variable lifetime analysis.
INFO: [BIND 205-101] Exploring resource sharing.
INFO: [BIND 205-101] Binding ...
INFO: [BIND 205-100] Finished micro-architecture generation.
INFO: [HLS 200-111] Finished Binding: CPU user time: 0.01 seconds. CPU system time: 0 seconds. Elapsed time: 0.01 seconds; current allocated memory: 593.305 MB.
INFO: [HLS 200-10] ----------------------------------------------------------------
INFO: [HLS 200-42] -- Implementing module 'spmm_stage' 
INFO: [HLS 200-10] ----------------------------------------------------------------
INFO: [SCHED 204-11] Starting scheduling ...
INFO: [SCHED 204-11] Finished scheduling.
INFO: [HLS 200-111] Finished Scheduling: CPU user time: 0.01 seconds. CPU system time: 0.01 seconds. Elapsed time: 0.01 seconds; current allocated memory: 593.305 MB.
INFO: [BIND 205-100] Starting micro-architecture generation ...
INFO: [BIND 205-101] Performing variable lifetime analysis.
INFO: [BIND 205-101] Exploring resource sharing.
INFO: [BIND 205-101] Binding ...
INFO: [BIND 205-100] Finished micro-architecture generation.
INFO: [HLS 200-111] Finished Binding: CPU user time: 0.01 seconds. CPU system time: 0 seconds. Elapsed time: 0.01 seconds; current allocated memory: 593.305 MB.
INFO: [HLS 200-10] ----------------------------------------------------------------
INFO: [HLS 200-42] -- Implementing module 'integrated_gcn_approx' 
INFO: [HLS 200-10] ----------------------------------------------------------------
INFO: [SCHED 204-11] Starting scheduling ...
INFO: [SCHED 204-11] Finished scheduling.
INFO: [HLS 200-111] Finished Scheduling: CPU user time: 0.03 seconds. CPU system time: 0 seconds. Elapsed time: 0.04 seconds; current allocated memory: 593.887 MB.
INFO: [BIND 205-100] Starting micro-architecture generation ...
INFO: [BIND 205-101] Performing variable lifetime analysis.
INFO: [BIND 205-101] Exploring resource sharing.
INFO: [BIND 205-101] Binding ...
INFO: [BIND 205-100] Finished micro-architecture generation.
INFO: [HLS 200-111] Finished Binding: CPU user time: 0.08 seconds. CPU system time: 0 seconds. Elapsed time: 0.07 seconds; current allocated memory: 593.887 MB.
INFO: [HLS 200-10] ----------------------------------------------------------------
INFO: [HLS 200-10] -- Generating RTL for module 'gemm_read_X' 
INFO: [HLS 200-10] ----------------------------------------------------------------
INFO: [HLS 200-1030] Apply Unified Pipeline Control on module 'gemm_read_X' pipeline 'VITIS_LOOP_33_1_VITIS_LOOP_35_3_VITIS_LOOP_36_4' pipeline type 'loop pipeline'
INFO: [RTGEN 206-100] Generating core module 'mac_muladd_11ns_6ns_6ns_16_4_1': 1 instance(s).
INFO: [RTGEN 206-100] Finished creating RTL model for 'gemm_read_X'.
INFO: [HLS 200-111] Finished Creating RTL model: CPU user time: 0.22 seconds. CPU system time: 0 seconds. Elapsed time: 0.24 seconds; current allocated memory: 593.914 MB.
INFO: [HLS 200-10] ----------------------------------------------------------------
INFO: [HLS 200-10] -- Generating RTL for module 'gemm_read_W' 
INFO: [HLS 200-10] ----------------------------------------------------------------
INFO: [HLS 200-1030] Apply Unified Pipeline Control on module 'gemm_read_W' pipeline 'VITIS_LOOP_53_1_VITIS_LOOP_55_3_VITIS_LOOP_56_4' pipeline type 'loop pipeline'
INFO: [RTGEN 206-100] Finished creating RTL model for 'gemm_read_W'.
INFO: [HLS 200-111] Finished Creating RTL model: CPU user time: 0.04 seconds. CPU system time: 0 seconds. Elapsed time: 0.03 seconds; current allocated memory: 595.766 MB.
INFO: [HLS 200-10] ----------------------------------------------------------------
INFO: [HLS 200-10] -- Generating RTL for module 'gemm_compute_Pipeline_COMP_INIT' 
INFO: [HLS 200-10] ----------------------------------------------------------------
INFO: [RTGEN 206-100] Finished creating RTL model for 'gemm_compute_Pipeline_COMP_INIT'.
INFO: [HLS 200-111] Finished Creating RTL model: CPU user time: 0.08 seconds. CPU system time: 0 seconds. Elapsed time: 0.08 seconds; current allocated memory: 605.574 MB.
INFO: [HLS 200-10] ----------------------------------------------------------------
INFO: [HLS 200-10] -- Generating RTL for module 'mul8s_1KV8' 
INFO: [HLS 200-10] ----------------------------------------------------------------
INFO: [HLS 200-1030] Apply Unified Pipeline Control on module 'mul8s_1KV8' pipeline 'mul8s_1KV8' pipeline type 'function pipeline'
INFO: [RTGEN 206-100] Finished creating RTL model for 'mul8s_1KV8'.
INFO: [HLS 200-111] Finished Creating RTL model: CPU user time: 0.12 seconds. CPU system time: 0.02 seconds. Elapsed time: 0.13 seconds; current allocated memory: 618.137 MB.
INFO: [HLS 200-10] ----------------------------------------------------------------
INFO: [HLS 200-10] -- Generating RTL for module 'gemm_compute_Pipeline_COMP_KB_COMP_K_COMP_I' 
INFO: [HLS 200-10] ----------------------------------------------------------------
INFO: [HLS 200-1030] Apply Unified Pipeline Control on module 'gemm_compute_Pipeline_COMP_KB_COMP_K_COMP_I' pipeline 'COMP_KB_COMP_K_COMP_I' pipeline type 'loop pipeline'
INFO: [RTGEN 206-100] Generating core module 'sparsemux_33_6_8_1_1': 4 instance(s).
INFO: [RTGEN 206-100] Finished creating RTL model for 'gemm_compute_Pipeline_COMP_KB_COMP_K_COMP_I'.
INFO: [HLS 200-111] Finished Creating RTL model: CPU user time: 0.37 seconds. CPU system time: 0.02 seconds. Elapsed time: 0.4 seconds; current allocated memory: 652.883 MB.
INFO: [HLS 200-10] ----------------------------------------------------------------
INFO: [HLS 200-10] -- Generating RTL for module 'gemm_compute_Pipeline_COMP_EMIT' 
INFO: [HLS 200-10] ----------------------------------------------------------------
INFO: [HLS 200-1030] Apply Unified Pipeline Control on module 'gemm_compute_Pipeline_COMP_EMIT' pipeline 'COMP_EMIT' pipeline type 'loop pipeline'
INFO: [RTGEN 206-100] Generating core module 'sparsemux_9_2_16_1_1': 64 instance(s).
INFO: [RTGEN 206-100] Finished creating RTL model for 'gemm_compute_Pipeline_COMP_EMIT'.
INFO: [HLS 200-111] Finished Creating RTL model: CPU user time: 0.75 seconds. CPU system time: 0.04 seconds. Elapsed time: 0.79 seconds; current allocated memory: 704.980 MB.
INFO: [HLS 200-10] ----------------------------------------------------------------
INFO: [HLS 200-10] -- Generating RTL for module 'gemm_compute' 
INFO: [HLS 200-10] ----------------------------------------------------------------
INFO: [RTGEN 206-104] Estimated max fanout for 'gemm_compute' is 5888 from HDL expression: (1'b1 == ap_CS_fsm_state5)
INFO: [RTGEN 206-100] Finished creating RTL model for 'gemm_compute'.
INFO: [RTMG 210-278] Implementing memory 'integrated_gcn_approx_gemm_compute_XW_block_RAM_AUTO_1R1W' using auto RAMs.
INFO: [HLS 200-111] Finished Creating RTL model: CPU user time: 0.6 seconds. CPU system time: 0.07 seconds. Elapsed time: 0.67 seconds; current allocated memory: 774.254 MB.
INFO: [HLS 200-10] ----------------------------------------------------------------
INFO: [HLS 200-10] -- Generating RTL for module 'gemm_write' 
INFO: [HLS 200-10] ----------------------------------------------------------------
INFO: [HLS 200-1030] Apply Unified Pipeline Control on module 'gemm_write' pipeline 'VITIS_LOOP_153_1_VITIS_LOOP_155_3' pipeline type 'loop pipeline'
INFO: [RTGEN 206-100] Finished creating RTL model for 'gemm_write'.
INFO: [HLS 200-111] Finished Creating RTL model: CPU user time: 0.36 seconds. CPU system time: 0.02 seconds. Elapsed time: 0.38 seconds; current allocated memory: 797.684 MB.
INFO: [HLS 200-10] ----------------------------------------------------------------
INFO: [HLS 200-10] -- Generating RTL for module 'gemm_stage' 
INFO: [HLS 200-10] ----------------------------------------------------------------
WARNING: [RTGEN 206-101] Setting dangling out port 'gemm_stage/m_axi_gmem0_0_AWVALID' to 0.
WARNING: [RTGEN 206-101] Setting dangling out port 'gemm_stage/m_axi_gmem0_0_AWADDR' to 0.
WARNING: [RTGEN 206-101] Setting dangling out port 'gemm_stage/m_axi_gmem0_0_AWID' to 0.
WARNING: [RTGEN 206-101] Setting dangling out port 'gemm_stage/m_axi_gmem0_0_AWLEN' to 0.
WARNING: [RTGEN 206-101] Setting dangling out port 'gemm_stage/m_axi_gmem0_0_AWSIZE' to 0.
WARNING: [RTGEN 206-101] Setting dangling out port 'gemm_stage/m_axi_gmem0_0_AWBURST' to 0.
WARNING: [RTGEN 206-101] Setting dangling out port 'gemm_stage/m_axi_gmem0_0_AWLOCK' to 0.
WARNING: [RTGEN 206-101] Setting dangling out port 'gemm_stage/m_axi_gmem0_0_AWCACHE' to 0.
WARNING: [RTGEN 206-101] Setting dangling out port 'gemm_stage/m_axi_gmem0_0_AWPROT' to 0.
WARNING: [RTGEN 206-101] Setting dangling out port 'gemm_stage/m_axi_gmem0_0_AWQOS' to 0.
WARNING: [RTGEN 206-101] Setting dangling out port 'gemm_stage/m_axi_gmem0_0_AWREGION' to 0.
WARNING: [RTGEN 206-101] Setting dangling out port 'gemm_stage/m_axi_gmem0_0_AWUSER' to 0.
WARNING: [RTGEN 206-101] Setting dangling out port 'gemm_stage/m_axi_gmem0_0_WVALID' to 0.
WARNING: [RTGEN 206-101] Setting dangling out port 'gemm_stage/m_axi_gmem0_0_WDATA' to 0.
WARNING: [RTGEN 206-101] Setting dangling out port 'gemm_stage/m_axi_gmem0_0_WSTRB' to 0.
WARNING: [RTGEN 206-101] Setting dangling out port 'gemm_stage/m_axi_gmem0_0_WLAST' to 0.
WARNING: [RTGEN 206-101] Setting dangling out port 'gemm_stage/m_axi_gmem0_0_WID' to 0.
WARNING: [RTGEN 206-101] Setting dangling out port 'gemm_stage/m_axi_gmem0_0_WUSER' to 0.
WARNING: [RTGEN 206-101] Setting dangling out port 'gemm_stage/m_axi_gmem0_0_BREADY' to 0.
WARNING: [RTGEN 206-101] Setting dangling out port 'gemm_stage/m_axi_gmem1_0_AWVALID' to 0.
WARNING: [RTGEN 206-101] Setting dangling out port 'gemm_stage/m_axi_gmem1_0_AWADDR' to 0.
WARNING: [RTGEN 206-101] Setting dangling out port 'gemm_stage/m_axi_gmem1_0_AWID' to 0.
WARNING: [RTGEN 206-101] Setting dangling out port 'gemm_stage/m_axi_gmem1_0_AWLEN' to 0.
WARNING: [RTGEN 206-101] Setting dangling out port 'gemm_stage/m_axi_gmem1_0_AWSIZE' to 0.
WARNING: [RTGEN 206-101] Setting dangling out port 'gemm_stage/m_axi_gmem1_0_AWBURST' to 0.
WARNING: [RTGEN 206-101] Setting dangling out port 'gemm_stage/m_axi_gmem1_0_AWLOCK' to 0.
WARNING: [RTGEN 206-101] Setting dangling out port 'gemm_stage/m_axi_gmem1_0_AWCACHE' to 0.
WARNING: [RTGEN 206-101] Setting dangling out port 'gemm_stage/m_axi_gmem1_0_AWPROT' to 0.
WARNING: [RTGEN 206-101] Setting dangling out port 'gemm_stage/m_axi_gmem1_0_AWQOS' to 0.
WARNING: [RTGEN 206-101] Setting dangling out port 'gemm_stage/m_axi_gmem1_0_AWREGION' to 0.
WARNING: [RTGEN 206-101] Setting dangling out port 'gemm_stage/m_axi_gmem1_0_AWUSER' to 0.
WARNING: [RTGEN 206-101] Setting dangling out port 'gemm_stage/m_axi_gmem1_0_WVALID' to 0.
WARNING: [RTGEN 206-101] Setting dangling out port 'gemm_stage/m_axi_gmem1_0_WDATA' to 0.
WARNING: [RTGEN 206-101] Setting dangling out port 'gemm_stage/m_axi_gmem1_0_WSTRB' to 0.
WARNING: [RTGEN 206-101] Setting dangling out port 'gemm_stage/m_axi_gmem1_0_WLAST' to 0.
WARNING: [RTGEN 206-101] Setting dangling out port 'gemm_stage/m_axi_gmem1_0_WID' to 0.
WARNING: [RTGEN 206-101] Setting dangling out port 'gemm_stage/m_axi_gmem1_0_WUSER' to 0.
WARNING: [RTGEN 206-101] Setting dangling out port 'gemm_stage/m_axi_gmem1_0_BREADY' to 0.
WARNING: [RTGEN 206-101] Setting dangling out port 'gemm_stage/m_axi_gmem2_0_ARVALID' to 0.
WARNING: [RTGEN 206-101] Setting dangling out port 'gemm_stage/m_axi_gmem2_0_ARADDR' to 0.
WARNING: [RTGEN 206-101] Setting dangling out port 'gemm_stage/m_axi_gmem2_0_ARID' to 0.
WARNING: [RTGEN 206-101] Setting dangling out port 'gemm_stage/m_axi_gmem2_0_ARLEN' to 0.
WARNING: [RTGEN 206-101] Setting dangling out port 'gemm_stage/m_axi_gmem2_0_ARSIZE' to 0.
WARNING: [RTGEN 206-101] Setting dangling out port 'gemm_stage/m_axi_gmem2_0_ARBURST' to 0.
WARNING: [RTGEN 206-101] Setting dangling out port 'gemm_stage/m_axi_gmem2_0_ARLOCK' to 0.
WARNING: [RTGEN 206-101] Setting dangling out port 'gemm_stage/m_axi_gmem2_0_ARCACHE' to 0.
WARNING: [RTGEN 206-101] Setting dangling out port 'gemm_stage/m_axi_gmem2_0_ARPROT' to 0.
WARNING: [RTGEN 206-101] Setting dangling out port 'gemm_stage/m_axi_gmem2_0_ARQOS' to 0.
WARNING: [RTGEN 206-101] Setting dangling out port 'gemm_stage/m_axi_gmem2_0_ARREGION' to 0.
WARNING: [RTGEN 206-101] Setting dangling out port 'gemm_stage/m_axi_gmem2_0_ARUSER' to 0.
WARNING: [RTGEN 206-101] Setting dangling out port 'gemm_stage/m_axi_gmem2_0_RREADY' to 0.
INFO: [RTGEN 206-100] Finished creating RTL model for 'gemm_stage'.
INFO: [RTMG 210-285] Implementing FIFO 'X_stream_U(integrated_gcn_approx_fifo_w512_d16_A)' using Vivado Default RAMs.
INFO: [RTMG 210-285] Implementing FIFO 'W_stream_U(integrated_gcn_approx_fifo_w512_d16_A)' using Vivado Default RAMs.
INFO: [RTMG 210-285] Implementing FIFO 'XW_stream_U(integrated_gcn_approx_fifo_w512_d16_A)' using Vivado Default RAMs.
INFO: [RTMG 210-285] Implementing FIFO 'start_for_gemm_compute_U0_U(integrated_gcn_approx_start_for_gemm_compute_U0)' using Shift Registers.
INFO: [RTMG 210-285] Implementing FIFO 'start_for_gemm_write_U0_U(integrated_gcn_approx_start_for_gemm_write_U0)' using Shift Registers.
INFO: [HLS 200-111] Finished Creating RTL model: CPU user time: 0.04 seconds. CPU system time: 0.01 seconds. Elapsed time: 0.05 seconds; current allocated memory: 800.555 MB.
INFO: [HLS 200-10] ----------------------------------------------------------------
INFO: [HLS 200-10] -- Generating RTL for module 'spmm_load_csr_Pipeline_LOAD_ROWS' 
INFO: [HLS 200-10] ----------------------------------------------------------------
INFO: [HLS 200-1030] Apply Unified Pipeline Control on module 'spmm_load_csr_Pipeline_LOAD_ROWS' pipeline 'LOAD_ROWS' pipeline type 'loop pipeline'
WARNING: [RTGEN 206-101] Setting dangling out port 'spmm_load_csr_Pipeline_LOAD_ROWS/m_axi_gmem3_0_ARVALID' to 0.
WARNING: [RTGEN 206-101] Setting dangling out port 'spmm_load_csr_Pipeline_LOAD_ROWS/m_axi_gmem3_0_ARADDR' to 0.
WARNING: [RTGEN 206-101] Setting dangling out port 'spmm_load_csr_Pipeline_LOAD_ROWS/m_axi_gmem3_0_ARID' to 0.
WARNING: [RTGEN 206-101] Setting dangling out port 'spmm_load_csr_Pipeline_LOAD_ROWS/m_axi_gmem3_0_ARLEN' to 0.
WARNING: [RTGEN 206-101] Setting dangling out port 'spmm_load_csr_Pipeline_LOAD_ROWS/m_axi_gmem3_0_ARSIZE' to 0.
WARNING: [RTGEN 206-101] Setting dangling out port 'spmm_load_csr_Pipeline_LOAD_ROWS/m_axi_gmem3_0_ARBURST' to 0.
WARNING: [RTGEN 206-101] Setting dangling out port 'spmm_load_csr_Pipeline_LOAD_ROWS/m_axi_gmem3_0_ARLOCK' to 0.
WARNING: [RTGEN 206-101] Setting dangling out port 'spmm_load_csr_Pipeline_LOAD_ROWS/m_axi_gmem3_0_ARCACHE' to 0.
WARNING: [RTGEN 206-101] Setting dangling out port 'spmm_load_csr_Pipeline_LOAD_ROWS/m_axi_gmem3_0_ARPROT' to 0.
WARNING: [RTGEN 206-101] Setting dangling out port 'spmm_load_csr_Pipeline_LOAD_ROWS/m_axi_gmem3_0_ARQOS' to 0.
WARNING: [RTGEN 206-101] Setting dangling out port 'spmm_load_csr_Pipeline_LOAD_ROWS/m_axi_gmem3_0_ARREGION' to 0.
WARNING: [RTGEN 206-101] Setting dangling out port 'spmm_load_csr_Pipeline_LOAD_ROWS/m_axi_gmem3_0_ARUSER' to 0.
INFO: [RTGEN 206-100] Finished creating RTL model for 'spmm_load_csr_Pipeline_LOAD_ROWS'.
INFO: [HLS 200-111] Finished Creating RTL model: CPU user time: 0.23 seconds. CPU system time: 0 seconds. Elapsed time: 0.23 seconds; current allocated memory: 802.375 MB.
INFO: [HLS 200-10] ----------------------------------------------------------------
INFO: [HLS 200-10] -- Generating RTL for module 'spmm_load_csr_Pipeline_LOAD_NNZ' 
INFO: [HLS 200-10] ----------------------------------------------------------------
INFO: [HLS 200-1030] Apply Unified Pipeline Control on module 'spmm_load_csr_Pipeline_LOAD_NNZ' pipeline 'LOAD_NNZ' pipeline type 'loop pipeline'
WARNING: [RTGEN 206-101] Setting dangling out port 'spmm_load_csr_Pipeline_LOAD_NNZ/m_axi_gmem4_0_ARVALID' to 0.
WARNING: [RTGEN 206-101] Setting dangling out port 'spmm_load_csr_Pipeline_LOAD_NNZ/m_axi_gmem4_0_ARADDR' to 0.
WARNING: [RTGEN 206-101] Setting dangling out port 'spmm_load_csr_Pipeline_LOAD_NNZ/m_axi_gmem4_0_ARID' to 0.
WARNING: [RTGEN 206-101] Setting dangling out port 'spmm_load_csr_Pipeline_LOAD_NNZ/m_axi_gmem4_0_ARLEN' to 0.
WARNING: [RTGEN 206-101] Setting dangling out port 'spmm_load_csr_Pipeline_LOAD_NNZ/m_axi_gmem4_0_ARSIZE' to 0.
WARNING: [RTGEN 206-101] Setting dangling out port 'spmm_load_csr_Pipeline_LOAD_NNZ/m_axi_gmem4_0_ARBURST' to 0.
WARNING: [RTGEN 206-101] Setting dangling out port 'spmm_load_csr_Pipeline_LOAD_NNZ/m_axi_gmem4_0_ARLOCK' to 0.
WARNING: [RTGEN 206-101] Setting dangling out port 'spmm_load_csr_Pipeline_LOAD_NNZ/m_axi_gmem4_0_ARCACHE' to 0.
WARNING: [RTGEN 206-101] Setting dangling out port 'spmm_load_csr_Pipeline_LOAD_NNZ/m_axi_gmem4_0_ARPROT' to 0.
WARNING: [RTGEN 206-101] Setting dangling out port 'spmm_load_csr_Pipeline_LOAD_NNZ/m_axi_gmem4_0_ARQOS' to 0.
WARNING: [RTGEN 206-101] Setting dangling out port 'spmm_load_csr_Pipeline_LOAD_NNZ/m_axi_gmem4_0_ARREGION' to 0.
WARNING: [RTGEN 206-101] Setting dangling out port 'spmm_load_csr_Pipeline_LOAD_NNZ/m_axi_gmem4_0_ARUSER' to 0.
WARNING: [RTGEN 206-101] Setting dangling out port 'spmm_load_csr_Pipeline_LOAD_NNZ/m_axi_gmem5_0_ARVALID' to 0.
WARNING: [RTGEN 206-101] Setting dangling out port 'spmm_load_csr_Pipeline_LOAD_NNZ/m_axi_gmem5_0_ARADDR' to 0.
WARNING: [RTGEN 206-101] Setting dangling out port 'spmm_load_csr_Pipeline_LOAD_NNZ/m_axi_gmem5_0_ARID' to 0.
WARNING: [RTGEN 206-101] Setting dangling out port 'spmm_load_csr_Pipeline_LOAD_NNZ/m_axi_gmem5_0_ARLEN' to 0.
WARNING: [RTGEN 206-101] Setting dangling out port 'spmm_load_csr_Pipeline_LOAD_NNZ/m_axi_gmem5_0_ARSIZE' to 0.
WARNING: [RTGEN 206-101] Setting dangling out port 'spmm_load_csr_Pipeline_LOAD_NNZ/m_axi_gmem5_0_ARBURST' to 0.
WARNING: [RTGEN 206-101] Setting dangling out port 'spmm_load_csr_Pipeline_LOAD_NNZ/m_axi_gmem5_0_ARLOCK' to 0.
WARNING: [RTGEN 206-101] Setting dangling out port 'spmm_load_csr_Pipeline_LOAD_NNZ/m_axi_gmem5_0_ARCACHE' to 0.
WARNING: [RTGEN 206-101] Setting dangling out port 'spmm_load_csr_Pipeline_LOAD_NNZ/m_axi_gmem5_0_ARPROT' to 0.
WARNING: [RTGEN 206-101] Setting dangling out port 'spmm_load_csr_Pipeline_LOAD_NNZ/m_axi_gmem5_0_ARQOS' to 0.
WARNING: [RTGEN 206-101] Setting dangling out port 'spmm_load_csr_Pipeline_LOAD_NNZ/m_axi_gmem5_0_ARREGION' to 0.
WARNING: [RTGEN 206-101] Setting dangling out port 'spmm_load_csr_Pipeline_LOAD_NNZ/m_axi_gmem5_0_ARUSER' to 0.
INFO: [RTGEN 206-100] Finished creating RTL model for 'spmm_load_csr_Pipeline_LOAD_NNZ'.
INFO: [HLS 200-111] Finished Creating RTL model: CPU user time: 0.03 seconds. CPU system time: 0 seconds. Elapsed time: 0.04 seconds; current allocated memory: 803.145 MB.
INFO: [HLS 200-10] ----------------------------------------------------------------
INFO: [HLS 200-10] -- Generating RTL for module 'spmm_load_csr' 
INFO: [HLS 200-10] ----------------------------------------------------------------
INFO: [RTGEN 206-100] Finished creating RTL model for 'spmm_load_csr'.
INFO: [HLS 200-111] Finished Creating RTL model: CPU user time: 0.04 seconds. CPU system time: 0 seconds. Elapsed time: 0.04 seconds; current allocated memory: 804.289 MB.
INFO: [HLS 200-10] ----------------------------------------------------------------
INFO: [HLS 200-10] -- Generating RTL for module 'spmm_compute_Pipeline_SPMM_INIT' 
INFO: [HLS 200-10] ----------------------------------------------------------------
INFO: [RTGEN 206-100] Finished creating RTL model for 'spmm_compute_Pipeline_SPMM_INIT'.
INFO: [HLS 200-111] Finished Creating RTL model: CPU user time: 0.05 seconds. CPU system time: 0 seconds. Elapsed time: 0.04 seconds; current allocated memory: 806.414 MB.
INFO: [HLS 200-10] ----------------------------------------------------------------
INFO: [HLS 200-10] -- Generating RTL for module 'spmm_compute_Pipeline_SPMM_MAC' 
INFO: [HLS 200-10] ----------------------------------------------------------------
INFO: [HLS 200-1030] Apply Unified Pipeline Control on module 'spmm_compute_Pipeline_SPMM_MAC' pipeline 'SPMM_MAC' pipeline type 'loop pipeline'
INFO: [RTGEN 206-100] Finished creating RTL model for 'spmm_compute_Pipeline_SPMM_MAC'.
INFO: [HLS 200-111] Finished Creating RTL model: CPU user time: 0.06 seconds. CPU system time: 0.01 seconds. Elapsed time: 0.07 seconds; current allocated memory: 808.844 MB.
INFO: [HLS 200-10] ----------------------------------------------------------------
INFO: [HLS 200-10] -- Generating RTL for module 'spmm_compute_Pipeline_SPMM_WRITE' 
INFO: [HLS 200-10] ----------------------------------------------------------------
INFO: [HLS 200-1030] Apply Unified Pipeline Control on module 'spmm_compute_Pipeline_SPMM_WRITE' pipeline 'SPMM_WRITE' pipeline type 'loop pipeline'
INFO: [RTGEN 206-100] Generating core module 'sparsemux_65_5_16_1_1': 1 instance(s).
INFO: [RTGEN 206-100] Finished creating RTL model for 'spmm_compute_Pipeline_SPMM_WRITE'.
INFO: [HLS 200-111] Finished Creating RTL model: CPU user time: 0.11 seconds. CPU system time: 0.01 seconds. Elapsed time: 0.12 seconds; current allocated memory: 817.250 MB.
INFO: [HLS 200-10] ----------------------------------------------------------------
INFO: [HLS 200-10] -- Generating RTL for module 'spmm_compute' 
INFO: [HLS 200-10] ----------------------------------------------------------------
INFO: [RTGEN 206-100] Finished creating RTL model for 'spmm_compute'.
INFO: [RTMG 210-278] Implementing memory 'integrated_gcn_approx_spmm_compute_acc_RAM_AUTO_1R1W' using auto RAMs.
INFO: [RTMG 210-278] Implementing memory 'integrated_gcn_approx_spmm_compute_h_buf_RAM_AUTO_1R1W' using auto RAMs.
INFO: [HLS 200-111] Finished Creating RTL model: CPU user time: 0.08 seconds. CPU system time: 0.01 seconds. Elapsed time: 0.09 seconds; current allocated memory: 817.582 MB.
INFO: [HLS 200-10] ----------------------------------------------------------------
INFO: [HLS 200-10] -- Generating RTL for module 'spmm_store' 
INFO: [HLS 200-10] ----------------------------------------------------------------
INFO: [HLS 200-1030] Apply Unified Pipeline Control on module 'spmm_store' pipeline 'SPMM_STORE_ROW_SPMM_STORE_FEAT' pipeline type 'loop pipeline'
INFO: [RTGEN 206-100] Finished creating RTL model for 'spmm_store'.
INFO: [HLS 200-111] Finished Creating RTL model: CPU user time: 0.11 seconds. CPU system time: 0.02 seconds. Elapsed time: 0.13 seconds; current allocated memory: 834.430 MB.
INFO: [HLS 200-10] ----------------------------------------------------------------
INFO: [HLS 200-10] -- Generating RTL for module 'spmm_stage' 
INFO: [HLS 200-10] ----------------------------------------------------------------
WARNING: [RTGEN 206-101] Setting dangling out port 'spmm_stage/m_axi_gmem3_0_AWVALID' to 0.
WARNING: [RTGEN 206-101] Setting dangling out port 'spmm_stage/m_axi_gmem3_0_AWADDR' to 0.
WARNING: [RTGEN 206-101] Setting dangling out port 'spmm_stage/m_axi_gmem3_0_AWID' to 0.
WARNING: [RTGEN 206-101] Setting dangling out port 'spmm_stage/m_axi_gmem3_0_AWLEN' to 0.
WARNING: [RTGEN 206-101] Setting dangling out port 'spmm_stage/m_axi_gmem3_0_AWSIZE' to 0.
WARNING: [RTGEN 206-101] Setting dangling out port 'spmm_stage/m_axi_gmem3_0_AWBURST' to 0.
WARNING: [RTGEN 206-101] Setting dangling out port 'spmm_stage/m_axi_gmem3_0_AWLOCK' to 0.
WARNING: [RTGEN 206-101] Setting dangling out port 'spmm_stage/m_axi_gmem3_0_AWCACHE' to 0.
WARNING: [RTGEN 206-101] Setting dangling out port 'spmm_stage/m_axi_gmem3_0_AWPROT' to 0.
WARNING: [RTGEN 206-101] Setting dangling out port 'spmm_stage/m_axi_gmem3_0_AWQOS' to 0.
WARNING: [RTGEN 206-101] Setting dangling out port 'spmm_stage/m_axi_gmem3_0_AWREGION' to 0.
WARNING: [RTGEN 206-101] Setting dangling out port 'spmm_stage/m_axi_gmem3_0_AWUSER' to 0.
WARNING: [RTGEN 206-101] Setting dangling out port 'spmm_stage/m_axi_gmem3_0_WVALID' to 0.
WARNING: [RTGEN 206-101] Setting dangling out port 'spmm_stage/m_axi_gmem3_0_WDATA' to 0.
WARNING: [RTGEN 206-101] Setting dangling out port 'spmm_stage/m_axi_gmem3_0_WSTRB' to 0.
WARNING: [RTGEN 206-101] Setting dangling out port 'spmm_stage/m_axi_gmem3_0_WLAST' to 0.
WARNING: [RTGEN 206-101] Setting dangling out port 'spmm_stage/m_axi_gmem3_0_WID' to 0.
WARNING: [RTGEN 206-101] Setting dangling out port 'spmm_stage/m_axi_gmem3_0_WUSER' to 0.
WARNING: [RTGEN 206-101] Setting dangling out port 'spmm_stage/m_axi_gmem3_0_BREADY' to 0.
WARNING: [RTGEN 206-101] Setting dangling out port 'spmm_stage/m_axi_gmem4_0_AWVALID' to 0.
WARNING: [RTGEN 206-101] Setting dangling out port 'spmm_stage/m_axi_gmem4_0_AWADDR' to 0.
WARNING: [RTGEN 206-101] Setting dangling out port 'spmm_stage/m_axi_gmem4_0_AWID' to 0.
WARNING: [RTGEN 206-101] Setting dangling out port 'spmm_stage/m_axi_gmem4_0_AWLEN' to 0.
WARNING: [RTGEN 206-101] Setting dangling out port 'spmm_stage/m_axi_gmem4_0_AWSIZE' to 0.
WARNING: [RTGEN 206-101] Setting dangling out port 'spmm_stage/m_axi_gmem4_0_AWBURST' to 0.
WARNING: [RTGEN 206-101] Setting dangling out port 'spmm_stage/m_axi_gmem4_0_AWLOCK' to 0.
WARNING: [RTGEN 206-101] Setting dangling out port 'spmm_stage/m_axi_gmem4_0_AWCACHE' to 0.
WARNING: [RTGEN 206-101] Setting dangling out port 'spmm_stage/m_axi_gmem4_0_AWPROT' to 0.
WARNING: [RTGEN 206-101] Setting dangling out port 'spmm_stage/m_axi_gmem4_0_AWQOS' to 0.
WARNING: [RTGEN 206-101] Setting dangling out port 'spmm_stage/m_axi_gmem4_0_AWREGION' to 0.
WARNING: [RTGEN 206-101] Setting dangling out port 'spmm_stage/m_axi_gmem4_0_AWUSER' to 0.
WARNING: [RTGEN 206-101] Setting dangling out port 'spmm_stage/m_axi_gmem4_0_WVALID' to 0.
WARNING: [RTGEN 206-101] Setting dangling out port 'spmm_stage/m_axi_gmem4_0_WDATA' to 0.
WARNING: [RTGEN 206-101] Setting dangling out port 'spmm_stage/m_axi_gmem4_0_WSTRB' to 0.
WARNING: [RTGEN 206-101] Setting dangling out port 'spmm_stage/m_axi_gmem4_0_WLAST' to 0.
WARNING: [RTGEN 206-101] Setting dangling out port 'spmm_stage/m_axi_gmem4_0_WID' to 0.
WARNING: [RTGEN 206-101] Setting dangling out port 'spmm_stage/m_axi_gmem4_0_WUSER' to 0.
WARNING: [RTGEN 206-101] Setting dangling out port 'spmm_stage/m_axi_gmem4_0_BREADY' to 0.
WARNING: [RTGEN 206-101] Setting dangling out port 'spmm_stage/m_axi_gmem5_0_AWVALID' to 0.
WARNING: [RTGEN 206-101] Setting dangling out port 'spmm_stage/m_axi_gmem5_0_AWADDR' to 0.
WARNING: [RTGEN 206-101] Setting dangling out port 'spmm_stage/m_axi_gmem5_0_AWID' to 0.
WARNING: [RTGEN 206-101] Setting dangling out port 'spmm_stage/m_axi_gmem5_0_AWLEN' to 0.
WARNING: [RTGEN 206-101] Setting dangling out port 'spmm_stage/m_axi_gmem5_0_AWSIZE' to 0.
WARNING: [RTGEN 206-101] Setting dangling out port 'spmm_stage/m_axi_gmem5_0_AWBURST' to 0.
WARNING: [RTGEN 206-101] Setting dangling out port 'spmm_stage/m_axi_gmem5_0_AWLOCK' to 0.
WARNING: [RTGEN 206-101] Setting dangling out port 'spmm_stage/m_axi_gmem5_0_AWCACHE' to 0.
WARNING: [RTGEN 206-101] Setting dangling out port 'spmm_stage/m_axi_gmem5_0_AWPROT' to 0.
WARNING: [RTGEN 206-101] Setting dangling out port 'spmm_stage/m_axi_gmem5_0_AWQOS' to 0.
WARNING: [RTGEN 206-101] Setting dangling out port 'spmm_stage/m_axi_gmem5_0_AWREGION' to 0.
WARNING: [RTGEN 206-101] Setting dangling out port 'spmm_stage/m_axi_gmem5_0_AWUSER' to 0.
WARNING: [RTGEN 206-101] Setting dangling out port 'spmm_stage/m_axi_gmem5_0_WVALID' to 0.
WARNING: [RTGEN 206-101] Setting dangling out port 'spmm_stage/m_axi_gmem5_0_WDATA' to 0.
WARNING: [RTGEN 206-101] Setting dangling out port 'spmm_stage/m_axi_gmem5_0_WSTRB' to 0.
WARNING: [RTGEN 206-101] Setting dangling out port 'spmm_stage/m_axi_gmem5_0_WLAST' to 0.
WARNING: [RTGEN 206-101] Setting dangling out port 'spmm_stage/m_axi_gmem5_0_WID' to 0.
WARNING: [RTGEN 206-101] Setting dangling out port 'spmm_stage/m_axi_gmem5_0_WUSER' to 0.
WARNING: [RTGEN 206-101] Setting dangling out port 'spmm_stage/m_axi_gmem5_0_BREADY' to 0.
WARNING: [RTGEN 206-101] Setting dangling out port 'spmm_stage/m_axi_gmem2_0_AWVALID' to 0.
WARNING: [RTGEN 206-101] Setting dangling out port 'spmm_stage/m_axi_gmem2_0_AWADDR' to 0.
WARNING: [RTGEN 206-101] Setting dangling out port 'spmm_stage/m_axi_gmem2_0_AWID' to 0.
WARNING: [RTGEN 206-101] Setting dangling out port 'spmm_stage/m_axi_gmem2_0_AWLEN' to 0.
WARNING: [RTGEN 206-101] Setting dangling out port 'spmm_stage/m_axi_gmem2_0_AWSIZE' to 0.
WARNING: [RTGEN 206-101] Setting dangling out port 'spmm_stage/m_axi_gmem2_0_AWBURST' to 0.
WARNING: [RTGEN 206-101] Setting dangling out port 'spmm_stage/m_axi_gmem2_0_AWLOCK' to 0.
WARNING: [RTGEN 206-101] Setting dangling out port 'spmm_stage/m_axi_gmem2_0_AWCACHE' to 0.
WARNING: [RTGEN 206-101] Setting dangling out port 'spmm_stage/m_axi_gmem2_0_AWPROT' to 0.
WARNING: [RTGEN 206-101] Setting dangling out port 'spmm_stage/m_axi_gmem2_0_AWQOS' to 0.
WARNING: [RTGEN 206-101] Setting dangling out port 'spmm_stage/m_axi_gmem2_0_AWREGION' to 0.
WARNING: [RTGEN 206-101] Setting dangling out port 'spmm_stage/m_axi_gmem2_0_AWUSER' to 0.
WARNING: [RTGEN 206-101] Setting dangling out port 'spmm_stage/m_axi_gmem2_0_WVALID' to 0.
WARNING: [RTGEN 206-101] Setting dangling out port 'spmm_stage/m_axi_gmem2_0_WDATA' to 0.
WARNING: [RTGEN 206-101] Setting dangling out port 'spmm_stage/m_axi_gmem2_0_WSTRB' to 0.
WARNING: [RTGEN 206-101] Setting dangling out port 'spmm_stage/m_axi_gmem2_0_WLAST' to 0.
WARNING: [RTGEN 206-101] Setting dangling out port 'spmm_stage/m_axi_gmem2_0_WID' to 0.
WARNING: [RTGEN 206-101] Setting dangling out port 'spmm_stage/m_axi_gmem2_0_WUSER' to 0.
WARNING: [RTGEN 206-101] Setting dangling out port 'spmm_stage/m_axi_gmem2_0_BREADY' to 0.
WARNING: [RTGEN 206-101] Setting dangling out port 'spmm_stage/m_axi_gmem6_0_ARVALID' to 0.
WARNING: [RTGEN 206-101] Setting dangling out port 'spmm_stage/m_axi_gmem6_0_ARADDR' to 0.
WARNING: [RTGEN 206-101] Setting dangling out port 'spmm_stage/m_axi_gmem6_0_ARID' to 0.
WARNING: [RTGEN 206-101] Setting dangling out port 'spmm_stage/m_axi_gmem6_0_ARLEN' to 0.
WARNING: [RTGEN 206-101] Setting dangling out port 'spmm_stage/m_axi_gmem6_0_ARSIZE' to 0.
WARNING: [RTGEN 206-101] Setting dangling out port 'spmm_stage/m_axi_gmem6_0_ARBURST' to 0.
WARNING: [RTGEN 206-101] Setting dangling out port 'spmm_stage/m_axi_gmem6_0_ARLOCK' to 0.
WARNING: [RTGEN 206-101] Setting dangling out port 'spmm_stage/m_axi_gmem6_0_ARCACHE' to 0.
WARNING: [RTGEN 206-101] Setting dangling out port 'spmm_stage/m_axi_gmem6_0_ARPROT' to 0.
WARNING: [RTGEN 206-101] Setting dangling out port 'spmm_stage/m_axi_gmem6_0_ARQOS' to 0.
WARNING: [RTGEN 206-101] Setting dangling out port 'spmm_stage/m_axi_gmem6_0_ARREGION' to 0.
WARNING: [RTGEN 206-101] Setting dangling out port 'spmm_stage/m_axi_gmem6_0_ARUSER' to 0.
WARNING: [RTGEN 206-101] Setting dangling out port 'spmm_stage/m_axi_gmem6_0_RREADY' to 0.
INFO: [RTGEN 206-100] Finished creating RTL model for 'spmm_stage'.
INFO: [RTMG 210-285] Implementing FIFO 'row_fifo_U(integrated_gcn_approx_fifo_w32_d16_S)' using Shift Registers.
INFO: [RTMG 210-285] Implementing FIFO 'col_fifo_U(integrated_gcn_approx_fifo_w32_d256_A)' using Vivado Default RAMs.
INFO: [RTMG 210-285] Implementing FIFO 'val_fifo_U(integrated_gcn_approx_fifo_w8_d256_A)' using Vivado Default RAMs.
INFO: [RTMG 210-285] Implementing FIFO 'result_fifo_U(integrated_gcn_approx_fifo_w8_d32_S)' using Shift Registers.
INFO: [RTMG 210-285] Implementing FIFO 'start_for_spmm_compute_U0_U(integrated_gcn_approx_start_for_spmm_compute_U0)' using Shift Registers.
INFO: [RTMG 210-285] Implementing FIFO 'start_for_spmm_store_U0_U(integrated_gcn_approx_start_for_spmm_store_U0)' using Shift Registers.
INFO: [HLS 200-111] Finished Creating RTL model: CPU user time: 0.04 seconds. CPU system time: 0 seconds. Elapsed time: 0.05 seconds; current allocated memory: 836.660 MB.
INFO: [HLS 200-10] ----------------------------------------------------------------
INFO: [HLS 200-10] -- Generating RTL for module 'integrated_gcn_approx' 
INFO: [HLS 200-10] ----------------------------------------------------------------
WARNING: [RTGEN 206-101] Design contains AXI ports. Reset is fixed to synchronous and active low.
INFO: [RTGEN 206-500] Setting interface mode on port 'integrated_gcn_approx/gmem0' to 'm_axi'.
INFO: [RTGEN 206-500] Setting interface mode on port 'integrated_gcn_approx/gmem1' to 'm_axi'.
INFO: [RTGEN 206-500] Setting interface mode on port 'integrated_gcn_approx/gmem2' to 'm_axi'.
INFO: [RTGEN 206-500] Setting interface mode on port 'integrated_gcn_approx/gmem3' to 'm_axi'.
INFO: [RTGEN 206-500] Setting interface mode on port 'integrated_gcn_approx/gmem4' to 'm_axi'.
INFO: [RTGEN 206-500] Setting interface mode on port 'integrated_gcn_approx/gmem5' to 'm_axi'.
INFO: [RTGEN 206-500] Setting interface mode on port 'integrated_gcn_approx/gmem6' to 'm_axi'.
INFO: [RTGEN 206-500] Setting interface mode on port 'integrated_gcn_approx/X' to 's_axilite & ap_none'.
INFO: [RTGEN 206-500] Setting interface mode on port 'integrated_gcn_approx/W' to 's_axilite & ap_none'.
INFO: [RTGEN 206-500] Setting interface mode on port 'integrated_gcn_approx/H_temp' to 's_axilite & ap_none'.
INFO: [RTGEN 206-500] Setting interface mode on port 'integrated_gcn_approx/row_length' to 's_axilite & ap_none'.
INFO: [RTGEN 206-500] Setting interface mode on port 'integrated_gcn_approx/colind' to 's_axilite & ap_none'.
INFO: [RTGEN 206-500] Setting interface mode on port 'integrated_gcn_approx/values' to 's_axilite & ap_none'.
INFO: [RTGEN 206-500] Setting interface mode on port 'integrated_gcn_approx/nnz_total' to 'ap_none'.
INFO: [RTGEN 206-500] Setting interface mode on port 'integrated_gcn_approx/H_out' to 's_axilite & ap_none'.
INFO: [RTGEN 206-500] Setting interface mode on function 'integrated_gcn_approx' to 'ap_ctrl_hs'.
INFO: [RTGEN 206-100] Bundling port 'X', 'W', 'H_temp', 'row_length', 'colind', 'values' and 'H_out' to AXI-Lite port control.
INFO: [RTGEN 206-100] Finished creating RTL model for 'integrated_gcn_approx'.
INFO: [HLS 200-111] Finished Creating RTL model: CPU user time: 0.12 seconds. CPU system time: 0.01 seconds. Elapsed time: 0.13 seconds; current allocated memory: 839.164 MB.
INFO: [HLS 200-111] Finished Generating all RTL models: CPU user time: 0.49 seconds. CPU system time: 0.02 seconds. Elapsed time: 0.51 seconds; current allocated memory: 843.441 MB.
INFO: [HLS 200-1603] Design has inferred MAXI bursts and missed bursts, see Vitis HLS GUI synthesis summary report for detailed information.
INFO: [HLS 200-2225] Wrote inferred directives to file /home/nat/dev/trinners/mai_proj/hls/thesis-gcn-accelerator/vitis/integrated_gcn/integrated_gcn_approx/integrated_gcn_approx/hls/syn/inferred_directives.ini
INFO: [HLS 200-111] Finished Updating report files: CPU user time: 5.08 seconds. CPU system time: 0.1 seconds. Elapsed time: 5.18 seconds; current allocated memory: 972.234 MB.
INFO: [VHDL 208-304] Generating VHDL RTL for integrated_gcn_approx.
INFO: [VLOG 209-307] Generating Verilog RTL for integrated_gcn_approx.
INFO: [HLS 200-789] **** Estimated Fmax: 136.99 MHz
INFO: [HLS 200-112] Total CPU user time: 32.35 seconds. Total CPU system time: 2.1 seconds. Total elapsed time: 36.08 seconds; peak allocated memory: 972.234 MB.
INFO: [v++ 60-791] Total elapsed time: 0h 0m 39s
