Wed Apr 15 20:19:20 2026: Running xcd server. This server was built by gradle.
Wed Apr 15 20:19:20 2026: Server was asked to start on port: '42781'
Wed Apr 15 20:19:20 2026: Server is using token UUID: '9effb04b-6730-4c3b-837f-a4c9cb7fe5a0'
Wed Apr 15 20:19:20 2026: SESSION_MGR: creating session with session uuid: '6d04a3e9-ade5-4ab9-8d63-1f78fcd2ec76' and name 'default'
Wed Apr 15 20:19:20 2026: Attempting to start server on port '42781'
Wed Apr 15 20:19:20 2026: XCD main fifo: created main fifo '/tmp/xcdmain9effb04b-6730-4c3b-837f-a4c9cb7fe5a0', fd read = 13
Wed Apr 15 20:19:20 2026: Running Dispatch Server
Wed Apr 15 20:19:20 2026: Version 2.2.0
Wed Apr 15 20:19:21 2026: Dispatch Server: Accepted socket connection from client
Wed Apr 15 20:19:21 2026: Starting Socket connection
Wed Apr 15 20:19:21 2026: EXCHANGE_TOKEN received, server token: 9effb04b-6730-4c3b-837f-a4c9cb7fe5a0, passed token: 9effb04b-6730-4c3b-837f-a4c9cb7fe5a0
Wed Apr 15 20:19:22 2026: DISPATCH_HANDLER: Adding handler from function makeHandler in library libxv_system_diagram
Wed Apr 15 20:19:22 2026: SESSION_MGR: creating session with session uuid: '4b2c4c23-9835-4bcc-97f6-73d2fcd88903' and name 'vitis-run_compile_integrated_gcn_approx'
Wed Apr 15 20:19:22 2026: KERNEL_SVC: creating session with uuid: '4b2c4c23-9835-4bcc-97f6-73d2fcd88903' and name 'vitis-run_compile_integrated_gcn_approx'
Wed Apr 15 20:19:22 2026: GUIDANCE_SMGR: creating guidance session with uuid: '4b2c4c23-9835-4bcc-97f6-73d2fcd88903' and name 'vitis-run_compile_integrated_gcn_approx'
Wed Apr 15 20:19:22 2026: SYSTEM_DIAGRAM: creating session with uuid: '4b2c4c23-9835-4bcc-97f6-73d2fcd88903' and name 'vitis-run_compile_integrated_gcn_approx'
Wed Apr 15 20:19:23 2026: Dispatch Server: Accepted socket connection from client
Wed Apr 15 20:19:23 2026: Starting Socket connection
Wed Apr 15 20:20:53 2026: SESSION_MGR: closing session for UUID '4b2c4c23-9835-4bcc-97f6-73d2fcd88903' with name 'vitis-run_compile_integrated_gcn_approx'
Wed Apr 15 20:20:53 2026: KERNEL_SVC: closing session for UUID '4b2c4c23-9835-4bcc-97f6-73d2fcd88903' with name 'vitis-run_compile_integrated_gcn_approx'
Wed Apr 15 20:20:53 2026: GUIDANCE_SMGR: closing session for UUID '4b2c4c23-9835-4bcc-97f6-73d2fcd88903' with name 'vitis-run_compile_integrated_gcn_approx'
Wed Apr 15 20:20:53 2026: SYSTEM_DIAGRAM: closing session for UUID '4b2c4c23-9835-4bcc-97f6-73d2fcd88903' with name 'vitis-run_compile_integrated_gcn_approx'
Wed Apr 15 20:20:53 2026: STOP_SERVER received, server token: 9effb04b-6730-4c3b-837f-a4c9cb7fe5a0, passed token: 9effb04b-6730-4c3b-837f-a4c9cb7fe5a0
Wed Apr 15 20:20:53 2026: Socket received request to stop server.
Wed Apr 15 20:20:53 2026: Dispatch Server: do_await_stop
Wed Apr 15 20:20:53 2026: Dispatch Server: stopping mainFifo_
Wed Apr 15 20:20:53 2026: XCD main fifo: Stopping
Wed Apr 15 20:20:53 2026: XCD main fifo: do_read error code: Operation canceled
Wed Apr 15 20:20:53 2026: XCD main fifo: bytes_transferred: 0
Wed Apr 15 20:20:53 2026: SERVER: destructor for server bound to port 42781
Wed Apr 15 20:20:53 2026: XCD main fifo: Good unlink of /tmp/xcdmain9effb04b-6730-4c3b-837f-a4c9cb7fe5a0
Wed Apr 15 20:20:53 2026: Server exiting with status 0.
Wed Apr 15 20:20:53 2026: Closing log file.
Wed Apr 15 20:25:27 2026: Running xcd server. This server was built by gradle.
Wed Apr 15 20:25:27 2026: Server was asked to start on port: '35675'
Wed Apr 15 20:25:27 2026: Server is using token UUID: 'a49f512b-8170-4472-88f0-e90b9243369c'
Wed Apr 15 20:25:27 2026: SESSION_MGR: creating session with session uuid: '6d04a3e9-ade5-4ab9-8d63-1f78fcd2ec76' and name 'default'
Wed Apr 15 20:25:27 2026: Attempting to start server on port '35675'
Wed Apr 15 20:25:27 2026: XCD main fifo: created main fifo '/tmp/xcdmaina49f512b-8170-4472-88f0-e90b9243369c', fd read = 13
Wed Apr 15 20:25:27 2026: Running Dispatch Server
Wed Apr 15 20:25:27 2026: Version 2.2.0
Wed Apr 15 20:25:29 2026: Dispatch Server: Accepted socket connection from client
Wed Apr 15 20:25:29 2026: Starting Socket connection
Wed Apr 15 20:25:29 2026: EXCHANGE_TOKEN received, server token: a49f512b-8170-4472-88f0-e90b9243369c, passed token: a49f512b-8170-4472-88f0-e90b9243369c
Wed Apr 15 20:25:29 2026: DISPATCH_HANDLER: Adding handler from function makeHandler in library libxv_system_diagram
Wed Apr 15 20:25:29 2026: SESSION_MGR: creating session with session uuid: 'c854264a-eff9-41df-b057-bc8c1933c9c8' and name 'vitis-run_compile_integrated_gcn_approx'
Wed Apr 15 20:25:29 2026: KERNEL_SVC: creating session with uuid: 'c854264a-eff9-41df-b057-bc8c1933c9c8' and name 'vitis-run_compile_integrated_gcn_approx'
Wed Apr 15 20:25:29 2026: GUIDANCE_SMGR: creating guidance session with uuid: 'c854264a-eff9-41df-b057-bc8c1933c9c8' and name 'vitis-run_compile_integrated_gcn_approx'
Wed Apr 15 20:25:29 2026: SYSTEM_DIAGRAM: creating session with uuid: 'c854264a-eff9-41df-b057-bc8c1933c9c8' and name 'vitis-run_compile_integrated_gcn_approx'
Wed Apr 15 20:25:31 2026: Dispatch Server: Accepted socket connection from client
Wed Apr 15 20:25:31 2026: Starting Socket connection
Wed Apr 15 20:25:37 2026: SESSION_MGR: closing session for UUID 'c854264a-eff9-41df-b057-bc8c1933c9c8' with name 'vitis-run_compile_integrated_gcn_approx'
Wed Apr 15 20:25:37 2026: KERNEL_SVC: closing session for UUID 'c854264a-eff9-41df-b057-bc8c1933c9c8' with name 'vitis-run_compile_integrated_gcn_approx'
Wed Apr 15 20:25:37 2026: GUIDANCE_SMGR: closing session for UUID 'c854264a-eff9-41df-b057-bc8c1933c9c8' with name 'vitis-run_compile_integrated_gcn_approx'
Wed Apr 15 20:25:37 2026: SYSTEM_DIAGRAM: closing session for UUID 'c854264a-eff9-41df-b057-bc8c1933c9c8' with name 'vitis-run_compile_integrated_gcn_approx'
Wed Apr 15 20:25:37 2026: STOP_SERVER received, server token: a49f512b-8170-4472-88f0-e90b9243369c, passed token: a49f512b-8170-4472-88f0-e90b9243369c
Wed Apr 15 20:25:37 2026: Socket received request to stop server.
Wed Apr 15 20:25:37 2026: Dispatch Server: do_await_stop
Wed Apr 15 20:25:37 2026: Dispatch Server: stopping mainFifo_
Wed Apr 15 20:25:37 2026: XCD main fifo: Stopping
Wed Apr 15 20:25:37 2026: XCD main fifo: do_read error code: Operation canceled
Wed Apr 15 20:25:37 2026: XCD main fifo: bytes_transferred: 0
Wed Apr 15 20:25:37 2026: SERVER: destructor for server bound to port 35675
Wed Apr 15 20:25:37 2026: XCD main fifo: Good unlink of /tmp/xcdmaina49f512b-8170-4472-88f0-e90b9243369c
Wed Apr 15 20:25:37 2026: Server exiting with status 0.
Wed Apr 15 20:25:37 2026: Closing log file.
Wed Apr 15 21:56:07 2026: Running xcd server. This server was built by gradle.
Wed Apr 15 21:56:07 2026: Server was asked to start on port: '39439'
Wed Apr 15 21:56:07 2026: Server is using token UUID: '27b150e8-8e87-4184-9f81-8cdbda23cc12'
Wed Apr 15 21:56:07 2026: SESSION_MGR: creating session with session uuid: '6d04a3e9-ade5-4ab9-8d63-1f78fcd2ec76' and name 'default'
Wed Apr 15 21:56:07 2026: Attempting to start server on port '39439'
Wed Apr 15 21:56:07 2026: XCD main fifo: created main fifo '/tmp/xcdmain27b150e8-8e87-4184-9f81-8cdbda23cc12', fd read = 13
Wed Apr 15 21:56:07 2026: Running Dispatch Server
Wed Apr 15 21:56:07 2026: Version 2.2.0
Wed Apr 15 21:56:08 2026: Dispatch Server: Accepted socket connection from client
Wed Apr 15 21:56:08 2026: Starting Socket connection
Wed Apr 15 21:56:08 2026: EXCHANGE_TOKEN received, server token: 27b150e8-8e87-4184-9f81-8cdbda23cc12, passed token: 27b150e8-8e87-4184-9f81-8cdbda23cc12
Wed Apr 15 21:56:08 2026: DISPATCH_HANDLER: Adding handler from function makeHandler in library libxv_system_diagram
Wed Apr 15 21:56:08 2026: SESSION_MGR: creating session with session uuid: 'e6891c0e-3a9a-41ec-b699-0f47c2ba03ac' and name 'vitis-run_compile_integrated_gcn_approx'
Wed Apr 15 21:56:08 2026: KERNEL_SVC: creating session with uuid: 'e6891c0e-3a9a-41ec-b699-0f47c2ba03ac' and name 'vitis-run_compile_integrated_gcn_approx'
Wed Apr 15 21:56:08 2026: GUIDANCE_SMGR: creating guidance session with uuid: 'e6891c0e-3a9a-41ec-b699-0f47c2ba03ac' and name 'vitis-run_compile_integrated_gcn_approx'
Wed Apr 15 21:56:08 2026: SYSTEM_DIAGRAM: creating session with uuid: 'e6891c0e-3a9a-41ec-b699-0f47c2ba03ac' and name 'vitis-run_compile_integrated_gcn_approx'
Wed Apr 15 21:56:11 2026: Dispatch Server: Accepted socket connection from client
Wed Apr 15 21:56:11 2026: Starting Socket connection
Wed Apr 15 21:58:40 2026: SESSION_MGR: closing session for UUID 'e6891c0e-3a9a-41ec-b699-0f47c2ba03ac' with name 'vitis-run_compile_integrated_gcn_approx'
Wed Apr 15 21:58:40 2026: KERNEL_SVC: closing session for UUID 'e6891c0e-3a9a-41ec-b699-0f47c2ba03ac' with name 'vitis-run_compile_integrated_gcn_approx'
Wed Apr 15 21:58:40 2026: GUIDANCE_SMGR: closing session for UUID 'e6891c0e-3a9a-41ec-b699-0f47c2ba03ac' with name 'vitis-run_compile_integrated_gcn_approx'
Wed Apr 15 21:58:40 2026: SYSTEM_DIAGRAM: closing session for UUID 'e6891c0e-3a9a-41ec-b699-0f47c2ba03ac' with name 'vitis-run_compile_integrated_gcn_approx'
Wed Apr 15 21:58:40 2026: STOP_SERVER received, server token: 27b150e8-8e87-4184-9f81-8cdbda23cc12, passed token: 27b150e8-8e87-4184-9f81-8cdbda23cc12
Wed Apr 15 21:58:40 2026: Socket received request to stop server.
Wed Apr 15 21:58:40 2026: Dispatch Server: do_await_stop
Wed Apr 15 21:58:40 2026: Dispatch Server: stopping mainFifo_
Wed Apr 15 21:58:40 2026: XCD main fifo: Stopping
Wed Apr 15 21:58:40 2026: XCD main fifo: do_read error code: Operation canceled
Wed Apr 15 21:58:40 2026: XCD main fifo: bytes_transferred: 0
Wed Apr 15 21:58:40 2026: SERVER: destructor for server bound to port 39439
Wed Apr 15 21:58:40 2026: XCD main fifo: Good unlink of /tmp/xcdmain27b150e8-8e87-4184-9f81-8cdbda23cc12
Wed Apr 15 21:58:40 2026: Server exiting with status 0.
Wed Apr 15 21:58:40 2026: Closing log file.
Wed Apr 15 22:15:13 2026: Running xcd server. This server was built by gradle.
Wed Apr 15 22:15:13 2026: Server was asked to start on port: '37557'
Wed Apr 15 22:15:13 2026: Server is using token UUID: '6c26e930-8eed-4b6e-acaa-47ef653e6fd8'
Wed Apr 15 22:15:13 2026: SESSION_MGR: creating session with session uuid: '6d04a3e9-ade5-4ab9-8d63-1f78fcd2ec76' and name 'default'
Wed Apr 15 22:15:13 2026: Attempting to start server on port '37557'
Wed Apr 15 22:15:13 2026: XCD main fifo: created main fifo '/tmp/xcdmain6c26e930-8eed-4b6e-acaa-47ef653e6fd8', fd read = 13
Wed Apr 15 22:15:13 2026: Running Dispatch Server
Wed Apr 15 22:15:13 2026: Version 2.2.0
Wed Apr 15 22:15:14 2026: Dispatch Server: Accepted socket connection from client
Wed Apr 15 22:15:14 2026: Starting Socket connection
Wed Apr 15 22:15:14 2026: EXCHANGE_TOKEN received, server token: 6c26e930-8eed-4b6e-acaa-47ef653e6fd8, passed token: 6c26e930-8eed-4b6e-acaa-47ef653e6fd8
Wed Apr 15 22:15:15 2026: DISPATCH_HANDLER: Adding handler from function makeHandler in library libxv_system_diagram
Wed Apr 15 22:15:15 2026: SESSION_MGR: creating session with session uuid: '139a2dbf-4b11-43f5-9e09-8bc9646668a8' and name 'vitis-run_compile_integrated_gcn_approx'
Wed Apr 15 22:15:15 2026: KERNEL_SVC: creating session with uuid: '139a2dbf-4b11-43f5-9e09-8bc9646668a8' and name 'vitis-run_compile_integrated_gcn_approx'
Wed Apr 15 22:15:15 2026: GUIDANCE_SMGR: creating guidance session with uuid: '139a2dbf-4b11-43f5-9e09-8bc9646668a8' and name 'vitis-run_compile_integrated_gcn_approx'
Wed Apr 15 22:15:15 2026: SYSTEM_DIAGRAM: creating session with uuid: '139a2dbf-4b11-43f5-9e09-8bc9646668a8' and name 'vitis-run_compile_integrated_gcn_approx'
Wed Apr 15 22:15:17 2026: Dispatch Server: Accepted socket connection from client
Wed Apr 15 22:15:17 2026: Starting Socket connection
Wed Apr 15 22:53:46 2026: Running xcd server. This server was built by gradle.
Wed Apr 15 22:53:46 2026: Server was asked to start on port: '42007'
Wed Apr 15 22:53:46 2026: Server is using token UUID: '69f2e3ad-06b1-49af-abc3-324111beadb1'
Wed Apr 15 22:53:46 2026: SESSION_MGR: creating session with session uuid: '6d04a3e9-ade5-4ab9-8d63-1f78fcd2ec76' and name 'default'
Wed Apr 15 22:53:46 2026: Attempting to start server on port '42007'
Wed Apr 15 22:53:46 2026: XCD main fifo: created main fifo '/tmp/xcdmain69f2e3ad-06b1-49af-abc3-324111beadb1', fd read = 13
Wed Apr 15 22:53:46 2026: Running Dispatch Server
Wed Apr 15 22:53:46 2026: Version 2.2.0
Wed Apr 15 22:53:47 2026: Dispatch Server: Accepted socket connection from client
Wed Apr 15 22:53:47 2026: Starting Socket connection
Wed Apr 15 22:53:47 2026: EXCHANGE_TOKEN received, server token: 69f2e3ad-06b1-49af-abc3-324111beadb1, passed token: 69f2e3ad-06b1-49af-abc3-324111beadb1
Wed Apr 15 22:53:48 2026: DISPATCH_HANDLER: Adding handler from function makeHandler in library libxv_system_diagram
Wed Apr 15 22:53:48 2026: SESSION_MGR: creating session with session uuid: '4ea8638b-c069-4056-a93b-43fc7286bd3f' and name 'vitis-run_compile_integrated_gcn_approx'
Wed Apr 15 22:53:48 2026: KERNEL_SVC: creating session with uuid: '4ea8638b-c069-4056-a93b-43fc7286bd3f' and name 'vitis-run_compile_integrated_gcn_approx'
Wed Apr 15 22:53:48 2026: GUIDANCE_SMGR: creating guidance session with uuid: '4ea8638b-c069-4056-a93b-43fc7286bd3f' and name 'vitis-run_compile_integrated_gcn_approx'
Wed Apr 15 22:53:48 2026: SYSTEM_DIAGRAM: creating session with uuid: '4ea8638b-c069-4056-a93b-43fc7286bd3f' and name 'vitis-run_compile_integrated_gcn_approx'
Wed Apr 15 22:53:50 2026: Dispatch Server: Accepted socket connection from client
Wed Apr 15 22:53:50 2026: Starting Socket connection
Wed Apr 15 22:56:46 2026: SESSION_MGR: closing session for UUID '4ea8638b-c069-4056-a93b-43fc7286bd3f' with name 'vitis-run_compile_integrated_gcn_approx'
Wed Apr 15 22:56:46 2026: KERNEL_SVC: closing session for UUID '4ea8638b-c069-4056-a93b-43fc7286bd3f' with name 'vitis-run_compile_integrated_gcn_approx'
Wed Apr 15 22:56:46 2026: GUIDANCE_SMGR: closing session for UUID '4ea8638b-c069-4056-a93b-43fc7286bd3f' with name 'vitis-run_compile_integrated_gcn_approx'
Wed Apr 15 22:56:46 2026: SYSTEM_DIAGRAM: closing session for UUID '4ea8638b-c069-4056-a93b-43fc7286bd3f' with name 'vitis-run_compile_integrated_gcn_approx'
Wed Apr 15 22:56:46 2026: STOP_SERVER received, server token: 69f2e3ad-06b1-49af-abc3-324111beadb1, passed token: 69f2e3ad-06b1-49af-abc3-324111beadb1
Wed Apr 15 22:56:46 2026: Socket received request to stop server.
Wed Apr 15 22:56:46 2026: Dispatch Server: do_await_stop
Wed Apr 15 22:56:46 2026: Dispatch Server: stopping mainFifo_
Wed Apr 15 22:56:46 2026: XCD main fifo: Stopping
Wed Apr 15 22:56:46 2026: XCD main fifo: do_read error code: Operation canceled
Wed Apr 15 22:56:46 2026: XCD main fifo: bytes_transferred: 0
Wed Apr 15 22:56:46 2026: SERVER: destructor for server bound to port 42007
Wed Apr 15 22:56:46 2026: XCD main fifo: Good unlink of /tmp/xcdmain69f2e3ad-06b1-49af-abc3-324111beadb1
Wed Apr 15 22:56:46 2026: Server exiting with status 0.
Wed Apr 15 22:56:46 2026: Closing log file.
Wed Apr 15 22:57:48 2026: Running xcd server. This server was built by gradle.
Wed Apr 15 22:57:48 2026: Server was asked to start on port: '43319'
Wed Apr 15 22:57:48 2026: Server is using token UUID: '443f0c1a-4b12-4a98-aa06-b894a4054d97'
Wed Apr 15 22:57:48 2026: SESSION_MGR: creating session with session uuid: '6d04a3e9-ade5-4ab9-8d63-1f78fcd2ec76' and name 'default'
Wed Apr 15 22:57:48 2026: Attempting to start server on port '43319'
Wed Apr 15 22:57:48 2026: XCD main fifo: created main fifo '/tmp/xcdmain443f0c1a-4b12-4a98-aa06-b894a4054d97', fd read = 13
Wed Apr 15 22:57:48 2026: Running Dispatch Server
Wed Apr 15 22:57:48 2026: Version 2.2.0
Wed Apr 15 22:57:49 2026: Dispatch Server: Accepted socket connection from client
Wed Apr 15 22:57:49 2026: Starting Socket connection
Wed Apr 15 22:57:49 2026: EXCHANGE_TOKEN received, server token: 443f0c1a-4b12-4a98-aa06-b894a4054d97, passed token: 443f0c1a-4b12-4a98-aa06-b894a4054d97
Wed Apr 15 22:57:50 2026: DISPATCH_HANDLER: Adding handler from function makeHandler in library libxv_system_diagram
Wed Apr 15 22:57:50 2026: SESSION_MGR: creating session with session uuid: '9103a666-a6cd-455a-93ad-e007a08b994e' and name 'vitis-run_compile_integrated_gcn_approx'
Wed Apr 15 22:57:50 2026: KERNEL_SVC: creating session with uuid: '9103a666-a6cd-455a-93ad-e007a08b994e' and name 'vitis-run_compile_integrated_gcn_approx'
Wed Apr 15 22:57:50 2026: GUIDANCE_SMGR: creating guidance session with uuid: '9103a666-a6cd-455a-93ad-e007a08b994e' and name 'vitis-run_compile_integrated_gcn_approx'
Wed Apr 15 22:57:50 2026: SYSTEM_DIAGRAM: creating session with uuid: '9103a666-a6cd-455a-93ad-e007a08b994e' and name 'vitis-run_compile_integrated_gcn_approx'
Wed Apr 15 22:57:52 2026: Dispatch Server: Accepted socket connection from client
Wed Apr 15 22:57:52 2026: Starting Socket connection
Wed Apr 15 23:00:24 2026: SESSION_MGR: closing session for UUID '9103a666-a6cd-455a-93ad-e007a08b994e' with name 'vitis-run_compile_integrated_gcn_approx'
Wed Apr 15 23:00:24 2026: KERNEL_SVC: closing session for UUID '9103a666-a6cd-455a-93ad-e007a08b994e' with name 'vitis-run_compile_integrated_gcn_approx'
Wed Apr 15 23:00:24 2026: GUIDANCE_SMGR: closing session for UUID '9103a666-a6cd-455a-93ad-e007a08b994e' with name 'vitis-run_compile_integrated_gcn_approx'
Wed Apr 15 23:00:24 2026: SYSTEM_DIAGRAM: closing session for UUID '9103a666-a6cd-455a-93ad-e007a08b994e' with name 'vitis-run_compile_integrated_gcn_approx'
Wed Apr 15 23:00:24 2026: STOP_SERVER received, server token: 443f0c1a-4b12-4a98-aa06-b894a4054d97, passed token: 443f0c1a-4b12-4a98-aa06-b894a4054d97
Wed Apr 15 23:00:24 2026: Socket received request to stop server.
Wed Apr 15 23:00:24 2026: Dispatch Server: do_await_stop
Wed Apr 15 23:00:24 2026: Dispatch Server: stopping mainFifo_
Wed Apr 15 23:00:24 2026: XCD main fifo: Stopping
Wed Apr 15 23:00:24 2026: XCD main fifo: do_read error code: Operation canceled
Wed Apr 15 23:00:24 2026: XCD main fifo: bytes_transferred: 0
Wed Apr 15 23:00:24 2026: SERVER: destructor for server bound to port 43319
Wed Apr 15 23:00:24 2026: XCD main fifo: Good unlink of /tmp/xcdmain443f0c1a-4b12-4a98-aa06-b894a4054d97
Wed Apr 15 23:00:24 2026: Server exiting with status 0.
Wed Apr 15 23:00:24 2026: Closing log file.
Wed Apr 15 23:09:06 2026: Running xcd server. This server was built by gradle.
Wed Apr 15 23:09:06 2026: Server was asked to start on port: '41583'
Wed Apr 15 23:09:06 2026: Server is using token UUID: '78f2884a-0b0e-4c1e-98ae-7a811704637d'
Wed Apr 15 23:09:06 2026: SESSION_MGR: creating session with session uuid: '6d04a3e9-ade5-4ab9-8d63-1f78fcd2ec76' and name 'default'
Wed Apr 15 23:09:06 2026: Attempting to start server on port '41583'
Wed Apr 15 23:09:06 2026: XCD main fifo: created main fifo '/tmp/xcdmain78f2884a-0b0e-4c1e-98ae-7a811704637d', fd read = 13
Wed Apr 15 23:09:06 2026: Running Dispatch Server
Wed Apr 15 23:09:06 2026: Version 2.2.0
Wed Apr 15 23:09:08 2026: Dispatch Server: Accepted socket connection from client
Wed Apr 15 23:09:08 2026: Starting Socket connection
Wed Apr 15 23:09:08 2026: EXCHANGE_TOKEN received, server token: 78f2884a-0b0e-4c1e-98ae-7a811704637d, passed token: 78f2884a-0b0e-4c1e-98ae-7a811704637d
Wed Apr 15 23:09:08 2026: DISPATCH_HANDLER: Adding handler from function makeHandler in library libxv_system_diagram
Wed Apr 15 23:09:08 2026: SESSION_MGR: creating session with session uuid: '27acd3b1-0995-4f6a-b914-7eb7514a4764' and name 'vitis-run_compile_integrated_gcn_approx'
Wed Apr 15 23:09:08 2026: KERNEL_SVC: creating session with uuid: '27acd3b1-0995-4f6a-b914-7eb7514a4764' and name 'vitis-run_compile_integrated_gcn_approx'
Wed Apr 15 23:09:08 2026: GUIDANCE_SMGR: creating guidance session with uuid: '27acd3b1-0995-4f6a-b914-7eb7514a4764' and name 'vitis-run_compile_integrated_gcn_approx'
Wed Apr 15 23:09:08 2026: SYSTEM_DIAGRAM: creating session with uuid: '27acd3b1-0995-4f6a-b914-7eb7514a4764' and name 'vitis-run_compile_integrated_gcn_approx'
Wed Apr 15 23:09:11 2026: Dispatch Server: Accepted socket connection from client
Wed Apr 15 23:09:11 2026: Starting Socket connection
Wed Apr 15 23:11:40 2026: SESSION_MGR: closing session for UUID '27acd3b1-0995-4f6a-b914-7eb7514a4764' with name 'vitis-run_compile_integrated_gcn_approx'
Wed Apr 15 23:11:40 2026: KERNEL_SVC: closing session for UUID '27acd3b1-0995-4f6a-b914-7eb7514a4764' with name 'vitis-run_compile_integrated_gcn_approx'
Wed Apr 15 23:11:40 2026: GUIDANCE_SMGR: closing session for UUID '27acd3b1-0995-4f6a-b914-7eb7514a4764' with name 'vitis-run_compile_integrated_gcn_approx'
Wed Apr 15 23:11:40 2026: SYSTEM_DIAGRAM: closing session for UUID '27acd3b1-0995-4f6a-b914-7eb7514a4764' with name 'vitis-run_compile_integrated_gcn_approx'
Wed Apr 15 23:11:40 2026: STOP_SERVER received, server token: 78f2884a-0b0e-4c1e-98ae-7a811704637d, passed token: 78f2884a-0b0e-4c1e-98ae-7a811704637d
Wed Apr 15 23:11:40 2026: Socket received request to stop server.
Wed Apr 15 23:11:40 2026: Dispatch Server: do_await_stop
Wed Apr 15 23:11:40 2026: Dispatch Server: stopping mainFifo_
Wed Apr 15 23:11:40 2026: XCD main fifo: Stopping
Wed Apr 15 23:11:40 2026: XCD main fifo: do_read error code: Operation canceled
Wed Apr 15 23:11:40 2026: XCD main fifo: bytes_transferred: 0
Wed Apr 15 23:11:40 2026: SERVER: destructor for server bound to port 41583
Wed Apr 15 23:11:40 2026: XCD main fifo: Good unlink of /tmp/xcdmain78f2884a-0b0e-4c1e-98ae-7a811704637d
Wed Apr 15 23:11:40 2026: Server exiting with status 0.
Wed Apr 15 23:11:40 2026: Closing log file.
Wed Apr 15 23:19:10 2026: Running xcd server. This server was built by gradle.
Wed Apr 15 23:19:10 2026: Server was asked to start on port: '41137'
Wed Apr 15 23:19:10 2026: Server is using token UUID: '878cac1a-7e03-49b1-a1d6-065c8fa48266'
Wed Apr 15 23:19:10 2026: SESSION_MGR: creating session with session uuid: '6d04a3e9-ade5-4ab9-8d63-1f78fcd2ec76' and name 'default'
Wed Apr 15 23:19:10 2026: Attempting to start server on port '41137'
Wed Apr 15 23:19:10 2026: XCD main fifo: created main fifo '/tmp/xcdmain878cac1a-7e03-49b1-a1d6-065c8fa48266', fd read = 13
Wed Apr 15 23:19:10 2026: Running Dispatch Server
Wed Apr 15 23:19:10 2026: Version 2.2.0
Wed Apr 15 23:19:11 2026: Dispatch Server: Accepted socket connection from client
Wed Apr 15 23:19:11 2026: Starting Socket connection
Wed Apr 15 23:19:11 2026: EXCHANGE_TOKEN received, server token: 878cac1a-7e03-49b1-a1d6-065c8fa48266, passed token: 878cac1a-7e03-49b1-a1d6-065c8fa48266
Wed Apr 15 23:19:11 2026: DISPATCH_HANDLER: Adding handler from function makeHandler in library libxv_system_diagram
Wed Apr 15 23:19:11 2026: SESSION_MGR: creating session with session uuid: '6555f7aa-8f73-4862-a97b-fd78e027a55b' and name 'vitis-run_compile_integrated_gcn_approx'
Wed Apr 15 23:19:11 2026: KERNEL_SVC: creating session with uuid: '6555f7aa-8f73-4862-a97b-fd78e027a55b' and name 'vitis-run_compile_integrated_gcn_approx'
Wed Apr 15 23:19:11 2026: GUIDANCE_SMGR: creating guidance session with uuid: '6555f7aa-8f73-4862-a97b-fd78e027a55b' and name 'vitis-run_compile_integrated_gcn_approx'
Wed Apr 15 23:19:11 2026: SYSTEM_DIAGRAM: creating session with uuid: '6555f7aa-8f73-4862-a97b-fd78e027a55b' and name 'vitis-run_compile_integrated_gcn_approx'
Wed Apr 15 23:19:14 2026: Dispatch Server: Accepted socket connection from client
Wed Apr 15 23:19:14 2026: Starting Socket connection
Wed Apr 15 23:21:39 2026: SESSION_MGR: closing session for UUID '6555f7aa-8f73-4862-a97b-fd78e027a55b' with name 'vitis-run_compile_integrated_gcn_approx'
Wed Apr 15 23:21:39 2026: KERNEL_SVC: closing session for UUID '6555f7aa-8f73-4862-a97b-fd78e027a55b' with name 'vitis-run_compile_integrated_gcn_approx'
Wed Apr 15 23:21:39 2026: GUIDANCE_SMGR: closing session for UUID '6555f7aa-8f73-4862-a97b-fd78e027a55b' with name 'vitis-run_compile_integrated_gcn_approx'
Wed Apr 15 23:21:39 2026: SYSTEM_DIAGRAM: closing session for UUID '6555f7aa-8f73-4862-a97b-fd78e027a55b' with name 'vitis-run_compile_integrated_gcn_approx'
Wed Apr 15 23:21:39 2026: STOP_SERVER received, server token: 878cac1a-7e03-49b1-a1d6-065c8fa48266, passed token: 878cac1a-7e03-49b1-a1d6-065c8fa48266
Wed Apr 15 23:21:39 2026: Socket received request to stop server.
Wed Apr 15 23:21:39 2026: Dispatch Server: do_await_stop
Wed Apr 15 23:21:39 2026: Dispatch Server: stopping mainFifo_
Wed Apr 15 23:21:39 2026: XCD main fifo: Stopping
Wed Apr 15 23:21:39 2026: XCD main fifo: do_read error code: Operation canceled
Wed Apr 15 23:21:39 2026: XCD main fifo: bytes_transferred: 0
Wed Apr 15 23:21:39 2026: SERVER: destructor for server bound to port 41137
Wed Apr 15 23:21:39 2026: XCD main fifo: Good unlink of /tmp/xcdmain878cac1a-7e03-49b1-a1d6-065c8fa48266
Wed Apr 15 23:21:39 2026: Server exiting with status 0.
Wed Apr 15 23:21:39 2026: Closing log file.
Wed Apr 15 23:27:21 2026: Running xcd server. This server was built by gradle.
Wed Apr 15 23:27:21 2026: Server was asked to start on port: '41903'
Wed Apr 15 23:27:21 2026: Server is using token UUID: 'dce7f958-21c6-468d-9bea-b5f370ff9358'
Wed Apr 15 23:27:21 2026: SESSION_MGR: creating session with session uuid: '6d04a3e9-ade5-4ab9-8d63-1f78fcd2ec76' and name 'default'
Wed Apr 15 23:27:21 2026: Attempting to start server on port '41903'
Wed Apr 15 23:27:21 2026: XCD main fifo: created main fifo '/tmp/xcdmaindce7f958-21c6-468d-9bea-b5f370ff9358', fd read = 13
Wed Apr 15 23:27:21 2026: Running Dispatch Server
Wed Apr 15 23:27:21 2026: Version 2.2.0
Wed Apr 15 23:27:22 2026: Dispatch Server: Accepted socket connection from client
Wed Apr 15 23:27:22 2026: Starting Socket connection
Wed Apr 15 23:27:22 2026: EXCHANGE_TOKEN received, server token: dce7f958-21c6-468d-9bea-b5f370ff9358, passed token: dce7f958-21c6-468d-9bea-b5f370ff9358
Wed Apr 15 23:27:22 2026: DISPATCH_HANDLER: Adding handler from function makeHandler in library libxv_system_diagram
Wed Apr 15 23:27:22 2026: SESSION_MGR: creating session with session uuid: '4bc91cb3-a720-44c0-9a7b-4240f4aec494' and name 'vitis-run_compile_integrated_gcn_approx'
Wed Apr 15 23:27:22 2026: KERNEL_SVC: creating session with uuid: '4bc91cb3-a720-44c0-9a7b-4240f4aec494' and name 'vitis-run_compile_integrated_gcn_approx'
Wed Apr 15 23:27:22 2026: GUIDANCE_SMGR: creating guidance session with uuid: '4bc91cb3-a720-44c0-9a7b-4240f4aec494' and name 'vitis-run_compile_integrated_gcn_approx'
Wed Apr 15 23:27:22 2026: SYSTEM_DIAGRAM: creating session with uuid: '4bc91cb3-a720-44c0-9a7b-4240f4aec494' and name 'vitis-run_compile_integrated_gcn_approx'
Wed Apr 15 23:27:25 2026: Dispatch Server: Accepted socket connection from client
Wed Apr 15 23:27:25 2026: Starting Socket connection
Wed Apr 15 23:29:35 2026: SESSION_MGR: closing session for UUID '4bc91cb3-a720-44c0-9a7b-4240f4aec494' with name 'vitis-run_compile_integrated_gcn_approx'
Wed Apr 15 23:29:35 2026: KERNEL_SVC: closing session for UUID '4bc91cb3-a720-44c0-9a7b-4240f4aec494' with name 'vitis-run_compile_integrated_gcn_approx'
Wed Apr 15 23:29:35 2026: GUIDANCE_SMGR: closing session for UUID '4bc91cb3-a720-44c0-9a7b-4240f4aec494' with name 'vitis-run_compile_integrated_gcn_approx'
Wed Apr 15 23:29:35 2026: SYSTEM_DIAGRAM: closing session for UUID '4bc91cb3-a720-44c0-9a7b-4240f4aec494' with name 'vitis-run_compile_integrated_gcn_approx'
Wed Apr 15 23:29:35 2026: STOP_SERVER received, server token: dce7f958-21c6-468d-9bea-b5f370ff9358, passed token: dce7f958-21c6-468d-9bea-b5f370ff9358
Wed Apr 15 23:29:35 2026: Socket received request to stop server.
Wed Apr 15 23:29:35 2026: Dispatch Server: do_await_stop
Wed Apr 15 23:29:35 2026: Dispatch Server: stopping mainFifo_
Wed Apr 15 23:29:35 2026: XCD main fifo: Stopping
Wed Apr 15 23:29:35 2026: XCD main fifo: do_read error code: Operation canceled
Wed Apr 15 23:29:35 2026: XCD main fifo: bytes_transferred: 0
Wed Apr 15 23:29:35 2026: SERVER: destructor for server bound to port 41903
Wed Apr 15 23:29:35 2026: XCD main fifo: Good unlink of /tmp/xcdmaindce7f958-21c6-468d-9bea-b5f370ff9358
Wed Apr 15 23:29:35 2026: Server exiting with status 0.
Wed Apr 15 23:29:35 2026: Closing log file.
Wed Apr 15 23:47:42 2026: Running xcd server. This server was built by gradle.
Wed Apr 15 23:47:42 2026: Server was asked to start on port: '33705'
Wed Apr 15 23:47:42 2026: Server is using token UUID: '6216c28d-880e-48de-9e6d-331f58b46777'
Wed Apr 15 23:47:42 2026: SESSION_MGR: creating session with session uuid: '6d04a3e9-ade5-4ab9-8d63-1f78fcd2ec76' and name 'default'
Wed Apr 15 23:47:42 2026: Attempting to start server on port '33705'
Wed Apr 15 23:47:42 2026: XCD main fifo: created main fifo '/tmp/xcdmain6216c28d-880e-48de-9e6d-331f58b46777', fd read = 13
Wed Apr 15 23:47:42 2026: Running Dispatch Server
Wed Apr 15 23:47:42 2026: Version 2.2.0
Wed Apr 15 23:47:43 2026: Dispatch Server: Accepted socket connection from client
Wed Apr 15 23:47:43 2026: Starting Socket connection
Wed Apr 15 23:47:43 2026: EXCHANGE_TOKEN received, server token: 6216c28d-880e-48de-9e6d-331f58b46777, passed token: 6216c28d-880e-48de-9e6d-331f58b46777
Wed Apr 15 23:47:43 2026: DISPATCH_HANDLER: Adding handler from function makeHandler in library libxv_system_diagram
Wed Apr 15 23:47:43 2026: SESSION_MGR: creating session with session uuid: '01f3ebd7-50fd-484b-b1c8-9ffec15a7743' and name 'vitis-run_compile_integrated_gcn_approx'
Wed Apr 15 23:47:43 2026: KERNEL_SVC: creating session with uuid: '01f3ebd7-50fd-484b-b1c8-9ffec15a7743' and name 'vitis-run_compile_integrated_gcn_approx'
Wed Apr 15 23:47:43 2026: GUIDANCE_SMGR: creating guidance session with uuid: '01f3ebd7-50fd-484b-b1c8-9ffec15a7743' and name 'vitis-run_compile_integrated_gcn_approx'
Wed Apr 15 23:47:43 2026: SYSTEM_DIAGRAM: creating session with uuid: '01f3ebd7-50fd-484b-b1c8-9ffec15a7743' and name 'vitis-run_compile_integrated_gcn_approx'
Wed Apr 15 23:47:46 2026: Dispatch Server: Accepted socket connection from client
Wed Apr 15 23:47:46 2026: Starting Socket connection
Wed Apr 15 23:50:14 2026: SESSION_MGR: closing session for UUID '01f3ebd7-50fd-484b-b1c8-9ffec15a7743' with name 'vitis-run_compile_integrated_gcn_approx'
Wed Apr 15 23:50:14 2026: KERNEL_SVC: closing session for UUID '01f3ebd7-50fd-484b-b1c8-9ffec15a7743' with name 'vitis-run_compile_integrated_gcn_approx'
Wed Apr 15 23:50:14 2026: GUIDANCE_SMGR: closing session for UUID '01f3ebd7-50fd-484b-b1c8-9ffec15a7743' with name 'vitis-run_compile_integrated_gcn_approx'
Wed Apr 15 23:50:14 2026: SYSTEM_DIAGRAM: closing session for UUID '01f3ebd7-50fd-484b-b1c8-9ffec15a7743' with name 'vitis-run_compile_integrated_gcn_approx'
Wed Apr 15 23:50:14 2026: STOP_SERVER received, server token: 6216c28d-880e-48de-9e6d-331f58b46777, passed token: 6216c28d-880e-48de-9e6d-331f58b46777
Wed Apr 15 23:50:14 2026: Socket received request to stop server.
Wed Apr 15 23:50:14 2026: Dispatch Server: do_await_stop
Wed Apr 15 23:50:14 2026: Dispatch Server: stopping mainFifo_
Wed Apr 15 23:50:14 2026: XCD main fifo: Stopping
Wed Apr 15 23:50:14 2026: XCD main fifo: do_read error code: Operation canceled
Wed Apr 15 23:50:14 2026: XCD main fifo: bytes_transferred: 0
Wed Apr 15 23:50:14 2026: SERVER: destructor for server bound to port 33705
Wed Apr 15 23:50:14 2026: XCD main fifo: Good unlink of /tmp/xcdmain6216c28d-880e-48de-9e6d-331f58b46777
Wed Apr 15 23:50:14 2026: Server exiting with status 0.
Wed Apr 15 23:50:14 2026: Closing log file.
Wed Apr 15 23:57:38 2026: Running xcd server. This server was built by gradle.
Wed Apr 15 23:57:38 2026: Server was asked to start on port: '34723'
Wed Apr 15 23:57:38 2026: Server is using token UUID: '87254e6b-8d93-4b85-b1d1-71f31afd787e'
Wed Apr 15 23:57:38 2026: SESSION_MGR: creating session with session uuid: '6d04a3e9-ade5-4ab9-8d63-1f78fcd2ec76' and name 'default'
Wed Apr 15 23:57:38 2026: Attempting to start server on port '34723'
Wed Apr 15 23:57:38 2026: XCD main fifo: created main fifo '/tmp/xcdmain87254e6b-8d93-4b85-b1d1-71f31afd787e', fd read = 13
Wed Apr 15 23:57:38 2026: Running Dispatch Server
Wed Apr 15 23:57:38 2026: Version 2.2.0
Wed Apr 15 23:57:40 2026: Dispatch Server: Accepted socket connection from client
Wed Apr 15 23:57:40 2026: Starting Socket connection
Wed Apr 15 23:57:40 2026: EXCHANGE_TOKEN received, server token: 87254e6b-8d93-4b85-b1d1-71f31afd787e, passed token: 87254e6b-8d93-4b85-b1d1-71f31afd787e
Wed Apr 15 23:57:40 2026: DISPATCH_HANDLER: Adding handler from function makeHandler in library libxv_system_diagram
Wed Apr 15 23:57:40 2026: SESSION_MGR: creating session with session uuid: '9041d066-9a5b-465d-90e4-db0fdaf10d7c' and name 'vitis-run_compile_integrated_gcn_approx'
Wed Apr 15 23:57:40 2026: KERNEL_SVC: creating session with uuid: '9041d066-9a5b-465d-90e4-db0fdaf10d7c' and name 'vitis-run_compile_integrated_gcn_approx'
Wed Apr 15 23:57:40 2026: GUIDANCE_SMGR: creating guidance session with uuid: '9041d066-9a5b-465d-90e4-db0fdaf10d7c' and name 'vitis-run_compile_integrated_gcn_approx'
Wed Apr 15 23:57:40 2026: SYSTEM_DIAGRAM: creating session with uuid: '9041d066-9a5b-465d-90e4-db0fdaf10d7c' and name 'vitis-run_compile_integrated_gcn_approx'
Wed Apr 15 23:57:42 2026: Dispatch Server: Accepted socket connection from client
Wed Apr 15 23:57:42 2026: Starting Socket connection
Thu Apr 16 00:00:05 2026: SESSION_MGR: closing session for UUID '9041d066-9a5b-465d-90e4-db0fdaf10d7c' with name 'vitis-run_compile_integrated_gcn_approx'
Thu Apr 16 00:00:05 2026: KERNEL_SVC: closing session for UUID '9041d066-9a5b-465d-90e4-db0fdaf10d7c' with name 'vitis-run_compile_integrated_gcn_approx'
Thu Apr 16 00:00:05 2026: GUIDANCE_SMGR: closing session for UUID '9041d066-9a5b-465d-90e4-db0fdaf10d7c' with name 'vitis-run_compile_integrated_gcn_approx'
Thu Apr 16 00:00:05 2026: SYSTEM_DIAGRAM: closing session for UUID '9041d066-9a5b-465d-90e4-db0fdaf10d7c' with name 'vitis-run_compile_integrated_gcn_approx'
Thu Apr 16 00:00:05 2026: STOP_SERVER received, server token: 87254e6b-8d93-4b85-b1d1-71f31afd787e, passed token: 87254e6b-8d93-4b85-b1d1-71f31afd787e
Thu Apr 16 00:00:05 2026: Socket received request to stop server.
Thu Apr 16 00:00:05 2026: Dispatch Server: do_await_stop
Thu Apr 16 00:00:05 2026: Dispatch Server: stopping mainFifo_
Thu Apr 16 00:00:05 2026: XCD main fifo: Stopping
Thu Apr 16 00:00:05 2026: XCD main fifo: do_read error code: Operation canceled
Thu Apr 16 00:00:05 2026: XCD main fifo: bytes_transferred: 0
Thu Apr 16 00:00:05 2026: SERVER: destructor for server bound to port 34723
Thu Apr 16 00:00:05 2026: XCD main fifo: Good unlink of /tmp/xcdmain87254e6b-8d93-4b85-b1d1-71f31afd787e
Thu Apr 16 00:00:05 2026: Server exiting with status 0.
Thu Apr 16 00:00:05 2026: Closing log file.
Thu Apr 16 00:04:24 2026: Running xcd server. This server was built by gradle.
Thu Apr 16 00:04:24 2026: Server was asked to start on port: '46671'
Thu Apr 16 00:04:24 2026: Server is using token UUID: '48550b5e-c053-461d-93c8-2c7e95166b26'
Thu Apr 16 00:04:24 2026: SESSION_MGR: creating session with session uuid: '6d04a3e9-ade5-4ab9-8d63-1f78fcd2ec76' and name 'default'
Thu Apr 16 00:04:24 2026: Attempting to start server on port '46671'
Thu Apr 16 00:04:24 2026: XCD main fifo: created main fifo '/tmp/xcdmain48550b5e-c053-461d-93c8-2c7e95166b26', fd read = 13
Thu Apr 16 00:04:24 2026: Running Dispatch Server
Thu Apr 16 00:04:24 2026: Version 2.2.0
Thu Apr 16 00:04:25 2026: Dispatch Server: Accepted socket connection from client
Thu Apr 16 00:04:25 2026: Starting Socket connection
Thu Apr 16 00:04:25 2026: EXCHANGE_TOKEN received, server token: 48550b5e-c053-461d-93c8-2c7e95166b26, passed token: 48550b5e-c053-461d-93c8-2c7e95166b26
Thu Apr 16 00:04:25 2026: DISPATCH_HANDLER: Adding handler from function makeHandler in library libxv_system_diagram
Thu Apr 16 00:04:25 2026: SESSION_MGR: creating session with session uuid: '019aac47-370a-46c3-8e0d-2b40defbe220' and name 'vitis-run_compile_integrated_gcn_approx'
Thu Apr 16 00:04:25 2026: KERNEL_SVC: creating session with uuid: '019aac47-370a-46c3-8e0d-2b40defbe220' and name 'vitis-run_compile_integrated_gcn_approx'
Thu Apr 16 00:04:25 2026: GUIDANCE_SMGR: creating guidance session with uuid: '019aac47-370a-46c3-8e0d-2b40defbe220' and name 'vitis-run_compile_integrated_gcn_approx'
Thu Apr 16 00:04:25 2026: SYSTEM_DIAGRAM: creating session with uuid: '019aac47-370a-46c3-8e0d-2b40defbe220' and name 'vitis-run_compile_integrated_gcn_approx'
Thu Apr 16 00:04:28 2026: Dispatch Server: Accepted socket connection from client
Thu Apr 16 00:04:28 2026: Starting Socket connection
Thu Apr 16 00:06:31 2026: SESSION_MGR: closing session for UUID '019aac47-370a-46c3-8e0d-2b40defbe220' with name 'vitis-run_compile_integrated_gcn_approx'
Thu Apr 16 00:06:31 2026: KERNEL_SVC: closing session for UUID '019aac47-370a-46c3-8e0d-2b40defbe220' with name 'vitis-run_compile_integrated_gcn_approx'
Thu Apr 16 00:06:31 2026: GUIDANCE_SMGR: closing session for UUID '019aac47-370a-46c3-8e0d-2b40defbe220' with name 'vitis-run_compile_integrated_gcn_approx'
Thu Apr 16 00:06:31 2026: SYSTEM_DIAGRAM: closing session for UUID '019aac47-370a-46c3-8e0d-2b40defbe220' with name 'vitis-run_compile_integrated_gcn_approx'
Thu Apr 16 00:06:31 2026: STOP_SERVER received, server token: 48550b5e-c053-461d-93c8-2c7e95166b26, passed token: 48550b5e-c053-461d-93c8-2c7e95166b26
Thu Apr 16 00:06:31 2026: Socket received request to stop server.
Thu Apr 16 00:06:31 2026: Dispatch Server: do_await_stop
Thu Apr 16 00:06:31 2026: Dispatch Server: stopping mainFifo_
Thu Apr 16 00:06:31 2026: XCD main fifo: Stopping
Thu Apr 16 00:06:31 2026: XCD main fifo: do_read error code: Operation canceled
Thu Apr 16 00:06:31 2026: XCD main fifo: bytes_transferred: 0
Thu Apr 16 00:06:31 2026: SERVER: destructor for server bound to port 46671
Thu Apr 16 00:06:31 2026: XCD main fifo: Good unlink of /tmp/xcdmain48550b5e-c053-461d-93c8-2c7e95166b26
Thu Apr 16 00:06:31 2026: Server exiting with status 0.
Thu Apr 16 00:06:31 2026: Closing log file.
Thu Apr 16 10:08:13 2026: Running xcd server. This server was built by gradle.
Thu Apr 16 10:08:13 2026: Server was asked to start on port: '43515'
Thu Apr 16 10:08:13 2026: Server is using token UUID: '0c54b949-b545-4fc8-b92f-c667d499802e'
Thu Apr 16 10:08:13 2026: SESSION_MGR: creating session with session uuid: '6d04a3e9-ade5-4ab9-8d63-1f78fcd2ec76' and name 'default'
Thu Apr 16 10:08:13 2026: Attempting to start server on port '43515'
Thu Apr 16 10:08:13 2026: XCD main fifo: created main fifo '/tmp/xcdmain0c54b949-b545-4fc8-b92f-c667d499802e', fd read = 13
Thu Apr 16 10:08:13 2026: Running Dispatch Server
Thu Apr 16 10:08:13 2026: Version 2.2.0
Thu Apr 16 10:08:15 2026: Dispatch Server: Accepted socket connection from client
Thu Apr 16 10:08:15 2026: Starting Socket connection
Thu Apr 16 10:08:15 2026: EXCHANGE_TOKEN received, server token: 0c54b949-b545-4fc8-b92f-c667d499802e, passed token: 0c54b949-b545-4fc8-b92f-c667d499802e
Thu Apr 16 10:08:15 2026: DISPATCH_HANDLER: Adding handler from function makeHandler in library libxv_system_diagram
Thu Apr 16 10:08:15 2026: SESSION_MGR: creating session with session uuid: '166e5142-9bde-45a3-a790-962ed70cb11b' and name 'v++_compile_integrated_gcn_approx'
Thu Apr 16 10:08:15 2026: KERNEL_SVC: creating session with uuid: '166e5142-9bde-45a3-a790-962ed70cb11b' and name 'v++_compile_integrated_gcn_approx'
Thu Apr 16 10:08:15 2026: GUIDANCE_SMGR: creating guidance session with uuid: '166e5142-9bde-45a3-a790-962ed70cb11b' and name 'v++_compile_integrated_gcn_approx'
Thu Apr 16 10:08:15 2026: SYSTEM_DIAGRAM: creating session with uuid: '166e5142-9bde-45a3-a790-962ed70cb11b' and name 'v++_compile_integrated_gcn_approx'
Thu Apr 16 10:08:17 2026: Dispatch Server: Accepted socket connection from client
Thu Apr 16 10:08:17 2026: Starting Socket connection
Thu Apr 16 10:08:52 2026: SESSION_MGR: closing session for UUID '166e5142-9bde-45a3-a790-962ed70cb11b' with name 'v++_compile_integrated_gcn_approx'
Thu Apr 16 10:08:52 2026: KERNEL_SVC: closing session for UUID '166e5142-9bde-45a3-a790-962ed70cb11b' with name 'v++_compile_integrated_gcn_approx'
Thu Apr 16 10:08:52 2026: GUIDANCE_SMGR: closing session for UUID '166e5142-9bde-45a3-a790-962ed70cb11b' with name 'v++_compile_integrated_gcn_approx'
Thu Apr 16 10:08:52 2026: SYSTEM_DIAGRAM: closing session for UUID '166e5142-9bde-45a3-a790-962ed70cb11b' with name 'v++_compile_integrated_gcn_approx'
Thu Apr 16 10:08:52 2026: STOP_SERVER received, server token: 0c54b949-b545-4fc8-b92f-c667d499802e, passed token: 0c54b949-b545-4fc8-b92f-c667d499802e
Thu Apr 16 10:08:52 2026: Socket received request to stop server.
Thu Apr 16 10:08:52 2026: Dispatch Server: do_await_stop
Thu Apr 16 10:08:52 2026: Dispatch Server: stopping mainFifo_
Thu Apr 16 10:08:52 2026: XCD main fifo: Stopping
Thu Apr 16 10:08:52 2026: XCD main fifo: do_read error code: Operation canceled
Thu Apr 16 10:08:52 2026: XCD main fifo: bytes_transferred: 0
Thu Apr 16 10:08:52 2026: SERVER: destructor for server bound to port 43515
Thu Apr 16 10:08:52 2026: XCD main fifo: Good unlink of /tmp/xcdmain0c54b949-b545-4fc8-b92f-c667d499802e
Thu Apr 16 10:08:52 2026: Server exiting with status 0.
Thu Apr 16 10:08:52 2026: Closing log file.
Thu Apr 16 10:16:54 2026: Running xcd server. This server was built by gradle.
Thu Apr 16 10:16:54 2026: Server was asked to start on port: '34441'
Thu Apr 16 10:16:54 2026: Server is using token UUID: 'c74c33fe-7f83-44de-beef-2ceaff07754e'
Thu Apr 16 10:16:54 2026: SESSION_MGR: creating session with session uuid: '6d04a3e9-ade5-4ab9-8d63-1f78fcd2ec76' and name 'default'
Thu Apr 16 10:16:54 2026: Attempting to start server on port '34441'
Thu Apr 16 10:16:54 2026: XCD main fifo: created main fifo '/tmp/xcdmainc74c33fe-7f83-44de-beef-2ceaff07754e', fd read = 13
Thu Apr 16 10:16:54 2026: Running Dispatch Server
Thu Apr 16 10:16:54 2026: Version 2.2.0
Thu Apr 16 10:16:56 2026: Dispatch Server: Accepted socket connection from client
Thu Apr 16 10:16:56 2026: Starting Socket connection
Thu Apr 16 10:16:56 2026: EXCHANGE_TOKEN received, server token: c74c33fe-7f83-44de-beef-2ceaff07754e, passed token: c74c33fe-7f83-44de-beef-2ceaff07754e
Thu Apr 16 10:16:56 2026: DISPATCH_HANDLER: Adding handler from function makeHandler in library libxv_system_diagram
Thu Apr 16 10:16:56 2026: SESSION_MGR: creating session with session uuid: '6ebfd821-fff1-49e5-88d7-403c083551a4' and name 'vitis-run_compile_integrated_gcn_approx'
Thu Apr 16 10:16:56 2026: KERNEL_SVC: creating session with uuid: '6ebfd821-fff1-49e5-88d7-403c083551a4' and name 'vitis-run_compile_integrated_gcn_approx'
Thu Apr 16 10:16:56 2026: GUIDANCE_SMGR: creating guidance session with uuid: '6ebfd821-fff1-49e5-88d7-403c083551a4' and name 'vitis-run_compile_integrated_gcn_approx'
Thu Apr 16 10:16:56 2026: SYSTEM_DIAGRAM: creating session with uuid: '6ebfd821-fff1-49e5-88d7-403c083551a4' and name 'vitis-run_compile_integrated_gcn_approx'
Thu Apr 16 10:16:58 2026: Dispatch Server: Accepted socket connection from client
Thu Apr 16 10:16:58 2026: Starting Socket connection
Thu Apr 16 10:17:15 2026: Dispatch Server: Accepted socket connection from client
Thu Apr 16 10:17:15 2026: Starting Socket connection
Thu Apr 16 10:21:48 2026: Dispatch Server: Accepted socket connection from client
Thu Apr 16 10:21:48 2026: Starting Socket connection
Thu Apr 16 10:23:06 2026: Dispatch Server: Accepted socket connection from client
Thu Apr 16 10:23:06 2026: Starting Socket connection
Thu Apr 16 10:29:31 2026: SESSION_MGR: closing session for UUID '6ebfd821-fff1-49e5-88d7-403c083551a4' with name 'vitis-run_compile_integrated_gcn_approx'
Thu Apr 16 10:29:31 2026: KERNEL_SVC: closing session for UUID '6ebfd821-fff1-49e5-88d7-403c083551a4' with name 'vitis-run_compile_integrated_gcn_approx'
Thu Apr 16 10:29:31 2026: GUIDANCE_SMGR: closing session for UUID '6ebfd821-fff1-49e5-88d7-403c083551a4' with name 'vitis-run_compile_integrated_gcn_approx'
Thu Apr 16 10:29:31 2026: SYSTEM_DIAGRAM: closing session for UUID '6ebfd821-fff1-49e5-88d7-403c083551a4' with name 'vitis-run_compile_integrated_gcn_approx'
Thu Apr 16 10:29:31 2026: STOP_SERVER received, server token: c74c33fe-7f83-44de-beef-2ceaff07754e, passed token: c74c33fe-7f83-44de-beef-2ceaff07754e
Thu Apr 16 10:29:31 2026: Socket received request to stop server.
Thu Apr 16 10:29:31 2026: Dispatch Server: do_await_stop
Thu Apr 16 10:29:31 2026: Dispatch Server: stopping mainFifo_
Thu Apr 16 10:29:31 2026: XCD main fifo: Stopping
Thu Apr 16 10:29:31 2026: XCD main fifo: do_read error code: Operation canceled
Thu Apr 16 10:29:31 2026: XCD main fifo: bytes_transferred: 0
Thu Apr 16 10:29:31 2026: SERVER: destructor for server bound to port 34441
Thu Apr 16 10:29:31 2026: XCD main fifo: Good unlink of /tmp/xcdmainc74c33fe-7f83-44de-beef-2ceaff07754e
Thu Apr 16 10:29:31 2026: Server exiting with status 0.
Thu Apr 16 10:29:31 2026: Closing log file.
