Copyright 1986-2022 Xilinx, Inc. All Rights Reserved. Copyright 2022-2025 Advanced Micro Devices, Inc. All Rights Reserved.
---------------------------------------------------------------------------------------------------------------------------------------------
| Tool Version : Vivado v.2025.2 (lin64) Build 6299465 Fri Nov 14 12:34:56 MST 2025
| Date         : Thu Apr 16 11:40:20 2026
| Host         : nat-Yoga-Pro-9-16IAH10 running 64-bit Ubuntu 24.04.3 LTS
| Command      : report_design_analysis -file ./report/integrated_gcn_design_analysis_synth.rpt
| Design       : bd_0_wrapper
| Device       : xck26
| Design State : Synthesized
---------------------------------------------------------------------------------------------------------------------------------------------

Report Design Analysis

Table of Contents
-----------------
1. Setup Path Characteristics 1-1
2. Logic Level Distribution
3. Placer Final Level Congestion Reporting

1. Setup Path Characteristics 1-1
---------------------------------

+---------------------------+--------------------------------------------------------------------------------------------------------------------------------------------------------------------+
|      Characteristics      |                                                                               Path #1                                                                              |
+---------------------------+--------------------------------------------------------------------------------------------------------------------------------------------------------------------+
| Requirement               | 10.000                                                                                                                                                             |
| Path Delay                | 4.466                                                                                                                                                              |
| Logic Delay               | 3.661(82%)                                                                                                                                                         |
| Net Delay                 | 0.805(18%)                                                                                                                                                         |
| Clock Skew                | -0.018                                                                                                                                                             |
| Slack                     | 5.347                                                                                                                                                              |
| Clock Uncertainty         | 0.035                                                                                                                                                              |
| Clock Pair Classification | Timed                                                                                                                                                              |
| Clock Delay Group         | Same Clock                                                                                                                                                         |
| Logic Levels              | 14                                                                                                                                                                 |
| Routes                    | NA                                                                                                                                                                 |
| Logical Path              | DSP_A_B_DATA/CLK-(1)-DSP_PREADD_DATA-DSP_MULTIPLIER-DSP_M_DATA-DSP_ALU-DSP_OUTPUT-DSP_ALU-DSP_OUTPUT-LUT2-(1)-CARRY8-CARRY8-CARRY8-CARRY8-CARRY8-LUT2-(2)-RAMD32/I |
| Start Point Clock         | ap_clk                                                                                                                                                             |
| End Point Clock           | ap_clk                                                                                                                                                             |
| DSP Block                 | Seq                                                                                                                                                                |
| RAM Registers             | None-None                                                                                                                                                          |
| IO Crossings              | 0                                                                                                                                                                  |
| SLR Crossings             | 0                                                                                                                                                                  |
| PBlocks                   | 0                                                                                                                                                                  |
| High Fanout               | 2                                                                                                                                                                  |
| ASYNC REG                 | 0                                                                                                                                                                  |
| Dont Touch                | 0                                                                                                                                                                  |
| Mark Debug                | 0                                                                                                                                                                  |
| Start Point Pin Primitive | DSP_A_B_DATA/CLK                                                                                                                                                   |
| End Point Pin Primitive   | RAMD32/I                                                                                                                                                           |
| Start Point Pin           | DSP_A_B_DATA_INST/CLK                                                                                                                                              |
| End Point Pin             | DP/I                                                                                                                                                               |
+---------------------------+--------------------------------------------------------------------------------------------------------------------------------------------------------------------+
* Bounding box calculated as % of dimensions for the target device (2818, 498)


2. Logic Level Distribution
---------------------------

+-----------------+-------------+-----+-----+----+
| End Point Clock | Requirement |  12 |  13 | 14 |
+-----------------+-------------+-----+-----+----+
| ap_clk          | 10.000ns    | 424 | 512 | 64 |
+-----------------+-------------+-----+-----+----+
* Columns represent the logic levels per end point clock
** Distribution is for top worst 1000 paths


3. Placer Final Level Congestion Reporting
------------------------------------------

+-----------+------+-------+--------+---------------+----------------+-----+--------+------+------+------+------+-----+-------+-----+------------+
| Direction | Type | Level | Window | Combined LUTs | Avg LUT Inputs | LUT | LUTRAM | Flop | MUXF | RAMB | URAM | DSP | CARRY | SRL | Cell Names |
+-----------+------+-------+--------+---------------+----------------+-----+--------+------+------+------+------+-----+-------+-----+------------+
* The design has not been placed, hence congestion data is not available. The command report_design_analysis -congestion should be run only after place_design has completed.


