Copyright 1986-2022 Xilinx, Inc. All Rights Reserved. Copyright 2022-2025 Advanced Micro Devices, Inc. All Rights Reserved.
--------------------------------------------------------------------------------------------------------------------------------------------------
| Tool Version      : Vivado v.2025.2 (lin64) Build 6299465 Fri Nov 14 12:34:56 MST 2025
| Date              : Thu Apr 16 11:40:11 2026
| Host              : nat-Yoga-Pro-9-16IAH10 running 64-bit Ubuntu 24.04.3 LTS
| Command           : report_timing_summary -file ./report/integrated_gcn_timing_synth.rpt
| Design            : bd_0_wrapper
| Device            : xck26-sfvc784
| Speed File        : -2LV  PRODUCTION 1.30 05-15-2022
| Design State      : Synthesized
| Temperature Grade : C
--------------------------------------------------------------------------------------------------------------------------------------------------

Timing Summary Report

------------------------------------------------------------------------------------------------
| Timer Settings
| --------------
------------------------------------------------------------------------------------------------

  Enable Multi Corner Analysis               :  Yes
  Enable Pessimism Removal                   :  Yes
  Pessimism Removal Resolution               :  Nearest Common Node
  Enable Input Delay Default Clock           :  No
  Enable Preset / Clear Arcs                 :  No
  Disable Flight Delays                      :  No
  Ignore I/O Paths                           :  No
  Timing Early Launch at Borrowing Latches   :  No
  Borrow Time for Max Delay Exceptions       :  Yes
  Merge Timing Exceptions                    :  Yes
  Inter-SLR Compensation                     :  Conservative

  Corner  Analyze    Analyze    
  Name    Max Paths  Min Paths  
  ------  ---------  ---------  
  Slow    Yes        Yes        
  Fast    Yes        Yes        


------------------------------------------------------------------------------------------------
| Report Methodology
| ------------------
------------------------------------------------------------------------------------------------

No report available as report_methodology has not been run prior. Run report_methodology on the current design for the summary of methodology violations.



check_timing report

Table of Contents
-----------------
1. checking no_clock (0)
2. checking constant_clock (0)
3. checking pulse_width_clock (0)
4. checking unconstrained_internal_endpoints (0)
5. checking no_input_delay (1743)
6. checking no_output_delay (1720)
7. checking multiple_clock (0)
8. checking generated_clocks (0)
9. checking loops (0)
10. checking partial_input_delay (0)
11. checking partial_output_delay (0)
12. checking latch_loops (0)

1. checking no_clock (0)
------------------------
 There are 0 register/latch pins with no clock.


2. checking constant_clock (0)
------------------------------
 There are 0 register/latch pins with constant_clock.


3. checking pulse_width_clock (0)
---------------------------------
 There are 0 register/latch pins which need pulse_width check


4. checking unconstrained_internal_endpoints (0)
------------------------------------------------
 There are 0 pins that are not constrained for maximum delay.

 There are 0 pins that are not constrained for maximum delay due to constant clock.


5. checking no_input_delay (1743)
---------------------------------
 There are 1743 input ports with no input delay specified. (HIGH)

 There are 0 input ports with no input delay but user has a false path constraint.


6. checking no_output_delay (1720)
----------------------------------
 There are 1720 ports with no output delay specified. (HIGH)

 There are 0 ports with no output delay but user has a false path constraint

 There are 0 ports with no output delay but with a timing clock defined on it or propagating through it


7. checking multiple_clock (0)
------------------------------
 There are 0 register/latch pins with multiple clocks.


8. checking generated_clocks (0)
--------------------------------
 There are 0 generated clocks that are not connected to a clock source.


9. checking loops (0)
---------------------
 There are 0 combinational loops in the design.


10. checking partial_input_delay (0)
------------------------------------
 There are 0 input ports with partial input delay specified.


11. checking partial_output_delay (0)
-------------------------------------
 There are 0 ports with partial output delay specified.


12. checking latch_loops (0)
----------------------------
 There are 0 combinational latch loops in the design through latch input



------------------------------------------------------------------------------------------------
| Design Timing Summary
| ---------------------
------------------------------------------------------------------------------------------------

    WNS(ns)      TNS(ns)  TNS Failing Endpoints  TNS Total Endpoints      WHS(ns)      THS(ns)  THS Failing Endpoints  THS Total Endpoints     WPWS(ns)     TPWS(ns)  TPWS Failing Endpoints  TPWS Total Endpoints  
    -------      -------  ---------------------  -------------------      -------      -------  ---------------------  -------------------     --------     --------  ----------------------  --------------------  
      5.347        0.000                      0               255114        0.038        0.000                      0               255114        4.238        0.000                       0                 59043  


All user specified timing constraints are met.


------------------------------------------------------------------------------------------------
| Clock Summary
| -------------
------------------------------------------------------------------------------------------------

Clock   Waveform(ns)       Period(ns)      Frequency(MHz)
-----   ------------       ----------      --------------
ap_clk  {0.000 5.000}      10.000          100.000         


------------------------------------------------------------------------------------------------
| Intra Clock Table
| -----------------
------------------------------------------------------------------------------------------------

Clock             WNS(ns)      TNS(ns)  TNS Failing Endpoints  TNS Total Endpoints      WHS(ns)      THS(ns)  THS Failing Endpoints  THS Total Endpoints     WPWS(ns)     TPWS(ns)  TPWS Failing Endpoints  TPWS Total Endpoints  
-----             -------      -------  ---------------------  -------------------      -------      -------  ---------------------  -------------------     --------     --------  ----------------------  --------------------  
ap_clk              5.347        0.000                      0               255114        0.038        0.000                      0               255114        4.238        0.000                       0                 59043  


------------------------------------------------------------------------------------------------
| Inter Clock Table
| -----------------
------------------------------------------------------------------------------------------------

From Clock    To Clock          WNS(ns)      TNS(ns)  TNS Failing Endpoints  TNS Total Endpoints      WHS(ns)      THS(ns)  THS Failing Endpoints  THS Total Endpoints  
----------    --------          -------      -------  ---------------------  -------------------      -------      -------  ---------------------  -------------------  


------------------------------------------------------------------------------------------------
| Other Path Groups Table
| -----------------------
------------------------------------------------------------------------------------------------

Path Group    From Clock    To Clock          WNS(ns)      TNS(ns)  TNS Failing Endpoints  TNS Total Endpoints      WHS(ns)      THS(ns)  THS Failing Endpoints  THS Total Endpoints  
----------    ----------    --------          -------      -------  ---------------------  -------------------      -------      -------  ---------------------  -------------------  


------------------------------------------------------------------------------------------------
| Timing Details
| --------------
------------------------------------------------------------------------------------------------


---------------------------------------------------------------------------------------------------
From Clock:  ap_clk
  To Clock:  ap_clk

Setup :            0  Failing Endpoints,  Worst Slack        5.347ns,  Total Violation        0.000ns
Hold  :            0  Failing Endpoints,  Worst Slack        0.038ns,  Total Violation        0.000ns
PW    :            0  Failing Endpoints,  Worst Slack        4.238ns,  Total Violation        0.000ns
---------------------------------------------------------------------------------------------------


Max Delay Paths
--------------------------------------------------------------------------------------
Slack (MET) :             5.347ns  (required time - arrival time)
  Source:                 bd_0_i/hls_inst/inst/grp_spmm_stage_fu_164/spmm_compute_U0/grp_spmm_compute_Pipeline_SPMM_MAC_fu_515/mul_26s_26s_52_1_1_U1575/tmp_product/DSP_A_B_DATA_INST/CLK
                            (rising edge-triggered cell DSP_A_B_DATA clocked by ap_clk  {rise@0.000ns fall@5.000ns period=10.000ns})
  Destination:            bd_0_i/hls_inst/inst/grp_spmm_stage_fu_164/spmm_compute_U0/acc_10_U/ram_reg_0_1_31_31/DP/I
                            (rising edge-triggered cell RAMD32 clocked by ap_clk  {rise@0.000ns fall@5.000ns period=10.000ns})
  Path Group:             ap_clk
  Path Type:              Setup (Max at Slow Process Corner)
  Requirement:            10.000ns  (ap_clk rise@10.000ns - ap_clk rise@0.000ns)
  Data Path Delay:        4.466ns  (logic 3.661ns (81.975%)  route 0.805ns (18.025%))
  Logic Levels:           14  (CARRY8=5 DSP_ALU=2 DSP_M_DATA=1 DSP_MULTIPLIER=1 DSP_OUTPUT=2 DSP_PREADD_DATA=1 LUT2=2)
  Clock Path Skew:        -0.018ns (DCD - SCD + CPR)
    Destination Clock Delay (DCD):    0.059ns = ( 10.059 - 10.000 ) 
    Source Clock Delay      (SCD):    0.077ns
    Clock Pessimism Removal (CPR):    0.000ns
  Clock Uncertainty:      0.035ns  ((TSJ^2 + TIJ^2)^1/2 + DJ) / 2 + PE
    Total System Jitter     (TSJ):    0.071ns
    Total Input Jitter      (TIJ):    0.000ns
    Discrete Jitter          (DJ):    0.000ns
    Phase Error              (PE):    0.000ns

    Location             Delay type                Incr(ns)  Path(ns)    Netlist Resource(s)
  -------------------------------------------------------------------    -------------------
                         (clock ap_clk rise edge)     0.000     0.000 r  
                                                      0.000     0.000 r  ap_clk (IN)
                         net (fo=60391, unset)        0.077     0.077    bd_0_i/hls_inst/inst/grp_spmm_stage_fu_164/spmm_compute_U0/grp_spmm_compute_Pipeline_SPMM_MAC_fu_515/mul_26s_26s_52_1_1_U1575/tmp_product/CLK
                         DSP_A_B_DATA                                 r  bd_0_i/hls_inst/inst/grp_spmm_stage_fu_164/spmm_compute_U0/grp_spmm_compute_Pipeline_SPMM_MAC_fu_515/mul_26s_26s_52_1_1_U1575/tmp_product/DSP_A_B_DATA_INST/CLK
  -------------------------------------------------------------------    -------------------
                         DSP_A_B_DATA (Prop_DSP_A_B_DATA_CLK_B2_DATA[17])
                                                      0.264     0.341 r  bd_0_i/hls_inst/inst/grp_spmm_stage_fu_164/spmm_compute_U0/grp_spmm_compute_Pipeline_SPMM_MAC_fu_515/mul_26s_26s_52_1_1_U1575/tmp_product/DSP_A_B_DATA_INST/B2_DATA[17]
                         net (fo=1, unplaced)         0.000     0.341    bd_0_i/hls_inst/inst/grp_spmm_stage_fu_164/spmm_compute_U0/grp_spmm_compute_Pipeline_SPMM_MAC_fu_515/mul_26s_26s_52_1_1_U1575/tmp_product/DSP_A_B_DATA.B2_DATA<17>
                         DSP_PREADD_DATA (Prop_DSP_PREADD_DATA_B2_DATA[17]_B2B1[17])
                                                      0.097     0.438 r  bd_0_i/hls_inst/inst/grp_spmm_stage_fu_164/spmm_compute_U0/grp_spmm_compute_Pipeline_SPMM_MAC_fu_515/mul_26s_26s_52_1_1_U1575/tmp_product/DSP_PREADD_DATA_INST/B2B1[17]
                         net (fo=1, unplaced)         0.000     0.438    bd_0_i/hls_inst/inst/grp_spmm_stage_fu_164/spmm_compute_U0/grp_spmm_compute_Pipeline_SPMM_MAC_fu_515/mul_26s_26s_52_1_1_U1575/tmp_product/DSP_PREADD_DATA.B2B1<17>
                         DSP_MULTIPLIER (Prop_DSP_MULTIPLIER_B2B1[17]_U[43])
                                                      0.773     1.211 f  bd_0_i/hls_inst/inst/grp_spmm_stage_fu_164/spmm_compute_U0/grp_spmm_compute_Pipeline_SPMM_MAC_fu_515/mul_26s_26s_52_1_1_U1575/tmp_product/DSP_MULTIPLIER_INST/U[43]
                         net (fo=1, unplaced)         0.000     1.211    bd_0_i/hls_inst/inst/grp_spmm_stage_fu_164/spmm_compute_U0/grp_spmm_compute_Pipeline_SPMM_MAC_fu_515/mul_26s_26s_52_1_1_U1575/tmp_product/DSP_MULTIPLIER.U<43>
                         DSP_M_DATA (Prop_DSP_M_DATA_U[43]_U_DATA[43])
                                                      0.067     1.278 r  bd_0_i/hls_inst/inst/grp_spmm_stage_fu_164/spmm_compute_U0/grp_spmm_compute_Pipeline_SPMM_MAC_fu_515/mul_26s_26s_52_1_1_U1575/tmp_product/DSP_M_DATA_INST/U_DATA[43]
                         net (fo=1, unplaced)         0.000     1.278    bd_0_i/hls_inst/inst/grp_spmm_stage_fu_164/spmm_compute_U0/grp_spmm_compute_Pipeline_SPMM_MAC_fu_515/mul_26s_26s_52_1_1_U1575/tmp_product/DSP_M_DATA.U_DATA<43>
                         DSP_ALU (Prop_DSP_ALU_U_DATA[43]_ALU_OUT[47])
                                                      0.727     2.005 f  bd_0_i/hls_inst/inst/grp_spmm_stage_fu_164/spmm_compute_U0/grp_spmm_compute_Pipeline_SPMM_MAC_fu_515/mul_26s_26s_52_1_1_U1575/tmp_product/DSP_ALU_INST/ALU_OUT[47]
                         net (fo=1, unplaced)         0.000     2.005    bd_0_i/hls_inst/inst/grp_spmm_stage_fu_164/spmm_compute_U0/grp_spmm_compute_Pipeline_SPMM_MAC_fu_515/mul_26s_26s_52_1_1_U1575/tmp_product/DSP_ALU.ALU_OUT<47>
                         DSP_OUTPUT (Prop_DSP_OUTPUT_ALU_OUT[47]_PCOUT[47])
                                                      0.167     2.172 r  bd_0_i/hls_inst/inst/grp_spmm_stage_fu_164/spmm_compute_U0/grp_spmm_compute_Pipeline_SPMM_MAC_fu_515/mul_26s_26s_52_1_1_U1575/tmp_product/DSP_OUTPUT_INST/PCOUT[47]
                         net (fo=1, unplaced)         0.014     2.186    bd_0_i/hls_inst/inst/grp_spmm_stage_fu_164/spmm_compute_U0/grp_spmm_compute_Pipeline_SPMM_MAC_fu_515/mul_26s_26s_52_1_1_U1575/tmp_product__0/PCIN[47]
                         DSP_ALU (Prop_DSP_ALU_PCIN[47]_ALU_OUT[7])
                                                      0.739     2.925 f  bd_0_i/hls_inst/inst/grp_spmm_stage_fu_164/spmm_compute_U0/grp_spmm_compute_Pipeline_SPMM_MAC_fu_515/mul_26s_26s_52_1_1_U1575/tmp_product__0/DSP_ALU_INST/ALU_OUT[7]
                         net (fo=1, unplaced)         0.000     2.925    bd_0_i/hls_inst/inst/grp_spmm_stage_fu_164/spmm_compute_U0/grp_spmm_compute_Pipeline_SPMM_MAC_fu_515/mul_26s_26s_52_1_1_U1575/tmp_product__0/DSP_ALU.ALU_OUT<7>
                         DSP_OUTPUT (Prop_DSP_OUTPUT_ALU_OUT[7]_P[7])
                                                      0.146     3.071 r  bd_0_i/hls_inst/inst/grp_spmm_stage_fu_164/spmm_compute_U0/grp_spmm_compute_Pipeline_SPMM_MAC_fu_515/mul_26s_26s_52_1_1_U1575/tmp_product__0/DSP_OUTPUT_INST/P[7]
                         net (fo=2, unplaced)         0.262     3.333    bd_0_i/hls_inst/inst/grp_spmm_stage_fu_164/spmm_compute_U0/grp_spmm_compute_Pipeline_SPMM_MAC_fu_515/mul_ln268_10_fu_1186_p2[24]
                         LUT2 (Prop_LUT2_I0_O)        0.080     3.413 r  bd_0_i/hls_inst/inst/grp_spmm_stage_fu_164/spmm_compute_U0/grp_spmm_compute_Pipeline_SPMM_MAC_fu_515/ram_reg_0_1_0_0_i_5__20/O
                         net (fo=1, unplaced)         0.037     3.450    bd_0_i/hls_inst/inst/grp_spmm_stage_fu_164/spmm_compute_U0/grp_spmm_compute_Pipeline_SPMM_MAC_fu_515/ram_reg_0_1_0_0_i_5__20_n_4
                         CARRY8 (Prop_CARRY8_S[5]_CO[7])
                                                      0.246     3.696 r  bd_0_i/hls_inst/inst/grp_spmm_stage_fu_164/spmm_compute_U0/grp_spmm_compute_Pipeline_SPMM_MAC_fu_515/ram_reg_0_1_0_0_i_2__18/CO[7]
                         net (fo=1, unplaced)         0.006     3.702    bd_0_i/hls_inst/inst/grp_spmm_stage_fu_164/spmm_compute_U0/grp_spmm_compute_Pipeline_SPMM_MAC_fu_515/ram_reg_0_1_0_0_i_2__18_n_4
                         CARRY8 (Prop_CARRY8_CI_CO[7])
                                                      0.073     3.775 r  bd_0_i/hls_inst/inst/grp_spmm_stage_fu_164/spmm_compute_U0/grp_spmm_compute_Pipeline_SPMM_MAC_fu_515/ram_reg_0_1_7_7_i_2__20/CO[7]
                         net (fo=1, unplaced)         0.006     3.781    bd_0_i/hls_inst/inst/grp_spmm_stage_fu_164/spmm_compute_U0/grp_spmm_compute_Pipeline_SPMM_MAC_fu_515/ram_reg_0_1_7_7_i_2__20_n_4
                         CARRY8 (Prop_CARRY8_CI_CO[7])
                                                      0.073     3.854 r  bd_0_i/hls_inst/inst/grp_spmm_stage_fu_164/spmm_compute_U0/grp_spmm_compute_Pipeline_SPMM_MAC_fu_515/ram_reg_0_1_15_15_i_2__18/CO[7]
                         net (fo=1, unplaced)         0.006     3.860    bd_0_i/hls_inst/inst/grp_spmm_stage_fu_164/spmm_compute_U0/grp_spmm_compute_Pipeline_SPMM_MAC_fu_515/ram_reg_0_1_15_15_i_2__18_n_4
                         CARRY8 (Prop_CARRY8_CI_CO[7])
                                                      0.073     3.933 r  bd_0_i/hls_inst/inst/grp_spmm_stage_fu_164/spmm_compute_U0/grp_spmm_compute_Pipeline_SPMM_MAC_fu_515/ram_reg_0_1_23_23_i_2__18/CO[7]
                         net (fo=1, unplaced)         0.006     3.939    bd_0_i/hls_inst/inst/grp_spmm_stage_fu_164/spmm_compute_U0/grp_spmm_compute_Pipeline_SPMM_MAC_fu_515/ram_reg_0_1_23_23_i_2__18_n_4
                         CARRY8 (Prop_CARRY8_CI_O[0])
                                                      0.078     4.017 r  bd_0_i/hls_inst/inst/grp_spmm_stage_fu_164/spmm_compute_U0/grp_spmm_compute_Pipeline_SPMM_MAC_fu_515/ram_reg_0_1_31_31_i_2__20/O[0]
                         net (fo=1, unplaced)         0.211     4.228    bd_0_i/hls_inst/inst/grp_spmm_stage_fu_164/spmm_compute_U0/grp_spmm_compute_Pipeline_SPMM_MAC_fu_515/mul_26s_26s_52_1_1_U1575/add_ln268_10_fu_1782_p2[0]
                         LUT2 (Prop_LUT2_I0_O)        0.058     4.286 r  bd_0_i/hls_inst/inst/grp_spmm_stage_fu_164/spmm_compute_U0/grp_spmm_compute_Pipeline_SPMM_MAC_fu_515/mul_26s_26s_52_1_1_U1575/ram_reg_0_1_31_31_i_1__9/O
                         net (fo=2, unplaced)         0.257     4.543    bd_0_i/hls_inst/inst/grp_spmm_stage_fu_164/spmm_compute_U0/acc_10_U/ram_reg_0_1_31_31/D
                         RAMD32                                       r  bd_0_i/hls_inst/inst/grp_spmm_stage_fu_164/spmm_compute_U0/acc_10_U/ram_reg_0_1_31_31/DP/I
  -------------------------------------------------------------------    -------------------

                         (clock ap_clk rise edge)    10.000    10.000 r  
                                                      0.000    10.000 r  ap_clk (IN)
                         net (fo=60391, unset)        0.059    10.059    bd_0_i/hls_inst/inst/grp_spmm_stage_fu_164/spmm_compute_U0/acc_10_U/ram_reg_0_1_31_31/WCLK
                         RAMD32                                       r  bd_0_i/hls_inst/inst/grp_spmm_stage_fu_164/spmm_compute_U0/acc_10_U/ram_reg_0_1_31_31/DP/CLK
                         clock pessimism              0.000    10.059    
                         clock uncertainty           -0.035    10.024    
                         RAMD32 (Setup_RAMD32_CLK_I)
                                                     -0.134     9.890    bd_0_i/hls_inst/inst/grp_spmm_stage_fu_164/spmm_compute_U0/acc_10_U/ram_reg_0_1_31_31/DP
  -------------------------------------------------------------------
                         required time                          9.890    
                         arrival time                          -4.543    
  -------------------------------------------------------------------
                         slack                                  5.347    





Min Delay Paths
--------------------------------------------------------------------------------------
Slack (MET) :             0.038ns  (arrival time - required time)
  Source:                 bd_0_i/hls_inst/inst/grp_spmm_stage_fu_164/val_fifo_U/waddr_reg[3]/C
                            (rising edge-triggered cell FDRE clocked by ap_clk  {rise@0.000ns fall@5.000ns period=10.000ns})
  Destination:            bd_0_i/hls_inst/inst/grp_spmm_stage_fu_164/val_fifo_U/U_integrated_gcn_fifo_w16_d256_A_ram/mem_reg_0_63_0_6/RAMA/WADR3
                            (rising edge-triggered cell RAMD64E clocked by ap_clk  {rise@0.000ns fall@5.000ns period=10.000ns})
  Path Group:             ap_clk
  Path Type:              Hold (Min at Fast Process Corner)
  Requirement:            0.000ns  (ap_clk rise@0.000ns - ap_clk rise@0.000ns)
  Data Path Delay:        0.171ns  (logic 0.084ns (49.123%)  route 0.087ns (50.877%))
  Logic Levels:           0  
  Clock Path Skew:        0.043ns (DCD - SCD - CPR)
    Destination Clock Delay (DCD):    0.057ns
    Source Clock Delay      (SCD):    0.014ns
    Clock Pessimism Removal (CPR):    -0.000ns

    Location             Delay type                Incr(ns)  Path(ns)    Netlist Resource(s)
  -------------------------------------------------------------------    -------------------
                         (clock ap_clk rise edge)     0.000     0.000 r  
                                                      0.000     0.000 r  ap_clk (IN)
                         net (fo=60391, unset)        0.014     0.014    bd_0_i/hls_inst/inst/grp_spmm_stage_fu_164/val_fifo_U/ap_clk
                         FDRE                                         r  bd_0_i/hls_inst/inst/grp_spmm_stage_fu_164/val_fifo_U/waddr_reg[3]/C
  -------------------------------------------------------------------    -------------------
                         FDRE (Prop_FDRE_C_Q)         0.084     0.098 r  bd_0_i/hls_inst/inst/grp_spmm_stage_fu_164/val_fifo_U/waddr_reg[3]/Q
                         net (fo=96, unplaced)        0.087     0.185    bd_0_i/hls_inst/inst/grp_spmm_stage_fu_164/val_fifo_U/U_integrated_gcn_fifo_w16_d256_A_ram/mem_reg_0_63_0_6/ADDRH3
                         RAMD64E                                      r  bd_0_i/hls_inst/inst/grp_spmm_stage_fu_164/val_fifo_U/U_integrated_gcn_fifo_w16_d256_A_ram/mem_reg_0_63_0_6/RAMA/WADR3
  -------------------------------------------------------------------    -------------------

                         (clock ap_clk rise edge)     0.000     0.000 r  
                                                      0.000     0.000 r  ap_clk (IN)
                         net (fo=60391, unset)        0.057     0.057    bd_0_i/hls_inst/inst/grp_spmm_stage_fu_164/val_fifo_U/U_integrated_gcn_fifo_w16_d256_A_ram/mem_reg_0_63_0_6/WCLK
                         RAMD64E                                      r  bd_0_i/hls_inst/inst/grp_spmm_stage_fu_164/val_fifo_U/U_integrated_gcn_fifo_w16_d256_A_ram/mem_reg_0_63_0_6/RAMA/CLK
                         clock pessimism              0.000     0.057    
                         RAMD64E (Hold_RAMD64E_CLK_WADR3)
                                                      0.090     0.147    bd_0_i/hls_inst/inst/grp_spmm_stage_fu_164/val_fifo_U/U_integrated_gcn_fifo_w16_d256_A_ram/mem_reg_0_63_0_6/RAMA
  -------------------------------------------------------------------
                         required time                         -0.147    
                         arrival time                           0.185    
  -------------------------------------------------------------------
                         slack                                  0.038    





Pulse Width Checks
--------------------------------------------------------------------------------------
Clock Name:         ap_clk
Waveform(ns):       { 0.000 5.000 }
Period(ns):         10.000
Sources:            { ap_clk }

Check Type        Corner  Lib Pin             Reference Pin  Required(ns)  Actual(ns)  Slack(ns)  Location  Pin
Min Period        n/a     RAMB36E2/CLKARDCLK  n/a            1.960         10.000      8.040                bd_0_i/hls_inst/inst/gmem0_m_axi_U/load_unit_0/buff_rdata/U_fifo_mem/mem_reg_0/CLKARDCLK
Low Pulse Width   Slow    SRL16E/CLK          n/a            0.762         5.000       4.238                bd_0_i/hls_inst/inst/bus_read/ost_ctrl_gen[0].fifo_burst/U_fifo_srl/mem_reg[14][0]_srl15/CLK
High Pulse Width  Slow    SRL16E/CLK          n/a            0.762         5.000       4.238                bd_0_i/hls_inst/inst/bus_read/ost_ctrl_gen[0].fifo_burst/U_fifo_srl/mem_reg[14][0]_srl15/CLK



