Copyright 1986-2022 Xilinx, Inc. All Rights Reserved. Copyright 2022-2025 Advanced Micro Devices, Inc. All Rights Reserved.
--------------------------------------------------------------------------------------------------------------------------------------------------
| Tool Version      : Vivado v.2025.2 (lin64) Build 6299465 Fri Nov 14 12:34:56 MST 2025
| Date              : Thu Apr 16 10:29:16 2026
| Host              : nat-Yoga-Pro-9-16IAH10 running 64-bit Ubuntu 24.04.3 LTS
| Command           : report_timing -max_paths 10 -file ./report/integrated_gcn_approx_timing_paths_routed.rpt
| Design            : bd_0_wrapper
| Device            : xck26-sfvc784
| Speed File        : -2LV  PRODUCTION 1.30 05-15-2022
| Design State      : Routed
| Temperature Grade : C
--------------------------------------------------------------------------------------------------------------------------------------------------

Timing Report

Slack (MET) :             1.265ns  (required time - arrival time)
  Source:                 bd_0_i/hls_inst/inst/grp_gemm_stage_fu_148/gemm_compute_U0/grp_gemm_compute_Pipeline_COMP_KB_COMP_K_COMP_I_fu_1330/a_2_reg_11236_reg[6]/C
                            (rising edge-triggered cell FDRE clocked by ap_clk  {rise@0.000ns fall@5.000ns period=10.000ns})
  Destination:            bd_0_i/hls_inst/inst/grp_gemm_stage_fu_148/gemm_compute_U0/grp_gemm_compute_Pipeline_COMP_KB_COMP_K_COMP_I_fu_1330/grp_mul8s_1KV8_fu_6206/xor_ln209_reg_2361_reg[0]/D
                            (rising edge-triggered cell FDRE clocked by ap_clk  {rise@0.000ns fall@5.000ns period=10.000ns})
  Path Group:             ap_clk
  Path Type:              Setup (Max at Slow Process Corner)
  Requirement:            10.000ns  (ap_clk rise@10.000ns - ap_clk rise@0.000ns)
  Data Path Delay:        8.729ns  (logic 0.304ns (3.483%)  route 8.425ns (96.517%))
  Logic Levels:           1  (LUT6=1)
  Clock Path Skew:        -0.014ns (DCD - SCD + CPR)
    Destination Clock Delay (DCD):    0.029ns = ( 10.029 - 10.000 ) 
    Source Clock Delay      (SCD):    0.043ns
    Clock Pessimism Removal (CPR):    0.000ns
  Clock Uncertainty:      0.035ns  ((TSJ^2 + TIJ^2)^1/2 + DJ) / 2 + PE
    Total System Jitter     (TSJ):    0.071ns
    Total Input Jitter      (TIJ):    0.000ns
    Discrete Jitter          (DJ):    0.000ns
    Phase Error              (PE):    0.000ns

    Location             Delay type                Incr(ns)  Path(ns)    Netlist Resource(s)
  -------------------------------------------------------------------    -------------------
                         (clock ap_clk rise edge)     0.000     0.000 r  
                                                      0.000     0.000 r  ap_clk (IN)
                         net (fo=43114, unset)        0.043     0.043    bd_0_i/hls_inst/inst/grp_gemm_stage_fu_148/gemm_compute_U0/grp_gemm_compute_Pipeline_COMP_KB_COMP_K_COMP_I_fu_1330/ap_clk
    SLICE_X29Y17         FDRE                                         r  bd_0_i/hls_inst/inst/grp_gemm_stage_fu_148/gemm_compute_U0/grp_gemm_compute_Pipeline_COMP_KB_COMP_K_COMP_I_fu_1330/a_2_reg_11236_reg[6]/C
  -------------------------------------------------------------------    -------------------
    SLICE_X29Y17         FDRE (Prop_CFF_SLICEM_C_Q)
                                                      0.116     0.159 r  bd_0_i/hls_inst/inst/grp_gemm_stage_fu_148/gemm_compute_U0/grp_gemm_compute_Pipeline_COMP_KB_COMP_K_COMP_I_fu_1330/a_2_reg_11236_reg[6]/Q
                         net (fo=64, routed)          8.358     8.517    bd_0_i/hls_inst/inst/grp_gemm_stage_fu_148/gemm_compute_U0/grp_gemm_compute_Pipeline_COMP_KB_COMP_K_COMP_I_fu_1330/grp_mul8s_1KV8_fu_6206/xor_ln209_reg_2361_reg[0]_0[1]
    SLICE_X22Y210        LUT6 (Prop_B6LUT_SLICEL_I0_O)
                                                      0.188     8.705 r  bd_0_i/hls_inst/inst/grp_gemm_stage_fu_148/gemm_compute_U0/grp_gemm_compute_Pipeline_COMP_KB_COMP_K_COMP_I_fu_1330/grp_mul8s_1KV8_fu_6206/xor_ln209_reg_2361[0]_i_1__62/O
                         net (fo=1, routed)           0.067     8.772    bd_0_i/hls_inst/inst/grp_gemm_stage_fu_148/gemm_compute_U0/grp_gemm_compute_Pipeline_COMP_KB_COMP_K_COMP_I_fu_1330/grp_mul8s_1KV8_fu_6206/xor_ln209_fu_2190_p2[0]
    SLICE_X22Y210        FDRE                                         r  bd_0_i/hls_inst/inst/grp_gemm_stage_fu_148/gemm_compute_U0/grp_gemm_compute_Pipeline_COMP_KB_COMP_K_COMP_I_fu_1330/grp_mul8s_1KV8_fu_6206/xor_ln209_reg_2361_reg[0]/D
  -------------------------------------------------------------------    -------------------

                         (clock ap_clk rise edge)    10.000    10.000 r  
                                                      0.000    10.000 r  ap_clk (IN)
                         net (fo=43114, unset)        0.029    10.029    bd_0_i/hls_inst/inst/grp_gemm_stage_fu_148/gemm_compute_U0/grp_gemm_compute_Pipeline_COMP_KB_COMP_K_COMP_I_fu_1330/grp_mul8s_1KV8_fu_6206/ap_clk
    SLICE_X22Y210        FDRE                                         r  bd_0_i/hls_inst/inst/grp_gemm_stage_fu_148/gemm_compute_U0/grp_gemm_compute_Pipeline_COMP_KB_COMP_K_COMP_I_fu_1330/grp_mul8s_1KV8_fu_6206/xor_ln209_reg_2361_reg[0]/C
                         clock pessimism              0.000    10.029    
                         clock uncertainty           -0.035     9.994    
    SLICE_X22Y210        FDRE (Setup_BFF_SLICEL_C_D)
                                                      0.044    10.038    bd_0_i/hls_inst/inst/grp_gemm_stage_fu_148/gemm_compute_U0/grp_gemm_compute_Pipeline_COMP_KB_COMP_K_COMP_I_fu_1330/grp_mul8s_1KV8_fu_6206/xor_ln209_reg_2361_reg[0]
  -------------------------------------------------------------------
                         required time                         10.038    
                         arrival time                          -8.772    
  -------------------------------------------------------------------
                         slack                                  1.265    

Slack (MET) :             1.341ns  (required time - arrival time)
  Source:                 bd_0_i/hls_inst/inst/grp_gemm_stage_fu_148/gemm_compute_U0/grp_gemm_compute_Pipeline_COMP_KB_COMP_K_COMP_I_fu_1330/a_2_reg_11236_reg[6]/C
                            (rising edge-triggered cell FDRE clocked by ap_clk  {rise@0.000ns fall@5.000ns period=10.000ns})
  Destination:            bd_0_i/hls_inst/inst/grp_gemm_stage_fu_148/gemm_compute_U0/grp_gemm_compute_Pipeline_COMP_KB_COMP_K_COMP_I_fu_1330/grp_mul8s_1KV8_fu_6134/xor_ln209_reg_2361_reg[0]/D
                            (rising edge-triggered cell FDRE clocked by ap_clk  {rise@0.000ns fall@5.000ns period=10.000ns})
  Path Group:             ap_clk
  Path Type:              Setup (Max at Slow Process Corner)
  Requirement:            10.000ns  (ap_clk rise@10.000ns - ap_clk rise@0.000ns)
  Data Path Delay:        8.654ns  (logic 0.269ns (3.108%)  route 8.385ns (96.892%))
  Logic Levels:           1  (LUT6=1)
  Clock Path Skew:        -0.014ns (DCD - SCD + CPR)
    Destination Clock Delay (DCD):    0.029ns = ( 10.029 - 10.000 ) 
    Source Clock Delay      (SCD):    0.043ns
    Clock Pessimism Removal (CPR):    0.000ns
  Clock Uncertainty:      0.035ns  ((TSJ^2 + TIJ^2)^1/2 + DJ) / 2 + PE
    Total System Jitter     (TSJ):    0.071ns
    Total Input Jitter      (TIJ):    0.000ns
    Discrete Jitter          (DJ):    0.000ns
    Phase Error              (PE):    0.000ns

    Location             Delay type                Incr(ns)  Path(ns)    Netlist Resource(s)
  -------------------------------------------------------------------    -------------------
                         (clock ap_clk rise edge)     0.000     0.000 r  
                                                      0.000     0.000 r  ap_clk (IN)
                         net (fo=43114, unset)        0.043     0.043    bd_0_i/hls_inst/inst/grp_gemm_stage_fu_148/gemm_compute_U0/grp_gemm_compute_Pipeline_COMP_KB_COMP_K_COMP_I_fu_1330/ap_clk
    SLICE_X29Y17         FDRE                                         r  bd_0_i/hls_inst/inst/grp_gemm_stage_fu_148/gemm_compute_U0/grp_gemm_compute_Pipeline_COMP_KB_COMP_K_COMP_I_fu_1330/a_2_reg_11236_reg[6]/C
  -------------------------------------------------------------------    -------------------
    SLICE_X29Y17         FDRE (Prop_CFF_SLICEM_C_Q)
                                                      0.116     0.159 r  bd_0_i/hls_inst/inst/grp_gemm_stage_fu_148/gemm_compute_U0/grp_gemm_compute_Pipeline_COMP_KB_COMP_K_COMP_I_fu_1330/a_2_reg_11236_reg[6]/Q
                         net (fo=64, routed)          8.315     8.474    bd_0_i/hls_inst/inst/grp_gemm_stage_fu_148/gemm_compute_U0/grp_gemm_compute_Pipeline_COMP_KB_COMP_K_COMP_I_fu_1330/grp_mul8s_1KV8_fu_6134/Q[1]
    SLICE_X15Y199        LUT6 (Prop_H6LUT_SLICEL_I0_O)
                                                      0.153     8.627 r  bd_0_i/hls_inst/inst/grp_gemm_stage_fu_148/gemm_compute_U0/grp_gemm_compute_Pipeline_COMP_KB_COMP_K_COMP_I_fu_1330/grp_mul8s_1KV8_fu_6134/xor_ln209_reg_2361[0]_i_1__156/O
                         net (fo=1, routed)           0.070     8.697    bd_0_i/hls_inst/inst/grp_gemm_stage_fu_148/gemm_compute_U0/grp_gemm_compute_Pipeline_COMP_KB_COMP_K_COMP_I_fu_1330/grp_mul8s_1KV8_fu_6134/xor_ln209_fu_2190_p2[0]
    SLICE_X15Y199        FDRE                                         r  bd_0_i/hls_inst/inst/grp_gemm_stage_fu_148/gemm_compute_U0/grp_gemm_compute_Pipeline_COMP_KB_COMP_K_COMP_I_fu_1330/grp_mul8s_1KV8_fu_6134/xor_ln209_reg_2361_reg[0]/D
  -------------------------------------------------------------------    -------------------

                         (clock ap_clk rise edge)    10.000    10.000 r  
                                                      0.000    10.000 r  ap_clk (IN)
                         net (fo=43114, unset)        0.029    10.029    bd_0_i/hls_inst/inst/grp_gemm_stage_fu_148/gemm_compute_U0/grp_gemm_compute_Pipeline_COMP_KB_COMP_K_COMP_I_fu_1330/grp_mul8s_1KV8_fu_6134/ap_clk
    SLICE_X15Y199        FDRE                                         r  bd_0_i/hls_inst/inst/grp_gemm_stage_fu_148/gemm_compute_U0/grp_gemm_compute_Pipeline_COMP_KB_COMP_K_COMP_I_fu_1330/grp_mul8s_1KV8_fu_6134/xor_ln209_reg_2361_reg[0]/C
                         clock pessimism              0.000    10.029    
                         clock uncertainty           -0.035     9.994    
    SLICE_X15Y199        FDRE (Setup_HFF_SLICEL_C_D)
                                                      0.044    10.038    bd_0_i/hls_inst/inst/grp_gemm_stage_fu_148/gemm_compute_U0/grp_gemm_compute_Pipeline_COMP_KB_COMP_K_COMP_I_fu_1330/grp_mul8s_1KV8_fu_6134/xor_ln209_reg_2361_reg[0]
  -------------------------------------------------------------------
                         required time                         10.038    
                         arrival time                          -8.697    
  -------------------------------------------------------------------
                         slack                                  1.341    

Slack (MET) :             1.588ns  (required time - arrival time)
  Source:                 bd_0_i/hls_inst/inst/grp_gemm_stage_fu_148/gemm_compute_U0/grp_gemm_compute_Pipeline_COMP_KB_COMP_K_COMP_I_fu_1330/a_2_reg_11236_reg[6]/C
                            (rising edge-triggered cell FDRE clocked by ap_clk  {rise@0.000ns fall@5.000ns period=10.000ns})
  Destination:            bd_0_i/hls_inst/inst/grp_gemm_stage_fu_148/gemm_compute_U0/grp_gemm_compute_Pipeline_COMP_KB_COMP_K_COMP_I_fu_1330/grp_mul8s_1KV8_fu_6128/xor_ln209_reg_2361_reg[0]/D
                            (rising edge-triggered cell FDRE clocked by ap_clk  {rise@0.000ns fall@5.000ns period=10.000ns})
  Path Group:             ap_clk
  Path Type:              Setup (Max at Slow Process Corner)
  Requirement:            10.000ns  (ap_clk rise@10.000ns - ap_clk rise@0.000ns)
  Data Path Delay:        8.407ns  (logic 0.266ns (3.164%)  route 8.141ns (96.836%))
  Logic Levels:           1  (LUT6=1)
  Clock Path Skew:        -0.014ns (DCD - SCD + CPR)
    Destination Clock Delay (DCD):    0.029ns = ( 10.029 - 10.000 ) 
    Source Clock Delay      (SCD):    0.043ns
    Clock Pessimism Removal (CPR):    0.000ns
  Clock Uncertainty:      0.035ns  ((TSJ^2 + TIJ^2)^1/2 + DJ) / 2 + PE
    Total System Jitter     (TSJ):    0.071ns
    Total Input Jitter      (TIJ):    0.000ns
    Discrete Jitter          (DJ):    0.000ns
    Phase Error              (PE):    0.000ns

    Location             Delay type                Incr(ns)  Path(ns)    Netlist Resource(s)
  -------------------------------------------------------------------    -------------------
                         (clock ap_clk rise edge)     0.000     0.000 r  
                                                      0.000     0.000 r  ap_clk (IN)
                         net (fo=43114, unset)        0.043     0.043    bd_0_i/hls_inst/inst/grp_gemm_stage_fu_148/gemm_compute_U0/grp_gemm_compute_Pipeline_COMP_KB_COMP_K_COMP_I_fu_1330/ap_clk
    SLICE_X29Y17         FDRE                                         r  bd_0_i/hls_inst/inst/grp_gemm_stage_fu_148/gemm_compute_U0/grp_gemm_compute_Pipeline_COMP_KB_COMP_K_COMP_I_fu_1330/a_2_reg_11236_reg[6]/C
  -------------------------------------------------------------------    -------------------
    SLICE_X29Y17         FDRE (Prop_CFF_SLICEM_C_Q)
                                                      0.116     0.159 r  bd_0_i/hls_inst/inst/grp_gemm_stage_fu_148/gemm_compute_U0/grp_gemm_compute_Pipeline_COMP_KB_COMP_K_COMP_I_fu_1330/a_2_reg_11236_reg[6]/Q
                         net (fo=64, routed)          8.072     8.231    bd_0_i/hls_inst/inst/grp_gemm_stage_fu_148/gemm_compute_U0/grp_gemm_compute_Pipeline_COMP_KB_COMP_K_COMP_I_fu_1330/grp_mul8s_1KV8_fu_6128/Q[1]
    SLICE_X9Y187         LUT6 (Prop_C6LUT_SLICEL_I0_O)
                                                      0.150     8.381 r  bd_0_i/hls_inst/inst/grp_gemm_stage_fu_148/gemm_compute_U0/grp_gemm_compute_Pipeline_COMP_KB_COMP_K_COMP_I_fu_1330/grp_mul8s_1KV8_fu_6128/xor_ln209_reg_2361[0]_i_1__157/O
                         net (fo=1, routed)           0.069     8.450    bd_0_i/hls_inst/inst/grp_gemm_stage_fu_148/gemm_compute_U0/grp_gemm_compute_Pipeline_COMP_KB_COMP_K_COMP_I_fu_1330/grp_mul8s_1KV8_fu_6128/xor_ln209_fu_2190_p2[0]
    SLICE_X9Y187         FDRE                                         r  bd_0_i/hls_inst/inst/grp_gemm_stage_fu_148/gemm_compute_U0/grp_gemm_compute_Pipeline_COMP_KB_COMP_K_COMP_I_fu_1330/grp_mul8s_1KV8_fu_6128/xor_ln209_reg_2361_reg[0]/D
  -------------------------------------------------------------------    -------------------

                         (clock ap_clk rise edge)    10.000    10.000 r  
                                                      0.000    10.000 r  ap_clk (IN)
                         net (fo=43114, unset)        0.029    10.029    bd_0_i/hls_inst/inst/grp_gemm_stage_fu_148/gemm_compute_U0/grp_gemm_compute_Pipeline_COMP_KB_COMP_K_COMP_I_fu_1330/grp_mul8s_1KV8_fu_6128/ap_clk
    SLICE_X9Y187         FDRE                                         r  bd_0_i/hls_inst/inst/grp_gemm_stage_fu_148/gemm_compute_U0/grp_gemm_compute_Pipeline_COMP_KB_COMP_K_COMP_I_fu_1330/grp_mul8s_1KV8_fu_6128/xor_ln209_reg_2361_reg[0]/C
                         clock pessimism              0.000    10.029    
                         clock uncertainty           -0.035     9.994    
    SLICE_X9Y187         FDRE (Setup_CFF_SLICEL_C_D)
                                                      0.044    10.038    bd_0_i/hls_inst/inst/grp_gemm_stage_fu_148/gemm_compute_U0/grp_gemm_compute_Pipeline_COMP_KB_COMP_K_COMP_I_fu_1330/grp_mul8s_1KV8_fu_6128/xor_ln209_reg_2361_reg[0]
  -------------------------------------------------------------------
                         required time                         10.038    
                         arrival time                          -8.450    
  -------------------------------------------------------------------
                         slack                                  1.588    

Slack (MET) :             1.826ns  (required time - arrival time)
  Source:                 bd_0_i/hls_inst/inst/grp_gemm_stage_fu_148/gemm_compute_U0/grp_gemm_compute_Pipeline_COMP_KB_COMP_K_COMP_I_fu_1330/a_2_reg_11236_reg[6]/C
                            (rising edge-triggered cell FDRE clocked by ap_clk  {rise@0.000ns fall@5.000ns period=10.000ns})
  Destination:            bd_0_i/hls_inst/inst/grp_gemm_stage_fu_148/gemm_compute_U0/grp_gemm_compute_Pipeline_COMP_KB_COMP_K_COMP_I_fu_1330/grp_mul8s_1KV8_fu_6176/xor_ln209_reg_2361_reg[0]/D
                            (rising edge-triggered cell FDRE clocked by ap_clk  {rise@0.000ns fall@5.000ns period=10.000ns})
  Path Group:             ap_clk
  Path Type:              Setup (Max at Slow Process Corner)
  Requirement:            10.000ns  (ap_clk rise@10.000ns - ap_clk rise@0.000ns)
  Data Path Delay:        8.169ns  (logic 0.337ns (4.126%)  route 7.832ns (95.874%))
  Logic Levels:           1  (LUT6=1)
  Clock Path Skew:        -0.014ns (DCD - SCD + CPR)
    Destination Clock Delay (DCD):    0.029ns = ( 10.029 - 10.000 ) 
    Source Clock Delay      (SCD):    0.043ns
    Clock Pessimism Removal (CPR):    0.000ns
  Clock Uncertainty:      0.035ns  ((TSJ^2 + TIJ^2)^1/2 + DJ) / 2 + PE
    Total System Jitter     (TSJ):    0.071ns
    Total Input Jitter      (TIJ):    0.000ns
    Discrete Jitter          (DJ):    0.000ns
    Phase Error              (PE):    0.000ns

    Location             Delay type                Incr(ns)  Path(ns)    Netlist Resource(s)
  -------------------------------------------------------------------    -------------------
                         (clock ap_clk rise edge)     0.000     0.000 r  
                                                      0.000     0.000 r  ap_clk (IN)
                         net (fo=43114, unset)        0.043     0.043    bd_0_i/hls_inst/inst/grp_gemm_stage_fu_148/gemm_compute_U0/grp_gemm_compute_Pipeline_COMP_KB_COMP_K_COMP_I_fu_1330/ap_clk
    SLICE_X29Y17         FDRE                                         r  bd_0_i/hls_inst/inst/grp_gemm_stage_fu_148/gemm_compute_U0/grp_gemm_compute_Pipeline_COMP_KB_COMP_K_COMP_I_fu_1330/a_2_reg_11236_reg[6]/C
  -------------------------------------------------------------------    -------------------
    SLICE_X29Y17         FDRE (Prop_CFF_SLICEM_C_Q)
                                                      0.116     0.159 r  bd_0_i/hls_inst/inst/grp_gemm_stage_fu_148/gemm_compute_U0/grp_gemm_compute_Pipeline_COMP_KB_COMP_K_COMP_I_fu_1330/a_2_reg_11236_reg[6]/Q
                         net (fo=64, routed)          7.763     7.922    bd_0_i/hls_inst/inst/grp_gemm_stage_fu_148/gemm_compute_U0/grp_gemm_compute_Pipeline_COMP_KB_COMP_K_COMP_I_fu_1330/grp_mul8s_1KV8_fu_6176/xor_ln209_reg_2361_reg[0]_0[1]
    SLICE_X27Y214        LUT6 (Prop_C6LUT_SLICEL_I0_O)
                                                      0.221     8.143 r  bd_0_i/hls_inst/inst/grp_gemm_stage_fu_148/gemm_compute_U0/grp_gemm_compute_Pipeline_COMP_KB_COMP_K_COMP_I_fu_1330/grp_mul8s_1KV8_fu_6176/xor_ln209_reg_2361[0]_i_1__59/O
                         net (fo=1, routed)           0.069     8.212    bd_0_i/hls_inst/inst/grp_gemm_stage_fu_148/gemm_compute_U0/grp_gemm_compute_Pipeline_COMP_KB_COMP_K_COMP_I_fu_1330/grp_mul8s_1KV8_fu_6176/xor_ln209_fu_2190_p2[0]
    SLICE_X27Y214        FDRE                                         r  bd_0_i/hls_inst/inst/grp_gemm_stage_fu_148/gemm_compute_U0/grp_gemm_compute_Pipeline_COMP_KB_COMP_K_COMP_I_fu_1330/grp_mul8s_1KV8_fu_6176/xor_ln209_reg_2361_reg[0]/D
  -------------------------------------------------------------------    -------------------

                         (clock ap_clk rise edge)    10.000    10.000 r  
                                                      0.000    10.000 r  ap_clk (IN)
                         net (fo=43114, unset)        0.029    10.029    bd_0_i/hls_inst/inst/grp_gemm_stage_fu_148/gemm_compute_U0/grp_gemm_compute_Pipeline_COMP_KB_COMP_K_COMP_I_fu_1330/grp_mul8s_1KV8_fu_6176/ap_clk
    SLICE_X27Y214        FDRE                                         r  bd_0_i/hls_inst/inst/grp_gemm_stage_fu_148/gemm_compute_U0/grp_gemm_compute_Pipeline_COMP_KB_COMP_K_COMP_I_fu_1330/grp_mul8s_1KV8_fu_6176/xor_ln209_reg_2361_reg[0]/C
                         clock pessimism              0.000    10.029    
                         clock uncertainty           -0.035     9.994    
    SLICE_X27Y214        FDRE (Setup_CFF_SLICEL_C_D)
                                                      0.044    10.038    bd_0_i/hls_inst/inst/grp_gemm_stage_fu_148/gemm_compute_U0/grp_gemm_compute_Pipeline_COMP_KB_COMP_K_COMP_I_fu_1330/grp_mul8s_1KV8_fu_6176/xor_ln209_reg_2361_reg[0]
  -------------------------------------------------------------------
                         required time                         10.038    
                         arrival time                          -8.212    
  -------------------------------------------------------------------
                         slack                                  1.826    

Slack (MET) :             1.913ns  (required time - arrival time)
  Source:                 bd_0_i/hls_inst/inst/grp_gemm_stage_fu_148/gemm_compute_U0/grp_gemm_compute_Pipeline_COMP_KB_COMP_K_COMP_I_fu_1330/a_2_reg_11236_reg[6]/C
                            (rising edge-triggered cell FDRE clocked by ap_clk  {rise@0.000ns fall@5.000ns period=10.000ns})
  Destination:            bd_0_i/hls_inst/inst/grp_gemm_stage_fu_148/gemm_compute_U0/grp_gemm_compute_Pipeline_COMP_KB_COMP_K_COMP_I_fu_1330/grp_mul8s_1KV8_fu_6200/xor_ln209_reg_2361_reg[0]/D
                            (rising edge-triggered cell FDRE clocked by ap_clk  {rise@0.000ns fall@5.000ns period=10.000ns})
  Path Group:             ap_clk
  Path Type:              Setup (Max at Slow Process Corner)
  Requirement:            10.000ns  (ap_clk rise@10.000ns - ap_clk rise@0.000ns)
  Data Path Delay:        8.082ns  (logic 0.336ns (4.157%)  route 7.746ns (95.843%))
  Logic Levels:           1  (LUT6=1)
  Clock Path Skew:        -0.013ns (DCD - SCD + CPR)
    Destination Clock Delay (DCD):    0.030ns = ( 10.030 - 10.000 ) 
    Source Clock Delay      (SCD):    0.043ns
    Clock Pessimism Removal (CPR):    0.000ns
  Clock Uncertainty:      0.035ns  ((TSJ^2 + TIJ^2)^1/2 + DJ) / 2 + PE
    Total System Jitter     (TSJ):    0.071ns
    Total Input Jitter      (TIJ):    0.000ns
    Discrete Jitter          (DJ):    0.000ns
    Phase Error              (PE):    0.000ns

    Location             Delay type                Incr(ns)  Path(ns)    Netlist Resource(s)
  -------------------------------------------------------------------    -------------------
                         (clock ap_clk rise edge)     0.000     0.000 r  
                                                      0.000     0.000 r  ap_clk (IN)
                         net (fo=43114, unset)        0.043     0.043    bd_0_i/hls_inst/inst/grp_gemm_stage_fu_148/gemm_compute_U0/grp_gemm_compute_Pipeline_COMP_KB_COMP_K_COMP_I_fu_1330/ap_clk
    SLICE_X29Y17         FDRE                                         r  bd_0_i/hls_inst/inst/grp_gemm_stage_fu_148/gemm_compute_U0/grp_gemm_compute_Pipeline_COMP_KB_COMP_K_COMP_I_fu_1330/a_2_reg_11236_reg[6]/C
  -------------------------------------------------------------------    -------------------
    SLICE_X29Y17         FDRE (Prop_CFF_SLICEM_C_Q)
                                                      0.116     0.159 r  bd_0_i/hls_inst/inst/grp_gemm_stage_fu_148/gemm_compute_U0/grp_gemm_compute_Pipeline_COMP_KB_COMP_K_COMP_I_fu_1330/a_2_reg_11236_reg[6]/Q
                         net (fo=64, routed)          7.651     7.810    bd_0_i/hls_inst/inst/grp_gemm_stage_fu_148/gemm_compute_U0/grp_gemm_compute_Pipeline_COMP_KB_COMP_K_COMP_I_fu_1330/grp_mul8s_1KV8_fu_6200/Q[6]
    SLICE_X20Y192        LUT6 (Prop_C6LUT_SLICEM_I0_O)
                                                      0.220     8.030 r  bd_0_i/hls_inst/inst/grp_gemm_stage_fu_148/gemm_compute_U0/grp_gemm_compute_Pipeline_COMP_KB_COMP_K_COMP_I_fu_1330/grp_mul8s_1KV8_fu_6200/xor_ln209_reg_2361[0]_i_1__202/O
                         net (fo=1, routed)           0.095     8.125    bd_0_i/hls_inst/inst/grp_gemm_stage_fu_148/gemm_compute_U0/grp_gemm_compute_Pipeline_COMP_KB_COMP_K_COMP_I_fu_1330/grp_mul8s_1KV8_fu_6200/xor_ln209_fu_2190_p2[0]
    SLICE_X20Y192        FDRE                                         r  bd_0_i/hls_inst/inst/grp_gemm_stage_fu_148/gemm_compute_U0/grp_gemm_compute_Pipeline_COMP_KB_COMP_K_COMP_I_fu_1330/grp_mul8s_1KV8_fu_6200/xor_ln209_reg_2361_reg[0]/D
  -------------------------------------------------------------------    -------------------

                         (clock ap_clk rise edge)    10.000    10.000 r  
                                                      0.000    10.000 r  ap_clk (IN)
                         net (fo=43114, unset)        0.030    10.030    bd_0_i/hls_inst/inst/grp_gemm_stage_fu_148/gemm_compute_U0/grp_gemm_compute_Pipeline_COMP_KB_COMP_K_COMP_I_fu_1330/grp_mul8s_1KV8_fu_6200/ap_clk
    SLICE_X20Y192        FDRE                                         r  bd_0_i/hls_inst/inst/grp_gemm_stage_fu_148/gemm_compute_U0/grp_gemm_compute_Pipeline_COMP_KB_COMP_K_COMP_I_fu_1330/grp_mul8s_1KV8_fu_6200/xor_ln209_reg_2361_reg[0]/C
                         clock pessimism              0.000    10.030    
                         clock uncertainty           -0.035     9.995    
    SLICE_X20Y192        FDRE (Setup_CFF_SLICEM_C_D)
                                                      0.043    10.038    bd_0_i/hls_inst/inst/grp_gemm_stage_fu_148/gemm_compute_U0/grp_gemm_compute_Pipeline_COMP_KB_COMP_K_COMP_I_fu_1330/grp_mul8s_1KV8_fu_6200/xor_ln209_reg_2361_reg[0]
  -------------------------------------------------------------------
                         required time                         10.038    
                         arrival time                          -8.125    
  -------------------------------------------------------------------
                         slack                                  1.913    

Slack (MET) :             1.915ns  (required time - arrival time)
  Source:                 bd_0_i/hls_inst/inst/grp_gemm_stage_fu_148/gemm_compute_U0/grp_gemm_compute_Pipeline_COMP_KB_COMP_K_COMP_I_fu_1330/a_2_reg_11236_reg[6]/C
                            (rising edge-triggered cell FDRE clocked by ap_clk  {rise@0.000ns fall@5.000ns period=10.000ns})
  Destination:            bd_0_i/hls_inst/inst/grp_gemm_stage_fu_148/gemm_compute_U0/grp_gemm_compute_Pipeline_COMP_KB_COMP_K_COMP_I_fu_1330/grp_mul8s_1KV8_fu_6380/xor_ln209_reg_2361_reg[0]/D
                            (rising edge-triggered cell FDRE clocked by ap_clk  {rise@0.000ns fall@5.000ns period=10.000ns})
  Path Group:             ap_clk
  Path Type:              Setup (Max at Slow Process Corner)
  Requirement:            10.000ns  (ap_clk rise@10.000ns - ap_clk rise@0.000ns)
  Data Path Delay:        8.079ns  (logic 0.304ns (3.763%)  route 7.775ns (96.237%))
  Logic Levels:           1  (LUT6=1)
  Clock Path Skew:        -0.014ns (DCD - SCD + CPR)
    Destination Clock Delay (DCD):    0.029ns = ( 10.029 - 10.000 ) 
    Source Clock Delay      (SCD):    0.043ns
    Clock Pessimism Removal (CPR):    0.000ns
  Clock Uncertainty:      0.035ns  ((TSJ^2 + TIJ^2)^1/2 + DJ) / 2 + PE
    Total System Jitter     (TSJ):    0.071ns
    Total Input Jitter      (TIJ):    0.000ns
    Discrete Jitter          (DJ):    0.000ns
    Phase Error              (PE):    0.000ns

    Location             Delay type                Incr(ns)  Path(ns)    Netlist Resource(s)
  -------------------------------------------------------------------    -------------------
                         (clock ap_clk rise edge)     0.000     0.000 r  
                                                      0.000     0.000 r  ap_clk (IN)
                         net (fo=43114, unset)        0.043     0.043    bd_0_i/hls_inst/inst/grp_gemm_stage_fu_148/gemm_compute_U0/grp_gemm_compute_Pipeline_COMP_KB_COMP_K_COMP_I_fu_1330/ap_clk
    SLICE_X29Y17         FDRE                                         r  bd_0_i/hls_inst/inst/grp_gemm_stage_fu_148/gemm_compute_U0/grp_gemm_compute_Pipeline_COMP_KB_COMP_K_COMP_I_fu_1330/a_2_reg_11236_reg[6]/C
  -------------------------------------------------------------------    -------------------
    SLICE_X29Y17         FDRE (Prop_CFF_SLICEM_C_Q)
                                                      0.116     0.159 r  bd_0_i/hls_inst/inst/grp_gemm_stage_fu_148/gemm_compute_U0/grp_gemm_compute_Pipeline_COMP_KB_COMP_K_COMP_I_fu_1330/a_2_reg_11236_reg[6]/Q
                         net (fo=64, routed)          7.708     7.867    bd_0_i/hls_inst/inst/grp_gemm_stage_fu_148/gemm_compute_U0/grp_gemm_compute_Pipeline_COMP_KB_COMP_K_COMP_I_fu_1330/grp_mul8s_1KV8_fu_6380/xor_ln209_reg_2361_reg[0]_0[1]
    SLICE_X59Y190        LUT6 (Prop_B6LUT_SLICEL_I0_O)
                                                      0.188     8.055 r  bd_0_i/hls_inst/inst/grp_gemm_stage_fu_148/gemm_compute_U0/grp_gemm_compute_Pipeline_COMP_KB_COMP_K_COMP_I_fu_1330/grp_mul8s_1KV8_fu_6380/xor_ln209_reg_2361[0]_i_1__72/O
                         net (fo=1, routed)           0.067     8.122    bd_0_i/hls_inst/inst/grp_gemm_stage_fu_148/gemm_compute_U0/grp_gemm_compute_Pipeline_COMP_KB_COMP_K_COMP_I_fu_1330/grp_mul8s_1KV8_fu_6380/xor_ln209_fu_2190_p2[0]
    SLICE_X59Y190        FDRE                                         r  bd_0_i/hls_inst/inst/grp_gemm_stage_fu_148/gemm_compute_U0/grp_gemm_compute_Pipeline_COMP_KB_COMP_K_COMP_I_fu_1330/grp_mul8s_1KV8_fu_6380/xor_ln209_reg_2361_reg[0]/D
  -------------------------------------------------------------------    -------------------

                         (clock ap_clk rise edge)    10.000    10.000 r  
                                                      0.000    10.000 r  ap_clk (IN)
                         net (fo=43114, unset)        0.029    10.029    bd_0_i/hls_inst/inst/grp_gemm_stage_fu_148/gemm_compute_U0/grp_gemm_compute_Pipeline_COMP_KB_COMP_K_COMP_I_fu_1330/grp_mul8s_1KV8_fu_6380/ap_clk
    SLICE_X59Y190        FDRE                                         r  bd_0_i/hls_inst/inst/grp_gemm_stage_fu_148/gemm_compute_U0/grp_gemm_compute_Pipeline_COMP_KB_COMP_K_COMP_I_fu_1330/grp_mul8s_1KV8_fu_6380/xor_ln209_reg_2361_reg[0]/C
                         clock pessimism              0.000    10.029    
                         clock uncertainty           -0.035     9.994    
    SLICE_X59Y190        FDRE (Setup_BFF_SLICEL_C_D)
                                                      0.044    10.038    bd_0_i/hls_inst/inst/grp_gemm_stage_fu_148/gemm_compute_U0/grp_gemm_compute_Pipeline_COMP_KB_COMP_K_COMP_I_fu_1330/grp_mul8s_1KV8_fu_6380/xor_ln209_reg_2361_reg[0]
  -------------------------------------------------------------------
                         required time                         10.038    
                         arrival time                          -8.122    
  -------------------------------------------------------------------
                         slack                                  1.915    

Slack (MET) :             2.040ns  (required time - arrival time)
  Source:                 bd_0_i/hls_inst/inst/grp_gemm_stage_fu_148/gemm_compute_U0/grp_gemm_compute_Pipeline_COMP_KB_COMP_K_COMP_I_fu_1330/a_2_reg_11236_reg[6]/C
                            (rising edge-triggered cell FDRE clocked by ap_clk  {rise@0.000ns fall@5.000ns period=10.000ns})
  Destination:            bd_0_i/hls_inst/inst/grp_gemm_stage_fu_148/gemm_compute_U0/grp_gemm_compute_Pipeline_COMP_KB_COMP_K_COMP_I_fu_1330/grp_mul8s_1KV8_fu_6170/xor_ln209_reg_2361_reg[0]/D
                            (rising edge-triggered cell FDRE clocked by ap_clk  {rise@0.000ns fall@5.000ns period=10.000ns})
  Path Group:             ap_clk
  Path Type:              Setup (Max at Slow Process Corner)
  Requirement:            10.000ns  (ap_clk rise@10.000ns - ap_clk rise@0.000ns)
  Data Path Delay:        7.954ns  (logic 0.268ns (3.369%)  route 7.686ns (96.631%))
  Logic Levels:           1  (LUT6=1)
  Clock Path Skew:        -0.014ns (DCD - SCD + CPR)
    Destination Clock Delay (DCD):    0.029ns = ( 10.029 - 10.000 ) 
    Source Clock Delay      (SCD):    0.043ns
    Clock Pessimism Removal (CPR):    0.000ns
  Clock Uncertainty:      0.035ns  ((TSJ^2 + TIJ^2)^1/2 + DJ) / 2 + PE
    Total System Jitter     (TSJ):    0.071ns
    Total Input Jitter      (TIJ):    0.000ns
    Discrete Jitter          (DJ):    0.000ns
    Phase Error              (PE):    0.000ns

    Location             Delay type                Incr(ns)  Path(ns)    Netlist Resource(s)
  -------------------------------------------------------------------    -------------------
                         (clock ap_clk rise edge)     0.000     0.000 r  
                                                      0.000     0.000 r  ap_clk (IN)
                         net (fo=43114, unset)        0.043     0.043    bd_0_i/hls_inst/inst/grp_gemm_stage_fu_148/gemm_compute_U0/grp_gemm_compute_Pipeline_COMP_KB_COMP_K_COMP_I_fu_1330/ap_clk
    SLICE_X29Y17         FDRE                                         r  bd_0_i/hls_inst/inst/grp_gemm_stage_fu_148/gemm_compute_U0/grp_gemm_compute_Pipeline_COMP_KB_COMP_K_COMP_I_fu_1330/a_2_reg_11236_reg[6]/C
  -------------------------------------------------------------------    -------------------
    SLICE_X29Y17         FDRE (Prop_CFF_SLICEM_C_Q)
                                                      0.116     0.159 r  bd_0_i/hls_inst/inst/grp_gemm_stage_fu_148/gemm_compute_U0/grp_gemm_compute_Pipeline_COMP_KB_COMP_K_COMP_I_fu_1330/a_2_reg_11236_reg[6]/Q
                         net (fo=64, routed)          7.619     7.778    bd_0_i/hls_inst/inst/grp_gemm_stage_fu_148/gemm_compute_U0/grp_gemm_compute_Pipeline_COMP_KB_COMP_K_COMP_I_fu_1330/grp_mul8s_1KV8_fu_6170/Q[1]
    SLICE_X30Y210        LUT6 (Prop_A6LUT_SLICEL_I0_O)
                                                      0.152     7.930 r  bd_0_i/hls_inst/inst/grp_gemm_stage_fu_148/gemm_compute_U0/grp_gemm_compute_Pipeline_COMP_KB_COMP_K_COMP_I_fu_1330/grp_mul8s_1KV8_fu_6170/xor_ln209_reg_2361[0]_i_1__155/O
                         net (fo=1, routed)           0.067     7.997    bd_0_i/hls_inst/inst/grp_gemm_stage_fu_148/gemm_compute_U0/grp_gemm_compute_Pipeline_COMP_KB_COMP_K_COMP_I_fu_1330/grp_mul8s_1KV8_fu_6170/xor_ln209_fu_2190_p2[0]
    SLICE_X30Y210        FDRE                                         r  bd_0_i/hls_inst/inst/grp_gemm_stage_fu_148/gemm_compute_U0/grp_gemm_compute_Pipeline_COMP_KB_COMP_K_COMP_I_fu_1330/grp_mul8s_1KV8_fu_6170/xor_ln209_reg_2361_reg[0]/D
  -------------------------------------------------------------------    -------------------

                         (clock ap_clk rise edge)    10.000    10.000 r  
                                                      0.000    10.000 r  ap_clk (IN)
                         net (fo=43114, unset)        0.029    10.029    bd_0_i/hls_inst/inst/grp_gemm_stage_fu_148/gemm_compute_U0/grp_gemm_compute_Pipeline_COMP_KB_COMP_K_COMP_I_fu_1330/grp_mul8s_1KV8_fu_6170/ap_clk
    SLICE_X30Y210        FDRE                                         r  bd_0_i/hls_inst/inst/grp_gemm_stage_fu_148/gemm_compute_U0/grp_gemm_compute_Pipeline_COMP_KB_COMP_K_COMP_I_fu_1330/grp_mul8s_1KV8_fu_6170/xor_ln209_reg_2361_reg[0]/C
                         clock pessimism              0.000    10.029    
                         clock uncertainty           -0.035     9.994    
    SLICE_X30Y210        FDRE (Setup_AFF_SLICEL_C_D)
                                                      0.044    10.038    bd_0_i/hls_inst/inst/grp_gemm_stage_fu_148/gemm_compute_U0/grp_gemm_compute_Pipeline_COMP_KB_COMP_K_COMP_I_fu_1330/grp_mul8s_1KV8_fu_6170/xor_ln209_reg_2361_reg[0]
  -------------------------------------------------------------------
                         required time                         10.038    
                         arrival time                          -7.997    
  -------------------------------------------------------------------
                         slack                                  2.040    

Slack (MET) :             2.066ns  (required time - arrival time)
  Source:                 bd_0_i/hls_inst/inst/gmem2_m_axi_U/store_unit_0/buff_wdata/raddr_reg[3]/C
                            (rising edge-triggered cell FDRE clocked by ap_clk  {rise@0.000ns fall@5.000ns period=10.000ns})
  Destination:            bd_0_i/hls_inst/inst/gmem2_m_axi_U/store_unit_0/buff_wdata/U_fifo_srl/dout_reg[499]/D
                            (rising edge-triggered cell FDRE clocked by ap_clk  {rise@0.000ns fall@5.000ns period=10.000ns})
  Path Group:             ap_clk
  Path Type:              Setup (Max at Slow Process Corner)
  Requirement:            10.000ns  (ap_clk rise@10.000ns - ap_clk rise@0.000ns)
  Data Path Delay:        7.930ns  (logic 0.196ns (2.471%)  route 7.734ns (97.529%))
  Logic Levels:           1  (SRLC32E=1)
  Clock Path Skew:        -0.013ns (DCD - SCD + CPR)
    Destination Clock Delay (DCD):    0.030ns = ( 10.030 - 10.000 ) 
    Source Clock Delay      (SCD):    0.043ns
    Clock Pessimism Removal (CPR):    0.000ns
  Clock Uncertainty:      0.035ns  ((TSJ^2 + TIJ^2)^1/2 + DJ) / 2 + PE
    Total System Jitter     (TSJ):    0.071ns
    Total Input Jitter      (TIJ):    0.000ns
    Discrete Jitter          (DJ):    0.000ns
    Phase Error              (PE):    0.000ns

    Location             Delay type                Incr(ns)  Path(ns)    Netlist Resource(s)
  -------------------------------------------------------------------    -------------------
                         (clock ap_clk rise edge)     0.000     0.000 r  
                                                      0.000     0.000 r  ap_clk (IN)
                         net (fo=43114, unset)        0.043     0.043    bd_0_i/hls_inst/inst/gmem2_m_axi_U/store_unit_0/buff_wdata/ap_clk
    SLICE_X43Y175        FDRE                                         r  bd_0_i/hls_inst/inst/gmem2_m_axi_U/store_unit_0/buff_wdata/raddr_reg[3]/C
  -------------------------------------------------------------------    -------------------
    SLICE_X43Y175        FDRE (Prop_HFF2_SLICEM_C_Q)
                                                      0.114     0.157 r  bd_0_i/hls_inst/inst/gmem2_m_axi_U/store_unit_0/buff_wdata/raddr_reg[3]/Q
                         net (fo=579, routed)         7.299     7.456    bd_0_i/hls_inst/inst/gmem2_m_axi_U/store_unit_0/buff_wdata/U_fifo_srl/A[3]
    SLICE_X54Y205        SRLC32E (Prop_G6LUT_SLICEM_A[3]_Q)
                                                      0.082     7.538 r  bd_0_i/hls_inst/inst/gmem2_m_axi_U/store_unit_0/buff_wdata/U_fifo_srl/mem_reg[30][499]_srl31/Q
                         net (fo=1, routed)           0.435     7.973    bd_0_i/hls_inst/inst/gmem2_m_axi_U/store_unit_0/buff_wdata/U_fifo_srl/mem_reg[30][499]_srl31_n_4
    SLICE_X53Y204        FDRE                                         r  bd_0_i/hls_inst/inst/gmem2_m_axi_U/store_unit_0/buff_wdata/U_fifo_srl/dout_reg[499]/D
  -------------------------------------------------------------------    -------------------

                         (clock ap_clk rise edge)    10.000    10.000 r  
                                                      0.000    10.000 r  ap_clk (IN)
                         net (fo=43114, unset)        0.030    10.030    bd_0_i/hls_inst/inst/gmem2_m_axi_U/store_unit_0/buff_wdata/U_fifo_srl/ap_clk
    SLICE_X53Y204        FDRE                                         r  bd_0_i/hls_inst/inst/gmem2_m_axi_U/store_unit_0/buff_wdata/U_fifo_srl/dout_reg[499]/C
                         clock pessimism              0.000    10.030    
                         clock uncertainty           -0.035     9.995    
    SLICE_X53Y204        FDRE (Setup_AFF2_SLICEM_C_D)
                                                      0.045    10.040    bd_0_i/hls_inst/inst/gmem2_m_axi_U/store_unit_0/buff_wdata/U_fifo_srl/dout_reg[499]
  -------------------------------------------------------------------
                         required time                         10.040    
                         arrival time                          -7.973    
  -------------------------------------------------------------------
                         slack                                  2.066    

Slack (MET) :             2.083ns  (required time - arrival time)
  Source:                 bd_0_i/hls_inst/inst/grp_gemm_stage_fu_148/gemm_compute_U0/grp_gemm_compute_Pipeline_COMP_KB_COMP_K_COMP_I_fu_1330/a_2_reg_11236_reg[6]/C
                            (rising edge-triggered cell FDRE clocked by ap_clk  {rise@0.000ns fall@5.000ns period=10.000ns})
  Destination:            bd_0_i/hls_inst/inst/grp_gemm_stage_fu_148/gemm_compute_U0/grp_gemm_compute_Pipeline_COMP_KB_COMP_K_COMP_I_fu_1330/grp_mul8s_1KV8_fu_6386/xor_ln209_reg_2361_reg[0]/D
                            (rising edge-triggered cell FDRE clocked by ap_clk  {rise@0.000ns fall@5.000ns period=10.000ns})
  Path Group:             ap_clk
  Path Type:              Setup (Max at Slow Process Corner)
  Requirement:            10.000ns  (ap_clk rise@10.000ns - ap_clk rise@0.000ns)
  Data Path Delay:        7.912ns  (logic 0.253ns (3.198%)  route 7.659ns (96.802%))
  Logic Levels:           1  (LUT6=1)
  Clock Path Skew:        -0.013ns (DCD - SCD + CPR)
    Destination Clock Delay (DCD):    0.030ns = ( 10.030 - 10.000 ) 
    Source Clock Delay      (SCD):    0.043ns
    Clock Pessimism Removal (CPR):    0.000ns
  Clock Uncertainty:      0.035ns  ((TSJ^2 + TIJ^2)^1/2 + DJ) / 2 + PE
    Total System Jitter     (TSJ):    0.071ns
    Total Input Jitter      (TIJ):    0.000ns
    Discrete Jitter          (DJ):    0.000ns
    Phase Error              (PE):    0.000ns

    Location             Delay type                Incr(ns)  Path(ns)    Netlist Resource(s)
  -------------------------------------------------------------------    -------------------
                         (clock ap_clk rise edge)     0.000     0.000 r  
                                                      0.000     0.000 r  ap_clk (IN)
                         net (fo=43114, unset)        0.043     0.043    bd_0_i/hls_inst/inst/grp_gemm_stage_fu_148/gemm_compute_U0/grp_gemm_compute_Pipeline_COMP_KB_COMP_K_COMP_I_fu_1330/ap_clk
    SLICE_X29Y17         FDRE                                         r  bd_0_i/hls_inst/inst/grp_gemm_stage_fu_148/gemm_compute_U0/grp_gemm_compute_Pipeline_COMP_KB_COMP_K_COMP_I_fu_1330/a_2_reg_11236_reg[6]/C
  -------------------------------------------------------------------    -------------------
    SLICE_X29Y17         FDRE (Prop_CFF_SLICEM_C_Q)
                                                      0.116     0.159 r  bd_0_i/hls_inst/inst/grp_gemm_stage_fu_148/gemm_compute_U0/grp_gemm_compute_Pipeline_COMP_KB_COMP_K_COMP_I_fu_1330/a_2_reg_11236_reg[6]/Q
                         net (fo=64, routed)          7.578     7.737    bd_0_i/hls_inst/inst/grp_gemm_stage_fu_148/gemm_compute_U0/grp_gemm_compute_Pipeline_COMP_KB_COMP_K_COMP_I_fu_1330/grp_mul8s_1KV8_fu_6386/Q[5]
    SLICE_X53Y192        LUT6 (Prop_B6LUT_SLICEM_I0_O)
                                                      0.137     7.874 r  bd_0_i/hls_inst/inst/grp_gemm_stage_fu_148/gemm_compute_U0/grp_gemm_compute_Pipeline_COMP_KB_COMP_K_COMP_I_fu_1330/grp_mul8s_1KV8_fu_6386/xor_ln209_reg_2361[0]_i_1__224/O
                         net (fo=1, routed)           0.081     7.955    bd_0_i/hls_inst/inst/grp_gemm_stage_fu_148/gemm_compute_U0/grp_gemm_compute_Pipeline_COMP_KB_COMP_K_COMP_I_fu_1330/grp_mul8s_1KV8_fu_6386/xor_ln209_fu_2190_p2[0]
    SLICE_X53Y192        FDRE                                         r  bd_0_i/hls_inst/inst/grp_gemm_stage_fu_148/gemm_compute_U0/grp_gemm_compute_Pipeline_COMP_KB_COMP_K_COMP_I_fu_1330/grp_mul8s_1KV8_fu_6386/xor_ln209_reg_2361_reg[0]/D
  -------------------------------------------------------------------    -------------------

                         (clock ap_clk rise edge)    10.000    10.000 r  
                                                      0.000    10.000 r  ap_clk (IN)
                         net (fo=43114, unset)        0.030    10.030    bd_0_i/hls_inst/inst/grp_gemm_stage_fu_148/gemm_compute_U0/grp_gemm_compute_Pipeline_COMP_KB_COMP_K_COMP_I_fu_1330/grp_mul8s_1KV8_fu_6386/ap_clk
    SLICE_X53Y192        FDRE                                         r  bd_0_i/hls_inst/inst/grp_gemm_stage_fu_148/gemm_compute_U0/grp_gemm_compute_Pipeline_COMP_KB_COMP_K_COMP_I_fu_1330/grp_mul8s_1KV8_fu_6386/xor_ln209_reg_2361_reg[0]/C
                         clock pessimism              0.000    10.030    
                         clock uncertainty           -0.035     9.995    
    SLICE_X53Y192        FDRE (Setup_BFF_SLICEM_C_D)
                                                      0.043    10.038    bd_0_i/hls_inst/inst/grp_gemm_stage_fu_148/gemm_compute_U0/grp_gemm_compute_Pipeline_COMP_KB_COMP_K_COMP_I_fu_1330/grp_mul8s_1KV8_fu_6386/xor_ln209_reg_2361_reg[0]
  -------------------------------------------------------------------
                         required time                         10.038    
                         arrival time                          -7.955    
  -------------------------------------------------------------------
                         slack                                  2.083    

Slack (MET) :             2.116ns  (required time - arrival time)
  Source:                 bd_0_i/hls_inst/inst/gmem2_m_axi_U/store_unit_0/buff_wdata/raddr_reg[3]/C
                            (rising edge-triggered cell FDRE clocked by ap_clk  {rise@0.000ns fall@5.000ns period=10.000ns})
  Destination:            bd_0_i/hls_inst/inst/gmem2_m_axi_U/store_unit_0/buff_wdata/U_fifo_srl/dout_reg[502]/D
                            (rising edge-triggered cell FDRE clocked by ap_clk  {rise@0.000ns fall@5.000ns period=10.000ns})
  Path Group:             ap_clk
  Path Type:              Setup (Max at Slow Process Corner)
  Requirement:            10.000ns  (ap_clk rise@10.000ns - ap_clk rise@0.000ns)
  Data Path Delay:        7.880ns  (logic 0.194ns (2.462%)  route 7.686ns (97.538%))
  Logic Levels:           1  (SRLC32E=1)
  Clock Path Skew:        -0.014ns (DCD - SCD + CPR)
    Destination Clock Delay (DCD):    0.029ns = ( 10.029 - 10.000 ) 
    Source Clock Delay      (SCD):    0.043ns
    Clock Pessimism Removal (CPR):    0.000ns
  Clock Uncertainty:      0.035ns  ((TSJ^2 + TIJ^2)^1/2 + DJ) / 2 + PE
    Total System Jitter     (TSJ):    0.071ns
    Total Input Jitter      (TIJ):    0.000ns
    Discrete Jitter          (DJ):    0.000ns
    Phase Error              (PE):    0.000ns

    Location             Delay type                Incr(ns)  Path(ns)    Netlist Resource(s)
  -------------------------------------------------------------------    -------------------
                         (clock ap_clk rise edge)     0.000     0.000 r  
                                                      0.000     0.000 r  ap_clk (IN)
                         net (fo=43114, unset)        0.043     0.043    bd_0_i/hls_inst/inst/gmem2_m_axi_U/store_unit_0/buff_wdata/ap_clk
    SLICE_X43Y175        FDRE                                         r  bd_0_i/hls_inst/inst/gmem2_m_axi_U/store_unit_0/buff_wdata/raddr_reg[3]/C
  -------------------------------------------------------------------    -------------------
    SLICE_X43Y175        FDRE (Prop_HFF2_SLICEM_C_Q)
                                                      0.114     0.157 r  bd_0_i/hls_inst/inst/gmem2_m_axi_U/store_unit_0/buff_wdata/raddr_reg[3]/Q
                         net (fo=579, routed)         7.362     7.519    bd_0_i/hls_inst/inst/gmem2_m_axi_U/store_unit_0/buff_wdata/U_fifo_srl/A[3]
    SLICE_X58Y202        SRLC32E (Prop_D6LUT_SLICEM_A[3]_Q)
                                                      0.080     7.599 r  bd_0_i/hls_inst/inst/gmem2_m_axi_U/store_unit_0/buff_wdata/U_fifo_srl/mem_reg[30][502]_srl31/Q
                         net (fo=1, routed)           0.324     7.923    bd_0_i/hls_inst/inst/gmem2_m_axi_U/store_unit_0/buff_wdata/U_fifo_srl/mem_reg[30][502]_srl31_n_4
    SLICE_X57Y202        FDRE                                         r  bd_0_i/hls_inst/inst/gmem2_m_axi_U/store_unit_0/buff_wdata/U_fifo_srl/dout_reg[502]/D
  -------------------------------------------------------------------    -------------------

                         (clock ap_clk rise edge)    10.000    10.000 r  
                                                      0.000    10.000 r  ap_clk (IN)
                         net (fo=43114, unset)        0.029    10.029    bd_0_i/hls_inst/inst/gmem2_m_axi_U/store_unit_0/buff_wdata/U_fifo_srl/ap_clk
    SLICE_X57Y202        FDRE                                         r  bd_0_i/hls_inst/inst/gmem2_m_axi_U/store_unit_0/buff_wdata/U_fifo_srl/dout_reg[502]/C
                         clock pessimism              0.000    10.029    
                         clock uncertainty           -0.035     9.994    
    SLICE_X57Y202        FDRE (Setup_BFF2_SLICEL_C_D)
                                                      0.046    10.040    bd_0_i/hls_inst/inst/gmem2_m_axi_U/store_unit_0/buff_wdata/U_fifo_srl/dout_reg[502]
  -------------------------------------------------------------------
                         required time                         10.040    
                         arrival time                          -7.923    
  -------------------------------------------------------------------
                         slack                                  2.116    




