

================================================================
== Vitis HLS Report for 'naive_spmm_stage'
================================================================
* Date:           Wed Apr 15 15:14:50 2026

* Version:        2025.2 (Build 6295257 on Nov 14 2025)
* Project:        naive_spmm_stage
* Solution:       hls (Vivado IP Flow Target)
* Product family: zynquplus
* Target device:  xck26-sfvc784-2LV-c


================================================================
== Performance Estimates
================================================================
+ Timing: 
    * Summary: 
    +--------+----------+----------+------------+
    |  Clock |  Target  | Estimated| Uncertainty|
    +--------+----------+----------+------------+
    |ap_clk  |  10.00 ns|  7.300 ns|     2.70 ns|
    +--------+----------+----------+------------+

+ Latency: 
    * Summary: 
    +---------+----------+----------+-----------+--------+----------+---------+
    |  Latency (cycles)  |  Latency (absolute)  |      Interval     | Pipeline|
    |   min   |    max   |    min   |    max    |   min  |    max   |   Type  |
    +---------+----------+----------+-----------+--------+----------+---------+
    |   677007|  29701351|  6.770 ms|  0.297 sec|  677008|  29701352|       no|
    +---------+----------+----------+-----------+--------+----------+---------+

    + Detail: 
        * Instance: 
        +--------------------------------------------------+--------------------------------------+---------+---------+----------+----------+-----+-----+-------------------+
        |                                                  |                                      |  Latency (cycles) |  Latency (absolute) |  Interval |      Pipeline     |
        |                     Instance                     |                Module                |   min   |   max   |    min   |    max   | min | max |        Type       |
        +--------------------------------------------------+--------------------------------------+---------+---------+----------+----------+-----+-----+-------------------+
        |grp_naive_spmm_stage_Pipeline_SPMM_INIT_fu_1041   |naive_spmm_stage_Pipeline_SPMM_INIT   |       66|       66|  0.660 us|  0.660 us|    0|    0|  loop pipeline stp|
        |grp_naive_spmm_stage_Pipeline_SPMM_NNZ_fu_1046    |naive_spmm_stage_Pipeline_SPMM_NNZ    |       77|    10765|  0.770 us|  0.108 ms|    0|    0|  loop pipeline stp|
        |grp_naive_spmm_stage_Pipeline_SPMM_WRITE_fu_1191  |naive_spmm_stage_Pipeline_SPMM_WRITE  |       67|       67|  0.670 us|  0.670 us|    0|    0|  loop pipeline stp|
        +--------------------------------------------------+--------------------------------------+---------+---------+----------+----------+-----+-----+-------------------+

        * Loop: 
        +------------+---------+----------+-------------+-----------+-----------+------+----------+
        |            |  Latency (cycles)  |  Iteration  |  Initiation Interval  | Trip |          |
        |  Loop Name |   min   |    max   |   Latency   |  achieved |   target  | Count| Pipelined|
        +------------+---------+----------+-------------+-----------+-----------+------+----------+
        |- SPMM_ROW  |   677000|  29701344|  250 ~ 10968|          -|          -|  2708|        no|
        +------------+---------+----------+-------------+-----------+-----------+------+----------+



================================================================
== Utilization Estimates
================================================================
* Summary: 
+-----------------+---------+------+--------+--------+-----+
|       Name      | BRAM_18K|  DSP |   FF   |   LUT  | URAM|
+-----------------+---------+------+--------+--------+-----+
|DSP              |        -|     -|       -|       -|    -|
|Expression       |        -|     -|       0|     366|    -|
|FIFO             |        -|     -|       -|       -|    -|
|Instance         |        8|     2|    6099|    9654|    0|
|Memory           |        2|     -|       0|       0|    0|
|Multiplexer      |        -|     -|       0|    1316|    -|
|Register         |        -|     -|    2758|       -|    -|
+-----------------+---------+------+--------+--------+-----+
|Total            |       10|     2|    8857|   11336|    0|
+-----------------+---------+------+--------+--------+-----+
|Available        |      288|  1248|  234240|  117120|   64|
+-----------------+---------+------+--------+--------+-----+
|Utilization (%)  |        3|    ~0|       3|       9|    0|
+-----------------+---------+------+--------+--------+-----+

+ Detail: 
    * Instance: 
    +--------------------------------------------------+--------------------------------------+---------+----+------+------+-----+
    |                     Instance                     |                Module                | BRAM_18K| DSP|  FF  |  LUT | URAM|
    +--------------------------------------------------+--------------------------------------+---------+----+------+------+-----+
    |control_s_axi_U                                   |control_s_axi                         |        0|   0|   380|   680|    0|
    |gmem0_m_axi_U                                     |gmem0_m_axi                           |        2|   0|   671|   637|    0|
    |gmem1_m_axi_U                                     |gmem1_m_axi                           |        2|   0|   671|   637|    0|
    |gmem2_m_axi_U                                     |gmem2_m_axi                           |        2|   0|   696|   734|    0|
    |gmem3_m_axi_U                                     |gmem3_m_axi                           |        2|   0|   696|   734|    0|
    |gmem4_m_axi_U                                     |gmem4_m_axi                           |        0|   0|   636|   744|    0|
    |grp_naive_spmm_stage_Pipeline_SPMM_INIT_fu_1041   |naive_spmm_stage_Pipeline_SPMM_INIT   |        0|   0|     9|    56|    0|
    |grp_naive_spmm_stage_Pipeline_SPMM_NNZ_fu_1046    |naive_spmm_stage_Pipeline_SPMM_NNZ    |        0|   2|  2312|  5354|    0|
    |grp_naive_spmm_stage_Pipeline_SPMM_WRITE_fu_1191  |naive_spmm_stage_Pipeline_SPMM_WRITE  |        0|   0|    28|    78|    0|
    +--------------------------------------------------+--------------------------------------+---------+----+------+------+-----+
    |Total                                             |                                      |        8|   2|  6099|  9654|    0|
    +--------------------------------------------------+--------------------------------------+---------+----+------+------+-----+

    * DSP: 
    N/A

    * Memory: 
    +-------+-------------------+---------+---+----+-----+------+-----+------+-------------+
    | Memory|       Module      | BRAM_18K| FF| LUT| URAM| Words| Bits| Banks| W*Bits*Banks|
    +-------+-------------------+---------+---+----+-----+------+-----+------+-------------+
    |acc_U  |acc_RAM_AUTO_1R1W  |        2|  0|   0|    0|    64|   32|     1|         2048|
    +-------+-------------------+---------+---+----+-----+------+-----+------+-------------+
    |Total  |                   |        2|  0|   0|    0|    64|   32|     1|         2048|
    +-------+-------------------+---------+---+----+-----+------+-----+------+-------------+

    * FIFO: 
    N/A

    * Expression: 
    +-----------------------+----------+----+---+----+------------+------------+
    |     Variable Name     | Operation| DSP| FF| LUT| Bitwidth P0| Bitwidth P1|
    +-----------------------+----------+----+---+----+------------+------------+
    |add_ln25_fu_1251_p2    |         +|   0|  0|  71|          64|          64|
    |add_ln29_fu_1233_p2    |         +|   0|  0|  19|          12|           1|
    |add_ln31_1_fu_1313_p2  |         +|   0|  0|  71|          64|          64|
    |add_ln31_fu_1287_p2    |         +|   0|  0|  71|          64|          64|
    |sub_ln31_fu_1338_p2    |         -|   0|  0|  40|          33|          33|
    |icmp_ln23_fu_1227_p2   |      icmp|   0|  0|  19|          12|          12|
    |icmp_ln31_fu_1328_p2   |      icmp|   0|  0|  39|          32|          32|
    |acc_we0                |        or|   0|  0|   2|           1|           1|
    |ap_block_state29_io    |        or|   0|  0|   2|           1|           1|
    |empty_31_fu_1344_p3    |    select|   0|  0|  32|           1|          33|
    +-----------------------+----------+----+---+----+------------+------------+
    |Total                  |          |   0|  0| 366|         284|         305|
    +-----------------------+----------+----+---+----+------------+------------+

    * Multiplexer: 
    +--------------------+-----+-----------+-----+-----------+
    |        Name        | LUT | Input Size| Bits| Total Bits|
    +--------------------+-----+-----------+-----+-----------+
    |acc_address0        |   14|          3|    6|         18|
    |acc_address0_local  |  152|         33|    6|        198|
    |acc_address1_local  |  152|         33|    6|        198|
    |acc_ce0             |   14|          3|    1|          3|
    |acc_d0              |    9|          2|   32|         64|
    |acc_d0_local        |  152|         33|   32|       1056|
    |acc_d1_local        |  152|         33|   32|       1056|
    |acc_we0             |    9|          2|    1|          2|
    |ap_NS_fsm           |  414|         78|    1|         78|
    |gmem0_blk_n_AR      |    9|          2|    1|          2|
    |gmem0_blk_n_R       |    9|          2|    1|          2|
    |gmem1_0_ARADDR      |   14|          3|   64|        192|
    |gmem1_0_ARLEN       |   14|          3|   32|         96|
    |gmem1_0_ARVALID     |   14|          3|    1|          3|
    |gmem1_0_RREADY      |    9|          2|    1|          2|
    |gmem1_blk_n_AR      |    9|          2|    1|          2|
    |gmem2_0_ARADDR      |   14|          3|   64|        192|
    |gmem2_0_ARLEN       |   14|          3|   32|         96|
    |gmem2_0_ARVALID     |   14|          3|    1|          3|
    |gmem2_0_RREADY      |    9|          2|    1|          2|
    |gmem2_blk_n_AR      |    9|          2|    1|          2|
    |gmem3_0_ARVALID     |    9|          2|    1|          2|
    |gmem3_0_RREADY      |    9|          2|    1|          2|
    |gmem4_0_AWADDR      |   14|          3|   64|        192|
    |gmem4_0_AWLEN       |   14|          3|   32|         96|
    |gmem4_0_AWVALID     |   14|          3|    1|          3|
    |gmem4_0_BREADY      |   14|          3|    1|          3|
    |gmem4_0_WVALID      |    9|          2|    1|          2|
    |gmem4_blk_n_AW      |    9|          2|    1|          2|
    |gmem4_blk_n_B       |    9|          2|    1|          2|
    |i_fu_254            |    9|          2|   12|         24|
    +--------------------+-----+-----------+-----+-----------+
    |Total               | 1316|        274|  432|       3595|
    +--------------------+-----+-----------+-----+-----------+

    * Register: 
    +---------------------------------------------------------------+----+----+-----+-----------+
    |                              Name                             | FF | LUT| Bits| Const Bits|
    +---------------------------------------------------------------+----+----+-----+-----------+
    |H_temp_read_reg_1582                                           |  64|   0|   64|          0|
    |acc_load_10_reg_2381                                           |  32|   0|   32|          0|
    |acc_load_11_reg_2386                                           |  32|   0|   32|          0|
    |acc_load_12_reg_2391                                           |  32|   0|   32|          0|
    |acc_load_13_reg_2396                                           |  32|   0|   32|          0|
    |acc_load_14_reg_2401                                           |  32|   0|   32|          0|
    |acc_load_15_reg_2406                                           |  32|   0|   32|          0|
    |acc_load_16_reg_2411                                           |  32|   0|   32|          0|
    |acc_load_17_reg_2416                                           |  32|   0|   32|          0|
    |acc_load_18_reg_2421                                           |  32|   0|   32|          0|
    |acc_load_19_reg_2426                                           |  32|   0|   32|          0|
    |acc_load_1_reg_2336                                            |  32|   0|   32|          0|
    |acc_load_20_reg_2431                                           |  32|   0|   32|          0|
    |acc_load_21_reg_2436                                           |  32|   0|   32|          0|
    |acc_load_22_reg_2441                                           |  32|   0|   32|          0|
    |acc_load_23_reg_2446                                           |  32|   0|   32|          0|
    |acc_load_24_reg_2451                                           |  32|   0|   32|          0|
    |acc_load_25_reg_2456                                           |  32|   0|   32|          0|
    |acc_load_26_reg_2461                                           |  32|   0|   32|          0|
    |acc_load_27_reg_2466                                           |  32|   0|   32|          0|
    |acc_load_28_reg_2471                                           |  32|   0|   32|          0|
    |acc_load_29_reg_2476                                           |  32|   0|   32|          0|
    |acc_load_2_reg_2341                                            |  32|   0|   32|          0|
    |acc_load_30_reg_2481                                           |  32|   0|   32|          0|
    |acc_load_31_reg_2486                                           |  32|   0|   32|          0|
    |acc_load_32_reg_2491                                           |  32|   0|   32|          0|
    |acc_load_33_reg_2496                                           |  32|   0|   32|          0|
    |acc_load_34_reg_2501                                           |  32|   0|   32|          0|
    |acc_load_35_reg_2506                                           |  32|   0|   32|          0|
    |acc_load_36_reg_2511                                           |  32|   0|   32|          0|
    |acc_load_37_reg_2516                                           |  32|   0|   32|          0|
    |acc_load_38_reg_2521                                           |  32|   0|   32|          0|
    |acc_load_39_reg_2526                                           |  32|   0|   32|          0|
    |acc_load_3_reg_2346                                            |  32|   0|   32|          0|
    |acc_load_40_reg_2540                                           |  32|   0|   32|          0|
    |acc_load_41_reg_2545                                           |  32|   0|   32|          0|
    |acc_load_42_reg_2569                                           |  32|   0|   32|          0|
    |acc_load_43_reg_2574                                           |  32|   0|   32|          0|
    |acc_load_44_reg_2588                                           |  32|   0|   32|          0|
    |acc_load_45_reg_2593                                           |  32|   0|   32|          0|
    |acc_load_46_reg_2614                                           |  32|   0|   32|          0|
    |acc_load_47_reg_2619                                           |  32|   0|   32|          0|
    |acc_load_48_reg_2624                                           |  32|   0|   32|          0|
    |acc_load_49_reg_2629                                           |  32|   0|   32|          0|
    |acc_load_4_reg_2351                                            |  32|   0|   32|          0|
    |acc_load_50_reg_2634                                           |  32|   0|   32|          0|
    |acc_load_51_reg_2639                                           |  32|   0|   32|          0|
    |acc_load_52_reg_2644                                           |  32|   0|   32|          0|
    |acc_load_53_reg_2649                                           |  32|   0|   32|          0|
    |acc_load_54_reg_2654                                           |  32|   0|   32|          0|
    |acc_load_55_reg_2659                                           |  32|   0|   32|          0|
    |acc_load_56_reg_2664                                           |  32|   0|   32|          0|
    |acc_load_57_reg_2669                                           |  32|   0|   32|          0|
    |acc_load_58_reg_2674                                           |  32|   0|   32|          0|
    |acc_load_59_reg_2679                                           |  32|   0|   32|          0|
    |acc_load_5_reg_2356                                            |  32|   0|   32|          0|
    |acc_load_60_reg_2684                                           |  32|   0|   32|          0|
    |acc_load_61_reg_2689                                           |  32|   0|   32|          0|
    |acc_load_62_reg_2694                                           |  32|   0|   32|          0|
    |acc_load_63_reg_2699                                           |  32|   0|   32|          0|
    |acc_load_6_reg_2361                                            |  32|   0|   32|          0|
    |acc_load_7_reg_2366                                            |  32|   0|   32|          0|
    |acc_load_8_reg_2371                                            |  32|   0|   32|          0|
    |acc_load_9_reg_2376                                            |  32|   0|   32|          0|
    |acc_load_reg_2331                                              |  32|   0|   32|          0|
    |add_ln29_reg_2320                                              |  12|   0|   12|          0|
    |ap_CS_fsm                                                      |  77|   0|   77|          0|
    |colind_read_reg_1592                                           |  64|   0|   64|          0|
    |empty_31_reg_2583                                              |  33|   0|   33|          0|
    |gmem0_addr_reg_2325                                            |  64|   0|   64|          0|
    |grp_naive_spmm_stage_Pipeline_SPMM_INIT_fu_1041_ap_start_reg   |   1|   0|    1|          0|
    |grp_naive_spmm_stage_Pipeline_SPMM_NNZ_fu_1046_ap_start_reg    |   1|   0|    1|          0|
    |grp_naive_spmm_stage_Pipeline_SPMM_WRITE_fu_1191_ap_start_reg  |   1|   0|    1|          0|
    |i_fu_254                                                       |  12|   0|   12|          0|
    |icmp_ln31_reg_2579                                             |   1|   0|    1|          0|
    |row_end_reg_2550                                               |  32|   0|   32|          0|
    |row_start_reg_2531                                             |  32|   0|   32|          0|
    |rowptr_read_reg_1597                                           |  64|   0|   64|          0|
    |trunc_ln2_reg_2557                                             |  62|   0|   62|          0|
    |trunc_ln31_1_reg_2563                                          |  63|   0|   63|          0|
    |trunc_ln_reg_1986                                              |  63|   0|   63|          0|
    |values_read_reg_1587                                           |  64|   0|   64|          0|
    +---------------------------------------------------------------+----+----+-----+-----------+
    |Total                                                          |2758|   0| 2758|          0|
    +---------------------------------------------------------------+----+----+-----+-----------+



================================================================
== Interface
================================================================
* Summary: 
+-----------------------+-----+-----+------------+------------------+--------------+
|       RTL Ports       | Dir | Bits|  Protocol  |   Source Object  |    C Type    |
+-----------------------+-----+-----+------------+------------------+--------------+
|s_axi_control_AWVALID  |   in|    1|       s_axi|           control|        scalar|
|s_axi_control_AWREADY  |  out|    1|       s_axi|           control|        scalar|
|s_axi_control_AWADDR   |   in|    7|       s_axi|           control|        scalar|
|s_axi_control_WVALID   |   in|    1|       s_axi|           control|        scalar|
|s_axi_control_WREADY   |  out|    1|       s_axi|           control|        scalar|
|s_axi_control_WDATA    |   in|   32|       s_axi|           control|        scalar|
|s_axi_control_WSTRB    |   in|    4|       s_axi|           control|        scalar|
|s_axi_control_ARVALID  |   in|    1|       s_axi|           control|        scalar|
|s_axi_control_ARREADY  |  out|    1|       s_axi|           control|        scalar|
|s_axi_control_ARADDR   |   in|    7|       s_axi|           control|        scalar|
|s_axi_control_RVALID   |  out|    1|       s_axi|           control|        scalar|
|s_axi_control_RREADY   |   in|    1|       s_axi|           control|        scalar|
|s_axi_control_RDATA    |  out|   32|       s_axi|           control|        scalar|
|s_axi_control_RRESP    |  out|    2|       s_axi|           control|        scalar|
|s_axi_control_BVALID   |  out|    1|       s_axi|           control|        scalar|
|s_axi_control_BREADY   |   in|    1|       s_axi|           control|        scalar|
|s_axi_control_BRESP    |  out|    2|       s_axi|           control|        scalar|
|ap_clk                 |   in|    1|  ap_ctrl_hs|  naive_spmm_stage|  return value|
|ap_rst_n               |   in|    1|  ap_ctrl_hs|  naive_spmm_stage|  return value|
|ap_start               |   in|    1|  ap_ctrl_hs|  naive_spmm_stage|  return value|
|ap_done                |  out|    1|  ap_ctrl_hs|  naive_spmm_stage|  return value|
|ap_idle                |  out|    1|  ap_ctrl_hs|  naive_spmm_stage|  return value|
|ap_ready               |  out|    1|  ap_ctrl_hs|  naive_spmm_stage|  return value|
|m_axi_gmem0_AWVALID    |  out|    1|       m_axi|             gmem0|       pointer|
|m_axi_gmem0_AWREADY    |   in|    1|       m_axi|             gmem0|       pointer|
|m_axi_gmem0_AWADDR     |  out|   64|       m_axi|             gmem0|       pointer|
|m_axi_gmem0_AWID       |  out|    1|       m_axi|             gmem0|       pointer|
|m_axi_gmem0_AWLEN      |  out|    8|       m_axi|             gmem0|       pointer|
|m_axi_gmem0_AWSIZE     |  out|    3|       m_axi|             gmem0|       pointer|
|m_axi_gmem0_AWBURST    |  out|    2|       m_axi|             gmem0|       pointer|
|m_axi_gmem0_AWLOCK     |  out|    2|       m_axi|             gmem0|       pointer|
|m_axi_gmem0_AWCACHE    |  out|    4|       m_axi|             gmem0|       pointer|
|m_axi_gmem0_AWPROT     |  out|    3|       m_axi|             gmem0|       pointer|
|m_axi_gmem0_AWQOS      |  out|    4|       m_axi|             gmem0|       pointer|
|m_axi_gmem0_AWREGION   |  out|    4|       m_axi|             gmem0|       pointer|
|m_axi_gmem0_AWUSER     |  out|    1|       m_axi|             gmem0|       pointer|
|m_axi_gmem0_WVALID     |  out|    1|       m_axi|             gmem0|       pointer|
|m_axi_gmem0_WREADY     |   in|    1|       m_axi|             gmem0|       pointer|
|m_axi_gmem0_WDATA      |  out|   32|       m_axi|             gmem0|       pointer|
|m_axi_gmem0_WSTRB      |  out|    4|       m_axi|             gmem0|       pointer|
|m_axi_gmem0_WLAST      |  out|    1|       m_axi|             gmem0|       pointer|
|m_axi_gmem0_WID        |  out|    1|       m_axi|             gmem0|       pointer|
|m_axi_gmem0_WUSER      |  out|    1|       m_axi|             gmem0|       pointer|
|m_axi_gmem0_ARVALID    |  out|    1|       m_axi|             gmem0|       pointer|
|m_axi_gmem0_ARREADY    |   in|    1|       m_axi|             gmem0|       pointer|
|m_axi_gmem0_ARADDR     |  out|   64|       m_axi|             gmem0|       pointer|
|m_axi_gmem0_ARID       |  out|    1|       m_axi|             gmem0|       pointer|
|m_axi_gmem0_ARLEN      |  out|    8|       m_axi|             gmem0|       pointer|
|m_axi_gmem0_ARSIZE     |  out|    3|       m_axi|             gmem0|       pointer|
|m_axi_gmem0_ARBURST    |  out|    2|       m_axi|             gmem0|       pointer|
|m_axi_gmem0_ARLOCK     |  out|    2|       m_axi|             gmem0|       pointer|
|m_axi_gmem0_ARCACHE    |  out|    4|       m_axi|             gmem0|       pointer|
|m_axi_gmem0_ARPROT     |  out|    3|       m_axi|             gmem0|       pointer|
|m_axi_gmem0_ARQOS      |  out|    4|       m_axi|             gmem0|       pointer|
|m_axi_gmem0_ARREGION   |  out|    4|       m_axi|             gmem0|       pointer|
|m_axi_gmem0_ARUSER     |  out|    1|       m_axi|             gmem0|       pointer|
|m_axi_gmem0_RVALID     |   in|    1|       m_axi|             gmem0|       pointer|
|m_axi_gmem0_RREADY     |  out|    1|       m_axi|             gmem0|       pointer|
|m_axi_gmem0_RDATA      |   in|   32|       m_axi|             gmem0|       pointer|
|m_axi_gmem0_RLAST      |   in|    1|       m_axi|             gmem0|       pointer|
|m_axi_gmem0_RID        |   in|    1|       m_axi|             gmem0|       pointer|
|m_axi_gmem0_RUSER      |   in|    1|       m_axi|             gmem0|       pointer|
|m_axi_gmem0_RRESP      |   in|    2|       m_axi|             gmem0|       pointer|
|m_axi_gmem0_BVALID     |   in|    1|       m_axi|             gmem0|       pointer|
|m_axi_gmem0_BREADY     |  out|    1|       m_axi|             gmem0|       pointer|
|m_axi_gmem0_BRESP      |   in|    2|       m_axi|             gmem0|       pointer|
|m_axi_gmem0_BID        |   in|    1|       m_axi|             gmem0|       pointer|
|m_axi_gmem0_BUSER      |   in|    1|       m_axi|             gmem0|       pointer|
|m_axi_gmem1_AWVALID    |  out|    1|       m_axi|             gmem1|       pointer|
|m_axi_gmem1_AWREADY    |   in|    1|       m_axi|             gmem1|       pointer|
|m_axi_gmem1_AWADDR     |  out|   64|       m_axi|             gmem1|       pointer|
|m_axi_gmem1_AWID       |  out|    1|       m_axi|             gmem1|       pointer|
|m_axi_gmem1_AWLEN      |  out|    8|       m_axi|             gmem1|       pointer|
|m_axi_gmem1_AWSIZE     |  out|    3|       m_axi|             gmem1|       pointer|
|m_axi_gmem1_AWBURST    |  out|    2|       m_axi|             gmem1|       pointer|
|m_axi_gmem1_AWLOCK     |  out|    2|       m_axi|             gmem1|       pointer|
|m_axi_gmem1_AWCACHE    |  out|    4|       m_axi|             gmem1|       pointer|
|m_axi_gmem1_AWPROT     |  out|    3|       m_axi|             gmem1|       pointer|
|m_axi_gmem1_AWQOS      |  out|    4|       m_axi|             gmem1|       pointer|
|m_axi_gmem1_AWREGION   |  out|    4|       m_axi|             gmem1|       pointer|
|m_axi_gmem1_AWUSER     |  out|    1|       m_axi|             gmem1|       pointer|
|m_axi_gmem1_WVALID     |  out|    1|       m_axi|             gmem1|       pointer|
|m_axi_gmem1_WREADY     |   in|    1|       m_axi|             gmem1|       pointer|
|m_axi_gmem1_WDATA      |  out|   32|       m_axi|             gmem1|       pointer|
|m_axi_gmem1_WSTRB      |  out|    4|       m_axi|             gmem1|       pointer|
|m_axi_gmem1_WLAST      |  out|    1|       m_axi|             gmem1|       pointer|
|m_axi_gmem1_WID        |  out|    1|       m_axi|             gmem1|       pointer|
|m_axi_gmem1_WUSER      |  out|    1|       m_axi|             gmem1|       pointer|
|m_axi_gmem1_ARVALID    |  out|    1|       m_axi|             gmem1|       pointer|
|m_axi_gmem1_ARREADY    |   in|    1|       m_axi|             gmem1|       pointer|
|m_axi_gmem1_ARADDR     |  out|   64|       m_axi|             gmem1|       pointer|
|m_axi_gmem1_ARID       |  out|    1|       m_axi|             gmem1|       pointer|
|m_axi_gmem1_ARLEN      |  out|    8|       m_axi|             gmem1|       pointer|
|m_axi_gmem1_ARSIZE     |  out|    3|       m_axi|             gmem1|       pointer|
|m_axi_gmem1_ARBURST    |  out|    2|       m_axi|             gmem1|       pointer|
|m_axi_gmem1_ARLOCK     |  out|    2|       m_axi|             gmem1|       pointer|
|m_axi_gmem1_ARCACHE    |  out|    4|       m_axi|             gmem1|       pointer|
|m_axi_gmem1_ARPROT     |  out|    3|       m_axi|             gmem1|       pointer|
|m_axi_gmem1_ARQOS      |  out|    4|       m_axi|             gmem1|       pointer|
|m_axi_gmem1_ARREGION   |  out|    4|       m_axi|             gmem1|       pointer|
|m_axi_gmem1_ARUSER     |  out|    1|       m_axi|             gmem1|       pointer|
|m_axi_gmem1_RVALID     |   in|    1|       m_axi|             gmem1|       pointer|
|m_axi_gmem1_RREADY     |  out|    1|       m_axi|             gmem1|       pointer|
|m_axi_gmem1_RDATA      |   in|   32|       m_axi|             gmem1|       pointer|
|m_axi_gmem1_RLAST      |   in|    1|       m_axi|             gmem1|       pointer|
|m_axi_gmem1_RID        |   in|    1|       m_axi|             gmem1|       pointer|
|m_axi_gmem1_RUSER      |   in|    1|       m_axi|             gmem1|       pointer|
|m_axi_gmem1_RRESP      |   in|    2|       m_axi|             gmem1|       pointer|
|m_axi_gmem1_BVALID     |   in|    1|       m_axi|             gmem1|       pointer|
|m_axi_gmem1_BREADY     |  out|    1|       m_axi|             gmem1|       pointer|
|m_axi_gmem1_BRESP      |   in|    2|       m_axi|             gmem1|       pointer|
|m_axi_gmem1_BID        |   in|    1|       m_axi|             gmem1|       pointer|
|m_axi_gmem1_BUSER      |   in|    1|       m_axi|             gmem1|       pointer|
|m_axi_gmem2_AWVALID    |  out|    1|       m_axi|             gmem2|       pointer|
|m_axi_gmem2_AWREADY    |   in|    1|       m_axi|             gmem2|       pointer|
|m_axi_gmem2_AWADDR     |  out|   64|       m_axi|             gmem2|       pointer|
|m_axi_gmem2_AWID       |  out|    1|       m_axi|             gmem2|       pointer|
|m_axi_gmem2_AWLEN      |  out|    8|       m_axi|             gmem2|       pointer|
|m_axi_gmem2_AWSIZE     |  out|    3|       m_axi|             gmem2|       pointer|
|m_axi_gmem2_AWBURST    |  out|    2|       m_axi|             gmem2|       pointer|
|m_axi_gmem2_AWLOCK     |  out|    2|       m_axi|             gmem2|       pointer|
|m_axi_gmem2_AWCACHE    |  out|    4|       m_axi|             gmem2|       pointer|
|m_axi_gmem2_AWPROT     |  out|    3|       m_axi|             gmem2|       pointer|
|m_axi_gmem2_AWQOS      |  out|    4|       m_axi|             gmem2|       pointer|
|m_axi_gmem2_AWREGION   |  out|    4|       m_axi|             gmem2|       pointer|
|m_axi_gmem2_AWUSER     |  out|    1|       m_axi|             gmem2|       pointer|
|m_axi_gmem2_WVALID     |  out|    1|       m_axi|             gmem2|       pointer|
|m_axi_gmem2_WREADY     |   in|    1|       m_axi|             gmem2|       pointer|
|m_axi_gmem2_WDATA      |  out|   32|       m_axi|             gmem2|       pointer|
|m_axi_gmem2_WSTRB      |  out|    4|       m_axi|             gmem2|       pointer|
|m_axi_gmem2_WLAST      |  out|    1|       m_axi|             gmem2|       pointer|
|m_axi_gmem2_WID        |  out|    1|       m_axi|             gmem2|       pointer|
|m_axi_gmem2_WUSER      |  out|    1|       m_axi|             gmem2|       pointer|
|m_axi_gmem2_ARVALID    |  out|    1|       m_axi|             gmem2|       pointer|
|m_axi_gmem2_ARREADY    |   in|    1|       m_axi|             gmem2|       pointer|
|m_axi_gmem2_ARADDR     |  out|   64|       m_axi|             gmem2|       pointer|
|m_axi_gmem2_ARID       |  out|    1|       m_axi|             gmem2|       pointer|
|m_axi_gmem2_ARLEN      |  out|    8|       m_axi|             gmem2|       pointer|
|m_axi_gmem2_ARSIZE     |  out|    3|       m_axi|             gmem2|       pointer|
|m_axi_gmem2_ARBURST    |  out|    2|       m_axi|             gmem2|       pointer|
|m_axi_gmem2_ARLOCK     |  out|    2|       m_axi|             gmem2|       pointer|
|m_axi_gmem2_ARCACHE    |  out|    4|       m_axi|             gmem2|       pointer|
|m_axi_gmem2_ARPROT     |  out|    3|       m_axi|             gmem2|       pointer|
|m_axi_gmem2_ARQOS      |  out|    4|       m_axi|             gmem2|       pointer|
|m_axi_gmem2_ARREGION   |  out|    4|       m_axi|             gmem2|       pointer|
|m_axi_gmem2_ARUSER     |  out|    1|       m_axi|             gmem2|       pointer|
|m_axi_gmem2_RVALID     |   in|    1|       m_axi|             gmem2|       pointer|
|m_axi_gmem2_RREADY     |  out|    1|       m_axi|             gmem2|       pointer|
|m_axi_gmem2_RDATA      |   in|   32|       m_axi|             gmem2|       pointer|
|m_axi_gmem2_RLAST      |   in|    1|       m_axi|             gmem2|       pointer|
|m_axi_gmem2_RID        |   in|    1|       m_axi|             gmem2|       pointer|
|m_axi_gmem2_RUSER      |   in|    1|       m_axi|             gmem2|       pointer|
|m_axi_gmem2_RRESP      |   in|    2|       m_axi|             gmem2|       pointer|
|m_axi_gmem2_BVALID     |   in|    1|       m_axi|             gmem2|       pointer|
|m_axi_gmem2_BREADY     |  out|    1|       m_axi|             gmem2|       pointer|
|m_axi_gmem2_BRESP      |   in|    2|       m_axi|             gmem2|       pointer|
|m_axi_gmem2_BID        |   in|    1|       m_axi|             gmem2|       pointer|
|m_axi_gmem2_BUSER      |   in|    1|       m_axi|             gmem2|       pointer|
|m_axi_gmem3_AWVALID    |  out|    1|       m_axi|             gmem3|       pointer|
|m_axi_gmem3_AWREADY    |   in|    1|       m_axi|             gmem3|       pointer|
|m_axi_gmem3_AWADDR     |  out|   64|       m_axi|             gmem3|       pointer|
|m_axi_gmem3_AWID       |  out|    1|       m_axi|             gmem3|       pointer|
|m_axi_gmem3_AWLEN      |  out|    8|       m_axi|             gmem3|       pointer|
|m_axi_gmem3_AWSIZE     |  out|    3|       m_axi|             gmem3|       pointer|
|m_axi_gmem3_AWBURST    |  out|    2|       m_axi|             gmem3|       pointer|
|m_axi_gmem3_AWLOCK     |  out|    2|       m_axi|             gmem3|       pointer|
|m_axi_gmem3_AWCACHE    |  out|    4|       m_axi|             gmem3|       pointer|
|m_axi_gmem3_AWPROT     |  out|    3|       m_axi|             gmem3|       pointer|
|m_axi_gmem3_AWQOS      |  out|    4|       m_axi|             gmem3|       pointer|
|m_axi_gmem3_AWREGION   |  out|    4|       m_axi|             gmem3|       pointer|
|m_axi_gmem3_AWUSER     |  out|    1|       m_axi|             gmem3|       pointer|
|m_axi_gmem3_WVALID     |  out|    1|       m_axi|             gmem3|       pointer|
|m_axi_gmem3_WREADY     |   in|    1|       m_axi|             gmem3|       pointer|
|m_axi_gmem3_WDATA      |  out|   32|       m_axi|             gmem3|       pointer|
|m_axi_gmem3_WSTRB      |  out|    4|       m_axi|             gmem3|       pointer|
|m_axi_gmem3_WLAST      |  out|    1|       m_axi|             gmem3|       pointer|
|m_axi_gmem3_WID        |  out|    1|       m_axi|             gmem3|       pointer|
|m_axi_gmem3_WUSER      |  out|    1|       m_axi|             gmem3|       pointer|
|m_axi_gmem3_ARVALID    |  out|    1|       m_axi|             gmem3|       pointer|
|m_axi_gmem3_ARREADY    |   in|    1|       m_axi|             gmem3|       pointer|
|m_axi_gmem3_ARADDR     |  out|   64|       m_axi|             gmem3|       pointer|
|m_axi_gmem3_ARID       |  out|    1|       m_axi|             gmem3|       pointer|
|m_axi_gmem3_ARLEN      |  out|    8|       m_axi|             gmem3|       pointer|
|m_axi_gmem3_ARSIZE     |  out|    3|       m_axi|             gmem3|       pointer|
|m_axi_gmem3_ARBURST    |  out|    2|       m_axi|             gmem3|       pointer|
|m_axi_gmem3_ARLOCK     |  out|    2|       m_axi|             gmem3|       pointer|
|m_axi_gmem3_ARCACHE    |  out|    4|       m_axi|             gmem3|       pointer|
|m_axi_gmem3_ARPROT     |  out|    3|       m_axi|             gmem3|       pointer|
|m_axi_gmem3_ARQOS      |  out|    4|       m_axi|             gmem3|       pointer|
|m_axi_gmem3_ARREGION   |  out|    4|       m_axi|             gmem3|       pointer|
|m_axi_gmem3_ARUSER     |  out|    1|       m_axi|             gmem3|       pointer|
|m_axi_gmem3_RVALID     |   in|    1|       m_axi|             gmem3|       pointer|
|m_axi_gmem3_RREADY     |  out|    1|       m_axi|             gmem3|       pointer|
|m_axi_gmem3_RDATA      |   in|   32|       m_axi|             gmem3|       pointer|
|m_axi_gmem3_RLAST      |   in|    1|       m_axi|             gmem3|       pointer|
|m_axi_gmem3_RID        |   in|    1|       m_axi|             gmem3|       pointer|
|m_axi_gmem3_RUSER      |   in|    1|       m_axi|             gmem3|       pointer|
|m_axi_gmem3_RRESP      |   in|    2|       m_axi|             gmem3|       pointer|
|m_axi_gmem3_BVALID     |   in|    1|       m_axi|             gmem3|       pointer|
|m_axi_gmem3_BREADY     |  out|    1|       m_axi|             gmem3|       pointer|
|m_axi_gmem3_BRESP      |   in|    2|       m_axi|             gmem3|       pointer|
|m_axi_gmem3_BID        |   in|    1|       m_axi|             gmem3|       pointer|
|m_axi_gmem3_BUSER      |   in|    1|       m_axi|             gmem3|       pointer|
|m_axi_gmem4_AWVALID    |  out|    1|       m_axi|             gmem4|       pointer|
|m_axi_gmem4_AWREADY    |   in|    1|       m_axi|             gmem4|       pointer|
|m_axi_gmem4_AWADDR     |  out|   64|       m_axi|             gmem4|       pointer|
|m_axi_gmem4_AWID       |  out|    1|       m_axi|             gmem4|       pointer|
|m_axi_gmem4_AWLEN      |  out|    8|       m_axi|             gmem4|       pointer|
|m_axi_gmem4_AWSIZE     |  out|    3|       m_axi|             gmem4|       pointer|
|m_axi_gmem4_AWBURST    |  out|    2|       m_axi|             gmem4|       pointer|
|m_axi_gmem4_AWLOCK     |  out|    2|       m_axi|             gmem4|       pointer|
|m_axi_gmem4_AWCACHE    |  out|    4|       m_axi|             gmem4|       pointer|
|m_axi_gmem4_AWPROT     |  out|    3|       m_axi|             gmem4|       pointer|
|m_axi_gmem4_AWQOS      |  out|    4|       m_axi|             gmem4|       pointer|
|m_axi_gmem4_AWREGION   |  out|    4|       m_axi|             gmem4|       pointer|
|m_axi_gmem4_AWUSER     |  out|    1|       m_axi|             gmem4|       pointer|
|m_axi_gmem4_WVALID     |  out|    1|       m_axi|             gmem4|       pointer|
|m_axi_gmem4_WREADY     |   in|    1|       m_axi|             gmem4|       pointer|
|m_axi_gmem4_WDATA      |  out|   32|       m_axi|             gmem4|       pointer|
|m_axi_gmem4_WSTRB      |  out|    4|       m_axi|             gmem4|       pointer|
|m_axi_gmem4_WLAST      |  out|    1|       m_axi|             gmem4|       pointer|
|m_axi_gmem4_WID        |  out|    1|       m_axi|             gmem4|       pointer|
|m_axi_gmem4_WUSER      |  out|    1|       m_axi|             gmem4|       pointer|
|m_axi_gmem4_ARVALID    |  out|    1|       m_axi|             gmem4|       pointer|
|m_axi_gmem4_ARREADY    |   in|    1|       m_axi|             gmem4|       pointer|
|m_axi_gmem4_ARADDR     |  out|   64|       m_axi|             gmem4|       pointer|
|m_axi_gmem4_ARID       |  out|    1|       m_axi|             gmem4|       pointer|
|m_axi_gmem4_ARLEN      |  out|    8|       m_axi|             gmem4|       pointer|
|m_axi_gmem4_ARSIZE     |  out|    3|       m_axi|             gmem4|       pointer|
|m_axi_gmem4_ARBURST    |  out|    2|       m_axi|             gmem4|       pointer|
|m_axi_gmem4_ARLOCK     |  out|    2|       m_axi|             gmem4|       pointer|
|m_axi_gmem4_ARCACHE    |  out|    4|       m_axi|             gmem4|       pointer|
|m_axi_gmem4_ARPROT     |  out|    3|       m_axi|             gmem4|       pointer|
|m_axi_gmem4_ARQOS      |  out|    4|       m_axi|             gmem4|       pointer|
|m_axi_gmem4_ARREGION   |  out|    4|       m_axi|             gmem4|       pointer|
|m_axi_gmem4_ARUSER     |  out|    1|       m_axi|             gmem4|       pointer|
|m_axi_gmem4_RVALID     |   in|    1|       m_axi|             gmem4|       pointer|
|m_axi_gmem4_RREADY     |  out|    1|       m_axi|             gmem4|       pointer|
|m_axi_gmem4_RDATA      |   in|   32|       m_axi|             gmem4|       pointer|
|m_axi_gmem4_RLAST      |   in|    1|       m_axi|             gmem4|       pointer|
|m_axi_gmem4_RID        |   in|    1|       m_axi|             gmem4|       pointer|
|m_axi_gmem4_RUSER      |   in|    1|       m_axi|             gmem4|       pointer|
|m_axi_gmem4_RRESP      |   in|    2|       m_axi|             gmem4|       pointer|
|m_axi_gmem4_BVALID     |   in|    1|       m_axi|             gmem4|       pointer|
|m_axi_gmem4_BREADY     |  out|    1|       m_axi|             gmem4|       pointer|
|m_axi_gmem4_BRESP      |   in|    2|       m_axi|             gmem4|       pointer|
|m_axi_gmem4_BID        |   in|    1|       m_axi|             gmem4|       pointer|
|m_axi_gmem4_BUSER      |   in|    1|       m_axi|             gmem4|       pointer|
+-----------------------+-----+-----+------------+------------------+--------------+

